== add-01 fwd ==
== [1/4] 编译 add-01（套件 6f7f47b）==
make: Entering directory '/e/Projects/FPGA-Alittle-Design/sim/arch_test/suite'

============================ VARIABLE INFO ==================================
ROOTDIR: /e/Projects/FPGA-Alittle-Design/sim/arch_test/suite [origin: file]
WORK: /e/Projects/FPGA-Alittle-Design/sim/build/arch_test [origin: command line]
TARGETDIR: /e/Projects/FPGA-Alittle-Design/sim/arch_test/target [origin: command line]
RISCV_TARGET: pynq_z2_v0 [origin: command line]
XLEN: 32 [origin: command line]
RISCV_DEVICE: I [origin: command line]
=============================================================================

make -j1 \
	RISCV_TARGET=pynq_z2_v0 \
	RISCV_DEVICE=I \
	compile -C /e/Projects/FPGA-Alittle-Design/sim/arch_test/suite/riscv-test-suite/rv32i_m/I
make[1]: Entering directory '/e/Projects/FPGA-Alittle-Design/sim/arch_test/suite/riscv-test-suite/rv32i_m/I'
make[1]: Nothing to be done for 'compile'.
make[1]: Leaving directory '/e/Projects/FPGA-Alittle-Design/sim/arch_test/suite/riscv-test-suite/rv32i_m/I'
make: Leaving directory '/e/Projects/FPGA-Alittle-Design/sim/arch_test/suite'
== [2/4] 提取签名符号与参考 ==
签名区 80003250..80003b80（588 字），参考 588 行
== [3/4] 镜像转换（bin -> hex）==
E:/Projects/FPGA-Alittle-Design/sim/build/arch_test/add-01.bin -> E:/Projects/FPGA-Alittle-Design/sim/build/arch_test/add-01.hex: 15244 bytes, 3811 words (32-bit little-endian)
== [4/4] 仿真与签名比对（200000 周期）==
WARNING: E:/Projects/FPGA-Alittle-Design/sim/riscv/tb_arch_test.v:94: $readmemh(build/arch_test/add-01.hex): Not enough words in the file for the requested range [0:8191].
WARNING: E:/Projects/FPGA-Alittle-Design/sim/riscv/tb_arch_test.v:95: $readmemh(build/arch_test/add-01.hex): Not enough words in the file for the requested range [0:8191].
WARNING: E:/Projects/FPGA-Alittle-Design/sim/riscv/tb_arch_test.v:96: $readmemh(build/arch_test/ref_clean.txt): Not enough words in the file for the requested range [0:8191].
== arch-test add-01-fwd: 预载完成，运行 200000 周期 ==
PASS: add-01-fwd signature 588 words match reference
E:/Projects/FPGA-Alittle-Design/sim/riscv/tb_arch_test.v:122: $finish called at 2000075000 (1ps)
签名输出：/e/Projects/FPGA-Alittle-Design/sim/build/arch_test/rv32i_m/I/add-01.fwd.signature.output
== add-01 nofwd ==
== [1/4] 编译 add-01（套件 6f7f47b）==
make: Entering directory '/e/Projects/FPGA-Alittle-Design/sim/arch_test/suite'

============================ VARIABLE INFO ==================================
ROOTDIR: /e/Projects/FPGA-Alittle-Design/sim/arch_test/suite [origin: file]
WORK: /e/Projects/FPGA-Alittle-Design/sim/build/arch_test [origin: command line]
TARGETDIR: /e/Projects/FPGA-Alittle-Design/sim/arch_test/target [origin: command line]
RISCV_TARGET: pynq_z2_v0 [origin: command line]
XLEN: 32 [origin: command line]
RISCV_DEVICE: I [origin: command line]
=============================================================================

make -j1 \
	RISCV_TARGET=pynq_z2_v0 \
	RISCV_DEVICE=I \
	compile -C /e/Projects/FPGA-Alittle-Design/sim/arch_test/suite/riscv-test-suite/rv32i_m/I
make[1]: Entering directory '/e/Projects/FPGA-Alittle-Design/sim/arch_test/suite/riscv-test-suite/rv32i_m/I'
make[1]: Nothing to be done for 'compile'.
make[1]: Leaving directory '/e/Projects/FPGA-Alittle-Design/sim/arch_test/suite/riscv-test-suite/rv32i_m/I'
make: Leaving directory '/e/Projects/FPGA-Alittle-Design/sim/arch_test/suite'
== [2/4] 提取签名符号与参考 ==
签名区 80003250..80003b80（588 字），参考 588 行
== [3/4] 镜像转换（bin -> hex）==
E:/Projects/FPGA-Alittle-Design/sim/build/arch_test/add-01.bin -> E:/Projects/FPGA-Alittle-Design/sim/build/arch_test/add-01.hex: 15244 bytes, 3811 words (32-bit little-endian)
== [4/4] 仿真与签名比对（200000 周期）==
WARNING: E:/Projects/FPGA-Alittle-Design/sim/riscv/tb_arch_test.v:94: $readmemh(build/arch_test/add-01.hex): Not enough words in the file for the requested range [0:8191].
WARNING: E:/Projects/FPGA-Alittle-Design/sim/riscv/tb_arch_test.v:95: $readmemh(build/arch_test/add-01.hex): Not enough words in the file for the requested range [0:8191].
WARNING: E:/Projects/FPGA-Alittle-Design/sim/riscv/tb_arch_test.v:96: $readmemh(build/arch_test/ref_clean.txt): Not enough words in the file for the requested range [0:8191].
== arch-test add-01-nofwd: 预载完成，运行 200000 周期 ==
PASS: add-01-nofwd signature 588 words match reference
E:/Projects/FPGA-Alittle-Design/sim/riscv/tb_arch_test.v:122: $finish called at 2000075000 (1ps)
签名输出：/e/Projects/FPGA-Alittle-Design/sim/build/arch_test/rv32i_m/I/add-01.nofwd.signature.output
== add-01 bht1 ==
== [1/4] 编译 add-01（套件 6f7f47b）==
make: Entering directory '/e/Projects/FPGA-Alittle-Design/sim/arch_test/suite'

============================ VARIABLE INFO ==================================
ROOTDIR: /e/Projects/FPGA-Alittle-Design/sim/arch_test/suite [origin: file]
WORK: /e/Projects/FPGA-Alittle-Design/sim/build/arch_test [origin: command line]
TARGETDIR: /e/Projects/FPGA-Alittle-Design/sim/arch_test/target [origin: command line]
RISCV_TARGET: pynq_z2_v0 [origin: command line]
XLEN: 32 [origin: command line]
RISCV_DEVICE: I [origin: command line]
=============================================================================

make -j1 \
	RISCV_TARGET=pynq_z2_v0 \
	RISCV_DEVICE=I \
	compile -C /e/Projects/FPGA-Alittle-Design/sim/arch_test/suite/riscv-test-suite/rv32i_m/I
make[1]: Entering directory '/e/Projects/FPGA-Alittle-Design/sim/arch_test/suite/riscv-test-suite/rv32i_m/I'
make[1]: Nothing to be done for 'compile'.
make[1]: Leaving directory '/e/Projects/FPGA-Alittle-Design/sim/arch_test/suite/riscv-test-suite/rv32i_m/I'
make: Leaving directory '/e/Projects/FPGA-Alittle-Design/sim/arch_test/suite'
== [2/4] 提取签名符号与参考 ==
签名区 80003250..80003b80（588 字），参考 588 行
== [3/4] 镜像转换（bin -> hex）==
E:/Projects/FPGA-Alittle-Design/sim/build/arch_test/add-01.bin -> E:/Projects/FPGA-Alittle-Design/sim/build/arch_test/add-01.hex: 15244 bytes, 3811 words (32-bit little-endian)
== [4/4] 仿真与签名比对（200000 周期）==
WARNING: E:/Projects/FPGA-Alittle-Design/sim/riscv/tb_arch_test.v:94: $readmemh(build/arch_test/add-01.hex): Not enough words in the file for the requested range [0:8191].
WARNING: E:/Projects/FPGA-Alittle-Design/sim/riscv/tb_arch_test.v:95: $readmemh(build/arch_test/add-01.hex): Not enough words in the file for the requested range [0:8191].
WARNING: E:/Projects/FPGA-Alittle-Design/sim/riscv/tb_arch_test.v:96: $readmemh(build/arch_test/ref_clean.txt): Not enough words in the file for the requested range [0:8191].
== arch-test add-01-bht1: 预载完成，运行 200000 周期 ==
PASS: add-01-bht1 signature 588 words match reference
E:/Projects/FPGA-Alittle-Design/sim/riscv/tb_arch_test.v:122: $finish called at 2000075000 (1ps)
签名输出：/e/Projects/FPGA-Alittle-Design/sim/build/arch_test/rv32i_m/I/add-01.bht1.signature.output
== add-01 bht2 ==
== [1/4] 编译 add-01（套件 6f7f47b）==
make: Entering directory '/e/Projects/FPGA-Alittle-Design/sim/arch_test/suite'

============================ VARIABLE INFO ==================================
ROOTDIR: /e/Projects/FPGA-Alittle-Design/sim/arch_test/suite [origin: file]
WORK: /e/Projects/FPGA-Alittle-Design/sim/build/arch_test [origin: command line]
TARGETDIR: /e/Projects/FPGA-Alittle-Design/sim/arch_test/target [origin: command line]
RISCV_TARGET: pynq_z2_v0 [origin: command line]
XLEN: 32 [origin: command line]
RISCV_DEVICE: I [origin: command line]
=============================================================================

make -j1 \
	RISCV_TARGET=pynq_z2_v0 \
	RISCV_DEVICE=I \
	compile -C /e/Projects/FPGA-Alittle-Design/sim/arch_test/suite/riscv-test-suite/rv32i_m/I
make[1]: Entering directory '/e/Projects/FPGA-Alittle-Design/sim/arch_test/suite/riscv-test-suite/rv32i_m/I'
make[1]: Nothing to be done for 'compile'.
make[1]: Leaving directory '/e/Projects/FPGA-Alittle-Design/sim/arch_test/suite/riscv-test-suite/rv32i_m/I'
make: Leaving directory '/e/Projects/FPGA-Alittle-Design/sim/arch_test/suite'
== [2/4] 提取签名符号与参考 ==
签名区 80003250..80003b80（588 字），参考 588 行
== [3/4] 镜像转换（bin -> hex）==
E:/Projects/FPGA-Alittle-Design/sim/build/arch_test/add-01.bin -> E:/Projects/FPGA-Alittle-Design/sim/build/arch_test/add-01.hex: 15244 bytes, 3811 words (32-bit little-endian)
== [4/4] 仿真与签名比对（200000 周期）==
WARNING: E:/Projects/FPGA-Alittle-Design/sim/riscv/tb_arch_test.v:94: $readmemh(build/arch_test/add-01.hex): Not enough words in the file for the requested range [0:8191].
WARNING: E:/Projects/FPGA-Alittle-Design/sim/riscv/tb_arch_test.v:95: $readmemh(build/arch_test/add-01.hex): Not enough words in the file for the requested range [0:8191].
WARNING: E:/Projects/FPGA-Alittle-Design/sim/riscv/tb_arch_test.v:96: $readmemh(build/arch_test/ref_clean.txt): Not enough words in the file for the requested range [0:8191].
== arch-test add-01-bht2: 预载完成，运行 200000 周期 ==
PASS: add-01-bht2 signature 588 words match reference
E:/Projects/FPGA-Alittle-Design/sim/riscv/tb_arch_test.v:122: $finish called at 2000075000 (1ps)
签名输出：/e/Projects/FPGA-Alittle-Design/sim/build/arch_test/rv32i_m/I/add-01.bht2.signature.output
PASS: add-01 four profiles match golden and each other
== addi-01 fwd ==
== [1/4] 编译 addi-01（套件 6f7f47b）==
make: Entering directory '/e/Projects/FPGA-Alittle-Design/sim/arch_test/suite'

============================ VARIABLE INFO ==================================
ROOTDIR: /e/Projects/FPGA-Alittle-Design/sim/arch_test/suite [origin: file]
WORK: /e/Projects/FPGA-Alittle-Design/sim/build/arch_test [origin: command line]
TARGETDIR: /e/Projects/FPGA-Alittle-Design/sim/arch_test/target [origin: command line]
RISCV_TARGET: pynq_z2_v0 [origin: command line]
XLEN: 32 [origin: command line]
RISCV_DEVICE: I [origin: command line]
=============================================================================

make -j1 \
	RISCV_TARGET=pynq_z2_v0 \
	RISCV_DEVICE=I \
	compile -C /e/Projects/FPGA-Alittle-Design/sim/arch_test/suite/riscv-test-suite/rv32i_m/I
make[1]: Entering directory '/e/Projects/FPGA-Alittle-Design/sim/arch_test/suite/riscv-test-suite/rv32i_m/I'
make[1]: Nothing to be done for 'compile'.
make[1]: Leaving directory '/e/Projects/FPGA-Alittle-Design/sim/arch_test/suite/riscv-test-suite/rv32i_m/I'
make: Leaving directory '/e/Projects/FPGA-Alittle-Design/sim/arch_test/suite'
== [2/4] 提取签名符号与参考 ==
签名区 80002190..80002a60（564 字），参考 564 行
== [3/4] 镜像转换（bin -> hex）==
E:/Projects/FPGA-Alittle-Design/sim/build/arch_test/addi-01.bin -> E:/Projects/FPGA-Alittle-Design/sim/build/arch_test/addi-01.hex: 10860 bytes, 2715 words (32-bit little-endian)
== [4/4] 仿真与签名比对（200000 周期）==
WARNING: E:/Projects/FPGA-Alittle-Design/sim/riscv/tb_arch_test.v:94: $readmemh(build/arch_test/addi-01.hex): Not enough words in the file for the requested range [0:8191].
WARNING: E:/Projects/FPGA-Alittle-Design/sim/riscv/tb_arch_test.v:95: $readmemh(build/arch_test/addi-01.hex): Not enough words in the file for the requested range [0:8191].
WARNING: E:/Projects/FPGA-Alittle-Design/sim/riscv/tb_arch_test.v:96: $readmemh(build/arch_test/ref_clean.txt): Not enough words in the file for the requested range [0:8191].
== arch-test addi-01-fwd: 预载完成，运行 200000 周期 ==
PASS: addi-01-fwd signature 564 words match reference
E:/Projects/FPGA-Alittle-Design/sim/riscv/tb_arch_test.v:122: $finish called at 2000075000 (1ps)
签名输出：/e/Projects/FPGA-Alittle-Design/sim/build/arch_test/rv32i_m/I/addi-01.fwd.signature.output
== addi-01 nofwd ==
== [1/4] 编译 addi-01（套件 6f7f47b）==
make: Entering directory '/e/Projects/FPGA-Alittle-Design/sim/arch_test/suite'

============================ VARIABLE INFO ==================================
ROOTDIR: /e/Projects/FPGA-Alittle-Design/sim/arch_test/suite [origin: file]
WORK: /e/Projects/FPGA-Alittle-Design/sim/build/arch_test [origin: command line]
TARGETDIR: /e/Projects/FPGA-Alittle-Design/sim/arch_test/target [origin: command line]
RISCV_TARGET: pynq_z2_v0 [origin: command line]
XLEN: 32 [origin: command line]
RISCV_DEVICE: I [origin: command line]
=============================================================================

make -j1 \
	RISCV_TARGET=pynq_z2_v0 \
	RISCV_DEVICE=I \
	compile -C /e/Projects/FPGA-Alittle-Design/sim/arch_test/suite/riscv-test-suite/rv32i_m/I
make[1]: Entering directory '/e/Projects/FPGA-Alittle-Design/sim/arch_test/suite/riscv-test-suite/rv32i_m/I'
make[1]: Nothing to be done for 'compile'.
make[1]: Leaving directory '/e/Projects/FPGA-Alittle-Design/sim/arch_test/suite/riscv-test-suite/rv32i_m/I'
make: Leaving directory '/e/Projects/FPGA-Alittle-Design/sim/arch_test/suite'
== [2/4] 提取签名符号与参考 ==
签名区 80002190..80002a60（564 字），参考 564 行
== [3/4] 镜像转换（bin -> hex）==
E:/Projects/FPGA-Alittle-Design/sim/build/arch_test/addi-01.bin -> E:/Projects/FPGA-Alittle-Design/sim/build/arch_test/addi-01.hex: 10860 bytes, 2715 words (32-bit little-endian)
== [4/4] 仿真与签名比对（200000 周期）==
WARNING: E:/Projects/FPGA-Alittle-Design/sim/riscv/tb_arch_test.v:94: $readmemh(build/arch_test/addi-01.hex): Not enough words in the file for the requested range [0:8191].
WARNING: E:/Projects/FPGA-Alittle-Design/sim/riscv/tb_arch_test.v:95: $readmemh(build/arch_test/addi-01.hex): Not enough words in the file for the requested range [0:8191].
WARNING: E:/Projects/FPGA-Alittle-Design/sim/riscv/tb_arch_test.v:96: $readmemh(build/arch_test/ref_clean.txt): Not enough words in the file for the requested range [0:8191].
== arch-test addi-01-nofwd: 预载完成，运行 200000 周期 ==
PASS: addi-01-nofwd signature 564 words match reference
E:/Projects/FPGA-Alittle-Design/sim/riscv/tb_arch_test.v:122: $finish called at 2000075000 (1ps)
签名输出：/e/Projects/FPGA-Alittle-Design/sim/build/arch_test/rv32i_m/I/addi-01.nofwd.signature.output
== addi-01 bht1 ==
== [1/4] 编译 addi-01（套件 6f7f47b）==
make: Entering directory '/e/Projects/FPGA-Alittle-Design/sim/arch_test/suite'

============================ VARIABLE INFO ==================================
ROOTDIR: /e/Projects/FPGA-Alittle-Design/sim/arch_test/suite [origin: file]
WORK: /e/Projects/FPGA-Alittle-Design/sim/build/arch_test [origin: command line]
TARGETDIR: /e/Projects/FPGA-Alittle-Design/sim/arch_test/target [origin: command line]
RISCV_TARGET: pynq_z2_v0 [origin: command line]
XLEN: 32 [origin: command line]
RISCV_DEVICE: I [origin: command line]
=============================================================================

make -j1 \
	RISCV_TARGET=pynq_z2_v0 \
	RISCV_DEVICE=I \
	compile -C /e/Projects/FPGA-Alittle-Design/sim/arch_test/suite/riscv-test-suite/rv32i_m/I
make[1]: Entering directory '/e/Projects/FPGA-Alittle-Design/sim/arch_test/suite/riscv-test-suite/rv32i_m/I'
make[1]: Nothing to be done for 'compile'.
make[1]: Leaving directory '/e/Projects/FPGA-Alittle-Design/sim/arch_test/suite/riscv-test-suite/rv32i_m/I'
make: Leaving directory '/e/Projects/FPGA-Alittle-Design/sim/arch_test/suite'
== [2/4] 提取签名符号与参考 ==
签名区 80002190..80002a60（564 字），参考 564 行
== [3/4] 镜像转换（bin -> hex）==
E:/Projects/FPGA-Alittle-Design/sim/build/arch_test/addi-01.bin -> E:/Projects/FPGA-Alittle-Design/sim/build/arch_test/addi-01.hex: 10860 bytes, 2715 words (32-bit little-endian)
== [4/4] 仿真与签名比对（200000 周期）==
WARNING: E:/Projects/FPGA-Alittle-Design/sim/riscv/tb_arch_test.v:94: $readmemh(build/arch_test/addi-01.hex): Not enough words in the file for the requested range [0:8191].
WARNING: E:/Projects/FPGA-Alittle-Design/sim/riscv/tb_arch_test.v:95: $readmemh(build/arch_test/addi-01.hex): Not enough words in the file for the requested range [0:8191].
WARNING: E:/Projects/FPGA-Alittle-Design/sim/riscv/tb_arch_test.v:96: $readmemh(build/arch_test/ref_clean.txt): Not enough words in the file for the requested range [0:8191].
== arch-test addi-01-bht1: 预载完成，运行 200000 周期 ==
PASS: addi-01-bht1 signature 564 words match reference
E:/Projects/FPGA-Alittle-Design/sim/riscv/tb_arch_test.v:122: $finish called at 2000075000 (1ps)
签名输出：/e/Projects/FPGA-Alittle-Design/sim/build/arch_test/rv32i_m/I/addi-01.bht1.signature.output
== addi-01 bht2 ==
== [1/4] 编译 addi-01（套件 6f7f47b）==
make: Entering directory '/e/Projects/FPGA-Alittle-Design/sim/arch_test/suite'

============================ VARIABLE INFO ==================================
ROOTDIR: /e/Projects/FPGA-Alittle-Design/sim/arch_test/suite [origin: file]
WORK: /e/Projects/FPGA-Alittle-Design/sim/build/arch_test [origin: command line]
TARGETDIR: /e/Projects/FPGA-Alittle-Design/sim/arch_test/target [origin: command line]
RISCV_TARGET: pynq_z2_v0 [origin: command line]
XLEN: 32 [origin: command line]
RISCV_DEVICE: I [origin: command line]
=============================================================================

make -j1 \
	RISCV_TARGET=pynq_z2_v0 \
	RISCV_DEVICE=I \
	compile -C /e/Projects/FPGA-Alittle-Design/sim/arch_test/suite/riscv-test-suite/rv32i_m/I
make[1]: Entering directory '/e/Projects/FPGA-Alittle-Design/sim/arch_test/suite/riscv-test-suite/rv32i_m/I'
make[1]: Nothing to be done for 'compile'.
make[1]: Leaving directory '/e/Projects/FPGA-Alittle-Design/sim/arch_test/suite/riscv-test-suite/rv32i_m/I'
make: Leaving directory '/e/Projects/FPGA-Alittle-Design/sim/arch_test/suite'
== [2/4] 提取签名符号与参考 ==
签名区 80002190..80002a60（564 字），参考 564 行
== [3/4] 镜像转换（bin -> hex）==
E:/Projects/FPGA-Alittle-Design/sim/build/arch_test/addi-01.bin -> E:/Projects/FPGA-Alittle-Design/sim/build/arch_test/addi-01.hex: 10860 bytes, 2715 words (32-bit little-endian)
== [4/4] 仿真与签名比对（200000 周期）==
WARNING: E:/Projects/FPGA-Alittle-Design/sim/riscv/tb_arch_test.v:94: $readmemh(build/arch_test/addi-01.hex): Not enough words in the file for the requested range [0:8191].
WARNING: E:/Projects/FPGA-Alittle-Design/sim/riscv/tb_arch_test.v:95: $readmemh(build/arch_test/addi-01.hex): Not enough words in the file for the requested range [0:8191].
WARNING: E:/Projects/FPGA-Alittle-Design/sim/riscv/tb_arch_test.v:96: $readmemh(build/arch_test/ref_clean.txt): Not enough words in the file for the requested range [0:8191].
== arch-test addi-01-bht2: 预载完成，运行 200000 周期 ==
PASS: addi-01-bht2 signature 564 words match reference
E:/Projects/FPGA-Alittle-Design/sim/riscv/tb_arch_test.v:122: $finish called at 2000075000 (1ps)
签名输出：/e/Projects/FPGA-Alittle-Design/sim/build/arch_test/rv32i_m/I/addi-01.bht2.signature.output
PASS: addi-01 four profiles match golden and each other
== and-01 fwd ==
== [1/4] 编译 and-01（套件 6f7f47b）==
make: Entering directory '/e/Projects/FPGA-Alittle-Design/sim/arch_test/suite'

============================ VARIABLE INFO ==================================
ROOTDIR: /e/Projects/FPGA-Alittle-Design/sim/arch_test/suite [origin: file]
WORK: /e/Projects/FPGA-Alittle-Design/sim/build/arch_test [origin: command line]
TARGETDIR: /e/Projects/FPGA-Alittle-Design/sim/arch_test/target [origin: command line]
RISCV_TARGET: pynq_z2_v0 [origin: command line]
XLEN: 32 [origin: command line]
RISCV_DEVICE: I [origin: command line]
=============================================================================

make -j1 \
	RISCV_TARGET=pynq_z2_v0 \
	RISCV_DEVICE=I \
	compile -C /e/Projects/FPGA-Alittle-Design/sim/arch_test/suite/riscv-test-suite/rv32i_m/I
make[1]: Entering directory '/e/Projects/FPGA-Alittle-Design/sim/arch_test/suite/riscv-test-suite/rv32i_m/I'
make[1]: Nothing to be done for 'compile'.
make[1]: Leaving directory '/e/Projects/FPGA-Alittle-Design/sim/arch_test/suite/riscv-test-suite/rv32i_m/I'
make: Leaving directory '/e/Projects/FPGA-Alittle-Design/sim/arch_test/suite'
== [2/4] 提取签名符号与参考 ==
签名区 800031f0..80003b10（584 字），参考 584 行
== [3/4] 镜像转换（bin -> hex）==
E:/Projects/FPGA-Alittle-Design/sim/build/arch_test/and-01.bin -> E:/Projects/FPGA-Alittle-Design/sim/build/arch_test/and-01.hex: 15132 bytes, 3783 words (32-bit little-endian)
== [4/4] 仿真与签名比对（200000 周期）==
WARNING: E:/Projects/FPGA-Alittle-Design/sim/riscv/tb_arch_test.v:94: $readmemh(build/arch_test/and-01.hex): Not enough words in the file for the requested range [0:8191].
WARNING: E:/Projects/FPGA-Alittle-Design/sim/riscv/tb_arch_test.v:95: $readmemh(build/arch_test/and-01.hex): Not enough words in the file for the requested range [0:8191].
WARNING: E:/Projects/FPGA-Alittle-Design/sim/riscv/tb_arch_test.v:96: $readmemh(build/arch_test/ref_clean.txt): Not enough words in the file for the requested range [0:8191].
== arch-test and-01-fwd: 预载完成，运行 200000 周期 ==
PASS: and-01-fwd signature 584 words match reference
E:/Projects/FPGA-Alittle-Design/sim/riscv/tb_arch_test.v:122: $finish called at 2000075000 (1ps)
签名输出：/e/Projects/FPGA-Alittle-Design/sim/build/arch_test/rv32i_m/I/and-01.fwd.signature.output
== and-01 nofwd ==
== [1/4] 编译 and-01（套件 6f7f47b）==
make: Entering directory '/e/Projects/FPGA-Alittle-Design/sim/arch_test/suite'

============================ VARIABLE INFO ==================================
ROOTDIR: /e/Projects/FPGA-Alittle-Design/sim/arch_test/suite [origin: file]
WORK: /e/Projects/FPGA-Alittle-Design/sim/build/arch_test [origin: command line]
TARGETDIR: /e/Projects/FPGA-Alittle-Design/sim/arch_test/target [origin: command line]
RISCV_TARGET: pynq_z2_v0 [origin: command line]
XLEN: 32 [origin: command line]
RISCV_DEVICE: I [origin: command line]
=============================================================================

make -j1 \
	RISCV_TARGET=pynq_z2_v0 \
	RISCV_DEVICE=I \
	compile -C /e/Projects/FPGA-Alittle-Design/sim/arch_test/suite/riscv-test-suite/rv32i_m/I
make[1]: Entering directory '/e/Projects/FPGA-Alittle-Design/sim/arch_test/suite/riscv-test-suite/rv32i_m/I'
make[1]: Nothing to be done for 'compile'.
make[1]: Leaving directory '/e/Projects/FPGA-Alittle-Design/sim/arch_test/suite/riscv-test-suite/rv32i_m/I'
make: Leaving directory '/e/Projects/FPGA-Alittle-Design/sim/arch_test/suite'
== [2/4] 提取签名符号与参考 ==
签名区 800031f0..80003b10（584 字），参考 584 行
== [3/4] 镜像转换（bin -> hex）==
E:/Projects/FPGA-Alittle-Design/sim/build/arch_test/and-01.bin -> E:/Projects/FPGA-Alittle-Design/sim/build/arch_test/and-01.hex: 15132 bytes, 3783 words (32-bit little-endian)
== [4/4] 仿真与签名比对（200000 周期）==
WARNING: E:/Projects/FPGA-Alittle-Design/sim/riscv/tb_arch_test.v:94: $readmemh(build/arch_test/and-01.hex): Not enough words in the file for the requested range [0:8191].
WARNING: E:/Projects/FPGA-Alittle-Design/sim/riscv/tb_arch_test.v:95: $readmemh(build/arch_test/and-01.hex): Not enough words in the file for the requested range [0:8191].
WARNING: E:/Projects/FPGA-Alittle-Design/sim/riscv/tb_arch_test.v:96: $readmemh(build/arch_test/ref_clean.txt): Not enough words in the file for the requested range [0:8191].
== arch-test and-01-nofwd: 预载完成，运行 200000 周期 ==
PASS: and-01-nofwd signature 584 words match reference
E:/Projects/FPGA-Alittle-Design/sim/riscv/tb_arch_test.v:122: $finish called at 2000075000 (1ps)
签名输出：/e/Projects/FPGA-Alittle-Design/sim/build/arch_test/rv32i_m/I/and-01.nofwd.signature.output
== and-01 bht1 ==
== [1/4] 编译 and-01（套件 6f7f47b）==
make: Entering directory '/e/Projects/FPGA-Alittle-Design/sim/arch_test/suite'

============================ VARIABLE INFO ==================================
ROOTDIR: /e/Projects/FPGA-Alittle-Design/sim/arch_test/suite [origin: file]
WORK: /e/Projects/FPGA-Alittle-Design/sim/build/arch_test [origin: command line]
TARGETDIR: /e/Projects/FPGA-Alittle-Design/sim/arch_test/target [origin: command line]
RISCV_TARGET: pynq_z2_v0 [origin: command line]
XLEN: 32 [origin: command line]
RISCV_DEVICE: I [origin: command line]
=============================================================================

make -j1 \
	RISCV_TARGET=pynq_z2_v0 \
	RISCV_DEVICE=I \
	compile -C /e/Projects/FPGA-Alittle-Design/sim/arch_test/suite/riscv-test-suite/rv32i_m/I
make[1]: Entering directory '/e/Projects/FPGA-Alittle-Design/sim/arch_test/suite/riscv-test-suite/rv32i_m/I'
make[1]: Nothing to be done for 'compile'.
make[1]: Leaving directory '/e/Projects/FPGA-Alittle-Design/sim/arch_test/suite/riscv-test-suite/rv32i_m/I'
make: Leaving directory '/e/Projects/FPGA-Alittle-Design/sim/arch_test/suite'
== [2/4] 提取签名符号与参考 ==
签名区 800031f0..80003b10（584 字），参考 584 行
== [3/4] 镜像转换（bin -> hex）==
E:/Projects/FPGA-Alittle-Design/sim/build/arch_test/and-01.bin -> E:/Projects/FPGA-Alittle-Design/sim/build/arch_test/and-01.hex: 15132 bytes, 3783 words (32-bit little-endian)
== [4/4] 仿真与签名比对（200000 周期）==
WARNING: E:/Projects/FPGA-Alittle-Design/sim/riscv/tb_arch_test.v:94: $readmemh(build/arch_test/and-01.hex): Not enough words in the file for the requested range [0:8191].
WARNING: E:/Projects/FPGA-Alittle-Design/sim/riscv/tb_arch_test.v:95: $readmemh(build/arch_test/and-01.hex): Not enough words in the file for the requested range [0:8191].
WARNING: E:/Projects/FPGA-Alittle-Design/sim/riscv/tb_arch_test.v:96: $readmemh(build/arch_test/ref_clean.txt): Not enough words in the file for the requested range [0:8191].
== arch-test and-01-bht1: 预载完成，运行 200000 周期 ==
PASS: and-01-bht1 signature 584 words match reference
E:/Projects/FPGA-Alittle-Design/sim/riscv/tb_arch_test.v:122: $finish called at 2000075000 (1ps)
签名输出：/e/Projects/FPGA-Alittle-Design/sim/build/arch_test/rv32i_m/I/and-01.bht1.signature.output
== and-01 bht2 ==
== [1/4] 编译 and-01（套件 6f7f47b）==
make: Entering directory '/e/Projects/FPGA-Alittle-Design/sim/arch_test/suite'

============================ VARIABLE INFO ==================================
ROOTDIR: /e/Projects/FPGA-Alittle-Design/sim/arch_test/suite [origin: file]
WORK: /e/Projects/FPGA-Alittle-Design/sim/build/arch_test [origin: command line]
TARGETDIR: /e/Projects/FPGA-Alittle-Design/sim/arch_test/target [origin: command line]
RISCV_TARGET: pynq_z2_v0 [origin: command line]
XLEN: 32 [origin: command line]
RISCV_DEVICE: I [origin: command line]
=============================================================================

make -j1 \
	RISCV_TARGET=pynq_z2_v0 \
	RISCV_DEVICE=I \
	compile -C /e/Projects/FPGA-Alittle-Design/sim/arch_test/suite/riscv-test-suite/rv32i_m/I
make[1]: Entering directory '/e/Projects/FPGA-Alittle-Design/sim/arch_test/suite/riscv-test-suite/rv32i_m/I'
make[1]: Nothing to be done for 'compile'.
make[1]: Leaving directory '/e/Projects/FPGA-Alittle-Design/sim/arch_test/suite/riscv-test-suite/rv32i_m/I'
make: Leaving directory '/e/Projects/FPGA-Alittle-Design/sim/arch_test/suite'
== [2/4] 提取签名符号与参考 ==
签名区 800031f0..80003b10（584 字），参考 584 行
== [3/4] 镜像转换（bin -> hex）==
E:/Projects/FPGA-Alittle-Design/sim/build/arch_test/and-01.bin -> E:/Projects/FPGA-Alittle-Design/sim/build/arch_test/and-01.hex: 15132 bytes, 3783 words (32-bit little-endian)
== [4/4] 仿真与签名比对（200000 周期）==
WARNING: E:/Projects/FPGA-Alittle-Design/sim/riscv/tb_arch_test.v:94: $readmemh(build/arch_test/and-01.hex): Not enough words in the file for the requested range [0:8191].
WARNING: E:/Projects/FPGA-Alittle-Design/sim/riscv/tb_arch_test.v:95: $readmemh(build/arch_test/and-01.hex): Not enough words in the file for the requested range [0:8191].
WARNING: E:/Projects/FPGA-Alittle-Design/sim/riscv/tb_arch_test.v:96: $readmemh(build/arch_test/ref_clean.txt): Not enough words in the file for the requested range [0:8191].
== arch-test and-01-bht2: 预载完成，运行 200000 周期 ==
PASS: and-01-bht2 signature 584 words match reference
E:/Projects/FPGA-Alittle-Design/sim/riscv/tb_arch_test.v:122: $finish called at 2000075000 (1ps)
签名输出：/e/Projects/FPGA-Alittle-Design/sim/build/arch_test/rv32i_m/I/and-01.bht2.signature.output
PASS: and-01 four profiles match golden and each other
== andi-01 fwd ==
== [1/4] 编译 andi-01（套件 6f7f47b）==
make: Entering directory '/e/Projects/FPGA-Alittle-Design/sim/arch_test/suite'

============================ VARIABLE INFO ==================================
ROOTDIR: /e/Projects/FPGA-Alittle-Design/sim/arch_test/suite [origin: file]
WORK: /e/Projects/FPGA-Alittle-Design/sim/build/arch_test [origin: command line]
TARGETDIR: /e/Projects/FPGA-Alittle-Design/sim/arch_test/target [origin: command line]
RISCV_TARGET: pynq_z2_v0 [origin: command line]
XLEN: 32 [origin: command line]
RISCV_DEVICE: I [origin: command line]
=============================================================================

make -j1 \
	RISCV_TARGET=pynq_z2_v0 \
	RISCV_DEVICE=I \
	compile -C /e/Projects/FPGA-Alittle-Design/sim/arch_test/suite/riscv-test-suite/rv32i_m/I
make[1]: Entering directory '/e/Projects/FPGA-Alittle-Design/sim/arch_test/suite/riscv-test-suite/rv32i_m/I'
Compile /e/Projects/FPGA-Alittle-Design/sim/build/arch_test/rv32i_m/I/andi-01.elf
C:/msys64/ucrt64/bin/../lib/gcc/riscv32-unknown-elf/14.2.0/../../../../riscv32-unknown-elf/bin/ld.exe: warning: E:/Projects/FPGA-Alittle-Design/sim/build/arch_test/rv32i_m/I/andi-01.elf has a LOAD segment with RWX permissions
make[1]: Leaving directory '/e/Projects/FPGA-Alittle-Design/sim/arch_test/suite/riscv-test-suite/rv32i_m/I'
make: Leaving directory '/e/Projects/FPGA-Alittle-Design/sim/arch_test/suite'
== [2/4] 提取签名符号与参考 ==
签名区 80002190..80002a60（564 字），参考 564 行
== [3/4] 镜像转换（bin -> hex）==
E:/Projects/FPGA-Alittle-Design/sim/build/arch_test/andi-01.bin -> E:/Projects/FPGA-Alittle-Design/sim/build/arch_test/andi-01.hex: 10860 bytes, 2715 words (32-bit little-endian)
== [4/4] 仿真与签名比对（200000 周期）==
WARNING: E:/Projects/FPGA-Alittle-Design/sim/riscv/tb_arch_test.v:94: $readmemh(build/arch_test/andi-01.hex): Not enough words in the file for the requested range [0:8191].
WARNING: E:/Projects/FPGA-Alittle-Design/sim/riscv/tb_arch_test.v:95: $readmemh(build/arch_test/andi-01.hex): Not enough words in the file for the requested range [0:8191].
WARNING: E:/Projects/FPGA-Alittle-Design/sim/riscv/tb_arch_test.v:96: $readmemh(build/arch_test/ref_clean.txt): Not enough words in the file for the requested range [0:8191].
== arch-test andi-01-fwd: 预载完成，运行 200000 周期 ==
PASS: andi-01-fwd signature 564 words match reference
E:/Projects/FPGA-Alittle-Design/sim/riscv/tb_arch_test.v:122: $finish called at 2000075000 (1ps)
签名输出：/e/Projects/FPGA-Alittle-Design/sim/build/arch_test/rv32i_m/I/andi-01.fwd.signature.output
== andi-01 nofwd ==
== [1/4] 编译 andi-01（套件 6f7f47b）==
make: Entering directory '/e/Projects/FPGA-Alittle-Design/sim/arch_test/suite'

============================ VARIABLE INFO ==================================
ROOTDIR: /e/Projects/FPGA-Alittle-Design/sim/arch_test/suite [origin: file]
WORK: /e/Projects/FPGA-Alittle-Design/sim/build/arch_test [origin: command line]
TARGETDIR: /e/Projects/FPGA-Alittle-Design/sim/arch_test/target [origin: command line]
RISCV_TARGET: pynq_z2_v0 [origin: command line]
XLEN: 32 [origin: command line]
RISCV_DEVICE: I [origin: command line]
=============================================================================

make -j1 \
	RISCV_TARGET=pynq_z2_v0 \
	RISCV_DEVICE=I \
	compile -C /e/Projects/FPGA-Alittle-Design/sim/arch_test/suite/riscv-test-suite/rv32i_m/I
make[1]: Entering directory '/e/Projects/FPGA-Alittle-Design/sim/arch_test/suite/riscv-test-suite/rv32i_m/I'
make[1]: Nothing to be done for 'compile'.
make[1]: Leaving directory '/e/Projects/FPGA-Alittle-Design/sim/arch_test/suite/riscv-test-suite/rv32i_m/I'
make: Leaving directory '/e/Projects/FPGA-Alittle-Design/sim/arch_test/suite'
== [2/4] 提取签名符号与参考 ==
签名区 80002190..80002a60（564 字），参考 564 行
== [3/4] 镜像转换（bin -> hex）==
E:/Projects/FPGA-Alittle-Design/sim/build/arch_test/andi-01.bin -> E:/Projects/FPGA-Alittle-Design/sim/build/arch_test/andi-01.hex: 10860 bytes, 2715 words (32-bit little-endian)
== [4/4] 仿真与签名比对（200000 周期）==
WARNING: E:/Projects/FPGA-Alittle-Design/sim/riscv/tb_arch_test.v:94: $readmemh(build/arch_test/andi-01.hex): Not enough words in the file for the requested range [0:8191].
WARNING: E:/Projects/FPGA-Alittle-Design/sim/riscv/tb_arch_test.v:95: $readmemh(build/arch_test/andi-01.hex): Not enough words in the file for the requested range [0:8191].
WARNING: E:/Projects/FPGA-Alittle-Design/sim/riscv/tb_arch_test.v:96: $readmemh(build/arch_test/ref_clean.txt): Not enough words in the file for the requested range [0:8191].
== arch-test andi-01-nofwd: 预载完成，运行 200000 周期 ==
PASS: andi-01-nofwd signature 564 words match reference
E:/Projects/FPGA-Alittle-Design/sim/riscv/tb_arch_test.v:122: $finish called at 2000075000 (1ps)
签名输出：/e/Projects/FPGA-Alittle-Design/sim/build/arch_test/rv32i_m/I/andi-01.nofwd.signature.output
== andi-01 bht1 ==
== [1/4] 编译 andi-01（套件 6f7f47b）==
make: Entering directory '/e/Projects/FPGA-Alittle-Design/sim/arch_test/suite'

============================ VARIABLE INFO ==================================
ROOTDIR: /e/Projects/FPGA-Alittle-Design/sim/arch_test/suite [origin: file]
WORK: /e/Projects/FPGA-Alittle-Design/sim/build/arch_test [origin: command line]
TARGETDIR: /e/Projects/FPGA-Alittle-Design/sim/arch_test/target [origin: command line]
RISCV_TARGET: pynq_z2_v0 [origin: command line]
XLEN: 32 [origin: command line]
RISCV_DEVICE: I [origin: command line]
=============================================================================

make -j1 \
	RISCV_TARGET=pynq_z2_v0 \
	RISCV_DEVICE=I \
	compile -C /e/Projects/FPGA-Alittle-Design/sim/arch_test/suite/riscv-test-suite/rv32i_m/I
make[1]: Entering directory '/e/Projects/FPGA-Alittle-Design/sim/arch_test/suite/riscv-test-suite/rv32i_m/I'
make[1]: Nothing to be done for 'compile'.
make[1]: Leaving directory '/e/Projects/FPGA-Alittle-Design/sim/arch_test/suite/riscv-test-suite/rv32i_m/I'
make: Leaving directory '/e/Projects/FPGA-Alittle-Design/sim/arch_test/suite'
== [2/4] 提取签名符号与参考 ==
签名区 80002190..80002a60（564 字），参考 564 行
== [3/4] 镜像转换（bin -> hex）==
E:/Projects/FPGA-Alittle-Design/sim/build/arch_test/andi-01.bin -> E:/Projects/FPGA-Alittle-Design/sim/build/arch_test/andi-01.hex: 10860 bytes, 2715 words (32-bit little-endian)
== [4/4] 仿真与签名比对（200000 周期）==
WARNING: E:/Projects/FPGA-Alittle-Design/sim/riscv/tb_arch_test.v:94: $readmemh(build/arch_test/andi-01.hex): Not enough words in the file for the requested range [0:8191].
WARNING: E:/Projects/FPGA-Alittle-Design/sim/riscv/tb_arch_test.v:95: $readmemh(build/arch_test/andi-01.hex): Not enough words in the file for the requested range [0:8191].
WARNING: E:/Projects/FPGA-Alittle-Design/sim/riscv/tb_arch_test.v:96: $readmemh(build/arch_test/ref_clean.txt): Not enough words in the file for the requested range [0:8191].
== arch-test andi-01-bht1: 预载完成，运行 200000 周期 ==
PASS: andi-01-bht1 signature 564 words match reference
E:/Projects/FPGA-Alittle-Design/sim/riscv/tb_arch_test.v:122: $finish called at 2000075000 (1ps)
签名输出：/e/Projects/FPGA-Alittle-Design/sim/build/arch_test/rv32i_m/I/andi-01.bht1.signature.output
== andi-01 bht2 ==
== [1/4] 编译 andi-01（套件 6f7f47b）==
make: Entering directory '/e/Projects/FPGA-Alittle-Design/sim/arch_test/suite'

============================ VARIABLE INFO ==================================
ROOTDIR: /e/Projects/FPGA-Alittle-Design/sim/arch_test/suite [origin: file]
WORK: /e/Projects/FPGA-Alittle-Design/sim/build/arch_test [origin: command line]
TARGETDIR: /e/Projects/FPGA-Alittle-Design/sim/arch_test/target [origin: command line]
RISCV_TARGET: pynq_z2_v0 [origin: command line]
XLEN: 32 [origin: command line]
RISCV_DEVICE: I [origin: command line]
=============================================================================

make -j1 \
	RISCV_TARGET=pynq_z2_v0 \
	RISCV_DEVICE=I \
	compile -C /e/Projects/FPGA-Alittle-Design/sim/arch_test/suite/riscv-test-suite/rv32i_m/I
make[1]: Entering directory '/e/Projects/FPGA-Alittle-Design/sim/arch_test/suite/riscv-test-suite/rv32i_m/I'
make[1]: Nothing to be done for 'compile'.
make[1]: Leaving directory '/e/Projects/FPGA-Alittle-Design/sim/arch_test/suite/riscv-test-suite/rv32i_m/I'
make: Leaving directory '/e/Projects/FPGA-Alittle-Design/sim/arch_test/suite'
== [2/4] 提取签名符号与参考 ==
签名区 80002190..80002a60（564 字），参考 564 行
== [3/4] 镜像转换（bin -> hex）==
E:/Projects/FPGA-Alittle-Design/sim/build/arch_test/andi-01.bin -> E:/Projects/FPGA-Alittle-Design/sim/build/arch_test/andi-01.hex: 10860 bytes, 2715 words (32-bit little-endian)
== [4/4] 仿真与签名比对（200000 周期）==
WARNING: E:/Projects/FPGA-Alittle-Design/sim/riscv/tb_arch_test.v:94: $readmemh(build/arch_test/andi-01.hex): Not enough words in the file for the requested range [0:8191].
WARNING: E:/Projects/FPGA-Alittle-Design/sim/riscv/tb_arch_test.v:95: $readmemh(build/arch_test/andi-01.hex): Not enough words in the file for the requested range [0:8191].
WARNING: E:/Projects/FPGA-Alittle-Design/sim/riscv/tb_arch_test.v:96: $readmemh(build/arch_test/ref_clean.txt): Not enough words in the file for the requested range [0:8191].
== arch-test andi-01-bht2: 预载完成，运行 200000 周期 ==
PASS: andi-01-bht2 signature 564 words match reference
E:/Projects/FPGA-Alittle-Design/sim/riscv/tb_arch_test.v:122: $finish called at 2000075000 (1ps)
签名输出：/e/Projects/FPGA-Alittle-Design/sim/build/arch_test/rv32i_m/I/andi-01.bht2.signature.output
PASS: andi-01 four profiles match golden and each other
== auipc-01 fwd ==
== [1/4] 编译 auipc-01（套件 6f7f47b）==
make: Entering directory '/e/Projects/FPGA-Alittle-Design/sim/arch_test/suite'

============================ VARIABLE INFO ==================================
ROOTDIR: /e/Projects/FPGA-Alittle-Design/sim/arch_test/suite [origin: file]
WORK: /e/Projects/FPGA-Alittle-Design/sim/build/arch_test [origin: command line]
TARGETDIR: /e/Projects/FPGA-Alittle-Design/sim/arch_test/target [origin: command line]
RISCV_TARGET: pynq_z2_v0 [origin: command line]
XLEN: 32 [origin: command line]
RISCV_DEVICE: I [origin: command line]
=============================================================================

make -j1 \
	RISCV_TARGET=pynq_z2_v0 \
	RISCV_DEVICE=I \
	compile -C /e/Projects/FPGA-Alittle-Design/sim/arch_test/suite/riscv-test-suite/rv32i_m/I
make[1]: Entering directory '/e/Projects/FPGA-Alittle-Design/sim/arch_test/suite/riscv-test-suite/rv32i_m/I'
Compile /e/Projects/FPGA-Alittle-Design/sim/build/arch_test/rv32i_m/I/auipc-01.elf
C:/msys64/ucrt64/bin/../lib/gcc/riscv32-unknown-elf/14.2.0/../../../../riscv32-unknown-elf/bin/ld.exe: warning: E:/Projects/FPGA-Alittle-Design/sim/build/arch_test/rv32i_m/I/auipc-01.elf has a LOAD segment with RWX permissions
make[1]: Leaving directory '/e/Projects/FPGA-Alittle-Design/sim/arch_test/suite/riscv-test-suite/rv32i_m/I'
make: Leaving directory '/e/Projects/FPGA-Alittle-Design/sim/arch_test/suite'
== [2/4] 提取签名符号与参考 ==
签名区 80000630..80000730（64 字），参考 64 行
== [3/4] 镜像转换（bin -> hex）==
E:/Projects/FPGA-Alittle-Design/sim/build/arch_test/auipc-01.bin -> E:/Projects/FPGA-Alittle-Design/sim/build/arch_test/auipc-01.hex: 1852 bytes, 463 words (32-bit little-endian)
== [4/4] 仿真与签名比对（200000 周期）==
WARNING: E:/Projects/FPGA-Alittle-Design/sim/riscv/tb_arch_test.v:94: $readmemh(build/arch_test/auipc-01.hex): Not enough words in the file for the requested range [0:8191].
WARNING: E:/Projects/FPGA-Alittle-Design/sim/riscv/tb_arch_test.v:95: $readmemh(build/arch_test/auipc-01.hex): Not enough words in the file for the requested range [0:8191].
WARNING: E:/Projects/FPGA-Alittle-Design/sim/riscv/tb_arch_test.v:96: $readmemh(build/arch_test/ref_clean.txt): Not enough words in the file for the requested range [0:8191].
== arch-test auipc-01-fwd: 预载完成，运行 200000 周期 ==
PASS: auipc-01-fwd signature 64 words match reference
E:/Projects/FPGA-Alittle-Design/sim/riscv/tb_arch_test.v:122: $finish called at 2000075000 (1ps)
签名输出：/e/Projects/FPGA-Alittle-Design/sim/build/arch_test/rv32i_m/I/auipc-01.fwd.signature.output
== auipc-01 nofwd ==
== [1/4] 编译 auipc-01（套件 6f7f47b）==
make: Entering directory '/e/Projects/FPGA-Alittle-Design/sim/arch_test/suite'

============================ VARIABLE INFO ==================================
ROOTDIR: /e/Projects/FPGA-Alittle-Design/sim/arch_test/suite [origin: file]
WORK: /e/Projects/FPGA-Alittle-Design/sim/build/arch_test [origin: command line]
TARGETDIR: /e/Projects/FPGA-Alittle-Design/sim/arch_test/target [origin: command line]
RISCV_TARGET: pynq_z2_v0 [origin: command line]
XLEN: 32 [origin: command line]
RISCV_DEVICE: I [origin: command line]
=============================================================================

make -j1 \
	RISCV_TARGET=pynq_z2_v0 \
	RISCV_DEVICE=I \
	compile -C /e/Projects/FPGA-Alittle-Design/sim/arch_test/suite/riscv-test-suite/rv32i_m/I
make[1]: Entering directory '/e/Projects/FPGA-Alittle-Design/sim/arch_test/suite/riscv-test-suite/rv32i_m/I'
make[1]: Nothing to be done for 'compile'.
make[1]: Leaving directory '/e/Projects/FPGA-Alittle-Design/sim/arch_test/suite/riscv-test-suite/rv32i_m/I'
make: Leaving directory '/e/Projects/FPGA-Alittle-Design/sim/arch_test/suite'
== [2/4] 提取签名符号与参考 ==
签名区 80000630..80000730（64 字），参考 64 行
== [3/4] 镜像转换（bin -> hex）==
E:/Projects/FPGA-Alittle-Design/sim/build/arch_test/auipc-01.bin -> E:/Projects/FPGA-Alittle-Design/sim/build/arch_test/auipc-01.hex: 1852 bytes, 463 words (32-bit little-endian)
== [4/4] 仿真与签名比对（200000 周期）==
WARNING: E:/Projects/FPGA-Alittle-Design/sim/riscv/tb_arch_test.v:94: $readmemh(build/arch_test/auipc-01.hex): Not enough words in the file for the requested range [0:8191].
WARNING: E:/Projects/FPGA-Alittle-Design/sim/riscv/tb_arch_test.v:95: $readmemh(build/arch_test/auipc-01.hex): Not enough words in the file for the requested range [0:8191].
WARNING: E:/Projects/FPGA-Alittle-Design/sim/riscv/tb_arch_test.v:96: $readmemh(build/arch_test/ref_clean.txt): Not enough words in the file for the requested range [0:8191].
== arch-test auipc-01-nofwd: 预载完成，运行 200000 周期 ==
PASS: auipc-01-nofwd signature 64 words match reference
E:/Projects/FPGA-Alittle-Design/sim/riscv/tb_arch_test.v:122: $finish called at 2000075000 (1ps)
签名输出：/e/Projects/FPGA-Alittle-Design/sim/build/arch_test/rv32i_m/I/auipc-01.nofwd.signature.output
== auipc-01 bht1 ==
== [1/4] 编译 auipc-01（套件 6f7f47b）==
make: Entering directory '/e/Projects/FPGA-Alittle-Design/sim/arch_test/suite'

============================ VARIABLE INFO ==================================
ROOTDIR: /e/Projects/FPGA-Alittle-Design/sim/arch_test/suite [origin: file]
WORK: /e/Projects/FPGA-Alittle-Design/sim/build/arch_test [origin: command line]
TARGETDIR: /e/Projects/FPGA-Alittle-Design/sim/arch_test/target [origin: command line]
RISCV_TARGET: pynq_z2_v0 [origin: command line]
XLEN: 32 [origin: command line]
RISCV_DEVICE: I [origin: command line]
=============================================================================

make -j1 \
	RISCV_TARGET=pynq_z2_v0 \
	RISCV_DEVICE=I \
	compile -C /e/Projects/FPGA-Alittle-Design/sim/arch_test/suite/riscv-test-suite/rv32i_m/I
make[1]: Entering directory '/e/Projects/FPGA-Alittle-Design/sim/arch_test/suite/riscv-test-suite/rv32i_m/I'
make[1]: Nothing to be done for 'compile'.
make[1]: Leaving directory '/e/Projects/FPGA-Alittle-Design/sim/arch_test/suite/riscv-test-suite/rv32i_m/I'
make: Leaving directory '/e/Projects/FPGA-Alittle-Design/sim/arch_test/suite'
== [2/4] 提取签名符号与参考 ==
签名区 80000630..80000730（64 字），参考 64 行
== [3/4] 镜像转换（bin -> hex）==
E:/Projects/FPGA-Alittle-Design/sim/build/arch_test/auipc-01.bin -> E:/Projects/FPGA-Alittle-Design/sim/build/arch_test/auipc-01.hex: 1852 bytes, 463 words (32-bit little-endian)
== [4/4] 仿真与签名比对（200000 周期）==
WARNING: E:/Projects/FPGA-Alittle-Design/sim/riscv/tb_arch_test.v:94: $readmemh(build/arch_test/auipc-01.hex): Not enough words in the file for the requested range [0:8191].
WARNING: E:/Projects/FPGA-Alittle-Design/sim/riscv/tb_arch_test.v:95: $readmemh(build/arch_test/auipc-01.hex): Not enough words in the file for the requested range [0:8191].
WARNING: E:/Projects/FPGA-Alittle-Design/sim/riscv/tb_arch_test.v:96: $readmemh(build/arch_test/ref_clean.txt): Not enough words in the file for the requested range [0:8191].
== arch-test auipc-01-bht1: 预载完成，运行 200000 周期 ==
PASS: auipc-01-bht1 signature 64 words match reference
E:/Projects/FPGA-Alittle-Design/sim/riscv/tb_arch_test.v:122: $finish called at 2000075000 (1ps)
签名输出：/e/Projects/FPGA-Alittle-Design/sim/build/arch_test/rv32i_m/I/auipc-01.bht1.signature.output
== auipc-01 bht2 ==
== [1/4] 编译 auipc-01（套件 6f7f47b）==
make: Entering directory '/e/Projects/FPGA-Alittle-Design/sim/arch_test/suite'

============================ VARIABLE INFO ==================================
ROOTDIR: /e/Projects/FPGA-Alittle-Design/sim/arch_test/suite [origin: file]
WORK: /e/Projects/FPGA-Alittle-Design/sim/build/arch_test [origin: command line]
TARGETDIR: /e/Projects/FPGA-Alittle-Design/sim/arch_test/target [origin: command line]
RISCV_TARGET: pynq_z2_v0 [origin: command line]
XLEN: 32 [origin: command line]
RISCV_DEVICE: I [origin: command line]
=============================================================================

make -j1 \
	RISCV_TARGET=pynq_z2_v0 \
	RISCV_DEVICE=I \
	compile -C /e/Projects/FPGA-Alittle-Design/sim/arch_test/suite/riscv-test-suite/rv32i_m/I
make[1]: Entering directory '/e/Projects/FPGA-Alittle-Design/sim/arch_test/suite/riscv-test-suite/rv32i_m/I'
make[1]: Nothing to be done for 'compile'.
make[1]: Leaving directory '/e/Projects/FPGA-Alittle-Design/sim/arch_test/suite/riscv-test-suite/rv32i_m/I'
make: Leaving directory '/e/Projects/FPGA-Alittle-Design/sim/arch_test/suite'
== [2/4] 提取签名符号与参考 ==
签名区 80000630..80000730（64 字），参考 64 行
== [3/4] 镜像转换（bin -> hex）==
E:/Projects/FPGA-Alittle-Design/sim/build/arch_test/auipc-01.bin -> E:/Projects/FPGA-Alittle-Design/sim/build/arch_test/auipc-01.hex: 1852 bytes, 463 words (32-bit little-endian)
== [4/4] 仿真与签名比对（200000 周期）==
WARNING: E:/Projects/FPGA-Alittle-Design/sim/riscv/tb_arch_test.v:94: $readmemh(build/arch_test/auipc-01.hex): Not enough words in the file for the requested range [0:8191].
WARNING: E:/Projects/FPGA-Alittle-Design/sim/riscv/tb_arch_test.v:95: $readmemh(build/arch_test/auipc-01.hex): Not enough words in the file for the requested range [0:8191].
WARNING: E:/Projects/FPGA-Alittle-Design/sim/riscv/tb_arch_test.v:96: $readmemh(build/arch_test/ref_clean.txt): Not enough words in the file for the requested range [0:8191].
== arch-test auipc-01-bht2: 预载完成，运行 200000 周期 ==
PASS: auipc-01-bht2 signature 64 words match reference
E:/Projects/FPGA-Alittle-Design/sim/riscv/tb_arch_test.v:122: $finish called at 2000075000 (1ps)
签名输出：/e/Projects/FPGA-Alittle-Design/sim/build/arch_test/rv32i_m/I/auipc-01.bht2.signature.output
PASS: auipc-01 four profiles match golden and each other
== beq-01 fwd ==
== [1/4] 编译 beq-01（套件 6f7f47b）==
make: Entering directory '/e/Projects/FPGA-Alittle-Design/sim/arch_test/suite'

============================ VARIABLE INFO ==================================
ROOTDIR: /e/Projects/FPGA-Alittle-Design/sim/arch_test/suite [origin: file]
WORK: /e/Projects/FPGA-Alittle-Design/sim/build/arch_test [origin: command line]
TARGETDIR: /e/Projects/FPGA-Alittle-Design/sim/arch_test/target [origin: command line]
RISCV_TARGET: pynq_z2_v0 [origin: command line]
XLEN: 32 [origin: command line]
RISCV_DEVICE: I [origin: command line]
=============================================================================

make -j1 \
	RISCV_TARGET=pynq_z2_v0 \
	RISCV_DEVICE=I \
	compile -C /e/Projects/FPGA-Alittle-Design/sim/arch_test/suite/riscv-test-suite/rv32i_m/I
make[1]: Entering directory '/e/Projects/FPGA-Alittle-Design/sim/arch_test/suite/riscv-test-suite/rv32i_m/I'
Compile /e/Projects/FPGA-Alittle-Design/sim/build/arch_test/rv32i_m/I/beq-01.elf
C:/msys64/ucrt64/bin/../lib/gcc/riscv32-unknown-elf/14.2.0/../../../../riscv32-unknown-elf/bin/ld.exe: E:/Projects/FPGA-Alittle-Design/sim/build/arch_test/rv32i_m/I/beq-01.elf section `.text' will not fit in region `ram'
C:/msys64/ucrt64/bin/../lib/gcc/riscv32-unknown-elf/14.2.0/../../../../riscv32-unknown-elf/bin/ld.exe: region `ram' overflowed by 195388 bytes
C:/msys64/ucrt64/bin/../lib/gcc/riscv32-unknown-elf/14.2.0/../../../../riscv32-unknown-elf/bin/ld.exe: warning: E:/Projects/FPGA-Alittle-Design/sim/build/arch_test/rv32i_m/I/beq-01.elf has a LOAD segment with RWX permissions
collect2.exe: error: ld returned 1 exit status
C:\msys64\ucrt64\bin\riscv32-unknown-elf-objdump.exe: 'E:/Projects/FPGA-Alittle-Design/sim/build/arch_test/rv32i_m/I/beq-01.elf': No such file
readelf: Error: 'E:/Projects/FPGA-Alittle-Design/sim/build/arch_test/rv32i_m/I/beq-01.elf': No such file
C:\msys64\ucrt64\bin\riscv32-unknown-elf-objcopy.exe: 'E:/Projects/FPGA-Alittle-Design/sim/build/arch_test/rv32i_m/I/beq-01.elf': No such file
make[1]: *** [Makefile:5: /e/Projects/FPGA-Alittle-Design/sim/build/arch_test/rv32i_m/I/beq-01.elf] Error 1
make[1]: Leaving directory '/e/Projects/FPGA-Alittle-Design/sim/arch_test/suite/riscv-test-suite/rv32i_m/I'
make: *** [Makefile:78: compile] Error 2
make: Leaving directory '/e/Projects/FPGA-Alittle-Design/sim/arch_test/suite'
