== tb_rgb2gray ==
PASS: rgb2gray 128 px, 0 errors
== tb_line_buffer ==
PASS: line_buffer sync-read, read-before-write, addressing
== tb_gaussian3x3 ==
PASS: gaussian3x3 128 px, 0 errors
== tb_scaler ==
PASS: scaler 16x8->32x16, 512 px, 0 errors
== tb_sobel ==
PASS: sobel 128 px, 0 errors
== tb_chain ==
PASS: chain rgb2gray->gaussian, gray 128 px + gauss 128 px, 0 errors
== tb_fullchain ==
PASS: fullchain gray 128 + gauss 128 + scaler 512 px, 0 errors
== tb_osd ==
PASS: osd 2 frames 256 px, 0 errors (param latch at vs verified)
== tb_axi_regs ==
PASS: axi_regs rw/strb/reserved/oob/flat, 0 errors
== tb_in_align ==
PASS: in_align 3 frames, 384 px passthrough, 24 hs/4 vs, spacing OK (vs/hs collision deferred)
== tb_top ==
PASS: vision_top v0.3 6 frames dual-path, display 768 px + cop 512 px, 0 errors (frame-latch verified)
PASS: A5 latency gray=1 gauss=25 gauss+sobel=49 cycles (1-row window lag model match), scaler throughput-based
== XSim 全部完成（all）==
