Copyright 1986-2022 Xilinx, Inc. All Rights Reserved. Copyright 2022-2026 Advanced Micro Devices, Inc. All Rights Reserved.
---------------------------------------------------------------------------------------------------------------------------------------------
| Tool Version : Vivado v.2026.1 (win64) Build 6511674 Tue Jun 16 11:02:23 MDT 2026
| Date         : Fri Oct  2 00:29:19 2026
| Host         : never-die-cold running 64-bit major release  (build 9200)
| Command      : report_timing_summary -report_unconstrained -file data/logs/2026-10-02-vision-offboard/route/timing.rpt
| Design       : video_pipeline
| Device       : 7z020-clg400
| Speed File   : -1  PRODUCTION 1.12 2019-11-22
| Design State : Routed
---------------------------------------------------------------------------------------------------------------------------------------------

Timing Summary Report

------------------------------------------------------------------------------------------------
| Timer Settings
| --------------
------------------------------------------------------------------------------------------------

  Enable Multi Corner Analysis               :  Yes
  Enable Pessimism Removal                   :  Yes
  Pessimism Removal Resolution               :  Nearest Common Node
  Enable Input Delay Default Clock           :  No
  Enable Preset / Clear Arcs                 :  No
  Disable Flight Delays                      :  No
  Ignore I/O Paths                           :  No
  Timing Early Launch at Borrowing Latches   :  No
  Borrow Time for Max Delay Exceptions       :  Yes
  Merge Timing Exceptions                    :  Yes
  Inter-SLR Compensation                     :  Conservative

  Corner  Analyze    Analyze    
  Name    Max Paths  Min Paths  
  ------  ---------  ---------  
  Slow    Yes        Yes        
  Fast    Yes        Yes        


------------------------------------------------------------------------------------------------
| Report Methodology
| ------------------
------------------------------------------------------------------------------------------------

No report available as report_methodology has not been run prior. Run report_methodology on the current design for the summary of methodology violations.



check_timing report

Table of Contents
-----------------
1. checking no_clock (0)
2. checking constant_clock (0)
3. checking pulse_width_clock (0)
4. checking unconstrained_internal_endpoints (0)
5. checking no_input_delay (80)
6. checking no_output_delay (236)
7. checking multiple_clock (0)
8. checking generated_clocks (0)
9. checking loops (0)
10. checking partial_input_delay (0)
11. checking partial_output_delay (0)
12. checking latch_loops (0)

1. checking no_clock (0)
------------------------
 There are 0 register/latch pins with no clock.


2. checking constant_clock (0)
------------------------------
 There are 0 register/latch pins with constant_clock.


3. checking pulse_width_clock (0)
---------------------------------
 There are 0 register/latch pins which need pulse_width check


4. checking unconstrained_internal_endpoints (0)
------------------------------------------------
 There are 0 pins that are not constrained for maximum delay.

 There are 0 pins that are not constrained for maximum delay due to constant clock.


5. checking no_input_delay (80)
-------------------------------
 There are 79 input ports with no input delay specified. (HIGH)

 There is 1 input port with no input delay but user has a false path constraint. (MEDIUM)


6. checking no_output_delay (236)
---------------------------------
 There are 236 ports with no output delay specified. (HIGH)

 There are 0 ports with no output delay but user has a false path constraint

 There are 0 ports with no output delay but with a timing clock defined on it or propagating through it


7. checking multiple_clock (0)
------------------------------
 There are 0 register/latch pins with multiple clocks.


8. checking generated_clocks (0)
--------------------------------
 There are 0 generated clocks that are not connected to a clock source.


9. checking loops (0)
---------------------
 There are 0 combinational loops in the design.


10. checking partial_input_delay (0)
------------------------------------
 There are 0 input ports with partial input delay specified.


11. checking partial_output_delay (0)
-------------------------------------
 There are 0 ports with partial output delay specified.


12. checking latch_loops (0)
----------------------------
 There are 0 combinational latch loops in the design through latch input



------------------------------------------------------------------------------------------------
| Design Timing Summary
| ---------------------
------------------------------------------------------------------------------------------------

    WNS(ns)      TNS(ns)  TNS Failing Endpoints  TNS Total Endpoints      WHS(ns)      THS(ns)  THS Failing Endpoints  THS Total Endpoints     WPWS(ns)     TPWS(ns)  TPWS Failing Endpoints  TPWS Total Endpoints  
    -------      -------  ---------------------  -------------------      -------      -------  ---------------------  -------------------     --------     --------  ----------------------  --------------------  
      0.330        0.000                      0                 5458        0.027        0.000                      0                 5423        4.500        0.000                       0                  1603  


All user specified timing constraints are met.


------------------------------------------------------------------------------------------------
| Clock Summary
| -------------
------------------------------------------------------------------------------------------------

Clock    Waveform(ns)       Period(ns)      Frequency(MHz)
-----    ------------       ----------      --------------
axi_clk  {0.000 5.000}      10.000          100.000         
pclk     {0.000 6.734}      13.468          74.250          


------------------------------------------------------------------------------------------------
| Intra Clock Table
| -----------------
------------------------------------------------------------------------------------------------

Clock             WNS(ns)      TNS(ns)  TNS Failing Endpoints  TNS Total Endpoints      WHS(ns)      THS(ns)  THS Failing Endpoints  THS Total Endpoints     WPWS(ns)     TPWS(ns)  TPWS Failing Endpoints  TPWS Total Endpoints  
-----             -------      -------  ---------------------  -------------------      -------      -------  ---------------------  -------------------     --------     --------  ----------------------  --------------------  
axi_clk             3.938        0.000                      0                  954        0.040        0.000                      0                  954        4.500        0.000                       0                   505  
pclk                0.330        0.000                      0                 3108        0.027        0.000                      0                 3108        5.754        0.000                       0                  1098  


------------------------------------------------------------------------------------------------
| Inter Clock Table
| -----------------
------------------------------------------------------------------------------------------------

From Clock    To Clock          WNS(ns)      TNS(ns)  TNS Failing Endpoints  TNS Total Endpoints      WHS(ns)      THS(ns)  THS Failing Endpoints  THS Total Endpoints  
----------    --------          -------      -------  ---------------------  -------------------      -------      -------  ---------------------  -------------------  
axi_clk       pclk                8.709        0.000                      0                   35                                                                        


------------------------------------------------------------------------------------------------
| Other Path Groups Table
| -----------------------
------------------------------------------------------------------------------------------------

Path Group         From Clock         To Clock               WNS(ns)      TNS(ns)  TNS Failing Endpoints  TNS Total Endpoints      WHS(ns)      THS(ns)  THS Failing Endpoints  THS Total Endpoints  
----------         ----------         --------               -------      -------  ---------------------  -------------------      -------      -------  ---------------------  -------------------  
**async_default**  axi_clk            axi_clk                  4.716        0.000                      0                  501        0.489        0.000                      0                  501  
**async_default**  pclk               pclk                     2.853        0.000                      0                  860        0.588        0.000                      0                  860  


------------------------------------------------------------------------------------------------
| User Ignored Path Table
| -----------------------
------------------------------------------------------------------------------------------------

Path Group    From Clock    To Clock    
----------    ----------    --------    
(none)                      axi_clk       
(none)        pclk          axi_clk       
(none)                      pclk          
(none)        axi_clk       pclk          


------------------------------------------------------------------------------------------------
| Unconstrained Path Table
| ------------------------
------------------------------------------------------------------------------------------------

Path Group    From Clock    To Clock    
----------    ----------    --------    
(none)                                    
(none)        axi_clk                     
(none)        pclk                        
(none)                      axi_clk       
(none)                      pclk          


------------------------------------------------------------------------------------------------
| Timing Details
| --------------
------------------------------------------------------------------------------------------------


---------------------------------------------------------------------------------------------------
From Clock:  axi_clk
  To Clock:  axi_clk

Setup :            0  Failing Endpoints,  Worst Slack        3.938ns,  Total Violation        0.000ns
Hold  :            0  Failing Endpoints,  Worst Slack        0.040ns,  Total Violation        0.000ns
PW    :            0  Failing Endpoints,  Worst Slack        4.500ns,  Total Violation        0.000ns
---------------------------------------------------------------------------------------------------


Max Delay Paths
--------------------------------------------------------------------------------------
Slack (MET) :             3.938ns  (required time - arrival time)
  Source:                 u_vision/u_regs/aw_hold_reg/C
                            (rising edge-triggered cell FDCE clocked by axi_clk  {rise@0.000ns fall@5.000ns period=10.000ns})
  Destination:            u_vision/u_regs/mem_reg[6][24]/CE
                            (rising edge-triggered cell FDCE clocked by axi_clk  {rise@0.000ns fall@5.000ns period=10.000ns})
  Path Group:             axi_clk
  Path Type:              Setup (Max at Slow Process Corner)
  Requirement:            10.000ns  (axi_clk rise@10.000ns - axi_clk rise@0.000ns)
  Data Path Delay:        5.623ns  (logic 1.182ns (21.022%)  route 4.441ns (78.978%))
  Logic Levels:           4  (LUT3=1 LUT5=1 LUT6=2)
  Clock Path Skew:        -0.049ns (DCD - SCD + CPR)
    Destination Clock Delay (DCD):    0.924ns = ( 10.924 - 10.000 ) 
    Source Clock Delay      (SCD):    0.973ns
    Clock Pessimism Removal (CPR):    0.000ns
  Clock Uncertainty:      0.185ns  ((TSJ^2 + TIJ^2)^1/2 + DJ) / 2 + PE + UU
    Total System Jitter     (TSJ):    0.071ns
    Total Input Jitter      (TIJ):    0.000ns
    Discrete Jitter          (DJ):    0.000ns
    Phase Error              (PE):    0.000ns
    User Uncertainty         (UU):    0.150ns

    Location             Delay type                Incr(ns)  Path(ns)    Netlist Resource(s)
  -------------------------------------------------------------------    -------------------
                         (clock axi_clk rise edge)    0.000     0.000 r  <hidden>
                                                      0.000     0.000 r  s_axi_aclk
                         net (fo=504, unset)          0.973     0.973    u_vision/u_regs/s_axi_aclk
    SLICE_X44Y56         FDCE                                         r  u_vision/u_regs/aw_hold_reg/C
  -------------------------------------------------------------------    -------------------
    SLICE_X44Y56         FDCE (Prop_fdce_C_Q)         0.456     1.429 r  u_vision/u_regs/aw_hold_reg/Q
                         net (fo=25, routed)          1.081     2.510    u_vision/u_regs/aw_hold_reg_n_0
    SLICE_X45Y55         LUT3 (Prop_lut3_I1_O)        0.152     2.662 f  u_vision/u_regs/write_response[1]_i_5/O
                         net (fo=8, routed)           0.837     3.499    u_vision/u_regs/write_response[1]_i_5_n_0
    SLICE_X43Y55         LUT6 (Prop_lut6_I2_O)        0.326     3.825 f  u_vision/u_regs/mem[4][31]_i_3/O
                         net (fo=4, routed)           0.706     4.531    u_vision/u_regs/mem[4][31]_i_3_n_0
    SLICE_X47Y53         LUT6 (Prop_lut6_I5_O)        0.124     4.655 f  u_vision/u_regs/mem[6][31]_i_2/O
                         net (fo=4, routed)           1.133     5.788    u_vision/u_regs/mem[6][31]_i_2_n_0
    SLICE_X44Y57         LUT5 (Prop_lut5_I4_O)        0.124     5.912 r  u_vision/u_regs/mem[6][31]_i_1/O
                         net (fo=8, routed)           0.683     6.596    u_vision/u_regs/mem[6][31]_i_1_n_0
    SLICE_X43Y59         FDCE                                         r  u_vision/u_regs/mem_reg[6][24]/CE
  -------------------------------------------------------------------    -------------------

                         (clock axi_clk rise edge)   10.000    10.000 r  <hidden>
                                                      0.000    10.000 r  s_axi_aclk
                         net (fo=504, unset)          0.924    10.924    u_vision/u_regs/s_axi_aclk
    SLICE_X43Y59         FDCE                                         r  u_vision/u_regs/mem_reg[6][24]/C
                         clock pessimism              0.000    10.924    <hidden>
                         clock uncertainty           -0.185    10.739    <hidden>
    SLICE_X43Y59         FDCE (Setup_fdce_C_CE)      -0.205    10.534    u_vision/u_regs/mem_reg[6][24]
  -------------------------------------------------------------------
                         required time                         10.534    <hidden>
                         arrival time                          -6.596    <hidden>
  -------------------------------------------------------------------
                         slack                                  3.938    <hidden>





Min Delay Paths
--------------------------------------------------------------------------------------
Slack (MET) :             0.040ns  (arrival time - required time)
  Source:                 u_vision/u_config/hold_id_reg[27]/C
                            (rising edge-triggered cell FDCE clocked by axi_clk  {rise@0.000ns fall@5.000ns period=10.000ns})
  Destination:            u_vision/u_config/src_applied_reg[27]/D
                            (rising edge-triggered cell FDCE clocked by axi_clk  {rise@0.000ns fall@5.000ns period=10.000ns})
  Path Group:             axi_clk
  Path Type:              Hold (Min at Fast Process Corner)
  Requirement:            0.000ns  (axi_clk rise@0.000ns - axi_clk rise@0.000ns)
  Data Path Delay:        0.272ns  (logic 0.141ns (51.844%)  route 0.131ns (48.156%))
  Logic Levels:           0  
  Clock Path Skew:        0.022ns (DCD - SCD - CPR)
    Destination Clock Delay (DCD):    0.432ns
    Source Clock Delay      (SCD):    0.410ns
    Clock Pessimism Removal (CPR):    -0.000ns
  Clock Uncertainty:      0.150ns  ((TSJ^2 + TIJ^2)^1/2 + DJ) / 2 + PE + UU
    Total System Jitter     (TSJ):    0.000ns
    Total Input Jitter      (TIJ):    0.000ns
    Discrete Jitter          (DJ):    0.000ns
    Phase Error              (PE):    0.000ns
    User Uncertainty         (UU):    0.150ns

    Location             Delay type                Incr(ns)  Path(ns)    Netlist Resource(s)
  -------------------------------------------------------------------    -------------------
                         (clock axi_clk rise edge)    0.000     0.000 r  <hidden>
                                                      0.000     0.000 r  s_axi_aclk
                         net (fo=504, unset)          0.410     0.410    u_vision/u_config/s_axi_aclk
    SLICE_X39Y55         FDCE                                         r  u_vision/u_config/hold_id_reg[27]/C
  -------------------------------------------------------------------    -------------------
    SLICE_X39Y55         FDCE (Prop_fdce_C_Q)         0.141     0.551 r  u_vision/u_config/hold_id_reg[27]/Q
                         net (fo=3, routed)           0.131     0.682    u_vision/u_config/hold_id_reg[27]
    SLICE_X38Y55         FDCE                                         r  u_vision/u_config/src_applied_reg[27]/D
  -------------------------------------------------------------------    -------------------

                         (clock axi_clk rise edge)    0.000     0.000 r  <hidden>
                                                      0.000     0.000 r  s_axi_aclk
                         net (fo=504, unset)          0.432     0.432    u_vision/u_config/s_axi_aclk
    SLICE_X38Y55         FDCE                                         r  u_vision/u_config/src_applied_reg[27]/C
                         clock pessimism              0.000     0.432    <hidden>
                         clock uncertainty            0.150     0.582    <hidden>
    SLICE_X38Y55         FDCE (Hold_fdce_C_D)         0.060     0.642    u_vision/u_config/src_applied_reg[27]
  -------------------------------------------------------------------
                         required time                         -0.642    <hidden>
                         arrival time                           0.682    <hidden>
  -------------------------------------------------------------------
                         slack                                  0.040    <hidden>





Pulse Width Checks
--------------------------------------------------------------------------------------
Clock Name:         axi_clk
Waveform(ns):       { 0.000 5.000 }
Period(ns):         10.000
Sources:            { s_axi_aclk }

Check Type        Corner  Lib Pin  Reference Pin  Required(ns)  Actual(ns)  Slack(ns)  Location      Pin
Min Period        n/a     FDCE/C   n/a            1.000         10.000      9.000      SLICE_X40Y49  u_vision/u_axi_reset/release_pipe_reg[0]/C
Low Pulse Width   Slow    FDCE/C   n/a            0.500         5.000       4.500      SLICE_X40Y49  u_vision/u_axi_reset/release_pipe_reg[0]/C
High Pulse Width  Slow    FDCE/C   n/a            0.500         5.000       4.500      SLICE_X40Y49  u_vision/u_axi_reset/release_pipe_reg[0]/C



---------------------------------------------------------------------------------------------------
From Clock:  pclk
  To Clock:  pclk

Setup :            0  Failing Endpoints,  Worst Slack        0.330ns,  Total Violation        0.000ns
Hold  :            0  Failing Endpoints,  Worst Slack        0.027ns,  Total Violation        0.000ns
PW    :            0  Failing Endpoints,  Worst Slack        5.754ns,  Total Violation        0.000ns
---------------------------------------------------------------------------------------------------


Max Delay Paths
--------------------------------------------------------------------------------------
Slack (MET) :             0.330ns  (required time - arrival time)
  Source:                 u_vision/u_gauss/xd2_reg[10]/C
                            (rising edge-triggered cell FDCE clocked by pclk  {rise@0.000ns fall@6.734ns period=13.468ns})
  Destination:            u_vision/u_gauss/out_g_reg[5]/D
                            (rising edge-triggered cell FDCE clocked by pclk  {rise@0.000ns fall@6.734ns period=13.468ns})
  Path Group:             pclk
  Path Type:              Setup (Max at Slow Process Corner)
  Requirement:            13.468ns  (pclk rise@13.468ns - pclk rise@0.000ns)
  Data Path Delay:        13.013ns  (logic 6.445ns (49.528%)  route 6.568ns (50.472%))
  Logic Levels:           20  (CARRY4=8 LUT2=2 LUT4=1 LUT5=3 LUT6=6)
  Clock Path Skew:        -0.049ns (DCD - SCD + CPR)
    Destination Clock Delay (DCD):    0.924ns = ( 14.392 - 13.468 ) 
    Source Clock Delay      (SCD):    0.973ns
    Clock Pessimism Removal (CPR):    0.000ns
  Clock Uncertainty:      0.185ns  ((TSJ^2 + TIJ^2)^1/2 + DJ) / 2 + PE + UU
    Total System Jitter     (TSJ):    0.071ns
    Total Input Jitter      (TIJ):    0.000ns
    Discrete Jitter          (DJ):    0.000ns
    Phase Error              (PE):    0.000ns
    User Uncertainty         (UU):    0.150ns

    Location             Delay type                Incr(ns)  Path(ns)    Netlist Resource(s)
  -------------------------------------------------------------------    -------------------
                         (clock pclk rise edge)       0.000     0.000 r  <hidden>
                                                      0.000     0.000 r  pclk
                         net (fo=1097, unset)         0.973     0.973    u_vision/u_gauss/pclk
    SLICE_X26Y37         FDCE                                         r  u_vision/u_gauss/xd2_reg[10]/C
  -------------------------------------------------------------------    -------------------
    SLICE_X26Y37         FDCE (Prop_fdce_C_Q)         0.518     1.491 r  u_vision/u_gauss/xd2_reg[10]/Q
                         net (fo=4, routed)           1.042     2.533    u_vision/u_gauss/xd2[10]
    SLICE_X26Y37         LUT2 (Prop_lut2_I1_O)        0.150     2.683 f  u_vision/u_gauss/out_g[7]_i_76/O
                         net (fo=1, routed)           0.659     3.342    u_vision/u_gauss/out_g[7]_i_76_n_0
    SLICE_X27Y37         LUT6 (Prop_lut6_I0_O)        0.328     3.670 f  u_vision/u_gauss/out_g[7]_i_48/O
                         net (fo=2, routed)           0.576     4.246    u_vision/u_gauss/k[8]
    SLICE_X28Y36         LUT6 (Prop_lut6_I4_O)        0.124     4.370 r  u_vision/u_gauss/out_g[7]_i_25__0/O
                         net (fo=24, routed)          0.383     4.753    u_vision/u_gauss/lb1/right_edge
    SLICE_X29Y36         LUT6 (Prop_lut6_I5_O)        0.124     4.877 r  u_vision/u_gauss/lb1/out_g[3]_i_37/O
                         net (fo=5, routed)           0.326     5.203    u_vision/u_gauss/lb1/out_g[3]_i_37_n_0
    SLICE_X28Y37         LUT6 (Prop_lut6_I0_O)        0.124     5.327 r  u_vision/u_gauss/lb1/out_g[7]_i_93/O
                         net (fo=1, routed)           0.000     5.327    u_vision/u_gauss/lb1/out_g[7]_i_93_n_0
    SLICE_X28Y37         CARRY4 (Prop_carry4_S[1]_O[2])
                                                      0.580     5.907 r  u_vision/u_gauss/lb1/out_g_reg[7]_i_82/O[2]
                         net (fo=2, routed)           0.517     6.424    u_vision/u_gauss/lb1/out_g_reg[7]_i_82_n_5
    SLICE_X29Y37         LUT4 (Prop_lut4_I3_O)        0.302     6.726 r  u_vision/u_gauss/lb1/out_g[7]_i_85/O
                         net (fo=1, routed)           0.000     6.726    u_vision/u_gauss/lb1/out_g[7]_i_85_n_0
    SLICE_X29Y37         CARRY4 (Prop_carry4_S[1]_O[2])
                                                      0.580     7.306 r  u_vision/u_gauss/lb1/out_g_reg[7]_i_59/O[2]
                         net (fo=2, routed)           0.465     7.771    u_vision/u_gauss/lb1/out_g_reg[7]_i_59_n_5
    SLICE_X30Y36         LUT2 (Prop_lut2_I1_O)        0.302     8.073 r  u_vision/u_gauss/lb1/out_g[7]_i_79/O
                         net (fo=1, routed)           0.000     8.073    u_vision/u_gauss/lb1/out_g[7]_i_79_n_0
    SLICE_X30Y36         CARRY4 (Prop_carry4_S[3]_O[3])
                                                      0.255     8.328 r  u_vision/u_gauss/lb1/out_g_reg[7]_i_55/O[3]
                         net (fo=2, routed)           0.599     8.926    u_vision/u_gauss/lb1/C[3]
    SLICE_X31Y36         LUT5 (Prop_lut5_I4_O)        0.307     9.233 r  u_vision/u_gauss/lb1/out_g[7]_i_56/O
                         net (fo=1, routed)           0.000     9.233    u_vision/u_gauss/lb1/out_g[7]_i_56_n_0
    SLICE_X31Y36         CARRY4 (Prop_carry4_S[3]_CO[3])
                                                      0.401     9.634 r  u_vision/u_gauss/lb1/out_g_reg[7]_i_36/CO[3]
                         net (fo=1, routed)           0.000     9.634    u_vision/u_gauss/lb1/out_g_reg[7]_i_36_n_0
    SLICE_X31Y37         CARRY4 (Prop_carry4_CI_O[0])
                                                      0.222     9.856 r  u_vision/u_gauss/lb1/out_g_reg[7]_i_19/O[0]
                         net (fo=2, routed)           0.582    10.438    u_vision/u_gauss/lb1/out_g_reg[7]_i_19_n_7
    SLICE_X32Y37         LUT5 (Prop_lut5_I4_O)        0.299    10.737 r  u_vision/u_gauss/lb1/out_g[7]_i_13__0/O
                         net (fo=2, routed)           0.352    11.089    u_vision/u_gauss/lb1/out_g[7]_i_13__0_n_0
    SLICE_X33Y37         LUT6 (Prop_lut6_I3_O)        0.124    11.213 r  u_vision/u_gauss/lb1/out_g[7]_i_17__0/O
                         net (fo=1, routed)           0.000    11.213    u_vision/u_gauss/lb1/out_g[7]_i_17__0_n_0
    SLICE_X33Y37         CARRY4 (Prop_carry4_S[1]_O[2])
                                                      0.580    11.793 r  u_vision/u_gauss/lb1/out_g_reg[7]_i_4/O[2]
                         net (fo=2, routed)           0.558    12.351    u_vision/u_gauss/lb1/PCOUT[6]
    SLICE_X33Y39         LUT5 (Prop_lut5_I4_O)        0.302    12.653 r  u_vision/u_gauss/lb1/out_g[3]_i_3/O
                         net (fo=2, routed)           0.509    13.163    u_vision/u_gauss/lb1/out_g[3]_i_3_n_0
    SLICE_X32Y39         LUT6 (Prop_lut6_I3_O)        0.124    13.287 r  u_vision/u_gauss/lb1/out_g[3]_i_7__0/O
                         net (fo=1, routed)           0.000    13.287    u_vision/u_gauss/lb1/out_g[3]_i_7__0_n_0
    SLICE_X32Y39         CARRY4 (Prop_carry4_S[3]_CO[3])
                                                      0.376    13.663 r  u_vision/u_gauss/lb1/out_g_reg[3]_i_1/CO[3]
                         net (fo=1, routed)           0.000    13.663    u_vision/u_gauss/lb1/out_g_reg[3]_i_1_n_0
    SLICE_X32Y40         CARRY4 (Prop_carry4_CI_O[1])
                                                      0.323    13.986 r  u_vision/u_gauss/lb1/out_g_reg[7]_i_1/O[1]
                         net (fo=1, routed)           0.000    13.986    u_vision/u_gauss/p_0_in[5]
    SLICE_X32Y40         FDCE                                         r  u_vision/u_gauss/out_g_reg[5]/D
  -------------------------------------------------------------------    -------------------

                         (clock pclk rise edge)      13.468    13.468 r  <hidden>
                                                      0.000    13.468 r  pclk
                         net (fo=1097, unset)         0.924    14.392    u_vision/u_gauss/pclk
    SLICE_X32Y40         FDCE                                         r  u_vision/u_gauss/out_g_reg[5]/C
                         clock pessimism              0.000    14.392    <hidden>
                         clock uncertainty           -0.185    14.207    <hidden>
    SLICE_X32Y40         FDCE (Setup_fdce_C_D)        0.109    14.316    u_vision/u_gauss/out_g_reg[5]
  -------------------------------------------------------------------
                         required time                         14.316    <hidden>
                         arrival time                         -13.986    <hidden>
  -------------------------------------------------------------------
                         slack                                  0.330    <hidden>





Min Delay Paths
--------------------------------------------------------------------------------------
Slack (MET) :             0.027ns  (arrival time - required time)
  Source:                 u_vision/u_copbuf/bank_config_reg[0][3]/C
                            (rising edge-triggered cell FDCE clocked by pclk  {rise@0.000ns fall@6.734ns period=13.468ns})
  Destination:            u_vision/u_copbuf/out_config_id_reg[3]/D
                            (rising edge-triggered cell FDCE clocked by pclk  {rise@0.000ns fall@6.734ns period=13.468ns})
  Path Group:             pclk
  Path Type:              Hold (Min at Fast Process Corner)
  Requirement:            0.000ns  (pclk rise@0.000ns - pclk rise@0.000ns)
  Data Path Delay:        0.290ns  (logic 0.186ns (64.100%)  route 0.104ns (35.900%))
  Logic Levels:           1  (LUT5=1)
  Clock Path Skew:        0.022ns (DCD - SCD - CPR)
    Destination Clock Delay (DCD):    0.432ns
    Source Clock Delay      (SCD):    0.410ns
    Clock Pessimism Removal (CPR):    -0.000ns
  Clock Uncertainty:      0.150ns  ((TSJ^2 + TIJ^2)^1/2 + DJ) / 2 + PE + UU
    Total System Jitter     (TSJ):    0.000ns
    Total Input Jitter      (TIJ):    0.000ns
    Discrete Jitter          (DJ):    0.000ns
    Phase Error              (PE):    0.000ns
    User Uncertainty         (UU):    0.150ns

    Location             Delay type                Incr(ns)  Path(ns)    Netlist Resource(s)
  -------------------------------------------------------------------    -------------------
                         (clock pclk rise edge)       0.000     0.000 r  <hidden>
                                                      0.000     0.000 r  pclk
                         net (fo=1097, unset)         0.410     0.410    u_vision/u_copbuf/pclk
    SLICE_X37Y48         FDCE                                         r  u_vision/u_copbuf/bank_config_reg[0][3]/C
  -------------------------------------------------------------------    -------------------
    SLICE_X37Y48         FDCE (Prop_fdce_C_Q)         0.141     0.551 r  u_vision/u_copbuf/bank_config_reg[0][3]/Q
                         net (fo=1, routed)           0.104     0.655    u_vision/u_copbuf/bank_config_reg[0]_11[3]
    SLICE_X37Y47         LUT5 (Prop_lut5_I4_O)        0.045     0.700 r  u_vision/u_copbuf/out_config_id[3]_i_1/O
                         net (fo=1, routed)           0.000     0.700    u_vision/u_copbuf/out_config_id[3]_i_1_n_0
    SLICE_X37Y47         FDCE                                         r  u_vision/u_copbuf/out_config_id_reg[3]/D
  -------------------------------------------------------------------    -------------------

                         (clock pclk rise edge)       0.000     0.000 r  <hidden>
                                                      0.000     0.000 r  pclk
                         net (fo=1097, unset)         0.432     0.432    u_vision/u_copbuf/pclk
    SLICE_X37Y47         FDCE                                         r  u_vision/u_copbuf/out_config_id_reg[3]/C
                         clock pessimism              0.000     0.432    <hidden>
                         clock uncertainty            0.150     0.582    <hidden>
    SLICE_X37Y47         FDCE (Hold_fdce_C_D)         0.092     0.674    u_vision/u_copbuf/out_config_id_reg[3]
  -------------------------------------------------------------------
                         required time                         -0.674    <hidden>
                         arrival time                           0.700    <hidden>
  -------------------------------------------------------------------
                         slack                                  0.027    <hidden>





Pulse Width Checks
--------------------------------------------------------------------------------------
Clock Name:         pclk
Waveform(ns):       { 0.000 6.734 }
Period(ns):         13.468
Sources:            { pclk }

Check Type        Corner  Lib Pin             Reference Pin  Required(ns)  Actual(ns)  Slack(ns)  Location      Pin
Min Period        n/a     RAMB36E1/CLKARDCLK  n/a            3.363         13.468      10.105     RAMB36_X2Y0   u_vision/u_copbuf/mem0_reg_0_0/CLKARDCLK
Low Pulse Width   Slow    SRL16E/CLK          n/a            0.980         6.734       5.754      SLICE_X38Y29  u_vision/u_gauss/hs_d2_reg_srl2_u_vision_u_sobel_vs_d2_reg_c/CLK
High Pulse Width  Slow    SRL16E/CLK          n/a            0.980         6.734       5.754      SLICE_X38Y29  u_vision/u_gauss/hs_d2_reg_srl2_u_vision_u_sobel_vs_d2_reg_c/CLK



---------------------------------------------------------------------------------------------------
From Clock:  axi_clk
  To Clock:  pclk

Setup :            0  Failing Endpoints,  Worst Slack        8.709ns,  Total Violation        0.000ns
Hold  :           NA  Failing Endpoints,  Worst Slack           NA  ,  Total Violation           NA
---------------------------------------------------------------------------------------------------


Max Delay Paths
--------------------------------------------------------------------------------------
Slack (MET) :             8.709ns  (required time - arrival time)
  Source:                 u_vision/u_config/hold_id_reg[18]/C
                            (rising edge-triggered cell FDCE clocked by axi_clk  {rise@0.000ns fall@5.000ns period=10.000ns})
  Destination:            u_vision/u_config/dst_id_reg[18]/D
                            (rising edge-triggered cell FDCE clocked by pclk  {rise@0.000ns fall@6.734ns period=13.468ns})
  Path Group:             pclk
  Path Type:              Setup (Max at Slow Process Corner)
  Requirement:            10.000ns  (MaxDelay Path 10.000ns)
  Data Path Delay:        1.248ns  (logic 0.456ns (36.525%)  route 0.792ns (63.475%))
  Logic Levels:           0  
  Timing Exception:       MaxDelay Path 10.000ns -datapath_only

    Location             Delay type                Incr(ns)  Path(ns)    Netlist Resource(s)
  -------------------------------------------------------------------    -------------------
    SLICE_X39Y53                                      0.000     0.000 r  u_vision/u_config/hold_id_reg[18]/C
    SLICE_X39Y53         FDCE (Prop_fdce_C_Q)         0.456     0.456 r  u_vision/u_config/hold_id_reg[18]/Q
                         net (fo=3, routed)           0.792     1.248    u_vision/u_config/hold_id_reg[18]
    SLICE_X38Y54         FDCE                                         r  u_vision/u_config/dst_id_reg[18]/D
  -------------------------------------------------------------------    -------------------

                         max delay                   10.000    10.000    <hidden>
    SLICE_X38Y54         FDCE (Setup_fdce_C_D)       -0.043     9.957    u_vision/u_config/dst_id_reg[18]
  -------------------------------------------------------------------
                         required time                          9.957    <hidden>
                         arrival time                          -1.248    <hidden>
  -------------------------------------------------------------------
                         slack                                  8.709    <hidden>





---------------------------------------------------------------------------------------------------
Path Group:  **async_default**
From Clock:  axi_clk
  To Clock:  axi_clk

Setup :            0  Failing Endpoints,  Worst Slack        4.716ns,  Total Violation        0.000ns
Hold  :            0  Failing Endpoints,  Worst Slack        0.489ns,  Total Violation        0.000ns
---------------------------------------------------------------------------------------------------


Max Delay Paths
--------------------------------------------------------------------------------------
Slack (MET) :             4.716ns  (required time - arrival time)
  Source:                 u_vision/u_axi_reset/release_pipe_reg[1]/C
                            (rising edge-triggered cell FDCE clocked by axi_clk  {rise@0.000ns fall@5.000ns period=10.000ns})
  Destination:            u_vision/u_regs/mem_reg[3][26]/CLR
                            (recovery check against rising-edge clock axi_clk  {rise@0.000ns fall@5.000ns period=10.000ns})
  Path Group:             **async_default**
  Path Type:              Recovery (Max at Slow Process Corner)
  Requirement:            10.000ns  (axi_clk rise@10.000ns - axi_clk rise@0.000ns)
  Data Path Delay:        4.645ns  (logic 0.718ns (15.459%)  route 3.927ns (84.541%))
  Logic Levels:           1  (LUT1=1)
  Clock Path Skew:        -0.049ns (DCD - SCD + CPR)
    Destination Clock Delay (DCD):    0.924ns = ( 10.924 - 10.000 ) 
    Source Clock Delay      (SCD):    0.973ns
    Clock Pessimism Removal (CPR):    0.000ns
  Clock Uncertainty:      0.185ns  ((TSJ^2 + TIJ^2)^1/2 + DJ) / 2 + PE + UU
    Total System Jitter     (TSJ):    0.071ns
    Total Input Jitter      (TIJ):    0.000ns
    Discrete Jitter          (DJ):    0.000ns
    Phase Error              (PE):    0.000ns
    User Uncertainty         (UU):    0.150ns

    Location             Delay type                Incr(ns)  Path(ns)    Netlist Resource(s)
  -------------------------------------------------------------------    -------------------
                         (clock axi_clk rise edge)    0.000     0.000 r  <hidden>
                                                      0.000     0.000 r  s_axi_aclk
                         net (fo=504, unset)          0.973     0.973    u_vision/u_axi_reset/s_axi_aclk
    SLICE_X40Y49         FDCE                                         r  u_vision/u_axi_reset/release_pipe_reg[1]/C
  -------------------------------------------------------------------    -------------------
    SLICE_X40Y49         FDCE (Prop_fdce_C_Q)         0.419     1.392 r  u_vision/u_axi_reset/release_pipe_reg[1]/Q
                         net (fo=1, routed)           0.849     2.241    u_vision/u_axi_reset/release_pipe[1]
    SLICE_X40Y49         LUT1 (Prop_lut1_I0_O)        0.299     2.540 f  u_vision/u_axi_reset/bvalid_i_2/O
                         net (fo=431, routed)         3.078     5.618    u_vision/u_regs/aw_hold_reg_0
    SLICE_X39Y58         FDCE                                         f  u_vision/u_regs/mem_reg[3][26]/CLR
  -------------------------------------------------------------------    -------------------

                         (clock axi_clk rise edge)   10.000    10.000 r  <hidden>
                                                      0.000    10.000 r  s_axi_aclk
                         net (fo=504, unset)          0.924    10.924    u_vision/u_regs/s_axi_aclk
    SLICE_X39Y58         FDCE                                         r  u_vision/u_regs/mem_reg[3][26]/C
                         clock pessimism              0.000    10.924    <hidden>
                         clock uncertainty           -0.185    10.739    <hidden>
    SLICE_X39Y58         FDCE (Recov_fdce_C_CLR)     -0.405    10.334    u_vision/u_regs/mem_reg[3][26]
  -------------------------------------------------------------------
                         required time                         10.334    <hidden>
                         arrival time                          -5.618    <hidden>
  -------------------------------------------------------------------
                         slack                                  4.716    <hidden>





Min Delay Paths
--------------------------------------------------------------------------------------
Slack (MET) :             0.489ns  (arrival time - required time)
  Source:                 u_vision/u_config/u_src_reset/release_pipe_reg[1]/C
                            (rising edge-triggered cell FDCE clocked by axi_clk  {rise@0.000ns fall@5.000ns period=10.000ns})
  Destination:            u_vision/u_config/hold_data_reg[0]/CLR
                            (removal check against rising-edge clock axi_clk  {rise@0.000ns fall@5.000ns period=10.000ns})
  Path Group:             **async_default**
  Path Type:              Removal (Min at Fast Process Corner)
  Requirement:            0.000ns  (axi_clk rise@0.000ns - axi_clk rise@0.000ns)
  Data Path Delay:        0.594ns  (logic 0.226ns (38.057%)  route 0.368ns (61.943%))
  Logic Levels:           1  (LUT1=1)
  Clock Path Skew:        0.022ns (DCD - SCD - CPR)
    Destination Clock Delay (DCD):    0.432ns
    Source Clock Delay      (SCD):    0.410ns
    Clock Pessimism Removal (CPR):    -0.000ns
  Clock Uncertainty:      0.150ns  ((TSJ^2 + TIJ^2)^1/2 + DJ) / 2 + PE + UU
    Total System Jitter     (TSJ):    0.000ns
    Total Input Jitter      (TIJ):    0.000ns
    Discrete Jitter          (DJ):    0.000ns
    Phase Error              (PE):    0.000ns
    User Uncertainty         (UU):    0.150ns

    Location             Delay type                Incr(ns)  Path(ns)    Netlist Resource(s)
  -------------------------------------------------------------------    -------------------
                         (clock axi_clk rise edge)    0.000     0.000 r  <hidden>
                                                      0.000     0.000 r  s_axi_aclk
                         net (fo=504, unset)          0.410     0.410    u_vision/u_config/u_src_reset/s_axi_aclk
    SLICE_X40Y49         FDCE                                         r  u_vision/u_config/u_src_reset/release_pipe_reg[1]/C
  -------------------------------------------------------------------    -------------------
    SLICE_X40Y49         FDCE (Prop_fdce_C_Q)         0.128     0.538 r  u_vision/u_config/u_src_reset/release_pipe_reg[1]/Q
                         net (fo=1, routed)           0.228     0.766    u_vision/u_config/u_src_reset/release_pipe[1]
    SLICE_X40Y49         LUT1 (Prop_lut1_I0_O)        0.098     0.864 f  u_vision/u_config/u_src_reset/request_i_3/O
                         net (fo=70, routed)          0.140     1.004    u_vision/u_config/u_src_reset_n_0
    SLICE_X38Y49         FDCE                                         f  u_vision/u_config/hold_data_reg[0]/CLR
  -------------------------------------------------------------------    -------------------

                         (clock axi_clk rise edge)    0.000     0.000 r  <hidden>
                                                      0.000     0.000 r  s_axi_aclk
                         net (fo=504, unset)          0.432     0.432    u_vision/u_config/s_axi_aclk
    SLICE_X38Y49         FDCE                                         r  u_vision/u_config/hold_data_reg[0]/C
                         clock pessimism              0.000     0.432    <hidden>
                         clock uncertainty            0.150     0.582    <hidden>
    SLICE_X38Y49         FDCE (Remov_fdce_C_CLR)     -0.067     0.515    u_vision/u_config/hold_data_reg[0]
  -------------------------------------------------------------------
                         required time                         -0.515    <hidden>
                         arrival time                           1.004    <hidden>
  -------------------------------------------------------------------
                         slack                                  0.489    <hidden>





---------------------------------------------------------------------------------------------------
Path Group:  **async_default**
From Clock:  pclk
  To Clock:  pclk

Setup :            0  Failing Endpoints,  Worst Slack        2.853ns,  Total Violation        0.000ns
Hold  :            0  Failing Endpoints,  Worst Slack        0.588ns,  Total Violation        0.000ns
---------------------------------------------------------------------------------------------------


Max Delay Paths
--------------------------------------------------------------------------------------
Slack (MET) :             2.853ns  (required time - arrival time)
  Source:                 u_vision/u_pixel_reset/release_pipe_reg[1]/C
                            (rising edge-triggered cell FDCE clocked by pclk  {rise@0.000ns fall@6.734ns period=13.468ns})
  Destination:            u_vision/u_scaler/x_acc_reg[11]/PRE
                            (recovery check against rising-edge clock pclk  {rise@0.000ns fall@6.734ns period=13.468ns})
  Path Group:             **async_default**
  Path Type:              Recovery (Max at Slow Process Corner)
  Requirement:            13.468ns  (pclk rise@13.468ns - pclk rise@0.000ns)
  Data Path Delay:        10.022ns  (logic 0.715ns (7.135%)  route 9.307ns (92.865%))
  Logic Levels:           1  (LUT1=1)
  Clock Path Skew:        -0.049ns (DCD - SCD + CPR)
    Destination Clock Delay (DCD):    0.924ns = ( 14.392 - 13.468 ) 
    Source Clock Delay      (SCD):    0.973ns
    Clock Pessimism Removal (CPR):    0.000ns
  Clock Uncertainty:      0.185ns  ((TSJ^2 + TIJ^2)^1/2 + DJ) / 2 + PE + UU
    Total System Jitter     (TSJ):    0.071ns
    Total Input Jitter      (TIJ):    0.000ns
    Discrete Jitter          (DJ):    0.000ns
    Phase Error              (PE):    0.000ns
    User Uncertainty         (UU):    0.150ns

    Location             Delay type                Incr(ns)  Path(ns)    Netlist Resource(s)
  -------------------------------------------------------------------    -------------------
                         (clock pclk rise edge)       0.000     0.000 r  <hidden>
                                                      0.000     0.000 r  pclk
                         net (fo=1097, unset)         0.973     0.973    u_vision/u_pixel_reset/pclk
    SLICE_X41Y43         FDCE                                         r  u_vision/u_pixel_reset/release_pipe_reg[1]/C
  -------------------------------------------------------------------    -------------------
    SLICE_X41Y43         FDCE (Prop_fdce_C_Q)         0.419     1.392 r  u_vision/u_pixel_reset/release_pipe_reg[1]/Q
                         net (fo=79, routed)          1.042     2.434    u_vision/u_pixel_reset/release_pipe[1]
    SLICE_X50Y43         LUT1 (Prop_lut1_I0_O)        0.296     2.730 f  u_vision/u_pixel_reset/out_vs_i_1/O
                         net (fo=791, routed)         8.264    10.995    u_vision/u_scaler/y_acc_reg[0]_1
    SLICE_X23Y13         FDPE                                         f  u_vision/u_scaler/x_acc_reg[11]/PRE
  -------------------------------------------------------------------    -------------------

                         (clock pclk rise edge)      13.468    13.468 r  <hidden>
                                                      0.000    13.468 r  pclk
                         net (fo=1097, unset)         0.924    14.392    u_vision/u_scaler/pclk
    SLICE_X23Y13         FDPE                                         r  u_vision/u_scaler/x_acc_reg[11]/C
                         clock pessimism              0.000    14.392    <hidden>
                         clock uncertainty           -0.185    14.207    <hidden>
    SLICE_X23Y13         FDPE (Recov_fdpe_C_PRE)     -0.359    13.848    u_vision/u_scaler/x_acc_reg[11]
  -------------------------------------------------------------------
                         required time                         13.848    <hidden>
                         arrival time                         -10.995    <hidden>
  -------------------------------------------------------------------
                         slack                                  2.853    <hidden>





Min Delay Paths
--------------------------------------------------------------------------------------
Slack (MET) :             0.588ns  (arrival time - required time)
  Source:                 u_vision/u_config/u_dst_reset/release_pipe_reg[1]/C
                            (rising edge-triggered cell FDCE clocked by pclk  {rise@0.000ns fall@6.734ns period=13.468ns})
  Destination:            u_vision/u_config/dst_data_reg[0]/CLR
                            (removal check against rising-edge clock pclk  {rise@0.000ns fall@6.734ns period=13.468ns})
  Path Group:             **async_default**
  Path Type:              Removal (Min at Fast Process Corner)
  Requirement:            0.000ns  (pclk rise@0.000ns - pclk rise@0.000ns)
  Data Path Delay:        0.692ns  (logic 0.227ns (32.798%)  route 0.465ns (67.202%))
  Logic Levels:           1  (LUT1=1)
  Clock Path Skew:        0.022ns (DCD - SCD - CPR)
    Destination Clock Delay (DCD):    0.432ns
    Source Clock Delay      (SCD):    0.410ns
    Clock Pessimism Removal (CPR):    -0.000ns
  Clock Uncertainty:      0.150ns  ((TSJ^2 + TIJ^2)^1/2 + DJ) / 2 + PE + UU
    Total System Jitter     (TSJ):    0.000ns
    Total Input Jitter      (TIJ):    0.000ns
    Discrete Jitter          (DJ):    0.000ns
    Phase Error              (PE):    0.000ns
    User Uncertainty         (UU):    0.150ns

    Location             Delay type                Incr(ns)  Path(ns)    Netlist Resource(s)
  -------------------------------------------------------------------    -------------------
                         (clock pclk rise edge)       0.000     0.000 r  <hidden>
                                                      0.000     0.000 r  pclk
                         net (fo=1097, unset)         0.410     0.410    u_vision/u_config/u_dst_reset/pclk
    SLICE_X39Y48         FDCE                                         r  u_vision/u_config/u_dst_reset/release_pipe_reg[1]/C
  -------------------------------------------------------------------    -------------------
    SLICE_X39Y48         FDCE (Prop_fdce_C_Q)         0.128     0.538 r  u_vision/u_config/u_dst_reset/release_pipe_reg[1]/Q
                         net (fo=1, routed)           0.283     0.821    u_vision/u_config/u_dst_reset/release_pipe[1]
    SLICE_X39Y48         LUT1 (Prop_lut1_I0_O)        0.099     0.920 f  u_vision/u_config/u_dst_reset/dst_id[31]_i_2/O
                         net (fo=38, routed)          0.182     1.102    u_vision/u_config/u_dst_reset_n_0
    SLICE_X38Y48         FDCE                                         f  u_vision/u_config/dst_data_reg[0]/CLR
  -------------------------------------------------------------------    -------------------

                         (clock pclk rise edge)       0.000     0.000 r  <hidden>
                                                      0.000     0.000 r  pclk
                         net (fo=1097, unset)         0.432     0.432    u_vision/u_config/pclk
    SLICE_X38Y48         FDCE                                         r  u_vision/u_config/dst_data_reg[0]/C
                         clock pessimism              0.000     0.432    <hidden>
                         clock uncertainty            0.150     0.582    <hidden>
    SLICE_X38Y48         FDCE (Remov_fdce_C_CLR)     -0.067     0.515    u_vision/u_config/dst_data_reg[0]
  -------------------------------------------------------------------
                         required time                         -0.515    <hidden>
                         arrival time                           1.102    <hidden>
  -------------------------------------------------------------------
                         slack                                  0.588    <hidden>





--------------------------------------------------------------------------------------
Path Group:  (none)
From Clock:  
  To Clock:  axi_clk

Max Delay             4 Endpoints
Min Delay             4 Endpoints
--------------------------------------------------------------------------------------


Max Delay Paths
--------------------------------------------------------------------------------------
Slack:                    inf
  Source:                 rst_n
                            (input port)
  Destination:            u_vision/u_axi_reset/release_pipe_reg[0]/CLR
                            (recovery check against rising-edge clock axi_clk  {rise@0.000ns fall@5.000ns period=10.000ns})
  Path Group:             (none)
  Path Type:              Recovery (Max at Slow Process Corner)
  Data Path Delay:        1.903ns  (logic 0.124ns (6.516%)  route 1.779ns (93.484%))
  Logic Levels:           1  (LUT1=1)
  Clock Path Skew:        0.924ns (DCD - SCD + CPR)
    Destination Clock Delay (DCD):    0.924ns
    Source Clock Delay      (SCD):    0.000ns
    Clock Pessimism Removal (CPR):    0.000ns
  Clock Uncertainty:      0.175ns  ((TSJ^2 + TIJ^2)^1/2 + DJ) / 2 + PE + UU
    Total System Jitter     (TSJ):    0.050ns
    Total Input Jitter      (TIJ):    0.000ns
    Discrete Jitter          (DJ):    0.000ns
    Phase Error              (PE):    0.000ns
    User Uncertainty         (UU):    0.150ns
  Timing Exception:       False Path

    Location             Delay type                Incr(ns)  Path(ns)    Netlist Resource(s)
  -------------------------------------------------------------------    -------------------
                                                      0.000     0.000 r  rst_n
                         net (fo=0)                   0.973     0.973    u_vision/u_config/u_dst_reset/rst_n
    SLICE_X39Y48         LUT1 (Prop_lut1_I0_O)        0.124     1.097 f  u_vision/u_config/u_dst_reset/release_pipe[1]_i_1/O
                         net (fo=10, routed)          0.806     1.903    u_vision/u_axi_reset/release_pipe_reg[0]_0
    SLICE_X40Y49         FDCE                                         f  u_vision/u_axi_reset/release_pipe_reg[0]/CLR
  -------------------------------------------------------------------    -------------------

                         (clock axi_clk rise edge)    0.000     0.000 r  <hidden>
                                                      0.000     0.000 r  s_axi_aclk
                         net (fo=504, unset)          0.924     0.924    u_vision/u_axi_reset/s_axi_aclk
    SLICE_X40Y49         FDCE                                         r  u_vision/u_axi_reset/release_pipe_reg[0]/C





Min Delay Paths
--------------------------------------------------------------------------------------
Slack:                    inf
  Source:                 rst_n
                            (input port)
  Destination:            u_vision/u_axi_reset/release_pipe_reg[0]/CLR
                            (removal check against rising-edge clock axi_clk  {rise@0.000ns fall@5.000ns period=10.000ns})
  Path Group:             (none)
  Path Type:              Removal (Min at Fast Process Corner)
  Data Path Delay:        0.747ns  (logic 0.045ns (6.024%)  route 0.702ns (93.976%))
  Logic Levels:           1  (LUT1=1)
  Clock Path Skew:        0.432ns (DCD - SCD - CPR)
    Destination Clock Delay (DCD):    0.432ns
    Source Clock Delay      (SCD):    0.000ns
    Clock Pessimism Removal (CPR):    -0.000ns
  Timing Exception:       False Path

    Location             Delay type                Incr(ns)  Path(ns)    Netlist Resource(s)
  -------------------------------------------------------------------    -------------------
                                                      0.000     0.000 r  rst_n
                         net (fo=0)                   0.410     0.410    u_vision/u_config/u_dst_reset/rst_n
    SLICE_X39Y48         LUT1 (Prop_lut1_I0_O)        0.045     0.455 f  u_vision/u_config/u_dst_reset/release_pipe[1]_i_1/O
                         net (fo=10, routed)          0.292     0.747    u_vision/u_axi_reset/release_pipe_reg[0]_0
    SLICE_X40Y49         FDCE                                         f  u_vision/u_axi_reset/release_pipe_reg[0]/CLR
  -------------------------------------------------------------------    -------------------

                         (clock axi_clk rise edge)    0.000     0.000 r  <hidden>
                                                      0.000     0.000 r  s_axi_aclk
                         net (fo=504, unset)          0.432     0.432    u_vision/u_axi_reset/s_axi_aclk
    SLICE_X40Y49         FDCE                                         r  u_vision/u_axi_reset/release_pipe_reg[0]/C





--------------------------------------------------------------------------------------
Path Group:  (none)
From Clock:  pclk
  To Clock:  axi_clk

Max Delay             1 Endpoint
Min Delay             1 Endpoint
--------------------------------------------------------------------------------------


Max Delay Paths
--------------------------------------------------------------------------------------
Slack:                    inf
  Source:                 u_vision/u_config/acknowledge_reg/C
                            (rising edge-triggered cell FDCE clocked by pclk  {rise@0.000ns fall@6.734ns period=13.468ns})
  Destination:            u_vision/u_config/ack_meta_reg/D
                            (rising edge-triggered cell FDCE clocked by axi_clk  {rise@0.000ns fall@5.000ns period=10.000ns})
  Path Group:             (none)
  Path Type:              Setup (Max at Slow Process Corner)
  Data Path Delay:        1.167ns  (logic 0.518ns (44.387%)  route 0.649ns (55.613%))
  Logic Levels:           0  
  Clock Path Skew:        -0.049ns (DCD - SCD + CPR)
    Destination Clock Delay (DCD):    0.924ns
    Source Clock Delay      (SCD):    0.973ns
    Clock Pessimism Removal (CPR):    0.000ns
  Clock Uncertainty:      0.185ns  ((TSJ^2 + TIJ^2)^1/2 + DJ) / 2 + PE + UU
    Total System Jitter     (TSJ):    0.071ns
    Total Input Jitter      (TIJ):    0.000ns
    Discrete Jitter          (DJ):    0.000ns
    Phase Error              (PE):    0.000ns
    User Uncertainty         (UU):    0.150ns
  Timing Exception:       False Path

    Location             Delay type                Incr(ns)  Path(ns)    Netlist Resource(s)
  -------------------------------------------------------------------    -------------------
                         (clock pclk rise edge)       0.000     0.000 r  <hidden>
                                                      0.000     0.000 r  pclk
                         net (fo=1097, unset)         0.973     0.973    u_vision/u_config/pclk
    SLICE_X38Y51         FDCE                                         r  u_vision/u_config/acknowledge_reg/C
  -------------------------------------------------------------------    -------------------
    SLICE_X38Y51         FDCE (Prop_fdce_C_Q)         0.518     1.491 r  u_vision/u_config/acknowledge_reg/Q
                         net (fo=2, routed)           0.649     2.140    u_vision/u_config/acknowledge
    SLICE_X40Y52         FDCE                                         r  u_vision/u_config/ack_meta_reg/D
  -------------------------------------------------------------------    -------------------

                         (clock axi_clk rise edge)    0.000     0.000 r  <hidden>
                                                      0.000     0.000 r  s_axi_aclk
                         net (fo=504, unset)          0.924     0.924    u_vision/u_config/s_axi_aclk
    SLICE_X40Y52         FDCE                                         r  u_vision/u_config/ack_meta_reg/C





Min Delay Paths
--------------------------------------------------------------------------------------
Slack:                    inf
  Source:                 u_vision/u_config/acknowledge_reg/C
                            (rising edge-triggered cell FDCE clocked by pclk  {rise@0.000ns fall@6.734ns period=13.468ns})
  Destination:            u_vision/u_config/ack_meta_reg/D
                            (rising edge-triggered cell FDCE clocked by axi_clk  {rise@0.000ns fall@5.000ns period=10.000ns})
  Path Group:             (none)
  Path Type:              Hold (Min at Fast Process Corner)
  Data Path Delay:        0.411ns  (logic 0.164ns (39.902%)  route 0.247ns (60.098%))
  Logic Levels:           0  
  Clock Path Skew:        0.022ns (DCD - SCD - CPR)
    Destination Clock Delay (DCD):    0.432ns
    Source Clock Delay      (SCD):    0.410ns
    Clock Pessimism Removal (CPR):    -0.000ns
  Clock Uncertainty:      0.185ns  ((TSJ^2 + TIJ^2)^1/2 + DJ) / 2 + PE + UU
    Total System Jitter     (TSJ):    0.071ns
    Total Input Jitter      (TIJ):    0.000ns
    Discrete Jitter          (DJ):    0.000ns
    Phase Error              (PE):    0.000ns
    User Uncertainty         (UU):    0.150ns
  Timing Exception:       False Path

    Location             Delay type                Incr(ns)  Path(ns)    Netlist Resource(s)
  -------------------------------------------------------------------    -------------------
                         (clock pclk rise edge)       0.000     0.000 r  <hidden>
                                                      0.000     0.000 r  pclk
                         net (fo=1097, unset)         0.410     0.410    u_vision/u_config/pclk
    SLICE_X38Y51         FDCE                                         r  u_vision/u_config/acknowledge_reg/C
  -------------------------------------------------------------------    -------------------
    SLICE_X38Y51         FDCE (Prop_fdce_C_Q)         0.164     0.574 r  u_vision/u_config/acknowledge_reg/Q
                         net (fo=2, routed)           0.247     0.821    u_vision/u_config/acknowledge
    SLICE_X40Y52         FDCE                                         r  u_vision/u_config/ack_meta_reg/D
  -------------------------------------------------------------------    -------------------

                         (clock axi_clk rise edge)    0.000     0.000 r  <hidden>
                                                      0.000     0.000 r  s_axi_aclk
                         net (fo=504, unset)          0.432     0.432    u_vision/u_config/s_axi_aclk
    SLICE_X40Y52         FDCE                                         r  u_vision/u_config/ack_meta_reg/C





--------------------------------------------------------------------------------------
Path Group:  (none)
From Clock:  
  To Clock:  pclk

Max Delay             6 Endpoints
Min Delay             6 Endpoints
--------------------------------------------------------------------------------------


Max Delay Paths
--------------------------------------------------------------------------------------
Slack:                    inf
  Source:                 rst_n
                            (input port)
  Destination:            u_reset/release_pipe_reg[0]/CLR
                            (recovery check against rising-edge clock pclk  {rise@0.000ns fall@6.734ns period=13.468ns})
  Path Group:             (none)
  Path Type:              Recovery (Max at Slow Process Corner)
  Data Path Delay:        1.800ns  (logic 0.124ns (6.890%)  route 1.676ns (93.110%))
  Logic Levels:           1  (LUT1=1)
  Clock Path Skew:        0.924ns (DCD - SCD + CPR)
    Destination Clock Delay (DCD):    0.924ns
    Source Clock Delay      (SCD):    0.000ns
    Clock Pessimism Removal (CPR):    0.000ns
  Clock Uncertainty:      0.175ns  ((TSJ^2 + TIJ^2)^1/2 + DJ) / 2 + PE + UU
    Total System Jitter     (TSJ):    0.050ns
    Total Input Jitter      (TIJ):    0.000ns
    Discrete Jitter          (DJ):    0.000ns
    Phase Error              (PE):    0.000ns
    User Uncertainty         (UU):    0.150ns
  Timing Exception:       False Path

    Location             Delay type                Incr(ns)  Path(ns)    Netlist Resource(s)
  -------------------------------------------------------------------    -------------------
                                                      0.000     0.000 r  rst_n
                         net (fo=0)                   0.973     0.973    u_vision/u_config/u_dst_reset/rst_n
    SLICE_X39Y48         LUT1 (Prop_lut1_I0_O)        0.124     1.097 f  u_vision/u_config/u_dst_reset/release_pipe[1]_i_1/O
                         net (fo=10, routed)          0.703     1.800    u_reset/release_pipe_reg[0]_0
    SLICE_X41Y43         FDCE                                         f  u_reset/release_pipe_reg[0]/CLR
  -------------------------------------------------------------------    -------------------

                         (clock pclk rise edge)       0.000     0.000 r  <hidden>
                                                      0.000     0.000 r  pclk
                         net (fo=1097, unset)         0.924     0.924    u_reset/pclk
    SLICE_X41Y43         FDCE                                         r  u_reset/release_pipe_reg[0]/C





Min Delay Paths
--------------------------------------------------------------------------------------
Slack:                    inf
  Source:                 rst_n
                            (input port)
  Destination:            u_vision/u_config/u_dst_reset/release_pipe_reg[0]/CLR
                            (removal check against rising-edge clock pclk  {rise@0.000ns fall@6.734ns period=13.468ns})
  Path Group:             (none)
  Path Type:              Removal (Min at Fast Process Corner)
  Data Path Delay:        0.684ns  (logic 0.045ns (6.583%)  route 0.639ns (93.417%))
  Logic Levels:           1  (LUT1=1)
  Clock Path Skew:        0.432ns (DCD - SCD - CPR)
    Destination Clock Delay (DCD):    0.432ns
    Source Clock Delay      (SCD):    0.000ns
    Clock Pessimism Removal (CPR):    -0.000ns
  Timing Exception:       False Path

    Location             Delay type                Incr(ns)  Path(ns)    Netlist Resource(s)
  -------------------------------------------------------------------    -------------------
                                                      0.000     0.000 r  rst_n
                         net (fo=0)                   0.410     0.410    u_vision/u_config/u_dst_reset/rst_n
    SLICE_X39Y48         LUT1 (Prop_lut1_I0_O)        0.045     0.455 f  u_vision/u_config/u_dst_reset/release_pipe[1]_i_1/O
                         net (fo=10, routed)          0.228     0.684    u_vision/u_config/u_dst_reset/rst_n_0
    SLICE_X39Y48         FDCE                                         f  u_vision/u_config/u_dst_reset/release_pipe_reg[0]/CLR
  -------------------------------------------------------------------    -------------------

                         (clock pclk rise edge)       0.000     0.000 r  <hidden>
                                                      0.000     0.000 r  pclk
                         net (fo=1097, unset)         0.432     0.432    u_vision/u_config/u_dst_reset/pclk
    SLICE_X39Y48         FDCE                                         r  u_vision/u_config/u_dst_reset/release_pipe_reg[0]/C





--------------------------------------------------------------------------------------
Path Group:  (none)
From Clock:  axi_clk
  To Clock:  pclk

Max Delay             1 Endpoint
Min Delay            36 Endpoints
--------------------------------------------------------------------------------------


Max Delay Paths
--------------------------------------------------------------------------------------
Slack:                    inf
  Source:                 u_vision/u_config/request_reg/C
                            (rising edge-triggered cell FDCE clocked by axi_clk  {rise@0.000ns fall@5.000ns period=10.000ns})
  Destination:            u_vision/u_config/req_meta_reg/D
                            (rising edge-triggered cell FDCE clocked by pclk  {rise@0.000ns fall@6.734ns period=13.468ns})
  Path Group:             (none)
  Path Type:              Setup (Max at Slow Process Corner)
  Data Path Delay:        1.367ns  (logic 0.518ns (37.904%)  route 0.849ns (62.096%))
  Logic Levels:           0  
  Clock Path Skew:        -0.049ns (DCD - SCD + CPR)
    Destination Clock Delay (DCD):    0.924ns
    Source Clock Delay      (SCD):    0.973ns
    Clock Pessimism Removal (CPR):    0.000ns
  Clock Uncertainty:      0.185ns  ((TSJ^2 + TIJ^2)^1/2 + DJ) / 2 + PE + UU
    Total System Jitter     (TSJ):    0.071ns
    Total Input Jitter      (TIJ):    0.000ns
    Discrete Jitter          (DJ):    0.000ns
    Phase Error              (PE):    0.000ns
    User Uncertainty         (UU):    0.150ns
  Timing Exception:       False Path

    Location             Delay type                Incr(ns)  Path(ns)    Netlist Resource(s)
  -------------------------------------------------------------------    -------------------
                         (clock axi_clk rise edge)    0.000     0.000 r  <hidden>
                                                      0.000     0.000 r  s_axi_aclk
                         net (fo=504, unset)          0.973     0.973    u_vision/u_config/s_axi_aclk
    SLICE_X38Y49         FDCE                                         r  u_vision/u_config/request_reg/C
  -------------------------------------------------------------------    -------------------
    SLICE_X38Y49         FDCE (Prop_fdce_C_Q)         0.518     1.491 r  u_vision/u_config/request_reg/Q
                         net (fo=7, routed)           0.849     2.340    u_vision/u_config/request
    SLICE_X38Y52         FDCE                                         r  u_vision/u_config/req_meta_reg/D
  -------------------------------------------------------------------    -------------------

                         (clock pclk rise edge)       0.000     0.000 r  <hidden>
                                                      0.000     0.000 r  pclk
                         net (fo=1097, unset)         0.924     0.924    u_vision/u_config/pclk
    SLICE_X38Y52         FDCE                                         r  u_vision/u_config/req_meta_reg/C





Min Delay Paths
--------------------------------------------------------------------------------------
Slack:                    inf
  Source:                 u_vision/u_config/hold_id_reg[25]/C
                            (rising edge-triggered cell FDCE clocked by axi_clk  {rise@0.000ns fall@5.000ns period=10.000ns})
  Destination:            u_vision/u_config/dst_id_reg[25]/D
                            (rising edge-triggered cell FDCE clocked by pclk  {rise@0.000ns fall@6.734ns period=13.468ns})
  Path Group:             (none)
  Path Type:              Hold (Min at Fast Process Corner)
  Data Path Delay:        0.246ns  (logic 0.141ns (57.422%)  route 0.105ns (42.578%))
  Logic Levels:           0  
  Clock Path Skew:        0.022ns (DCD - SCD - CPR)
    Destination Clock Delay (DCD):    0.432ns
    Source Clock Delay      (SCD):    0.410ns
    Clock Pessimism Removal (CPR):    -0.000ns
  Clock Uncertainty:      0.185ns  ((TSJ^2 + TIJ^2)^1/2 + DJ) / 2 + PE + UU
    Total System Jitter     (TSJ):    0.071ns
    Total Input Jitter      (TIJ):    0.000ns
    Discrete Jitter          (DJ):    0.000ns
    Phase Error              (PE):    0.000ns
    User Uncertainty         (UU):    0.150ns
  Timing Exception:       False Path

    Location             Delay type                Incr(ns)  Path(ns)    Netlist Resource(s)
  -------------------------------------------------------------------    -------------------
                         (clock axi_clk rise edge)    0.000     0.000 r  <hidden>
                                                      0.000     0.000 r  s_axi_aclk
                         net (fo=504, unset)          0.410     0.410    u_vision/u_config/s_axi_aclk
    SLICE_X39Y55         FDCE                                         r  u_vision/u_config/hold_id_reg[25]/C
  -------------------------------------------------------------------    -------------------
    SLICE_X39Y55         FDCE (Prop_fdce_C_Q)         0.141     0.551 r  u_vision/u_config/hold_id_reg[25]/Q
                         net (fo=3, routed)           0.105     0.656    u_vision/u_config/hold_id_reg[25]
    SLICE_X37Y54         FDCE                                         r  u_vision/u_config/dst_id_reg[25]/D
  -------------------------------------------------------------------    -------------------

                         (clock pclk rise edge)       0.000     0.000 r  <hidden>
                                                      0.000     0.000 r  pclk
                         net (fo=1097, unset)         0.432     0.432    u_vision/u_config/pclk
    SLICE_X37Y54         FDCE                                         r  u_vision/u_config/dst_id_reg[25]/C





--------------------------------------------------------------------------------------
Path Group:  (none)
From Clock:  
  To Clock:  

Max Delay             1 Endpoint
Min Delay             1 Endpoint
--------------------------------------------------------------------------------------


Max Delay Paths
--------------------------------------------------------------------------------------
Slack:                    inf
  Source:                 rready
                            (input port)
  Destination:            arready
                            (output port)
  Path Group:             (none)
  Path Type:              Max at Slow Process Corner
  Data Path Delay:        2.065ns  (logic 0.119ns (5.763%)  route 1.946ns (94.237%))
  Logic Levels:           1  (LUT2=1)

    Location             Delay type                Incr(ns)  Path(ns)    Netlist Resource(s)
  -------------------------------------------------------------------    -------------------
                                                      0.000     0.000 r  rready
                         net (fo=3, unset)            0.973     0.973    u_vision/u_regs/rready
    SLICE_X40Y50         LUT2 (Prop_lut2_I0_O)        0.119     1.092 r  u_vision/u_regs/arready_INST_0/O
                         net (fo=0)                   0.973     2.065    arready
                                                                      r  arready
  -------------------------------------------------------------------    -------------------





Min Delay Paths
--------------------------------------------------------------------------------------
Slack:                    inf
  Source:                 rready
                            (input port)
  Destination:            arready
                            (output port)
  Path Group:             (none)
  Path Type:              Min at Fast Process Corner
  Data Path Delay:        0.869ns  (logic 0.049ns (5.637%)  route 0.820ns (94.363%))
  Logic Levels:           1  (LUT2=1)

    Location             Delay type                Incr(ns)  Path(ns)    Netlist Resource(s)
  -------------------------------------------------------------------    -------------------
                                                      0.000     0.000 r  rready
                         net (fo=3, unset)            0.410     0.410    u_vision/u_regs/rready
    SLICE_X40Y50         LUT2 (Prop_lut2_I0_O)        0.049     0.459 r  u_vision/u_regs/arready_INST_0/O
                         net (fo=0)                   0.410     0.869    arready
                                                                      r  arready
  -------------------------------------------------------------------    -------------------





--------------------------------------------------------------------------------------
Path Group:  (none)
From Clock:  axi_clk
  To Clock:  

Max Delay            38 Endpoints
Min Delay            38 Endpoints
--------------------------------------------------------------------------------------


Max Delay Paths
--------------------------------------------------------------------------------------
Slack:                    inf
  Source:                 u_vision/u_regs/w_hold_reg/C
                            (rising edge-triggered cell FDCE clocked by axi_clk  {rise@0.000ns fall@5.000ns period=10.000ns})
  Destination:            wready
                            (output port)
  Path Group:             (none)
  Path Type:              Max at Slow Process Corner
  Data Path Delay:        2.686ns  (logic 0.746ns (27.771%)  route 1.940ns (72.229%))
  Logic Levels:           1  (LUT2=1)
  Clock Uncertainty:      0.175ns  ((TSJ^2 + TIJ^2)^1/2 + DJ) / 2 + PE + UU
    Total System Jitter     (TSJ):    0.050ns
    Total Input Jitter      (TIJ):    0.000ns
    Discrete Jitter          (DJ):    0.000ns
    Phase Error              (PE):    0.000ns
    User Uncertainty         (UU):    0.150ns

    Location             Delay type                Incr(ns)  Path(ns)    Netlist Resource(s)
  -------------------------------------------------------------------    -------------------
                         (clock axi_clk rise edge)    0.000     0.000 r  <hidden>
                                                      0.000     0.000 r  s_axi_aclk
                         net (fo=504, unset)          0.973     0.973    u_vision/u_regs/s_axi_aclk
    SLICE_X45Y56         FDCE                                         r  u_vision/u_regs/w_hold_reg/C
  -------------------------------------------------------------------    -------------------
    SLICE_X45Y56         FDCE (Prop_fdce_C_Q)         0.419     1.392 f  u_vision/u_regs/w_hold_reg/Q
                         net (fo=83, routed)          0.967     2.359    u_vision/u_regs/w_hold_reg_n_0
    SLICE_X44Y56         LUT2 (Prop_lut2_I0_O)        0.327     2.686 r  u_vision/u_regs/wready_INST_0/O
                         net (fo=0)                   0.973     3.659    wready
                                                                      r  wready
  -------------------------------------------------------------------    -------------------





Min Delay Paths
--------------------------------------------------------------------------------------
Slack:                    inf
  Source:                 u_vision/u_regs/write_response_reg[1]/C
                            (rising edge-triggered cell FDCE clocked by axi_clk  {rise@0.000ns fall@5.000ns period=10.000ns})
  Destination:            bresp[1]
                            (output port)
  Path Group:             (none)
  Path Type:              Min at Fast Process Corner
  Data Path Delay:        0.538ns  (logic 0.128ns (23.786%)  route 0.410ns (76.214%))
  Logic Levels:           0  
  Clock Uncertainty:      0.175ns  ((TSJ^2 + TIJ^2)^1/2 + DJ) / 2 + PE + UU
    Total System Jitter     (TSJ):    0.050ns
    Total Input Jitter      (TIJ):    0.000ns
    Discrete Jitter          (DJ):    0.000ns
    Phase Error              (PE):    0.000ns
    User Uncertainty         (UU):    0.150ns

    Location             Delay type                Incr(ns)  Path(ns)    Netlist Resource(s)
  -------------------------------------------------------------------    -------------------
                         (clock axi_clk rise edge)    0.000     0.000 r  <hidden>
                                                      0.000     0.000 r  s_axi_aclk
                         net (fo=504, unset)          0.410     0.410    u_vision/u_regs/s_axi_aclk
    SLICE_X40Y50         FDCE                                         r  u_vision/u_regs/write_response_reg[1]/C
  -------------------------------------------------------------------    -------------------
    SLICE_X40Y50         FDCE (Prop_fdce_C_Q)         0.128     0.538 r  u_vision/u_regs/write_response_reg[1]/Q
                         net (fo=1, unset)            0.410     0.948    bresp[1]
                                                                      r  bresp[1]
  -------------------------------------------------------------------    -------------------





--------------------------------------------------------------------------------------
Path Group:  (none)
From Clock:  pclk
  To Clock:  

Max Delay           198 Endpoints
Min Delay           198 Endpoints
--------------------------------------------------------------------------------------


Max Delay Paths
--------------------------------------------------------------------------------------
Slack:                    inf
  Source:                 u_vision/u_config/dst_id_reg[0]/C
                            (rising edge-triggered cell FDCE clocked by pclk  {rise@0.000ns fall@6.734ns period=13.468ns})
  Destination:            active_config_id[0]
                            (output port)
  Path Group:             (none)
  Path Type:              Max at Slow Process Corner
  Data Path Delay:        1.491ns  (logic 0.518ns (34.742%)  route 0.973ns (65.258%))
  Logic Levels:           0  
  Clock Uncertainty:      0.175ns  ((TSJ^2 + TIJ^2)^1/2 + DJ) / 2 + PE + UU
    Total System Jitter     (TSJ):    0.050ns
    Total Input Jitter      (TIJ):    0.000ns
    Discrete Jitter          (DJ):    0.000ns
    Phase Error              (PE):    0.000ns
    User Uncertainty         (UU):    0.150ns

    Location             Delay type                Incr(ns)  Path(ns)    Netlist Resource(s)
  -------------------------------------------------------------------    -------------------
                         (clock pclk rise edge)       0.000     0.000 r  <hidden>
                                                      0.000     0.000 r  pclk
                         net (fo=1097, unset)         0.973     0.973    u_vision/u_config/pclk
    SLICE_X38Y48         FDCE                                         r  u_vision/u_config/dst_id_reg[0]/C
  -------------------------------------------------------------------    -------------------
    SLICE_X38Y48         FDCE (Prop_fdce_C_Q)         0.518     1.491 r  u_vision/u_config/dst_id_reg[0]/Q
                         net (fo=2, unset)            0.973     2.464    active_config_id[0]
                                                                      r  active_config_id[0]
  -------------------------------------------------------------------    -------------------





Min Delay Paths
--------------------------------------------------------------------------------------
Slack:                    inf
  Source:                 u_vision/u_config/dst_id_reg[27]/C
                            (rising edge-triggered cell FDCE clocked by pclk  {rise@0.000ns fall@6.734ns period=13.468ns})
  Destination:            active_config_id[27]
                            (output port)
  Path Group:             (none)
  Path Type:              Min at Fast Process Corner
  Data Path Delay:        0.538ns  (logic 0.128ns (23.786%)  route 0.410ns (76.214%))
  Logic Levels:           0  
  Clock Uncertainty:      0.175ns  ((TSJ^2 + TIJ^2)^1/2 + DJ) / 2 + PE + UU
    Total System Jitter     (TSJ):    0.050ns
    Total Input Jitter      (TIJ):    0.000ns
    Discrete Jitter          (DJ):    0.000ns
    Phase Error              (PE):    0.000ns
    User Uncertainty         (UU):    0.150ns

    Location             Delay type                Incr(ns)  Path(ns)    Netlist Resource(s)
  -------------------------------------------------------------------    -------------------
                         (clock pclk rise edge)       0.000     0.000 r  <hidden>
                                                      0.000     0.000 r  pclk
                         net (fo=1097, unset)         0.410     0.410    u_vision/u_config/pclk
    SLICE_X37Y54         FDCE                                         r  u_vision/u_config/dst_id_reg[27]/C
  -------------------------------------------------------------------    -------------------
    SLICE_X37Y54         FDCE (Prop_fdce_C_Q)         0.128     0.538 r  u_vision/u_config/dst_id_reg[27]/Q
                         net (fo=2, unset)            0.410     0.948    active_config_id[27]
                                                                      r  active_config_id[27]
  -------------------------------------------------------------------    -------------------





--------------------------------------------------------------------------------------
Path Group:  (none)
From Clock:  
  To Clock:  axi_clk

Max Delay           856 Endpoints
Min Delay           856 Endpoints
--------------------------------------------------------------------------------------


Max Delay Paths
--------------------------------------------------------------------------------------
Slack:                    inf
  Source:                 araddr[4]
                            (input port)
  Destination:            u_vision/u_regs/rdata_reg[28]/D
                            (rising edge-triggered cell FDCE clocked by axi_clk  {rise@0.000ns fall@5.000ns period=10.000ns})
  Path Group:             (none)
  Path Type:              Setup (Max at Slow Process Corner)
  Data Path Delay:        5.797ns  (logic 0.496ns (8.557%)  route 5.301ns (91.443%))
  Logic Levels:           4  (LUT3=1 LUT5=1 LUT6=2)
  Clock Path Skew:        0.924ns (DCD - SCD + CPR)
    Destination Clock Delay (DCD):    0.924ns
    Source Clock Delay      (SCD):    0.000ns
    Clock Pessimism Removal (CPR):    0.000ns
  Clock Uncertainty:      0.175ns  ((TSJ^2 + TIJ^2)^1/2 + DJ) / 2 + PE + UU
    Total System Jitter     (TSJ):    0.050ns
    Total Input Jitter      (TIJ):    0.000ns
    Discrete Jitter          (DJ):    0.000ns
    Phase Error              (PE):    0.000ns
    User Uncertainty         (UU):    0.150ns

    Location             Delay type                Incr(ns)  Path(ns)    Netlist Resource(s)
  -------------------------------------------------------------------    -------------------
                                                      0.000     0.000 r  araddr[4]
                         net (fo=34, unset)           0.973     0.973    u_vision/u_regs/araddr[2]
    SLICE_X49Y48         LUT3 (Prop_lut3_I2_O)        0.124     1.097 r  u_vision/u_regs/rdata[31]_i_6/O
                         net (fo=64, routed)          2.678     3.775    u_vision/u_regs/rdata[31]_i_6_n_0
    SLICE_X39Y57         LUT5 (Prop_lut5_I1_O)        0.124     3.899 r  u_vision/u_regs/rdata[28]_i_5/O
                         net (fo=1, routed)           1.066     4.965    u_vision/u_config/rdata_reg[28]
    SLICE_X39Y57         LUT6 (Prop_lut6_I5_O)        0.124     5.089 r  u_vision/u_config/rdata[28]_i_2/O
                         net (fo=1, routed)           0.583     5.673    u_vision/u_regs/rdata_reg[28]_0
    SLICE_X44Y58         LUT6 (Prop_lut6_I1_O)        0.124     5.797 r  u_vision/u_regs/rdata[28]_i_1/O
                         net (fo=1, routed)           0.000     5.797    u_vision/u_regs/p_1_in__0[28]
    SLICE_X44Y58         FDCE                                         r  u_vision/u_regs/rdata_reg[28]/D
  -------------------------------------------------------------------    -------------------

                         (clock axi_clk rise edge)    0.000     0.000 r  <hidden>
                                                      0.000     0.000 r  s_axi_aclk
                         net (fo=504, unset)          0.924     0.924    u_vision/u_regs/s_axi_aclk
    SLICE_X44Y58         FDCE                                         r  u_vision/u_regs/rdata_reg[28]/C





Min Delay Paths
--------------------------------------------------------------------------------------
Slack:                    inf
  Source:                 awaddr[2]
                            (input port)
  Destination:            u_vision/u_regs/aw_q_reg[2]/D
                            (rising edge-triggered cell FDCE clocked by axi_clk  {rise@0.000ns fall@5.000ns period=10.000ns})
  Path Group:             (none)
  Path Type:              Hold (Min at Fast Process Corner)
  Data Path Delay:        0.410ns  (logic 0.000ns (0.000%)  route 0.410ns (100.000%))
  Logic Levels:           0  
  Clock Path Skew:        0.432ns (DCD - SCD - CPR)
    Destination Clock Delay (DCD):    0.432ns
    Source Clock Delay      (SCD):    0.000ns
    Clock Pessimism Removal (CPR):    -0.000ns

    Location             Delay type                Incr(ns)  Path(ns)    Netlist Resource(s)
  -------------------------------------------------------------------    -------------------
                                                      0.000     0.000 r  awaddr[2]
                         net (fo=11, unset)           0.410     0.410    u_vision/u_regs/awaddr[0]
    SLICE_X44Y55         FDCE                                         r  u_vision/u_regs/aw_q_reg[2]/D
  -------------------------------------------------------------------    -------------------

                         (clock axi_clk rise edge)    0.000     0.000 r  <hidden>
                                                      0.000     0.000 r  s_axi_aclk
                         net (fo=504, unset)          0.432     0.432    u_vision/u_regs/s_axi_aclk
    SLICE_X44Y55         FDCE                                         r  u_vision/u_regs/aw_q_reg[2]/C





--------------------------------------------------------------------------------------
Path Group:  (none)
From Clock:  
  To Clock:  pclk

Max Delay           180 Endpoints
Min Delay           180 Endpoints
--------------------------------------------------------------------------------------


Max Delay Paths
--------------------------------------------------------------------------------------
Slack:                    inf
  Source:                 raw_rgb[16]
                            (input port)
  Destination:            u_vision/u_gray/out_y_reg[6]/D
                            (rising edge-triggered cell FDRE clocked by pclk  {rise@0.000ns fall@6.734ns period=13.468ns})
  Path Group:             (none)
  Path Type:              Setup (Max at Slow Process Corner)
  Data Path Delay:        8.489ns  (logic 4.345ns (51.183%)  route 4.144ns (48.817%))
  Logic Levels:           13  (CARRY4=8 LUT2=3 LUT3=1 LUT4=1)
  Clock Path Skew:        0.924ns (DCD - SCD + CPR)
    Destination Clock Delay (DCD):    0.924ns
    Source Clock Delay      (SCD):    0.000ns
    Clock Pessimism Removal (CPR):    0.000ns
  Clock Uncertainty:      0.175ns  ((TSJ^2 + TIJ^2)^1/2 + DJ) / 2 + PE + UU
    Total System Jitter     (TSJ):    0.050ns
    Total Input Jitter      (TIJ):    0.000ns
    Discrete Jitter          (DJ):    0.000ns
    Phase Error              (PE):    0.000ns
    User Uncertainty         (UU):    0.150ns

    Location             Delay type                Incr(ns)  Path(ns)    Netlist Resource(s)
  -------------------------------------------------------------------    -------------------
                                                      0.000     0.000 r  raw_rgb[16]
                         net (fo=5, unset)            0.973     0.973    u_vision/u_gray/raw_rgb[16]
    SLICE_X40Y34         LUT2 (Prop_lut2_I1_O)        0.124     1.097 r  u_vision/u_gray/out_y3_carry_i_3/O
                         net (fo=1, routed)           0.000     1.097    u_vision/u_gray/out_y3_carry_i_3_n_0
    SLICE_X40Y34         CARRY4 (Prop_carry4_S[1]_CO[3])
                                                      0.550     1.647 r  u_vision/u_gray/out_y3_carry/CO[3]
                         net (fo=1, routed)           0.000     1.647    u_vision/u_gray/out_y3_carry_n_0
    SLICE_X40Y35         CARRY4 (Prop_carry4_CI_O[3])
                                                      0.313     1.960 r  u_vision/u_gray/out_y3_carry__0/O[3]
                         net (fo=2, routed)           0.861     2.821    u_vision/u_gray/out_y3_carry__0_n_4
    SLICE_X41Y35         LUT3 (Prop_lut3_I1_O)        0.336     3.157 r  u_vision/u_gray/out_y3__25_carry__0_i_1/O
                         net (fo=2, routed)           0.690     3.847    u_vision/u_gray/out_y3__25_carry__0_i_1_n_0
    SLICE_X41Y35         LUT4 (Prop_lut4_I3_O)        0.327     4.174 r  u_vision/u_gray/out_y3__25_carry__0_i_4/O
                         net (fo=1, routed)           0.000     4.174    u_vision/u_gray/out_y3__25_carry__0_i_4_n_0
    SLICE_X41Y35         CARRY4 (Prop_carry4_S[3]_CO[3])
                                                      0.401     4.575 r  u_vision/u_gray/out_y3__25_carry__0/CO[3]
                         net (fo=1, routed)           0.000     4.575    u_vision/u_gray/out_y3__25_carry__0_n_0
    SLICE_X41Y36         CARRY4 (Prop_carry4_CI_O[1])
                                                      0.334     4.909 r  u_vision/u_gray/out_y3__25_carry__1/O[1]
                         net (fo=1, routed)           0.811     5.720    u_vision/u_gray/out_y3__25_carry__1_n_6
    SLICE_X39Y36         LUT2 (Prop_lut2_I1_O)        0.303     6.023 r  u_vision/u_gray/out_y1_carry__1_i_1/O
                         net (fo=1, routed)           0.000     6.023    u_vision/u_gray/out_y1_carry__1_i_1_n_0
    SLICE_X39Y36         CARRY4 (Prop_carry4_S[3]_CO[3])
                                                      0.401     6.424 r  u_vision/u_gray/out_y1_carry__1/CO[3]
                         net (fo=1, routed)           0.000     6.424    u_vision/u_gray/out_y1_carry__1_n_0
    SLICE_X39Y37         CARRY4 (Prop_carry4_CI_O[0])
                                                      0.222     6.646 r  u_vision/u_gray/out_y1_carry__2/O[0]
                         net (fo=1, routed)           0.809     7.455    u_vision/u_gray/C[12]
    SLICE_X37Y36         LUT2 (Prop_lut2_I1_O)        0.299     7.754 r  u_vision/u_gray/out_y1__41_carry__1_i_1/O
                         net (fo=1, routed)           0.000     7.754    u_vision/u_gray/out_y1__41_carry__1_i_1_n_0
    SLICE_X37Y36         CARRY4 (Prop_carry4_S[3]_CO[3])
                                                      0.401     8.155 r  u_vision/u_gray/out_y1__41_carry__1/CO[3]
                         net (fo=1, routed)           0.000     8.155    u_vision/u_gray/out_y1__41_carry__1_n_0
    SLICE_X37Y37         CARRY4 (Prop_carry4_CI_O[1])
                                                      0.334     8.489 r  u_vision/u_gray/out_y1__41_carry__2/O[1]
                         net (fo=1, routed)           0.000     8.489    u_vision/u_gray/p_0_in[6]
    SLICE_X37Y37         FDRE                                         r  u_vision/u_gray/out_y_reg[6]/D
  -------------------------------------------------------------------    -------------------

                         (clock pclk rise edge)       0.000     0.000 r  <hidden>
                                                      0.000     0.000 r  pclk
                         net (fo=1097, unset)         0.924     0.924    u_vision/u_gray/pclk
    SLICE_X37Y37         FDRE                                         r  u_vision/u_gray/out_y_reg[6]/C





Min Delay Paths
--------------------------------------------------------------------------------------
Slack:                    inf
  Source:                 raw_de
                            (input port)
  Destination:            u_align/de_d_reg/D
                            (rising edge-triggered cell FDCE clocked by pclk  {rise@0.000ns fall@6.734ns period=13.468ns})
  Path Group:             (none)
  Path Type:              Hold (Min at Fast Process Corner)
  Data Path Delay:        0.410ns  (logic 0.000ns (0.000%)  route 0.410ns (100.000%))
  Logic Levels:           0  
  Clock Path Skew:        0.432ns (DCD - SCD - CPR)
    Destination Clock Delay (DCD):    0.432ns
    Source Clock Delay      (SCD):    0.000ns
    Clock Pessimism Removal (CPR):    -0.000ns

    Location             Delay type                Incr(ns)  Path(ns)    Netlist Resource(s)
  -------------------------------------------------------------------    -------------------
                                                      0.000     0.000 r  raw_de
                         net (fo=3, unset)            0.410     0.410    u_align/raw_de
    SLICE_X43Y41         FDCE                                         r  u_align/de_d_reg/D
  -------------------------------------------------------------------    -------------------

                         (clock pclk rise edge)       0.000     0.000 r  <hidden>
                                                      0.000     0.000 r  pclk
                         net (fo=1097, unset)         0.432     0.432    u_align/pclk
    SLICE_X43Y41         FDCE                                         r  u_align/de_d_reg/C





