Copyright 1986-2022 Xilinx, Inc. All Rights Reserved. Copyright 2022-2026 Advanced Micro Devices, Inc. All Rights Reserved.
---------------------------------------------------------------------------------------------------------------------------------------------
| Tool Version : Vivado v.2026.1 (win64) Build 6511674 Tue Jun 16 11:02:23 MDT 2026
| Date         : Fri Oct  2 00:29:19 2026
| Host         : never-die-cold running 64-bit major release  (build 9200)
| Command      : report_timing -max_paths 10 -file data/logs/2026-10-02-vision-offboard/route/worst_paths.rpt
| Design       : video_pipeline
| Device       : 7z020-clg400
| Speed File   : -1  PRODUCTION 1.12 2019-11-22
| Design State : Routed
---------------------------------------------------------------------------------------------------------------------------------------------

Timing Report

Slack (MET) :             0.330ns  (required time - arrival time)
  Source:                 u_vision/u_gauss/xd2_reg[10]/C
                            (rising edge-triggered cell FDCE clocked by pclk  {rise@0.000ns fall@6.734ns period=13.468ns})
  Destination:            u_vision/u_gauss/out_g_reg[5]/D
                            (rising edge-triggered cell FDCE clocked by pclk  {rise@0.000ns fall@6.734ns period=13.468ns})
  Path Group:             pclk
  Path Type:              Setup (Max at Slow Process Corner)
  Requirement:            13.468ns  (pclk rise@13.468ns - pclk rise@0.000ns)
  Data Path Delay:        13.013ns  (logic 6.445ns (49.528%)  route 6.568ns (50.472%))
  Logic Levels:           20  (CARRY4=8 LUT2=2 LUT4=1 LUT5=3 LUT6=6)
  Clock Path Skew:        -0.049ns (DCD - SCD + CPR)
    Destination Clock Delay (DCD):    0.924ns = ( 14.392 - 13.468 ) 
    Source Clock Delay      (SCD):    0.973ns
    Clock Pessimism Removal (CPR):    0.000ns
  Clock Uncertainty:      0.185ns  ((TSJ^2 + TIJ^2)^1/2 + DJ) / 2 + PE + UU
    Total System Jitter     (TSJ):    0.071ns
    Total Input Jitter      (TIJ):    0.000ns
    Discrete Jitter          (DJ):    0.000ns
    Phase Error              (PE):    0.000ns
    User Uncertainty         (UU):    0.150ns

    Location             Delay type                Incr(ns)  Path(ns)    Netlist Resource(s)
  -------------------------------------------------------------------    -------------------
                         (clock pclk rise edge)       0.000     0.000 r  <hidden>
                                                      0.000     0.000 r  pclk
                         net (fo=1097, unset)         0.973     0.973    u_vision/u_gauss/pclk
    SLICE_X26Y37         FDCE                                         r  u_vision/u_gauss/xd2_reg[10]/C
  -------------------------------------------------------------------    -------------------
    SLICE_X26Y37         FDCE (Prop_fdce_C_Q)         0.518     1.491 r  u_vision/u_gauss/xd2_reg[10]/Q
                         net (fo=4, routed)           1.042     2.533    u_vision/u_gauss/xd2[10]
    SLICE_X26Y37         LUT2 (Prop_lut2_I1_O)        0.150     2.683 f  u_vision/u_gauss/out_g[7]_i_76/O
                         net (fo=1, routed)           0.659     3.342    u_vision/u_gauss/out_g[7]_i_76_n_0
    SLICE_X27Y37         LUT6 (Prop_lut6_I0_O)        0.328     3.670 f  u_vision/u_gauss/out_g[7]_i_48/O
                         net (fo=2, routed)           0.576     4.246    u_vision/u_gauss/k[8]
    SLICE_X28Y36         LUT6 (Prop_lut6_I4_O)        0.124     4.370 r  u_vision/u_gauss/out_g[7]_i_25__0/O
                         net (fo=24, routed)          0.383     4.753    u_vision/u_gauss/lb1/right_edge
    SLICE_X29Y36         LUT6 (Prop_lut6_I5_O)        0.124     4.877 r  u_vision/u_gauss/lb1/out_g[3]_i_37/O
                         net (fo=5, routed)           0.326     5.203    u_vision/u_gauss/lb1/out_g[3]_i_37_n_0
    SLICE_X28Y37         LUT6 (Prop_lut6_I0_O)        0.124     5.327 r  u_vision/u_gauss/lb1/out_g[7]_i_93/O
                         net (fo=1, routed)           0.000     5.327    u_vision/u_gauss/lb1/out_g[7]_i_93_n_0
    SLICE_X28Y37         CARRY4 (Prop_carry4_S[1]_O[2])
                                                      0.580     5.907 r  u_vision/u_gauss/lb1/out_g_reg[7]_i_82/O[2]
                         net (fo=2, routed)           0.517     6.424    u_vision/u_gauss/lb1/out_g_reg[7]_i_82_n_5
    SLICE_X29Y37         LUT4 (Prop_lut4_I3_O)        0.302     6.726 r  u_vision/u_gauss/lb1/out_g[7]_i_85/O
                         net (fo=1, routed)           0.000     6.726    u_vision/u_gauss/lb1/out_g[7]_i_85_n_0
    SLICE_X29Y37         CARRY4 (Prop_carry4_S[1]_O[2])
                                                      0.580     7.306 r  u_vision/u_gauss/lb1/out_g_reg[7]_i_59/O[2]
                         net (fo=2, routed)           0.465     7.771    u_vision/u_gauss/lb1/out_g_reg[7]_i_59_n_5
    SLICE_X30Y36         LUT2 (Prop_lut2_I1_O)        0.302     8.073 r  u_vision/u_gauss/lb1/out_g[7]_i_79/O
                         net (fo=1, routed)           0.000     8.073    u_vision/u_gauss/lb1/out_g[7]_i_79_n_0
    SLICE_X30Y36         CARRY4 (Prop_carry4_S[3]_O[3])
                                                      0.255     8.328 r  u_vision/u_gauss/lb1/out_g_reg[7]_i_55/O[3]
                         net (fo=2, routed)           0.599     8.926    u_vision/u_gauss/lb1/C[3]
    SLICE_X31Y36         LUT5 (Prop_lut5_I4_O)        0.307     9.233 r  u_vision/u_gauss/lb1/out_g[7]_i_56/O
                         net (fo=1, routed)           0.000     9.233    u_vision/u_gauss/lb1/out_g[7]_i_56_n_0
    SLICE_X31Y36         CARRY4 (Prop_carry4_S[3]_CO[3])
                                                      0.401     9.634 r  u_vision/u_gauss/lb1/out_g_reg[7]_i_36/CO[3]
                         net (fo=1, routed)           0.000     9.634    u_vision/u_gauss/lb1/out_g_reg[7]_i_36_n_0
    SLICE_X31Y37         CARRY4 (Prop_carry4_CI_O[0])
                                                      0.222     9.856 r  u_vision/u_gauss/lb1/out_g_reg[7]_i_19/O[0]
                         net (fo=2, routed)           0.582    10.438    u_vision/u_gauss/lb1/out_g_reg[7]_i_19_n_7
    SLICE_X32Y37         LUT5 (Prop_lut5_I4_O)        0.299    10.737 r  u_vision/u_gauss/lb1/out_g[7]_i_13__0/O
                         net (fo=2, routed)           0.352    11.089    u_vision/u_gauss/lb1/out_g[7]_i_13__0_n_0
    SLICE_X33Y37         LUT6 (Prop_lut6_I3_O)        0.124    11.213 r  u_vision/u_gauss/lb1/out_g[7]_i_17__0/O
                         net (fo=1, routed)           0.000    11.213    u_vision/u_gauss/lb1/out_g[7]_i_17__0_n_0
    SLICE_X33Y37         CARRY4 (Prop_carry4_S[1]_O[2])
                                                      0.580    11.793 r  u_vision/u_gauss/lb1/out_g_reg[7]_i_4/O[2]
                         net (fo=2, routed)           0.558    12.351    u_vision/u_gauss/lb1/PCOUT[6]
    SLICE_X33Y39         LUT5 (Prop_lut5_I4_O)        0.302    12.653 r  u_vision/u_gauss/lb1/out_g[3]_i_3/O
                         net (fo=2, routed)           0.509    13.163    u_vision/u_gauss/lb1/out_g[3]_i_3_n_0
    SLICE_X32Y39         LUT6 (Prop_lut6_I3_O)        0.124    13.287 r  u_vision/u_gauss/lb1/out_g[3]_i_7__0/O
                         net (fo=1, routed)           0.000    13.287    u_vision/u_gauss/lb1/out_g[3]_i_7__0_n_0
    SLICE_X32Y39         CARRY4 (Prop_carry4_S[3]_CO[3])
                                                      0.376    13.663 r  u_vision/u_gauss/lb1/out_g_reg[3]_i_1/CO[3]
                         net (fo=1, routed)           0.000    13.663    u_vision/u_gauss/lb1/out_g_reg[3]_i_1_n_0
    SLICE_X32Y40         CARRY4 (Prop_carry4_CI_O[1])
                                                      0.323    13.986 r  u_vision/u_gauss/lb1/out_g_reg[7]_i_1/O[1]
                         net (fo=1, routed)           0.000    13.986    u_vision/u_gauss/p_0_in[5]
    SLICE_X32Y40         FDCE                                         r  u_vision/u_gauss/out_g_reg[5]/D
  -------------------------------------------------------------------    -------------------

                         (clock pclk rise edge)      13.468    13.468 r  <hidden>
                                                      0.000    13.468 r  pclk
                         net (fo=1097, unset)         0.924    14.392    u_vision/u_gauss/pclk
    SLICE_X32Y40         FDCE                                         r  u_vision/u_gauss/out_g_reg[5]/C
                         clock pessimism              0.000    14.392    <hidden>
                         clock uncertainty           -0.185    14.207    <hidden>
    SLICE_X32Y40         FDCE (Setup_fdce_C_D)        0.109    14.316    u_vision/u_gauss/out_g_reg[5]
  -------------------------------------------------------------------
                         required time                         14.316    <hidden>
                         arrival time                         -13.986    <hidden>
  -------------------------------------------------------------------
                         slack                                  0.330    <hidden>

Slack (MET) :             0.338ns  (required time - arrival time)
  Source:                 u_vision/u_gauss/xd2_reg[10]/C
                            (rising edge-triggered cell FDCE clocked by pclk  {rise@0.000ns fall@6.734ns period=13.468ns})
  Destination:            u_vision/u_gauss/out_g_reg[7]/D
                            (rising edge-triggered cell FDCE clocked by pclk  {rise@0.000ns fall@6.734ns period=13.468ns})
  Path Group:             pclk
  Path Type:              Setup (Max at Slow Process Corner)
  Requirement:            13.468ns  (pclk rise@13.468ns - pclk rise@0.000ns)
  Data Path Delay:        13.005ns  (logic 6.437ns (49.497%)  route 6.568ns (50.503%))
  Logic Levels:           20  (CARRY4=8 LUT2=2 LUT4=1 LUT5=3 LUT6=6)
  Clock Path Skew:        -0.049ns (DCD - SCD + CPR)
    Destination Clock Delay (DCD):    0.924ns = ( 14.392 - 13.468 ) 
    Source Clock Delay      (SCD):    0.973ns
    Clock Pessimism Removal (CPR):    0.000ns
  Clock Uncertainty:      0.185ns  ((TSJ^2 + TIJ^2)^1/2 + DJ) / 2 + PE + UU
    Total System Jitter     (TSJ):    0.071ns
    Total Input Jitter      (TIJ):    0.000ns
    Discrete Jitter          (DJ):    0.000ns
    Phase Error              (PE):    0.000ns
    User Uncertainty         (UU):    0.150ns

    Location             Delay type                Incr(ns)  Path(ns)    Netlist Resource(s)
  -------------------------------------------------------------------    -------------------
                         (clock pclk rise edge)       0.000     0.000 r  <hidden>
                                                      0.000     0.000 r  pclk
                         net (fo=1097, unset)         0.973     0.973    u_vision/u_gauss/pclk
    SLICE_X26Y37         FDCE                                         r  u_vision/u_gauss/xd2_reg[10]/C
  -------------------------------------------------------------------    -------------------
    SLICE_X26Y37         FDCE (Prop_fdce_C_Q)         0.518     1.491 r  u_vision/u_gauss/xd2_reg[10]/Q
                         net (fo=4, routed)           1.042     2.533    u_vision/u_gauss/xd2[10]
    SLICE_X26Y37         LUT2 (Prop_lut2_I1_O)        0.150     2.683 f  u_vision/u_gauss/out_g[7]_i_76/O
                         net (fo=1, routed)           0.659     3.342    u_vision/u_gauss/out_g[7]_i_76_n_0
    SLICE_X27Y37         LUT6 (Prop_lut6_I0_O)        0.328     3.670 f  u_vision/u_gauss/out_g[7]_i_48/O
                         net (fo=2, routed)           0.576     4.246    u_vision/u_gauss/k[8]
    SLICE_X28Y36         LUT6 (Prop_lut6_I4_O)        0.124     4.370 r  u_vision/u_gauss/out_g[7]_i_25__0/O
                         net (fo=24, routed)          0.383     4.753    u_vision/u_gauss/lb1/right_edge
    SLICE_X29Y36         LUT6 (Prop_lut6_I5_O)        0.124     4.877 r  u_vision/u_gauss/lb1/out_g[3]_i_37/O
                         net (fo=5, routed)           0.326     5.203    u_vision/u_gauss/lb1/out_g[3]_i_37_n_0
    SLICE_X28Y37         LUT6 (Prop_lut6_I0_O)        0.124     5.327 r  u_vision/u_gauss/lb1/out_g[7]_i_93/O
                         net (fo=1, routed)           0.000     5.327    u_vision/u_gauss/lb1/out_g[7]_i_93_n_0
    SLICE_X28Y37         CARRY4 (Prop_carry4_S[1]_O[2])
                                                      0.580     5.907 r  u_vision/u_gauss/lb1/out_g_reg[7]_i_82/O[2]
                         net (fo=2, routed)           0.517     6.424    u_vision/u_gauss/lb1/out_g_reg[7]_i_82_n_5
    SLICE_X29Y37         LUT4 (Prop_lut4_I3_O)        0.302     6.726 r  u_vision/u_gauss/lb1/out_g[7]_i_85/O
                         net (fo=1, routed)           0.000     6.726    u_vision/u_gauss/lb1/out_g[7]_i_85_n_0
    SLICE_X29Y37         CARRY4 (Prop_carry4_S[1]_O[2])
                                                      0.580     7.306 r  u_vision/u_gauss/lb1/out_g_reg[7]_i_59/O[2]
                         net (fo=2, routed)           0.465     7.771    u_vision/u_gauss/lb1/out_g_reg[7]_i_59_n_5
    SLICE_X30Y36         LUT2 (Prop_lut2_I1_O)        0.302     8.073 r  u_vision/u_gauss/lb1/out_g[7]_i_79/O
                         net (fo=1, routed)           0.000     8.073    u_vision/u_gauss/lb1/out_g[7]_i_79_n_0
    SLICE_X30Y36         CARRY4 (Prop_carry4_S[3]_O[3])
                                                      0.255     8.328 r  u_vision/u_gauss/lb1/out_g_reg[7]_i_55/O[3]
                         net (fo=2, routed)           0.599     8.926    u_vision/u_gauss/lb1/C[3]
    SLICE_X31Y36         LUT5 (Prop_lut5_I4_O)        0.307     9.233 r  u_vision/u_gauss/lb1/out_g[7]_i_56/O
                         net (fo=1, routed)           0.000     9.233    u_vision/u_gauss/lb1/out_g[7]_i_56_n_0
    SLICE_X31Y36         CARRY4 (Prop_carry4_S[3]_CO[3])
                                                      0.401     9.634 r  u_vision/u_gauss/lb1/out_g_reg[7]_i_36/CO[3]
                         net (fo=1, routed)           0.000     9.634    u_vision/u_gauss/lb1/out_g_reg[7]_i_36_n_0
    SLICE_X31Y37         CARRY4 (Prop_carry4_CI_O[0])
                                                      0.222     9.856 r  u_vision/u_gauss/lb1/out_g_reg[7]_i_19/O[0]
                         net (fo=2, routed)           0.582    10.438    u_vision/u_gauss/lb1/out_g_reg[7]_i_19_n_7
    SLICE_X32Y37         LUT5 (Prop_lut5_I4_O)        0.299    10.737 r  u_vision/u_gauss/lb1/out_g[7]_i_13__0/O
                         net (fo=2, routed)           0.352    11.089    u_vision/u_gauss/lb1/out_g[7]_i_13__0_n_0
    SLICE_X33Y37         LUT6 (Prop_lut6_I3_O)        0.124    11.213 r  u_vision/u_gauss/lb1/out_g[7]_i_17__0/O
                         net (fo=1, routed)           0.000    11.213    u_vision/u_gauss/lb1/out_g[7]_i_17__0_n_0
    SLICE_X33Y37         CARRY4 (Prop_carry4_S[1]_O[2])
                                                      0.580    11.793 r  u_vision/u_gauss/lb1/out_g_reg[7]_i_4/O[2]
                         net (fo=2, routed)           0.558    12.351    u_vision/u_gauss/lb1/PCOUT[6]
    SLICE_X33Y39         LUT5 (Prop_lut5_I4_O)        0.302    12.653 r  u_vision/u_gauss/lb1/out_g[3]_i_3/O
                         net (fo=2, routed)           0.509    13.163    u_vision/u_gauss/lb1/out_g[3]_i_3_n_0
    SLICE_X32Y39         LUT6 (Prop_lut6_I3_O)        0.124    13.287 r  u_vision/u_gauss/lb1/out_g[3]_i_7__0/O
                         net (fo=1, routed)           0.000    13.287    u_vision/u_gauss/lb1/out_g[3]_i_7__0_n_0
    SLICE_X32Y39         CARRY4 (Prop_carry4_S[3]_CO[3])
                                                      0.376    13.663 r  u_vision/u_gauss/lb1/out_g_reg[3]_i_1/CO[3]
                         net (fo=1, routed)           0.000    13.663    u_vision/u_gauss/lb1/out_g_reg[3]_i_1_n_0
    SLICE_X32Y40         CARRY4 (Prop_carry4_CI_O[3])
                                                      0.315    13.978 r  u_vision/u_gauss/lb1/out_g_reg[7]_i_1/O[3]
                         net (fo=1, routed)           0.000    13.978    u_vision/u_gauss/p_0_in[7]
    SLICE_X32Y40         FDCE                                         r  u_vision/u_gauss/out_g_reg[7]/D
  -------------------------------------------------------------------    -------------------

                         (clock pclk rise edge)      13.468    13.468 r  <hidden>
                                                      0.000    13.468 r  pclk
                         net (fo=1097, unset)         0.924    14.392    u_vision/u_gauss/pclk
    SLICE_X32Y40         FDCE                                         r  u_vision/u_gauss/out_g_reg[7]/C
                         clock pessimism              0.000    14.392    <hidden>
                         clock uncertainty           -0.185    14.207    <hidden>
    SLICE_X32Y40         FDCE (Setup_fdce_C_D)        0.109    14.316    u_vision/u_gauss/out_g_reg[7]
  -------------------------------------------------------------------
                         required time                         14.316    <hidden>
                         arrival time                         -13.978    <hidden>
  -------------------------------------------------------------------
                         slack                                  0.338    <hidden>

Slack (MET) :             0.414ns  (required time - arrival time)
  Source:                 u_vision/u_gauss/xd2_reg[10]/C
                            (rising edge-triggered cell FDCE clocked by pclk  {rise@0.000ns fall@6.734ns period=13.468ns})
  Destination:            u_vision/u_gauss/out_g_reg[6]/D
                            (rising edge-triggered cell FDCE clocked by pclk  {rise@0.000ns fall@6.734ns period=13.468ns})
  Path Group:             pclk
  Path Type:              Setup (Max at Slow Process Corner)
  Requirement:            13.468ns  (pclk rise@13.468ns - pclk rise@0.000ns)
  Data Path Delay:        12.929ns  (logic 6.361ns (49.201%)  route 6.568ns (50.799%))
  Logic Levels:           20  (CARRY4=8 LUT2=2 LUT4=1 LUT5=3 LUT6=6)
  Clock Path Skew:        -0.049ns (DCD - SCD + CPR)
    Destination Clock Delay (DCD):    0.924ns = ( 14.392 - 13.468 ) 
    Source Clock Delay      (SCD):    0.973ns
    Clock Pessimism Removal (CPR):    0.000ns
  Clock Uncertainty:      0.185ns  ((TSJ^2 + TIJ^2)^1/2 + DJ) / 2 + PE + UU
    Total System Jitter     (TSJ):    0.071ns
    Total Input Jitter      (TIJ):    0.000ns
    Discrete Jitter          (DJ):    0.000ns
    Phase Error              (PE):    0.000ns
    User Uncertainty         (UU):    0.150ns

    Location             Delay type                Incr(ns)  Path(ns)    Netlist Resource(s)
  -------------------------------------------------------------------    -------------------
                         (clock pclk rise edge)       0.000     0.000 r  <hidden>
                                                      0.000     0.000 r  pclk
                         net (fo=1097, unset)         0.973     0.973    u_vision/u_gauss/pclk
    SLICE_X26Y37         FDCE                                         r  u_vision/u_gauss/xd2_reg[10]/C
  -------------------------------------------------------------------    -------------------
    SLICE_X26Y37         FDCE (Prop_fdce_C_Q)         0.518     1.491 r  u_vision/u_gauss/xd2_reg[10]/Q
                         net (fo=4, routed)           1.042     2.533    u_vision/u_gauss/xd2[10]
    SLICE_X26Y37         LUT2 (Prop_lut2_I1_O)        0.150     2.683 f  u_vision/u_gauss/out_g[7]_i_76/O
                         net (fo=1, routed)           0.659     3.342    u_vision/u_gauss/out_g[7]_i_76_n_0
    SLICE_X27Y37         LUT6 (Prop_lut6_I0_O)        0.328     3.670 f  u_vision/u_gauss/out_g[7]_i_48/O
                         net (fo=2, routed)           0.576     4.246    u_vision/u_gauss/k[8]
    SLICE_X28Y36         LUT6 (Prop_lut6_I4_O)        0.124     4.370 r  u_vision/u_gauss/out_g[7]_i_25__0/O
                         net (fo=24, routed)          0.383     4.753    u_vision/u_gauss/lb1/right_edge
    SLICE_X29Y36         LUT6 (Prop_lut6_I5_O)        0.124     4.877 r  u_vision/u_gauss/lb1/out_g[3]_i_37/O
                         net (fo=5, routed)           0.326     5.203    u_vision/u_gauss/lb1/out_g[3]_i_37_n_0
    SLICE_X28Y37         LUT6 (Prop_lut6_I0_O)        0.124     5.327 r  u_vision/u_gauss/lb1/out_g[7]_i_93/O
                         net (fo=1, routed)           0.000     5.327    u_vision/u_gauss/lb1/out_g[7]_i_93_n_0
    SLICE_X28Y37         CARRY4 (Prop_carry4_S[1]_O[2])
                                                      0.580     5.907 r  u_vision/u_gauss/lb1/out_g_reg[7]_i_82/O[2]
                         net (fo=2, routed)           0.517     6.424    u_vision/u_gauss/lb1/out_g_reg[7]_i_82_n_5
    SLICE_X29Y37         LUT4 (Prop_lut4_I3_O)        0.302     6.726 r  u_vision/u_gauss/lb1/out_g[7]_i_85/O
                         net (fo=1, routed)           0.000     6.726    u_vision/u_gauss/lb1/out_g[7]_i_85_n_0
    SLICE_X29Y37         CARRY4 (Prop_carry4_S[1]_O[2])
                                                      0.580     7.306 r  u_vision/u_gauss/lb1/out_g_reg[7]_i_59/O[2]
                         net (fo=2, routed)           0.465     7.771    u_vision/u_gauss/lb1/out_g_reg[7]_i_59_n_5
    SLICE_X30Y36         LUT2 (Prop_lut2_I1_O)        0.302     8.073 r  u_vision/u_gauss/lb1/out_g[7]_i_79/O
                         net (fo=1, routed)           0.000     8.073    u_vision/u_gauss/lb1/out_g[7]_i_79_n_0
    SLICE_X30Y36         CARRY4 (Prop_carry4_S[3]_O[3])
                                                      0.255     8.328 r  u_vision/u_gauss/lb1/out_g_reg[7]_i_55/O[3]
                         net (fo=2, routed)           0.599     8.926    u_vision/u_gauss/lb1/C[3]
    SLICE_X31Y36         LUT5 (Prop_lut5_I4_O)        0.307     9.233 r  u_vision/u_gauss/lb1/out_g[7]_i_56/O
                         net (fo=1, routed)           0.000     9.233    u_vision/u_gauss/lb1/out_g[7]_i_56_n_0
    SLICE_X31Y36         CARRY4 (Prop_carry4_S[3]_CO[3])
                                                      0.401     9.634 r  u_vision/u_gauss/lb1/out_g_reg[7]_i_36/CO[3]
                         net (fo=1, routed)           0.000     9.634    u_vision/u_gauss/lb1/out_g_reg[7]_i_36_n_0
    SLICE_X31Y37         CARRY4 (Prop_carry4_CI_O[0])
                                                      0.222     9.856 r  u_vision/u_gauss/lb1/out_g_reg[7]_i_19/O[0]
                         net (fo=2, routed)           0.582    10.438    u_vision/u_gauss/lb1/out_g_reg[7]_i_19_n_7
    SLICE_X32Y37         LUT5 (Prop_lut5_I4_O)        0.299    10.737 r  u_vision/u_gauss/lb1/out_g[7]_i_13__0/O
                         net (fo=2, routed)           0.352    11.089    u_vision/u_gauss/lb1/out_g[7]_i_13__0_n_0
    SLICE_X33Y37         LUT6 (Prop_lut6_I3_O)        0.124    11.213 r  u_vision/u_gauss/lb1/out_g[7]_i_17__0/O
                         net (fo=1, routed)           0.000    11.213    u_vision/u_gauss/lb1/out_g[7]_i_17__0_n_0
    SLICE_X33Y37         CARRY4 (Prop_carry4_S[1]_O[2])
                                                      0.580    11.793 r  u_vision/u_gauss/lb1/out_g_reg[7]_i_4/O[2]
                         net (fo=2, routed)           0.558    12.351    u_vision/u_gauss/lb1/PCOUT[6]
    SLICE_X33Y39         LUT5 (Prop_lut5_I4_O)        0.302    12.653 r  u_vision/u_gauss/lb1/out_g[3]_i_3/O
                         net (fo=2, routed)           0.509    13.163    u_vision/u_gauss/lb1/out_g[3]_i_3_n_0
    SLICE_X32Y39         LUT6 (Prop_lut6_I3_O)        0.124    13.287 r  u_vision/u_gauss/lb1/out_g[3]_i_7__0/O
                         net (fo=1, routed)           0.000    13.287    u_vision/u_gauss/lb1/out_g[3]_i_7__0_n_0
    SLICE_X32Y39         CARRY4 (Prop_carry4_S[3]_CO[3])
                                                      0.376    13.663 r  u_vision/u_gauss/lb1/out_g_reg[3]_i_1/CO[3]
                         net (fo=1, routed)           0.000    13.663    u_vision/u_gauss/lb1/out_g_reg[3]_i_1_n_0
    SLICE_X32Y40         CARRY4 (Prop_carry4_CI_O[2])
                                                      0.239    13.902 r  u_vision/u_gauss/lb1/out_g_reg[7]_i_1/O[2]
                         net (fo=1, routed)           0.000    13.902    u_vision/u_gauss/p_0_in[6]
    SLICE_X32Y40         FDCE                                         r  u_vision/u_gauss/out_g_reg[6]/D
  -------------------------------------------------------------------    -------------------

                         (clock pclk rise edge)      13.468    13.468 r  <hidden>
                                                      0.000    13.468 r  pclk
                         net (fo=1097, unset)         0.924    14.392    u_vision/u_gauss/pclk
    SLICE_X32Y40         FDCE                                         r  u_vision/u_gauss/out_g_reg[6]/C
                         clock pessimism              0.000    14.392    <hidden>
                         clock uncertainty           -0.185    14.207    <hidden>
    SLICE_X32Y40         FDCE (Setup_fdce_C_D)        0.109    14.316    u_vision/u_gauss/out_g_reg[6]
  -------------------------------------------------------------------
                         required time                         14.316    <hidden>
                         arrival time                         -13.902    <hidden>
  -------------------------------------------------------------------
                         slack                                  0.414    <hidden>

Slack (MET) :             0.434ns  (required time - arrival time)
  Source:                 u_vision/u_gauss/xd2_reg[10]/C
                            (rising edge-triggered cell FDCE clocked by pclk  {rise@0.000ns fall@6.734ns period=13.468ns})
  Destination:            u_vision/u_gauss/out_g_reg[4]/D
                            (rising edge-triggered cell FDCE clocked by pclk  {rise@0.000ns fall@6.734ns period=13.468ns})
  Path Group:             pclk
  Path Type:              Setup (Max at Slow Process Corner)
  Requirement:            13.468ns  (pclk rise@13.468ns - pclk rise@0.000ns)
  Data Path Delay:        12.909ns  (logic 6.341ns (49.122%)  route 6.568ns (50.878%))
  Logic Levels:           20  (CARRY4=8 LUT2=2 LUT4=1 LUT5=3 LUT6=6)
  Clock Path Skew:        -0.049ns (DCD - SCD + CPR)
    Destination Clock Delay (DCD):    0.924ns = ( 14.392 - 13.468 ) 
    Source Clock Delay      (SCD):    0.973ns
    Clock Pessimism Removal (CPR):    0.000ns
  Clock Uncertainty:      0.185ns  ((TSJ^2 + TIJ^2)^1/2 + DJ) / 2 + PE + UU
    Total System Jitter     (TSJ):    0.071ns
    Total Input Jitter      (TIJ):    0.000ns
    Discrete Jitter          (DJ):    0.000ns
    Phase Error              (PE):    0.000ns
    User Uncertainty         (UU):    0.150ns

    Location             Delay type                Incr(ns)  Path(ns)    Netlist Resource(s)
  -------------------------------------------------------------------    -------------------
                         (clock pclk rise edge)       0.000     0.000 r  <hidden>
                                                      0.000     0.000 r  pclk
                         net (fo=1097, unset)         0.973     0.973    u_vision/u_gauss/pclk
    SLICE_X26Y37         FDCE                                         r  u_vision/u_gauss/xd2_reg[10]/C
  -------------------------------------------------------------------    -------------------
    SLICE_X26Y37         FDCE (Prop_fdce_C_Q)         0.518     1.491 r  u_vision/u_gauss/xd2_reg[10]/Q
                         net (fo=4, routed)           1.042     2.533    u_vision/u_gauss/xd2[10]
    SLICE_X26Y37         LUT2 (Prop_lut2_I1_O)        0.150     2.683 f  u_vision/u_gauss/out_g[7]_i_76/O
                         net (fo=1, routed)           0.659     3.342    u_vision/u_gauss/out_g[7]_i_76_n_0
    SLICE_X27Y37         LUT6 (Prop_lut6_I0_O)        0.328     3.670 f  u_vision/u_gauss/out_g[7]_i_48/O
                         net (fo=2, routed)           0.576     4.246    u_vision/u_gauss/k[8]
    SLICE_X28Y36         LUT6 (Prop_lut6_I4_O)        0.124     4.370 r  u_vision/u_gauss/out_g[7]_i_25__0/O
                         net (fo=24, routed)          0.383     4.753    u_vision/u_gauss/lb1/right_edge
    SLICE_X29Y36         LUT6 (Prop_lut6_I5_O)        0.124     4.877 r  u_vision/u_gauss/lb1/out_g[3]_i_37/O
                         net (fo=5, routed)           0.326     5.203    u_vision/u_gauss/lb1/out_g[3]_i_37_n_0
    SLICE_X28Y37         LUT6 (Prop_lut6_I0_O)        0.124     5.327 r  u_vision/u_gauss/lb1/out_g[7]_i_93/O
                         net (fo=1, routed)           0.000     5.327    u_vision/u_gauss/lb1/out_g[7]_i_93_n_0
    SLICE_X28Y37         CARRY4 (Prop_carry4_S[1]_O[2])
                                                      0.580     5.907 r  u_vision/u_gauss/lb1/out_g_reg[7]_i_82/O[2]
                         net (fo=2, routed)           0.517     6.424    u_vision/u_gauss/lb1/out_g_reg[7]_i_82_n_5
    SLICE_X29Y37         LUT4 (Prop_lut4_I3_O)        0.302     6.726 r  u_vision/u_gauss/lb1/out_g[7]_i_85/O
                         net (fo=1, routed)           0.000     6.726    u_vision/u_gauss/lb1/out_g[7]_i_85_n_0
    SLICE_X29Y37         CARRY4 (Prop_carry4_S[1]_O[2])
                                                      0.580     7.306 r  u_vision/u_gauss/lb1/out_g_reg[7]_i_59/O[2]
                         net (fo=2, routed)           0.465     7.771    u_vision/u_gauss/lb1/out_g_reg[7]_i_59_n_5
    SLICE_X30Y36         LUT2 (Prop_lut2_I1_O)        0.302     8.073 r  u_vision/u_gauss/lb1/out_g[7]_i_79/O
                         net (fo=1, routed)           0.000     8.073    u_vision/u_gauss/lb1/out_g[7]_i_79_n_0
    SLICE_X30Y36         CARRY4 (Prop_carry4_S[3]_O[3])
                                                      0.255     8.328 r  u_vision/u_gauss/lb1/out_g_reg[7]_i_55/O[3]
                         net (fo=2, routed)           0.599     8.926    u_vision/u_gauss/lb1/C[3]
    SLICE_X31Y36         LUT5 (Prop_lut5_I4_O)        0.307     9.233 r  u_vision/u_gauss/lb1/out_g[7]_i_56/O
                         net (fo=1, routed)           0.000     9.233    u_vision/u_gauss/lb1/out_g[7]_i_56_n_0
    SLICE_X31Y36         CARRY4 (Prop_carry4_S[3]_CO[3])
                                                      0.401     9.634 r  u_vision/u_gauss/lb1/out_g_reg[7]_i_36/CO[3]
                         net (fo=1, routed)           0.000     9.634    u_vision/u_gauss/lb1/out_g_reg[7]_i_36_n_0
    SLICE_X31Y37         CARRY4 (Prop_carry4_CI_O[0])
                                                      0.222     9.856 r  u_vision/u_gauss/lb1/out_g_reg[7]_i_19/O[0]
                         net (fo=2, routed)           0.582    10.438    u_vision/u_gauss/lb1/out_g_reg[7]_i_19_n_7
    SLICE_X32Y37         LUT5 (Prop_lut5_I4_O)        0.299    10.737 r  u_vision/u_gauss/lb1/out_g[7]_i_13__0/O
                         net (fo=2, routed)           0.352    11.089    u_vision/u_gauss/lb1/out_g[7]_i_13__0_n_0
    SLICE_X33Y37         LUT6 (Prop_lut6_I3_O)        0.124    11.213 r  u_vision/u_gauss/lb1/out_g[7]_i_17__0/O
                         net (fo=1, routed)           0.000    11.213    u_vision/u_gauss/lb1/out_g[7]_i_17__0_n_0
    SLICE_X33Y37         CARRY4 (Prop_carry4_S[1]_O[2])
                                                      0.580    11.793 r  u_vision/u_gauss/lb1/out_g_reg[7]_i_4/O[2]
                         net (fo=2, routed)           0.558    12.351    u_vision/u_gauss/lb1/PCOUT[6]
    SLICE_X33Y39         LUT5 (Prop_lut5_I4_O)        0.302    12.653 r  u_vision/u_gauss/lb1/out_g[3]_i_3/O
                         net (fo=2, routed)           0.509    13.163    u_vision/u_gauss/lb1/out_g[3]_i_3_n_0
    SLICE_X32Y39         LUT6 (Prop_lut6_I3_O)        0.124    13.287 r  u_vision/u_gauss/lb1/out_g[3]_i_7__0/O
                         net (fo=1, routed)           0.000    13.287    u_vision/u_gauss/lb1/out_g[3]_i_7__0_n_0
    SLICE_X32Y39         CARRY4 (Prop_carry4_S[3]_CO[3])
                                                      0.376    13.663 r  u_vision/u_gauss/lb1/out_g_reg[3]_i_1/CO[3]
                         net (fo=1, routed)           0.000    13.663    u_vision/u_gauss/lb1/out_g_reg[3]_i_1_n_0
    SLICE_X32Y40         CARRY4 (Prop_carry4_CI_O[0])
                                                      0.219    13.882 r  u_vision/u_gauss/lb1/out_g_reg[7]_i_1/O[0]
                         net (fo=1, routed)           0.000    13.882    u_vision/u_gauss/p_0_in[4]
    SLICE_X32Y40         FDCE                                         r  u_vision/u_gauss/out_g_reg[4]/D
  -------------------------------------------------------------------    -------------------

                         (clock pclk rise edge)      13.468    13.468 r  <hidden>
                                                      0.000    13.468 r  pclk
                         net (fo=1097, unset)         0.924    14.392    u_vision/u_gauss/pclk
    SLICE_X32Y40         FDCE                                         r  u_vision/u_gauss/out_g_reg[4]/C
                         clock pessimism              0.000    14.392    <hidden>
                         clock uncertainty           -0.185    14.207    <hidden>
    SLICE_X32Y40         FDCE (Setup_fdce_C_D)        0.109    14.316    u_vision/u_gauss/out_g_reg[4]
  -------------------------------------------------------------------
                         required time                         14.316    <hidden>
                         arrival time                         -13.882    <hidden>
  -------------------------------------------------------------------
                         slack                                  0.434    <hidden>

Slack (MET) :             0.774ns  (required time - arrival time)
  Source:                 u_vision/u_gauss/xd2_reg[10]/C
                            (rising edge-triggered cell FDCE clocked by pclk  {rise@0.000ns fall@6.734ns period=13.468ns})
  Destination:            u_vision/u_gauss/out_g_reg[3]/D
                            (rising edge-triggered cell FDCE clocked by pclk  {rise@0.000ns fall@6.734ns period=13.468ns})
  Path Group:             pclk
  Path Type:              Setup (Max at Slow Process Corner)
  Requirement:            13.468ns  (pclk rise@13.468ns - pclk rise@0.000ns)
  Data Path Delay:        12.569ns  (logic 6.001ns (47.745%)  route 6.568ns (52.255%))
  Logic Levels:           19  (CARRY4=7 LUT2=2 LUT4=1 LUT5=3 LUT6=6)
  Clock Path Skew:        -0.049ns (DCD - SCD + CPR)
    Destination Clock Delay (DCD):    0.924ns = ( 14.392 - 13.468 ) 
    Source Clock Delay      (SCD):    0.973ns
    Clock Pessimism Removal (CPR):    0.000ns
  Clock Uncertainty:      0.185ns  ((TSJ^2 + TIJ^2)^1/2 + DJ) / 2 + PE + UU
    Total System Jitter     (TSJ):    0.071ns
    Total Input Jitter      (TIJ):    0.000ns
    Discrete Jitter          (DJ):    0.000ns
    Phase Error              (PE):    0.000ns
    User Uncertainty         (UU):    0.150ns

    Location             Delay type                Incr(ns)  Path(ns)    Netlist Resource(s)
  -------------------------------------------------------------------    -------------------
                         (clock pclk rise edge)       0.000     0.000 r  <hidden>
                                                      0.000     0.000 r  pclk
                         net (fo=1097, unset)         0.973     0.973    u_vision/u_gauss/pclk
    SLICE_X26Y37         FDCE                                         r  u_vision/u_gauss/xd2_reg[10]/C
  -------------------------------------------------------------------    -------------------
    SLICE_X26Y37         FDCE (Prop_fdce_C_Q)         0.518     1.491 r  u_vision/u_gauss/xd2_reg[10]/Q
                         net (fo=4, routed)           1.042     2.533    u_vision/u_gauss/xd2[10]
    SLICE_X26Y37         LUT2 (Prop_lut2_I1_O)        0.150     2.683 f  u_vision/u_gauss/out_g[7]_i_76/O
                         net (fo=1, routed)           0.659     3.342    u_vision/u_gauss/out_g[7]_i_76_n_0
    SLICE_X27Y37         LUT6 (Prop_lut6_I0_O)        0.328     3.670 f  u_vision/u_gauss/out_g[7]_i_48/O
                         net (fo=2, routed)           0.576     4.246    u_vision/u_gauss/k[8]
    SLICE_X28Y36         LUT6 (Prop_lut6_I4_O)        0.124     4.370 r  u_vision/u_gauss/out_g[7]_i_25__0/O
                         net (fo=24, routed)          0.383     4.753    u_vision/u_gauss/lb1/right_edge
    SLICE_X29Y36         LUT6 (Prop_lut6_I5_O)        0.124     4.877 r  u_vision/u_gauss/lb1/out_g[3]_i_37/O
                         net (fo=5, routed)           0.326     5.203    u_vision/u_gauss/lb1/out_g[3]_i_37_n_0
    SLICE_X28Y37         LUT6 (Prop_lut6_I0_O)        0.124     5.327 r  u_vision/u_gauss/lb1/out_g[7]_i_93/O
                         net (fo=1, routed)           0.000     5.327    u_vision/u_gauss/lb1/out_g[7]_i_93_n_0
    SLICE_X28Y37         CARRY4 (Prop_carry4_S[1]_O[2])
                                                      0.580     5.907 r  u_vision/u_gauss/lb1/out_g_reg[7]_i_82/O[2]
                         net (fo=2, routed)           0.517     6.424    u_vision/u_gauss/lb1/out_g_reg[7]_i_82_n_5
    SLICE_X29Y37         LUT4 (Prop_lut4_I3_O)        0.302     6.726 r  u_vision/u_gauss/lb1/out_g[7]_i_85/O
                         net (fo=1, routed)           0.000     6.726    u_vision/u_gauss/lb1/out_g[7]_i_85_n_0
    SLICE_X29Y37         CARRY4 (Prop_carry4_S[1]_O[2])
                                                      0.580     7.306 r  u_vision/u_gauss/lb1/out_g_reg[7]_i_59/O[2]
                         net (fo=2, routed)           0.465     7.771    u_vision/u_gauss/lb1/out_g_reg[7]_i_59_n_5
    SLICE_X30Y36         LUT2 (Prop_lut2_I1_O)        0.302     8.073 r  u_vision/u_gauss/lb1/out_g[7]_i_79/O
                         net (fo=1, routed)           0.000     8.073    u_vision/u_gauss/lb1/out_g[7]_i_79_n_0
    SLICE_X30Y36         CARRY4 (Prop_carry4_S[3]_O[3])
                                                      0.255     8.328 r  u_vision/u_gauss/lb1/out_g_reg[7]_i_55/O[3]
                         net (fo=2, routed)           0.599     8.926    u_vision/u_gauss/lb1/C[3]
    SLICE_X31Y36         LUT5 (Prop_lut5_I4_O)        0.307     9.233 r  u_vision/u_gauss/lb1/out_g[7]_i_56/O
                         net (fo=1, routed)           0.000     9.233    u_vision/u_gauss/lb1/out_g[7]_i_56_n_0
    SLICE_X31Y36         CARRY4 (Prop_carry4_S[3]_CO[3])
                                                      0.401     9.634 r  u_vision/u_gauss/lb1/out_g_reg[7]_i_36/CO[3]
                         net (fo=1, routed)           0.000     9.634    u_vision/u_gauss/lb1/out_g_reg[7]_i_36_n_0
    SLICE_X31Y37         CARRY4 (Prop_carry4_CI_O[0])
                                                      0.222     9.856 r  u_vision/u_gauss/lb1/out_g_reg[7]_i_19/O[0]
                         net (fo=2, routed)           0.582    10.438    u_vision/u_gauss/lb1/out_g_reg[7]_i_19_n_7
    SLICE_X32Y37         LUT5 (Prop_lut5_I4_O)        0.299    10.737 r  u_vision/u_gauss/lb1/out_g[7]_i_13__0/O
                         net (fo=2, routed)           0.352    11.089    u_vision/u_gauss/lb1/out_g[7]_i_13__0_n_0
    SLICE_X33Y37         LUT6 (Prop_lut6_I3_O)        0.124    11.213 r  u_vision/u_gauss/lb1/out_g[7]_i_17__0/O
                         net (fo=1, routed)           0.000    11.213    u_vision/u_gauss/lb1/out_g[7]_i_17__0_n_0
    SLICE_X33Y37         CARRY4 (Prop_carry4_S[1]_O[2])
                                                      0.580    11.793 r  u_vision/u_gauss/lb1/out_g_reg[7]_i_4/O[2]
                         net (fo=2, routed)           0.558    12.351    u_vision/u_gauss/lb1/PCOUT[6]
    SLICE_X33Y39         LUT5 (Prop_lut5_I4_O)        0.302    12.653 r  u_vision/u_gauss/lb1/out_g[3]_i_3/O
                         net (fo=2, routed)           0.509    13.163    u_vision/u_gauss/lb1/out_g[3]_i_3_n_0
    SLICE_X32Y39         LUT6 (Prop_lut6_I3_O)        0.124    13.287 r  u_vision/u_gauss/lb1/out_g[3]_i_7__0/O
                         net (fo=1, routed)           0.000    13.287    u_vision/u_gauss/lb1/out_g[3]_i_7__0_n_0
    SLICE_X32Y39         CARRY4 (Prop_carry4_S[3]_O[3])
                                                      0.255    13.542 r  u_vision/u_gauss/lb1/out_g_reg[3]_i_1/O[3]
                         net (fo=1, routed)           0.000    13.542    u_vision/u_gauss/p_0_in[3]
    SLICE_X32Y39         FDCE                                         r  u_vision/u_gauss/out_g_reg[3]/D
  -------------------------------------------------------------------    -------------------

                         (clock pclk rise edge)      13.468    13.468 r  <hidden>
                                                      0.000    13.468 r  pclk
                         net (fo=1097, unset)         0.924    14.392    u_vision/u_gauss/pclk
    SLICE_X32Y39         FDCE                                         r  u_vision/u_gauss/out_g_reg[3]/C
                         clock pessimism              0.000    14.392    <hidden>
                         clock uncertainty           -0.185    14.207    <hidden>
    SLICE_X32Y39         FDCE (Setup_fdce_C_D)        0.109    14.316    u_vision/u_gauss/out_g_reg[3]
  -------------------------------------------------------------------
                         required time                         14.316    <hidden>
                         arrival time                         -13.542    <hidden>
  -------------------------------------------------------------------
                         slack                                  0.774    <hidden>

Slack (MET) :             1.178ns  (required time - arrival time)
  Source:                 u_vision/u_gauss/xd2_reg[10]/C
                            (rising edge-triggered cell FDCE clocked by pclk  {rise@0.000ns fall@6.734ns period=13.468ns})
  Destination:            u_vision/u_gauss/out_g_reg[2]/D
                            (rising edge-triggered cell FDCE clocked by pclk  {rise@0.000ns fall@6.734ns period=13.468ns})
  Path Group:             pclk
  Path Type:              Setup (Max at Slow Process Corner)
  Requirement:            13.468ns  (pclk rise@13.468ns - pclk rise@0.000ns)
  Data Path Delay:        12.165ns  (logic 5.644ns (46.396%)  route 6.521ns (53.604%))
  Logic Levels:           19  (CARRY4=7 LUT2=2 LUT4=1 LUT5=3 LUT6=6)
  Clock Path Skew:        -0.049ns (DCD - SCD + CPR)
    Destination Clock Delay (DCD):    0.924ns = ( 14.392 - 13.468 ) 
    Source Clock Delay      (SCD):    0.973ns
    Clock Pessimism Removal (CPR):    0.000ns
  Clock Uncertainty:      0.185ns  ((TSJ^2 + TIJ^2)^1/2 + DJ) / 2 + PE + UU
    Total System Jitter     (TSJ):    0.071ns
    Total Input Jitter      (TIJ):    0.000ns
    Discrete Jitter          (DJ):    0.000ns
    Phase Error              (PE):    0.000ns
    User Uncertainty         (UU):    0.150ns

    Location             Delay type                Incr(ns)  Path(ns)    Netlist Resource(s)
  -------------------------------------------------------------------    -------------------
                         (clock pclk rise edge)       0.000     0.000 r  <hidden>
                                                      0.000     0.000 r  pclk
                         net (fo=1097, unset)         0.973     0.973    u_vision/u_gauss/pclk
    SLICE_X26Y37         FDCE                                         r  u_vision/u_gauss/xd2_reg[10]/C
  -------------------------------------------------------------------    -------------------
    SLICE_X26Y37         FDCE (Prop_fdce_C_Q)         0.518     1.491 r  u_vision/u_gauss/xd2_reg[10]/Q
                         net (fo=4, routed)           1.042     2.533    u_vision/u_gauss/xd2[10]
    SLICE_X26Y37         LUT2 (Prop_lut2_I1_O)        0.150     2.683 f  u_vision/u_gauss/out_g[7]_i_76/O
                         net (fo=1, routed)           0.659     3.342    u_vision/u_gauss/out_g[7]_i_76_n_0
    SLICE_X27Y37         LUT6 (Prop_lut6_I0_O)        0.328     3.670 f  u_vision/u_gauss/out_g[7]_i_48/O
                         net (fo=2, routed)           0.576     4.246    u_vision/u_gauss/k[8]
    SLICE_X28Y36         LUT6 (Prop_lut6_I4_O)        0.124     4.370 r  u_vision/u_gauss/out_g[7]_i_25__0/O
                         net (fo=24, routed)          0.383     4.753    u_vision/u_gauss/lb1/right_edge
    SLICE_X29Y36         LUT6 (Prop_lut6_I5_O)        0.124     4.877 r  u_vision/u_gauss/lb1/out_g[3]_i_37/O
                         net (fo=5, routed)           0.326     5.203    u_vision/u_gauss/lb1/out_g[3]_i_37_n_0
    SLICE_X28Y37         LUT6 (Prop_lut6_I0_O)        0.124     5.327 r  u_vision/u_gauss/lb1/out_g[7]_i_93/O
                         net (fo=1, routed)           0.000     5.327    u_vision/u_gauss/lb1/out_g[7]_i_93_n_0
    SLICE_X28Y37         CARRY4 (Prop_carry4_S[1]_O[2])
                                                      0.580     5.907 r  u_vision/u_gauss/lb1/out_g_reg[7]_i_82/O[2]
                         net (fo=2, routed)           0.517     6.424    u_vision/u_gauss/lb1/out_g_reg[7]_i_82_n_5
    SLICE_X29Y37         LUT4 (Prop_lut4_I3_O)        0.302     6.726 r  u_vision/u_gauss/lb1/out_g[7]_i_85/O
                         net (fo=1, routed)           0.000     6.726    u_vision/u_gauss/lb1/out_g[7]_i_85_n_0
    SLICE_X29Y37         CARRY4 (Prop_carry4_S[1]_O[2])
                                                      0.580     7.306 r  u_vision/u_gauss/lb1/out_g_reg[7]_i_59/O[2]
                         net (fo=2, routed)           0.465     7.771    u_vision/u_gauss/lb1/out_g_reg[7]_i_59_n_5
    SLICE_X30Y36         LUT2 (Prop_lut2_I1_O)        0.302     8.073 r  u_vision/u_gauss/lb1/out_g[7]_i_79/O
                         net (fo=1, routed)           0.000     8.073    u_vision/u_gauss/lb1/out_g[7]_i_79_n_0
    SLICE_X30Y36         CARRY4 (Prop_carry4_S[3]_O[3])
                                                      0.255     8.328 r  u_vision/u_gauss/lb1/out_g_reg[7]_i_55/O[3]
                         net (fo=2, routed)           0.599     8.926    u_vision/u_gauss/lb1/C[3]
    SLICE_X31Y36         LUT5 (Prop_lut5_I4_O)        0.307     9.233 r  u_vision/u_gauss/lb1/out_g[7]_i_56/O
                         net (fo=1, routed)           0.000     9.233    u_vision/u_gauss/lb1/out_g[7]_i_56_n_0
    SLICE_X31Y36         CARRY4 (Prop_carry4_S[3]_CO[3])
                                                      0.401     9.634 r  u_vision/u_gauss/lb1/out_g_reg[7]_i_36/CO[3]
                         net (fo=1, routed)           0.000     9.634    u_vision/u_gauss/lb1/out_g_reg[7]_i_36_n_0
    SLICE_X31Y37         CARRY4 (Prop_carry4_CI_O[0])
                                                      0.222     9.856 r  u_vision/u_gauss/lb1/out_g_reg[7]_i_19/O[0]
                         net (fo=2, routed)           0.582    10.438    u_vision/u_gauss/lb1/out_g_reg[7]_i_19_n_7
    SLICE_X32Y37         LUT5 (Prop_lut5_I4_O)        0.299    10.737 r  u_vision/u_gauss/lb1/out_g[7]_i_13__0/O
                         net (fo=2, routed)           0.352    11.089    u_vision/u_gauss/lb1/out_g[7]_i_13__0_n_0
    SLICE_X33Y37         LUT6 (Prop_lut6_I3_O)        0.124    11.213 r  u_vision/u_gauss/lb1/out_g[7]_i_17__0/O
                         net (fo=1, routed)           0.000    11.213    u_vision/u_gauss/lb1/out_g[7]_i_17__0_n_0
    SLICE_X33Y37         CARRY4 (Prop_carry4_S[1]_O[1])
                                                      0.227    11.440 r  u_vision/u_gauss/lb1/out_g_reg[7]_i_4/O[1]
                         net (fo=2, routed)           0.446    11.886    u_vision/u_gauss/lb1/PCOUT[5]
    SLICE_X33Y39         LUT5 (Prop_lut5_I4_O)        0.303    12.189 r  u_vision/u_gauss/lb1/out_g[3]_i_4__0/O
                         net (fo=2, routed)           0.575    12.764    u_vision/u_gauss/lb1/out_g[3]_i_4__0_n_0
    SLICE_X32Y39         LUT6 (Prop_lut6_I3_O)        0.124    12.888 r  u_vision/u_gauss/lb1/out_g[3]_i_8__0/O
                         net (fo=1, routed)           0.000    12.888    u_vision/u_gauss/lb1/out_g[3]_i_8__0_n_0
    SLICE_X32Y39         CARRY4 (Prop_carry4_S[2]_O[2])
                                                      0.250    13.138 r  u_vision/u_gauss/lb1/out_g_reg[3]_i_1/O[2]
                         net (fo=1, routed)           0.000    13.138    u_vision/u_gauss/p_0_in[2]
    SLICE_X32Y39         FDCE                                         r  u_vision/u_gauss/out_g_reg[2]/D
  -------------------------------------------------------------------    -------------------

                         (clock pclk rise edge)      13.468    13.468 r  <hidden>
                                                      0.000    13.468 r  pclk
                         net (fo=1097, unset)         0.924    14.392    u_vision/u_gauss/pclk
    SLICE_X32Y39         FDCE                                         r  u_vision/u_gauss/out_g_reg[2]/C
                         clock pessimism              0.000    14.392    <hidden>
                         clock uncertainty           -0.185    14.207    <hidden>
    SLICE_X32Y39         FDCE (Setup_fdce_C_D)        0.109    14.316    u_vision/u_gauss/out_g_reg[2]
  -------------------------------------------------------------------
                         required time                         14.316    <hidden>
                         arrival time                         -13.138    <hidden>
  -------------------------------------------------------------------
                         slack                                  1.178    <hidden>

Slack (MET) :             1.494ns  (required time - arrival time)
  Source:                 u_vision/u_scaler/gen_slot[3].lb/mem_reg/CLKBWRCLK
                            (rising edge-triggered cell RAMB18E1 clocked by pclk  {rise@0.000ns fall@6.734ns period=13.468ns})
  Destination:            u_vision/u_scaler/top8_r_reg[7]/D
                            (rising edge-triggered cell FDCE clocked by pclk  {rise@0.000ns fall@6.734ns period=13.468ns})
  Path Group:             pclk
  Path Type:              Setup (Max at Slow Process Corner)
  Requirement:            13.468ns  (pclk rise@13.468ns - pclk rise@0.000ns)
  Data Path Delay:        11.802ns  (logic 6.454ns (54.685%)  route 5.348ns (45.315%))
  Logic Levels:           11  (CARRY4=4 LUT2=1 LUT4=2 LUT6=3 MUXF7=1)
  Clock Path Skew:        -0.049ns (DCD - SCD + CPR)
    Destination Clock Delay (DCD):    0.924ns = ( 14.392 - 13.468 ) 
    Source Clock Delay      (SCD):    0.973ns
    Clock Pessimism Removal (CPR):    0.000ns
  Clock Uncertainty:      0.185ns  ((TSJ^2 + TIJ^2)^1/2 + DJ) / 2 + PE + UU
    Total System Jitter     (TSJ):    0.071ns
    Total Input Jitter      (TIJ):    0.000ns
    Discrete Jitter          (DJ):    0.000ns
    Phase Error              (PE):    0.000ns
    User Uncertainty         (UU):    0.150ns

    Location             Delay type                Incr(ns)  Path(ns)    Netlist Resource(s)
  -------------------------------------------------------------------    -------------------
                         (clock pclk rise edge)       0.000     0.000 r  <hidden>
                                                      0.000     0.000 r  pclk
                         net (fo=1097, unset)         0.973     0.973    u_vision/u_scaler/gen_slot[3].lb/pclk
    RAMB18_X0Y10         RAMB18E1                                     r  u_vision/u_scaler/gen_slot[3].lb/mem_reg/CLKBWRCLK
  -------------------------------------------------------------------    -------------------
    RAMB18_X0Y10         RAMB18E1 (Prop_ramb18e1_CLKBWRCLK_DOBDO[1])
                                                      2.454     3.427 r  u_vision/u_scaler/gen_slot[3].lb/mem_reg/DOBDO[1]
                         net (fo=4, routed)           1.685     5.112    u_vision/u_scaler/gen_slot[3].lb/slot_rd[3]_3[1]
    SLICE_X19Y22         LUT6 (Prop_lut6_I0_O)        0.124     5.236 r  u_vision/u_scaler/gen_slot[3].lb/top8_r[7]_i_116/O
                         net (fo=1, routed)           0.000     5.236    u_vision/u_scaler/gen_slot[3].lb/top8_r[7]_i_116_n_0
    SLICE_X19Y22         MUXF7 (Prop_muxf7_I0_O)      0.212     5.448 r  u_vision/u_scaler/gen_slot[3].lb/top8_r_reg[7]_i_107/O
                         net (fo=17, routed)          0.757     6.206    u_vision/u_scaler/gen_slot[3].lb/top8_r_reg[7]_i_107_n_0
    SLICE_X23Y21         LUT6 (Prop_lut6_I3_O)        0.299     6.505 r  u_vision/u_scaler/gen_slot[3].lb/top8_r[3]_i_103/O
                         net (fo=2, routed)           0.565     7.070    u_vision/u_scaler/gen_slot[3].lb/top8_r[3]_i_103_n_0
    SLICE_X22Y21         LUT6 (Prop_lut6_I0_O)        0.124     7.194 r  u_vision/u_scaler/gen_slot[3].lb/top8_r[3]_i_107/O
                         net (fo=1, routed)           0.000     7.194    u_vision/u_scaler/gen_slot[3].lb/top8_r[3]_i_107_n_0
    SLICE_X22Y21         CARRY4 (Prop_carry4_S[1]_CO[3])
                                                      0.533     7.727 r  u_vision/u_scaler/gen_slot[3].lb/top8_r_reg[3]_i_65/CO[3]
                         net (fo=1, routed)           0.000     7.727    u_vision/u_scaler/gen_slot[3].lb/top8_r_reg[3]_i_65_n_0
    SLICE_X22Y22         CARRY4 (Prop_carry4_CI_O[1])
                                                      0.323     8.050 r  u_vision/u_scaler/gen_slot[3].lb/top8_r_reg[7]_i_64/O[1]
                         net (fo=4, routed)           0.792     8.842    u_vision/u_scaler/gen_slot[3].lb/top8_r_reg[7]_i_64_n_6
    SLICE_X21Y26         LUT4 (Prop_lut4_I1_O)        0.301     9.143 f  u_vision/u_scaler/gen_slot[3].lb/top8_r[7]_i_67/O
                         net (fo=1, routed)           0.645     9.788    u_vision/u_scaler/gen_slot[3].lb/top8_r[7]_i_67_n_0
    SLICE_X21Y27         LUT4 (Prop_lut4_I0_O)        0.361    10.149 r  u_vision/u_scaler/gen_slot[3].lb/top8_r[7]_i_36/O
                         net (fo=2, routed)           0.492    10.641    u_vision/u_scaler/gen_slot[3].lb/top8_r[7]_i_36_n_0
    SLICE_X22Y27         CARRY4 (Prop_carry4_DI[0]_O[2])
                                                      0.782    11.423 r  u_vision/u_scaler/gen_slot[3].lb/top8_r_reg[7]_i_17/O[2]
                         net (fo=1, routed)           0.411    11.834    u_vision/u_scaler/gen_slot[3].lb/top0[13]
    SLICE_X23Y28         LUT2 (Prop_lut2_I1_O)        0.301    12.135 r  u_vision/u_scaler/gen_slot[3].lb/top8_r[7]_i_5/O
                         net (fo=1, routed)           0.000    12.135    u_vision/u_scaler/gen_slot[3].lb/top8_r[7]_i_5_n_0
    SLICE_X23Y28         CARRY4 (Prop_carry4_S[1]_O[3])
                                                      0.640    12.775 r  u_vision/u_scaler/gen_slot[3].lb/top8_r_reg[7]_i_1/O[3]
                         net (fo=1, routed)           0.000    12.775    u_vision/u_scaler/top[15]
    SLICE_X23Y28         FDCE                                         r  u_vision/u_scaler/top8_r_reg[7]/D
  -------------------------------------------------------------------    -------------------

                         (clock pclk rise edge)      13.468    13.468 r  <hidden>
                                                      0.000    13.468 r  pclk
                         net (fo=1097, unset)         0.924    14.392    u_vision/u_scaler/pclk
    SLICE_X23Y28         FDCE                                         r  u_vision/u_scaler/top8_r_reg[7]/C
                         clock pessimism              0.000    14.392    <hidden>
                         clock uncertainty           -0.185    14.207    <hidden>
    SLICE_X23Y28         FDCE (Setup_fdce_C_D)        0.062    14.269    u_vision/u_scaler/top8_r_reg[7]
  -------------------------------------------------------------------
                         required time                         14.269    <hidden>
                         arrival time                         -12.775    <hidden>
  -------------------------------------------------------------------
                         slack                                  1.494    <hidden>

Slack (MET) :             1.554ns  (required time - arrival time)
  Source:                 u_vision/u_scaler/gen_slot[3].lb/mem_reg/CLKBWRCLK
                            (rising edge-triggered cell RAMB18E1 clocked by pclk  {rise@0.000ns fall@6.734ns period=13.468ns})
  Destination:            u_vision/u_scaler/top8_r_reg[6]/D
                            (rising edge-triggered cell FDCE clocked by pclk  {rise@0.000ns fall@6.734ns period=13.468ns})
  Path Group:             pclk
  Path Type:              Setup (Max at Slow Process Corner)
  Requirement:            13.468ns  (pclk rise@13.468ns - pclk rise@0.000ns)
  Data Path Delay:        11.742ns  (logic 6.394ns (54.454%)  route 5.348ns (45.546%))
  Logic Levels:           11  (CARRY4=4 LUT2=1 LUT4=2 LUT6=3 MUXF7=1)
  Clock Path Skew:        -0.049ns (DCD - SCD + CPR)
    Destination Clock Delay (DCD):    0.924ns = ( 14.392 - 13.468 ) 
    Source Clock Delay      (SCD):    0.973ns
    Clock Pessimism Removal (CPR):    0.000ns
  Clock Uncertainty:      0.185ns  ((TSJ^2 + TIJ^2)^1/2 + DJ) / 2 + PE + UU
    Total System Jitter     (TSJ):    0.071ns
    Total Input Jitter      (TIJ):    0.000ns
    Discrete Jitter          (DJ):    0.000ns
    Phase Error              (PE):    0.000ns
    User Uncertainty         (UU):    0.150ns

    Location             Delay type                Incr(ns)  Path(ns)    Netlist Resource(s)
  -------------------------------------------------------------------    -------------------
                         (clock pclk rise edge)       0.000     0.000 r  <hidden>
                                                      0.000     0.000 r  pclk
                         net (fo=1097, unset)         0.973     0.973    u_vision/u_scaler/gen_slot[3].lb/pclk
    RAMB18_X0Y10         RAMB18E1                                     r  u_vision/u_scaler/gen_slot[3].lb/mem_reg/CLKBWRCLK
  -------------------------------------------------------------------    -------------------
    RAMB18_X0Y10         RAMB18E1 (Prop_ramb18e1_CLKBWRCLK_DOBDO[1])
                                                      2.454     3.427 r  u_vision/u_scaler/gen_slot[3].lb/mem_reg/DOBDO[1]
                         net (fo=4, routed)           1.685     5.112    u_vision/u_scaler/gen_slot[3].lb/slot_rd[3]_3[1]
    SLICE_X19Y22         LUT6 (Prop_lut6_I0_O)        0.124     5.236 r  u_vision/u_scaler/gen_slot[3].lb/top8_r[7]_i_116/O
                         net (fo=1, routed)           0.000     5.236    u_vision/u_scaler/gen_slot[3].lb/top8_r[7]_i_116_n_0
    SLICE_X19Y22         MUXF7 (Prop_muxf7_I0_O)      0.212     5.448 r  u_vision/u_scaler/gen_slot[3].lb/top8_r_reg[7]_i_107/O
                         net (fo=17, routed)          0.757     6.206    u_vision/u_scaler/gen_slot[3].lb/top8_r_reg[7]_i_107_n_0
    SLICE_X23Y21         LUT6 (Prop_lut6_I3_O)        0.299     6.505 r  u_vision/u_scaler/gen_slot[3].lb/top8_r[3]_i_103/O
                         net (fo=2, routed)           0.565     7.070    u_vision/u_scaler/gen_slot[3].lb/top8_r[3]_i_103_n_0
    SLICE_X22Y21         LUT6 (Prop_lut6_I0_O)        0.124     7.194 r  u_vision/u_scaler/gen_slot[3].lb/top8_r[3]_i_107/O
                         net (fo=1, routed)           0.000     7.194    u_vision/u_scaler/gen_slot[3].lb/top8_r[3]_i_107_n_0
    SLICE_X22Y21         CARRY4 (Prop_carry4_S[1]_CO[3])
                                                      0.533     7.727 r  u_vision/u_scaler/gen_slot[3].lb/top8_r_reg[3]_i_65/CO[3]
                         net (fo=1, routed)           0.000     7.727    u_vision/u_scaler/gen_slot[3].lb/top8_r_reg[3]_i_65_n_0
    SLICE_X22Y22         CARRY4 (Prop_carry4_CI_O[1])
                                                      0.323     8.050 r  u_vision/u_scaler/gen_slot[3].lb/top8_r_reg[7]_i_64/O[1]
                         net (fo=4, routed)           0.792     8.842    u_vision/u_scaler/gen_slot[3].lb/top8_r_reg[7]_i_64_n_6
    SLICE_X21Y26         LUT4 (Prop_lut4_I1_O)        0.301     9.143 f  u_vision/u_scaler/gen_slot[3].lb/top8_r[7]_i_67/O
                         net (fo=1, routed)           0.645     9.788    u_vision/u_scaler/gen_slot[3].lb/top8_r[7]_i_67_n_0
    SLICE_X21Y27         LUT4 (Prop_lut4_I0_O)        0.361    10.149 r  u_vision/u_scaler/gen_slot[3].lb/top8_r[7]_i_36/O
                         net (fo=2, routed)           0.492    10.641    u_vision/u_scaler/gen_slot[3].lb/top8_r[7]_i_36_n_0
    SLICE_X22Y27         CARRY4 (Prop_carry4_DI[0]_O[2])
                                                      0.782    11.423 r  u_vision/u_scaler/gen_slot[3].lb/top8_r_reg[7]_i_17/O[2]
                         net (fo=1, routed)           0.411    11.834    u_vision/u_scaler/gen_slot[3].lb/top0[13]
    SLICE_X23Y28         LUT2 (Prop_lut2_I1_O)        0.301    12.135 r  u_vision/u_scaler/gen_slot[3].lb/top8_r[7]_i_5/O
                         net (fo=1, routed)           0.000    12.135    u_vision/u_scaler/gen_slot[3].lb/top8_r[7]_i_5_n_0
    SLICE_X23Y28         CARRY4 (Prop_carry4_S[1]_O[2])
                                                      0.580    12.715 r  u_vision/u_scaler/gen_slot[3].lb/top8_r_reg[7]_i_1/O[2]
                         net (fo=1, routed)           0.000    12.715    u_vision/u_scaler/top[14]
    SLICE_X23Y28         FDCE                                         r  u_vision/u_scaler/top8_r_reg[6]/D
  -------------------------------------------------------------------    -------------------

                         (clock pclk rise edge)      13.468    13.468 r  <hidden>
                                                      0.000    13.468 r  pclk
                         net (fo=1097, unset)         0.924    14.392    u_vision/u_scaler/pclk
    SLICE_X23Y28         FDCE                                         r  u_vision/u_scaler/top8_r_reg[6]/C
                         clock pessimism              0.000    14.392    <hidden>
                         clock uncertainty           -0.185    14.207    <hidden>
    SLICE_X23Y28         FDCE (Setup_fdce_C_D)        0.062    14.269    u_vision/u_scaler/top8_r_reg[6]
  -------------------------------------------------------------------
                         required time                         14.269    <hidden>
                         arrival time                         -12.715    <hidden>
  -------------------------------------------------------------------
                         slack                                  1.554    <hidden>

Slack (MET) :             1.559ns  (required time - arrival time)
  Source:                 u_vision/u_gauss/xd2_reg[10]/C
                            (rising edge-triggered cell FDCE clocked by pclk  {rise@0.000ns fall@6.734ns period=13.468ns})
  Destination:            u_vision/u_gauss/out_g_reg[1]/D
                            (rising edge-triggered cell FDCE clocked by pclk  {rise@0.000ns fall@6.734ns period=13.468ns})
  Path Group:             pclk
  Path Type:              Setup (Max at Slow Process Corner)
  Requirement:            13.468ns  (pclk rise@13.468ns - pclk rise@0.000ns)
  Data Path Delay:        11.784ns  (logic 5.110ns (43.363%)  route 6.674ns (56.637%))
  Logic Levels:           18  (CARRY4=6 LUT2=2 LUT4=1 LUT5=3 LUT6=6)
  Clock Path Skew:        -0.049ns (DCD - SCD + CPR)
    Destination Clock Delay (DCD):    0.924ns = ( 14.392 - 13.468 ) 
    Source Clock Delay      (SCD):    0.973ns
    Clock Pessimism Removal (CPR):    0.000ns
  Clock Uncertainty:      0.185ns  ((TSJ^2 + TIJ^2)^1/2 + DJ) / 2 + PE + UU
    Total System Jitter     (TSJ):    0.071ns
    Total Input Jitter      (TIJ):    0.000ns
    Discrete Jitter          (DJ):    0.000ns
    Phase Error              (PE):    0.000ns
    User Uncertainty         (UU):    0.150ns

    Location             Delay type                Incr(ns)  Path(ns)    Netlist Resource(s)
  -------------------------------------------------------------------    -------------------
                         (clock pclk rise edge)       0.000     0.000 r  <hidden>
                                                      0.000     0.000 r  pclk
                         net (fo=1097, unset)         0.973     0.973    u_vision/u_gauss/pclk
    SLICE_X26Y37         FDCE                                         r  u_vision/u_gauss/xd2_reg[10]/C
  -------------------------------------------------------------------    -------------------
    SLICE_X26Y37         FDCE (Prop_fdce_C_Q)         0.518     1.491 r  u_vision/u_gauss/xd2_reg[10]/Q
                         net (fo=4, routed)           1.042     2.533    u_vision/u_gauss/xd2[10]
    SLICE_X26Y37         LUT2 (Prop_lut2_I1_O)        0.150     2.683 f  u_vision/u_gauss/out_g[7]_i_76/O
                         net (fo=1, routed)           0.659     3.342    u_vision/u_gauss/out_g[7]_i_76_n_0
    SLICE_X27Y37         LUT6 (Prop_lut6_I0_O)        0.328     3.670 f  u_vision/u_gauss/out_g[7]_i_48/O
                         net (fo=2, routed)           0.576     4.246    u_vision/u_gauss/k[8]
    SLICE_X28Y36         LUT6 (Prop_lut6_I4_O)        0.124     4.370 r  u_vision/u_gauss/out_g[7]_i_25__0/O
                         net (fo=24, routed)          0.383     4.753    u_vision/u_gauss/lb1/right_edge
    SLICE_X29Y36         LUT6 (Prop_lut6_I5_O)        0.124     4.877 r  u_vision/u_gauss/lb1/out_g[3]_i_37/O
                         net (fo=5, routed)           0.326     5.203    u_vision/u_gauss/lb1/out_g[3]_i_37_n_0
    SLICE_X28Y37         LUT6 (Prop_lut6_I0_O)        0.124     5.327 r  u_vision/u_gauss/lb1/out_g[7]_i_93/O
                         net (fo=1, routed)           0.000     5.327    u_vision/u_gauss/lb1/out_g[7]_i_93_n_0
    SLICE_X28Y37         CARRY4 (Prop_carry4_S[1]_O[2])
                                                      0.580     5.907 r  u_vision/u_gauss/lb1/out_g_reg[7]_i_82/O[2]
                         net (fo=2, routed)           0.517     6.424    u_vision/u_gauss/lb1/out_g_reg[7]_i_82_n_5
    SLICE_X29Y37         LUT4 (Prop_lut4_I3_O)        0.302     6.726 r  u_vision/u_gauss/lb1/out_g[7]_i_85/O
                         net (fo=1, routed)           0.000     6.726    u_vision/u_gauss/lb1/out_g[7]_i_85_n_0
    SLICE_X29Y37         CARRY4 (Prop_carry4_S[1]_O[1])
                                                      0.227     6.953 r  u_vision/u_gauss/lb1/out_g_reg[7]_i_59/O[1]
                         net (fo=2, routed)           0.450     7.403    u_vision/u_gauss/lb1/out_g_reg[7]_i_59_n_6
    SLICE_X30Y36         LUT2 (Prop_lut2_I1_O)        0.303     7.706 r  u_vision/u_gauss/lb1/out_g[7]_i_80/O
                         net (fo=1, routed)           0.000     7.706    u_vision/u_gauss/lb1/out_g[7]_i_80_n_0
    SLICE_X30Y36         CARRY4 (Prop_carry4_S[2]_O[2])
                                                      0.250     7.956 r  u_vision/u_gauss/lb1/out_g_reg[7]_i_55/O[2]
                         net (fo=2, routed)           0.416     8.372    u_vision/u_gauss/lb1/C[2]
    SLICE_X31Y36         LUT5 (Prop_lut5_I4_O)        0.301     8.673 r  u_vision/u_gauss/lb1/out_g[7]_i_57/O
                         net (fo=1, routed)           0.000     8.673    u_vision/u_gauss/lb1/out_g[7]_i_57_n_0
    SLICE_X31Y36         CARRY4 (Prop_carry4_S[2]_O[2])
                                                      0.248     8.921 r  u_vision/u_gauss/lb1/out_g_reg[7]_i_36/O[2]
                         net (fo=2, routed)           0.537     9.459    u_vision/u_gauss/lb1/out_g_reg[7]_i_36_n_5
    SLICE_X32Y36         LUT5 (Prop_lut5_I4_O)        0.302     9.761 r  u_vision/u_gauss/lb1/out_g[3]_i_44/O
                         net (fo=2, routed)           0.644    10.405    u_vision/u_gauss/lb1/out_g[3]_i_44_n_0
    SLICE_X33Y36         LUT6 (Prop_lut6_I3_O)        0.124    10.529 r  u_vision/u_gauss/lb1/out_g[3]_i_47/O
                         net (fo=1, routed)           0.000    10.529    u_vision/u_gauss/lb1/out_g[3]_i_47_n_0
    SLICE_X33Y36         CARRY4 (Prop_carry4_S[3]_O[3])
                                                      0.248    10.777 r  u_vision/u_gauss/lb1/out_g_reg[3]_i_30/O[3]
                         net (fo=2, routed)           0.452    11.228    u_vision/u_gauss/lb1/PCOUT[3]
    SLICE_X33Y39         LUT5 (Prop_lut5_I4_O)        0.306    11.534 r  u_vision/u_gauss/lb1/out_g[3]_i_6__0/O
                         net (fo=2, routed)           0.672    12.206    u_vision/u_gauss/lb1/out_g[3]_i_6__0_n_0
    SLICE_X32Y39         LUT6 (Prop_lut6_I3_O)        0.124    12.330 r  u_vision/u_gauss/lb1/out_g[3]_i_10__0/O
                         net (fo=1, routed)           0.000    12.330    u_vision/u_gauss/lb1/out_g[3]_i_10__0_n_0
    SLICE_X32Y39         CARRY4 (Prop_carry4_S[0]_O[1])
                                                      0.427    12.757 r  u_vision/u_gauss/lb1/out_g_reg[3]_i_1/O[1]
                         net (fo=1, routed)           0.000    12.757    u_vision/u_gauss/p_0_in[1]
    SLICE_X32Y39         FDCE                                         r  u_vision/u_gauss/out_g_reg[1]/D
  -------------------------------------------------------------------    -------------------

                         (clock pclk rise edge)      13.468    13.468 r  <hidden>
                                                      0.000    13.468 r  pclk
                         net (fo=1097, unset)         0.924    14.392    u_vision/u_gauss/pclk
    SLICE_X32Y39         FDCE                                         r  u_vision/u_gauss/out_g_reg[1]/C
                         clock pessimism              0.000    14.392    <hidden>
                         clock uncertainty           -0.185    14.207    <hidden>
    SLICE_X32Y39         FDCE (Setup_fdce_C_D)        0.109    14.316    u_vision/u_gauss/out_g_reg[1]
  -------------------------------------------------------------------
                         required time                         14.316    <hidden>
                         arrival time                         -12.757    <hidden>
  -------------------------------------------------------------------
                         slack                                  1.559    <hidden>

Slack (MET) :             1.582ns  (required time - arrival time)
  Source:                 u_vision/u_scaler/gen_slot[6].lb/mem_reg/CLKBWRCLK
                            (rising edge-triggered cell RAMB18E1 clocked by pclk  {rise@0.000ns fall@6.734ns period=13.468ns})
  Destination:            u_vision/u_scaler/bot8_r_reg[5]/D
                            (rising edge-triggered cell FDCE clocked by pclk  {rise@0.000ns fall@6.734ns period=13.468ns})
  Path Group:             pclk
  Path Type:              Setup (Max at Slow Process Corner)
  Requirement:            13.468ns  (pclk rise@13.468ns - pclk rise@0.000ns)
  Data Path Delay:        11.714ns  (logic 5.908ns (50.436%)  route 5.806ns (49.564%))
  Logic Levels:           12  (CARRY4=5 LUT2=2 LUT4=2 LUT6=2 MUXF7=1)
  Clock Path Skew:        -0.049ns (DCD - SCD + CPR)
    Destination Clock Delay (DCD):    0.924ns = ( 14.392 - 13.468 ) 
    Source Clock Delay      (SCD):    0.973ns
    Clock Pessimism Removal (CPR):    0.000ns
  Clock Uncertainty:      0.185ns  ((TSJ^2 + TIJ^2)^1/2 + DJ) / 2 + PE + UU
    Total System Jitter     (TSJ):    0.071ns
    Total Input Jitter      (TIJ):    0.000ns
    Discrete Jitter          (DJ):    0.000ns
    Phase Error              (PE):    0.000ns
    User Uncertainty         (UU):    0.150ns

    Location             Delay type                Incr(ns)  Path(ns)    Netlist Resource(s)
  -------------------------------------------------------------------    -------------------
                         (clock pclk rise edge)       0.000     0.000 r  <hidden>
                                                      0.000     0.000 r  pclk
                         net (fo=1097, unset)         0.973     0.973    u_vision/u_scaler/gen_slot[6].lb/pclk
    RAMB18_X0Y9          RAMB18E1                                     r  u_vision/u_scaler/gen_slot[6].lb/mem_reg/CLKBWRCLK
  -------------------------------------------------------------------    -------------------
    RAMB18_X0Y9          RAMB18E1 (Prop_ramb18e1_CLKBWRCLK_DOBDO[4])
                                                      2.454     3.427 r  u_vision/u_scaler/gen_slot[6].lb/mem_reg/DOBDO[4]
                         net (fo=4, routed)           1.713     5.140    u_vision/u_scaler/gen_slot[7].lb/DOBDO[4]
    SLICE_X20Y23         LUT6 (Prop_lut6_I1_O)        0.124     5.264 r  u_vision/u_scaler/gen_slot[7].lb/bot8_r[7]_i_118/O
                         net (fo=1, routed)           0.000     5.264    u_vision/u_scaler/gen_slot[3].lb/bot8_r[3]_i_117_0
    SLICE_X20Y23         MUXF7 (Prop_muxf7_I1_O)      0.214     5.478 r  u_vision/u_scaler/gen_slot[3].lb/bot8_r_reg[7]_i_107/O
                         net (fo=17, routed)          1.017     6.495    u_vision/u_scaler/gen_slot[3].lb/bot8_r_reg[7]_i_107_n_0
    SLICE_X24Y27         LUT2 (Prop_lut2_I0_O)        0.292     6.787 r  u_vision/u_scaler/gen_slot[3].lb/bot8_r[7]_i_113/O
                         net (fo=1, routed)           0.351     7.138    u_vision/u_scaler/gen_slot[3].lb/bot8_r[7]_i_113_n_0
    SLICE_X25Y27         LUT6 (Prop_lut6_I3_O)        0.332     7.470 r  u_vision/u_scaler/gen_slot[3].lb/bot8_r[7]_i_100/O
                         net (fo=1, routed)           0.000     7.470    u_vision/u_scaler/gen_slot[3].lb/bot8_r[7]_i_100_n_0
    SLICE_X25Y27         CARRY4 (Prop_carry4_S[0]_O[1])
                                                      0.424     7.894 r  u_vision/u_scaler/gen_slot[3].lb/bot8_r_reg[7]_i_70/O[1]
                         net (fo=3, routed)           0.902     8.796    u_vision/u_scaler/gen_slot[3].lb/bot8_r_reg[7]_i_70_n_6
    SLICE_X30Y26         LUT4 (Prop_lut4_I0_O)        0.303     9.099 f  u_vision/u_scaler/gen_slot[3].lb/bot8_r[3]_i_80/O
                         net (fo=2, routed)           0.702     9.801    u_vision/u_scaler/gen_slot[3].lb/bot8_r[3]_i_80_n_0
    SLICE_X30Y26         LUT4 (Prop_lut4_I0_O)        0.124     9.925 r  u_vision/u_scaler/gen_slot[3].lb/bot8_r[3]_i_43/O
                         net (fo=1, routed)           0.633    10.558    u_vision/u_scaler/gen_slot[3].lb/bot8_r[3]_i_43_n_0
    SLICE_X28Y26         CARRY4 (Prop_carry4_DI[3]_CO[3])
                                                      0.385    10.943 r  u_vision/u_scaler/gen_slot[3].lb/bot8_r_reg[3]_i_22/CO[3]
                         net (fo=1, routed)           0.000    10.943    u_vision/u_scaler/gen_slot[3].lb/bot8_r_reg[3]_i_22_n_0
    SLICE_X28Y27         CARRY4 (Prop_carry4_CI_O[0])
                                                      0.222    11.165 r  u_vision/u_scaler/gen_slot[3].lb/bot8_r_reg[7]_i_18/O[0]
                         net (fo=1, routed)           0.488    11.653    u_vision/u_scaler/gen_slot[3].lb/bot0[11]
    SLICE_X29Y26         LUT2 (Prop_lut2_I1_O)        0.299    11.952 r  u_vision/u_scaler/gen_slot[3].lb/bot8_r[3]_i_4/O
                         net (fo=1, routed)           0.000    11.952    u_vision/u_scaler/gen_slot[3].lb/bot8_r[3]_i_4_n_0
    SLICE_X29Y26         CARRY4 (Prop_carry4_S[3]_CO[3])
                                                      0.401    12.353 r  u_vision/u_scaler/gen_slot[3].lb/bot8_r_reg[3]_i_1/CO[3]
                         net (fo=1, routed)           0.000    12.353    u_vision/u_scaler/gen_slot[3].lb/bot8_r_reg[3]_i_1_n_0
    SLICE_X29Y27         CARRY4 (Prop_carry4_CI_O[1])
                                                      0.334    12.687 r  u_vision/u_scaler/gen_slot[3].lb/bot8_r_reg[7]_i_2/O[1]
                         net (fo=1, routed)           0.000    12.687    u_vision/u_scaler/bot[13]
    SLICE_X29Y27         FDCE                                         r  u_vision/u_scaler/bot8_r_reg[5]/D
  -------------------------------------------------------------------    -------------------

                         (clock pclk rise edge)      13.468    13.468 r  <hidden>
                                                      0.000    13.468 r  pclk
                         net (fo=1097, unset)         0.924    14.392    u_vision/u_scaler/pclk
    SLICE_X29Y27         FDCE                                         r  u_vision/u_scaler/bot8_r_reg[5]/C
                         clock pessimism              0.000    14.392    <hidden>
                         clock uncertainty           -0.185    14.207    <hidden>
    SLICE_X29Y27         FDCE (Setup_fdce_C_D)        0.062    14.269    u_vision/u_scaler/bot8_r_reg[5]
  -------------------------------------------------------------------
                         required time                         14.269    <hidden>
                         arrival time                         -12.687    <hidden>
  -------------------------------------------------------------------
                         slack                                  1.582    <hidden>




