== [1/4] 编译 mul-01（套件 6f7f47b）==
make: Entering directory '/e/Projects/FPGA-Alittle-Design/sim/arch_test/suite'

============================ VARIABLE INFO ==================================
ROOTDIR: /e/Projects/FPGA-Alittle-Design/sim/arch_test/suite [origin: file]
WORK: /e/Projects/FPGA-Alittle-Design/sim/build/arch_test [origin: command line]
TARGETDIR: /e/Projects/FPGA-Alittle-Design/sim/arch_test/target [origin: command line]
RISCV_TARGET: pynq_z2_v0 [origin: command line]
XLEN: 32 [origin: command line]
RISCV_DEVICE: M [origin: command line]
=============================================================================

make -j1 \
	RISCV_TARGET=pynq_z2_v0 \
	RISCV_DEVICE=M \
	compile -C /e/Projects/FPGA-Alittle-Design/sim/arch_test/suite/riscv-test-suite/rv32i_m/M
make[1]: Entering directory '/e/Projects/FPGA-Alittle-Design/sim/arch_test/suite/riscv-test-suite/rv32i_m/M'
make[1]: Nothing to be done for 'compile'.
make[1]: Leaving directory '/e/Projects/FPGA-Alittle-Design/sim/arch_test/suite/riscv-test-suite/rv32i_m/M'
make: Leaving directory '/e/Projects/FPGA-Alittle-Design/sim/arch_test/suite'
== [2/4] 提取签名符号与参考 ==
签名区 80003210..80003b40（588 字），参考 588 行
== [3/4] 镜像转换（bin -> hex）==
E:/Projects/FPGA-Alittle-Design/sim/build/arch_test/mul-01.bin -> E:/Projects/FPGA-Alittle-Design/sim/build/arch_test/mul-01.hex: 15180 bytes, 3795 words (32-bit little-endian)
== [4/4] 仿真与签名比对（200000 周期）==
WARNING: E:/Projects/FPGA-Alittle-Design/sim/riscv/tb_arch_test.v:94: $readmemh(build/arch_test/mul-01.hex): Not enough words in the file for the requested range [0:8191].
WARNING: E:/Projects/FPGA-Alittle-Design/sim/riscv/tb_arch_test.v:95: $readmemh(build/arch_test/mul-01.hex): Not enough words in the file for the requested range [0:8191].
WARNING: E:/Projects/FPGA-Alittle-Design/sim/riscv/tb_arch_test.v:96: $readmemh(build/arch_test/ref_clean.txt): Not enough words in the file for the requested range [0:8191].
== arch-test mul-01-fwd: 预载完成，运行 200000 周期 ==
PASS: mul-01-fwd signature 588 words match reference
E:/Projects/FPGA-Alittle-Design/sim/riscv/tb_arch_test.v:122: $finish called at 2000075000 (1ps)
签名输出：/e/Projects/FPGA-Alittle-Design/sim/build/arch_test/rv32i_m/M/mul-01.fwd.signature.output
