Copyright 1986-2022 Xilinx, Inc. All Rights Reserved. Copyright 2022-2026 Advanced Micro Devices, Inc. All Rights Reserved.
-----------------------------------------------------------------------------------------------------------------------------------------------------
| Tool Version : Vivado v.2026.1 (win64) Build 6511674 Tue Jun 16 11:02:23 MDT 2026
| Date         : Wed Oct  7 16:40:50 2026
| Host         : never-die-cold running 64-bit major release  (build 9200)
| Command      : report_timing_summary -file E:/Projects/FPGA-Alittle-Design/build/reports/fmax/v1_fwd_10ns_postopt/timing_synth.rpt -delay_type max
| Design       : core_top
| Device       : 7z020-clg400
| Speed File   : -1  PRODUCTION 1.12 2019-11-22
| Design State : Synthesized
-----------------------------------------------------------------------------------------------------------------------------------------------------

Timing Summary Report

------------------------------------------------------------------------------------------------
| Timer Settings
| --------------
------------------------------------------------------------------------------------------------

  Enable Multi Corner Analysis               :  Yes
  Enable Pessimism Removal                   :  Yes
  Pessimism Removal Resolution               :  Nearest Common Node
  Enable Input Delay Default Clock           :  No
  Enable Preset / Clear Arcs                 :  No
  Disable Flight Delays                      :  No
  Ignore I/O Paths                           :  No
  Timing Early Launch at Borrowing Latches   :  No
  Borrow Time for Max Delay Exceptions       :  Yes
  Merge Timing Exceptions                    :  Yes
  Inter-SLR Compensation                     :  Conservative

  Corner  Analyze    Analyze    
  Name    Max Paths  Min Paths  
  ------  ---------  ---------  
  Slow    Yes        Yes        
  Fast    Yes        Yes        


------------------------------------------------------------------------------------------------
| Report Methodology
| ------------------
------------------------------------------------------------------------------------------------

No report available as report_methodology has not been run prior. Run report_methodology on the current design for the summary of methodology violations.



check_timing report

Table of Contents
-----------------
1. checking no_clock (0)
2. checking constant_clock (0)
3. checking pulse_width_clock (0)
4. checking unconstrained_internal_endpoints (0)
5. checking no_input_delay (65)
6. checking no_output_delay (101)
7. checking multiple_clock (0)
8. checking generated_clocks (0)
9. checking loops (0)
10. checking partial_input_delay (0)
11. checking partial_output_delay (0)
12. checking latch_loops (0)

1. checking no_clock (0)
------------------------
 There are 0 register/latch pins with no clock.


2. checking constant_clock (0)
------------------------------
 There are 0 register/latch pins with constant_clock.


3. checking pulse_width_clock (0)
---------------------------------
 There are 0 register/latch pins which need pulse_width check


4. checking unconstrained_internal_endpoints (0)
------------------------------------------------
 There are 0 pins that are not constrained for maximum delay.

 There are 0 pins that are not constrained for maximum delay due to constant clock.


5. checking no_input_delay (65)
-------------------------------
 There are 65 input ports with no input delay specified. (HIGH)

 There are 0 input ports with no input delay but user has a false path constraint.


6. checking no_output_delay (101)
---------------------------------
 There are 101 ports with no output delay specified. (HIGH)

 There are 0 ports with no output delay but user has a false path constraint

 There are 0 ports with no output delay but with a timing clock defined on it or propagating through it


7. checking multiple_clock (0)
------------------------------
 There are 0 register/latch pins with multiple clocks.


8. checking generated_clocks (0)
--------------------------------
 There are 0 generated clocks that are not connected to a clock source.


9. checking loops (0)
---------------------
 There are 0 combinational loops in the design.


10. checking partial_input_delay (0)
------------------------------------
 There are 0 input ports with partial input delay specified.


11. checking partial_output_delay (0)
-------------------------------------
 There are 0 ports with partial output delay specified.


12. checking latch_loops (0)
----------------------------
 There are 0 combinational latch loops in the design through latch input



------------------------------------------------------------------------------------------------
| Design Timing Summary
| ---------------------
------------------------------------------------------------------------------------------------

    WNS(ns)      TNS(ns)  TNS Failing Endpoints  TNS Total Endpoints     WPWS(ns)     TPWS(ns)  TPWS Failing Endpoints  TPWS Total Endpoints  
    -------      -------  ---------------------  -------------------     --------     --------  ----------------------  --------------------  
     -0.452       -4.903                     35                 1470        3.750        0.000                       0                   597  


Timing constraints are not met.


------------------------------------------------------------------------------------------------
| Clock Summary
| -------------
------------------------------------------------------------------------------------------------

Clock    Waveform(ns)       Period(ns)      Frequency(MHz)
-----    ------------       ----------      --------------
sys_clk  {0.000 5.000}      10.000          100.000         


------------------------------------------------------------------------------------------------
| Intra Clock Table
| -----------------
------------------------------------------------------------------------------------------------

Clock             WNS(ns)      TNS(ns)  TNS Failing Endpoints  TNS Total Endpoints     WPWS(ns)     TPWS(ns)  TPWS Failing Endpoints  TPWS Total Endpoints  
-----             -------      -------  ---------------------  -------------------     --------     --------  ----------------------  --------------------  
sys_clk            -0.452       -4.903                     35                 1470        3.750        0.000                       0                   597  


------------------------------------------------------------------------------------------------
| Inter Clock Table
| -----------------
------------------------------------------------------------------------------------------------

From Clock    To Clock          WNS(ns)      TNS(ns)  TNS Failing Endpoints  TNS Total Endpoints  
----------    --------          -------      -------  ---------------------  -------------------  


------------------------------------------------------------------------------------------------
| Other Path Groups Table
| -----------------------
------------------------------------------------------------------------------------------------

Path Group    From Clock    To Clock          WNS(ns)      TNS(ns)  TNS Failing Endpoints  TNS Total Endpoints  
----------    ----------    --------          -------      -------  ---------------------  -------------------  


------------------------------------------------------------------------------------------------
| Timing Details
| --------------
------------------------------------------------------------------------------------------------


---------------------------------------------------------------------------------------------------
From Clock:  sys_clk
  To Clock:  sys_clk

Setup :           35  Failing Endpoints,  Worst Slack       -0.452ns,  Total Violation       -4.903ns
Hold  :           NA  Failing Endpoints,  Worst Slack           NA  ,  Total Violation           NA
PW    :            0  Failing Endpoints,  Worst Slack        3.750ns,  Total Violation        0.000ns
---------------------------------------------------------------------------------------------------


Max Delay Paths
--------------------------------------------------------------------------------------
Slack (VIOLATED) :        -0.452ns  (required time - arrival time)
  Source:                 u_if_stage/stall_q_reg/C
                            (rising edge-triggered cell FDCE clocked by sys_clk  {rise@0.000ns fall@5.000ns period=10.000ns})
  Destination:            u_if_stage/pc_id_r_reg[24]/D
                            (rising edge-triggered cell FDCE clocked by sys_clk  {rise@0.000ns fall@5.000ns period=10.000ns})
  Path Group:             sys_clk
  Path Type:              Setup (Max at Slow Process Corner)
  Requirement:            10.000ns  (sys_clk rise@10.000ns - sys_clk rise@0.000ns)
  Data Path Delay:        10.319ns  (logic 2.572ns (24.925%)  route 7.747ns (75.075%))
  Logic Levels:           13  (CARRY4=4 LUT3=2 LUT5=2 LUT6=4 RAMD32=1)
  Clock Path Skew:        -0.049ns (DCD - SCD + CPR)
    Destination Clock Delay (DCD):    0.924ns = ( 10.924 - 10.000 ) 
    Source Clock Delay      (SCD):    0.973ns
    Clock Pessimism Removal (CPR):    0.000ns
  Clock Uncertainty:      0.035ns  ((TSJ^2 + TIJ^2)^1/2 + DJ) / 2 + PE
    Total System Jitter     (TSJ):    0.071ns
    Total Input Jitter      (TIJ):    0.000ns
    Discrete Jitter          (DJ):    0.000ns
    Phase Error              (PE):    0.000ns

    Location             Delay type                Incr(ns)  Path(ns)    Netlist Resource(s)
  -------------------------------------------------------------------    -------------------
                         (clock sys_clk rise edge)    0.000     0.000 r  <hidden>
                                                      0.000     0.000 r  clk
                         net (fo=596, unset)          0.973     0.973    u_if_stage/clk
                         FDCE                                         r  u_if_stage/stall_q_reg/C
  -------------------------------------------------------------------    -------------------
                         FDCE (Prop_fdce_C_Q)         0.362     1.335 r  u_if_stage/stall_q_reg/Q
                         net (fo=144, unplaced)       0.579     1.914    u_if_stage/stall_q
                         LUT3 (Prop_lut3_I1_O)        0.295     2.209 r  u_if_stage/regs_reg_r2_0_31_0_5_i_4/O
                         net (fo=32, unplaced)        1.182     3.391    u_regfile/regs_reg_r2_0_31_0_5/ADDRB1
                         RAMD32 (Prop_ramd32_RADR1_O)
                                                      0.152     3.543 r  u_regfile/regs_reg_r2_0_31_0_5/RAMB/O
                         net (fo=4, unplaced)         1.135     4.678    u_if_stage/rdata20[2]
                         LUT6 (Prop_lut6_I1_O)        0.124     4.802 r  u_if_stage/mem_store_data[2]_i_1/O
                         net (fo=8, unplaced)         0.940     5.742    u_if_stage/rs2_fwd[2]
                         LUT5 (Prop_lut5_I0_O)        0.148     5.890 r  u_if_stage/imem_addr[0]_INST_0_i_116/O
                         net (fo=1, unplaced)         0.449     6.339    u_if_stage/imem_addr[0]_INST_0_i_116_n_0
                         LUT6 (Prop_lut6_I5_O)        0.124     6.463 r  u_if_stage/imem_addr[0]_INST_0_i_90/O
                         net (fo=2, unplaced)         0.650     7.113    u_if_stage/imem_addr[0]_INST_0_i_90_n_0
                         CARRY4 (Prop_carry4_DI[1]_CO[3])
                                                      0.520     7.633 r  u_if_stage/imem_addr[0]_INST_0_i_56/CO[3]
                         net (fo=1, unplaced)         0.009     7.642    u_if_stage/imem_addr[0]_INST_0_i_56_n_0
                         CARRY4 (Prop_carry4_CI_CO[3])
                                                      0.117     7.759 r  u_if_stage/imem_addr[0]_INST_0_i_27/CO[3]
                         net (fo=1, unplaced)         0.000     7.759    u_if_stage/imem_addr[0]_INST_0_i_27_n_0
                         CARRY4 (Prop_carry4_CI_CO[3])
                                                      0.117     7.876 r  u_if_stage/imem_addr[0]_INST_0_i_13/CO[3]
                         net (fo=1, unplaced)         0.000     7.876    u_if_stage/imem_addr[0]_INST_0_i_13_n_0
                         CARRY4 (Prop_carry4_CI_CO[3])
                                                      0.117     7.993 r  u_if_stage/imem_addr[0]_INST_0_i_7/CO[3]
                         net (fo=1, unplaced)         0.900     8.893    u_if_stage/u_id_ex/data2
                         LUT6 (Prop_lut6_I0_O)        0.124     9.017 f  u_if_stage/imem_addr[0]_INST_0_i_6/O
                         net (fo=1, unplaced)         0.449     9.466    u_if_stage/imem_addr[0]_INST_0_i_6_n_0
                         LUT5 (Prop_lut5_I3_O)        0.124     9.590 f  u_if_stage/imem_addr[0]_INST_0_i_2/O
                         net (fo=115, unplaced)       0.552    10.142    u_if_stage/branch_fetch_taken
                         LUT3 (Prop_lut3_I1_O)        0.124    10.266 r  u_if_stage/imem_addr[24]_INST_0_i_2/O
                         net (fo=1, unplaced)         0.902    11.168    u_if_stage/imem_addr[24]_INST_0_i_2_n_0
                         LUT6 (Prop_lut6_I4_O)        0.124    11.292 r  u_if_stage/imem_addr[24]_INST_0/O
                         net (fo=1, unplaced)         0.000    11.292    u_if_stage/imem_addr[24]
                         FDCE                                         r  u_if_stage/pc_id_r_reg[24]/D
  -------------------------------------------------------------------    -------------------

                         (clock sys_clk rise edge)   10.000    10.000 r  <hidden>
                                                      0.000    10.000 r  clk
                         net (fo=596, unset)          0.924    10.924    u_if_stage/clk
                         FDCE                                         r  u_if_stage/pc_id_r_reg[24]/C
                         clock pessimism              0.000    10.924    <hidden>
                         clock uncertainty           -0.035    10.889    <hidden>
                         FDCE (Setup_fdce_C_D)       -0.049    10.840    u_if_stage/pc_id_r_reg[24]
  -------------------------------------------------------------------
                         required time                         10.840    <hidden>
                         arrival time                         -11.292    <hidden>
  -------------------------------------------------------------------
                         slack                                 -0.452    <hidden>





Pulse Width Checks
--------------------------------------------------------------------------------------
Clock Name:         sys_clk
Waveform(ns):       { 0.000 5.000 }
Period(ns):         10.000
Sources:            { clk }

Check Type        Corner  Lib Pin     Reference Pin  Required(ns)  Actual(ns)  Slack(ns)  Location  Pin
Min Period        n/a     FDCE/C      n/a            1.000         10.000      9.000                muldiv_pending_reg/C
Low Pulse Width   Slow    RAMD32/CLK  n/a            1.250         5.000       3.750                u_regfile/regs_reg_r1_0_31_0_5/RAMA/CLK
High Pulse Width  Slow    RAMD32/CLK  n/a            1.250         5.000       3.750                u_regfile/regs_reg_r1_0_31_0_5/RAMA/CLK



