INFO: [Common 17-3922] A valid Vivado Design Suite BASIC license has been detected. Your current license is active and will expire on 14-sep-2027.
#-----------------------------------------------------------
# Vivado v2026.1 (64-bit)
# SW Build 6511674 on Tue Jun 16 11:02:23 MDT 2026
# IP Build 6504888 on Tue Jun 09 09:05:25 MDT 2026
# SharedData Build 6501428 on Mon Jun 08 17:34:18 MDT 2026
# Start of session at: Fri Oct  2 00:33:00 2026
# Process ID         : 55356
# Current directory  : E:/Projects/FPGA-Alittle-Design
# Command line       : vivado.exe -mode batch -source sim/scripts/build_hdmi.tcl -log data/logs/2026-10-02-vision-offboard/hdmi/vivado.log -journal data/logs/2026-10-02-vision-offboard/hdmi/vivado.jou
# Log file           : E:/Projects/FPGA-Alittle-Design/data/logs/2026-10-02-vision-offboard/hdmi/vivado.log
# Journal file       : E:/Projects/FPGA-Alittle-Design\data/logs/2026-10-02-vision-offboard/hdmi/vivado.jou
# Running On         : never-die-cold
# Platform           : Windows 11
# Operating System   : 26200
# Processor Detail   : Intel(R) Core(TM) Ultra 7 255HX
# CPU Frequency      : 2880 MHz
# CPU Physical cores : 20
# CPU Logical cores  : 20
# Host memory        : 16496 MB
# Swap memory        : 23622 MB
# Total Virtual      : 40119 MB
# Available Virtual  : 22068 MB
#-----------------------------------------------------------
source sim/scripts/build_hdmi.tcl
# if {[catch {
#     set out sim/build/hdmi-project
#     create_project -force vision_hdmi $out -part xc7z020clg400-1
#     set_property target_language Verilog [current_project]
#     set_property ip_repo_paths [file normalize sim/build/hdmi-library-full] [current_project]
#     update_ip_catalog
#     add_files [glob src/vision/*.v]
#     source sim/scripts/create_hdmi_bd.tcl
#     set bd [get_files */vision.bd]
#     generate_target all $bd
#     add_files [make_wrapper -files $bd -top]
#     add_files -fileset constrs_1 sim/build/hdmi-source/hdmi_pins.xdc
#     set_property top vision_wrapper [current_fileset]
#     update_compile_order -fileset sources_1
#     launch_runs synth_1 -jobs 2
#     wait_on_run synth_1
#     if {[get_property PROGRESS [get_runs synth_1]] ne "100%"} { error "HDMI synthesis failed" }
#     launch_runs impl_1 -to_step route_design -jobs 2
#     wait_on_run impl_1
#     if {[get_property PROGRESS [get_runs impl_1]] ne "100%"} { error "HDMI implementation failed" }
#     open_run impl_1
#     set rep data/logs/2026-10-02-vision-offboard/hdmi
#     file mkdir $rep
#     report_utilization -file $rep/utilization.rpt
#     report_cdc -details -file $rep/cdc.rpt
#     report_drc -file $rep/drc.rpt
#     set timing [report_timing_summary -report_unconstrained -return_string -file $rep/timing.rpt]
#     if {![string match {*All user specified timing constraints are met.*} $timing]} { error "HDMI timing failed" }
#     foreach violation [get_drc_violations] {
#         if {[get_property SEVERITY $violation] in {Error {Critical Warning}}} { error "blocking HDMI DRC $violation" }
#     }
#     foreach port [get_ports -filter {NAME !~ DDR* && NAME !~ FIXED_IO*}] {
#         if {[get_property PACKAGE_PIN $port] eq ""} { error "missing physical pin $port" }
#     }
#     write_bitstream -force $out/vision.bit
#     write_hw_platform -fixed -include_bit -force -file $out/vision.xsa
#     puts "PASS: PYNQ-Z2 HDMI physical route and bitstream (offline; board validation pending)"
# } reason]} {
#     puts stderr "ERROR: $reason"
#     exit 1
# }
create_project: Time (s): cpu = 00:00:08 ; elapsed = 00:00:08 . Memory (MB): peak = 613.152 ; gain = 270.473
INFO: [IP_Flow 19-234] Refreshing IP repositories
INFO: [IP_Flow 19-1700] Loaded user IP repository 'e:/Projects/FPGA-Alittle-Design/sim/build/hdmi-library-full'.
INFO: [IP_Flow 19-2313] Loaded Vivado IP repository 'D:/Vivado_downloads/2026.1/Vivado/data/ip'.
## create_bd_design vision
Wrote  : <E:\Projects\FPGA-Alittle-Design\sim\build\hdmi-project\vision_hdmi.srcs\sources_1\bd\vision\vision.bd> 
## proc ip {name vlnv} { return [create_bd_cell -type ip -vlnv $vlnv $name] }
## proc net {args} {
##     set pins {}
##     foreach name $args { lappend pins [get_bd_pins $name] }
##     connect_bd_net {*}$pins
## }
## proc external_intf {pin name} {
##     make_bd_intf_pins_external [get_bd_intf_pins $pin]
##     set port [get_bd_intf_ports [file tail $pin]_0]
##     set_property name $name $port
## }
## set ps [ip ps7 xilinx.com:ip:processing_system7:5.5]
## source sim/build/hdmi-source/ps7_config.tcl
### set_property -dict [ list \
###    CONFIG.PCW_ACT_APU_PERIPHERAL_FREQMHZ {650.000000} \
###    CONFIG.PCW_ACT_CAN0_PERIPHERAL_FREQMHZ {23.8095} \
###    CONFIG.PCW_ACT_CAN1_PERIPHERAL_FREQMHZ {23.8095} \
###    CONFIG.PCW_ACT_CAN_PERIPHERAL_FREQMHZ {10.000000} \
###    CONFIG.PCW_ACT_DCI_PERIPHERAL_FREQMHZ {10.096154} \
###    CONFIG.PCW_ACT_ENET0_PERIPHERAL_FREQMHZ {125.000000} \
###    CONFIG.PCW_ACT_ENET1_PERIPHERAL_FREQMHZ {10.000000} \
###    CONFIG.PCW_ACT_FPGA0_PERIPHERAL_FREQMHZ {100.000000} \
###    CONFIG.PCW_ACT_FPGA1_PERIPHERAL_FREQMHZ {142.857132} \
###    CONFIG.PCW_ACT_FPGA2_PERIPHERAL_FREQMHZ {200.000000} \
###    CONFIG.PCW_ACT_FPGA3_PERIPHERAL_FREQMHZ {100.000000} \
###    CONFIG.PCW_ACT_I2C_PERIPHERAL_FREQMHZ {50} \
###    CONFIG.PCW_ACT_PCAP_PERIPHERAL_FREQMHZ {200.000000} \
###    CONFIG.PCW_ACT_QSPI_PERIPHERAL_FREQMHZ {200.000000} \
###    CONFIG.PCW_ACT_SDIO_PERIPHERAL_FREQMHZ {50.000000} \
###    CONFIG.PCW_ACT_SMC_PERIPHERAL_FREQMHZ {10.000000} \
###    CONFIG.PCW_ACT_SPI_PERIPHERAL_FREQMHZ {10.000000} \
###    CONFIG.PCW_ACT_TPIU_PERIPHERAL_FREQMHZ {200.000000} \
###    CONFIG.PCW_ACT_TTC0_CLK0_PERIPHERAL_FREQMHZ {108.333336} \
###    CONFIG.PCW_ACT_TTC0_CLK1_PERIPHERAL_FREQMHZ {108.333336} \
###    CONFIG.PCW_ACT_TTC0_CLK2_PERIPHERAL_FREQMHZ {108.333336} \
###    CONFIG.PCW_ACT_TTC1_CLK0_PERIPHERAL_FREQMHZ {108.333336} \
###    CONFIG.PCW_ACT_TTC1_CLK1_PERIPHERAL_FREQMHZ {108.333336} \
###    CONFIG.PCW_ACT_TTC1_CLK2_PERIPHERAL_FREQMHZ {108.333336} \
###    CONFIG.PCW_ACT_TTC_PERIPHERAL_FREQMHZ {50} \
###    CONFIG.PCW_ACT_UART_PERIPHERAL_FREQMHZ {100.000000} \
###    CONFIG.PCW_ACT_USB0_PERIPHERAL_FREQMHZ {60} \
###    CONFIG.PCW_ACT_USB1_PERIPHERAL_FREQMHZ {60} \
###    CONFIG.PCW_ACT_WDT_PERIPHERAL_FREQMHZ {108.333336} \
###    CONFIG.PCW_APU_CLK_RATIO_ENABLE {6:2:1} \
###    CONFIG.PCW_APU_PERIPHERAL_FREQMHZ {650} \
###    CONFIG.PCW_ARMPLL_CTRL_FBDIV {26} \
###    CONFIG.PCW_CAN0_BASEADDR {0xE0008000} \
###    CONFIG.PCW_CAN0_CAN0_IO {<Select>} \
###    CONFIG.PCW_CAN0_GRP_CLK_ENABLE {0} \
###    CONFIG.PCW_CAN0_GRP_CLK_IO {<Select>} \
###    CONFIG.PCW_CAN0_HIGHADDR {0xE0008FFF} \
###    CONFIG.PCW_CAN0_PERIPHERAL_CLKSRC {External} \
###    CONFIG.PCW_CAN0_PERIPHERAL_ENABLE {0} \
###    CONFIG.PCW_CAN0_PERIPHERAL_FREQMHZ {-1} \
###    CONFIG.PCW_CAN1_BASEADDR {0xE0009000} \
###    CONFIG.PCW_CAN1_CAN1_IO {<Select>} \
###    CONFIG.PCW_CAN1_GRP_CLK_ENABLE {0} \
###    CONFIG.PCW_CAN1_GRP_CLK_IO {<Select>} \
###    CONFIG.PCW_CAN1_HIGHADDR {0xE0009FFF} \
###    CONFIG.PCW_CAN1_PERIPHERAL_CLKSRC {External} \
###    CONFIG.PCW_CAN1_PERIPHERAL_ENABLE {0} \
###    CONFIG.PCW_CAN1_PERIPHERAL_FREQMHZ {-1} \
###    CONFIG.PCW_CAN_PERIPHERAL_CLKSRC {IO PLL} \
###    CONFIG.PCW_CAN_PERIPHERAL_DIVISOR0 {1} \
###    CONFIG.PCW_CAN_PERIPHERAL_DIVISOR1 {1} \
###    CONFIG.PCW_CAN_PERIPHERAL_FREQMHZ {100} \
###    CONFIG.PCW_CAN_PERIPHERAL_VALID {0} \
###    CONFIG.PCW_CLK0_FREQ {100000000} \
###    CONFIG.PCW_CLK1_FREQ {142857132} \
###    CONFIG.PCW_CLK2_FREQ {200000000} \
###    CONFIG.PCW_CLK3_FREQ {100000000} \
###    CONFIG.PCW_CORE0_FIQ_INTR {0} \
###    CONFIG.PCW_CORE0_IRQ_INTR {0} \
###    CONFIG.PCW_CORE1_FIQ_INTR {0} \
###    CONFIG.PCW_CORE1_IRQ_INTR {0} \
###    CONFIG.PCW_CPU_CPU_6X4X_MAX_RANGE {667} \
###    CONFIG.PCW_CPU_CPU_PLL_FREQMHZ {1300.000} \
###    CONFIG.PCW_CPU_PERIPHERAL_CLKSRC {ARM PLL} \
###    CONFIG.PCW_CPU_PERIPHERAL_DIVISOR0 {2} \
###    CONFIG.PCW_CRYSTAL_PERIPHERAL_FREQMHZ {50} \
###    CONFIG.PCW_DCI_PERIPHERAL_CLKSRC {DDR PLL} \
###    CONFIG.PCW_DCI_PERIPHERAL_DIVISOR0 {52} \
###    CONFIG.PCW_DCI_PERIPHERAL_DIVISOR1 {2} \
###    CONFIG.PCW_DCI_PERIPHERAL_FREQMHZ {10.159} \
###    CONFIG.PCW_DDRPLL_CTRL_FBDIV {21} \
###    CONFIG.PCW_DDR_DDR_PLL_FREQMHZ {1050.000} \
###    CONFIG.PCW_DDR_HPRLPR_QUEUE_PARTITION {HPR(0)/LPR(32)} \
###    CONFIG.PCW_DDR_HPR_TO_CRITICAL_PRIORITY_LEVEL {15} \
###    CONFIG.PCW_DDR_LPR_TO_CRITICAL_PRIORITY_LEVEL {2} \
###    CONFIG.PCW_DDR_PERIPHERAL_CLKSRC {DDR PLL} \
###    CONFIG.PCW_DDR_PERIPHERAL_DIVISOR0 {2} \
###    CONFIG.PCW_DDR_PORT0_HPR_ENABLE {0} \
###    CONFIG.PCW_DDR_PORT1_HPR_ENABLE {0} \
###    CONFIG.PCW_DDR_PORT2_HPR_ENABLE {0} \
###    CONFIG.PCW_DDR_PORT3_HPR_ENABLE {0} \
###    CONFIG.PCW_DDR_PRIORITY_READPORT_0 {<Select>} \
###    CONFIG.PCW_DDR_PRIORITY_READPORT_1 {<Select>} \
###    CONFIG.PCW_DDR_PRIORITY_READPORT_2 {<Select>} \
###    CONFIG.PCW_DDR_PRIORITY_READPORT_3 {<Select>} \
###    CONFIG.PCW_DDR_PRIORITY_WRITEPORT_0 {<Select>} \
###    CONFIG.PCW_DDR_PRIORITY_WRITEPORT_1 {<Select>} \
###    CONFIG.PCW_DDR_PRIORITY_WRITEPORT_2 {<Select>} \
###    CONFIG.PCW_DDR_PRIORITY_WRITEPORT_3 {<Select>} \
###    CONFIG.PCW_DDR_RAM_BASEADDR {0x00100000} \
###    CONFIG.PCW_DDR_RAM_HIGHADDR {0x1FFFFFFF} \
###    CONFIG.PCW_DDR_WRITE_TO_CRITICAL_PRIORITY_LEVEL {2} \
###    CONFIG.PCW_DM_WIDTH {4} \
###    CONFIG.PCW_DQS_WIDTH {4} \
###    CONFIG.PCW_DQ_WIDTH {32} \
###    CONFIG.PCW_ENET0_BASEADDR {0xE000B000} \
###    CONFIG.PCW_ENET0_ENET0_IO {MIO 16 .. 27} \
###    CONFIG.PCW_ENET0_GRP_MDIO_ENABLE {1} \
###    CONFIG.PCW_ENET0_GRP_MDIO_IO {MIO 52 .. 53} \
###    CONFIG.PCW_ENET0_HIGHADDR {0xE000BFFF} \
###    CONFIG.PCW_ENET0_PERIPHERAL_CLKSRC {IO PLL} \
###    CONFIG.PCW_ENET0_PERIPHERAL_DIVISOR0 {8} \
###    CONFIG.PCW_ENET0_PERIPHERAL_DIVISOR1 {1} \
###    CONFIG.PCW_ENET0_PERIPHERAL_ENABLE {1} \
###    CONFIG.PCW_ENET0_PERIPHERAL_FREQMHZ {1000 Mbps} \
###    CONFIG.PCW_ENET0_RESET_ENABLE {0} \
###    CONFIG.PCW_ENET0_RESET_IO {<Select>} \
###    CONFIG.PCW_ENET1_BASEADDR {0xE000C000} \
###    CONFIG.PCW_ENET1_ENET1_IO {<Select>} \
###    CONFIG.PCW_ENET1_GRP_MDIO_ENABLE {0} \
###    CONFIG.PCW_ENET1_GRP_MDIO_IO {<Select>} \
###    CONFIG.PCW_ENET1_HIGHADDR {0xE000CFFF} \
###    CONFIG.PCW_ENET1_PERIPHERAL_CLKSRC {IO PLL} \
###    CONFIG.PCW_ENET1_PERIPHERAL_DIVISOR0 {1} \
###    CONFIG.PCW_ENET1_PERIPHERAL_DIVISOR1 {1} \
###    CONFIG.PCW_ENET1_PERIPHERAL_ENABLE {0} \
###    CONFIG.PCW_ENET1_PERIPHERAL_FREQMHZ {1000 Mbps} \
###    CONFIG.PCW_ENET1_RESET_ENABLE {0} \
###    CONFIG.PCW_ENET1_RESET_IO {<Select>} \
###    CONFIG.PCW_ENET_RESET_ENABLE {0} \
###    CONFIG.PCW_ENET_RESET_POLARITY {Active Low} \
###    CONFIG.PCW_ENET_RESET_SELECT {<Select>} \
###    CONFIG.PCW_EN_4K_TIMER {0} \
###    CONFIG.PCW_EN_CAN0 {0} \
###    CONFIG.PCW_EN_CAN1 {0} \
###    CONFIG.PCW_EN_CLK0_PORT {1} \
###    CONFIG.PCW_EN_CLK1_PORT {1} \
###    CONFIG.PCW_EN_CLK2_PORT {1} \
###    CONFIG.PCW_EN_CLK3_PORT {1} \
###    CONFIG.PCW_EN_CLKTRIG0_PORT {0} \
###    CONFIG.PCW_EN_CLKTRIG1_PORT {0} \
###    CONFIG.PCW_EN_CLKTRIG2_PORT {0} \
###    CONFIG.PCW_EN_CLKTRIG3_PORT {0} \
###    CONFIG.PCW_EN_DDR {1} \
###    CONFIG.PCW_EN_EMIO_CAN0 {0} \
###    CONFIG.PCW_EN_EMIO_CAN1 {0} \
###    CONFIG.PCW_EN_EMIO_CD_SDIO0 {0} \
###    CONFIG.PCW_EN_EMIO_CD_SDIO1 {0} \
###    CONFIG.PCW_EN_EMIO_ENET0 {0} \
###    CONFIG.PCW_EN_EMIO_ENET1 {0} \
###    CONFIG.PCW_EN_EMIO_GPIO {1} \
###    CONFIG.PCW_EN_EMIO_I2C0 {0} \
###    CONFIG.PCW_EN_EMIO_I2C1 {1} \
###    CONFIG.PCW_EN_EMIO_MODEM_UART0 {0} \
###    CONFIG.PCW_EN_EMIO_MODEM_UART1 {0} \
###    CONFIG.PCW_EN_EMIO_PJTAG {0} \
###    CONFIG.PCW_EN_EMIO_SDIO0 {0} \
###    CONFIG.PCW_EN_EMIO_SDIO1 {0} \
###    CONFIG.PCW_EN_EMIO_SPI0 {0} \
###    CONFIG.PCW_EN_EMIO_SPI1 {0} \
###    CONFIG.PCW_EN_EMIO_SRAM_INT {0} \
###    CONFIG.PCW_EN_EMIO_TRACE {0} \
###    CONFIG.PCW_EN_EMIO_TTC0 {0} \
###    CONFIG.PCW_EN_EMIO_TTC1 {0} \
###    CONFIG.PCW_EN_EMIO_UART0 {0} \
###    CONFIG.PCW_EN_EMIO_UART1 {0} \
###    CONFIG.PCW_EN_EMIO_WDT {0} \
###    CONFIG.PCW_EN_EMIO_WP_SDIO0 {0} \
###    CONFIG.PCW_EN_EMIO_WP_SDIO1 {0} \
###    CONFIG.PCW_EN_ENET0 {1} \
###    CONFIG.PCW_EN_ENET1 {0} \
###    CONFIG.PCW_EN_GPIO {0} \
###    CONFIG.PCW_EN_I2C0 {1} \
###    CONFIG.PCW_EN_I2C1 {1} \
###    CONFIG.PCW_EN_MODEM_UART0 {0} \
###    CONFIG.PCW_EN_MODEM_UART1 {0} \
###    CONFIG.PCW_EN_PJTAG {0} \
###    CONFIG.PCW_EN_PTP_ENET0 {0} \
###    CONFIG.PCW_EN_PTP_ENET1 {0} \
###    CONFIG.PCW_EN_QSPI {1} \
###    CONFIG.PCW_EN_RST0_PORT {1} \
###    CONFIG.PCW_EN_RST1_PORT {0} \
###    CONFIG.PCW_EN_RST2_PORT {0} \
###    CONFIG.PCW_EN_RST3_PORT {0} \
###    CONFIG.PCW_EN_SDIO0 {1} \
###    CONFIG.PCW_EN_SDIO1 {0} \
###    CONFIG.PCW_EN_SMC {0} \
###    CONFIG.PCW_EN_SPI0 {0} \
###    CONFIG.PCW_EN_SPI1 {0} \
###    CONFIG.PCW_EN_TRACE {0} \
###    CONFIG.PCW_EN_TTC0 {0} \
###    CONFIG.PCW_EN_TTC1 {0} \
###    CONFIG.PCW_EN_UART0 {1} \
###    CONFIG.PCW_EN_UART1 {0} \
###    CONFIG.PCW_EN_USB0 {1} \
###    CONFIG.PCW_EN_USB1 {0} \
###    CONFIG.PCW_EN_WDT {0} \
###    CONFIG.PCW_FCLK0_PERIPHERAL_CLKSRC {IO PLL} \
###    CONFIG.PCW_FCLK0_PERIPHERAL_DIVISOR0 {5} \
###    CONFIG.PCW_FCLK0_PERIPHERAL_DIVISOR1 {2} \
###    CONFIG.PCW_FCLK1_PERIPHERAL_CLKSRC {IO PLL} \
###    CONFIG.PCW_FCLK1_PERIPHERAL_DIVISOR0 {7} \
###    CONFIG.PCW_FCLK1_PERIPHERAL_DIVISOR1 {1} \
###    CONFIG.PCW_FCLK2_PERIPHERAL_CLKSRC {IO PLL} \
###    CONFIG.PCW_FCLK2_PERIPHERAL_DIVISOR0 {5} \
###    CONFIG.PCW_FCLK2_PERIPHERAL_DIVISOR1 {1} \
###    CONFIG.PCW_FCLK3_PERIPHERAL_CLKSRC {IO PLL} \
###    CONFIG.PCW_FCLK3_PERIPHERAL_DIVISOR0 {5} \
###    CONFIG.PCW_FCLK3_PERIPHERAL_DIVISOR1 {2} \
###    CONFIG.PCW_FCLK_CLK0_BUF {TRUE} \
###    CONFIG.PCW_FCLK_CLK1_BUF {TRUE} \
###    CONFIG.PCW_FCLK_CLK2_BUF {TRUE} \
###    CONFIG.PCW_FCLK_CLK3_BUF {TRUE} \
###    CONFIG.PCW_FPGA0_PERIPHERAL_FREQMHZ {100} \
###    CONFIG.PCW_FPGA1_PERIPHERAL_FREQMHZ {142} \
###    CONFIG.PCW_FPGA2_PERIPHERAL_FREQMHZ {200} \
###    CONFIG.PCW_FPGA3_PERIPHERAL_FREQMHZ {100} \
###    CONFIG.PCW_FPGA_FCLK0_ENABLE {1} \
###    CONFIG.PCW_FPGA_FCLK1_ENABLE {1} \
###    CONFIG.PCW_FPGA_FCLK2_ENABLE {1} \
###    CONFIG.PCW_FPGA_FCLK3_ENABLE {1} \
###    CONFIG.PCW_FTM_CTI_IN0 {<Select>} \
###    CONFIG.PCW_FTM_CTI_IN1 {<Select>} \
###    CONFIG.PCW_FTM_CTI_IN2 {<Select>} \
###    CONFIG.PCW_FTM_CTI_IN3 {<Select>} \
###    CONFIG.PCW_FTM_CTI_OUT0 {<Select>} \
###    CONFIG.PCW_FTM_CTI_OUT1 {<Select>} \
###    CONFIG.PCW_FTM_CTI_OUT2 {<Select>} \
###    CONFIG.PCW_FTM_CTI_OUT3 {<Select>} \
###    CONFIG.PCW_GPIO_BASEADDR {0xE000A000} \
###    CONFIG.PCW_GPIO_EMIO_GPIO_ENABLE {1} \
###    CONFIG.PCW_GPIO_EMIO_GPIO_IO {10} \
###    CONFIG.PCW_GPIO_EMIO_GPIO_WIDTH {10} \
###    CONFIG.PCW_GPIO_HIGHADDR {0xE000AFFF} \
###    CONFIG.PCW_GPIO_MIO_GPIO_ENABLE {0} \
###    CONFIG.PCW_GPIO_MIO_GPIO_IO {<Select>} \
###    CONFIG.PCW_GPIO_PERIPHERAL_ENABLE {0} \
###    CONFIG.PCW_I2C0_BASEADDR {0xE0004000} \
###    CONFIG.PCW_I2C0_GRP_INT_ENABLE {1} \
###    CONFIG.PCW_I2C0_GRP_INT_IO {EMIO} \
###    CONFIG.PCW_I2C0_HIGHADDR {0xE0004FFF} \
###    CONFIG.PCW_I2C0_I2C0_IO {MIO 50 .. 51} \
###    CONFIG.PCW_I2C0_PERIPHERAL_ENABLE {1} \
###    CONFIG.PCW_I2C0_RESET_ENABLE {0} \
###    CONFIG.PCW_I2C0_RESET_IO {<Select>} \
###    CONFIG.PCW_I2C1_BASEADDR {0xE0005000} \
###    CONFIG.PCW_I2C1_GRP_INT_ENABLE {1} \
###    CONFIG.PCW_I2C1_GRP_INT_IO {EMIO} \
###    CONFIG.PCW_I2C1_HIGHADDR {0xE0005FFF} \
###    CONFIG.PCW_I2C1_I2C1_IO {EMIO} \
###    CONFIG.PCW_I2C1_PERIPHERAL_ENABLE {1} \
###    CONFIG.PCW_I2C1_RESET_ENABLE {0} \
###    CONFIG.PCW_I2C1_RESET_IO {<Select>} \
###    CONFIG.PCW_I2C_PERIPHERAL_FREQMHZ {108.333336} \
###    CONFIG.PCW_I2C_RESET_ENABLE {0} \
###    CONFIG.PCW_I2C_RESET_POLARITY {Active Low} \
###    CONFIG.PCW_I2C_RESET_SELECT {<Select>} \
###    CONFIG.PCW_IMPORT_BOARD_PRESET {None} \
###    CONFIG.PCW_INCLUDE_ACP_TRANS_CHECK {0} \
###    CONFIG.PCW_INCLUDE_TRACE_BUFFER {0} \
###    CONFIG.PCW_IOPLL_CTRL_FBDIV {20} \
###    CONFIG.PCW_IO_IO_PLL_FREQMHZ {1000.000} \
###    CONFIG.PCW_IRQ_F2P_INTR {1} \
###    CONFIG.PCW_IRQ_F2P_MODE {DIRECT} \
###    CONFIG.PCW_MIO_0_DIRECTION {<Select>} \
###    CONFIG.PCW_MIO_0_IOTYPE {<Select>} \
###    CONFIG.PCW_MIO_0_PULLUP {<Select>} \
###    CONFIG.PCW_MIO_0_SLEW {<Select>} \
###    CONFIG.PCW_MIO_10_DIRECTION {<Select>} \
###    CONFIG.PCW_MIO_10_IOTYPE {<Select>} \
###    CONFIG.PCW_MIO_10_PULLUP {<Select>} \
###    CONFIG.PCW_MIO_10_SLEW {<Select>} \
###    CONFIG.PCW_MIO_11_DIRECTION {<Select>} \
###    CONFIG.PCW_MIO_11_IOTYPE {<Select>} \
###    CONFIG.PCW_MIO_11_PULLUP {<Select>} \
###    CONFIG.PCW_MIO_11_SLEW {<Select>} \
###    CONFIG.PCW_MIO_12_DIRECTION {<Select>} \
###    CONFIG.PCW_MIO_12_IOTYPE {<Select>} \
###    CONFIG.PCW_MIO_12_PULLUP {<Select>} \
###    CONFIG.PCW_MIO_12_SLEW {<Select>} \
###    CONFIG.PCW_MIO_13_DIRECTION {<Select>} \
###    CONFIG.PCW_MIO_13_IOTYPE {<Select>} \
###    CONFIG.PCW_MIO_13_PULLUP {<Select>} \
###    CONFIG.PCW_MIO_13_SLEW {<Select>} \
###    CONFIG.PCW_MIO_14_DIRECTION {in} \
###    CONFIG.PCW_MIO_14_IOTYPE {LVCMOS 3.3V} \
###    CONFIG.PCW_MIO_14_PULLUP {enabled} \
###    CONFIG.PCW_MIO_14_SLEW {slow} \
###    CONFIG.PCW_MIO_15_DIRECTION {out} \
###    CONFIG.PCW_MIO_15_IOTYPE {LVCMOS 3.3V} \
###    CONFIG.PCW_MIO_15_PULLUP {enabled} \
###    CONFIG.PCW_MIO_15_SLEW {slow} \
###    CONFIG.PCW_MIO_16_DIRECTION {out} \
###    CONFIG.PCW_MIO_16_IOTYPE {LVCMOS 1.8V} \
###    CONFIG.PCW_MIO_16_PULLUP {enabled} \
###    CONFIG.PCW_MIO_16_SLEW {slow} \
###    CONFIG.PCW_MIO_17_DIRECTION {out} \
###    CONFIG.PCW_MIO_17_IOTYPE {LVCMOS 1.8V} \
###    CONFIG.PCW_MIO_17_PULLUP {enabled} \
###    CONFIG.PCW_MIO_17_SLEW {slow} \
###    CONFIG.PCW_MIO_18_DIRECTION {out} \
###    CONFIG.PCW_MIO_18_IOTYPE {LVCMOS 1.8V} \
###    CONFIG.PCW_MIO_18_PULLUP {enabled} \
###    CONFIG.PCW_MIO_18_SLEW {slow} \
###    CONFIG.PCW_MIO_19_DIRECTION {out} \
###    CONFIG.PCW_MIO_19_IOTYPE {LVCMOS 1.8V} \
###    CONFIG.PCW_MIO_19_PULLUP {enabled} \
###    CONFIG.PCW_MIO_19_SLEW {slow} \
###    CONFIG.PCW_MIO_1_DIRECTION {out} \
###    CONFIG.PCW_MIO_1_IOTYPE {LVCMOS 3.3V} \
###    CONFIG.PCW_MIO_1_PULLUP {enabled} \
###    CONFIG.PCW_MIO_1_SLEW {slow} \
###    CONFIG.PCW_MIO_20_DIRECTION {out} \
###    CONFIG.PCW_MIO_20_IOTYPE {LVCMOS 1.8V} \
###    CONFIG.PCW_MIO_20_PULLUP {enabled} \
###    CONFIG.PCW_MIO_20_SLEW {slow} \
###    CONFIG.PCW_MIO_21_DIRECTION {out} \
###    CONFIG.PCW_MIO_21_IOTYPE {LVCMOS 1.8V} \
###    CONFIG.PCW_MIO_21_PULLUP {enabled} \
###    CONFIG.PCW_MIO_21_SLEW {slow} \
###    CONFIG.PCW_MIO_22_DIRECTION {in} \
###    CONFIG.PCW_MIO_22_IOTYPE {LVCMOS 1.8V} \
###    CONFIG.PCW_MIO_22_PULLUP {enabled} \
###    CONFIG.PCW_MIO_22_SLEW {slow} \
###    CONFIG.PCW_MIO_23_DIRECTION {in} \
###    CONFIG.PCW_MIO_23_IOTYPE {LVCMOS 1.8V} \
###    CONFIG.PCW_MIO_23_PULLUP {enabled} \
###    CONFIG.PCW_MIO_23_SLEW {slow} \
###    CONFIG.PCW_MIO_24_DIRECTION {in} \
###    CONFIG.PCW_MIO_24_IOTYPE {LVCMOS 1.8V} \
###    CONFIG.PCW_MIO_24_PULLUP {enabled} \
###    CONFIG.PCW_MIO_24_SLEW {slow} \
###    CONFIG.PCW_MIO_25_DIRECTION {in} \
###    CONFIG.PCW_MIO_25_IOTYPE {LVCMOS 1.8V} \
###    CONFIG.PCW_MIO_25_PULLUP {enabled} \
###    CONFIG.PCW_MIO_25_SLEW {slow} \
###    CONFIG.PCW_MIO_26_DIRECTION {in} \
###    CONFIG.PCW_MIO_26_IOTYPE {LVCMOS 1.8V} \
###    CONFIG.PCW_MIO_26_PULLUP {enabled} \
###    CONFIG.PCW_MIO_26_SLEW {slow} \
###    CONFIG.PCW_MIO_27_DIRECTION {in} \
###    CONFIG.PCW_MIO_27_IOTYPE {LVCMOS 1.8V} \
###    CONFIG.PCW_MIO_27_PULLUP {enabled} \
###    CONFIG.PCW_MIO_27_SLEW {slow} \
###    CONFIG.PCW_MIO_28_DIRECTION {inout} \
###    CONFIG.PCW_MIO_28_IOTYPE {LVCMOS 1.8V} \
###    CONFIG.PCW_MIO_28_PULLUP {enabled} \
###    CONFIG.PCW_MIO_28_SLEW {slow} \
###    CONFIG.PCW_MIO_29_DIRECTION {in} \
###    CONFIG.PCW_MIO_29_IOTYPE {LVCMOS 1.8V} \
###    CONFIG.PCW_MIO_29_PULLUP {enabled} \
###    CONFIG.PCW_MIO_29_SLEW {slow} \
###    CONFIG.PCW_MIO_2_DIRECTION {inout} \
###    CONFIG.PCW_MIO_2_IOTYPE {LVCMOS 3.3V} \
###    CONFIG.PCW_MIO_2_PULLUP {disabled} \
###    CONFIG.PCW_MIO_2_SLEW {slow} \
###    CONFIG.PCW_MIO_30_DIRECTION {out} \
###    CONFIG.PCW_MIO_30_IOTYPE {LVCMOS 1.8V} \
###    CONFIG.PCW_MIO_30_PULLUP {enabled} \
###    CONFIG.PCW_MIO_30_SLEW {slow} \
###    CONFIG.PCW_MIO_31_DIRECTION {in} \
###    CONFIG.PCW_MIO_31_IOTYPE {LVCMOS 1.8V} \
###    CONFIG.PCW_MIO_31_PULLUP {enabled} \
###    CONFIG.PCW_MIO_31_SLEW {slow} \
###    CONFIG.PCW_MIO_32_DIRECTION {inout} \
###    CONFIG.PCW_MIO_32_IOTYPE {LVCMOS 1.8V} \
###    CONFIG.PCW_MIO_32_PULLUP {enabled} \
###    CONFIG.PCW_MIO_32_SLEW {slow} \
###    CONFIG.PCW_MIO_33_DIRECTION {inout} \
###    CONFIG.PCW_MIO_33_IOTYPE {LVCMOS 1.8V} \
###    CONFIG.PCW_MIO_33_PULLUP {enabled} \
###    CONFIG.PCW_MIO_33_SLEW {slow} \
###    CONFIG.PCW_MIO_34_DIRECTION {inout} \
###    CONFIG.PCW_MIO_34_IOTYPE {LVCMOS 1.8V} \
###    CONFIG.PCW_MIO_34_PULLUP {enabled} \
###    CONFIG.PCW_MIO_34_SLEW {slow} \
###    CONFIG.PCW_MIO_35_DIRECTION {inout} \
###    CONFIG.PCW_MIO_35_IOTYPE {LVCMOS 1.8V} \
###    CONFIG.PCW_MIO_35_PULLUP {enabled} \
###    CONFIG.PCW_MIO_35_SLEW {slow} \
###    CONFIG.PCW_MIO_36_DIRECTION {in} \
###    CONFIG.PCW_MIO_36_IOTYPE {LVCMOS 1.8V} \
###    CONFIG.PCW_MIO_36_PULLUP {enabled} \
###    CONFIG.PCW_MIO_36_SLEW {slow} \
###    CONFIG.PCW_MIO_37_DIRECTION {inout} \
###    CONFIG.PCW_MIO_37_IOTYPE {LVCMOS 1.8V} \
###    CONFIG.PCW_MIO_37_PULLUP {enabled} \
###    CONFIG.PCW_MIO_37_SLEW {slow} \
###    CONFIG.PCW_MIO_38_DIRECTION {inout} \
###    CONFIG.PCW_MIO_38_IOTYPE {LVCMOS 1.8V} \
###    CONFIG.PCW_MIO_38_PULLUP {enabled} \
###    CONFIG.PCW_MIO_38_SLEW {slow} \
###    CONFIG.PCW_MIO_39_DIRECTION {inout} \
###    CONFIG.PCW_MIO_39_IOTYPE {LVCMOS 1.8V} \
###    CONFIG.PCW_MIO_39_PULLUP {enabled} \
###    CONFIG.PCW_MIO_39_SLEW {slow} \
###    CONFIG.PCW_MIO_3_DIRECTION {inout} \
###    CONFIG.PCW_MIO_3_IOTYPE {LVCMOS 3.3V} \
###    CONFIG.PCW_MIO_3_PULLUP {disabled} \
###    CONFIG.PCW_MIO_3_SLEW {slow} \
###    CONFIG.PCW_MIO_40_DIRECTION {inout} \
###    CONFIG.PCW_MIO_40_IOTYPE {LVCMOS 1.8V} \
###    CONFIG.PCW_MIO_40_PULLUP {enabled} \
###    CONFIG.PCW_MIO_40_SLEW {slow} \
###    CONFIG.PCW_MIO_41_DIRECTION {inout} \
###    CONFIG.PCW_MIO_41_IOTYPE {LVCMOS 1.8V} \
###    CONFIG.PCW_MIO_41_PULLUP {enabled} \
###    CONFIG.PCW_MIO_41_SLEW {slow} \
###    CONFIG.PCW_MIO_42_DIRECTION {inout} \
###    CONFIG.PCW_MIO_42_IOTYPE {LVCMOS 1.8V} \
###    CONFIG.PCW_MIO_42_PULLUP {enabled} \
###    CONFIG.PCW_MIO_42_SLEW {slow} \
###    CONFIG.PCW_MIO_43_DIRECTION {inout} \
###    CONFIG.PCW_MIO_43_IOTYPE {LVCMOS 1.8V} \
###    CONFIG.PCW_MIO_43_PULLUP {enabled} \
###    CONFIG.PCW_MIO_43_SLEW {slow} \
###    CONFIG.PCW_MIO_44_DIRECTION {inout} \
###    CONFIG.PCW_MIO_44_IOTYPE {LVCMOS 1.8V} \
###    CONFIG.PCW_MIO_44_PULLUP {enabled} \
###    CONFIG.PCW_MIO_44_SLEW {slow} \
###    CONFIG.PCW_MIO_45_DIRECTION {inout} \
###    CONFIG.PCW_MIO_45_IOTYPE {LVCMOS 1.8V} \
###    CONFIG.PCW_MIO_45_PULLUP {enabled} \
###    CONFIG.PCW_MIO_45_SLEW {slow} \
###    CONFIG.PCW_MIO_46_DIRECTION {<Select>} \
###    CONFIG.PCW_MIO_46_IOTYPE {<Select>} \
###    CONFIG.PCW_MIO_46_PULLUP {<Select>} \
###    CONFIG.PCW_MIO_46_SLEW {<Select>} \
###    CONFIG.PCW_MIO_47_DIRECTION {in} \
###    CONFIG.PCW_MIO_47_IOTYPE {LVCMOS 1.8V} \
###    CONFIG.PCW_MIO_47_PULLUP {enabled} \
###    CONFIG.PCW_MIO_47_SLEW {slow} \
###    CONFIG.PCW_MIO_48_DIRECTION {<Select>} \
###    CONFIG.PCW_MIO_48_IOTYPE {<Select>} \
###    CONFIG.PCW_MIO_48_PULLUP {<Select>} \
###    CONFIG.PCW_MIO_48_SLEW {<Select>} \
###    CONFIG.PCW_MIO_49_DIRECTION {<Select>} \
###    CONFIG.PCW_MIO_49_IOTYPE {<Select>} \
###    CONFIG.PCW_MIO_49_PULLUP {<Select>} \
###    CONFIG.PCW_MIO_49_SLEW {<Select>} \
###    CONFIG.PCW_MIO_4_DIRECTION {inout} \
###    CONFIG.PCW_MIO_4_IOTYPE {LVCMOS 3.3V} \
###    CONFIG.PCW_MIO_4_PULLUP {disabled} \
###    CONFIG.PCW_MIO_4_SLEW {slow} \
###    CONFIG.PCW_MIO_50_DIRECTION {inout} \
###    CONFIG.PCW_MIO_50_IOTYPE {LVCMOS 1.8V} \
###    CONFIG.PCW_MIO_50_PULLUP {enabled} \
###    CONFIG.PCW_MIO_50_SLEW {slow} \
###    CONFIG.PCW_MIO_51_DIRECTION {inout} \
###    CONFIG.PCW_MIO_51_IOTYPE {LVCMOS 1.8V} \
###    CONFIG.PCW_MIO_51_PULLUP {enabled} \
###    CONFIG.PCW_MIO_51_SLEW {slow} \
###    CONFIG.PCW_MIO_52_DIRECTION {out} \
###    CONFIG.PCW_MIO_52_IOTYPE {LVCMOS 1.8V} \
###    CONFIG.PCW_MIO_52_PULLUP {enabled} \
###    CONFIG.PCW_MIO_52_SLEW {slow} \
###    CONFIG.PCW_MIO_53_DIRECTION {inout} \
###    CONFIG.PCW_MIO_53_IOTYPE {LVCMOS 1.8V} \
###    CONFIG.PCW_MIO_53_PULLUP {enabled} \
###    CONFIG.PCW_MIO_53_SLEW {slow} \
###    CONFIG.PCW_MIO_5_DIRECTION {inout} \
###    CONFIG.PCW_MIO_5_IOTYPE {LVCMOS 3.3V} \
###    CONFIG.PCW_MIO_5_PULLUP {disabled} \
###    CONFIG.PCW_MIO_5_SLEW {slow} \
###    CONFIG.PCW_MIO_6_DIRECTION {out} \
###    CONFIG.PCW_MIO_6_IOTYPE {LVCMOS 3.3V} \
###    CONFIG.PCW_MIO_6_PULLUP {disabled} \
###    CONFIG.PCW_MIO_6_SLEW {slow} \
###    CONFIG.PCW_MIO_7_DIRECTION {<Select>} \
###    CONFIG.PCW_MIO_7_IOTYPE {<Select>} \
###    CONFIG.PCW_MIO_7_PULLUP {<Select>} \
###    CONFIG.PCW_MIO_7_SLEW {<Select>} \
###    CONFIG.PCW_MIO_8_DIRECTION {out} \
###    CONFIG.PCW_MIO_8_IOTYPE {LVCMOS 3.3V} \
###    CONFIG.PCW_MIO_8_PULLUP {disabled} \
###    CONFIG.PCW_MIO_8_SLEW {slow} \
###    CONFIG.PCW_MIO_9_DIRECTION {<Select>} \
###    CONFIG.PCW_MIO_9_IOTYPE {<Select>} \
###    CONFIG.PCW_MIO_9_PULLUP {<Select>} \
###    CONFIG.PCW_MIO_9_SLEW {<Select>} \
###    CONFIG.PCW_MIO_PRIMITIVE {54} \
###    CONFIG.PCW_MIO_TREE_PERIPHERALS {unassigned#Quad SPI Flash#Quad SPI Flash#Quad SPI Flash#Quad SPI Flash#Quad SPI Flash#Quad SPI Flash#unassigned#Quad SPI Flash#unassigned#unassigned#unassigned#unassigned#unassigned#UART 0#UART 0#Enet 0#Enet 0#Enet 0#Enet 0#Enet 0#Enet 0#Enet 0#Enet 0#Enet 0#Enet 0#Enet 0#Enet 0#USB 0#USB 0#USB 0#USB 0#USB 0#USB 0#USB 0#USB 0#USB 0#USB 0#USB 0#USB 0#SD 0#SD 0#SD 0#SD 0#SD 0#SD 0#unassigned#SD 0#unassigned#unassigned#I2C 0#I2C 0#Enet 0#Enet 0} \
###    CONFIG.PCW_MIO_TREE_SIGNALS {unassigned#qspi0_ss_b#qspi0_io[0]#qspi0_io[1]#qspi0_io[2]#qspi0_io[3]/HOLD_B#qspi0_sclk#unassigned#qspi_fbclk#unassigned#unassigned#unassigned#unassigned#unassigned#rx#tx#tx_clk#txd[0]#txd[1]#txd[2]#txd[3]#tx_ctl#rx_clk#rxd[0]#rxd[1]#rxd[2]#rxd[3]#rx_ctl#data[4]#dir#stp#nxt#data[0]#data[1]#data[2]#data[3]#clk#data[5]#data[6]#data[7]#clk#cmd#data[0]#data[1]#data[2]#data[3]#unassigned#cd#unassigned#unassigned#scl#sda#mdc#mdio} \
###    CONFIG.PCW_M_AXI_GP0_ENABLE_STATIC_REMAP {0} \
###    CONFIG.PCW_M_AXI_GP0_ID_WIDTH {12} \
###    CONFIG.PCW_M_AXI_GP0_SUPPORT_NARROW_BURST {0} \
###    CONFIG.PCW_M_AXI_GP0_THREAD_ID_WIDTH {12} \
###    CONFIG.PCW_M_AXI_GP1_ENABLE_STATIC_REMAP {0} \
###    CONFIG.PCW_M_AXI_GP1_ID_WIDTH {12} \
###    CONFIG.PCW_M_AXI_GP1_SUPPORT_NARROW_BURST {0} \
###    CONFIG.PCW_M_AXI_GP1_THREAD_ID_WIDTH {12} \
###    CONFIG.PCW_NAND_CYCLES_T_AR {1} \
###    CONFIG.PCW_NAND_CYCLES_T_CLR {1} \
###    CONFIG.PCW_NAND_CYCLES_T_RC {11} \
###    CONFIG.PCW_NAND_CYCLES_T_REA {1} \
###    CONFIG.PCW_NAND_CYCLES_T_RR {1} \
###    CONFIG.PCW_NAND_CYCLES_T_WC {11} \
###    CONFIG.PCW_NAND_CYCLES_T_WP {1} \
###    CONFIG.PCW_NAND_GRP_D8_ENABLE {0} \
###    CONFIG.PCW_NAND_GRP_D8_IO {<Select>} \
###    CONFIG.PCW_NAND_NAND_IO {<Select>} \
###    CONFIG.PCW_NAND_PERIPHERAL_ENABLE {0} \
###    CONFIG.PCW_NOR_CS0_T_CEOE {1} \
###    CONFIG.PCW_NOR_CS0_T_PC {1} \
###    CONFIG.PCW_NOR_CS0_T_RC {11} \
###    CONFIG.PCW_NOR_CS0_T_TR {1} \
###    CONFIG.PCW_NOR_CS0_T_WC {11} \
###    CONFIG.PCW_NOR_CS0_T_WP {1} \
###    CONFIG.PCW_NOR_CS0_WE_TIME {0} \
###    CONFIG.PCW_NOR_CS1_T_CEOE {1} \
###    CONFIG.PCW_NOR_CS1_T_PC {1} \
###    CONFIG.PCW_NOR_CS1_T_RC {11} \
###    CONFIG.PCW_NOR_CS1_T_TR {1} \
###    CONFIG.PCW_NOR_CS1_T_WC {11} \
###    CONFIG.PCW_NOR_CS1_T_WP {1} \
###    CONFIG.PCW_NOR_CS1_WE_TIME {0} \
###    CONFIG.PCW_NOR_GRP_A25_ENABLE {0} \
###    CONFIG.PCW_NOR_GRP_A25_IO {<Select>} \
###    CONFIG.PCW_NOR_GRP_CS0_ENABLE {0} \
###    CONFIG.PCW_NOR_GRP_CS0_IO {<Select>} \
###    CONFIG.PCW_NOR_GRP_CS1_ENABLE {0} \
###    CONFIG.PCW_NOR_GRP_CS1_IO {<Select>} \
###    CONFIG.PCW_NOR_GRP_SRAM_CS0_ENABLE {0} \
###    CONFIG.PCW_NOR_GRP_SRAM_CS0_IO {<Select>} \
###    CONFIG.PCW_NOR_GRP_SRAM_CS1_ENABLE {0} \
###    CONFIG.PCW_NOR_GRP_SRAM_CS1_IO {<Select>} \
###    CONFIG.PCW_NOR_GRP_SRAM_INT_ENABLE {0} \
###    CONFIG.PCW_NOR_GRP_SRAM_INT_IO {<Select>} \
###    CONFIG.PCW_NOR_NOR_IO {<Select>} \
###    CONFIG.PCW_NOR_PERIPHERAL_ENABLE {0} \
###    CONFIG.PCW_NOR_SRAM_CS0_T_CEOE {1} \
###    CONFIG.PCW_NOR_SRAM_CS0_T_PC {1} \
###    CONFIG.PCW_NOR_SRAM_CS0_T_RC {11} \
###    CONFIG.PCW_NOR_SRAM_CS0_T_TR {1} \
###    CONFIG.PCW_NOR_SRAM_CS0_T_WC {11} \
###    CONFIG.PCW_NOR_SRAM_CS0_T_WP {1} \
###    CONFIG.PCW_NOR_SRAM_CS0_WE_TIME {0} \
###    CONFIG.PCW_NOR_SRAM_CS1_T_CEOE {1} \
###    CONFIG.PCW_NOR_SRAM_CS1_T_PC {1} \
###    CONFIG.PCW_NOR_SRAM_CS1_T_RC {11} \
###    CONFIG.PCW_NOR_SRAM_CS1_T_TR {1} \
###    CONFIG.PCW_NOR_SRAM_CS1_T_WC {11} \
###    CONFIG.PCW_NOR_SRAM_CS1_T_WP {1} \
###    CONFIG.PCW_NOR_SRAM_CS1_WE_TIME {0} \
###    CONFIG.PCW_OVERRIDE_BASIC_CLOCK {0} \
###    CONFIG.PCW_P2F_CAN0_INTR {0} \
###    CONFIG.PCW_P2F_CAN1_INTR {0} \
###    CONFIG.PCW_P2F_CTI_INTR {0} \
###    CONFIG.PCW_P2F_DMAC0_INTR {0} \
###    CONFIG.PCW_P2F_DMAC1_INTR {0} \
###    CONFIG.PCW_P2F_DMAC2_INTR {0} \
###    CONFIG.PCW_P2F_DMAC3_INTR {0} \
###    CONFIG.PCW_P2F_DMAC4_INTR {0} \
###    CONFIG.PCW_P2F_DMAC5_INTR {0} \
###    CONFIG.PCW_P2F_DMAC6_INTR {0} \
###    CONFIG.PCW_P2F_DMAC7_INTR {0} \
###    CONFIG.PCW_P2F_DMAC_ABORT_INTR {0} \
###    CONFIG.PCW_P2F_ENET0_INTR {0} \
###    CONFIG.PCW_P2F_ENET1_INTR {0} \
###    CONFIG.PCW_P2F_GPIO_INTR {0} \
###    CONFIG.PCW_P2F_I2C0_INTR {0} \
###    CONFIG.PCW_P2F_I2C1_INTR {0} \
###    CONFIG.PCW_P2F_QSPI_INTR {0} \
###    CONFIG.PCW_P2F_SDIO0_INTR {0} \
###    CONFIG.PCW_P2F_SDIO1_INTR {0} \
###    CONFIG.PCW_P2F_SMC_INTR {0} \
###    CONFIG.PCW_P2F_SPI0_INTR {0} \
###    CONFIG.PCW_P2F_SPI1_INTR {0} \
###    CONFIG.PCW_P2F_UART0_INTR {0} \
###    CONFIG.PCW_P2F_UART1_INTR {0} \
###    CONFIG.PCW_P2F_USB0_INTR {0} \
###    CONFIG.PCW_P2F_USB1_INTR {0} \
###    CONFIG.PCW_PACKAGE_DDR_BOARD_DELAY0 {0.223} \
###    CONFIG.PCW_PACKAGE_DDR_BOARD_DELAY1 {0.212} \
###    CONFIG.PCW_PACKAGE_DDR_BOARD_DELAY2 {0.085} \
###    CONFIG.PCW_PACKAGE_DDR_BOARD_DELAY3 {0.092} \
###    CONFIG.PCW_PACKAGE_DDR_DQS_TO_CLK_DELAY_0 {0.040} \
###    CONFIG.PCW_PACKAGE_DDR_DQS_TO_CLK_DELAY_1 {0.058} \
###    CONFIG.PCW_PACKAGE_DDR_DQS_TO_CLK_DELAY_2 {-0.009} \
###    CONFIG.PCW_PACKAGE_DDR_DQS_TO_CLK_DELAY_3 {-0.033} \
###    CONFIG.PCW_PACKAGE_NAME {clg400} \
###    CONFIG.PCW_PCAP_PERIPHERAL_CLKSRC {IO PLL} \
###    CONFIG.PCW_PCAP_PERIPHERAL_DIVISOR0 {5} \
###    CONFIG.PCW_PCAP_PERIPHERAL_FREQMHZ {200} \
###    CONFIG.PCW_PERIPHERAL_BOARD_PRESET {None} \
###    CONFIG.PCW_PJTAG_PERIPHERAL_ENABLE {0} \
###    CONFIG.PCW_PJTAG_PJTAG_IO {<Select>} \
###    CONFIG.PCW_PLL_BYPASSMODE_ENABLE {0} \
###    CONFIG.PCW_PRESET_BANK0_VOLTAGE {LVCMOS 3.3V} \
###    CONFIG.PCW_PRESET_BANK1_VOLTAGE {LVCMOS 1.8V} \
###    CONFIG.PCW_PS7_SI_REV {PRODUCTION} \
###    CONFIG.PCW_QSPI_GRP_FBCLK_ENABLE {1} \
###    CONFIG.PCW_QSPI_GRP_FBCLK_IO {MIO 8} \
###    CONFIG.PCW_QSPI_GRP_IO1_ENABLE {0} \
###    CONFIG.PCW_QSPI_GRP_IO1_IO {<Select>} \
###    CONFIG.PCW_QSPI_GRP_SINGLE_SS_ENABLE {1} \
###    CONFIG.PCW_QSPI_GRP_SINGLE_SS_IO {MIO 1 .. 6} \
###    CONFIG.PCW_QSPI_GRP_SS1_ENABLE {0} \
###    CONFIG.PCW_QSPI_GRP_SS1_IO {<Select>} \
###    CONFIG.PCW_QSPI_INTERNAL_HIGHADDRESS {0xFCFFFFFF} \
###    CONFIG.PCW_QSPI_PERIPHERAL_CLKSRC {IO PLL} \
###    CONFIG.PCW_QSPI_PERIPHERAL_DIVISOR0 {5} \
###    CONFIG.PCW_QSPI_PERIPHERAL_ENABLE {1} \
###    CONFIG.PCW_QSPI_PERIPHERAL_FREQMHZ {200} \
###    CONFIG.PCW_QSPI_QSPI_IO {MIO 1 .. 6} \
###    CONFIG.PCW_SD0_GRP_CD_ENABLE {1} \
###    CONFIG.PCW_SD0_GRP_CD_IO {MIO 47} \
###    CONFIG.PCW_SD0_GRP_POW_ENABLE {0} \
###    CONFIG.PCW_SD0_GRP_POW_IO {<Select>} \
###    CONFIG.PCW_SD0_GRP_WP_ENABLE {0} \
###    CONFIG.PCW_SD0_GRP_WP_IO {<Select>} \
###    CONFIG.PCW_SD0_PERIPHERAL_ENABLE {1} \
###    CONFIG.PCW_SD0_SD0_IO {MIO 40 .. 45} \
###    CONFIG.PCW_SD1_GRP_CD_ENABLE {0} \
###    CONFIG.PCW_SD1_GRP_CD_IO {<Select>} \
###    CONFIG.PCW_SD1_GRP_POW_ENABLE {0} \
###    CONFIG.PCW_SD1_GRP_POW_IO {<Select>} \
###    CONFIG.PCW_SD1_GRP_WP_ENABLE {0} \
###    CONFIG.PCW_SD1_GRP_WP_IO {<Select>} \
###    CONFIG.PCW_SD1_PERIPHERAL_ENABLE {0} \
###    CONFIG.PCW_SD1_SD1_IO {<Select>} \
###    CONFIG.PCW_SDIO0_BASEADDR {0xE0100000} \
###    CONFIG.PCW_SDIO0_HIGHADDR {0xE0100FFF} \
###    CONFIG.PCW_SDIO1_BASEADDR {0xE0101000} \
###    CONFIG.PCW_SDIO1_HIGHADDR {0xE0101FFF} \
###    CONFIG.PCW_SDIO_PERIPHERAL_CLKSRC {IO PLL} \
###    CONFIG.PCW_SDIO_PERIPHERAL_DIVISOR0 {20} \
###    CONFIG.PCW_SDIO_PERIPHERAL_FREQMHZ {50} \
###    CONFIG.PCW_SDIO_PERIPHERAL_VALID {1} \
###    CONFIG.PCW_SINGLE_QSPI_DATA_MODE {x4} \
###    CONFIG.PCW_SMC_CYCLE_T0 {NA} \
###    CONFIG.PCW_SMC_CYCLE_T1 {NA} \
###    CONFIG.PCW_SMC_CYCLE_T2 {NA} \
###    CONFIG.PCW_SMC_CYCLE_T3 {NA} \
###    CONFIG.PCW_SMC_CYCLE_T4 {NA} \
###    CONFIG.PCW_SMC_CYCLE_T5 {NA} \
###    CONFIG.PCW_SMC_CYCLE_T6 {NA} \
###    CONFIG.PCW_SMC_PERIPHERAL_CLKSRC {IO PLL} \
###    CONFIG.PCW_SMC_PERIPHERAL_DIVISOR0 {1} \
###    CONFIG.PCW_SMC_PERIPHERAL_FREQMHZ {100} \
###    CONFIG.PCW_SMC_PERIPHERAL_VALID {0} \
###    CONFIG.PCW_SPI0_BASEADDR {0xE0006000} \
###    CONFIG.PCW_SPI0_GRP_SS0_ENABLE {0} \
###    CONFIG.PCW_SPI0_GRP_SS0_IO {<Select>} \
###    CONFIG.PCW_SPI0_GRP_SS1_ENABLE {0} \
###    CONFIG.PCW_SPI0_GRP_SS1_IO {<Select>} \
###    CONFIG.PCW_SPI0_GRP_SS2_ENABLE {0} \
###    CONFIG.PCW_SPI0_GRP_SS2_IO {<Select>} \
###    CONFIG.PCW_SPI0_HIGHADDR {0xE0006FFF} \
###    CONFIG.PCW_SPI0_PERIPHERAL_ENABLE {0} \
###    CONFIG.PCW_SPI0_SPI0_IO {<Select>} \
###    CONFIG.PCW_SPI1_BASEADDR {0xE0007000} \
###    CONFIG.PCW_SPI1_GRP_SS0_ENABLE {0} \
###    CONFIG.PCW_SPI1_GRP_SS0_IO {<Select>} \
###    CONFIG.PCW_SPI1_GRP_SS1_ENABLE {0} \
###    CONFIG.PCW_SPI1_GRP_SS1_IO {<Select>} \
###    CONFIG.PCW_SPI1_GRP_SS2_ENABLE {0} \
###    CONFIG.PCW_SPI1_GRP_SS2_IO {<Select>} \
###    CONFIG.PCW_SPI1_HIGHADDR {0xE0007FFF} \
###    CONFIG.PCW_SPI1_PERIPHERAL_ENABLE {0} \
###    CONFIG.PCW_SPI1_SPI1_IO {<Select>} \
###    CONFIG.PCW_SPI_PERIPHERAL_CLKSRC {IO PLL} \
###    CONFIG.PCW_SPI_PERIPHERAL_DIVISOR0 {1} \
###    CONFIG.PCW_SPI_PERIPHERAL_FREQMHZ {166.666666} \
###    CONFIG.PCW_SPI_PERIPHERAL_VALID {0} \
###    CONFIG.PCW_S_AXI_ACP_ARUSER_VAL {31} \
###    CONFIG.PCW_S_AXI_ACP_AWUSER_VAL {31} \
###    CONFIG.PCW_S_AXI_ACP_ID_WIDTH {3} \
###    CONFIG.PCW_S_AXI_GP0_ID_WIDTH {6} \
###    CONFIG.PCW_S_AXI_GP1_ID_WIDTH {6} \
###    CONFIG.PCW_S_AXI_HP0_DATA_WIDTH {64} \
###    CONFIG.PCW_S_AXI_HP0_ID_WIDTH {6} \
###    CONFIG.PCW_S_AXI_HP1_DATA_WIDTH {64} \
###    CONFIG.PCW_S_AXI_HP1_ID_WIDTH {6} \
###    CONFIG.PCW_S_AXI_HP2_DATA_WIDTH {64} \
###    CONFIG.PCW_S_AXI_HP2_ID_WIDTH {6} \
###    CONFIG.PCW_S_AXI_HP3_DATA_WIDTH {64} \
###    CONFIG.PCW_S_AXI_HP3_ID_WIDTH {6} \
###    CONFIG.PCW_TPIU_PERIPHERAL_CLKSRC {External} \
###    CONFIG.PCW_TPIU_PERIPHERAL_DIVISOR0 {1} \
###    CONFIG.PCW_TPIU_PERIPHERAL_FREQMHZ {200} \
###    CONFIG.PCW_TRACE_BUFFER_CLOCK_DELAY {12} \
###    CONFIG.PCW_TRACE_BUFFER_FIFO_SIZE {128} \
###    CONFIG.PCW_TRACE_GRP_16BIT_ENABLE {0} \
###    CONFIG.PCW_TRACE_GRP_16BIT_IO {<Select>} \
###    CONFIG.PCW_TRACE_GRP_2BIT_ENABLE {0} \
###    CONFIG.PCW_TRACE_GRP_2BIT_IO {<Select>} \
###    CONFIG.PCW_TRACE_GRP_32BIT_ENABLE {0} \
###    CONFIG.PCW_TRACE_GRP_32BIT_IO {<Select>} \
###    CONFIG.PCW_TRACE_GRP_4BIT_ENABLE {0} \
###    CONFIG.PCW_TRACE_GRP_4BIT_IO {<Select>} \
###    CONFIG.PCW_TRACE_GRP_8BIT_ENABLE {0} \
###    CONFIG.PCW_TRACE_GRP_8BIT_IO {<Select>} \
###    CONFIG.PCW_TRACE_INTERNAL_WIDTH {2} \
###    CONFIG.PCW_TRACE_PERIPHERAL_ENABLE {0} \
###    CONFIG.PCW_TRACE_PIPELINE_WIDTH {8} \
###    CONFIG.PCW_TRACE_TRACE_IO {<Select>} \
###    CONFIG.PCW_TTC0_BASEADDR {0xE0104000} \
###    CONFIG.PCW_TTC0_CLK0_PERIPHERAL_CLKSRC {CPU_1X} \
###    CONFIG.PCW_TTC0_CLK0_PERIPHERAL_DIVISOR0 {1} \
###    CONFIG.PCW_TTC0_CLK0_PERIPHERAL_FREQMHZ {133.333333} \
###    CONFIG.PCW_TTC0_CLK1_PERIPHERAL_CLKSRC {CPU_1X} \
###    CONFIG.PCW_TTC0_CLK1_PERIPHERAL_DIVISOR0 {1} \
###    CONFIG.PCW_TTC0_CLK1_PERIPHERAL_FREQMHZ {133.333333} \
###    CONFIG.PCW_TTC0_CLK2_PERIPHERAL_CLKSRC {CPU_1X} \
###    CONFIG.PCW_TTC0_CLK2_PERIPHERAL_DIVISOR0 {1} \
###    CONFIG.PCW_TTC0_CLK2_PERIPHERAL_FREQMHZ {133.333333} \
###    CONFIG.PCW_TTC0_HIGHADDR {0xE0104fff} \
###    CONFIG.PCW_TTC0_PERIPHERAL_ENABLE {0} \
###    CONFIG.PCW_TTC0_TTC0_IO {<Select>} \
###    CONFIG.PCW_TTC1_BASEADDR {0xE0105000} \
###    CONFIG.PCW_TTC1_CLK0_PERIPHERAL_CLKSRC {CPU_1X} \
###    CONFIG.PCW_TTC1_CLK0_PERIPHERAL_DIVISOR0 {1} \
###    CONFIG.PCW_TTC1_CLK0_PERIPHERAL_FREQMHZ {133.333333} \
###    CONFIG.PCW_TTC1_CLK1_PERIPHERAL_CLKSRC {CPU_1X} \
###    CONFIG.PCW_TTC1_CLK1_PERIPHERAL_DIVISOR0 {1} \
###    CONFIG.PCW_TTC1_CLK1_PERIPHERAL_FREQMHZ {133.333333} \
###    CONFIG.PCW_TTC1_CLK2_PERIPHERAL_CLKSRC {CPU_1X} \
###    CONFIG.PCW_TTC1_CLK2_PERIPHERAL_DIVISOR0 {1} \
###    CONFIG.PCW_TTC1_CLK2_PERIPHERAL_FREQMHZ {133.333333} \
###    CONFIG.PCW_TTC1_HIGHADDR {0xE0105fff} \
###    CONFIG.PCW_TTC1_PERIPHERAL_ENABLE {0} \
###    CONFIG.PCW_TTC1_TTC1_IO {<Select>} \
###    CONFIG.PCW_TTC_PERIPHERAL_FREQMHZ {50} \
###    CONFIG.PCW_UART0_BASEADDR {0xE0000000} \
###    CONFIG.PCW_UART0_BAUD_RATE {115200} \
###    CONFIG.PCW_UART0_GRP_FULL_ENABLE {0} \
###    CONFIG.PCW_UART0_GRP_FULL_IO {<Select>} \
###    CONFIG.PCW_UART0_HIGHADDR {0xE0000FFF} \
###    CONFIG.PCW_UART0_PERIPHERAL_ENABLE {1} \
###    CONFIG.PCW_UART0_UART0_IO {MIO 14 .. 15} \
###    CONFIG.PCW_UART1_BASEADDR {0xE0001000} \
###    CONFIG.PCW_UART1_BAUD_RATE {115200} \
###    CONFIG.PCW_UART1_GRP_FULL_ENABLE {0} \
###    CONFIG.PCW_UART1_GRP_FULL_IO {<Select>} \
###    CONFIG.PCW_UART1_HIGHADDR {0xE0001FFF} \
###    CONFIG.PCW_UART1_PERIPHERAL_ENABLE {0} \
###    CONFIG.PCW_UART1_UART1_IO {<Select>} \
###    CONFIG.PCW_UART_PERIPHERAL_CLKSRC {IO PLL} \
###    CONFIG.PCW_UART_PERIPHERAL_DIVISOR0 {10} \
###    CONFIG.PCW_UART_PERIPHERAL_FREQMHZ {100} \
###    CONFIG.PCW_UART_PERIPHERAL_VALID {1} \
###    CONFIG.PCW_UIPARAM_ACT_DDR_FREQ_MHZ {525.000000} \
###    CONFIG.PCW_UIPARAM_DDR_ADV_ENABLE {0} \
###    CONFIG.PCW_UIPARAM_DDR_AL {0} \
###    CONFIG.PCW_UIPARAM_DDR_BANK_ADDR_COUNT {3} \
###    CONFIG.PCW_UIPARAM_DDR_BL {8} \
###    CONFIG.PCW_UIPARAM_DDR_BOARD_DELAY0 {0.223} \
###    CONFIG.PCW_UIPARAM_DDR_BOARD_DELAY1 {0.212} \
###    CONFIG.PCW_UIPARAM_DDR_BOARD_DELAY2 {0.085} \
###    CONFIG.PCW_UIPARAM_DDR_BOARD_DELAY3 {0.092} \
###    CONFIG.PCW_UIPARAM_DDR_BUS_WIDTH {16 Bit} \
###    CONFIG.PCW_UIPARAM_DDR_CL {7} \
###    CONFIG.PCW_UIPARAM_DDR_CLOCK_0_LENGTH_MM {25.8} \
###    CONFIG.PCW_UIPARAM_DDR_CLOCK_0_PACKAGE_LENGTH {80.4535} \
###    CONFIG.PCW_UIPARAM_DDR_CLOCK_0_PROPOGATION_DELAY {160} \
###    CONFIG.PCW_UIPARAM_DDR_CLOCK_1_LENGTH_MM {25.8} \
###    CONFIG.PCW_UIPARAM_DDR_CLOCK_1_PACKAGE_LENGTH {80.4535} \
###    CONFIG.PCW_UIPARAM_DDR_CLOCK_1_PROPOGATION_DELAY {160} \
###    CONFIG.PCW_UIPARAM_DDR_CLOCK_2_LENGTH_MM {0} \
###    CONFIG.PCW_UIPARAM_DDR_CLOCK_2_PACKAGE_LENGTH {80.4535} \
###    CONFIG.PCW_UIPARAM_DDR_CLOCK_2_PROPOGATION_DELAY {160} \
###    CONFIG.PCW_UIPARAM_DDR_CLOCK_3_LENGTH_MM {0} \
###    CONFIG.PCW_UIPARAM_DDR_CLOCK_3_PACKAGE_LENGTH {80.4535} \
###    CONFIG.PCW_UIPARAM_DDR_CLOCK_3_PROPOGATION_DELAY {160} \
###    CONFIG.PCW_UIPARAM_DDR_CLOCK_STOP_EN {0} \
###    CONFIG.PCW_UIPARAM_DDR_COL_ADDR_COUNT {10} \
###    CONFIG.PCW_UIPARAM_DDR_CWL {6} \
###    CONFIG.PCW_UIPARAM_DDR_DEVICE_CAPACITY {4096 MBits} \
###    CONFIG.PCW_UIPARAM_DDR_DQS_0_LENGTH_MM {15.6} \
###    CONFIG.PCW_UIPARAM_DDR_DQS_0_PACKAGE_LENGTH {105.056} \
###    CONFIG.PCW_UIPARAM_DDR_DQS_0_PROPOGATION_DELAY {160} \
###    CONFIG.PCW_UIPARAM_DDR_DQS_1_LENGTH_MM {18.8} \
###    CONFIG.PCW_UIPARAM_DDR_DQS_1_PACKAGE_LENGTH {66.904} \
###    CONFIG.PCW_UIPARAM_DDR_DQS_1_PROPOGATION_DELAY {160} \
###    CONFIG.PCW_UIPARAM_DDR_DQS_2_LENGTH_MM {0} \
###    CONFIG.PCW_UIPARAM_DDR_DQS_2_PACKAGE_LENGTH {89.1715} \
###    CONFIG.PCW_UIPARAM_DDR_DQS_2_PROPOGATION_DELAY {160} \
###    CONFIG.PCW_UIPARAM_DDR_DQS_3_LENGTH_MM {0} \
###    CONFIG.PCW_UIPARAM_DDR_DQS_3_PACKAGE_LENGTH {113.63} \
###    CONFIG.PCW_UIPARAM_DDR_DQS_3_PROPOGATION_DELAY {160} \
###    CONFIG.PCW_UIPARAM_DDR_DQS_TO_CLK_DELAY_0 {0.040} \
###    CONFIG.PCW_UIPARAM_DDR_DQS_TO_CLK_DELAY_1 {0.058} \
###    CONFIG.PCW_UIPARAM_DDR_DQS_TO_CLK_DELAY_2 {0.000} \
###    CONFIG.PCW_UIPARAM_DDR_DQS_TO_CLK_DELAY_3 {0.000} \
###    CONFIG.PCW_UIPARAM_DDR_DQ_0_LENGTH_MM {16.5} \
###    CONFIG.PCW_UIPARAM_DDR_DQ_0_PACKAGE_LENGTH {98.503} \
###    CONFIG.PCW_UIPARAM_DDR_DQ_0_PROPOGATION_DELAY {160} \
###    CONFIG.PCW_UIPARAM_DDR_DQ_1_LENGTH_MM {18} \
###    CONFIG.PCW_UIPARAM_DDR_DQ_1_PACKAGE_LENGTH {68.5855} \
###    CONFIG.PCW_UIPARAM_DDR_DQ_1_PROPOGATION_DELAY {160} \
###    CONFIG.PCW_UIPARAM_DDR_DQ_2_LENGTH_MM {0} \
###    CONFIG.PCW_UIPARAM_DDR_DQ_2_PACKAGE_LENGTH {90.295} \
###    CONFIG.PCW_UIPARAM_DDR_DQ_2_PROPOGATION_DELAY {160} \
###    CONFIG.PCW_UIPARAM_DDR_DQ_3_LENGTH_MM {0} \
###    CONFIG.PCW_UIPARAM_DDR_DQ_3_PACKAGE_LENGTH {103.977} \
###    CONFIG.PCW_UIPARAM_DDR_DQ_3_PROPOGATION_DELAY {160} \
###    CONFIG.PCW_UIPARAM_DDR_DRAM_WIDTH {16 Bits} \
###    CONFIG.PCW_UIPARAM_DDR_ECC {Disabled} \
###    CONFIG.PCW_UIPARAM_DDR_ENABLE {1} \
###    CONFIG.PCW_UIPARAM_DDR_FREQ_MHZ {525} \
###    CONFIG.PCW_UIPARAM_DDR_HIGH_TEMP {Normal (0-85)} \
###    CONFIG.PCW_UIPARAM_DDR_MEMORY_TYPE {DDR 3} \
###    CONFIG.PCW_UIPARAM_DDR_PARTNO {Custom} \
###    CONFIG.PCW_UIPARAM_DDR_ROW_ADDR_COUNT {15} \
###    CONFIG.PCW_UIPARAM_DDR_SPEED_BIN {DDR3_1066F} \
###    CONFIG.PCW_UIPARAM_DDR_TRAIN_DATA_EYE {1} \
###    CONFIG.PCW_UIPARAM_DDR_TRAIN_READ_GATE {1} \
###    CONFIG.PCW_UIPARAM_DDR_TRAIN_WRITE_LEVEL {1} \
###    CONFIG.PCW_UIPARAM_DDR_T_FAW {40.0} \
###    CONFIG.PCW_UIPARAM_DDR_T_RAS_MIN {35.0} \
###    CONFIG.PCW_UIPARAM_DDR_T_RC {50.625} \
###    CONFIG.PCW_UIPARAM_DDR_T_RCD {13.125} \
###    CONFIG.PCW_UIPARAM_DDR_T_RP {13.125} \
###    CONFIG.PCW_UIPARAM_DDR_USE_INTERNAL_VREF {0} \
###    CONFIG.PCW_UIPARAM_GENERATE_SUMMARY {NA} \
###    CONFIG.PCW_USB0_BASEADDR {0xE0102000} \
###    CONFIG.PCW_USB0_HIGHADDR {0xE0102fff} \
###    CONFIG.PCW_USB0_PERIPHERAL_ENABLE {1} \
###    CONFIG.PCW_USB0_PERIPHERAL_FREQMHZ {60} \
###    CONFIG.PCW_USB0_RESET_ENABLE {0} \
###    CONFIG.PCW_USB0_RESET_IO {<Select>} \
###    CONFIG.PCW_USB0_USB0_IO {MIO 28 .. 39} \
###    CONFIG.PCW_USB1_BASEADDR {0xE0103000} \
###    CONFIG.PCW_USB1_HIGHADDR {0xE0103fff} \
###    CONFIG.PCW_USB1_PERIPHERAL_ENABLE {0} \
###    CONFIG.PCW_USB1_PERIPHERAL_FREQMHZ {60} \
###    CONFIG.PCW_USB1_RESET_ENABLE {0} \
###    CONFIG.PCW_USB1_RESET_IO {<Select>} \
###    CONFIG.PCW_USB1_USB1_IO {<Select>} \
###    CONFIG.PCW_USB_RESET_ENABLE {0} \
###    CONFIG.PCW_USB_RESET_POLARITY {Active Low} \
###    CONFIG.PCW_USB_RESET_SELECT {<Select>} \
###    CONFIG.PCW_USE_AXI_FABRIC_IDLE {0} \
###    CONFIG.PCW_USE_AXI_NONSECURE {0} \
###    CONFIG.PCW_USE_CORESIGHT {0} \
###    CONFIG.PCW_USE_CROSS_TRIGGER {0} \
###    CONFIG.PCW_USE_CR_FABRIC {1} \
###    CONFIG.PCW_USE_DDR_BYPASS {0} \
###    CONFIG.PCW_USE_DEBUG {0} \
###    CONFIG.PCW_USE_DEFAULT_ACP_USER_VAL {0} \
###    CONFIG.PCW_USE_DMA0 {0} \
###    CONFIG.PCW_USE_DMA1 {0} \
###    CONFIG.PCW_USE_DMA2 {0} \
###    CONFIG.PCW_USE_DMA3 {0} \
###    CONFIG.PCW_USE_EXPANDED_IOP {0} \
###    CONFIG.PCW_USE_EXPANDED_PS_SLCR_REGISTERS {0} \
###    CONFIG.PCW_USE_FABRIC_INTERRUPT {1} \
###    CONFIG.PCW_USE_HIGH_OCM {0} \
###    CONFIG.PCW_USE_M_AXI_GP0 {1} \
###    CONFIG.PCW_USE_M_AXI_GP1 {1} \
###    CONFIG.PCW_USE_PROC_EVENT_BUS {0} \
###    CONFIG.PCW_USE_PS_SLCR_REGISTERS {0} \
###    CONFIG.PCW_USE_S_AXI_ACP {0} \
###    CONFIG.PCW_USE_S_AXI_GP0 {1} \
###    CONFIG.PCW_USE_S_AXI_GP1 {0} \
###    CONFIG.PCW_USE_S_AXI_HP0 {1} \
###    CONFIG.PCW_USE_S_AXI_HP1 {0} \
###    CONFIG.PCW_USE_S_AXI_HP2 {1} \
###    CONFIG.PCW_USE_S_AXI_HP3 {0} \
###    CONFIG.PCW_USE_TRACE {0} \
###    CONFIG.PCW_USE_TRACE_DATA_EDGE_DETECTOR {0} \
###    CONFIG.PCW_VALUE_SILVERSION {3} \
###    CONFIG.PCW_WDT_PERIPHERAL_CLKSRC {CPU_1X} \
###    CONFIG.PCW_WDT_PERIPHERAL_DIVISOR0 {1} \
###    CONFIG.PCW_WDT_PERIPHERAL_ENABLE {0} \
###    CONFIG.PCW_WDT_PERIPHERAL_FREQMHZ {133.333333} \
###    CONFIG.PCW_WDT_WDT_IO {<Select>} \
###  ] $ps
## set_property -dict [list CONFIG.PCW_USE_M_AXI_GP1 0 CONFIG.PCW_USE_S_AXI_GP0 0 \
##     CONFIG.PCW_USE_S_AXI_HP0 0 CONFIG.PCW_USE_S_AXI_HP2 0 \
##     CONFIG.PCW_USE_FABRIC_INTERRUPT 0 CONFIG.PCW_EN_EMIO_GPIO 0 \
##     CONFIG.PCW_GPIO_EMIO_GPIO_ENABLE 0 CONFIG.PCW_I2C1_PERIPHERAL_ENABLE 0] $ps
## external_intf ps7/DDR DDR
## external_intf ps7/FIXED_IO FIXED_IO
## set rx [ip rx digilentinc.com:ip:dvi2rgb:2.0]
## set_property -dict [list CONFIG.kRstActiveHigh false CONFIG.kClkRange 2 \
##     CONFIG.kAddBUFG true CONFIG.kDebug false CONFIG.kEnableSerialClkOutput false \
##     CONFIG.kEdidFileName dgl_720p_cea.data] $rx
## set tx [ip tx digilentinc.com:ip:rgb2dvi:1.4]
## set_property -dict [list CONFIG.kRstActiveHigh false CONFIG.kClkRange 2 \
##     CONFIG.kGenerateSerialClk true CONFIG.kClkPrimitive MMCM] $tx
## external_intf rx/TMDS hdmi_in
## external_intf rx/DDC hdmi_in_ddc
## external_intf tx/TMDS hdmi_out
INFO: [IP_Flow 19-5107] Inferred bus interface 's_axi_aclk' of definition 'xilinx.com:signal:clock:1.0' (from X_INTERFACE_INFO parameter from HDL file).
INFO: [IP_Flow 19-5107] Inferred bus interface 's_axi_aclk' of definition 'xilinx.com:signal:clock:1.0' (from 'X_INTERFACE_INFO' attribute).
INFO: [IP_Flow 19-5107] Inferred bus interface 's_axi_aresetn' of definition 'xilinx.com:signal:reset:1.0' (from X_INTERFACE_INFO parameter from HDL file).
INFO: [IP_Flow 19-5107] Inferred bus interface 's_axi_aresetn' of definition 'xilinx.com:signal:reset:1.0' (from 'X_INTERFACE_INFO' attribute).
INFO: [IP_Flow 19-5107] Inferred bus interface 's_axi' of definition 'xilinx.com:interface:aximm:1.0' (from Xilinx Repository).
INFO: [IP_Flow 19-4728] Bus Interface 's_axi_aclk': Added interface parameter 'ASSOCIATED_BUSIF' with value 's_axi'.
INFO: [IP_Flow 19-4728] Bus Interface 's_axi_aclk': Added interface parameter 'ASSOCIATED_RESET' with value 's_axi_aresetn'.
INFO: [IP_Flow 19-4728] Bus Interface 's_axi_aresetn': Added interface parameter 'POLARITY' with value 'ACTIVE_LOW'.
WARNING: [IP_Flow 19-11770] Clock interface 's_axi_aclk' has no FREQ_HZ parameter.
## set pipe [create_bd_cell -type module -reference vision_axi pipe]
## set conv [ip converter xilinx.com:ip:axi_protocol_converter:2.1]
## set_property -dict [list CONFIG.SI_PROTOCOL AXI3 CONFIG.MI_PROTOCOL AXI4LITE] $conv
## connect_bd_intf_net [get_bd_intf_pins ps7/M_AXI_GP0] [get_bd_intf_pins converter/S_AXI]
## connect_bd_intf_net [get_bd_intf_pins converter/M_AXI] [get_bd_intf_pins pipe/s_axi]
## net ps7/FCLK_CLK0 ps7/M_AXI_GP0_ACLK converter/aclk pipe/s_axi_aclk
## net ps7/FCLK_RESET0_N converter/aresetn pipe/s_axi_aresetn rx/aRst_n
## net ps7/FCLK_CLK2 rx/RefClk
## net rx/PixelClk pipe/pclk tx/PixelClk
## net rx/pLocked pipe/video_locked tx/aRst_n
## foreach {rx_pin pipe_pin} {vid_pData raw_rbg vid_pVDE raw_de vid_pHSync raw_hs vid_pVSync raw_vs} {
##     net rx/$rx_pin pipe/$pipe_pin
## }
WARNING: [BD 41-1306] The connection to interface pin </rx/vid_pData> is being overridden by the user with net <rx_vid_pData>. This pin will not be connected as a part of interface connection <RGB>, and might not recreate the connectivity as expected using the writ_bd_tcl command.
WARNING: [BD 41-1306] The connection to interface pin </rx/vid_pVDE> is being overridden by the user with net <rx_vid_pVDE>. This pin will not be connected as a part of interface connection <RGB>, and might not recreate the connectivity as expected using the writ_bd_tcl command.
WARNING: [BD 41-1306] The connection to interface pin </rx/vid_pHSync> is being overridden by the user with net <rx_vid_pHSync>. This pin will not be connected as a part of interface connection <RGB>, and might not recreate the connectivity as expected using the writ_bd_tcl command.
WARNING: [BD 41-1306] The connection to interface pin </rx/vid_pVSync> is being overridden by the user with net <rx_vid_pVSync>. This pin will not be connected as a part of interface connection <RGB>, and might not recreate the connectivity as expected using the writ_bd_tcl command.
## foreach {tx_pin pipe_pin} {vid_pData video_rbg vid_pVDE video_de vid_pHSync video_hs vid_pVSync video_vs} {
##     net tx/$tx_pin pipe/$pipe_pin
## }
WARNING: [BD 41-1306] The connection to interface pin </tx/vid_pData> is being overridden by the user with net <pipe_video_rbg>. This pin will not be connected as a part of interface connection <RGB>, and might not recreate the connectivity as expected using the writ_bd_tcl command.
WARNING: [BD 41-1306] The connection to interface pin </tx/vid_pVDE> is being overridden by the user with net <pipe_video_de>. This pin will not be connected as a part of interface connection <RGB>, and might not recreate the connectivity as expected using the writ_bd_tcl command.
WARNING: [BD 41-1306] The connection to interface pin </tx/vid_pHSync> is being overridden by the user with net <pipe_video_hs>. This pin will not be connected as a part of interface connection <RGB>, and might not recreate the connectivity as expected using the writ_bd_tcl command.
WARNING: [BD 41-1306] The connection to interface pin </tx/vid_pVSync> is being overridden by the user with net <pipe_video_vs>. This pin will not be connected as a part of interface connection <RGB>, and might not recreate the connectivity as expected using the writ_bd_tcl command.
INFO: [BD 5-1043] It is recommended to use inline hdl version xilinx.com:inline_hdl:ilconstant:1.0 for the IP type xilinx.com:ip:xlconstant:1.1 for improved performance and reduced disk space. IPs with VLNV xilinx.com:ip:xlconstant:1.1 will not be supported from release 2025.2. More information on inline hdl IP is available in UG994 
## set high [ip high xilinx.com:ip:xlconstant:1.1]
## net high/dout rx/pRst_n
## foreach name {hdmi_in_hpd hdmi_out_hpd} {
##     create_bd_port -dir O -from 0 -to 0 $name
##     connect_bd_net [get_bd_pins high/dout] [get_bd_ports $name]
## }
INFO: [xilinx.com:ip:ila:6.2-6] /snapshot_ila: AMD recommends using the System ILA IP in IP Integrator. The System ILA IP is functionally equivalent to an ILA and offers additional benefits in debugging interfaces both within IP Integrator and the Hardware Manager. Consult the Programming and Debug User Guide UG908 for further details.
## set ila [ip snapshot_ila xilinx.com:ip:ila:6.2]
## set_property -dict [list CONFIG.C_NUM_OF_PROBES 1 CONFIG.C_PROBE0_WIDTH 107 CONFIG.C_DATA_DEPTH 1024] $ila
## net rx/PixelClk snapshot_ila/clk
## net pipe/snapshot_debug snapshot_ila/probe0
WARNING: [BD 41-1306] The connection to interface pin </snapshot_ila/probe0> is being overridden by the user with net <pipe_snapshot_debug>. This pin will not be connected as a part of interface connection <SLOT_0_AXI>, and might not recreate the connectivity as expected using the writ_bd_tcl command.
## assign_bd_address -offset 0x40000000 -range 64K -target_address_space [get_bd_addr_spaces ps7/Data] [get_bd_addr_segs pipe/s_axi/reg0]
Slave segment '/pipe/s_axi/reg0' is being assigned into address space '/ps7/Data' at <0x4000_0000 [ 64K ]>.
## validate_bd_design
CRITICAL WARNING: [BD 41-1348] Reset pin /pipe/s_axi_aresetn (associated clock /pipe/s_axi_aclk) is connected to asynchronous reset source /ps7/FCLK_RESET0_N.
This may prevent design from meeting timing. Please add Processor System Reset module to create a reset that is synchronous to the associated clock source /ps7/FCLK_CLK0.
CRITICAL WARNING: [BD 41-1348] Reset pin /converter/aresetn (associated clock /converter/aclk) is connected to asynchronous reset source /ps7/FCLK_RESET0_N.
This may prevent design from meeting timing. Please add Processor System Reset module to create a reset that is synchronous to the associated clock source /ps7/FCLK_CLK0.
## save_bd_design
Wrote  : <E:\Projects\FPGA-Alittle-Design\sim\build\hdmi-project\vision_hdmi.srcs\sources_1\bd\vision\vision.bd> 
INFO: [BD 41-1662] The design 'vision.bd' is already validated. Therefore parameter propagation will not be re-run.
CRITICAL WARNING: [BD 41-2383] Width mismatch when connecting input pin '/snapshot_ila/probe0'(1) to pin '/pipe/snapshot_debug'(107) - Only lower order bits will be connected, and other input bits of this pin will be left unconnected.
Verilog Output written to : E:/Projects/FPGA-Alittle-Design/sim/build/hdmi-project/vision_hdmi.gen/sources_1/bd/vision/synth/vision.v
CRITICAL WARNING: [BD 41-2383] Width mismatch when connecting input pin '/snapshot_ila/probe0'(1) to pin '/pipe/snapshot_debug'(107) - Only lower order bits will be connected, and other input bits of this pin will be left unconnected.
Verilog Output written to : E:/Projects/FPGA-Alittle-Design/sim/build/hdmi-project/vision_hdmi.gen/sources_1/bd/vision/sim/vision.v
Verilog Output written to : E:/Projects/FPGA-Alittle-Design/sim/build/hdmi-project/vision_hdmi.gen/sources_1/bd/vision/hdl/vision_wrapper.v
INFO: [IP_Flow 19-5611] Unable to find an associated reset port for the interface 'M_AXI_GP0'. A default connection has been created.
INFO: [BD 41-1029] Generation completed for the IP Integrator block ps7 .
CRITICAL WARNING: [IP_Flow 19-4965] IP ila_pixclk was packaged with board value 'digilentinc.com:zybo-z7-10:part0:1.0'. Current project's board value is unset. Please update the project settings to match the packaged IP.
INFO: [IP_Flow 19-3422] Upgraded ila_pixclk (ILA (Integrated Logic Analyzer) 6.2) from revision 11 to revision 20
CRITICAL WARNING: [IP_Flow 19-4965] IP ila_refclk was packaged with board value 'digilentinc.com:zybo-z7-10:part0:1.0'. Current project's board value is unset. Please update the project settings to match the packaged IP.
INFO: [IP_Flow 19-3422] Upgraded ila_refclk (ILA (Integrated Logic Analyzer) 6.2) from revision 11 to revision 20
INFO: [BD 41-1029] Generation completed for the IP Integrator block rx .
INFO: [BD 41-1029] Generation completed for the IP Integrator block tx .
INFO: [BD 41-1029] Generation completed for the IP Integrator block pipe .
WARNING: [IP_Flow 19-4994] Overwriting existing constraint file 'e:/Projects/FPGA-Alittle-Design/sim/build/hdmi-project/vision_hdmi.gen/sources_1/bd/vision/ip/vision_converter_0/vision_converter_0_ooc.xdc'
INFO: [BD 41-1029] Generation completed for the IP Integrator block converter .
INFO: [BD 41-1029] Generation completed for the IP Integrator block high .
WARNING: [IP_Flow 19-4994] Overwriting existing constraint file 'e:/Projects/FPGA-Alittle-Design/sim/build/hdmi-project/vision_hdmi.gen/sources_1/bd/vision/ip/vision_snapshot_ila_0/vision_snapshot_ila_0_ooc.xdc'
INFO: [BD 41-1029] Generation completed for the IP Integrator block snapshot_ila .
Exporting to file E:/Projects/FPGA-Alittle-Design/sim/build/hdmi-project/vision_hdmi.gen/sources_1/bd/vision/hw_handoff/vision.hwh
Generated Hardware Definition File E:/Projects/FPGA-Alittle-Design/sim/build/hdmi-project/vision_hdmi.gen/sources_1/bd/vision/synth/vision.hwdef
INFO: [BD 41-3262] Generated VHDL Instantiation Template file e:/Projects/FPGA-Alittle-Design/sim/build/hdmi-project/vision_hdmi.gen/sources_1/bd/vision/vision.vho
INFO: [BD 41-3262] Generated Verilog Instantiation Template file e:/Projects/FPGA-Alittle-Design/sim/build/hdmi-project/vision_hdmi.gen/sources_1/bd/vision/vision.veo
INFO: [BD 41-3262] Generated System Verilog Instantiation Template file e:/Projects/FPGA-Alittle-Design/sim/build/hdmi-project/vision_hdmi.gen/sources_1/bd/vision/vision_sv.sveo
generate_target: Time (s): cpu = 00:00:20 ; elapsed = 00:00:24 . Memory (MB): peak = 909.781 ; gain = 95.605
[Fri Oct  2 00:33:53 2026] Launched vision_rx_0_synth_1, vision_snapshot_ila_0_synth_1, vision_ps7_0_synth_1, vision_pipe_0_synth_1, vision_tx_0_synth_1, vision_converter_0_synth_1...
Run output will be captured here:
vision_rx_0_synth_1: E:/Projects/FPGA-Alittle-Design/sim/build/hdmi-project/vision_hdmi.runs/vision_rx_0_synth_1/runme.log
vision_snapshot_ila_0_synth_1: E:/Projects/FPGA-Alittle-Design/sim/build/hdmi-project/vision_hdmi.runs/vision_snapshot_ila_0_synth_1/runme.log
vision_ps7_0_synth_1: E:/Projects/FPGA-Alittle-Design/sim/build/hdmi-project/vision_hdmi.runs/vision_ps7_0_synth_1/runme.log
vision_pipe_0_synth_1: E:/Projects/FPGA-Alittle-Design/sim/build/hdmi-project/vision_hdmi.runs/vision_pipe_0_synth_1/runme.log
vision_tx_0_synth_1: E:/Projects/FPGA-Alittle-Design/sim/build/hdmi-project/vision_hdmi.runs/vision_tx_0_synth_1/runme.log
vision_converter_0_synth_1: E:/Projects/FPGA-Alittle-Design/sim/build/hdmi-project/vision_hdmi.runs/vision_converter_0_synth_1/runme.log
[Fri Oct  2 00:33:53 2026] Launched synth_1...
Run output will be captured here: E:/Projects/FPGA-Alittle-Design/sim/build/hdmi-project/vision_hdmi.runs/synth_1/runme.log
[Fri Oct  2 00:33:53 2026] Waiting for synth_1 to finish...

*** Running vivado
    with args -log vision_wrapper.vds -m64 -product Vivado -mode batch -messageDb vivado.pb -notrace -source vision_wrapper.tcl


INFO: [Common 17-3922] A valid Vivado Design Suite BASIC license has been detected. Your current license is active and will expire on 14-sep-2027.
#-----------------------------------------------------------
# Vivado v2026.1 (64-bit)
# SW Build 6511674 on Tue Jun 16 11:02:23 MDT 2026
# IP Build 6504888 on Tue Jun 09 09:05:25 MDT 2026
# SharedData Build 6501428 on Mon Jun 08 17:34:18 MDT 2026
# Start of session at: Fri Oct  2 00:37:43 2026
# Process ID         : 4836
# Current directory  : E:/Projects/FPGA-Alittle-Design/sim/build/hdmi-project/vision_hdmi.runs/synth_1
# Command line       : vivado.exe -log vision_wrapper.vds -product Vivado -mode batch -messageDb vivado.pb -notrace -source vision_wrapper.tcl
# Log file           : E:/Projects/FPGA-Alittle-Design/sim/build/hdmi-project/vision_hdmi.runs/synth_1/vision_wrapper.vds
# Journal file       : E:/Projects/FPGA-Alittle-Design/sim/build/hdmi-project/vision_hdmi.runs/synth_1\vivado.jou
# Running On         : never-die-cold
# Platform           : Windows 11
# Operating System   : 26200
# Processor Detail   : Intel(R) Core(TM) Ultra 7 255HX
# CPU Frequency      : 2880 MHz
# CPU Physical cores : 20
# CPU Logical cores  : 20
# Host memory        : 16496 MB
# Swap memory        : 23622 MB
# Total Virtual      : 40119 MB
# Available Virtual  : 20741 MB
#-----------------------------------------------------------

****** Vivado v2026.1 (64-bit)
  **** SW Build 6511674 on Tue Jun 16 11:02:23 MDT 2026
  **** IP Build 6504888 on Tue Jun 09 09:05:25 MDT 2026
  **** SharedData Build 6501428 on Mon Jun 08 17:34:18 MDT 2026
  **** Start of session at: Fri Oct  2 00:37:43 2026
    ** Copyright 1986-2022 Xilinx, Inc. All Rights Reserved.
    ** Copyright 2022-2026 Advanced Micro Devices, Inc. All Rights Reserved.

source vision_wrapper.tcl -notrace
create_project: Time (s): cpu = 00:00:08 ; elapsed = 00:00:07 . Memory (MB): peak = 611.352 ; gain = 267.164
INFO: [IP_Flow 19-234] Refreshing IP repositories
INFO: [IP_Flow 19-1700] Loaded user IP repository 'e:/Projects/FPGA-Alittle-Design/sim/build/hdmi-library-full'.
INFO: [IP_Flow 19-2313] Loaded Vivado IP repository 'D:/Vivado_downloads/2026.1/Vivado/data/ip'.
INFO: [Project 1-5698] Found the below utility IPs instantiated in block design E:/Projects/FPGA-Alittle-Design/sim/build/hdmi-project/vision_hdmi.srcs/sources_1/bd/vision/vision.bd which have equivalent inline hdl with improved performance and reduced diskspace.
It is recommended to migrate these utility IPs to inline hdl  using the command upgrade_project -migrate_to_inline_hdl.  The utility IPs may be deprecated in future releases.
More information on inline hdl is available in UG994.
Utility IP Component Instances:
 vision_high_0
Command: synth_design -top vision_wrapper -part xc7z020clg400-1
Starting synth_design
Attempting to get a license for feature 'Vivado_Synthesis' and/or device 'xc7z020'
INFO: [Common 17-349] Got license for feature 'Vivado_Synthesis' and/or device 'xc7z020'
INFO: [Device 21-403] Loading part xc7z020clg400-1
INFO: [Designutils 20-5008] Incremental synthesis strategy default
INFO: [Synth 8-7079] Multithreading enabled for synth_design using a maximum of 2 processes.
INFO: [Synth 8-7078] Launching helper process for spawning children vivado processes
INFO: [Synth 8-7075] Helper process launched with PID 55152
---------------------------------------------------------------------------------
Starting RTL Elaboration : Time (s): cpu = 00:00:04 ; elapsed = 00:00:05 . Memory (MB): peak = 1485.719 ; gain = 575.094
---------------------------------------------------------------------------------
INFO: [Synth 8-6157] synthesizing module 'vision_wrapper' [e:/Projects/FPGA-Alittle-Design/sim/build/hdmi-project/vision_hdmi.gen/sources_1/bd/vision/hdl/vision_wrapper.v:13]
INFO: [Synth 8-6157] synthesizing module 'IOBUF' [D:/Vivado_downloads/2026.1/Vivado/scripts/rt/data/unisim_comp.v:87508]
INFO: [Synth 8-6155] done synthesizing module 'IOBUF' (0#1) [D:/Vivado_downloads/2026.1/Vivado/scripts/rt/data/unisim_comp.v:87508]
INFO: [Synth 8-6157] synthesizing module 'vision' [e:/Projects/FPGA-Alittle-Design/sim/build/hdmi-project/vision_hdmi.gen/sources_1/bd/vision/synth/vision.v:13]
INFO: [Synth 8-6157] synthesizing module 'vision_converter_0' [E:/Projects/FPGA-Alittle-Design/sim/build/hdmi-project/vision_hdmi.runs/synth_1/.Xil/Vivado-4836-never-die-cold/realtime/vision_converter_0_stub.v:6]
INFO: [Synth 8-6155] done synthesizing module 'vision_converter_0' (0#1) [E:/Projects/FPGA-Alittle-Design/sim/build/hdmi-project/vision_hdmi.runs/synth_1/.Xil/Vivado-4836-never-die-cold/realtime/vision_converter_0_stub.v:6]
INFO: [Synth 8-6157] synthesizing module 'vision_high_0' [e:/Projects/FPGA-Alittle-Design/sim/build/hdmi-project/vision_hdmi.gen/sources_1/bd/vision/ip/vision_high_0/synth/vision_high_0.v:53]
INFO: [Synth 8-6157] synthesizing module 'xlconstant_v1_1_11_xlconstant' [e:/Projects/FPGA-Alittle-Design/sim/build/hdmi-project/vision_hdmi.gen/sources_1/bd/vision/ipshared/ff42/hdl/xlconstant_v1_1_rfs.v:68]
INFO: [Synth 8-6155] done synthesizing module 'xlconstant_v1_1_11_xlconstant' (0#1) [e:/Projects/FPGA-Alittle-Design/sim/build/hdmi-project/vision_hdmi.gen/sources_1/bd/vision/ipshared/ff42/hdl/xlconstant_v1_1_rfs.v:68]
INFO: [Synth 8-6155] done synthesizing module 'vision_high_0' (0#1) [e:/Projects/FPGA-Alittle-Design/sim/build/hdmi-project/vision_hdmi.gen/sources_1/bd/vision/ip/vision_high_0/synth/vision_high_0.v:53]
INFO: [Synth 8-6157] synthesizing module 'vision_pipe_0' [E:/Projects/FPGA-Alittle-Design/sim/build/hdmi-project/vision_hdmi.runs/synth_1/.Xil/Vivado-4836-never-die-cold/realtime/vision_pipe_0_stub.v:6]
INFO: [Synth 8-6155] done synthesizing module 'vision_pipe_0' (0#1) [E:/Projects/FPGA-Alittle-Design/sim/build/hdmi-project/vision_hdmi.runs/synth_1/.Xil/Vivado-4836-never-die-cold/realtime/vision_pipe_0_stub.v:6]
INFO: [Synth 8-6157] synthesizing module 'vision_ps7_0' [E:/Projects/FPGA-Alittle-Design/sim/build/hdmi-project/vision_hdmi.runs/synth_1/.Xil/Vivado-4836-never-die-cold/realtime/vision_ps7_0_stub.v:6]
INFO: [Synth 8-6155] done synthesizing module 'vision_ps7_0' (0#1) [E:/Projects/FPGA-Alittle-Design/sim/build/hdmi-project/vision_hdmi.runs/synth_1/.Xil/Vivado-4836-never-die-cold/realtime/vision_ps7_0_stub.v:6]
WARNING: [Synth 8-7071] port 'USB0_PORT_INDCTL' of module 'vision_ps7_0' is unconnected for instance 'ps7' [e:/Projects/FPGA-Alittle-Design/sim/build/hdmi-project/vision_hdmi.gen/sources_1/bd/vision/synth/vision.v:294]
WARNING: [Synth 8-7071] port 'USB0_VBUS_PWRSELECT' of module 'vision_ps7_0' is unconnected for instance 'ps7' [e:/Projects/FPGA-Alittle-Design/sim/build/hdmi-project/vision_hdmi.gen/sources_1/bd/vision/synth/vision.v:294]
WARNING: [Synth 8-7071] port 'FCLK_CLK1' of module 'vision_ps7_0' is unconnected for instance 'ps7' [e:/Projects/FPGA-Alittle-Design/sim/build/hdmi-project/vision_hdmi.gen/sources_1/bd/vision/synth/vision.v:294]
WARNING: [Synth 8-7071] port 'FCLK_CLK3' of module 'vision_ps7_0' is unconnected for instance 'ps7' [e:/Projects/FPGA-Alittle-Design/sim/build/hdmi-project/vision_hdmi.gen/sources_1/bd/vision/synth/vision.v:294]
WARNING: [Synth 8-7023] instance 'ps7' of module 'vision_ps7_0' has 68 connections declared, but only 64 given [e:/Projects/FPGA-Alittle-Design/sim/build/hdmi-project/vision_hdmi.gen/sources_1/bd/vision/synth/vision.v:294]
INFO: [Synth 8-6157] synthesizing module 'vision_rx_0' [E:/Projects/FPGA-Alittle-Design/sim/build/hdmi-project/vision_hdmi.runs/synth_1/.Xil/Vivado-4836-never-die-cold/realtime/vision_rx_0_stub.v:6]
INFO: [Synth 8-6155] done synthesizing module 'vision_rx_0' (0#1) [E:/Projects/FPGA-Alittle-Design/sim/build/hdmi-project/vision_hdmi.runs/synth_1/.Xil/Vivado-4836-never-die-cold/realtime/vision_rx_0_stub.v:6]
WARNING: [Synth 8-7071] port 'aPixelClkLckd' of module 'vision_rx_0' is unconnected for instance 'rx' [e:/Projects/FPGA-Alittle-Design/sim/build/hdmi-project/vision_hdmi.gen/sources_1/bd/vision/synth/vision.v:359]
WARNING: [Synth 8-7023] instance 'rx' of module 'vision_rx_0' has 20 connections declared, but only 19 given [e:/Projects/FPGA-Alittle-Design/sim/build/hdmi-project/vision_hdmi.gen/sources_1/bd/vision/synth/vision.v:359]
WARNING: [Synth 8-4446] all outputs are unconnected for this instance and logic may be removed [e:/Projects/FPGA-Alittle-Design/sim/build/hdmi-project/vision_hdmi.gen/sources_1/bd/vision/synth/vision.v:379]
INFO: [Synth 8-6157] synthesizing module 'vision_snapshot_ila_0' [E:/Projects/FPGA-Alittle-Design/sim/build/hdmi-project/vision_hdmi.runs/synth_1/.Xil/Vivado-4836-never-die-cold/realtime/vision_snapshot_ila_0_stub.v:6]
INFO: [Synth 8-6155] done synthesizing module 'vision_snapshot_ila_0' (0#1) [E:/Projects/FPGA-Alittle-Design/sim/build/hdmi-project/vision_hdmi.runs/synth_1/.Xil/Vivado-4836-never-die-cold/realtime/vision_snapshot_ila_0_stub.v:6]
INFO: [Synth 8-6157] synthesizing module 'vision_tx_0' [E:/Projects/FPGA-Alittle-Design/sim/build/hdmi-project/vision_hdmi.runs/synth_1/.Xil/Vivado-4836-never-die-cold/realtime/vision_tx_0_stub.v:6]
INFO: [Synth 8-6155] done synthesizing module 'vision_tx_0' (0#1) [E:/Projects/FPGA-Alittle-Design/sim/build/hdmi-project/vision_hdmi.runs/synth_1/.Xil/Vivado-4836-never-die-cold/realtime/vision_tx_0_stub.v:6]
INFO: [Synth 8-6155] done synthesizing module 'vision' (0#1) [e:/Projects/FPGA-Alittle-Design/sim/build/hdmi-project/vision_hdmi.gen/sources_1/bd/vision/synth/vision.v:13]
INFO: [Synth 8-6155] done synthesizing module 'vision_wrapper' (0#1) [e:/Projects/FPGA-Alittle-Design/sim/build/hdmi-project/vision_hdmi.gen/sources_1/bd/vision/hdl/vision_wrapper.v:13]
INFO: [Synth 8-6071] Mark debug on the nets applies keep_hierarchy on instance 'pipe'. This will prevent further optimization [e:/Projects/FPGA-Alittle-Design/sim/build/hdmi-project/vision_hdmi.gen/sources_1/bd/vision/synth/vision.v:261]
INFO: [Synth 8-6071] Mark debug on the nets applies keep_hierarchy on instance 'snapshot_ila'. This will prevent further optimization [e:/Projects/FPGA-Alittle-Design/sim/build/hdmi-project/vision_hdmi.gen/sources_1/bd/vision/synth/vision.v:379]
---------------------------------------------------------------------------------
Finished RTL Elaboration : Time (s): cpu = 00:00:06 ; elapsed = 00:00:06 . Memory (MB): peak = 1610.852 ; gain = 700.227
---------------------------------------------------------------------------------
---------------------------------------------------------------------------------
Start Handling Custom Attributes
---------------------------------------------------------------------------------
---------------------------------------------------------------------------------
Finished Handling Custom Attributes : Time (s): cpu = 00:00:06 ; elapsed = 00:00:06 . Memory (MB): peak = 1610.852 ; gain = 700.227
---------------------------------------------------------------------------------
---------------------------------------------------------------------------------
Finished RTL Optimization Phase 1 : Time (s): cpu = 00:00:06 ; elapsed = 00:00:06 . Memory (MB): peak = 1610.852 ; gain = 700.227
---------------------------------------------------------------------------------
Netlist sorting complete. Time (s): cpu = 00:00:00 ; elapsed = 00:00:00.002 . Memory (MB): peak = 1610.852 ; gain = 0.000
INFO: [Netlist 29-17] Analyzing 2 Unisim elements for replacement
INFO: [Netlist 29-28] Unisim Transformation completed in 0 CPU seconds
INFO: [Project 1-570] Preparing netlist for logic optimization

Processing XDC Constraints
Initializing timing engine
Parsing XDC File [e:/Projects/FPGA-Alittle-Design/sim/build/hdmi-project/vision_hdmi.gen/sources_1/bd/vision/ip/vision_ps7_0/vision_ps7_0/vision_ps7_0_in_context.xdc] for cell 'vision_i/ps7'
Finished Parsing XDC File [e:/Projects/FPGA-Alittle-Design/sim/build/hdmi-project/vision_hdmi.gen/sources_1/bd/vision/ip/vision_ps7_0/vision_ps7_0/vision_ps7_0_in_context.xdc] for cell 'vision_i/ps7'
Parsing XDC File [e:/Projects/FPGA-Alittle-Design/sim/build/hdmi-project/vision_hdmi.gen/sources_1/bd/vision/ip/vision_rx_0/vision_rx_0/vision_rx_0_in_context.xdc] for cell 'vision_i/rx'
Finished Parsing XDC File [e:/Projects/FPGA-Alittle-Design/sim/build/hdmi-project/vision_hdmi.gen/sources_1/bd/vision/ip/vision_rx_0/vision_rx_0/vision_rx_0_in_context.xdc] for cell 'vision_i/rx'
Parsing XDC File [e:/Projects/FPGA-Alittle-Design/sim/build/hdmi-project/vision_hdmi.gen/sources_1/bd/vision/ip/vision_tx_0/vision_tx_0/vision_tx_0_in_context.xdc] for cell 'vision_i/tx'
Finished Parsing XDC File [e:/Projects/FPGA-Alittle-Design/sim/build/hdmi-project/vision_hdmi.gen/sources_1/bd/vision/ip/vision_tx_0/vision_tx_0/vision_tx_0_in_context.xdc] for cell 'vision_i/tx'
Parsing XDC File [e:/Projects/FPGA-Alittle-Design/sim/build/hdmi-project/vision_hdmi.gen/sources_1/bd/vision/ip/vision_pipe_0/vision_pipe_0/vision_pipe_0_in_context.xdc] for cell 'vision_i/pipe'
Finished Parsing XDC File [e:/Projects/FPGA-Alittle-Design/sim/build/hdmi-project/vision_hdmi.gen/sources_1/bd/vision/ip/vision_pipe_0/vision_pipe_0/vision_pipe_0_in_context.xdc] for cell 'vision_i/pipe'
Parsing XDC File [e:/Projects/FPGA-Alittle-Design/sim/build/hdmi-project/vision_hdmi.gen/sources_1/bd/vision/ip/vision_converter_0/vision_converter_0/vision_converter_0_in_context.xdc] for cell 'vision_i/converter'
Finished Parsing XDC File [e:/Projects/FPGA-Alittle-Design/sim/build/hdmi-project/vision_hdmi.gen/sources_1/bd/vision/ip/vision_converter_0/vision_converter_0/vision_converter_0_in_context.xdc] for cell 'vision_i/converter'
Parsing XDC File [e:/Projects/FPGA-Alittle-Design/sim/build/hdmi-project/vision_hdmi.gen/sources_1/bd/vision/ip/vision_snapshot_ila_0/vision_snapshot_ila_0/vision_snapshot_ila_0_in_context.xdc] for cell 'vision_i/snapshot_ila'
Finished Parsing XDC File [e:/Projects/FPGA-Alittle-Design/sim/build/hdmi-project/vision_hdmi.gen/sources_1/bd/vision/ip/vision_snapshot_ila_0/vision_snapshot_ila_0/vision_snapshot_ila_0_in_context.xdc] for cell 'vision_i/snapshot_ila'
Parsing XDC File [e:/Projects/FPGA-Alittle-Design/sim/build/hdmi-source/hdmi_pins.xdc]
Finished Parsing XDC File [e:/Projects/FPGA-Alittle-Design/sim/build/hdmi-source/hdmi_pins.xdc]
INFO: [Project 1-236] Implementation specific constraints were found while reading constraint file [e:/Projects/FPGA-Alittle-Design/sim/build/hdmi-source/hdmi_pins.xdc]. These constraints will be ignored for synthesis but will be used in implementation. Impacted constraints are listed in the file [.Xil/vision_wrapper_propImpl.xdc].
Resolution: To avoid this warning, move constraints listed in [.Xil/vision_wrapper_propImpl.xdc] to another XDC file and exclude this new file from synthesis with the used_in_synthesis property (File Properties dialog in GUI) and re-run elaboration/synthesis.
Parsing XDC File [E:/Projects/FPGA-Alittle-Design/sim/build/hdmi-project/vision_hdmi.runs/synth_1/dont_touch.xdc]
Finished Parsing XDC File [E:/Projects/FPGA-Alittle-Design/sim/build/hdmi-project/vision_hdmi.runs/synth_1/dont_touch.xdc]
Completed Processing XDC Constraints

Netlist sorting complete. Time (s): cpu = 00:00:00 ; elapsed = 00:00:00 . Memory (MB): peak = 1640.172 ; gain = 0.000
INFO: [Project 1-111] Unisim Transformation Summary:
  A total of 2 instances were transformed.
  IOBUF => IOBUF (IBUF, OBUFT): 2 instances

Constraint Validation Runtime : Time (s): cpu = 00:00:00 ; elapsed = 00:00:00.008 . Memory (MB): peak = 1640.758 ; gain = 0.000
WARNING: [Timing 38-316] Clock period '10.000' specified during out-of-context synthesis of instance 'vision_i/snapshot_ila' at clock pin 'clk' is different from the actual clock period '6.060', this can lead to different synthesis results.
---------------------------------------------------------------------------------
Finished Constraint Validation : Time (s): cpu = 00:00:13 ; elapsed = 00:00:14 . Memory (MB): peak = 1640.770 ; gain = 730.145
---------------------------------------------------------------------------------
---------------------------------------------------------------------------------
Start Loading Part and Timing Information
---------------------------------------------------------------------------------
Loading part: xc7z020clg400-1
---------------------------------------------------------------------------------
Finished Loading Part and Timing Information : Time (s): cpu = 00:00:13 ; elapsed = 00:00:14 . Memory (MB): peak = 1640.770 ; gain = 730.145
---------------------------------------------------------------------------------
---------------------------------------------------------------------------------
Start Applying 'set_property' XDC Constraints
---------------------------------------------------------------------------------
---------------------------------------------------------------------------------
Finished applying 'set_property' XDC Constraints : Time (s): cpu = 00:00:13 ; elapsed = 00:00:15 . Memory (MB): peak = 1640.770 ; gain = 730.145
---------------------------------------------------------------------------------
---------------------------------------------------------------------------------
Finished RTL Optimization Phase 2 : Time (s): cpu = 00:00:13 ; elapsed = 00:00:15 . Memory (MB): peak = 1640.770 ; gain = 730.145
---------------------------------------------------------------------------------
---------------------------------------------------------------------------------
Start RTL Component Statistics 
---------------------------------------------------------------------------------
Detailed RTL Component Info : 
---------------------------------------------------------------------------------
Finished RTL Component Statistics 
---------------------------------------------------------------------------------
---------------------------------------------------------------------------------
Start Part Resource Summary
---------------------------------------------------------------------------------
Part Resources:
DSPs: 220 (col length:60)
BRAMs: 280 (col length: RAMB18 60 RAMB36 30)
---------------------------------------------------------------------------------
Finished Part Resource Summary
---------------------------------------------------------------------------------
---------------------------------------------------------------------------------
Start Cross Boundary and Area Optimization
---------------------------------------------------------------------------------
---------------------------------------------------------------------------------
Finished Cross Boundary and Area Optimization : Time (s): cpu = 00:00:15 ; elapsed = 00:00:16 . Memory (MB): peak = 1643.730 ; gain = 733.105
---------------------------------------------------------------------------------
---------------------------------------------------------------------------------
Start Applying XDC Timing Constraints
---------------------------------------------------------------------------------
---------------------------------------------------------------------------------
Finished Applying XDC Timing Constraints : Time (s): cpu = 00:00:19 ; elapsed = 00:00:21 . Memory (MB): peak = 1814.930 ; gain = 904.305
---------------------------------------------------------------------------------
---------------------------------------------------------------------------------
Start Timing Optimization
---------------------------------------------------------------------------------
---------------------------------------------------------------------------------
Finished Timing Optimization : Time (s): cpu = 00:00:19 ; elapsed = 00:00:21 . Memory (MB): peak = 1815.414 ; gain = 904.789
---------------------------------------------------------------------------------
---------------------------------------------------------------------------------
Start Technology Mapping
---------------------------------------------------------------------------------
---------------------------------------------------------------------------------
Finished Technology Mapping : Time (s): cpu = 00:00:19 ; elapsed = 00:00:21 . Memory (MB): peak = 1825.410 ; gain = 914.785
---------------------------------------------------------------------------------
---------------------------------------------------------------------------------
Start IO Insertion
---------------------------------------------------------------------------------
---------------------------------------------------------------------------------
Start Flattening Before IO Insertion
---------------------------------------------------------------------------------
---------------------------------------------------------------------------------
Finished Flattening Before IO Insertion
---------------------------------------------------------------------------------
---------------------------------------------------------------------------------
Start Final Netlist Cleanup
---------------------------------------------------------------------------------
---------------------------------------------------------------------------------
Finished Final Netlist Cleanup
---------------------------------------------------------------------------------
---------------------------------------------------------------------------------
Finished IO Insertion : Time (s): cpu = 00:00:22 ; elapsed = 00:00:24 . Memory (MB): peak = 2100.469 ; gain = 1189.844
---------------------------------------------------------------------------------
---------------------------------------------------------------------------------
Start Renaming Generated Instances
---------------------------------------------------------------------------------
---------------------------------------------------------------------------------
Finished Renaming Generated Instances : Time (s): cpu = 00:00:22 ; elapsed = 00:00:24 . Memory (MB): peak = 2100.469 ; gain = 1189.844
---------------------------------------------------------------------------------
---------------------------------------------------------------------------------
Start Rebuilding User Hierarchy
---------------------------------------------------------------------------------
---------------------------------------------------------------------------------
Finished Rebuilding User Hierarchy : Time (s): cpu = 00:00:22 ; elapsed = 00:00:24 . Memory (MB): peak = 2100.469 ; gain = 1189.844
---------------------------------------------------------------------------------
---------------------------------------------------------------------------------
Start Renaming Generated Ports
---------------------------------------------------------------------------------
---------------------------------------------------------------------------------
Finished Renaming Generated Ports : Time (s): cpu = 00:00:22 ; elapsed = 00:00:24 . Memory (MB): peak = 2100.469 ; gain = 1189.844
---------------------------------------------------------------------------------
---------------------------------------------------------------------------------
Start Handling Custom Attributes
---------------------------------------------------------------------------------
---------------------------------------------------------------------------------
Finished Handling Custom Attributes : Time (s): cpu = 00:00:22 ; elapsed = 00:00:24 . Memory (MB): peak = 2100.469 ; gain = 1189.844
---------------------------------------------------------------------------------
---------------------------------------------------------------------------------
Start Renaming Generated Nets
---------------------------------------------------------------------------------
---------------------------------------------------------------------------------
Finished Renaming Generated Nets : Time (s): cpu = 00:00:22 ; elapsed = 00:00:24 . Memory (MB): peak = 2100.469 ; gain = 1189.844
---------------------------------------------------------------------------------
---------------------------------------------------------------------------------
Start Writing Synthesis Report
---------------------------------------------------------------------------------

Report BlackBoxes: 
+------+----------------------+----------+
|      |BlackBox name         |Instances |
+------+----------------------+----------+
|1     |vision_converter_0    |         1|
|2     |vision_pipe_0         |         1|
|3     |vision_ps7_0          |         1|
|4     |vision_rx_0           |         1|
|5     |vision_snapshot_ila_0 |         1|
|6     |vision_tx_0           |         1|
+------+----------------------+----------+

Report Cell Usage: 
+------+--------------------+------+
|      |Cell                |Count |
+------+--------------------+------+
|1     |vision_converter    |     1|
|2     |vision_pipe         |     1|
|3     |vision_ps7          |     1|
|4     |vision_rx           |     1|
|5     |vision_snapshot_ila |     1|
|6     |vision_tx           |     1|
|7     |IOBUF               |     2|
|8     |OBUF                |     2|
+------+--------------------+------+
---------------------------------------------------------------------------------
Finished Writing Synthesis Report : Time (s): cpu = 00:00:22 ; elapsed = 00:00:24 . Memory (MB): peak = 2100.469 ; gain = 1189.844
---------------------------------------------------------------------------------
Synthesis finished with 0 errors, 0 critical warnings and 0 warnings.
Synthesis Optimization Runtime : Time (s): cpu = 00:00:14 ; elapsed = 00:00:22 . Memory (MB): peak = 2100.469 ; gain = 1159.926
Synthesis Optimization Complete : Time (s): cpu = 00:00:22 ; elapsed = 00:00:25 . Memory (MB): peak = 2100.469 ; gain = 1189.844
INFO: [Project 1-571] Translating synthesized netlist
Netlist sorting complete. Time (s): cpu = 00:00:00 ; elapsed = 00:00:00.003 . Memory (MB): peak = 2100.469 ; gain = 0.000
INFO: [Netlist 29-17] Analyzing 2 Unisim elements for replacement
INFO: [Netlist 29-28] Unisim Transformation completed in 0 CPU seconds
INFO: [Project 1-570] Preparing netlist for logic optimization
ERROR: [Chipscope 16-620] Detected an ILA instance 'vision_i/snapshot_ila' in the design with more than 5 probes enabled. Your current selected license is BASIC. This license doesn't cover the feature you selected. See the Vivado Licensing page for what features are supported in each tier and how to get the right license based on your requirements.
INFO: [Opt 31-138] Pushed 0 inverter(s) to 0 load pin(s).
INFO: [Project 1-5958] Close the design
INFO: [Common 17-83] Releasing license: Vivado_Synthesis
46 Infos, 9 Warnings, 0 Critical Warnings and 2 Errors encountered.
synth_design failed
synth_design: Time (s): cpu = 00:00:26 ; elapsed = 00:00:32 . Memory (MB): peak = 2113.246 ; gain = 1420.438
ERROR: [Vivado_Tcl 4-10] Synthesis failed - please see the console for details
INFO: [Common 17-206] Exiting Vivado at Fri Oct  2 00:38:31 2026...
[Fri Oct  2 00:38:31 2026] synth_1 finished
ERROR: [Vivado 12-13638] Failed runs(s) : 'synth_1'
wait_on_runs: Time (s): cpu = 00:00:01 ; elapsed = 00:04:38 . Memory (MB): peak = 913.773 ; gain = 0.738
ERROR: ERROR: [Common 17-39] 'wait_on_runs' failed due to earlier errors.

INFO: [Common 17-206] Exiting Vivado at Fri Oct  2 00:38:31 2026...
