INFO: [Common 17-3922] A valid Vivado Design Suite BASIC license has been detected. Your current license is active and will expire on 14-sep-2027.
#-----------------------------------------------------------
# Vivado v2026.1 (64-bit)
# SW Build 6511674 on Tue Jun 16 11:02:23 MDT 2026
# IP Build 6504888 on Tue Jun 09 09:05:25 MDT 2026
# SharedData Build 6501428 on Mon Jun 08 17:34:18 MDT 2026
# Start of session at: Fri Oct  2 01:16:24 2026
# Process ID         : 7760
# Current directory  : E:/Projects/FPGA-Alittle-Design
# Command line       : vivado.exe -mode batch -source data/logs/2026-10-02-vision-offboard/hdmi/export_xsa.tcl -log data/logs/2026-10-02-vision-offboard/hdmi/xsa-export.log -journal data/logs/2026-10-02-vision-offboard/hdmi/xsa-export.jou
# Log file           : E:/Projects/FPGA-Alittle-Design/data/logs/2026-10-02-vision-offboard/hdmi/xsa-export.log
# Journal file       : E:/Projects/FPGA-Alittle-Design\data/logs/2026-10-02-vision-offboard/hdmi/xsa-export.jou
# Running On         : never-die-cold
# Platform           : Windows 11
# Operating System   : 26200
# Processor Detail   : Intel(R) Core(TM) Ultra 7 255HX
# CPU Frequency      : 2880 MHz
# CPU Physical cores : 20
# CPU Logical cores  : 20
# Host memory        : 16496 MB
# Swap memory        : 23622 MB
# Total Virtual      : 40119 MB
# Available Virtual  : 23758 MB
#-----------------------------------------------------------
source data/logs/2026-10-02-vision-offboard/hdmi/export_xsa.tcl
# if {[catch {
#     open_project sim/build/hdmi-project/vision_hdmi.xpr
#     launch_runs impl_1 -to_step write_bitstream -jobs 2
#     wait_on_run impl_1
#     if {[get_property PROGRESS [get_runs impl_1]] ne "100%"} { error "HDMI bitstream failed" }
#     set runbit [file join [get_property DIRECTORY [get_runs impl_1]] [get_property TOP [current_fileset]].bit]
#     file copy -force $runbit sim/build/hdmi-project/vision.bit
#     write_hw_platform -fixed -include_bit -force -file sim/build/hdmi-project/vision.xsa
#     puts "PASS: HDMI XSA exported with bit and hwh"
# } reason]} {
#     puts stderr "ERROR: $reason"
#     exit 1
# }
Scanning sources...
Finished scanning sources
WARNING: [Project 1-5713] Board part '' set for the project  is not found. BoardPart property will be unset. Please select board from latest repo build 
INFO: [IP_Flow 19-234] Refreshing IP repositories
INFO: [IP_Flow 19-1700] Loaded user IP repository 'e:/Projects/FPGA-Alittle-Design/sim/build/hdmi-library-full'.
INFO: [IP_Flow 19-2313] Loaded Vivado IP repository 'D:/Vivado_downloads/2026.1/Vivado/data/ip'.
INFO: [Project 1-5698] Found the below utility IPs instantiated in block design E:/Projects/FPGA-Alittle-Design/sim/build/hdmi-project/vision_hdmi.srcs/sources_1/bd/vision/vision.bd which have equivalent inline hdl with improved performance and reduced diskspace.
It is recommended to migrate these utility IPs to inline hdl  using the command upgrade_project -migrate_to_inline_hdl.  The utility IPs may be deprecated in future releases.
More information on inline hdl is available in UG994.
Utility IP Component Instances:
 vision_high_0
open_project: Time (s): cpu = 00:00:12 ; elapsed = 00:00:15 . Memory (MB): peak = 693.008 ; gain = 349.875
[Fri Oct  2 01:16:50 2026] Launched impl_1...
Run output will be captured here: E:/Projects/FPGA-Alittle-Design/sim/build/hdmi-project/vision_hdmi.runs/impl_1/runme.log
launch_runs: Time (s): cpu = 00:00:00 ; elapsed = 00:00:06 . Memory (MB): peak = 704.980 ; gain = 11.973
[Fri Oct  2 01:16:50 2026] Waiting for impl_1 to finish...

*** Running vivado
    with args -log vision_wrapper.vdi -applog -m64 -product Vivado -messageDb vivado.pb -mode batch -source vision_wrapper.tcl -notrace


INFO: [Common 17-3922] A valid Vivado Design Suite BASIC license has been detected. Your current license is active and will expire on 14-sep-2027.
#-----------------------------------------------------------
# Vivado v2026.1 (64-bit)
# SW Build 6511674 on Tue Jun 16 11:02:23 MDT 2026
# IP Build 6504888 on Tue Jun 09 09:05:25 MDT 2026
# SharedData Build 6501428 on Mon Jun 08 17:34:18 MDT 2026
# Start of session at: Fri Oct  2 00:45:12 2026
# Process ID         : 37952
# Current directory  : E:/Projects/FPGA-Alittle-Design/sim/build/hdmi-project/vision_hdmi.runs/impl_1
# Command line       : vivado.exe -log vision_wrapper.vdi -applog -product Vivado -messageDb vivado.pb -mode batch -source vision_wrapper.tcl -notrace
# Log file           : E:/Projects/FPGA-Alittle-Design/sim/build/hdmi-project/vision_hdmi.runs/impl_1/vision_wrapper.vdi
# Journal file       : E:/Projects/FPGA-Alittle-Design/sim/build/hdmi-project/vision_hdmi.runs/impl_1\vivado.jou
# Running On         : never-die-cold
# Platform           : Windows 11
# Operating System   : 26200
# Processor Detail   : Intel(R) Core(TM) Ultra 7 255HX
# CPU Frequency      : 2880 MHz
# CPU Physical cores : 20
# CPU Logical cores  : 20
# Host memory        : 16496 MB
# Swap memory        : 23622 MB
# Total Virtual      : 40119 MB
# Available Virtual  : 19900 MB
#-----------------------------------------------------------

****** Vivado v2026.1 (64-bit)
  **** SW Build 6511674 on Tue Jun 16 11:02:23 MDT 2026
  **** IP Build 6504888 on Tue Jun 09 09:05:25 MDT 2026
  **** SharedData Build 6501428 on Mon Jun 08 17:34:18 MDT 2026
  **** Start of session at: Fri Oct  2 00:45:12 2026
    ** Copyright 1986-2022 Xilinx, Inc. All Rights Reserved.
    ** Copyright 2022-2026 Advanced Micro Devices, Inc. All Rights Reserved.

source vision_wrapper.tcl -notrace
create_project: Time (s): cpu = 00:00:09 ; elapsed = 00:00:08 . Memory (MB): peak = 610.105 ; gain = 266.445
INFO: [IP_Flow 19-234] Refreshing IP repositories
INFO: [IP_Flow 19-1700] Loaded user IP repository 'e:/Projects/FPGA-Alittle-Design/sim/build/hdmi-library-full'.
INFO: [IP_Flow 19-2313] Loaded Vivado IP repository 'D:/Vivado_downloads/2026.1/Vivado/data/ip'.
Command: link_design -top vision_wrapper -part xc7z020clg400-1
Design is defaulting to srcset: sources_1
Design is defaulting to constrset: constrs_1
INFO: [Device 21-403] Loading part xc7z020clg400-1
INFO: [Project 1-5699] Read binary netlist with skipMacroContent - 1
INFO: [Project 1-454] Reading design checkpoint 'e:/Projects/FPGA-Alittle-Design/sim/build/hdmi-project/vision_hdmi.gen/sources_1/bd/vision/ip/vision_converter_0/vision_converter_0.dcp' for cell 'vision_i/converter'
INFO: [Project 1-454] Reading design checkpoint 'e:/Projects/FPGA-Alittle-Design/sim/build/hdmi-project/vision_hdmi.gen/sources_1/bd/vision/ip/vision_pipe_0/vision_pipe_0.dcp' for cell 'vision_i/pipe'
INFO: [Project 1-454] Reading design checkpoint 'e:/Projects/FPGA-Alittle-Design/sim/build/hdmi-project/vision_hdmi.gen/sources_1/bd/vision/ip/vision_ps7_0/vision_ps7_0.dcp' for cell 'vision_i/ps7'
INFO: [Project 1-454] Reading design checkpoint 'e:/Projects/FPGA-Alittle-Design/sim/build/hdmi-project/vision_hdmi.gen/sources_1/bd/vision/ip/vision_rx_0/vision_rx_0.dcp' for cell 'vision_i/rx'
INFO: [Project 1-454] Reading design checkpoint 'e:/Projects/FPGA-Alittle-Design/sim/build/hdmi-project/vision_hdmi.gen/sources_1/bd/vision/ip/vision_snapshot_ila_0/vision_snapshot_ila_0.dcp' for cell 'vision_i/snapshot_ila'
INFO: [Project 1-454] Reading design checkpoint 'e:/Projects/FPGA-Alittle-Design/sim/build/hdmi-project/vision_hdmi.gen/sources_1/bd/vision/ip/vision_tx_0/vision_tx_0.dcp' for cell 'vision_i/tx'
Netlist sorting complete. Time (s): cpu = 00:00:00 ; elapsed = 00:00:00.032 . Memory (MB): peak = 954.441 ; gain = 0.000
INFO: [Netlist 29-17] Analyzing 549 Unisim elements for replacement
INFO: [Netlist 29-28] Unisim Transformation completed in 0 CPU seconds
INFO: [Project 1-479] Netlist was created with Vivado 2026.1
INFO: [Project 1-570] Preparing netlist for logic optimization
INFO: [Chipscope 16-324] Core: vision_i/snapshot_ila UUID: b2c5fb84-5fa2-5084-a4d8-02446e002ac6 
Parsing XDC File [e:/Projects/FPGA-Alittle-Design/sim/build/hdmi-project/vision_hdmi.gen/sources_1/bd/vision/ip/vision_ps7_0/vision_ps7_0.xdc] for cell 'vision_i/ps7/inst'
Finished Parsing XDC File [e:/Projects/FPGA-Alittle-Design/sim/build/hdmi-project/vision_hdmi.gen/sources_1/bd/vision/ip/vision_ps7_0/vision_ps7_0.xdc] for cell 'vision_i/ps7/inst'
Parsing XDC File [e:/Projects/FPGA-Alittle-Design/sim/build/hdmi-project/vision_hdmi.gen/sources_1/bd/vision/ip/vision_rx_0/src/dvi2rgb.xdc] for cell 'vision_i/rx/U0'
Finished Parsing XDC File [e:/Projects/FPGA-Alittle-Design/sim/build/hdmi-project/vision_hdmi.gen/sources_1/bd/vision/ip/vision_rx_0/src/dvi2rgb.xdc] for cell 'vision_i/rx/U0'
Parsing XDC File [e:/Projects/FPGA-Alittle-Design/sim/build/hdmi-project/vision_hdmi.gen/sources_1/bd/vision/ip/vision_tx_0/src/rgb2dvi.xdc] for cell 'vision_i/tx/U0'
Finished Parsing XDC File [e:/Projects/FPGA-Alittle-Design/sim/build/hdmi-project/vision_hdmi.gen/sources_1/bd/vision/ip/vision_tx_0/src/rgb2dvi.xdc] for cell 'vision_i/tx/U0'
Parsing XDC File [e:/Projects/FPGA-Alittle-Design/sim/build/hdmi-project/vision_hdmi.gen/sources_1/bd/vision/ip/vision_snapshot_ila_0/ila_v6_2/constraints/ila_impl.xdc] for cell 'vision_i/snapshot_ila/inst'
WARNING: [Vivado_Tcl 4-921] Waiver ID 'CDC-10' -to list should not be empty. [e:/Projects/FPGA-Alittle-Design/sim/build/hdmi-project/vision_hdmi.gen/sources_1/bd/vision/ip/vision_snapshot_ila_0/ila_v6_2/constraints/ila_impl.xdc:31]
Finished Parsing XDC File [e:/Projects/FPGA-Alittle-Design/sim/build/hdmi-project/vision_hdmi.gen/sources_1/bd/vision/ip/vision_snapshot_ila_0/ila_v6_2/constraints/ila_impl.xdc] for cell 'vision_i/snapshot_ila/inst'
Parsing XDC File [e:/Projects/FPGA-Alittle-Design/sim/build/hdmi-project/vision_hdmi.gen/sources_1/bd/vision/ip/vision_snapshot_ila_0/ila_v6_2/constraints/ila.xdc] for cell 'vision_i/snapshot_ila/inst'
WARNING: [Vivado_Tcl 4-921] Waiver ID 'CDC-10' -to list should not be empty. [e:/Projects/FPGA-Alittle-Design/sim/build/hdmi-project/vision_hdmi.gen/sources_1/bd/vision/ip/vision_snapshot_ila_0/ila_v6_2/constraints/ila.xdc:108]
Finished Parsing XDC File [e:/Projects/FPGA-Alittle-Design/sim/build/hdmi-project/vision_hdmi.gen/sources_1/bd/vision/ip/vision_snapshot_ila_0/ila_v6_2/constraints/ila.xdc] for cell 'vision_i/snapshot_ila/inst'
Parsing XDC File [e:/Projects/FPGA-Alittle-Design/sim/build/hdmi-source/hdmi_pins.xdc]
Finished Parsing XDC File [e:/Projects/FPGA-Alittle-Design/sim/build/hdmi-source/hdmi_pins.xdc]
Parsing XDC File [e:/Projects/FPGA-Alittle-Design/sim/build/hdmi-project/vision_hdmi.gen/sources_1/bd/vision/ip/vision_tx_0/src/rgb2dvi_clocks.xdc] for cell 'vision_i/tx/U0'
Finished Parsing XDC File [e:/Projects/FPGA-Alittle-Design/sim/build/hdmi-project/vision_hdmi.gen/sources_1/bd/vision/ip/vision_tx_0/src/rgb2dvi_clocks.xdc] for cell 'vision_i/tx/U0'
Parsing XDC File [e:/Projects/FPGA-Alittle-Design/src/vision/config_cdc.xdc]
CRITICAL WARNING: [Designutils 20-1307] Command 'if' is not supported in the xdc constraint file. [e:/Projects/FPGA-Alittle-Design/src/vision/config_cdc.xdc:3]
CRITICAL WARNING: [Designutils 20-1307] Command 'if' is not supported in the xdc constraint file. [e:/Projects/FPGA-Alittle-Design/src/vision/config_cdc.xdc:7]
WARNING: [Constraints 18-402] set_max_delay: 'vision_i/pipe/inst/u_pipeline/u_vision/u_config/hold_id_reg[0]_i_1' is not a valid startpoint. [e:/Projects/FPGA-Alittle-Design/src/vision/config_cdc.xdc:8]
Resolution: A valid start point is a main or generated clock pin or port, a clock pin of a sequential cell, or a primary input or inout port. Please validate that all the objects returned by your query belong to this list.
WARNING: [Constraints 18-402] set_max_delay: 'vision_i/pipe/inst/u_pipeline/u_vision/u_config/hold_id_reg[12]_i_1' is not a valid startpoint. [e:/Projects/FPGA-Alittle-Design/src/vision/config_cdc.xdc:8]
Resolution: A valid start point is a main or generated clock pin or port, a clock pin of a sequential cell, or a primary input or inout port. Please validate that all the objects returned by your query belong to this list.
WARNING: [Constraints 18-402] set_max_delay: 'vision_i/pipe/inst/u_pipeline/u_vision/u_config/hold_id_reg[16]_i_1' is not a valid startpoint. [e:/Projects/FPGA-Alittle-Design/src/vision/config_cdc.xdc:8]
Resolution: A valid start point is a main or generated clock pin or port, a clock pin of a sequential cell, or a primary input or inout port. Please validate that all the objects returned by your query belong to this list.
WARNING: [Constraints 18-402] set_max_delay: 'vision_i/pipe/inst/u_pipeline/u_vision/u_config/hold_id_reg[20]_i_1' is not a valid startpoint. [e:/Projects/FPGA-Alittle-Design/src/vision/config_cdc.xdc:8]
Resolution: A valid start point is a main or generated clock pin or port, a clock pin of a sequential cell, or a primary input or inout port. Please validate that all the objects returned by your query belong to this list.
WARNING: [Constraints 18-402] set_max_delay: 'vision_i/pipe/inst/u_pipeline/u_vision/u_config/hold_id_reg[24]_i_1' is not a valid startpoint. [e:/Projects/FPGA-Alittle-Design/src/vision/config_cdc.xdc:8]
Resolution: A valid start point is a main or generated clock pin or port, a clock pin of a sequential cell, or a primary input or inout port. Please validate that all the objects returned by your query belong to this list.
WARNING: [Constraints 18-402] set_max_delay: 'vision_i/pipe/inst/u_pipeline/u_vision/u_config/hold_id_reg[28]_i_1' is not a valid startpoint. [e:/Projects/FPGA-Alittle-Design/src/vision/config_cdc.xdc:8]
Resolution: A valid start point is a main or generated clock pin or port, a clock pin of a sequential cell, or a primary input or inout port. Please validate that all the objects returned by your query belong to this list.
WARNING: [Constraints 18-402] set_max_delay: 'vision_i/pipe/inst/u_pipeline/u_vision/u_config/hold_id_reg[4]_i_1' is not a valid startpoint. [e:/Projects/FPGA-Alittle-Design/src/vision/config_cdc.xdc:8]
Resolution: A valid start point is a main or generated clock pin or port, a clock pin of a sequential cell, or a primary input or inout port. Please validate that all the objects returned by your query belong to this list.
WARNING: [Constraints 18-402] set_max_delay: 'vision_i/pipe/inst/u_pipeline/u_vision/u_config/hold_id_reg[8]_i_1' is not a valid startpoint. [e:/Projects/FPGA-Alittle-Design/src/vision/config_cdc.xdc:8]
Resolution: A valid start point is a main or generated clock pin or port, a clock pin of a sequential cell, or a primary input or inout port. Please validate that all the objects returned by your query belong to this list.
Finished Parsing XDC File [e:/Projects/FPGA-Alittle-Design/src/vision/config_cdc.xdc]
INFO: [Opt 31-138] Pushed 0 inverter(s) to 0 load pin(s).
INFO: [Project 1-1687] 2 scoped IP constraints or related sub-commands were skipped due to synthesis logic optimizations usually triggered by constant connectivity or unconnected output pins. To review the skipped constraints and messages, run the command 'set_param netlist.IPMsgFiltering false' before opening the design.
Netlist sorting complete. Time (s): cpu = 00:00:00 ; elapsed = 00:00:00.003 . Memory (MB): peak = 1125.641 ; gain = 0.000
INFO: [Project 1-111] Unisim Transformation Summary:
  A total of 92 instances were transformed.
  CFGLUT5 => CFGLUT5 (SRL16E, SRLC32E): 84 instances
  IOBUF => IOBUF (IBUF, OBUFT): 2 instances
  RAM32M => RAM32M (RAMD32(x6), RAMS32(x2)): 6 instances

19 Infos, 10 Warnings, 2 Critical Warnings and 0 Errors encountered.
link_design completed successfully
link_design: Time (s): cpu = 00:00:16 ; elapsed = 00:00:19 . Memory (MB): peak = 1125.641 ; gain = 428.105
Command: opt_design
Attempting to get a license for feature 'Vivado_Implementation' and/or device 'xc7z020'
INFO: [Common 17-349] Got license for feature 'Vivado_Implementation' and/or device 'xc7z020'
Running DRC as a precondition to command opt_design

Starting DRC Task
INFO: [DRC 23-27] Running DRC with 2 threads
INFO: [Project 1-461] DRC finished with 0 Errors
INFO: [Project 1-462] Please refer to the DRC report (report_drc) for more information.

Time (s): cpu = 00:00:00 ; elapsed = 00:00:00.673 . Memory (MB): peak = 1155.609 ; gain = 29.969

Starting Cache Timing Information Task
INFO: [Timing 38-35] Done setting XDC timing constraints.
INFO: [Timing 38-2] Deriving generated clocks
Ending Cache Timing Information Task | Checksum: 15d2577a8

Time (s): cpu = 00:00:07 ; elapsed = 00:00:07 . Memory (MB): peak = 1704.297 ; gain = 548.688

Starting Logic Optimization Task

Phase 1 Initialization

Phase 1.1 Core Generation And Design Setup

Phase 1.1.1 Generate And Synthesize Debug Cores
INFO: [Chipscope 16-329] Generating Script for core instance : dbg_hub 
INFO: [IP_Flow 19-3806] Processing IP xilinx.com:ip:xsdbm:3.0 for cell dbg_hub_CV.
Done building netlist checker database: Time (s): cpu = 00:00:00 ; elapsed = 00:00:00.007 . Memory (MB): peak = 2232.066 ; gain = 0.000
Netlist sorting complete. Time (s): cpu = 00:00:00 ; elapsed = 00:00:00.011 . Memory (MB): peak = 2232.066 ; gain = 0.000
Phase 1.1.1 Generate And Synthesize Debug Cores | Checksum: 18e4dc434

Time (s): cpu = 00:00:03 ; elapsed = 00:01:30 . Memory (MB): peak = 2232.066 ; gain = 20.824
Phase 1.1 Core Generation And Design Setup | Checksum: 18e4dc434

Time (s): cpu = 00:00:03 ; elapsed = 00:01:30 . Memory (MB): peak = 2232.066 ; gain = 20.824

Phase 1.2 Setup Constraints And Sort Netlist
Phase 1.2 Setup Constraints And Sort Netlist | Checksum: 18e4dc434

Time (s): cpu = 00:00:03 ; elapsed = 00:01:30 . Memory (MB): peak = 2232.066 ; gain = 20.824
Phase 1 Initialization | Checksum: 18e4dc434

Time (s): cpu = 00:00:03 ; elapsed = 00:01:30 . Memory (MB): peak = 2232.066 ; gain = 20.824

Phase 2 Timer Update And Timing Data Collection

Phase 2.1 Detect if minReqCache needed
Phase 2.1 Detect if minReqCache needed | Checksum: 18e4dc434

Time (s): cpu = 00:00:03 ; elapsed = 00:01:30 . Memory (MB): peak = 2232.066 ; gain = 20.824

Phase 2.2 Timer Update
Phase 2.2 Timer Update | Checksum: 18e4dc434

Time (s): cpu = 00:00:03 ; elapsed = 00:01:30 . Memory (MB): peak = 2232.066 ; gain = 20.824

Phase 2.3 Timing Data Collection
Phase 2.3 Timing Data Collection | Checksum: 18e4dc434

Time (s): cpu = 00:00:03 ; elapsed = 00:01:30 . Memory (MB): peak = 2232.066 ; gain = 20.824
Phase 2 Timer Update And Timing Data Collection | Checksum: 18e4dc434

Time (s): cpu = 00:00:03 ; elapsed = 00:01:30 . Memory (MB): peak = 2232.066 ; gain = 20.824

Phase 3 Retarget
INFO: [Opt 31-1851] Number of loadless carry chains removed were: 0
INFO: [Opt 31-1834] Total Chains To Be Transformed Were: 0 AND Number of Transformed insts Created are: 0
INFO: [Opt 31-1566] Pulled 3 inverters resulting in an inversion of 26 pins
INFO: [Opt 31-138] Pushed 1 inverter(s) to 1 load pin(s).
INFO: [Opt 31-49] Retargeted 0 cell(s).
Phase 3 Retarget | Checksum: 223b92b16

Time (s): cpu = 00:00:04 ; elapsed = 00:01:31 . Memory (MB): peak = 2232.066 ; gain = 20.824
Retarget | Checksum: 223b92b16
INFO: [Opt 31-389] Phase Retarget created 10 cells and removed 44 cells
INFO: [Opt 31-1021] In phase Retarget, 66 netlist objects are constrained preventing optimization. Please run opt_design with -debug_log to get more detail. 

Phase 4 Constant propagation
INFO: [Opt 31-138] Pushed 0 inverter(s) to 0 load pin(s).
Phase 4 Constant propagation | Checksum: 22aa736c8

Time (s): cpu = 00:00:04 ; elapsed = 00:01:31 . Memory (MB): peak = 2232.066 ; gain = 20.824
Constant propagation | Checksum: 22aa736c8
INFO: [Opt 31-389] Phase Constant propagation created 0 cells and removed 24 cells
INFO: [Opt 31-1021] In phase Constant propagation, 47 netlist objects are constrained preventing optimization. Please run opt_design with -debug_log to get more detail. 

Phase 5 Sweep
INFO: [Constraints 18-11670] Building netlist checker database with flags, 0x8
Done building netlist checker database: Time (s): cpu = 00:00:00 ; elapsed = 00:00:00.008 . Memory (MB): peak = 2232.066 ; gain = 0.000
INFO: [Constraints 18-11670] Building netlist checker database with flags, 0x8
Done building netlist checker database: Time (s): cpu = 00:00:00 ; elapsed = 00:00:00.005 . Memory (MB): peak = 2232.066 ; gain = 0.000
Phase 5 Sweep | Checksum: 15c5c53ef

Time (s): cpu = 00:00:04 ; elapsed = 00:01:31 . Memory (MB): peak = 2232.066 ; gain = 20.824
Sweep | Checksum: 15c5c53ef
INFO: [Opt 31-389] Phase Sweep created 0 cells and removed 166 cells
INFO: [Opt 31-1021] In phase Sweep, 964 netlist objects are constrained preventing optimization. Please run opt_design with -debug_log to get more detail. 

Phase 6 BUFG optimization
Phase 6 BUFG optimization | Checksum: 15c5c53ef

Time (s): cpu = 00:00:04 ; elapsed = 00:01:31 . Memory (MB): peak = 2232.066 ; gain = 20.824
BUFG optimization | Checksum: 15c5c53ef
INFO: [Opt 31-662] Phase BUFG optimization created 0 cells of which 0 are BUFGs and removed 0 cells.

Phase 7 Shift Register Optimization
INFO: [Opt 31-1064] SRL Remap converted 0 SRLs to 0 registers and converted 0 registers of register chains to 0 SRLs
Phase 7 Shift Register Optimization | Checksum: 15c5c53ef

Time (s): cpu = 00:00:04 ; elapsed = 00:01:31 . Memory (MB): peak = 2232.066 ; gain = 20.824
Shift Register Optimization | Checksum: 15c5c53ef
INFO: [Opt 31-389] Phase Shift Register Optimization created 0 cells and removed 0 cells

Phase 8 Post Processing Netlist
Phase 8 Post Processing Netlist | Checksum: 1d88d2878

Time (s): cpu = 00:00:04 ; elapsed = 00:01:31 . Memory (MB): peak = 2232.066 ; gain = 20.824
Post Processing Netlist | Checksum: 1d88d2878
INFO: [Opt 31-389] Phase Post Processing Netlist created 0 cells and removed 0 cells
INFO: [Opt 31-1021] In phase Post Processing Netlist, 57 netlist objects are constrained preventing optimization. Please run opt_design with -debug_log to get more detail. 

Phase 9 Finalization

Phase 9.1 Finalizing Design Cores and Updating Shapes
Phase 9.1 Finalizing Design Cores and Updating Shapes | Checksum: 1ca8246bc

Time (s): cpu = 00:00:04 ; elapsed = 00:01:32 . Memory (MB): peak = 2232.066 ; gain = 20.824

Phase 9.2 Verifying Netlist Connectivity

Starting Connectivity Check Task

Time (s): cpu = 00:00:00 ; elapsed = 00:00:00.040 . Memory (MB): peak = 2232.066 ; gain = 0.000
Phase 9.2 Verifying Netlist Connectivity | Checksum: 1ca8246bc

Time (s): cpu = 00:00:04 ; elapsed = 00:01:32 . Memory (MB): peak = 2232.066 ; gain = 20.824
Phase 9 Finalization | Checksum: 1ca8246bc

Time (s): cpu = 00:00:04 ; elapsed = 00:01:32 . Memory (MB): peak = 2232.066 ; gain = 20.824
Opt_design Change Summary
=========================


-------------------------------------------------------------------------------------------------------------------------
|  Phase                        |  #Cells created  |  #Cells Removed  |  #Constrained objects preventing optimizations  |
-------------------------------------------------------------------------------------------------------------------------
|  Retarget                     |              10  |              44  |                                             66  |
|  Constant propagation         |               0  |              24  |                                             47  |
|  Sweep                        |               0  |             166  |                                            964  |
|  BUFG optimization            |               0  |               0  |                                              0  |
|  Shift Register Optimization  |               0  |               0  |                                              0  |
|  Post Processing Netlist      |               0  |               0  |                                             57  |
-------------------------------------------------------------------------------------------------------------------------


Ending Logic Optimization Task | Checksum: 1ca8246bc

Time (s): cpu = 00:00:04 ; elapsed = 00:01:32 . Memory (MB): peak = 2232.066 ; gain = 20.824

Starting Power Optimization Task
INFO: [Pwropt 34-132] Skipping clock gating for clocks with a period < 2.00 ns.
INFO: [Timing 38-35] Done setting XDC timing constraints.
Running Vector-less Activity Propagation...
INFO: [Pwropt 34-9] Applying IDT optimizations ...
INFO: [Pwropt 34-10] Applying ODC optimizations ...

Finished Running Vector-less Activity Propagation


Starting PowerOpt Patch Enables Task
INFO: [Pwropt 34-162] WRITE_MODE attribute of 0 BRAM(s) out of a total of 47 has been updated to save power. Run report_power_opt to get a complete listing of the BRAMs updated.
INFO: [Pwropt 34-201] Structural ODC has moved 0 WE to EN ports
Number of BRAM Ports augmented: 35 newly gated: 20 Total Ports: 94
Number of Flops added for Enable Generation: 9

Ending PowerOpt Patch Enables Task | Checksum: 1f2121bf5

Time (s): cpu = 00:00:00 ; elapsed = 00:00:00.189 . Memory (MB): peak = 2232.066 ; gain = 0.000
Ending Power Optimization Task | Checksum: 1f2121bf5

Time (s): cpu = 00:00:06 ; elapsed = 00:00:05 . Memory (MB): peak = 2232.066 ; gain = 0.000

Starting Final Cleanup Task

Starting Logic Optimization Task
INFO: [Timing 38-35] Done setting XDC timing constraints.
Ending Logic Optimization Task | Checksum: 1b340080c

Time (s): cpu = 00:00:01 ; elapsed = 00:00:00.915 . Memory (MB): peak = 2237.781 ; gain = 5.715
Ending Final Cleanup Task | Checksum: 1b340080c

Time (s): cpu = 00:00:05 ; elapsed = 00:00:06 . Memory (MB): peak = 2237.781 ; gain = 5.715
Netlist sorting complete. Time (s): cpu = 00:00:00 ; elapsed = 00:00:00.006 . Memory (MB): peak = 2237.781 ; gain = 0.000
INFO: [Common 17-83] Releasing license: Vivado_Implementation
58 Infos, 10 Warnings, 2 Critical Warnings and 0 Errors encountered.
opt_design completed successfully
opt_design: Time (s): cpu = 00:00:26 ; elapsed = 00:01:54 . Memory (MB): peak = 2237.781 ; gain = 1112.141
INFO: [Vivado 12-24828] Executing command : report_drc -file vision_wrapper_drc_opted.rpt -pb vision_wrapper_drc_opted.pb -rpx vision_wrapper_drc_opted.rpx
Command: report_drc -file vision_wrapper_drc_opted.rpt -pb vision_wrapper_drc_opted.pb -rpx vision_wrapper_drc_opted.rpx
INFO: [IP_Flow 19-1839] IP Catalog is up to date.
INFO: [DRC 23-27] Running DRC with 2 threads
INFO: [Vivado_Tcl 2-168] The results of DRC are in file E:/Projects/FPGA-Alittle-Design/sim/build/hdmi-project/vision_hdmi.runs/impl_1/vision_wrapper_drc_opted.rpt.
report_drc completed successfully
INFO: [Timing 38-480] Writing timing data to binary archive.
Wrote PlaceDB: Time (s): cpu = 00:00:00 ; elapsed = 00:00:00.001 . Memory (MB): peak = 2237.781 ; gain = 0.000
Wrote PulsedLatchDB: Time (s): cpu = 00:00:00 ; elapsed = 00:00:00.001 . Memory (MB): peak = 2237.781 ; gain = 0.000
Writing XDEF routing.
Write ShapeDB Complete: Time (s): cpu = 00:00:00 ; elapsed = 00:00:00.023 . Memory (MB): peak = 2237.781 ; gain = 0.000
Writing XDEF routing logical nets.
Writing XDEF routing special nets.
Wrote RouteStorage: Time (s): cpu = 00:00:00 ; elapsed = 00:00:00.033 . Memory (MB): peak = 2237.781 ; gain = 0.000
Wrote PlaceStorage: Time (s): cpu = 00:00:00 ; elapsed = 00:00:00.011 . Memory (MB): peak = 2237.781 ; gain = 0.000
Wrote Netlist Cache: Time (s): cpu = 00:00:00 ; elapsed = 00:00:00.001 . Memory (MB): peak = 2237.781 ; gain = 0.000
Wrote Device Cache: Time (s): cpu = 00:00:00 ; elapsed = 00:00:00.008 . Memory (MB): peak = 2237.781 ; gain = 0.000
Write Physdb Complete: Time (s): cpu = 00:00:00 ; elapsed = 00:00:00.077 . Memory (MB): peak = 2237.781 ; gain = 0.000
INFO: [Common 17-1381] The checkpoint 'E:/Projects/FPGA-Alittle-Design/sim/build/hdmi-project/vision_hdmi.runs/impl_1/vision_wrapper_opt.dcp' has been generated.
INFO: [Chipscope 16-240] Debug cores have already been implemented
Command: place_design
Attempting to get a license for feature 'Vivado_Implementation' and/or device 'xc7z020'
INFO: [Common 17-349] Got license for feature 'Vivado_Implementation' and/or device 'xc7z020'
INFO: [Common 17-83] Releasing license: Vivado_Implementation
INFO: [Timing 38-35] Done setting XDC timing constraints.
Running DRC as a precondition to command place_design
INFO: [DRC 23-27] Running DRC with 2 threads
INFO: [Vivado_Tcl 4-198] DRC finished with 0 Errors, 42 Warnings
INFO: [Vivado_Tcl 4-199] Please refer to the DRC report (report_drc) for more information.
INFO: [Place 30-611] Multithreading enabled for place_design using a maximum of 2 CPUs

Starting Placer Task

Phase 1 Placer Initialization

Phase 1.1 Placer Initialization Netlist Sorting
Netlist sorting complete. Time (s): cpu = 00:00:00 ; elapsed = 00:00:00.004 . Memory (MB): peak = 2237.781 ; gain = 0.000
Phase 1.1 Placer Initialization Netlist Sorting | Checksum: 14d74ed89

Time (s): cpu = 00:00:00 ; elapsed = 00:00:00.014 . Memory (MB): peak = 2237.781 ; gain = 0.000
Netlist sorting complete. Time (s): cpu = 00:00:00 ; elapsed = 00:00:00.005 . Memory (MB): peak = 2237.781 ; gain = 0.000

Phase 1.2 IO Placement/ Clock Placement/ Build Placer Device
Phase 1.2 IO Placement/ Clock Placement/ Build Placer Device | Checksum: 12c47e706

Time (s): cpu = 00:00:01 ; elapsed = 00:00:01 . Memory (MB): peak = 2237.781 ; gain = 0.000

Phase 1.3 Build Placer Netlist Model
Phase 1.3 Build Placer Netlist Model | Checksum: 2025fe265

Time (s): cpu = 00:00:04 ; elapsed = 00:00:03 . Memory (MB): peak = 2237.781 ; gain = 0.000

Phase 1.4 Constrain Clocks/Macros
Phase 1.4 Constrain Clocks/Macros | Checksum: 2025fe265

Time (s): cpu = 00:00:04 ; elapsed = 00:00:03 . Memory (MB): peak = 2237.781 ; gain = 0.000
Phase 1 Placer Initialization | Checksum: 2025fe265

Time (s): cpu = 00:00:04 ; elapsed = 00:00:03 . Memory (MB): peak = 2237.781 ; gain = 0.000

Phase 2 Global Placement

Phase 2.1 Floorplanning
Phase 2.1 Floorplanning | Checksum: 23ce03f2d

Time (s): cpu = 00:00:06 ; elapsed = 00:00:04 . Memory (MB): peak = 2237.781 ; gain = 0.000

Phase 2.2 Update Timing before SLR Path Opt
Phase 2.2 Update Timing before SLR Path Opt | Checksum: 1db6cadfb

Time (s): cpu = 00:00:07 ; elapsed = 00:00:05 . Memory (MB): peak = 2237.781 ; gain = 0.000

Phase 2.3 Post-Processing in Floorplanning
Phase 2.3 Post-Processing in Floorplanning | Checksum: 1db6cadfb

Time (s): cpu = 00:00:07 ; elapsed = 00:00:05 . Memory (MB): peak = 2237.781 ; gain = 0.000

Phase 2.4 Global Place Phase1
Phase 2.4 Global Place Phase1 | Checksum: 2841ff835

Time (s): cpu = 00:00:14 ; elapsed = 00:00:10 . Memory (MB): peak = 2237.781 ; gain = 0.000

Phase 2.5 Global Place Phase2

Phase 2.5.1 UpdateTiming Before Physical Synthesis
Phase 2.5.1 UpdateTiming Before Physical Synthesis | Checksum: 27a336794

Time (s): cpu = 00:00:15 ; elapsed = 00:00:10 . Memory (MB): peak = 2237.781 ; gain = 0.000

Phase 2.5.2 Physical Synthesis In Placer
INFO: [Physopt 32-1035] Found 0 LUTNM shape to break, 290 LUT instances to create LUTNM shape
INFO: [Physopt 32-1044] Break lutnm for timing: one critical 0, two critical 0, total 0, new lutff created 0
INFO: [Physopt 32-1138] End 1 Pass. Optimized 127 nets or LUTs. Breaked 0 LUT, combined 127 existing LUTs and moved 0 existing LUT
INFO: [Physopt 32-65] No nets found for high-fanout optimization.
INFO: [Physopt 32-232] Optimized 0 net. Created 0 new instance.
INFO: [Physopt 32-775] End 1 Pass. Optimized 0 net or cell. Created 0 new cell, deleted 0 existing cell and moved 0 existing cell
INFO: [Physopt 32-670] No setup violation found.  DSP Register Optimization was not performed.
INFO: [Physopt 32-670] No setup violation found.  Shift Register to Pipeline Optimization was not performed.
INFO: [Physopt 32-670] No setup violation found.  Shift Register Optimization was not performed.
INFO: [Physopt 32-670] No setup violation found.  BRAM Register Optimization was not performed.
INFO: [Physopt 32-670] No setup violation found.  URAM Register Optimization was not performed.
INFO: [Physopt 32-949] No candidate nets found for dynamic/static region interface net replication
INFO: [Physopt 32-775] End 1 Pass. Optimized 0 net or cell. Created 0 new cell, deleted 0 existing cell and moved 0 existing cell
Netlist sorting complete. Time (s): cpu = 00:00:00 ; elapsed = 00:00:00.003 . Memory (MB): peak = 2237.781 ; gain = 0.000

Summary of Physical Synthesis Optimizations
============================================


-----------------------------------------------------------------------------------------------------------------------------------------------------------
|  Optimization                                     |  Added Cells  |  Removed Cells  |  Optimized Cells/Nets  |  Dont Touch  |  Iterations  |  Elapsed   |
-----------------------------------------------------------------------------------------------------------------------------------------------------------
|  LUT Combining                                    |            0  |            127  |                   127  |           0  |           1  |  00:00:00  |
|  Retime                                           |            0  |              0  |                     0  |           0  |           1  |  00:00:00  |
|  Very High Fanout                                 |            0  |              0  |                     0  |           0  |           1  |  00:00:00  |
|  DSP Register                                     |            0  |              0  |                     0  |           0  |           0  |  00:00:00  |
|  Shift Register to Pipeline                       |            0  |              0  |                     0  |           0  |           0  |  00:00:00  |
|  Shift Register                                   |            0  |              0  |                     0  |           0  |           0  |  00:00:00  |
|  BRAM Register                                    |            0  |              0  |                     0  |           0  |           0  |  00:00:00  |
|  URAM Register                                    |            0  |              0  |                     0  |           0  |           0  |  00:00:00  |
|  Dynamic/Static Region Interface Net Replication  |            0  |              0  |                     0  |           0  |           1  |  00:00:00  |
|  Total                                            |            0  |            127  |                   127  |           0  |           4  |  00:00:00  |
-----------------------------------------------------------------------------------------------------------------------------------------------------------


Phase 2.5.2 Physical Synthesis In Placer | Checksum: 1c19216de

Time (s): cpu = 00:00:16 ; elapsed = 00:00:11 . Memory (MB): peak = 2237.781 ; gain = 0.000
Phase 2.5 Global Place Phase2 | Checksum: 19bd813ee

Time (s): cpu = 00:00:17 ; elapsed = 00:00:12 . Memory (MB): peak = 2237.781 ; gain = 0.000
Phase 2 Global Placement | Checksum: 19bd813ee

Time (s): cpu = 00:00:17 ; elapsed = 00:00:12 . Memory (MB): peak = 2237.781 ; gain = 0.000

Phase 3 Detail Placement

Phase 3.1 Commit Multi Column Macros
Phase 3.1 Commit Multi Column Macros | Checksum: 1c58683b4

Time (s): cpu = 00:00:18 ; elapsed = 00:00:12 . Memory (MB): peak = 2237.781 ; gain = 0.000

Phase 3.2 Commit Most Macros & LUTRAMs
Phase 3.2 Commit Most Macros & LUTRAMs | Checksum: 1261ee1ee

Time (s): cpu = 00:00:19 ; elapsed = 00:00:13 . Memory (MB): peak = 2237.781 ; gain = 0.000

Phase 3.3 Area Swap Optimization
Phase 3.3 Area Swap Optimization | Checksum: 53c7e695

Time (s): cpu = 00:00:19 ; elapsed = 00:00:13 . Memory (MB): peak = 2237.781 ; gain = 0.000

Phase 3.4 Pipeline Register Optimization
Phase 3.4 Pipeline Register Optimization | Checksum: 60d2d7f3

Time (s): cpu = 00:00:19 ; elapsed = 00:00:13 . Memory (MB): peak = 2237.781 ; gain = 0.000

Phase 3.5 Fast Optimization
Phase 3.5 Fast Optimization | Checksum: 517efca1

Time (s): cpu = 00:00:22 ; elapsed = 00:00:15 . Memory (MB): peak = 2237.781 ; gain = 0.000

Phase 3.6 Small Shape Detail Placement
Phase 3.6 Small Shape Detail Placement | Checksum: da90949a

Time (s): cpu = 00:00:24 ; elapsed = 00:00:18 . Memory (MB): peak = 2237.781 ; gain = 0.000

Phase 3.7 Re-assign LUT pins
Phase 3.7 Re-assign LUT pins | Checksum: 9ff8675e

Time (s): cpu = 00:00:25 ; elapsed = 00:00:19 . Memory (MB): peak = 2237.781 ; gain = 0.000

Phase 3.8 Pipeline Register Optimization
Phase 3.8 Pipeline Register Optimization | Checksum: b4e97423

Time (s): cpu = 00:00:25 ; elapsed = 00:00:19 . Memory (MB): peak = 2237.781 ; gain = 0.000

Phase 3.9 Fast Optimization
Phase 3.9 Fast Optimization | Checksum: 10daeb39c

Time (s): cpu = 00:00:28 ; elapsed = 00:00:20 . Memory (MB): peak = 2237.781 ; gain = 0.000
Phase 3 Detail Placement | Checksum: 10daeb39c

Time (s): cpu = 00:00:28 ; elapsed = 00:00:20 . Memory (MB): peak = 2237.781 ; gain = 0.000

Phase 4 Post Placement Optimization and Clean-Up

Phase 4.1 Post Commit Optimization
INFO: [Timing 38-35] Done setting XDC timing constraints.

Phase 4.1.1 Post Placement Optimization
Post Placement Optimization Initialization | Checksum: e6223002

Phase 4.1.1.1 BUFG Insertion

Starting Physical Synthesis Task

Phase 1 Physical Synthesis Initialization
INFO: [Physopt 32-721] Multithreading enabled for phys_opt_design using a maximum of 2 CPUs
INFO: [Physopt 32-619] Estimated Timing Summary | WNS=0.886 | TNS=0.000 |
Phase 1 Physical Synthesis Initialization | Checksum: 110523749

Time (s): cpu = 00:00:01 ; elapsed = 00:00:00.157 . Memory (MB): peak = 2237.781 ; gain = 0.000
INFO: [Place 46-56] BUFG insertion identified 0 candidate nets. Inserted BUFG: 0, Replicated BUFG Driver: 0, Skipped due to Placement/Routing Conflicts: 0, Skipped due to Timing Degradation: 0, Skipped due to netlist editing failed: 0.
Ending Physical Synthesis Task | Checksum: 11d6b0e2e

Time (s): cpu = 00:00:01 ; elapsed = 00:00:00.177 . Memory (MB): peak = 2237.781 ; gain = 0.000
Phase 4.1.1.1 BUFG Insertion | Checksum: e6223002

Time (s): cpu = 00:00:31 ; elapsed = 00:00:22 . Memory (MB): peak = 2237.781 ; gain = 0.000

Phase 4.1.1.2 Post Placement Timing Optimization
INFO: [Place 30-746] Post Placement Timing Summary WNS=0.886. For the most accurate timing information please run report_timing.
Phase 4.1.1.2 Post Placement Timing Optimization | Checksum: fe0ba44e

Time (s): cpu = 00:00:31 ; elapsed = 00:00:22 . Memory (MB): peak = 2237.781 ; gain = 0.000

Time (s): cpu = 00:00:31 ; elapsed = 00:00:22 . Memory (MB): peak = 2237.781 ; gain = 0.000
Phase 4.1 Post Commit Optimization | Checksum: fe0ba44e

Time (s): cpu = 00:00:31 ; elapsed = 00:00:22 . Memory (MB): peak = 2237.781 ; gain = 0.000

Phase 4.2 Post Placement Cleanup
Phase 4.2 Post Placement Cleanup | Checksum: fe0ba44e

Time (s): cpu = 00:00:31 ; elapsed = 00:00:22 . Memory (MB): peak = 2237.781 ; gain = 0.000

Phase 4.3 Placer Reporting

Phase 4.3.1 Print Estimated Congestion
INFO: [Place 30-612] Post-Placement Estimated Congestion 
 ____________________________________________________
|           | Global Congestion | Short Congestion  |
| Direction | Region Size       | Region Size       |
|___________|___________________|___________________|
|      North|                1x1|                1x1|
|___________|___________________|___________________|
|      South|                1x1|                1x1|
|___________|___________________|___________________|
|       East|                1x1|                1x1|
|___________|___________________|___________________|
|       West|                1x1|                1x1|
|___________|___________________|___________________|

Phase 4.3.1 Print Estimated Congestion | Checksum: fe0ba44e

Time (s): cpu = 00:00:31 ; elapsed = 00:00:22 . Memory (MB): peak = 2237.781 ; gain = 0.000
Phase 4.3 Placer Reporting | Checksum: fe0ba44e

Time (s): cpu = 00:00:31 ; elapsed = 00:00:22 . Memory (MB): peak = 2237.781 ; gain = 0.000

Phase 4.4 Final Placement Cleanup
Netlist sorting complete. Time (s): cpu = 00:00:00 ; elapsed = 00:00:00.004 . Memory (MB): peak = 2237.781 ; gain = 0.000

Time (s): cpu = 00:00:31 ; elapsed = 00:00:22 . Memory (MB): peak = 2237.781 ; gain = 0.000
Phase 4 Post Placement Optimization and Clean-Up | Checksum: 223154212

Time (s): cpu = 00:00:31 ; elapsed = 00:00:22 . Memory (MB): peak = 2237.781 ; gain = 0.000
Ending Placer Task | Checksum: 1dca9916f

Time (s): cpu = 00:00:31 ; elapsed = 00:00:22 . Memory (MB): peak = 2237.781 ; gain = 0.000
91 Infos, 10 Warnings, 2 Critical Warnings and 0 Errors encountered.
place_design completed successfully
place_design: Time (s): cpu = 00:00:33 ; elapsed = 00:00:25 . Memory (MB): peak = 2237.781 ; gain = 0.000
INFO: [Vivado 12-24838] Running report commands "report_control_sets, report_io, report_utilization" in parallel.
Running report generation with 2 threads.
INFO: [Vivado 12-24828] Executing command : report_io -file vision_wrapper_io_placed.rpt
report_io: Time (s): cpu = 00:00:00 ; elapsed = 00:00:00.134 . Memory (MB): peak = 2237.781 ; gain = 0.000
INFO: [Vivado 12-24828] Executing command : report_control_sets -verbose -file vision_wrapper_control_sets_placed.rpt
report_control_sets: Time (s): cpu = 00:00:00 ; elapsed = 00:00:00.034 . Memory (MB): peak = 2237.781 ; gain = 0.000
INFO: [Vivado 12-24828] Executing command : report_utilization -file vision_wrapper_utilization_placed.rpt -pb vision_wrapper_utilization_placed.pb
INFO: [Timing 38-480] Writing timing data to binary archive.
Wrote PlaceDB: Time (s): cpu = 00:00:00 ; elapsed = 00:00:00 . Memory (MB): peak = 2237.781 ; gain = 0.000
Wrote PulsedLatchDB: Time (s): cpu = 00:00:00 ; elapsed = 00:00:00 . Memory (MB): peak = 2237.781 ; gain = 0.000
Writing XDEF routing.
Writing XDEF routing logical nets.
Writing XDEF routing special nets.
Wrote RouteStorage: Time (s): cpu = 00:00:01 ; elapsed = 00:00:00.025 . Memory (MB): peak = 2237.781 ; gain = 0.000
Write ShapeDB Complete: Time (s): cpu = 00:00:01 ; elapsed = 00:00:00.032 . Memory (MB): peak = 2237.781 ; gain = 0.000
Wrote PlaceStorage: Time (s): cpu = 00:00:00 ; elapsed = 00:00:00.250 . Memory (MB): peak = 2237.781 ; gain = 0.000
Wrote Netlist Cache: Time (s): cpu = 00:00:00 ; elapsed = 00:00:00.008 . Memory (MB): peak = 2237.781 ; gain = 0.000
Wrote Device Cache: Time (s): cpu = 00:00:00 ; elapsed = 00:00:00.007 . Memory (MB): peak = 2237.781 ; gain = 0.000
Write Physdb Complete: Time (s): cpu = 00:00:01 ; elapsed = 00:00:00.302 . Memory (MB): peak = 2237.781 ; gain = 0.000
INFO: [Common 17-1381] The checkpoint 'E:/Projects/FPGA-Alittle-Design/sim/build/hdmi-project/vision_hdmi.runs/impl_1/vision_wrapper_placed.dcp' has been generated.
Command: phys_opt_design
Attempting to get a license for feature 'Vivado_Implementation' and/or device 'xc7z020'
INFO: [Common 17-349] Got license for feature 'Vivado_Implementation' and/or device 'xc7z020'

Starting Initial Update Timing Task

Time (s): cpu = 00:00:02 ; elapsed = 00:00:01 . Memory (MB): peak = 2237.781 ; gain = 0.000
INFO: [Vivado_Tcl 4-2279] Estimated Timing Summary | WNS= 0.886 | TNS= 0.000 | 
INFO: [Vivado_Tcl 4-383] Design worst setup slack (WNS) is greater than or equal to 0.000 ns. All physical synthesis setup optimizations will be skipped.
INFO: [Vivado_Tcl 4-232] No setup violation found. The netlist was not modified.
INFO: [Common 17-83] Releasing license: Vivado_Implementation
102 Infos, 10 Warnings, 2 Critical Warnings and 0 Errors encountered.
phys_opt_design completed successfully
INFO: [Timing 38-480] Writing timing data to binary archive.
Wrote PlaceDB: Time (s): cpu = 00:00:00 ; elapsed = 00:00:00 . Memory (MB): peak = 2237.781 ; gain = 0.000
Wrote PulsedLatchDB: Time (s): cpu = 00:00:00 ; elapsed = 00:00:00 . Memory (MB): peak = 2237.781 ; gain = 0.000
Writing XDEF routing.
Writing XDEF routing logical nets.
Write ShapeDB Complete: Time (s): cpu = 00:00:00 ; elapsed = 00:00:00.028 . Memory (MB): peak = 2237.781 ; gain = 0.000
Writing XDEF routing special nets.
Wrote RouteStorage: Time (s): cpu = 00:00:00 ; elapsed = 00:00:00.028 . Memory (MB): peak = 2237.781 ; gain = 0.000
Wrote PlaceStorage: Time (s): cpu = 00:00:01 ; elapsed = 00:00:00.227 . Memory (MB): peak = 2237.781 ; gain = 0.000
Wrote Netlist Cache: Time (s): cpu = 00:00:00 ; elapsed = 00:00:00.011 . Memory (MB): peak = 2237.781 ; gain = 0.000
Wrote Device Cache: Time (s): cpu = 00:00:00 ; elapsed = 00:00:00.010 . Memory (MB): peak = 2237.781 ; gain = 0.000
Write Physdb Complete: Time (s): cpu = 00:00:01 ; elapsed = 00:00:00.291 . Memory (MB): peak = 2237.781 ; gain = 0.000
INFO: [Common 17-1381] The checkpoint 'E:/Projects/FPGA-Alittle-Design/sim/build/hdmi-project/vision_hdmi.runs/impl_1/vision_wrapper_physopt.dcp' has been generated.
Command: route_design
Attempting to get a license for feature 'Vivado_Implementation' and/or device 'xc7z020'
INFO: [Common 17-349] Got license for feature 'Vivado_Implementation' and/or device 'xc7z020'


Starting Routing Task
INFO: [Route 35-254] Multithreading enabled for route_design using a maximum of 2 CPUs

Phase 1 Build RT Design
Checksum: PlaceDB: cd8aaa76 ConstDB: 0 ShapeSum: f9257409 RouteDB: 15f972f0
Post Restoration Checksum: NetGraph: 97611dfa | NumContArr: 4d7444c3 | Constraints: c2a8fa9d | Timing: c2a8fa9d
Phase 1 Build RT Design | Checksum: 26a2757f7

Time (s): cpu = 00:00:22 ; elapsed = 00:00:21 . Memory (MB): peak = 2237.781 ; gain = 0.000

Phase 2 Router Initialization

Phase 2.1 Fix Topology Constraints
Phase 2.1 Fix Topology Constraints | Checksum: 26a2757f7

Time (s): cpu = 00:00:22 ; elapsed = 00:00:21 . Memory (MB): peak = 2237.781 ; gain = 0.000

Phase 2.2 Pre Route Cleanup
Phase 2.2 Pre Route Cleanup | Checksum: 26a2757f7

Time (s): cpu = 00:00:22 ; elapsed = 00:00:21 . Memory (MB): peak = 2237.781 ; gain = 0.000
 Number of Nodes with overlaps = 0

Phase 2.3 Update Timing
Phase 2.3 Update Timing | Checksum: 1c983b9a2

Time (s): cpu = 00:00:25 ; elapsed = 00:00:23 . Memory (MB): peak = 2237.781 ; gain = 0.000
INFO: [Route 35-416] Intermediate Timing Summary | WNS=0.970  | TNS=0.000  | WHS=-0.751 | THS=-147.638|


Phase 2.4 Update Timing for Bus Skew

Phase 2.4.1 Update Timing
Phase 2.4.1 Update Timing | Checksum: 1fb19f30b

Time (s): cpu = 00:00:27 ; elapsed = 00:00:25 . Memory (MB): peak = 2237.781 ; gain = 0.000
INFO: [Route 35-416] Intermediate Timing Summary | WNS=0.970  | TNS=0.000  | WHS=-1.519 | THS=-43.566|

Phase 2.4 Update Timing for Bus Skew | Checksum: 22593775c

Time (s): cpu = 00:00:28 ; elapsed = 00:00:25 . Memory (MB): peak = 2237.781 ; gain = 0.000

Phase 2.5 Soft Constraint Pins - Fast Budgeting
Phase 2.5 Soft Constraint Pins - Fast Budgeting | Checksum: 22593775c

Time (s): cpu = 00:00:28 ; elapsed = 00:00:25 . Memory (MB): peak = 2237.781 ; gain = 0.000

Router Utilization Summary
  Global Vertical Routing Utilization    = 0.00367609 %
  Global Horizontal Routing Utilization  = 0.00126775 %
  Routable Net Status*
  *Does not include unroutable nets such as driverless and loadless.
  Run report_route_status for detailed report.
  Number of Failed Nets               = 8571
    (Failed Nets is the sum of unrouted and partially routed nets)
  Number of Unrouted Nets             = 8571
  Number of Partially Routed Nets     = 0
  Number of Node Overlaps             = 0

Phase 2 Router Initialization | Checksum: 2499e43c3

Time (s): cpu = 00:00:28 ; elapsed = 00:00:25 . Memory (MB): peak = 2237.781 ; gain = 0.000

Phase 3 Global Routing
Phase 3 Global Routing | Checksum: 2499e43c3

Time (s): cpu = 00:00:28 ; elapsed = 00:00:25 . Memory (MB): peak = 2237.781 ; gain = 0.000

Phase 4 Initial Routing

Phase 4.1 Initial Net Routing Pass
Phase 4.1 Initial Net Routing Pass | Checksum: 2e16bdc55

Time (s): cpu = 00:00:32 ; elapsed = 00:00:28 . Memory (MB): peak = 2237.781 ; gain = 0.000
Phase 4 Initial Routing | Checksum: 2e16bdc55

Time (s): cpu = 00:00:32 ; elapsed = 00:00:28 . Memory (MB): peak = 2237.781 ; gain = 0.000

Phase 5 Rip-up And Reroute

Phase 5.1 Global Iteration 0
 Number of Nodes with overlaps = 858
 Number of Nodes with overlaps = 99
 Number of Nodes with overlaps = 19
 Number of Nodes with overlaps = 3
 Number of Nodes with overlaps = 1
 Number of Nodes with overlaps = 1
 Number of Nodes with overlaps = 0
INFO: [Route 35-416] Intermediate Timing Summary | WNS=0.613  | TNS=0.000  | WHS=N/A    | THS=N/A    |

Phase 5.1 Global Iteration 0 | Checksum: 1dba00ac6

Time (s): cpu = 00:00:36 ; elapsed = 00:00:31 . Memory (MB): peak = 2237.781 ; gain = 0.000

Phase 5.2 Global Iteration 1
 Number of Nodes with overlaps = 1
 Number of Nodes with overlaps = 0
INFO: [Route 35-416] Intermediate Timing Summary | WNS=0.613  | TNS=0.000  | WHS=N/A    | THS=N/A    |

Phase 5.2 Global Iteration 1 | Checksum: 2b3f9969f

Time (s): cpu = 00:00:37 ; elapsed = 00:00:31 . Memory (MB): peak = 2237.781 ; gain = 0.000
Phase 5 Rip-up And Reroute | Checksum: 2b3f9969f

Time (s): cpu = 00:00:37 ; elapsed = 00:00:31 . Memory (MB): peak = 2237.781 ; gain = 0.000

Phase 6 Delay and Skew Optimization

Phase 6.1 Delay CleanUp
Phase 6.1 Delay CleanUp | Checksum: 2b3f9969f

Time (s): cpu = 00:00:37 ; elapsed = 00:00:31 . Memory (MB): peak = 2237.781 ; gain = 0.000

Phase 6.2 Clock Skew Optimization
Phase 6.2 Clock Skew Optimization | Checksum: 2b3f9969f

Time (s): cpu = 00:00:37 ; elapsed = 00:00:31 . Memory (MB): peak = 2237.781 ; gain = 0.000
Phase 6 Delay and Skew Optimization | Checksum: 2b3f9969f

Time (s): cpu = 00:00:37 ; elapsed = 00:00:31 . Memory (MB): peak = 2237.781 ; gain = 0.000

Phase 7 Post Hold Fix

Phase 7.1 Hold Fix Iter
INFO: [Route 35-416] Intermediate Timing Summary | WNS=0.727  | TNS=0.000  | WHS=-0.038 | THS=-0.063 |

Phase 7.1 Hold Fix Iter | Checksum: 26e101ad3

Time (s): cpu = 00:00:37 ; elapsed = 00:00:32 . Memory (MB): peak = 2237.781 ; gain = 0.000

Phase 7.2 Non Free Resource Hold Fix Iter
Phase 7.2 Non Free Resource Hold Fix Iter | Checksum: 263832f1b

Time (s): cpu = 00:00:37 ; elapsed = 00:00:32 . Memory (MB): peak = 2237.781 ; gain = 0.000
Phase 7 Post Hold Fix | Checksum: 263832f1b

Time (s): cpu = 00:00:37 ; elapsed = 00:00:32 . Memory (MB): peak = 2237.781 ; gain = 0.000

Phase 8 Route finalize

Router Utilization Summary
  Global Vertical Routing Utilization    = 1.50129 %
  Global Horizontal Routing Utilization  = 1.79555 %
  Routable Net Status*
  *Does not include unroutable nets such as driverless and loadless.
  Run report_route_status for detailed report.
  Number of Failed Nets               = 0
    (Failed Nets is the sum of unrouted and partially routed nets)
  Number of Unrouted Nets             = 0
  Number of Partially Routed Nets     = 0
  Number of Node Overlaps             = 0

Phase 8 Route finalize | Checksum: 263832f1b

Time (s): cpu = 00:00:37 ; elapsed = 00:00:32 . Memory (MB): peak = 2237.781 ; gain = 0.000

Phase 9 Verifying routed nets

 Verification completed successfully
Phase 9 Verifying routed nets | Checksum: 263832f1b

Time (s): cpu = 00:00:37 ; elapsed = 00:00:32 . Memory (MB): peak = 2237.781 ; gain = 0.000

Phase 10 Depositing Routes
Phase 10 Depositing Routes | Checksum: 207c101fa

Time (s): cpu = 00:00:38 ; elapsed = 00:00:33 . Memory (MB): peak = 2237.781 ; gain = 0.000

Phase 11 Post Process Routing
Phase 11 Post Process Routing | Checksum: 207c101fa

Time (s): cpu = 00:00:38 ; elapsed = 00:00:33 . Memory (MB): peak = 2237.781 ; gain = 0.000

Phase 12 Post Router Timing

Phase 12.1 Update Timing
Phase 12.1 Update Timing | Checksum: 207c101fa

Time (s): cpu = 00:00:39 ; elapsed = 00:00:33 . Memory (MB): peak = 2237.781 ; gain = 0.000
INFO: [Route 35-57] Estimated Timing Summary | WNS=0.727  | TNS=0.000  | WHS=0.050  | THS=0.000  |

INFO: [Route 35-327] The final timing numbers are based on the router estimated timing analysis. For a complete and accurate timing signoff, please run report_timing_summary.
Phase 12 Post Router Timing | Checksum: 207c101fa

Time (s): cpu = 00:00:39 ; elapsed = 00:00:33 . Memory (MB): peak = 2237.781 ; gain = 0.000
Total Elapsed time in route_design: 32.842 secs

Phase 13 Post-Route Event Processing
Phase 13 Post-Route Event Processing | Checksum: 1e1fde031

Time (s): cpu = 00:00:39 ; elapsed = 00:00:33 . Memory (MB): peak = 2237.781 ; gain = 0.000
INFO: [Route 35-16] Router Completed Successfully
Ending Routing Task | Checksum: 1e1fde031

Time (s): cpu = 00:00:39 ; elapsed = 00:00:33 . Memory (MB): peak = 2237.781 ; gain = 0.000

Routing Is Done.
INFO: [Common 17-83] Releasing license: Vivado_Implementation
115 Infos, 10 Warnings, 2 Critical Warnings and 0 Errors encountered.
route_design completed successfully
route_design: Time (s): cpu = 00:00:39 ; elapsed = 00:00:33 . Memory (MB): peak = 2237.781 ; gain = 0.000
INFO: [Vivado 12-24828] Executing command : report_drc -file vision_wrapper_drc_routed.rpt -pb vision_wrapper_drc_routed.pb -rpx vision_wrapper_drc_routed.rpx
Command: report_drc -file vision_wrapper_drc_routed.rpt -pb vision_wrapper_drc_routed.pb -rpx vision_wrapper_drc_routed.rpx
INFO: [IP_Flow 19-1839] IP Catalog is up to date.
INFO: [DRC 23-27] Running DRC with 2 threads
INFO: [Vivado_Tcl 2-168] The results of DRC are in file E:/Projects/FPGA-Alittle-Design/sim/build/hdmi-project/vision_hdmi.runs/impl_1/vision_wrapper_drc_routed.rpt.
report_drc completed successfully
INFO: [Vivado 12-24828] Executing command : report_methodology -file vision_wrapper_methodology_drc_routed.rpt -pb vision_wrapper_methodology_drc_routed.pb -rpx vision_wrapper_methodology_drc_routed.rpx
Command: report_methodology -file vision_wrapper_methodology_drc_routed.rpt -pb vision_wrapper_methodology_drc_routed.pb -rpx vision_wrapper_methodology_drc_routed.rpx
INFO: [Timing 38-35] Done setting XDC timing constraints.
INFO: [DRC 23-133] Running Methodology with 2 threads
INFO: [Vivado_Tcl 2-1520] The results of Report Methodology are in file E:/Projects/FPGA-Alittle-Design/sim/build/hdmi-project/vision_hdmi.runs/impl_1/vision_wrapper_methodology_drc_routed.rpt.
report_methodology completed successfully
INFO: [Vivado 12-24828] Executing command : report_timing_summary -max_paths 10 -routable_nets -report_unconstrained -file vision_wrapper_timing_summary_routed.rpt -pb vision_wrapper_timing_summary_routed.pb -rpx vision_wrapper_timing_summary_routed.rpx -warn_on_violation 
INFO: [Timing 38-35] Done setting XDC timing constraints.
INFO: [Timing 38-91] UpdateTimingParams: Speed grade: -1, Delay Type: min_max.
INFO: [Timing 38-191] Multithreading enabled for timing update using a maximum of 2 CPUs
WARNING: [Timing 38-436] There are set_bus_skew constraint(s) in this design. Please run report_bus_skew to ensure that bus skew requirements are met.
INFO: [Vivado 12-24838] Running report commands "report_incremental_reuse, report_route_status" in parallel.
Running report generation with 2 threads.
INFO: [Vivado 12-24828] Executing command : report_incremental_reuse -file vision_wrapper_incremental_reuse_routed.rpt
INFO: [Vivado_Tcl 4-1062] Incremental flow is disabled. No incremental reuse Info to report.
INFO: [Vivado 12-24828] Executing command : report_route_status -file vision_wrapper_route_status.rpt -pb vision_wrapper_route_status.pb
INFO: [Vivado 12-24828] Executing command : report_power -file vision_wrapper_power_routed.rpt -pb vision_wrapper_power_summary_routed.pb -rpx vision_wrapper_power_routed.rpx
Command: report_power -file vision_wrapper_power_routed.rpt -pb vision_wrapper_power_summary_routed.pb -rpx vision_wrapper_power_routed.rpx
Running Vector-less Activity Propagation...

Finished Running Vector-less Activity Propagation
WARNING: [Power 33-332] Found switching activity that implies high-fanout reset nets being asserted for excessive periods of time which may result in inaccurate power analysis.
Resolution: To review and fix problems, please run Power Constraints Advisor in the GUI from Tools > Power Constraints Advisor or run report_power with the -advisory option to generate a text report.
132 Infos, 12 Warnings, 2 Critical Warnings and 0 Errors encountered.
report_power completed successfully
INFO: [Vivado 12-24828] Executing command : report_clock_utilization -file vision_wrapper_clock_utilization_routed.rpt
INFO: [Vivado 12-24828] Executing command : report_bus_skew -warn_on_violation -file vision_wrapper_bus_skew_routed.rpt -pb vision_wrapper_bus_skew_routed.pb -rpx vision_wrapper_bus_skew_routed.rpx
INFO: [Timing 38-91] UpdateTimingParams: Speed grade: -1, Delay Type: min_max.
INFO: [Timing 38-191] Multithreading enabled for timing update using a maximum of 2 CPUs
generate_parallel_reports: Time (s): cpu = 00:00:14 ; elapsed = 00:00:10 . Memory (MB): peak = 2237.781 ; gain = 0.000
INFO: [Timing 38-480] Writing timing data to binary archive.
Wrote PlaceDB: Time (s): cpu = 00:00:00 ; elapsed = 00:00:00 . Memory (MB): peak = 2237.781 ; gain = 0.000
Wrote PulsedLatchDB: Time (s): cpu = 00:00:00 ; elapsed = 00:00:00 . Memory (MB): peak = 2237.781 ; gain = 0.000
Writing XDEF routing.
Writing XDEF routing logical nets.
Write ShapeDB Complete: Time (s): cpu = 00:00:00 ; elapsed = 00:00:00.030 . Memory (MB): peak = 2237.781 ; gain = 0.000
Writing XDEF routing special nets.
Wrote RouteStorage: Time (s): cpu = 00:00:00 ; elapsed = 00:00:00.125 . Memory (MB): peak = 2237.781 ; gain = 0.000
Wrote PlaceStorage: Time (s): cpu = 00:00:01 ; elapsed = 00:00:00.318 . Memory (MB): peak = 2237.781 ; gain = 0.000
Wrote Netlist Cache: Time (s): cpu = 00:00:00 ; elapsed = 00:00:00.010 . Memory (MB): peak = 2237.781 ; gain = 0.000
Wrote Device Cache: Time (s): cpu = 00:00:00 ; elapsed = 00:00:00.009 . Memory (MB): peak = 2237.781 ; gain = 0.000
Write Physdb Complete: Time (s): cpu = 00:00:01 ; elapsed = 00:00:00.482 . Memory (MB): peak = 2237.781 ; gain = 0.000
INFO: [Common 17-1381] The checkpoint 'E:/Projects/FPGA-Alittle-Design/sim/build/hdmi-project/vision_hdmi.runs/impl_1/vision_wrapper_routed.dcp' has been generated.
INFO: [Common 17-206] Exiting Vivado at Fri Oct  2 00:49:01 2026...

*** Running vivado
    with args -log vision_wrapper.vdi -applog -m64 -product Vivado -messageDb vivado.pb -mode batch -source vision_wrapper.tcl -notrace


INFO: [Common 17-3922] A valid Vivado Design Suite BASIC license has been detected. Your current license is active and will expire on 14-sep-2027.
#-----------------------------------------------------------
# Vivado v2026.1 (64-bit)
# SW Build 6511674 on Tue Jun 16 11:02:23 MDT 2026
# IP Build 6504888 on Tue Jun 09 09:05:25 MDT 2026
# SharedData Build 6501428 on Mon Jun 08 17:34:18 MDT 2026
# Start of session at: Fri Oct  2 01:17:02 2026
# Process ID         : 35712
# Current directory  : E:/Projects/FPGA-Alittle-Design/sim/build/hdmi-project/vision_hdmi.runs/impl_1
# Command line       : vivado.exe -log vision_wrapper.vdi -applog -product Vivado -messageDb vivado.pb -mode batch -source vision_wrapper.tcl -notrace
# Log file           : E:/Projects/FPGA-Alittle-Design/sim/build/hdmi-project/vision_hdmi.runs/impl_1/vision_wrapper.vdi
# Journal file       : E:/Projects/FPGA-Alittle-Design/sim/build/hdmi-project/vision_hdmi.runs/impl_1\vivado.jou
# Running On         : never-die-cold
# Platform           : Windows 11
# Operating System   : 26200
# Processor Detail   : Intel(R) Core(TM) Ultra 7 255HX
# CPU Frequency      : 2880 MHz
# CPU Physical cores : 20
# CPU Logical cores  : 20
# Host memory        : 16496 MB
# Swap memory        : 23622 MB
# Total Virtual      : 40119 MB
# Available Virtual  : 23095 MB
#-----------------------------------------------------------

****** Vivado v2026.1 (64-bit)
  **** SW Build 6511674 on Tue Jun 16 11:02:23 MDT 2026
  **** IP Build 6504888 on Tue Jun 09 09:05:25 MDT 2026
  **** SharedData Build 6501428 on Mon Jun 08 17:34:18 MDT 2026
  **** Start of session at: Fri Oct  2 01:17:02 2026
    ** Copyright 1986-2022 Xilinx, Inc. All Rights Reserved.
    ** Copyright 2022-2026 Advanced Micro Devices, Inc. All Rights Reserved.

source vision_wrapper.tcl -notrace
Command: open_checkpoint vision_wrapper_routed.dcp
INFO: [Device 21-403] Loading part xc7z020clg400-1
Netlist sorting complete. Time (s): cpu = 00:00:00 ; elapsed = 00:00:00.050 . Memory (MB): peak = 877.840 ; gain = 0.000
INFO: [Netlist 29-17] Analyzing 567 Unisim elements for replacement
INFO: [Netlist 29-28] Unisim Transformation completed in 1 CPU seconds
INFO: [Project 1-479] Netlist was created with Vivado 2026.1
INFO: [Project 1-570] Preparing netlist for logic optimization
Read ShapeDB Complete: Time (s): cpu = 00:00:00 ; elapsed = 00:00:00.030 . Memory (MB): peak = 1001.312 ; gain = 0.781
INFO: [Timing 38-478] Restoring timing data from binary archive.
INFO: [Timing 38-479] Binary timing data restore complete.
INFO: [Project 1-856] Restoring constraints from binary archive.
INFO: [Project 1-853] Binary constraint restore complete.
INFO: [Designutils 20-5722] Start Reading Physical Databases.
Reading placement.
Read Netlist Cache: Time (s): cpu = 00:00:00 ; elapsed = 00:00:00.014 . Memory (MB): peak = 1615.777 ; gain = 0.000
Reading placer database...
Read Device Cache: Time (s): cpu = 00:00:00 ; elapsed = 00:00:00.018 . Memory (MB): peak = 1615.777 ; gain = 0.000
Read PlaceDB: Time (s): cpu = 00:00:00 ; elapsed = 00:00:00 . Memory (MB): peak = 1615.777 ; gain = 0.000
Read placeStorage: Time (s): cpu = 00:00:00 ; elapsed = 00:00:00.358 . Memory (MB): peak = 1633.613 ; gain = 17.836
Read PulsedLatchDB: Time (s): cpu = 00:00:00 ; elapsed = 00:00:00 . Memory (MB): peak = 1633.613 ; gain = 0.000
Reading routing.
Read RouteStorage: Time (s): cpu = 00:00:00 ; elapsed = 00:00:00.131 . Memory (MB): peak = 1633.613 ; gain = 0.000
Read Physdb Files: Time (s): cpu = 00:00:00 ; elapsed = 00:00:00.548 . Memory (MB): peak = 1633.613 ; gain = 17.836
Restored from archive | CPU: 1.000000 secs | Memory: 0.000000 MB |
Finished XDEF File Restore: Time (s): cpu = 00:00:01 ; elapsed = 00:00:00.607 . Memory (MB): peak = 1633.613 ; gain = 22.918
Netlist sorting complete. Time (s): cpu = 00:00:00 ; elapsed = 00:00:00.005 . Memory (MB): peak = 1633.613 ; gain = 0.000
INFO: [Project 1-111] Unisim Transformation Summary:
  A total of 98 instances were transformed.
  CFGLUT5 => CFGLUT5 (SRL16E, SRLC32E): 84 instances
  IOBUF => IOBUF (IBUF, OBUFT): 2 instances
  RAM32M => RAM32M (RAMD32(x6), RAMS32(x2)): 12 instances

INFO: [Project 1-604] Checkpoint was created with Vivado v2026.1 (64-bit) build 6511674
open_checkpoint: Time (s): cpu = 00:00:18 ; elapsed = 00:00:22 . Memory (MB): peak = 1633.613 ; gain = 1287.969
Command: write_bitstream -force vision_wrapper.bit
Attempting to get a license for feature 'Vivado_Implementation' and/or device 'xc7z020'
INFO: [Common 17-349] Got license for feature 'Vivado_Implementation' and/or device 'xc7z020'
Running DRC as a precondition to command write_bitstream
INFO: [IP_Flow 19-234] Refreshing IP repositories
INFO: [IP_Flow 19-1704] No user IP repositories specified
INFO: [IP_Flow 19-2313] Loaded Vivado IP repository 'D:/Vivado_downloads/2026.1/Vivado/data/ip'.
INFO: [DRC 23-27] Running DRC with 2 threads
INFO: [Vivado 12-3199] DRC finished with 0 Errors
INFO: [Vivado 12-3200] Please refer to the DRC report (report_drc) for more information.
Integrating Hard IP ELF/MEM with the PDI.
INFO: [Designutils 20-2272] Running write_bitstream with 2 threads.
Initializing bitstream generation complete. Time (s): cpu = 00:00:01 ; elapsed = 00:00:01 . Memory (MB): peak = 1909.949 ; gain = 87.461
Loading data files...
Loading site data...
Loading route data...
Processing options...
Creating bitmap...
Creating bitstream...
Writing bitstream ./vision_wrapper.bit...
Generate Bitstream complete. Time (s): cpu = 00:00:13 ; elapsed = 00:00:10 . Memory (MB): peak = 2181.520 ; gain = 359.031
INFO: [Vivado 12-1842] Bitgen Completed Successfully.
INFO: [Common 17-83] Releasing license: Vivado_Implementation
22 Infos, 0 Warnings, 0 Critical Warnings and 0 Errors encountered.
write_bitstream completed successfully
write_bitstream: Time (s): cpu = 00:00:17 ; elapsed = 00:00:30 . Memory (MB): peak = 2181.520 ; gain = 547.906
INFO: [Common 17-206] Exiting Vivado at Fri Oct  2 01:17:59 2026...
[Fri Oct  2 01:18:01 2026] impl_1 finished
wait_on_runs: Time (s): cpu = 00:00:00 ; elapsed = 00:01:11 . Memory (MB): peak = 704.980 ; gain = 0.000
INFO: [Device 21-403] Loading part xc7z020clg400-1
INFO: [Project 1-1918] Creating Hardware Platform: E:/Projects/FPGA-Alittle-Design/sim/build/hdmi-project/vision.xsa ...
INFO: [Project 1-1943] The Hardware Platform can be used for Hardware
INFO: [Project 1-1941] Successfully created Hardware Platform: E:/Projects/FPGA-Alittle-Design/sim/build/hdmi-project/vision.xsa
INFO: [Hsi 55-2053] elapsed time for repository (D:/Vivado_downloads/2026.1/Vivado/data/embeddedsw) loading 1 seconds
write_hw_platform: Time (s): cpu = 00:00:06 ; elapsed = 00:00:08 . Memory (MB): peak = 1109.840 ; gain = 404.859
PASS: HDMI XSA exported with bit and hwh
INFO: [Common 17-206] Exiting Vivado at Fri Oct  2 01:18:10 2026...
