Copyright 1986-2022 Xilinx, Inc. All Rights Reserved. Copyright 2022-2026 Advanced Micro Devices, Inc. All Rights Reserved.
---------------------------------------------------------------------------------------------------------------------------------------------
| Tool Version : Vivado v.2026.1 (win64) Build 6511674 Tue Jun 16 11:02:23 MDT 2026
| Date         : Wed Sep 30 00:17:10 2026
| Host         : never-die-cold running 64-bit major release  (build 9200)
| Command      : report_timing_summary -file build/reports/vision_ooc/gaussian_3x3_real_timing.rpt
| Design       : gaussian_3x3
| Device       : 7z020-clg400
| Speed File   : -1  PRODUCTION 1.12 2019-11-22
| Design State : Synthesized
---------------------------------------------------------------------------------------------------------------------------------------------

Timing Summary Report

------------------------------------------------------------------------------------------------
| Timer Settings
| --------------
------------------------------------------------------------------------------------------------

  Enable Multi Corner Analysis               :  Yes
  Enable Pessimism Removal                   :  Yes
  Pessimism Removal Resolution               :  Nearest Common Node
  Enable Input Delay Default Clock           :  No
  Enable Preset / Clear Arcs                 :  No
  Disable Flight Delays                      :  No
  Ignore I/O Paths                           :  No
  Timing Early Launch at Borrowing Latches   :  No
  Borrow Time for Max Delay Exceptions       :  Yes
  Merge Timing Exceptions                    :  Yes
  Inter-SLR Compensation                     :  Conservative

  Corner  Analyze    Analyze    
  Name    Max Paths  Min Paths  
  ------  ---------  ---------  
  Slow    Yes        Yes        
  Fast    Yes        Yes        


------------------------------------------------------------------------------------------------
| Report Methodology
| ------------------
------------------------------------------------------------------------------------------------

No report available as report_methodology has not been run prior. Run report_methodology on the current design for the summary of methodology violations.



check_timing report

Table of Contents
-----------------
1. checking no_clock (0)
2. checking constant_clock (0)
3. checking pulse_width_clock (0)
4. checking unconstrained_internal_endpoints (0)
5. checking no_input_delay (12)
6. checking no_output_delay (11)
7. checking multiple_clock (0)
8. checking generated_clocks (0)
9. checking loops (0)
10. checking partial_input_delay (0)
11. checking partial_output_delay (0)
12. checking latch_loops (0)

1. checking no_clock (0)
------------------------
 There are 0 register/latch pins with no clock.


2. checking constant_clock (0)
------------------------------
 There are 0 register/latch pins with constant_clock.


3. checking pulse_width_clock (0)
---------------------------------
 There are 0 register/latch pins which need pulse_width check


4. checking unconstrained_internal_endpoints (0)
------------------------------------------------
 There are 0 pins that are not constrained for maximum delay.

 There are 0 pins that are not constrained for maximum delay due to constant clock.


5. checking no_input_delay (12)
-------------------------------
 There are 12 input ports with no input delay specified. (HIGH)

 There are 0 input ports with no input delay but user has a false path constraint.


6. checking no_output_delay (11)
--------------------------------
 There are 11 ports with no output delay specified. (HIGH)

 There are 0 ports with no output delay but user has a false path constraint

 There are 0 ports with no output delay but with a timing clock defined on it or propagating through it


7. checking multiple_clock (0)
------------------------------
 There are 0 register/latch pins with multiple clocks.


8. checking generated_clocks (0)
--------------------------------
 There are 0 generated clocks that are not connected to a clock source.


9. checking loops (0)
---------------------
 There are 0 combinational loops in the design.


10. checking partial_input_delay (0)
------------------------------------
 There are 0 input ports with partial input delay specified.


11. checking partial_output_delay (0)
-------------------------------------
 There are 0 ports with partial output delay specified.


12. checking latch_loops (0)
----------------------------
 There are 0 combinational latch loops in the design through latch input



------------------------------------------------------------------------------------------------
| Design Timing Summary
| ---------------------
------------------------------------------------------------------------------------------------

    WNS(ns)      TNS(ns)  TNS Failing Endpoints  TNS Total Endpoints      WHS(ns)      THS(ns)  THS Failing Endpoints  THS Total Endpoints     WPWS(ns)     TPWS(ns)  TPWS Failing Endpoints  TPWS Total Endpoints  
    -------      -------  ---------------------  -------------------      -------      -------  ---------------------  -------------------     --------     --------  ----------------------  --------------------  
     -3.162      -21.447                      8                  177        0.256        0.000                      0                  177        4.020        0.000                       0                   139  


Timing constraints are not met.


------------------------------------------------------------------------------------------------
| Clock Summary
| -------------
------------------------------------------------------------------------------------------------

Clock  Waveform(ns)       Period(ns)      Frequency(MHz)
-----  ------------       ----------      --------------
clk    {0.000 5.000}      10.000          100.000         


------------------------------------------------------------------------------------------------
| Intra Clock Table
| -----------------
------------------------------------------------------------------------------------------------

Clock             WNS(ns)      TNS(ns)  TNS Failing Endpoints  TNS Total Endpoints      WHS(ns)      THS(ns)  THS Failing Endpoints  THS Total Endpoints     WPWS(ns)     TPWS(ns)  TPWS Failing Endpoints  TPWS Total Endpoints  
-----             -------      -------  ---------------------  -------------------      -------      -------  ---------------------  -------------------     --------     --------  ----------------------  --------------------  
clk                -3.162      -21.447                      8                  177        0.256        0.000                      0                  177        4.020        0.000                       0                   139  


------------------------------------------------------------------------------------------------
| Inter Clock Table
| -----------------
------------------------------------------------------------------------------------------------

From Clock    To Clock          WNS(ns)      TNS(ns)  TNS Failing Endpoints  TNS Total Endpoints      WHS(ns)      THS(ns)  THS Failing Endpoints  THS Total Endpoints  
----------    --------          -------      -------  ---------------------  -------------------      -------      -------  ---------------------  -------------------  


------------------------------------------------------------------------------------------------
| Other Path Groups Table
| -----------------------
------------------------------------------------------------------------------------------------

Path Group    From Clock    To Clock          WNS(ns)      TNS(ns)  TNS Failing Endpoints  TNS Total Endpoints      WHS(ns)      THS(ns)  THS Failing Endpoints  THS Total Endpoints  
----------    ----------    --------          -------      -------  ---------------------  -------------------      -------      -------  ---------------------  -------------------  


------------------------------------------------------------------------------------------------
| Timing Details
| --------------
------------------------------------------------------------------------------------------------


---------------------------------------------------------------------------------------------------
From Clock:  clk
  To Clock:  clk

Setup :            8  Failing Endpoints,  Worst Slack       -3.162ns,  Total Violation      -21.447ns
Hold  :            0  Failing Endpoints,  Worst Slack        0.256ns,  Total Violation        0.000ns
PW    :            0  Failing Endpoints,  Worst Slack        4.020ns,  Total Violation        0.000ns
---------------------------------------------------------------------------------------------------


Max Delay Paths
--------------------------------------------------------------------------------------
Slack (VIOLATED) :        -3.162ns  (required time - arrival time)
  Source:                 xd2_reg[9]/C
                            (rising edge-triggered cell FDCE clocked by clk  {rise@0.000ns fall@5.000ns period=10.000ns})
  Destination:            out_g_reg[5]/D
                            (rising edge-triggered cell FDCE clocked by clk  {rise@0.000ns fall@5.000ns period=10.000ns})
  Path Group:             clk
  Path Type:              Setup (Max at Slow Process Corner)
  Requirement:            10.000ns  (clk rise@10.000ns - clk rise@0.000ns)
  Data Path Delay:        13.187ns  (logic 5.964ns (45.226%)  route 7.223ns (54.774%))
  Logic Levels:           17  (CARRY4=8 LUT2=1 LUT5=4 LUT6=4)
  Clock Path Skew:        -0.049ns (DCD - SCD + CPR)
    Destination Clock Delay (DCD):    0.924ns = ( 10.924 - 10.000 ) 
    Source Clock Delay      (SCD):    0.973ns
    Clock Pessimism Removal (CPR):    0.000ns
  Clock Uncertainty:      0.035ns  ((TSJ^2 + TIJ^2)^1/2 + DJ) / 2 + PE
    Total System Jitter     (TSJ):    0.071ns
    Total Input Jitter      (TIJ):    0.000ns
    Discrete Jitter          (DJ):    0.000ns
    Phase Error              (PE):    0.000ns

    Location             Delay type                Incr(ns)  Path(ns)    Netlist Resource(s)
  -------------------------------------------------------------------    -------------------
                         (clock clk rise edge)        0.000     0.000 r  <hidden>
                                                      0.000     0.000 r  clk
                         net (fo=138, unset)          0.973     0.973    clk
                         FDCE                                         r  xd2_reg[9]/C
  -------------------------------------------------------------------    -------------------
                         FDCE (Prop_fdce_C_Q)         0.518     1.491 f  xd2_reg[9]/Q
                         net (fo=5, unplaced)         0.834     2.325    lb1/out_g[7]_i_48_0[9]
                         LUT5 (Prop_lut5_I0_O)        0.295     2.620 r  lb1/out_g[7]_i_72/O
                         net (fo=1, unplaced)         0.449     3.069    lb1/out_g[7]_i_72_n_0
                         LUT6 (Prop_lut6_I4_O)        0.124     3.193 r  lb1/out_g[7]_i_45/O
                         net (fo=1, unplaced)         1.111     4.304    lb1/out_g[7]_i_45_n_0
                         LUT6 (Prop_lut6_I1_O)        0.124     4.428 r  lb1/out_g[7]_i_25/O
                         net (fo=24, unplaced)        0.513     4.941    lb1/right_edge
                         LUT6 (Prop_lut6_I5_O)        0.124     5.065 r  lb1/out_g[3]_i_37/O
                         net (fo=5, unplaced)         0.667     5.732    lb1/out_g[3]_i_37_n_0
                         CARRY4 (Prop_carry4_DI[1]_O[2])
                                                      0.566     6.298 r  lb1/out_g_reg[7]_i_82/O[2]
                         net (fo=2, unplaced)         0.653     6.951    lb1/out_g_reg[7]_i_82_n_5
                         CARRY4 (Prop_carry4_DI[1]_O[2])
                                                      0.743     7.694 r  lb1/out_g_reg[7]_i_59/O[2]
                         net (fo=2, unplaced)         0.463     8.157    lb1/out_g_reg[7]_i_59_n_5
                         LUT2 (Prop_lut2_I1_O)        0.301     8.458 r  lb1/out_g[7]_i_79/O
                         net (fo=1, unplaced)         0.000     8.458    lb1/out_g[7]_i_79_n_0
                         CARRY4 (Prop_carry4_S[3]_O[3])
                                                      0.255     8.713 r  lb1/out_g_reg[7]_i_55/O[3]
                         net (fo=2, unplaced)         0.629     9.342    lb1/C[3]
                         LUT5 (Prop_lut5_I4_O)        0.307     9.649 r  lb1/out_g[7]_i_56/O
                         net (fo=1, unplaced)         0.000     9.649    lb1/out_g[7]_i_56_n_0
                         CARRY4 (Prop_carry4_S[3]_CO[3])
                                                      0.376    10.025 r  lb1/out_g_reg[7]_i_36/CO[3]
                         net (fo=1, unplaced)         0.009    10.034    lb1/out_g_reg[7]_i_36_n_0
                         CARRY4 (Prop_carry4_CI_O[0])
                                                      0.232    10.266 r  lb1/out_g_reg[7]_i_19/O[0]
                         net (fo=2, unplaced)         0.322    10.588    lb1/out_g_reg[7]_i_19_n_7
                         LUT5 (Prop_lut5_I4_O)        0.295    10.883 r  lb1/out_g[7]_i_13/O
                         net (fo=2, unplaced)         0.650    11.533    lb1/out_g[7]_i_13_n_0
                         CARRY4 (Prop_carry4_DI[1]_O[2])
                                                      0.566    12.099 r  lb1/out_g_reg[7]_i_4/O[2]
                         net (fo=2, unplaced)         0.463    12.562    lb1/PCOUT[6]
                         LUT5 (Prop_lut5_I4_O)        0.301    12.863 r  lb1/out_g[3]_i_3/O
                         net (fo=2, unplaced)         0.460    13.323    lb1/out_g[3]_i_3_n_0
                         LUT6 (Prop_lut6_I3_O)        0.124    13.447 r  lb1/out_g[3]_i_7/O
                         net (fo=1, unplaced)         0.000    13.447    lb1/out_g[3]_i_7_n_0
                         CARRY4 (Prop_carry4_S[3]_CO[3])
                                                      0.376    13.823 r  lb1/out_g_reg[3]_i_1/CO[3]
                         net (fo=1, unplaced)         0.000    13.823    lb1/out_g_reg[3]_i_1_n_0
                         CARRY4 (Prop_carry4_CI_O[1])
                                                      0.337    14.160 r  lb1/out_g_reg[7]_i_1/O[1]
                         net (fo=1, unplaced)         0.000    14.160    p_0_in[5]
                         FDCE                                         r  out_g_reg[5]/D
  -------------------------------------------------------------------    -------------------

                         (clock clk rise edge)       10.000    10.000 r  <hidden>
                                                      0.000    10.000 r  clk
                         net (fo=138, unset)          0.924    10.924    clk
                         FDCE                                         r  out_g_reg[5]/C
                         clock pessimism              0.000    10.924    <hidden>
                         clock uncertainty           -0.035    10.889    <hidden>
                         FDCE (Setup_fdce_C_D)        0.109    10.998    out_g_reg[5]
  -------------------------------------------------------------------
                         required time                         10.998    <hidden>
                         arrival time                         -14.160    <hidden>
  -------------------------------------------------------------------
                         slack                                 -3.162    <hidden>





Min Delay Paths
--------------------------------------------------------------------------------------
Slack (MET) :             0.256ns  (arrival time - required time)
  Source:                 vs_d3_reg_c/C
                            (rising edge-triggered cell FDCE clocked by clk  {rise@0.000ns fall@5.000ns period=10.000ns})
  Destination:            out_hs_reg/D
                            (rising edge-triggered cell FDCE clocked by clk  {rise@0.000ns fall@5.000ns period=10.000ns})
  Path Group:             clk
  Path Type:              Hold (Min at Fast Process Corner)
  Requirement:            0.000ns  (clk rise@0.000ns - clk rise@0.000ns)
  Data Path Delay:        0.398ns  (logic 0.262ns (65.874%)  route 0.136ns (34.126%))
  Logic Levels:           1  (LUT2=1)
  Clock Path Skew:        0.022ns (DCD - SCD - CPR)
    Destination Clock Delay (DCD):    0.432ns
    Source Clock Delay      (SCD):    0.410ns
    Clock Pessimism Removal (CPR):    -0.000ns

    Location             Delay type                Incr(ns)  Path(ns)    Netlist Resource(s)
  -------------------------------------------------------------------    -------------------
                         (clock clk rise edge)        0.000     0.000 r  <hidden>
                                                      0.000     0.000 r  clk
                         net (fo=138, unset)          0.410     0.410    clk
                         FDCE                                         r  vs_d3_reg_c/C
  -------------------------------------------------------------------    -------------------
                         FDCE (Prop_fdce_C_Q)         0.164     0.574 r  vs_d3_reg_c/Q
                         net (fo=2, unplaced)         0.136     0.710    vs_d3_reg_c_n_0
                         LUT2 (Prop_lut2_I1_O)        0.098     0.808 r  hs_d3_reg_gate/O
                         net (fo=1, unplaced)         0.000     0.808    hs_d3_reg_gate_n_0
                         FDCE                                         r  out_hs_reg/D
  -------------------------------------------------------------------    -------------------

                         (clock clk rise edge)        0.000     0.000 r  <hidden>
                                                      0.000     0.000 r  clk
                         net (fo=138, unset)          0.432     0.432    clk
                         FDCE                                         r  out_hs_reg/C
                         clock pessimism              0.000     0.432    <hidden>
                         FDCE (Hold_fdce_C_D)         0.120     0.552    out_hs_reg
  -------------------------------------------------------------------
                         required time                         -0.552    <hidden>
                         arrival time                           0.808    <hidden>
  -------------------------------------------------------------------
                         slack                                  0.256    <hidden>





Pulse Width Checks
--------------------------------------------------------------------------------------
Clock Name:         clk
Waveform(ns):       { 0.000 5.000 }
Period(ns):         10.000
Sources:            { clk }

Check Type        Corner  Lib Pin             Reference Pin  Required(ns)  Actual(ns)  Slack(ns)  Location  Pin
Min Period        n/a     RAMB18E1/CLKARDCLK  n/a            2.576         10.000      7.424                lb0/mem_reg/CLKARDCLK
Low Pulse Width   Slow    SRL16E/CLK          n/a            0.980         5.000       4.020                hs_d2_reg_srl2_vs_d2_reg_c/CLK
High Pulse Width  Slow    SRL16E/CLK          n/a            0.980         5.000       4.020                hs_d2_reg_srl2_vs_d2_reg_c/CLK



