Copyright 1986-2022 Xilinx, Inc. All Rights Reserved. Copyright 2022-2026 Advanced Micro Devices, Inc. All Rights Reserved.
---------------------------------------------------------------------------------------------------------------------------------------------
| Tool Version : Vivado v.2026.1 (win64) Build 6511674 Tue Jun 16 11:02:23 MDT 2026
| Date         : Wed Sep 30 00:21:59 2026
| Host         : never-die-cold running 64-bit major release  (build 9200)
| Command      : report_timing_summary -file build/reports/vision_ooc/scaler_real_timing.rpt
| Design       : scaler
| Device       : 7z020-clg400
| Speed File   : -1  PRODUCTION 1.12 2019-11-22
| Design State : Synthesized
---------------------------------------------------------------------------------------------------------------------------------------------

Timing Summary Report

------------------------------------------------------------------------------------------------
| Timer Settings
| --------------
------------------------------------------------------------------------------------------------

  Enable Multi Corner Analysis               :  Yes
  Enable Pessimism Removal                   :  Yes
  Pessimism Removal Resolution               :  Nearest Common Node
  Enable Input Delay Default Clock           :  No
  Enable Preset / Clear Arcs                 :  No
  Disable Flight Delays                      :  No
  Ignore I/O Paths                           :  No
  Timing Early Launch at Borrowing Latches   :  No
  Borrow Time for Max Delay Exceptions       :  Yes
  Merge Timing Exceptions                    :  Yes
  Inter-SLR Compensation                     :  Conservative

  Corner  Analyze    Analyze    
  Name    Max Paths  Min Paths  
  ------  ---------  ---------  
  Slow    Yes        Yes        
  Fast    Yes        Yes        


------------------------------------------------------------------------------------------------
| Report Methodology
| ------------------
------------------------------------------------------------------------------------------------

No report available as report_methodology has not been run prior. Run report_methodology on the current design for the summary of methodology violations.



check_timing report

Table of Contents
-----------------
1. checking no_clock (0)
2. checking constant_clock (0)
3. checking pulse_width_clock (0)
4. checking unconstrained_internal_endpoints (0)
5. checking no_input_delay (12)
6. checking no_output_delay (11)
7. checking multiple_clock (0)
8. checking generated_clocks (0)
9. checking loops (0)
10. checking partial_input_delay (0)
11. checking partial_output_delay (0)
12. checking latch_loops (0)

1. checking no_clock (0)
------------------------
 There are 0 register/latch pins with no clock.


2. checking constant_clock (0)
------------------------------
 There are 0 register/latch pins with constant_clock.


3. checking pulse_width_clock (0)
---------------------------------
 There are 0 register/latch pins which need pulse_width check


4. checking unconstrained_internal_endpoints (0)
------------------------------------------------
 There are 0 pins that are not constrained for maximum delay.

 There are 0 pins that are not constrained for maximum delay due to constant clock.


5. checking no_input_delay (12)
-------------------------------
 There are 12 input ports with no input delay specified. (HIGH)

 There are 0 input ports with no input delay but user has a false path constraint.


6. checking no_output_delay (11)
--------------------------------
 There are 11 ports with no output delay specified. (HIGH)

 There are 0 ports with no output delay but user has a false path constraint

 There are 0 ports with no output delay but with a timing clock defined on it or propagating through it


7. checking multiple_clock (0)
------------------------------
 There are 0 register/latch pins with multiple clocks.


8. checking generated_clocks (0)
--------------------------------
 There are 0 generated clocks that are not connected to a clock source.


9. checking loops (0)
---------------------
 There are 0 combinational loops in the design.


10. checking partial_input_delay (0)
------------------------------------
 There are 0 input ports with partial input delay specified.


11. checking partial_output_delay (0)
-------------------------------------
 There are 0 ports with partial output delay specified.


12. checking latch_loops (0)
----------------------------
 There are 0 combinational latch loops in the design through latch input



------------------------------------------------------------------------------------------------
| Design Timing Summary
| ---------------------
------------------------------------------------------------------------------------------------

    WNS(ns)      TNS(ns)  TNS Failing Endpoints  TNS Total Endpoints      WHS(ns)      THS(ns)  THS Failing Endpoints  THS Total Endpoints     WPWS(ns)     TPWS(ns)  TPWS Failing Endpoints  TPWS Total Endpoints  
    -------      -------  ---------------------  -------------------      -------      -------  ---------------------  -------------------     --------     --------  ----------------------  --------------------  
     -7.412      -56.597                      9                  804        0.265        0.000                      0                  804        4.500        0.000                       0                   266  


Timing constraints are not met.


------------------------------------------------------------------------------------------------
| Clock Summary
| -------------
------------------------------------------------------------------------------------------------

Clock  Waveform(ns)       Period(ns)      Frequency(MHz)
-----  ------------       ----------      --------------
clk    {0.000 5.000}      10.000          100.000         


------------------------------------------------------------------------------------------------
| Intra Clock Table
| -----------------
------------------------------------------------------------------------------------------------

Clock             WNS(ns)      TNS(ns)  TNS Failing Endpoints  TNS Total Endpoints      WHS(ns)      THS(ns)  THS Failing Endpoints  THS Total Endpoints     WPWS(ns)     TPWS(ns)  TPWS Failing Endpoints  TPWS Total Endpoints  
-----             -------      -------  ---------------------  -------------------      -------      -------  ---------------------  -------------------     --------     --------  ----------------------  --------------------  
clk                -7.412      -56.597                      9                  804        0.265        0.000                      0                  804        4.500        0.000                       0                   266  


------------------------------------------------------------------------------------------------
| Inter Clock Table
| -----------------
------------------------------------------------------------------------------------------------

From Clock    To Clock          WNS(ns)      TNS(ns)  TNS Failing Endpoints  TNS Total Endpoints      WHS(ns)      THS(ns)  THS Failing Endpoints  THS Total Endpoints  
----------    --------          -------      -------  ---------------------  -------------------      -------      -------  ---------------------  -------------------  


------------------------------------------------------------------------------------------------
| Other Path Groups Table
| -----------------------
------------------------------------------------------------------------------------------------

Path Group    From Clock    To Clock          WNS(ns)      TNS(ns)  TNS Failing Endpoints  TNS Total Endpoints      WHS(ns)      THS(ns)  THS Failing Endpoints  THS Total Endpoints  
----------    ----------    --------          -------      -------  ---------------------  -------------------      -------      -------  ---------------------  -------------------  


------------------------------------------------------------------------------------------------
| Timing Details
| --------------
------------------------------------------------------------------------------------------------


---------------------------------------------------------------------------------------------------
From Clock:  clk
  To Clock:  clk

Setup :            9  Failing Endpoints,  Worst Slack       -7.412ns,  Total Violation      -56.597ns
Hold  :            0  Failing Endpoints,  Worst Slack        0.265ns,  Total Violation        0.000ns
PW    :            0  Failing Endpoints,  Worst Slack        4.500ns,  Total Violation        0.000ns
---------------------------------------------------------------------------------------------------


Max Delay Paths
--------------------------------------------------------------------------------------
Slack (VIOLATED) :        -7.412ns  (required time - arrival time)
  Source:                 gen_slot[4].lb/mem_reg/CLKBWRCLK
                            (rising edge-triggered cell RAMB18E1 clocked by clk  {rise@0.000ns fall@5.000ns period=10.000ns})
  Destination:            out_y_reg[7]/D
                            (rising edge-triggered cell FDCE clocked by clk  {rise@0.000ns fall@5.000ns period=10.000ns})
  Path Group:             clk
  Path Type:              Setup (Max at Slow Process Corner)
  Requirement:            10.000ns  (clk rise@10.000ns - clk rise@0.000ns)
  Data Path Delay:        17.437ns  (logic 9.332ns (53.519%)  route 8.105ns (46.481%))
  Logic Levels:           21  (CARRY4=9 LUT2=2 LUT4=2 LUT5=2 LUT6=4 MUXF7=1 MUXF8=1)
  Clock Path Skew:        -0.049ns (DCD - SCD + CPR)
    Destination Clock Delay (DCD):    0.924ns = ( 10.924 - 10.000 ) 
    Source Clock Delay      (SCD):    0.973ns
    Clock Pessimism Removal (CPR):    0.000ns
  Clock Uncertainty:      0.035ns  ((TSJ^2 + TIJ^2)^1/2 + DJ) / 2 + PE
    Total System Jitter     (TSJ):    0.071ns
    Total Input Jitter      (TIJ):    0.000ns
    Discrete Jitter          (DJ):    0.000ns
    Phase Error              (PE):    0.000ns

    Location             Delay type                Incr(ns)  Path(ns)    Netlist Resource(s)
  -------------------------------------------------------------------    -------------------
                         (clock clk rise edge)        0.000     0.000 r  <hidden>
                                                      0.000     0.000 r  clk
                         net (fo=265, unset)          0.973     0.973    gen_slot[4].lb/clk
                         RAMB18E1                                     r  gen_slot[4].lb/mem_reg/CLKBWRCLK
  -------------------------------------------------------------------    -------------------
                         RAMB18E1 (Prop_ramb18e1_CLKBWRCLK_DOBDO[4])
                                                      2.454     3.427 r  gen_slot[4].lb/mem_reg/DOBDO[4]
                         net (fo=2, unplaced)         0.800     4.227    gen_slot[7].lb/p00r_reg[7]_i_2_0[4]
                         LUT6 (Prop_lut6_I5_O)        0.124     4.351 r  gen_slot[7].lb/p00r[4]_i_5/O
                         net (fo=1, unplaced)         0.000     4.351    gen_slot[3].lb/p00r_reg[4]_0
                         MUXF7 (Prop_muxf7_I1_O)      0.247     4.598 r  gen_slot[3].lb/p00r_reg[4]_i_2/O
                         net (fo=1, unplaced)         0.000     4.598    gen_slot[3].lb/p00r_reg[4]_i_2_n_0
                         MUXF8 (Prop_muxf8_I0_O)      0.098     4.696 r  gen_slot[3].lb/p00r_reg[4]_i_1/O
                         net (fo=18, unplaced)        0.668     5.364    gen_slot[3].lb/y0_slot_reg[3]_4
                         LUT4 (Prop_lut4_I0_O)        0.319     5.683 r  gen_slot[3].lb/out_y[7]_i_421/O
                         net (fo=1, unplaced)         0.474     6.157    gen_slot[3].lb/out_y[7]_i_421_n_0
                         CARRY4 (Prop_carry4_DI[2]_CO[3])
                                                      0.404     6.561 r  gen_slot[3].lb/out_y_reg[7]_i_319/CO[3]
                         net (fo=1, unplaced)         0.009     6.570    gen_slot[3].lb/out_y_reg[7]_i_319_n_0
                         CARRY4 (Prop_carry4_CI_O[1])
                                                      0.337     6.907 r  gen_slot[3].lb/out_y_reg[7]_i_320/O[1]
                         net (fo=2, unplaced)         0.622     7.529    gen_slot[3].lb/out_y_reg[7]_i_320_n_6
                         LUT4 (Prop_lut4_I2_O)        0.332     7.861 r  gen_slot[3].lb/out_y[7]_i_318/O
                         net (fo=4, unplaced)         0.473     8.334    gen_slot[3].lb/out_y[7]_i_318_n_0
                         LUT6 (Prop_lut6_I0_O)        0.124     8.458 r  gen_slot[3].lb/out_y[7]_i_207/O
                         net (fo=1, unplaced)         0.639     9.097    gen_slot[3].lb/out_y[7]_i_207_n_0
                         CARRY4 (Prop_carry4_DI[1]_O[2])
                                                      0.566     9.663 r  gen_slot[3].lb/out_y_reg[7]_i_133/O[2]
                         net (fo=1, unplaced)         0.452    10.115    gen_slot[3].lb/top0[9]
                         LUT2 (Prop_lut2_I1_O)        0.301    10.416 r  gen_slot[3].lb/out_y[7]_i_88/O
                         net (fo=1, unplaced)         0.000    10.416    gen_slot[3].lb/out_y[7]_i_88_n_0
                         CARRY4 (Prop_carry4_S[1]_O[3])
                                                      0.643    11.059 f  gen_slot[3].lb/out_y_reg[7]_i_47/O[3]
                         net (fo=14, unplaced)        0.669    11.728    gen_slot[3].lb/B[3]
                         LUT5 (Prop_lut5_I4_O)        0.299    12.027 r  gen_slot[3].lb/out_y[7]_i_103/O
                         net (fo=3, unplaced)         0.467    12.494    gen_slot[3].lb/out_y[7]_i_103_n_0
                         LUT6 (Prop_lut6_I5_O)        0.124    12.618 r  gen_slot[3].lb/out_y[3]_i_75/O
                         net (fo=1, unplaced)         0.473    13.091    gen_slot[3].lb/out_y[3]_i_75_n_0
                         CARRY4 (Prop_carry4_DI[3]_CO[3])
                                                      0.396    13.487 r  gen_slot[3].lb/out_y_reg[3]_i_41/CO[3]
                         net (fo=1, unplaced)         0.009    13.496    gen_slot[3].lb/out_y_reg[3]_i_41_n_0
                         CARRY4 (Prop_carry4_CI_O[1])
                                                      0.337    13.833 r  gen_slot[3].lb/out_y_reg[7]_i_28/O[1]
                         net (fo=2, unplaced)         0.622    14.455    gen_slot[3].lb/out_y_reg[7]_i_28_n_6
                         LUT5 (Prop_lut5_I3_O)        0.332    14.787 r  gen_slot[3].lb/out_y[3]_i_39/O
                         net (fo=3, unplaced)         0.467    15.254    gen_slot[3].lb/out_y[3]_i_39_n_0
                         LUT6 (Prop_lut6_I0_O)        0.124    15.378 r  gen_slot[3].lb/out_y[3]_i_16/O
                         net (fo=1, unplaced)         0.639    16.017    gen_slot[3].lb/out_y[3]_i_16_n_0
                         CARRY4 (Prop_carry4_DI[1]_CO[3])
                                                      0.520    16.537 r  gen_slot[3].lb/out_y_reg[3]_i_3/CO[3]
                         net (fo=1, unplaced)         0.000    16.537    gen_slot[3].lb/out_y_reg[3]_i_3_n_0
                         CARRY4 (Prop_carry4_CI_O[1])
                                                      0.337    16.874 r  gen_slot[3].lb/out_y_reg[7]_i_2/O[1]
                         net (fo=2, unplaced)         0.622    17.496    gen_slot[3].lb/out_y_reg[7]_i_2_n_6
                         LUT2 (Prop_lut2_I0_O)        0.306    17.802 r  gen_slot[3].lb/out_y[7]_i_6/O
                         net (fo=1, unplaced)         0.000    17.802    gen_slot[3].lb/out_y[7]_i_6_n_0
                         CARRY4 (Prop_carry4_S[0]_O[3])
                                                      0.608    18.410 r  gen_slot[3].lb/out_y_reg[7]_i_1/O[3]
                         net (fo=1, unplaced)         0.000    18.410    p_0_in[7]
                         FDCE                                         r  out_y_reg[7]/D
  -------------------------------------------------------------------    -------------------

                         (clock clk rise edge)       10.000    10.000 r  <hidden>
                                                      0.000    10.000 r  clk
                         net (fo=265, unset)          0.924    10.924    clk
                         FDCE                                         r  out_y_reg[7]/C
                         clock pessimism              0.000    10.924    <hidden>
                         clock uncertainty           -0.035    10.889    <hidden>
                         FDCE (Setup_fdce_C_D)        0.109    10.998    out_y_reg[7]
  -------------------------------------------------------------------
                         required time                         10.998    <hidden>
                         arrival time                         -18.410    <hidden>
  -------------------------------------------------------------------
                         slack                                 -7.412    <hidden>





Min Delay Paths
--------------------------------------------------------------------------------------
Slack (MET) :             0.265ns  (arrival time - required time)
  Source:                 data_ready_reg/C
                            (rising edge-triggered cell FDCE clocked by clk  {rise@0.000ns fall@5.000ns period=10.000ns})
  Destination:            hs_pending_reg/D
                            (rising edge-triggered cell FDCE clocked by clk  {rise@0.000ns fall@5.000ns period=10.000ns})
  Path Group:             clk
  Path Type:              Hold (Min at Fast Process Corner)
  Requirement:            0.000ns  (clk rise@0.000ns - clk rise@0.000ns)
  Data Path Delay:        0.406ns  (logic 0.265ns (65.237%)  route 0.141ns (34.763%))
  Logic Levels:           1  (LUT5=1)
  Clock Path Skew:        0.022ns (DCD - SCD - CPR)
    Destination Clock Delay (DCD):    0.432ns
    Source Clock Delay      (SCD):    0.410ns
    Clock Pessimism Removal (CPR):    -0.000ns

    Location             Delay type                Incr(ns)  Path(ns)    Netlist Resource(s)
  -------------------------------------------------------------------    -------------------
                         (clock clk rise edge)        0.000     0.000 r  <hidden>
                                                      0.000     0.000 r  clk
                         net (fo=265, unset)          0.410     0.410    clk
                         FDCE                                         r  data_ready_reg/C
  -------------------------------------------------------------------    -------------------
                         FDCE (Prop_fdce_C_Q)         0.164     0.574 r  data_ready_reg/Q
                         net (fo=4, unplaced)         0.141     0.715    data_ready
                         LUT5 (Prop_lut5_I4_O)        0.101     0.816 r  hs_pending_i_1/O
                         net (fo=1, unplaced)         0.000     0.816    hs_pending
                         FDCE                                         r  hs_pending_reg/D
  -------------------------------------------------------------------    -------------------

                         (clock clk rise edge)        0.000     0.000 r  <hidden>
                                                      0.000     0.000 r  clk
                         net (fo=265, unset)          0.432     0.432    clk
                         FDCE                                         r  hs_pending_reg/C
                         clock pessimism              0.000     0.432    <hidden>
                         FDCE (Hold_fdce_C_D)         0.120     0.552    hs_pending_reg
  -------------------------------------------------------------------
                         required time                         -0.552    <hidden>
                         arrival time                           0.816    <hidden>
  -------------------------------------------------------------------
                         slack                                  0.265    <hidden>





Pulse Width Checks
--------------------------------------------------------------------------------------
Clock Name:         clk
Waveform(ns):       { 0.000 5.000 }
Period(ns):         10.000
Sources:            { clk }

Check Type        Corner  Lib Pin             Reference Pin  Required(ns)  Actual(ns)  Slack(ns)  Location  Pin
Min Period        n/a     RAMB18E1/CLKARDCLK  n/a            2.944         10.000      7.056                gen_slot[0].lb/mem_reg/CLKARDCLK
Low Pulse Width   Slow    FDCE/C              n/a            0.500         5.000       4.500                committed_reg[0]/C
High Pulse Width  Slow    FDCE/C              n/a            0.500         5.000       4.500                committed_reg[0]/C



