Copyright 1986-2022 Xilinx, Inc. All Rights Reserved. Copyright 2022-2026 Advanced Micro Devices, Inc. All Rights Reserved.
---------------------------------------------------------------------------------------------------------------------------------------------
| Tool Version : Vivado v.2026.1 (win64) Build 6511674 Tue Jun 16 11:02:23 MDT 2026
| Date         : Tue Sep 29 02:14:51 2026
| Host         : never-die-cold running 64-bit major release  (build 9200)
| Command      : report_timing_summary -file build/reports/vision_ooc/scaler_timing.rpt
| Design       : scaler
| Device       : 7z020-clg400
| Speed File   : -1  PRODUCTION 1.12 2019-11-22
| Design State : Synthesized
---------------------------------------------------------------------------------------------------------------------------------------------

Timing Summary Report

------------------------------------------------------------------------------------------------
| Timer Settings
| --------------
------------------------------------------------------------------------------------------------

  Enable Multi Corner Analysis               :  Yes
  Enable Pessimism Removal                   :  Yes
  Pessimism Removal Resolution               :  Nearest Common Node
  Enable Input Delay Default Clock           :  No
  Enable Preset / Clear Arcs                 :  No
  Disable Flight Delays                      :  No
  Ignore I/O Paths                           :  No
  Timing Early Launch at Borrowing Latches   :  No
  Borrow Time for Max Delay Exceptions       :  Yes
  Merge Timing Exceptions                    :  Yes
  Inter-SLR Compensation                     :  Conservative

  Corner  Analyze    Analyze    
  Name    Max Paths  Min Paths  
  ------  ---------  ---------  
  Slow    Yes        Yes        
  Fast    Yes        Yes        


------------------------------------------------------------------------------------------------
| Report Methodology
| ------------------
------------------------------------------------------------------------------------------------

No report available as report_methodology has not been run prior. Run report_methodology on the current design for the summary of methodology violations.



check_timing report

Table of Contents
-----------------
1. checking no_clock (0)
2. checking constant_clock (0)
3. checking pulse_width_clock (0)
4. checking unconstrained_internal_endpoints (0)
5. checking no_input_delay (12)
6. checking no_output_delay (9)
7. checking multiple_clock (0)
8. checking generated_clocks (0)
9. checking loops (0)
10. checking partial_input_delay (0)
11. checking partial_output_delay (0)
12. checking latch_loops (0)

1. checking no_clock (0)
------------------------
 There are 0 register/latch pins with no clock.


2. checking constant_clock (0)
------------------------------
 There are 0 register/latch pins with constant_clock.


3. checking pulse_width_clock (0)
---------------------------------
 There are 0 register/latch pins which need pulse_width check


4. checking unconstrained_internal_endpoints (0)
------------------------------------------------
 There are 0 pins that are not constrained for maximum delay.

 There are 0 pins that are not constrained for maximum delay due to constant clock.


5. checking no_input_delay (12)
-------------------------------
 There are 12 input ports with no input delay specified. (HIGH)

 There are 0 input ports with no input delay but user has a false path constraint.


6. checking no_output_delay (9)
-------------------------------
 There are 9 ports with no output delay specified. (HIGH)

 There are 0 ports with no output delay but user has a false path constraint

 There are 0 ports with no output delay but with a timing clock defined on it or propagating through it


7. checking multiple_clock (0)
------------------------------
 There are 0 register/latch pins with multiple clocks.


8. checking generated_clocks (0)
--------------------------------
 There are 0 generated clocks that are not connected to a clock source.


9. checking loops (0)
---------------------
 There are 0 combinational loops in the design.


10. checking partial_input_delay (0)
------------------------------------
 There are 0 input ports with partial input delay specified.


11. checking partial_output_delay (0)
-------------------------------------
 There are 0 ports with partial output delay specified.


12. checking latch_loops (0)
----------------------------
 There are 0 combinational latch loops in the design through latch input



------------------------------------------------------------------------------------------------
| Design Timing Summary
| ---------------------
------------------------------------------------------------------------------------------------

    WNS(ns)      TNS(ns)  TNS Failing Endpoints  TNS Total Endpoints      WHS(ns)      THS(ns)  THS Failing Endpoints  THS Total Endpoints     WPWS(ns)     TPWS(ns)  TPWS Failing Endpoints  TPWS Total Endpoints  
    -------      -------  ---------------------  -------------------      -------      -------  ---------------------  -------------------     --------     --------  ----------------------  --------------------  
     -1.347       -3.939                      5                 1398        0.264        0.000                      0                 1398        3.750        0.000                       0                   483  


Timing constraints are not met.


------------------------------------------------------------------------------------------------
| Clock Summary
| -------------
------------------------------------------------------------------------------------------------

Clock  Waveform(ns)       Period(ns)      Frequency(MHz)
-----  ------------       ----------      --------------
clk    {0.000 5.000}      10.000          100.000         


------------------------------------------------------------------------------------------------
| Intra Clock Table
| -----------------
------------------------------------------------------------------------------------------------

Clock             WNS(ns)      TNS(ns)  TNS Failing Endpoints  TNS Total Endpoints      WHS(ns)      THS(ns)  THS Failing Endpoints  THS Total Endpoints     WPWS(ns)     TPWS(ns)  TPWS Failing Endpoints  TPWS Total Endpoints  
-----             -------      -------  ---------------------  -------------------      -------      -------  ---------------------  -------------------     --------     --------  ----------------------  --------------------  
clk                -1.347       -3.939                      5                 1398        0.264        0.000                      0                 1398        3.750        0.000                       0                   483  


------------------------------------------------------------------------------------------------
| Inter Clock Table
| -----------------
------------------------------------------------------------------------------------------------

From Clock    To Clock          WNS(ns)      TNS(ns)  TNS Failing Endpoints  TNS Total Endpoints      WHS(ns)      THS(ns)  THS Failing Endpoints  THS Total Endpoints  
----------    --------          -------      -------  ---------------------  -------------------      -------      -------  ---------------------  -------------------  


------------------------------------------------------------------------------------------------
| Other Path Groups Table
| -----------------------
------------------------------------------------------------------------------------------------

Path Group    From Clock    To Clock          WNS(ns)      TNS(ns)  TNS Failing Endpoints  TNS Total Endpoints      WHS(ns)      THS(ns)  THS Failing Endpoints  THS Total Endpoints  
----------    ----------    --------          -------      -------  ---------------------  -------------------      -------      -------  ---------------------  -------------------  


------------------------------------------------------------------------------------------------
| Timing Details
| --------------
------------------------------------------------------------------------------------------------


---------------------------------------------------------------------------------------------------
From Clock:  clk
  To Clock:  clk

Setup :            5  Failing Endpoints,  Worst Slack       -1.347ns,  Total Violation       -3.939ns
Hold  :            0  Failing Endpoints,  Worst Slack        0.264ns,  Total Violation        0.000ns
PW    :            0  Failing Endpoints,  Worst Slack        3.750ns,  Total Violation        0.000ns
---------------------------------------------------------------------------------------------------


Max Delay Paths
--------------------------------------------------------------------------------------
Slack (VIOLATED) :        -1.347ns  (required time - arrival time)
  Source:                 gen_slot[7].lb/rdata_reg[0]/C
                            (rising edge-triggered cell FDRE clocked by clk  {rise@0.000ns fall@5.000ns period=10.000ns})
  Destination:            out_y_reg[7]/D
                            (rising edge-triggered cell FDCE clocked by clk  {rise@0.000ns fall@5.000ns period=10.000ns})
  Path Group:             clk
  Path Type:              Setup (Max at Slow Process Corner)
  Requirement:            10.000ns  (clk rise@10.000ns - clk rise@0.000ns)
  Data Path Delay:        11.372ns  (logic 5.985ns (52.629%)  route 5.387ns (47.371%))
  Logic Levels:           16  (CARRY4=7 LUT2=2 LUT3=2 LUT4=1 LUT5=1 LUT6=1 MUXF7=1 MUXF8=1)
  Clock Path Skew:        -0.049ns (DCD - SCD + CPR)
    Destination Clock Delay (DCD):    0.924ns = ( 10.924 - 10.000 ) 
    Source Clock Delay      (SCD):    0.973ns
    Clock Pessimism Removal (CPR):    0.000ns
  Clock Uncertainty:      0.035ns  ((TSJ^2 + TIJ^2)^1/2 + DJ) / 2 + PE
    Total System Jitter     (TSJ):    0.071ns
    Total Input Jitter      (TIJ):    0.000ns
    Discrete Jitter          (DJ):    0.000ns
    Phase Error              (PE):    0.000ns

    Location             Delay type                Incr(ns)  Path(ns)    Netlist Resource(s)
  -------------------------------------------------------------------    -------------------
                         (clock clk rise edge)        0.000     0.000 r  <hidden>
                                                      0.000     0.000 r  clk
                         net (fo=482, unset)          0.973     0.973    gen_slot[7].lb/clk
                         FDRE                                         r  gen_slot[7].lb/rdata_reg[0]/C
  -------------------------------------------------------------------    -------------------
                         FDRE (Prop_fdre_C_Q)         0.518     1.491 r  gen_slot[7].lb/rdata_reg[0]/Q
                         net (fo=2, unplaced)         0.976     2.467    gen_slot[7].lb/rdata_reg_n_0_[0]
                         LUT6 (Prop_lut6_I0_O)        0.295     2.762 r  gen_slot[7].lb/p00r[0]_i_5/O
                         net (fo=1, unplaced)         0.000     2.762    gen_slot[3].lb/p00r_reg[0]_0
                         MUXF7 (Prop_muxf7_I1_O)      0.247     3.009 r  gen_slot[3].lb/p00r_reg[0]_i_2/O
                         net (fo=1, unplaced)         0.000     3.009    gen_slot[3].lb/p00r_reg[0]_i_2_n_0
                         MUXF8 (Prop_muxf8_I0_O)      0.098     3.107 r  gen_slot[3].lb/p00r_reg[0]_i_1/O
                         net (fo=5, unplaced)         0.639     3.746    gen_slot[3].lb/y0_slot_reg[3]_6
                         LUT4 (Prop_lut4_I0_O)        0.345     4.091 r  gen_slot[3].lb/out_y[5]_i_60/O
                         net (fo=1, unplaced)         0.000     4.091    gen_slot[3].lb/out_y[5]_i_60_n_0
                         CARRY4 (Prop_carry4_DI[0]_CO[2])
                                                      0.616     4.707 r  gen_slot[3].lb/out_y_reg[5]_i_36/CO[2]
                         net (fo=5, unplaced)         0.450     5.157    gen_slot[3].lb/out_y_reg[5]_i_36_n_1
                         LUT3 (Prop_lut3_I0_O)        0.310     5.467 r  gen_slot[3].lb/out_y[5]_i_53/O
                         net (fo=1, unplaced)         0.639     6.106    gen_slot[3].lb/out_y[5]_i_53_n_0
                         CARRY4 (Prop_carry4_DI[1]_O[2])
                                                      0.566     6.672 r  gen_slot[3].lb/out_y_reg[5]_i_35/O[2]
                         net (fo=1, unplaced)         0.452     7.124    gen_slot[3].lb/top0[13]
                         LUT2 (Prop_lut2_I1_O)        0.301     7.425 r  gen_slot[3].lb/out_y[5]_i_13/O
                         net (fo=1, unplaced)         0.000     7.425    gen_slot[3].lb/out_y[5]_i_13_n_0
                         CARRY4 (Prop_carry4_S[3]_O[3])
                                                      0.255     7.680 r  gen_slot[3].lb/out_y_reg[5]_i_7/O[3]
                         net (fo=4, unplaced)         0.624     8.304    gen_slot[3].lb/B[5]
                         LUT5 (Prop_lut5_I0_O)        0.307     8.611 r  gen_slot[3].lb/out_y[7]_i_35/O
                         net (fo=1, unplaced)         0.000     8.611    gen_slot[3].lb/out_y[7]_i_35_n_0
                         CARRY4 (Prop_carry4_S[0]_O[0])
                                                      0.252     8.863 r  gen_slot[3].lb/out_y_reg[7]_i_17/O[0]
                         net (fo=4, unplaced)         0.494     9.357    gen_slot[3].lb/out_y_reg[7]_i_17_n_7
                         LUT3 (Prop_lut3_I2_O)        0.295     9.652 r  gen_slot[3].lb/out_y[7]_i_7/O
                         net (fo=2, unplaced)         0.650    10.302    gen_slot[3].lb/out_y[7]_i_7_n_0
                         CARRY4 (Prop_carry4_DI[1]_O[2])
                                                      0.566    10.868 r  gen_slot[3].lb/out_y_reg[7]_i_2/O[2]
                         net (fo=2, unplaced)         0.463    11.331    gen_slot[3].lb/out_y_reg[7]_i_2_n_5
                         LUT2 (Prop_lut2_I0_O)        0.301    11.632 r  gen_slot[3].lb/out_y[5]_i_3/O
                         net (fo=1, unplaced)         0.000    11.632    gen_slot[3].lb/out_y[5]_i_3_n_0
                         CARRY4 (Prop_carry4_S[3]_CO[3])
                                                      0.376    12.008 r  gen_slot[3].lb/out_y_reg[5]_i_1/CO[3]
                         net (fo=1, unplaced)         0.000    12.008    gen_slot[3].lb/out_y_reg[5]_i_1_n_0
                         CARRY4 (Prop_carry4_CI_O[1])
                                                      0.337    12.345 r  gen_slot[3].lb/out_y_reg[7]_i_1/O[1]
                         net (fo=1, unplaced)         0.000    12.345    p_0_in[7]
                         FDCE                                         r  out_y_reg[7]/D
  -------------------------------------------------------------------    -------------------

                         (clock clk rise edge)       10.000    10.000 r  <hidden>
                                                      0.000    10.000 r  clk
                         net (fo=482, unset)          0.924    10.924    clk
                         FDCE                                         r  out_y_reg[7]/C
                         clock pessimism              0.000    10.924    <hidden>
                         clock uncertainty           -0.035    10.889    <hidden>
                         FDCE (Setup_fdce_C_D)        0.109    10.998    out_y_reg[7]
  -------------------------------------------------------------------
                         required time                         10.998    <hidden>
                         arrival time                         -12.345    <hidden>
  -------------------------------------------------------------------
                         slack                                 -1.347    <hidden>





Min Delay Paths
--------------------------------------------------------------------------------------
Slack (MET) :             0.264ns  (arrival time - required time)
  Source:                 wx_reg[3]/C
                            (rising edge-triggered cell FDCE clocked by clk  {rise@0.000ns fall@5.000ns period=10.000ns})
  Destination:            gen_slot[0].lb/mem_reg_0_15_0_5/RAMA/WADR3
                            (rising edge-triggered cell RAMD32 clocked by clk  {rise@0.000ns fall@5.000ns period=10.000ns})
  Path Group:             clk
  Path Type:              Hold (Min at Fast Process Corner)
  Requirement:            0.000ns  (clk rise@0.000ns - clk rise@0.000ns)
  Data Path Delay:        0.473ns  (logic 0.164ns (34.705%)  route 0.309ns (65.295%))
  Logic Levels:           0  
  Clock Path Skew:        0.022ns (DCD - SCD - CPR)
    Destination Clock Delay (DCD):    0.432ns
    Source Clock Delay      (SCD):    0.410ns
    Clock Pessimism Removal (CPR):    -0.000ns

    Location             Delay type                Incr(ns)  Path(ns)    Netlist Resource(s)
  -------------------------------------------------------------------    -------------------
                         (clock clk rise edge)        0.000     0.000 r  <hidden>
                                                      0.000     0.000 r  clk
                         net (fo=482, unset)          0.410     0.410    clk
                         FDCE                                         r  wx_reg[3]/C
  -------------------------------------------------------------------    -------------------
                         FDCE (Prop_fdce_C_Q)         0.164     0.574 r  wx_reg[3]/Q
                         net (fo=225, unplaced)       0.309     0.883    gen_slot[0].lb/mem_reg_0_15_0_5/ADDRD3
                         RAMD32                                       r  gen_slot[0].lb/mem_reg_0_15_0_5/RAMA/WADR3
  -------------------------------------------------------------------    -------------------

                         (clock clk rise edge)        0.000     0.000 r  <hidden>
                                                      0.000     0.000 r  clk
                         net (fo=482, unset)          0.432     0.432    gen_slot[0].lb/mem_reg_0_15_0_5/WCLK
                         RAMD32                                       r  gen_slot[0].lb/mem_reg_0_15_0_5/RAMA/CLK
                         clock pessimism              0.000     0.432    <hidden>
                         RAMD32 (Hold_ramd32_CLK_WADR3)
                                                      0.187     0.619    gen_slot[0].lb/mem_reg_0_15_0_5/RAMA
  -------------------------------------------------------------------
                         required time                         -0.619    <hidden>
                         arrival time                           0.883    <hidden>
  -------------------------------------------------------------------
                         slack                                  0.264    <hidden>





Pulse Width Checks
--------------------------------------------------------------------------------------
Clock Name:         clk
Waveform(ns):       { 0.000 5.000 }
Period(ns):         10.000
Sources:            { clk }

Check Type        Corner  Lib Pin     Reference Pin  Required(ns)  Actual(ns)  Slack(ns)  Location  Pin
Min Period        n/a     FDCE/C      n/a            1.000         10.000      9.000                committed_reg[0]/C
Low Pulse Width   Slow    RAMD32/CLK  n/a            1.250         5.000       3.750                gen_slot[0].lb/mem_reg_0_15_0_5/RAMA/CLK
High Pulse Width  Slow    RAMD32/CLK  n/a            1.250         5.000       3.750                gen_slot[0].lb/mem_reg_0_15_0_5/RAMA/CLK



