Copyright 1986-2022 Xilinx, Inc. All Rights Reserved. Copyright 2022-2026 Advanced Micro Devices, Inc. All Rights Reserved.
---------------------------------------------------------------------------------------------------------------------------------------------
| Tool Version : Vivado v.2026.1 (win64) Build 6511674 Tue Jun 16 11:02:23 MDT 2026
| Date         : Tue Sep 29 02:14:03 2026
| Host         : never-die-cold running 64-bit major release  (build 9200)
| Command      : report_timing_summary -file build/reports/vision_ooc/sobel_timing.rpt
| Design       : sobel
| Device       : 7z020-clg400
| Speed File   : -1  PRODUCTION 1.12 2019-11-22
| Design State : Synthesized
---------------------------------------------------------------------------------------------------------------------------------------------

Timing Summary Report

------------------------------------------------------------------------------------------------
| Timer Settings
| --------------
------------------------------------------------------------------------------------------------

  Enable Multi Corner Analysis               :  Yes
  Enable Pessimism Removal                   :  Yes
  Pessimism Removal Resolution               :  Nearest Common Node
  Enable Input Delay Default Clock           :  No
  Enable Preset / Clear Arcs                 :  No
  Disable Flight Delays                      :  No
  Ignore I/O Paths                           :  No
  Timing Early Launch at Borrowing Latches   :  No
  Borrow Time for Max Delay Exceptions       :  Yes
  Merge Timing Exceptions                    :  Yes
  Inter-SLR Compensation                     :  Conservative

  Corner  Analyze    Analyze    
  Name    Max Paths  Min Paths  
  ------  ---------  ---------  
  Slow    Yes        Yes        
  Fast    Yes        Yes        


------------------------------------------------------------------------------------------------
| Report Methodology
| ------------------
------------------------------------------------------------------------------------------------

No report available as report_methodology has not been run prior. Run report_methodology on the current design for the summary of methodology violations.



check_timing report

Table of Contents
-----------------
1. checking no_clock (0)
2. checking constant_clock (0)
3. checking pulse_width_clock (0)
4. checking unconstrained_internal_endpoints (0)
5. checking no_input_delay (12)
6. checking no_output_delay (11)
7. checking multiple_clock (0)
8. checking generated_clocks (0)
9. checking loops (0)
10. checking partial_input_delay (0)
11. checking partial_output_delay (0)
12. checking latch_loops (0)

1. checking no_clock (0)
------------------------
 There are 0 register/latch pins with no clock.


2. checking constant_clock (0)
------------------------------
 There are 0 register/latch pins with constant_clock.


3. checking pulse_width_clock (0)
---------------------------------
 There are 0 register/latch pins which need pulse_width check


4. checking unconstrained_internal_endpoints (0)
------------------------------------------------
 There are 0 pins that are not constrained for maximum delay.

 There are 0 pins that are not constrained for maximum delay due to constant clock.


5. checking no_input_delay (12)
-------------------------------
 There are 12 input ports with no input delay specified. (HIGH)

 There are 0 input ports with no input delay but user has a false path constraint.


6. checking no_output_delay (11)
--------------------------------
 There are 11 ports with no output delay specified. (HIGH)

 There are 0 ports with no output delay but user has a false path constraint

 There are 0 ports with no output delay but with a timing clock defined on it or propagating through it


7. checking multiple_clock (0)
------------------------------
 There are 0 register/latch pins with multiple clocks.


8. checking generated_clocks (0)
--------------------------------
 There are 0 generated clocks that are not connected to a clock source.


9. checking loops (0)
---------------------
 There are 0 combinational loops in the design.


10. checking partial_input_delay (0)
------------------------------------
 There are 0 input ports with partial input delay specified.


11. checking partial_output_delay (0)
-------------------------------------
 There are 0 ports with partial output delay specified.


12. checking latch_loops (0)
----------------------------
 There are 0 combinational latch loops in the design through latch input



------------------------------------------------------------------------------------------------
| Design Timing Summary
| ---------------------
------------------------------------------------------------------------------------------------

    WNS(ns)      TNS(ns)  TNS Failing Endpoints  TNS Total Endpoints      WHS(ns)      THS(ns)  THS Failing Endpoints  THS Total Endpoints     WPWS(ns)     TPWS(ns)  TPWS Failing Endpoints  TPWS Total Endpoints  
    -------      -------  ---------------------  -------------------      -------      -------  ---------------------  -------------------     --------     --------  ----------------------  --------------------  
     -1.439      -10.301                      8                  201        0.252        0.000                      0                  201        3.750        0.000                       0                   135  


Timing constraints are not met.


------------------------------------------------------------------------------------------------
| Clock Summary
| -------------
------------------------------------------------------------------------------------------------

Clock  Waveform(ns)       Period(ns)      Frequency(MHz)
-----  ------------       ----------      --------------
clk    {0.000 5.000}      10.000          100.000         


------------------------------------------------------------------------------------------------
| Intra Clock Table
| -----------------
------------------------------------------------------------------------------------------------

Clock             WNS(ns)      TNS(ns)  TNS Failing Endpoints  TNS Total Endpoints      WHS(ns)      THS(ns)  THS Failing Endpoints  THS Total Endpoints     WPWS(ns)     TPWS(ns)  TPWS Failing Endpoints  TPWS Total Endpoints  
-----             -------      -------  ---------------------  -------------------      -------      -------  ---------------------  -------------------     --------     --------  ----------------------  --------------------  
clk                -1.439      -10.301                      8                  201        0.252        0.000                      0                  201        3.750        0.000                       0                   135  


------------------------------------------------------------------------------------------------
| Inter Clock Table
| -----------------
------------------------------------------------------------------------------------------------

From Clock    To Clock          WNS(ns)      TNS(ns)  TNS Failing Endpoints  TNS Total Endpoints      WHS(ns)      THS(ns)  THS Failing Endpoints  THS Total Endpoints  
----------    --------          -------      -------  ---------------------  -------------------      -------      -------  ---------------------  -------------------  


------------------------------------------------------------------------------------------------
| Other Path Groups Table
| -----------------------
------------------------------------------------------------------------------------------------

Path Group    From Clock    To Clock          WNS(ns)      TNS(ns)  TNS Failing Endpoints  TNS Total Endpoints      WHS(ns)      THS(ns)  THS Failing Endpoints  THS Total Endpoints  
----------    ----------    --------          -------      -------  ---------------------  -------------------      -------      -------  ---------------------  -------------------  


------------------------------------------------------------------------------------------------
| Timing Details
| --------------
------------------------------------------------------------------------------------------------


---------------------------------------------------------------------------------------------------
From Clock:  clk
  To Clock:  clk

Setup :            8  Failing Endpoints,  Worst Slack       -1.439ns,  Total Violation      -10.301ns
Hold  :            0  Failing Endpoints,  Worst Slack        0.252ns,  Total Violation        0.000ns
PW    :            0  Failing Endpoints,  Worst Slack        3.750ns,  Total Violation        0.000ns
---------------------------------------------------------------------------------------------------


Max Delay Paths
--------------------------------------------------------------------------------------
Slack (VIOLATED) :        -1.439ns  (required time - arrival time)
  Source:                 xd2_reg[3]/C
                            (rising edge-triggered cell FDCE clocked by clk  {rise@0.000ns fall@5.000ns period=10.000ns})
  Destination:            out_g_reg[6]/D
                            (rising edge-triggered cell FDCE clocked by clk  {rise@0.000ns fall@5.000ns period=10.000ns})
  Path Group:             clk
  Path Type:              Setup (Max at Slow Process Corner)
  Requirement:            10.000ns  (clk rise@10.000ns - clk rise@0.000ns)
  Data Path Delay:        11.432ns  (logic 5.569ns (48.714%)  route 5.863ns (51.286%))
  Logic Levels:           15  (CARRY4=7 LUT2=1 LUT3=1 LUT4=1 LUT5=3 LUT6=2)
  Clock Path Skew:        -0.049ns (DCD - SCD + CPR)
    Destination Clock Delay (DCD):    0.924ns = ( 10.924 - 10.000 ) 
    Source Clock Delay      (SCD):    0.973ns
    Clock Pessimism Removal (CPR):    0.000ns
  Clock Uncertainty:      0.035ns  ((TSJ^2 + TIJ^2)^1/2 + DJ) / 2 + PE
    Total System Jitter     (TSJ):    0.071ns
    Total Input Jitter      (TIJ):    0.000ns
    Discrete Jitter          (DJ):    0.000ns
    Phase Error              (PE):    0.000ns

    Location             Delay type                Incr(ns)  Path(ns)    Netlist Resource(s)
  -------------------------------------------------------------------    -------------------
                         (clock clk rise edge)        0.000     0.000 r  <hidden>
                                                      0.000     0.000 r  clk
                         net (fo=134, unset)          0.973     0.973    clk
                         FDCE                                         r  xd2_reg[3]/C
  -------------------------------------------------------------------    -------------------
                         FDCE (Prop_fdce_C_Q)         0.518     1.491 r  xd2_reg[3]/Q
                         net (fo=2, unplaced)         0.817     2.308    lb1/out_g[7]_i_89[3]
                         LUT5 (Prop_lut5_I0_O)        0.321     2.629 r  lb1/out_g[7]_i_90/O
                         net (fo=26, unplaced)        0.515     3.144    lb1/right_edge
                         LUT6 (Prop_lut6_I5_O)        0.124     3.268 r  lb1/out_g[3]_i_55/O
                         net (fo=4, unplaced)         0.473     3.741    lb1/A[1]
                         LUT5 (Prop_lut5_I4_O)        0.124     3.865 r  lb1/out_g[3]_i_57/O
                         net (fo=6, unplaced)         0.481     4.346    lb1/out_g[3]_i_57_n_0
                         LUT6 (Prop_lut6_I5_O)        0.124     4.470 r  lb1/out_g[3]_i_68/O
                         net (fo=1, unplaced)         0.639     5.109    lb1/out_g[3]_i_68_n_0
                         CARRY4 (Prop_carry4_DI[1]_CO[3])
                                                      0.520     5.629 r  lb1/out_g_reg[3]_i_44/CO[3]
                         net (fo=1, unplaced)         0.009     5.638    lb1/out_g_reg[3]_i_44_n_0
                         CARRY4 (Prop_carry4_CI_O[3])
                                                      0.331     5.969 r  lb1/out_g_reg[7]_i_71/O[3]
                         net (fo=4, unplaced)         0.832     6.801    lb1/out_g[7]_i_137_0[7]
                         LUT4 (Prop_lut4_I0_O)        0.340     7.141 r  lb1/out_g[7]_i_139/O
                         net (fo=1, unplaced)         0.000     7.141    lb1/out_g[7]_i_139_n_0
                         CARRY4 (Prop_carry4_DI[3]_CO[3])
                                                      0.429     7.570 r  lb1/out_g_reg[7]_i_93/CO[3]
                         net (fo=1, unplaced)         0.009     7.579    lb0/out_g[7]_i_30_0[0]
                         CARRY4 (Prop_carry4_CI_CO[0])
                                                      0.281     7.860 r  lb0/out_g_reg[7]_i_52/CO[0]
                         net (fo=10, unplaced)        0.354     8.214    lb0/gy1
                         LUT3 (Prop_lut3_I1_O)        0.359     8.573 r  lb0/out_g[3]_i_22/O
                         net (fo=1, unplaced)         0.000     8.573    lb0/out_g[3]_i_22_n_0
                         CARRY4 (Prop_carry4_DI[0]_CO[3])
                                                      0.576     9.149 r  lb0/out_g_reg[3]_i_16/CO[3]
                         net (fo=1, unplaced)         0.009     9.158    lb0/out_g_reg[3]_i_16_n_0
                         CARRY4 (Prop_carry4_CI_O[1])
                                                      0.337     9.495 r  lb0/out_g_reg[7]_i_26/O[1]
                         net (fo=1, unplaced)         0.611    10.106    lb0/gy[5]
                         LUT2 (Prop_lut2_I1_O)        0.306    10.412 r  lb0/out_g[7]_i_11/O
                         net (fo=1, unplaced)         0.000    10.412    lb0/out_g[7]_i_11_n_0
                         CARRY4 (Prop_carry4_S[1]_O[2])
                                                      0.578    10.990 r  lb0/out_g_reg[7]_i_3/O[2]
                         net (fo=1, unplaced)         1.114    12.104    lb0/out_g_reg[7]_i_3_n_5
                         LUT5 (Prop_lut5_I4_O)        0.301    12.405 r  lb0/out_g[6]_i_1/O
                         net (fo=1, unplaced)         0.000    12.405    p_0_in[6]
                         FDCE                                         r  out_g_reg[6]/D
  -------------------------------------------------------------------    -------------------

                         (clock clk rise edge)       10.000    10.000 r  <hidden>
                                                      0.000    10.000 r  clk
                         net (fo=134, unset)          0.924    10.924    clk
                         FDCE                                         r  out_g_reg[6]/C
                         clock pessimism              0.000    10.924    <hidden>
                         clock uncertainty           -0.035    10.889    <hidden>
                         FDCE (Setup_fdce_C_D)        0.077    10.966    out_g_reg[6]
  -------------------------------------------------------------------
                         required time                         10.966    <hidden>
                         arrival time                         -12.405    <hidden>
  -------------------------------------------------------------------
                         slack                                 -1.439    <hidden>





Min Delay Paths
--------------------------------------------------------------------------------------
Slack (MET) :             0.252ns  (arrival time - required time)
  Source:                 de_d2_reg/C
                            (rising edge-triggered cell FDCE clocked by clk  {rise@0.000ns fall@5.000ns period=10.000ns})
  Destination:            out_de_reg/D
                            (rising edge-triggered cell FDCE clocked by clk  {rise@0.000ns fall@5.000ns period=10.000ns})
  Path Group:             clk
  Path Type:              Hold (Min at Fast Process Corner)
  Requirement:            0.000ns  (clk rise@0.000ns - clk rise@0.000ns)
  Data Path Delay:        0.393ns  (logic 0.262ns (66.651%)  route 0.131ns (33.349%))
  Logic Levels:           1  (LUT5=1)
  Clock Path Skew:        0.022ns (DCD - SCD - CPR)
    Destination Clock Delay (DCD):    0.432ns
    Source Clock Delay      (SCD):    0.410ns
    Clock Pessimism Removal (CPR):    -0.000ns

    Location             Delay type                Incr(ns)  Path(ns)    Netlist Resource(s)
  -------------------------------------------------------------------    -------------------
                         (clock clk rise edge)        0.000     0.000 r  <hidden>
                                                      0.000     0.000 r  clk
                         net (fo=134, unset)          0.410     0.410    clk
                         FDCE                                         r  de_d2_reg/C
  -------------------------------------------------------------------    -------------------
                         FDCE (Prop_fdce_C_Q)         0.164     0.574 r  de_d2_reg/Q
                         net (fo=1, unplaced)         0.131     0.705    de_d2
                         LUT5 (Prop_lut5_I4_O)        0.098     0.803 r  out_de_i_1/O
                         net (fo=1, unplaced)         0.000     0.803    out_de0
                         FDCE                                         r  out_de_reg/D
  -------------------------------------------------------------------    -------------------

                         (clock clk rise edge)        0.000     0.000 r  <hidden>
                                                      0.000     0.000 r  clk
                         net (fo=134, unset)          0.432     0.432    clk
                         FDCE                                         r  out_de_reg/C
                         clock pessimism              0.000     0.432    <hidden>
                         FDCE (Hold_fdce_C_D)         0.120     0.552    out_de_reg
  -------------------------------------------------------------------
                         required time                         -0.552    <hidden>
                         arrival time                           0.803    <hidden>
  -------------------------------------------------------------------
                         slack                                  0.252    <hidden>





Pulse Width Checks
--------------------------------------------------------------------------------------
Clock Name:         clk
Waveform(ns):       { 0.000 5.000 }
Period(ns):         10.000
Sources:            { clk }

Check Type        Corner  Lib Pin     Reference Pin  Required(ns)  Actual(ns)  Slack(ns)  Location  Pin
Min Period        n/a     FDRE/C      n/a            1.000         10.000      9.000                a0_reg[0]/C
Low Pulse Width   Slow    RAMS32/CLK  n/a            1.250         5.000       3.750                lb0/mem_reg_0_15_0_0/SP/CLK
High Pulse Width  Slow    RAMS32/CLK  n/a            1.250         5.000       3.750                lb0/mem_reg_0_15_0_0/SP/CLK



