200 INFO: PyInstaller: 6.16.0, contrib hooks: 2026.8
200 INFO: Python: 3.13.5
230 INFO: Platform: Windows-11-10.0.26200-SP0
231 INFO: Python environment: C:\Users\涛\AppData\Local\Programs\Python\Python313
232 INFO: wrote sim/build/vision-client\vision_preview.spec
234 INFO: Module search paths (PYTHONPATH):
['D:\\Desktop\\contests\\2026fpga\\FPGA-Alittle-Design\\sim\\build\\exe-wt',
 'D:\\Desktop\\contests\\2026fpga\\FPGA-Alittle-Design\\sim\\build\\exe-wt\\sim\\build\\vision-client-deps',
 'D:\\Desktop\\contests\\2026fpga\\FPGA-Alittle-Design\\sim\\build\\exe-wt',
 'C:\\Users\\涛\\AppData\\Local\\Programs\\Python\\Python313\\python313.zip',
 'C:\\Users\\涛\\AppData\\Local\\Programs\\Python\\Python313\\DLLs',
 'C:\\Users\\涛\\AppData\\Local\\Programs\\Python\\Python313\\Lib',
 'C:\\Users\\涛\\AppData\\Local\\Programs\\Python\\Python313',
 'C:\\Users\\涛\\AppData\\Roaming\\Python\\Python313\\site-packages',
 'C:\\Users\\涛\\AppData\\Local\\Programs\\Python\\Python313\\Lib\\site-packages',
 'D:\\Desktop\\contests\\2026fpga\\FPGA-Alittle-Design\\sim\\build\\exe-wt\\src\\vision_client',
 'D:\\Desktop\\contests\\2026fpga\\FPGA-Alittle-Design\\sim\\build\\exe-wt\\src\\pynq_host']
498 INFO: checking Analysis
508 INFO: Building because D:\Desktop\contests\2026fpga\FPGA-Alittle-Design\sim\build\exe-wt\src\vision_client\preview.py changed
508 INFO: Looking for Python shared library...
508 INFO: Using Python shared library: C:\Users\涛\AppData\Local\Programs\Python\Python313\python313.dll
508 INFO: Running Analysis Analysis-00.toc
508 INFO: Target bytecode optimization level: 0
508 INFO: Initializing module dependency graph...
510 INFO: Initializing module graph hook caches...
530 INFO: Analyzing modules for base_library.zip ...
1527 INFO: Processing standard module hook 'hook-encodings.py' from 'D:\\Desktop\\contests\\2026fpga\\FPGA-Alittle-Design\\sim\\build\\exe-wt\\sim\\build\\vision-client-deps\\PyInstaller\\hooks'
2706 INFO: Processing standard module hook 'hook-pickle.py' from 'D:\\Desktop\\contests\\2026fpga\\FPGA-Alittle-Design\\sim\\build\\exe-wt\\sim\\build\\vision-client-deps\\PyInstaller\\hooks'
3404 INFO: Processing standard module hook 'hook-heapq.py' from 'D:\\Desktop\\contests\\2026fpga\\FPGA-Alittle-Design\\sim\\build\\exe-wt\\sim\\build\\vision-client-deps\\PyInstaller\\hooks'
3732 INFO: Caching module dependency graph...
3754 INFO: Analyzing D:\Desktop\contests\2026fpga\FPGA-Alittle-Design\sim\build\exe-wt\src\vision_client\preview.py
3988 INFO: Processing standard module hook 'hook-cv2.py' from 'D:\\Desktop\\contests\\2026fpga\\FPGA-Alittle-Design\\sim\\build\\exe-wt\\sim\\build\\vision-client-deps\\_pyinstaller_hooks_contrib\\stdhooks'
4320 INFO: Processing standard module hook 'hook-numpy.py' from 'D:\\Desktop\\contests\\2026fpga\\FPGA-Alittle-Design\\sim\\build\\exe-wt\\sim\\build\\vision-client-deps\\PyInstaller\\hooks'
4606 INFO: Processing standard module hook 'hook-platform.py' from 'D:\\Desktop\\contests\\2026fpga\\FPGA-Alittle-Design\\sim\\build\\exe-wt\\sim\\build\\vision-client-deps\\PyInstaller\\hooks'
4622 INFO: Processing standard module hook 'hook-_ctypes.py' from 'D:\\Desktop\\contests\\2026fpga\\FPGA-Alittle-Design\\sim\\build\\exe-wt\\sim\\build\\vision-client-deps\\PyInstaller\\hooks'
4766 INFO: Processing standard module hook 'hook-sysconfig.py' from 'D:\\Desktop\\contests\\2026fpga\\FPGA-Alittle-Design\\sim\\build\\exe-wt\\sim\\build\\vision-client-deps\\PyInstaller\\hooks'
5255 INFO: Processing standard module hook 'hook-difflib.py' from 'D:\\Desktop\\contests\\2026fpga\\FPGA-Alittle-Design\\sim\\build\\exe-wt\\sim\\build\\vision-client-deps\\PyInstaller\\hooks'
5438 INFO: Processing standard module hook 'hook-multiprocessing.util.py' from 'D:\\Desktop\\contests\\2026fpga\\FPGA-Alittle-Design\\sim\\build\\exe-wt\\sim\\build\\vision-client-deps\\PyInstaller\\hooks'
5497 INFO: Processing standard module hook 'hook-xml.py' from 'D:\\Desktop\\contests\\2026fpga\\FPGA-Alittle-Design\\sim\\build\\exe-wt\\sim\\build\\vision-client-deps\\PyInstaller\\hooks'
6400 INFO: Processing pre-safe-import-module hook 'hook-typing_extensions.py' from 'D:\\Desktop\\contests\\2026fpga\\FPGA-Alittle-Design\\sim\\build\\exe-wt\\sim\\build\\vision-client-deps\\PyInstaller\\hooks\\pre_safe_import_module'
6403 INFO: SetuptoolsInfo: initializing cached setuptools info...
7450 INFO: Processing module hooks (post-graph stage)...
7514 INFO: Performing binary vs. data reclassification (7 entries)
7518 INFO: Looking for ctypes DLLs
7536 INFO: Analyzing run-time hooks ...
7538 INFO: Including run-time hook 'pyi_rth_inspect.py' from 'D:\\Desktop\\contests\\2026fpga\\FPGA-Alittle-Design\\sim\\build\\exe-wt\\sim\\build\\vision-client-deps\\PyInstaller\\hooks\\rthooks'
7541 INFO: Including run-time hook 'pyi_rth_pkgutil.py' from 'D:\\Desktop\\contests\\2026fpga\\FPGA-Alittle-Design\\sim\\build\\exe-wt\\sim\\build\\vision-client-deps\\PyInstaller\\hooks\\rthooks'
7543 INFO: Including run-time hook 'pyi_rth_multiprocessing.py' from 'D:\\Desktop\\contests\\2026fpga\\FPGA-Alittle-Design\\sim\\build\\exe-wt\\sim\\build\\vision-client-deps\\PyInstaller\\hooks\\rthooks'
7549 INFO: Creating base_library.zip...
7563 INFO: Looking for dynamic libraries
7882 INFO: Extra DLL search directories (AddDllDirectory): ['D:\\Desktop\\contests\\2026fpga\\FPGA-Alittle-Design\\sim\\build\\exe-wt\\sim\\build\\vision-client-deps\\numpy.libs', 'D:\\Desktop\\contests\\2026fpga\\FPGA-Alittle-Design\\sim\\build\\exe-wt\\sim\\build\\vision-client-deps\\cv2\\../../x64/vc17/bin']
7882 INFO: Extra DLL search directories (PATH): ['D:\\Desktop\\contests\\2026fpga\\FPGA-Alittle-Design\\sim\\build\\exe-wt\\sim\\build\\vision-client-deps\\cv2\\../../x64/vc17/bin']
8262 INFO: Warnings written to D:\Desktop\contests\2026fpga\FPGA-Alittle-Design\sim\build\exe-wt\sim\build\vision-client\build\vision_preview\warn-vision_preview.txt
8283 INFO: Graph cross-reference written to D:\Desktop\contests\2026fpga\FPGA-Alittle-Design\sim\build\exe-wt\sim\build\vision-client\build\vision_preview\xref-vision_preview.html
8301 INFO: checking PYZ
8309 INFO: checking PKG
8309 INFO: Building because D:\Desktop\contests\2026fpga\FPGA-Alittle-Design\sim\build\exe-wt\src\vision_client\preview.py changed
8309 INFO: Building PKG (CArchive) vision_preview.pkg
8329 INFO: Building PKG (CArchive) vision_preview.pkg completed successfully.
8330 INFO: Bootloader D:\Desktop\contests\2026fpga\FPGA-Alittle-Design\sim\build\exe-wt\sim\build\vision-client-deps\PyInstaller\bootloader\Windows-64bit-intel\run.exe
8330 INFO: checking EXE
8332 INFO: Rebuilding EXE-00.toc because pkg is more recent
8332 INFO: Building EXE from EXE-00.toc
8332 INFO: Copying bootloader EXE to D:\Desktop\contests\2026fpga\FPGA-Alittle-Design\sim\build\exe-wt\sim\build\vision-client\build\vision_preview\vision_preview.exe
8341 INFO: Copying icon to EXE
8348 INFO: Copying 0 resources to EXE
8348 INFO: Embedding manifest in EXE
8355 INFO: Appending PKG archive to EXE
8361 INFO: Fixing EXE headers
8405 INFO: Building EXE from EXE-00.toc completed successfully.
8407 INFO: checking COLLECT
8408 INFO: Removing dir D:\Desktop\contests\2026fpga\FPGA-Alittle-Design\sim\build\exe-wt\sim\build\vision-client\dist\vision_preview
8496 INFO: Building COLLECT COLLECT-00.toc
8688 INFO: Building COLLECT COLLECT-00.toc completed successfully.
8690 INFO: Build complete! The results are available in: D:\Desktop\contests\2026fpga\FPGA-Alittle-Design\sim\build\exe-wt\sim\build\vision-client\dist
PASS: preview mock renderer packaged runtime
PASS: packaged EXE HTTP mock preview + unreachable route rejects, no UVC/board access
PASS: Windows M2 preview EXE build + packaged renderer test
