Copyright 1986-2022 Xilinx, Inc. All Rights Reserved. Copyright 2022-2026 Advanced Micro Devices, Inc. All Rights Reserved.
------------------------------------------------------------------------------------------------------------------------------------------------------
| Tool Version : Vivado v.2026.1 (win64) Build 6511674 Tue Jun 16 11:02:23 MDT 2026
| Date         : Wed Oct  7 16:38:32 2026
| Host         : never-die-cold running 64-bit major release  (build 9200)
| Command      : report_timing_summary -file E:/Projects/FPGA-Alittle-Design/build/reports/fmax/v1_bht2_11p52_postopt/timing_impl.rpt -delay_type max
| Design       : core_top
| Device       : 7z020-clg400
| Speed File   : -1  PRODUCTION 1.12 2019-11-22
| Design State : Routed
------------------------------------------------------------------------------------------------------------------------------------------------------

Timing Summary Report

------------------------------------------------------------------------------------------------
| Timer Settings
| --------------
------------------------------------------------------------------------------------------------

  Enable Multi Corner Analysis               :  Yes
  Enable Pessimism Removal                   :  Yes
  Pessimism Removal Resolution               :  Nearest Common Node
  Enable Input Delay Default Clock           :  No
  Enable Preset / Clear Arcs                 :  No
  Disable Flight Delays                      :  No
  Ignore I/O Paths                           :  No
  Timing Early Launch at Borrowing Latches   :  No
  Borrow Time for Max Delay Exceptions       :  Yes
  Merge Timing Exceptions                    :  Yes
  Inter-SLR Compensation                     :  Conservative

  Corner  Analyze    Analyze    
  Name    Max Paths  Min Paths  
  ------  ---------  ---------  
  Slow    Yes        Yes        
  Fast    Yes        Yes        


------------------------------------------------------------------------------------------------
| Report Methodology
| ------------------
------------------------------------------------------------------------------------------------

No report available as report_methodology has not been run prior. Run report_methodology on the current design for the summary of methodology violations.



check_timing report

Table of Contents
-----------------
1. checking no_clock (0)
2. checking constant_clock (0)
3. checking pulse_width_clock (0)
4. checking unconstrained_internal_endpoints (0)
5. checking no_input_delay (65)
6. checking no_output_delay (101)
7. checking multiple_clock (0)
8. checking generated_clocks (0)
9. checking loops (0)
10. checking partial_input_delay (0)
11. checking partial_output_delay (0)
12. checking latch_loops (0)

1. checking no_clock (0)
------------------------
 There are 0 register/latch pins with no clock.


2. checking constant_clock (0)
------------------------------
 There are 0 register/latch pins with constant_clock.


3. checking pulse_width_clock (0)
---------------------------------
 There are 0 register/latch pins which need pulse_width check


4. checking unconstrained_internal_endpoints (0)
------------------------------------------------
 There are 0 pins that are not constrained for maximum delay.

 There are 0 pins that are not constrained for maximum delay due to constant clock.


5. checking no_input_delay (65)
-------------------------------
 There are 65 input ports with no input delay specified. (HIGH)

 There are 0 input ports with no input delay but user has a false path constraint.


6. checking no_output_delay (101)
---------------------------------
 There are 101 ports with no output delay specified. (HIGH)

 There are 0 ports with no output delay but user has a false path constraint

 There are 0 ports with no output delay but with a timing clock defined on it or propagating through it


7. checking multiple_clock (0)
------------------------------
 There are 0 register/latch pins with multiple clocks.


8. checking generated_clocks (0)
--------------------------------
 There are 0 generated clocks that are not connected to a clock source.


9. checking loops (0)
---------------------
 There are 0 combinational loops in the design.


10. checking partial_input_delay (0)
------------------------------------
 There are 0 input ports with partial input delay specified.


11. checking partial_output_delay (0)
-------------------------------------
 There are 0 ports with partial output delay specified.


12. checking latch_loops (0)
----------------------------
 There are 0 combinational latch loops in the design through latch input



------------------------------------------------------------------------------------------------
| Design Timing Summary
| ---------------------
------------------------------------------------------------------------------------------------

    WNS(ns)      TNS(ns)  TNS Failing Endpoints  TNS Total Endpoints     WPWS(ns)     TPWS(ns)  TPWS Failing Endpoints  TPWS Total Endpoints  
    -------      -------  ---------------------  -------------------     --------     --------  ----------------------  --------------------  
      0.538        0.000                      0                 1602        4.510        0.000                       0                   725  


All user specified timing constraints are met.


------------------------------------------------------------------------------------------------
| Clock Summary
| -------------
------------------------------------------------------------------------------------------------

Clock    Waveform(ns)       Period(ns)      Frequency(MHz)
-----    ------------       ----------      --------------
sys_clk  {0.000 5.760}      11.520          86.806          


------------------------------------------------------------------------------------------------
| Intra Clock Table
| -----------------
------------------------------------------------------------------------------------------------

Clock             WNS(ns)      TNS(ns)  TNS Failing Endpoints  TNS Total Endpoints     WPWS(ns)     TPWS(ns)  TPWS Failing Endpoints  TPWS Total Endpoints  
-----             -------      -------  ---------------------  -------------------     --------     --------  ----------------------  --------------------  
sys_clk             0.538        0.000                      0                 1602        4.510        0.000                       0                   725  


------------------------------------------------------------------------------------------------
| Inter Clock Table
| -----------------
------------------------------------------------------------------------------------------------

From Clock    To Clock          WNS(ns)      TNS(ns)  TNS Failing Endpoints  TNS Total Endpoints  
----------    --------          -------      -------  ---------------------  -------------------  


------------------------------------------------------------------------------------------------
| Other Path Groups Table
| -----------------------
------------------------------------------------------------------------------------------------

Path Group    From Clock    To Clock          WNS(ns)      TNS(ns)  TNS Failing Endpoints  TNS Total Endpoints  
----------    ----------    --------          -------      -------  ---------------------  -------------------  


------------------------------------------------------------------------------------------------
| Timing Details
| --------------
------------------------------------------------------------------------------------------------


---------------------------------------------------------------------------------------------------
From Clock:  sys_clk
  To Clock:  sys_clk

Setup :            0  Failing Endpoints,  Worst Slack        0.538ns,  Total Violation        0.000ns
Hold  :           NA  Failing Endpoints,  Worst Slack           NA  ,  Total Violation           NA
PW    :            0  Failing Endpoints,  Worst Slack        4.510ns,  Total Violation        0.000ns
---------------------------------------------------------------------------------------------------


Max Delay Paths
--------------------------------------------------------------------------------------
Slack (MET) :             0.538ns  (required time - arrival time)
  Source:                 u_if_stage/stall_q_reg/C
                            (rising edge-triggered cell FDCE clocked by sys_clk  {rise@0.000ns fall@5.760ns period=11.520ns})
  Destination:            u_pc/pc_reg[30]/D
                            (rising edge-triggered cell FDCE clocked by sys_clk  {rise@0.000ns fall@5.760ns period=11.520ns})
  Path Group:             sys_clk
  Path Type:              Setup (Max at Slow Process Corner)
  Requirement:            11.520ns  (sys_clk rise@11.520ns - sys_clk rise@0.000ns)
  Data Path Delay:        10.920ns  (logic 2.435ns (22.298%)  route 8.485ns (77.702%))
  Logic Levels:           12  (CARRY4=3 LUT3=1 LUT4=2 LUT5=1 LUT6=4 RAMD32=1)
  Clock Path Skew:        -0.058ns (DCD - SCD + CPR)
    Destination Clock Delay (DCD):    1.551ns = ( 13.071 - 11.520 ) 
    Source Clock Delay      (SCD):    1.724ns
    Clock Pessimism Removal (CPR):    0.115ns
  Clock Uncertainty:      0.035ns  ((TSJ^2 + TIJ^2)^1/2 + DJ) / 2 + PE
    Total System Jitter     (TSJ):    0.071ns
    Total Input Jitter      (TIJ):    0.000ns
    Discrete Jitter          (DJ):    0.000ns
    Phase Error              (PE):    0.000ns

    Location             Delay type                Incr(ns)  Path(ns)    Netlist Resource(s)
  -------------------------------------------------------------------    -------------------
                         (clock sys_clk rise edge)    0.000     0.000 r  <hidden>
                                                      0.000     0.000 r  clk
                         net (fo=724, unset)          1.724     1.724    u_if_stage/clk
    SLICE_X55Y12         FDCE                                         r  u_if_stage/stall_q_reg/C
  -------------------------------------------------------------------    -------------------
    SLICE_X55Y12         FDCE (Prop_fdce_C_Q)         0.456     2.180 r  u_if_stage/stall_q_reg/Q
                         net (fo=155, routed)         0.752     2.932    u_if_stage/stall_q
    SLICE_X55Y12         LUT3 (Prop_lut3_I2_O)        0.124     3.056 r  u_if_stage/regs_reg_r1_0_31_0_5_i_9/O
                         net (fo=70, routed)          0.991     4.047    u_regfile/regs_reg_r1_0_31_12_17/ADDRB3
    SLICE_X54Y11         RAMD32 (Prop_ramd32_RADR3_O)
                                                      0.150     4.197 f  u_regfile/regs_reg_r1_0_31_12_17/RAMB/O
                         net (fo=2, routed)           0.830     5.027    u_regfile/rdata10[14]
    SLICE_X54Y14         LUT6 (Prop_lut6_I0_O)        0.348     5.375 f  u_regfile/multiplicand[14]_i_3/O
                         net (fo=2, routed)           0.694     6.069    u_if_stage/rdata1[14]
    SLICE_X54Y14         LUT6 (Prop_lut6_I0_O)        0.124     6.193 f  u_if_stage/multiplicand[14]_i_2/O
                         net (fo=4, routed)           1.131     7.324    u_if_stage/rs1_fwd[14]
    SLICE_X53Y8          LUT4 (Prop_lut4_I3_O)        0.124     7.448 r  u_if_stage/imem_addr[31]_INST_0_i_88/O
                         net (fo=2, routed)           0.718     8.166    u_if_stage/imem_addr[31]_INST_0_i_88_n_0
    SLICE_X55Y8          CARRY4 (Prop_carry4_DI[3]_CO[3])
                                                      0.385     8.551 r  u_if_stage/imem_addr[31]_INST_0_i_58/CO[3]
                         net (fo=1, routed)           0.000     8.551    u_if_stage/imem_addr[31]_INST_0_i_58_n_0
    SLICE_X55Y9          CARRY4 (Prop_carry4_CI_CO[3])
                                                      0.114     8.665 r  u_if_stage/imem_addr[31]_INST_0_i_33/CO[3]
                         net (fo=1, routed)           0.000     8.665    u_if_stage/imem_addr[31]_INST_0_i_33_n_0
    SLICE_X55Y10         CARRY4 (Prop_carry4_CI_CO[3])
                                                      0.114     8.779 r  u_if_stage/imem_addr[31]_INST_0_i_22/CO[3]
                         net (fo=1, routed)           0.867     9.646    u_if_stage/u_id_ex/data2
    SLICE_X61Y10         LUT6 (Prop_lut6_I5_O)        0.124     9.770 f  u_if_stage/imem_addr[31]_INST_0_i_7/O
                         net (fo=60, routed)          0.409    10.178    u_if_stage/branch_taken
    SLICE_X62Y10         LUT4 (Prop_lut4_I3_O)        0.124    10.302 f  u_if_stage/imem_addr[31]_INST_0_i_6/O
                         net (fo=28, routed)          0.729    11.032    u_if_stage/imem_addr[31]_INST_0_i_6_n_0
    SLICE_X71Y7          LUT5 (Prop_lut5_I3_O)        0.124    11.156 r  u_if_stage/imem_addr[31]_INST_0_i_1/O
                         net (fo=64, routed)          1.365    12.520    u_if_stage/pc_sel[0]
    SLICE_X68Y16         LUT6 (Prop_lut6_I4_O)        0.124    12.644 r  u_if_stage/pc[30]_i_1/O
                         net (fo=1, routed)           0.000    12.644    u_pc/pc_reg[31]_2[30]
    SLICE_X68Y16         FDCE                                         r  u_pc/pc_reg[30]/D
  -------------------------------------------------------------------    -------------------

                         (clock sys_clk rise edge)   11.520    11.520 r  <hidden>
                                                      0.000    11.520 r  clk
                         net (fo=724, unset)          1.551    13.071    u_pc/clk
    SLICE_X68Y16         FDCE                                         r  u_pc/pc_reg[30]/C
                         clock pessimism              0.115    13.186    <hidden>
                         clock uncertainty           -0.035    13.151    <hidden>
    SLICE_X68Y16         FDCE (Setup_fdce_C_D)        0.031    13.182    u_pc/pc_reg[30]
  -------------------------------------------------------------------
                         required time                         13.182    <hidden>
                         arrival time                         -12.644    <hidden>
  -------------------------------------------------------------------
                         slack                                  0.538    <hidden>





Pulse Width Checks
--------------------------------------------------------------------------------------
Clock Name:         sys_clk
Waveform(ns):       { 0.000 5.760 }
Period(ns):         11.520
Sources:            { clk }

Check Type        Corner  Lib Pin     Reference Pin  Required(ns)  Actual(ns)  Slack(ns)  Location     Pin
Min Period        n/a     FDCE/C      n/a            1.000         11.520      10.520     SLICE_X38Y5  muldiv_pending_reg/C
Low Pulse Width   Slow    RAMD32/CLK  n/a            1.250         5.760       4.510      SLICE_X54Y9  u_regfile/regs_reg_r1_0_31_0_5/RAMA/CLK
High Pulse Width  Slow    RAMD32/CLK  n/a            1.250         5.760       4.510      SLICE_X54Y9  u_regfile/regs_reg_r1_0_31_0_5/RAMA/CLK



