Copyright 1986-2022 Xilinx, Inc. All Rights Reserved. Copyright 2022-2026 Advanced Micro Devices, Inc. All Rights Reserved.
----------------------------------------------------------------------------------------------------------------------------------------------------------------------------------------
| Tool Version : Vivado v.2026.1 (win64) Build 6511674 Tue Jun 16 11:02:23 MDT 2026
| Date         : Tue Oct  6 14:13:50 2026
| Host         : Walter-Cooper running 64-bit major release  (build 9200)
| Command      : report_timing -delay_type max -max_paths 10 -sort_by group -file D:/Desktop/contests/2026fpga/FPGA-Alittle-Design/build/reports/fmax/v1_t2_10ns/timing_worst_paths.rpt
| Design       : core_top
| Device       : 7z020-clg400
| Speed File   : -1  PRODUCTION 1.12 2019-11-22
| Design State : Routed
----------------------------------------------------------------------------------------------------------------------------------------------------------------------------------------

Timing Report

Slack (VIOLATED) :        -0.009ns  (required time - arrival time)
  Source:                 u_if_stage/flush_q_reg/C
                            (rising edge-triggered cell FDPE clocked by sys_clk  {rise@0.000ns fall@5.000ns period=10.000ns})
  Destination:            u_pc/pc_reg[15]/D
                            (rising edge-triggered cell FDCE clocked by sys_clk  {rise@0.000ns fall@5.000ns period=10.000ns})
  Path Group:             sys_clk
  Path Type:              Setup (Max at Slow Process Corner)
  Requirement:            10.000ns  (sys_clk rise@10.000ns - sys_clk rise@0.000ns)
  Data Path Delay:        9.832ns  (logic 2.715ns (27.615%)  route 7.117ns (72.385%))
  Logic Levels:           11  (CARRY4=2 LUT3=1 LUT4=1 LUT5=2 LUT6=5)
  Clock Path Skew:        -0.171ns (DCD - SCD + CPR)
    Destination Clock Delay (DCD):    1.480ns = ( 11.480 - 10.000 ) 
    Source Clock Delay      (SCD):    1.664ns
    Clock Pessimism Removal (CPR):    0.013ns
  Clock Uncertainty:      0.035ns  ((TSJ^2 + TIJ^2)^1/2 + DJ) / 2 + PE
    Total System Jitter     (TSJ):    0.071ns
    Total Input Jitter      (TIJ):    0.000ns
    Discrete Jitter          (DJ):    0.000ns
    Phase Error              (PE):    0.000ns

    Location             Delay type                Incr(ns)  Path(ns)    Netlist Resource(s)
  -------------------------------------------------------------------    -------------------
                         (clock sys_clk rise edge)    0.000     0.000 r  <hidden>
                                                      0.000     0.000 r  clk
                         net (fo=596, unset)          1.664     1.664    u_if_stage/clk
    SLICE_X37Y14         FDPE                                         r  u_if_stage/flush_q_reg/C
  -------------------------------------------------------------------    -------------------
    SLICE_X37Y14         FDPE (Prop_fdpe_C_Q)         0.456     2.120 f  u_if_stage/flush_q_reg/Q
                         net (fo=110, routed)         0.804     2.924    u_if_stage/flush_q
    SLICE_X41Y12         LUT4 (Prop_lut4_I2_O)        0.124     3.048 r  u_if_stage/regs_reg_r2_0_31_0_5_i_5/O
                         net (fo=40, routed)          1.106     4.154    u_mem_wb/mem_store_data_reg[31]_0[10]
    SLICE_X38Y5          LUT6 (Prop_lut6_I1_O)        0.124     4.278 r  u_mem_wb/mem_store_data[7]_i_5/O
                         net (fo=2, routed)           0.575     4.853    u_mem_wb/mem_rd_reg[0]_1
    SLICE_X37Y5          LUT6 (Prop_lut6_I3_O)        0.124     4.977 r  u_mem_wb/mem_store_data[7]_i_3/O
                         net (fo=89, routed)          1.208     6.185    u_if_stage/select_src016_out
    SLICE_X34Y9          LUT5 (Prop_lut5_I2_O)        0.150     6.335 r  u_if_stage/multiplier[18]_i_2/O
                         net (fo=5, routed)           0.465     6.800    u_if_stage/rs2_fwd[18]
    SLICE_X34Y8          LUT6 (Prop_lut6_I5_O)        0.348     7.148 r  u_if_stage/flush_q_i_58/O
                         net (fo=3, routed)           0.735     7.883    u_if_stage/flush_q_i_58_n_0
    SLICE_X39Y8          LUT3 (Prop_lut3_I2_O)        0.124     8.007 r  u_if_stage/flush_q_i_27/O
                         net (fo=1, routed)           0.000     8.007    u_if_stage/flush_q_i_27_n_0
    SLICE_X39Y8          CARRY4 (Prop_carry4_S[2]_CO[3])
                                                      0.398     8.405 r  u_if_stage/flush_q_reg_i_11/CO[3]
                         net (fo=1, routed)           0.000     8.405    u_if_stage/flush_q_reg_i_11_n_0
    SLICE_X39Y9          CARRY4 (Prop_carry4_CI_O[3])
                                                      0.313     8.718 r  u_if_stage/flush_q_reg_i_8/O[3]
                         net (fo=1, routed)           0.765     9.483    u_if_stage/flush_q_reg_i_8_n_4
    SLICE_X39Y10         LUT6 (Prop_lut6_I3_O)        0.306     9.789 r  u_if_stage/flush_q_i_3/O
                         net (fo=1, routed)           0.465    10.254    u_if_stage/branch_taken
    SLICE_X40Y10         LUT6 (Prop_lut6_I5_O)        0.124    10.378 r  u_if_stage/flush_q_i_1/O
                         net (fo=33, routed)          0.994    11.372    u_if_stage/flush
    SLICE_X53Y9          LUT5 (Prop_lut5_I3_O)        0.124    11.496 r  u_if_stage/pc[15]_i_1/O
                         net (fo=1, routed)           0.000    11.496    u_pc/D[15]
    SLICE_X53Y9          FDCE                                         r  u_pc/pc_reg[15]/D
  -------------------------------------------------------------------    -------------------

                         (clock sys_clk rise edge)   10.000    10.000 r  <hidden>
                                                      0.000    10.000 r  clk
                         net (fo=596, unset)          1.480    11.480    u_pc/clk
    SLICE_X53Y9          FDCE                                         r  u_pc/pc_reg[15]/C
                         clock pessimism              0.013    11.493    <hidden>
                         clock uncertainty           -0.035    11.458    <hidden>
    SLICE_X53Y9          FDCE (Setup_fdce_C_D)        0.029    11.487    u_pc/pc_reg[15]
  -------------------------------------------------------------------
                         required time                         11.487    <hidden>
                         arrival time                         -11.496    <hidden>
  -------------------------------------------------------------------
                         slack                                 -0.009    <hidden>

Slack (MET) :             0.006ns  (required time - arrival time)
  Source:                 u_if_stage/flush_q_reg/C
                            (rising edge-triggered cell FDPE clocked by sys_clk  {rise@0.000ns fall@5.000ns period=10.000ns})
  Destination:            u_pc/pc_reg[13]/D
                            (rising edge-triggered cell FDCE clocked by sys_clk  {rise@0.000ns fall@5.000ns period=10.000ns})
  Path Group:             sys_clk
  Path Type:              Setup (Max at Slow Process Corner)
  Requirement:            10.000ns  (sys_clk rise@10.000ns - sys_clk rise@0.000ns)
  Data Path Delay:        9.818ns  (logic 2.715ns (27.652%)  route 7.103ns (72.348%))
  Logic Levels:           11  (CARRY4=2 LUT3=1 LUT4=1 LUT5=2 LUT6=5)
  Clock Path Skew:        -0.172ns (DCD - SCD + CPR)
    Destination Clock Delay (DCD):    1.479ns = ( 11.479 - 10.000 ) 
    Source Clock Delay      (SCD):    1.664ns
    Clock Pessimism Removal (CPR):    0.013ns
  Clock Uncertainty:      0.035ns  ((TSJ^2 + TIJ^2)^1/2 + DJ) / 2 + PE
    Total System Jitter     (TSJ):    0.071ns
    Total Input Jitter      (TIJ):    0.000ns
    Discrete Jitter          (DJ):    0.000ns
    Phase Error              (PE):    0.000ns

    Location             Delay type                Incr(ns)  Path(ns)    Netlist Resource(s)
  -------------------------------------------------------------------    -------------------
                         (clock sys_clk rise edge)    0.000     0.000 r  <hidden>
                                                      0.000     0.000 r  clk
                         net (fo=596, unset)          1.664     1.664    u_if_stage/clk
    SLICE_X37Y14         FDPE                                         r  u_if_stage/flush_q_reg/C
  -------------------------------------------------------------------    -------------------
    SLICE_X37Y14         FDPE (Prop_fdpe_C_Q)         0.456     2.120 f  u_if_stage/flush_q_reg/Q
                         net (fo=110, routed)         0.804     2.924    u_if_stage/flush_q
    SLICE_X41Y12         LUT4 (Prop_lut4_I2_O)        0.124     3.048 r  u_if_stage/regs_reg_r2_0_31_0_5_i_5/O
                         net (fo=40, routed)          1.106     4.154    u_mem_wb/mem_store_data_reg[31]_0[10]
    SLICE_X38Y5          LUT6 (Prop_lut6_I1_O)        0.124     4.278 r  u_mem_wb/mem_store_data[7]_i_5/O
                         net (fo=2, routed)           0.575     4.853    u_mem_wb/mem_rd_reg[0]_1
    SLICE_X37Y5          LUT6 (Prop_lut6_I3_O)        0.124     4.977 r  u_mem_wb/mem_store_data[7]_i_3/O
                         net (fo=89, routed)          1.208     6.185    u_if_stage/select_src016_out
    SLICE_X34Y9          LUT5 (Prop_lut5_I2_O)        0.150     6.335 r  u_if_stage/multiplier[18]_i_2/O
                         net (fo=5, routed)           0.465     6.800    u_if_stage/rs2_fwd[18]
    SLICE_X34Y8          LUT6 (Prop_lut6_I5_O)        0.348     7.148 r  u_if_stage/flush_q_i_58/O
                         net (fo=3, routed)           0.735     7.883    u_if_stage/flush_q_i_58_n_0
    SLICE_X39Y8          LUT3 (Prop_lut3_I2_O)        0.124     8.007 r  u_if_stage/flush_q_i_27/O
                         net (fo=1, routed)           0.000     8.007    u_if_stage/flush_q_i_27_n_0
    SLICE_X39Y8          CARRY4 (Prop_carry4_S[2]_CO[3])
                                                      0.398     8.405 r  u_if_stage/flush_q_reg_i_11/CO[3]
                         net (fo=1, routed)           0.000     8.405    u_if_stage/flush_q_reg_i_11_n_0
    SLICE_X39Y9          CARRY4 (Prop_carry4_CI_O[3])
                                                      0.313     8.718 r  u_if_stage/flush_q_reg_i_8/O[3]
                         net (fo=1, routed)           0.765     9.483    u_if_stage/flush_q_reg_i_8_n_4
    SLICE_X39Y10         LUT6 (Prop_lut6_I3_O)        0.306     9.789 r  u_if_stage/flush_q_i_3/O
                         net (fo=1, routed)           0.465    10.254    u_if_stage/branch_taken
    SLICE_X40Y10         LUT6 (Prop_lut6_I5_O)        0.124    10.378 r  u_if_stage/flush_q_i_1/O
                         net (fo=33, routed)          0.980    11.358    u_if_stage/flush
    SLICE_X51Y11         LUT5 (Prop_lut5_I3_O)        0.124    11.482 r  u_if_stage/pc[13]_i_1/O
                         net (fo=1, routed)           0.000    11.482    u_pc/D[13]
    SLICE_X51Y11         FDCE                                         r  u_pc/pc_reg[13]/D
  -------------------------------------------------------------------    -------------------

                         (clock sys_clk rise edge)   10.000    10.000 r  <hidden>
                                                      0.000    10.000 r  clk
                         net (fo=596, unset)          1.479    11.479    u_pc/clk
    SLICE_X51Y11         FDCE                                         r  u_pc/pc_reg[13]/C
                         clock pessimism              0.013    11.492    <hidden>
                         clock uncertainty           -0.035    11.457    <hidden>
    SLICE_X51Y11         FDCE (Setup_fdce_C_D)        0.032    11.489    u_pc/pc_reg[13]
  -------------------------------------------------------------------
                         required time                         11.489    <hidden>
                         arrival time                         -11.482    <hidden>
  -------------------------------------------------------------------
                         slack                                  0.006    <hidden>

Slack (MET) :             0.020ns  (required time - arrival time)
  Source:                 u_if_stage/stall_q_reg/C
                            (rising edge-triggered cell FDCE clocked by sys_clk  {rise@0.000ns fall@5.000ns period=10.000ns})
  Destination:            u_pc/pc_reg[17]/D
                            (rising edge-triggered cell FDCE clocked by sys_clk  {rise@0.000ns fall@5.000ns period=10.000ns})
  Path Group:             sys_clk
  Path Type:              Setup (Max at Slow Process Corner)
  Requirement:            10.000ns  (sys_clk rise@10.000ns - sys_clk rise@0.000ns)
  Data Path Delay:        9.801ns  (logic 3.331ns (33.986%)  route 6.470ns (66.014%))
  Logic Levels:           13  (CARRY4=4 LUT2=1 LUT4=1 LUT5=4 LUT6=3)
  Clock Path Skew:        -0.174ns (DCD - SCD + CPR)
    Destination Clock Delay (DCD):    1.477ns = ( 11.477 - 10.000 ) 
    Source Clock Delay      (SCD):    1.664ns
    Clock Pessimism Removal (CPR):    0.013ns
  Clock Uncertainty:      0.035ns  ((TSJ^2 + TIJ^2)^1/2 + DJ) / 2 + PE
    Total System Jitter     (TSJ):    0.071ns
    Total Input Jitter      (TIJ):    0.000ns
    Discrete Jitter          (DJ):    0.000ns
    Phase Error              (PE):    0.000ns

    Location             Delay type                Incr(ns)  Path(ns)    Netlist Resource(s)
  -------------------------------------------------------------------    -------------------
                         (clock sys_clk rise edge)    0.000     0.000 r  <hidden>
                                                      0.000     0.000 r  clk
                         net (fo=596, unset)          1.664     1.664    u_if_stage/clk
    SLICE_X41Y12         FDCE                                         r  u_if_stage/stall_q_reg/C
  -------------------------------------------------------------------    -------------------
    SLICE_X41Y12         FDCE (Prop_fdce_C_Q)         0.456     2.120 r  u_if_stage/stall_q_reg/Q
                         net (fo=78, routed)          1.062     3.182    u_if_stage/stall_q
    SLICE_X37Y14         LUT6 (Prop_lut6_I2_O)        0.124     3.306 f  u_if_stage/mem_store_data[7]_i_6/O
                         net (fo=6, routed)           0.781     4.086    u_if_stage/mem_store_data[7]_i_6_n_0
    SLICE_X41Y14         LUT5 (Prop_lut5_I3_O)        0.153     4.239 r  u_if_stage/mem_store_data[7]_i_4/O
                         net (fo=100, routed)         1.243     5.483    u_if_stage/uses_rs2
    SLICE_X37Y5          LUT5 (Prop_lut5_I1_O)        0.355     5.838 r  u_if_stage/multiplier[5]_i_2/O
                         net (fo=8, routed)           0.624     6.462    u_if_stage/rs2_fwd[5]
    SLICE_X41Y6          LUT4 (Prop_lut4_I3_O)        0.332     6.794 r  u_if_stage/lt_carry_i_12/O
                         net (fo=9, routed)           0.738     7.532    u_if_stage/lt_carry_i_12_n_0
    SLICE_X45Y8          LUT2 (Prop_lut2_I1_O)        0.124     7.656 r  u_if_stage/y0_carry__0_i_7/O
                         net (fo=1, routed)           0.000     7.656    u_id_ex/u_alu/mem_addr[4]_i_6_0[1]
    SLICE_X45Y8          CARRY4 (Prop_carry4_S[1]_CO[3])
                                                      0.550     8.206 r  u_id_ex/u_alu/y0_carry__0/CO[3]
                         net (fo=1, routed)           0.000     8.206    u_id_ex/u_alu/y0_carry__0_n_0
    SLICE_X45Y9          CARRY4 (Prop_carry4_CI_CO[3])
                                                      0.114     8.320 r  u_id_ex/u_alu/y0_carry__1/CO[3]
                         net (fo=1, routed)           0.000     8.320    u_id_ex/u_alu/y0_carry__1_n_0
    SLICE_X45Y10         CARRY4 (Prop_carry4_CI_CO[3])
                                                      0.114     8.434 r  u_id_ex/u_alu/y0_carry__2/CO[3]
                         net (fo=1, routed)           0.000     8.434    u_id_ex/u_alu/y0_carry__2_n_0
    SLICE_X45Y11         CARRY4 (Prop_carry4_CI_O[1])
                                                      0.334     8.768 r  u_id_ex/u_alu/y0_carry__3/O[1]
                         net (fo=1, routed)           0.651     9.419    u_if_stage/data0[17]
    SLICE_X50Y11         LUT5 (Prop_lut5_I3_O)        0.303     9.722 r  u_if_stage/mem_addr[17]_i_6/O
                         net (fo=1, routed)           0.570    10.292    u_if_stage/mem_addr[17]_i_6_n_0
    SLICE_X51Y14         LUT6 (Prop_lut6_I4_O)        0.124    10.416 r  u_if_stage/mem_addr[17]_i_2/O
                         net (fo=1, routed)           0.451    10.866    u_if_stage/mem_addr[17]_i_2_n_0
    SLICE_X51Y14         LUT6 (Prop_lut6_I0_O)        0.124    10.990 r  u_if_stage/mem_addr[17]_i_1/O
                         net (fo=3, routed)           0.351    11.341    u_if_stage/mem_addr[31]_i_7_0[17]
    SLICE_X51Y14         LUT5 (Prop_lut5_I2_O)        0.124    11.465 r  u_if_stage/pc[17]_i_1/O
                         net (fo=1, routed)           0.000    11.465    u_pc/D[17]
    SLICE_X51Y14         FDCE                                         r  u_pc/pc_reg[17]/D
  -------------------------------------------------------------------    -------------------

                         (clock sys_clk rise edge)   10.000    10.000 r  <hidden>
                                                      0.000    10.000 r  clk
                         net (fo=596, unset)          1.477    11.477    u_pc/clk
    SLICE_X51Y14         FDCE                                         r  u_pc/pc_reg[17]/C
                         clock pessimism              0.013    11.490    <hidden>
                         clock uncertainty           -0.035    11.455    <hidden>
    SLICE_X51Y14         FDCE (Setup_fdce_C_D)        0.031    11.486    u_pc/pc_reg[17]
  -------------------------------------------------------------------
                         required time                         11.486    <hidden>
                         arrival time                         -11.465    <hidden>
  -------------------------------------------------------------------
                         slack                                  0.020    <hidden>

Slack (MET) :             0.043ns  (required time - arrival time)
  Source:                 u_if_stage/flush_q_reg/C
                            (rising edge-triggered cell FDPE clocked by sys_clk  {rise@0.000ns fall@5.000ns period=10.000ns})
  Destination:            u_pc/pc_reg[4]/D
                            (rising edge-triggered cell FDCE clocked by sys_clk  {rise@0.000ns fall@5.000ns period=10.000ns})
  Path Group:             sys_clk
  Path Type:              Setup (Max at Slow Process Corner)
  Requirement:            10.000ns  (sys_clk rise@10.000ns - sys_clk rise@0.000ns)
  Data Path Delay:        9.898ns  (logic 1.808ns (18.267%)  route 8.090ns (81.733%))
  Logic Levels:           9  (LUT4=2 LUT5=2 LUT6=4 RAMD32=1)
  Clock Path Skew:        -0.055ns (DCD - SCD + CPR)
    Destination Clock Delay (DCD):    1.494ns = ( 11.494 - 10.000 ) 
    Source Clock Delay      (SCD):    1.664ns
    Clock Pessimism Removal (CPR):    0.115ns
  Clock Uncertainty:      0.035ns  ((TSJ^2 + TIJ^2)^1/2 + DJ) / 2 + PE
    Total System Jitter     (TSJ):    0.071ns
    Total Input Jitter      (TIJ):    0.000ns
    Discrete Jitter          (DJ):    0.000ns
    Phase Error              (PE):    0.000ns

    Location             Delay type                Incr(ns)  Path(ns)    Netlist Resource(s)
  -------------------------------------------------------------------    -------------------
                         (clock sys_clk rise edge)    0.000     0.000 r  <hidden>
                                                      0.000     0.000 r  clk
                         net (fo=596, unset)          1.664     1.664    u_if_stage/clk
    SLICE_X37Y14         FDPE                                         r  u_if_stage/flush_q_reg/C
  -------------------------------------------------------------------    -------------------
    SLICE_X37Y14         FDPE (Prop_fdpe_C_Q)         0.456     2.120 f  u_if_stage/flush_q_reg/Q
                         net (fo=110, routed)         0.804     2.924    u_if_stage/flush_q
    SLICE_X41Y12         LUT4 (Prop_lut4_I2_O)        0.124     3.048 r  u_if_stage/regs_reg_r2_0_31_0_5_i_5/O
                         net (fo=40, routed)          1.319     4.367    u_regfile/regs_reg_r2_0_31_0_5/ADDRC0
    SLICE_X42Y11         RAMD32 (Prop_ramd32_RADR0_O)
                                                      0.153     4.520 r  u_regfile/regs_reg_r2_0_31_0_5/RAMC/O
                         net (fo=3, routed)           0.790     5.310    u_if_stage/rdata20[4]
    SLICE_X40Y12         LUT6 (Prop_lut6_I0_O)        0.331     5.641 r  u_if_stage/multiplier[4]_i_2/O
                         net (fo=11, routed)          0.976     6.617    u_if_stage/rs2_fwd[4]
    SLICE_X42Y10         LUT5 (Prop_lut5_I0_O)        0.124     6.741 r  u_if_stage/mem_addr[31]_i_28/O
                         net (fo=20, routed)          1.394     8.135    u_if_stage/mem_addr[31]_i_28_n_0
    SLICE_X50Y8          LUT6 (Prop_lut6_I2_O)        0.124     8.259 r  u_if_stage/mem_addr[3]_i_10/O
                         net (fo=5, routed)           0.829     9.087    u_if_stage/mem_addr[3]_i_10_n_0
    SLICE_X51Y6          LUT6 (Prop_lut6_I2_O)        0.124     9.211 r  u_if_stage/mem_addr[5]_i_8/O
                         net (fo=2, routed)           0.812    10.024    u_if_stage/mem_addr[5]_i_8_n_0
    SLICE_X51Y4          LUT4 (Prop_lut4_I0_O)        0.124    10.148 r  u_if_stage/mem_addr[4]_i_3/O
                         net (fo=1, routed)           0.653    10.800    u_if_stage/mem_addr[4]_i_3_n_0
    SLICE_X48Y4          LUT6 (Prop_lut6_I2_O)        0.124    10.924 r  u_if_stage/mem_addr[4]_i_1/O
                         net (fo=3, routed)           0.514    11.438    u_if_stage/mem_addr[31]_i_7_0[4]
    SLICE_X45Y4          LUT5 (Prop_lut5_I2_O)        0.124    11.562 r  u_if_stage/pc[4]_i_1/O
                         net (fo=1, routed)           0.000    11.562    u_pc/D[4]
    SLICE_X45Y4          FDCE                                         r  u_pc/pc_reg[4]/D
  -------------------------------------------------------------------    -------------------

                         (clock sys_clk rise edge)   10.000    10.000 r  <hidden>
                                                      0.000    10.000 r  clk
                         net (fo=596, unset)          1.494    11.494    u_pc/clk
    SLICE_X45Y4          FDCE                                         r  u_pc/pc_reg[4]/C
                         clock pessimism              0.115    11.609    <hidden>
                         clock uncertainty           -0.035    11.574    <hidden>
    SLICE_X45Y4          FDCE (Setup_fdce_C_D)        0.031    11.605    u_pc/pc_reg[4]
  -------------------------------------------------------------------
                         required time                         11.605    <hidden>
                         arrival time                         -11.562    <hidden>
  -------------------------------------------------------------------
                         slack                                  0.043    <hidden>

Slack (MET) :             0.048ns  (required time - arrival time)
  Source:                 u_if_stage/flush_q_reg/C
                            (rising edge-triggered cell FDPE clocked by sys_clk  {rise@0.000ns fall@5.000ns period=10.000ns})
  Destination:            u_mem_wb/mem_addr_reg[13]/D
                            (rising edge-triggered cell FDRE clocked by sys_clk  {rise@0.000ns fall@5.000ns period=10.000ns})
  Path Group:             sys_clk
  Path Type:              Setup (Max at Slow Process Corner)
  Requirement:            10.000ns  (sys_clk rise@10.000ns - sys_clk rise@0.000ns)
  Data Path Delay:        9.677ns  (logic 1.684ns (17.401%)  route 7.993ns (82.599%))
  Logic Levels:           8  (LUT4=1 LUT5=2 LUT6=4 RAMD32=1)
  Clock Path Skew:        -0.172ns (DCD - SCD + CPR)
    Destination Clock Delay (DCD):    1.479ns = ( 11.479 - 10.000 ) 
    Source Clock Delay      (SCD):    1.664ns
    Clock Pessimism Removal (CPR):    0.013ns
  Clock Uncertainty:      0.035ns  ((TSJ^2 + TIJ^2)^1/2 + DJ) / 2 + PE
    Total System Jitter     (TSJ):    0.071ns
    Total Input Jitter      (TIJ):    0.000ns
    Discrete Jitter          (DJ):    0.000ns
    Phase Error              (PE):    0.000ns

    Location             Delay type                Incr(ns)  Path(ns)    Netlist Resource(s)
  -------------------------------------------------------------------    -------------------
                         (clock sys_clk rise edge)    0.000     0.000 r  <hidden>
                                                      0.000     0.000 r  clk
                         net (fo=596, unset)          1.664     1.664    u_if_stage/clk
    SLICE_X37Y14         FDPE                                         r  u_if_stage/flush_q_reg/C
  -------------------------------------------------------------------    -------------------
    SLICE_X37Y14         FDPE (Prop_fdpe_C_Q)         0.456     2.120 f  u_if_stage/flush_q_reg/Q
                         net (fo=110, routed)         0.804     2.924    u_if_stage/flush_q
    SLICE_X41Y12         LUT4 (Prop_lut4_I2_O)        0.124     3.048 r  u_if_stage/regs_reg_r2_0_31_0_5_i_5/O
                         net (fo=40, routed)          1.319     4.367    u_regfile/regs_reg_r2_0_31_0_5/ADDRC0
    SLICE_X42Y11         RAMD32 (Prop_ramd32_RADR0_O)
                                                      0.153     4.520 f  u_regfile/regs_reg_r2_0_31_0_5/RAMC/O
                         net (fo=3, routed)           0.790     5.310    u_if_stage/rdata20[4]
    SLICE_X40Y12         LUT6 (Prop_lut6_I0_O)        0.331     5.641 f  u_if_stage/multiplier[4]_i_2/O
                         net (fo=11, routed)          0.573     6.214    u_if_stage/rs2_fwd[4]
    SLICE_X41Y14         LUT5 (Prop_lut5_I2_O)        0.124     6.338 r  u_if_stage/mem_addr[31]_i_36/O
                         net (fo=48, routed)          1.338     7.676    u_if_stage/mem_addr[31]_i_36_n_0
    SLICE_X51Y12         LUT6 (Prop_lut6_I0_O)        0.124     7.800 r  u_if_stage/mem_addr[17]_i_13/O
                         net (fo=4, routed)           1.173     8.973    u_if_stage/mem_addr[17]_i_13_n_0
    SLICE_X51Y8          LUT6 (Prop_lut6_I0_O)        0.124     9.097 r  u_if_stage/mem_addr[13]_i_9/O
                         net (fo=2, routed)           0.733     9.830    u_if_stage/mem_addr[13]_i_9_n_0
    SLICE_X53Y7          LUT5 (Prop_lut5_I1_O)        0.124     9.954 r  u_if_stage/mem_addr[13]_i_4/O
                         net (fo=1, routed)           0.855    10.808    u_if_stage/mem_addr[13]_i_4_n_0
    SLICE_X53Y11         LUT6 (Prop_lut6_I3_O)        0.124    10.932 r  u_if_stage/mem_addr[13]_i_1/O
                         net (fo=3, routed)           0.409    11.341    u_mem_wb/D[13]
    SLICE_X52Y11         FDRE                                         r  u_mem_wb/mem_addr_reg[13]/D
  -------------------------------------------------------------------    -------------------

                         (clock sys_clk rise edge)   10.000    10.000 r  <hidden>
                                                      0.000    10.000 r  clk
                         net (fo=596, unset)          1.479    11.479    u_mem_wb/clk
    SLICE_X52Y11         FDRE                                         r  u_mem_wb/mem_addr_reg[13]/C
                         clock pessimism              0.013    11.492    <hidden>
                         clock uncertainty           -0.035    11.457    <hidden>
    SLICE_X52Y11         FDRE (Setup_fdre_C_D)       -0.067    11.390    u_mem_wb/mem_addr_reg[13]
  -------------------------------------------------------------------
                         required time                         11.390    <hidden>
                         arrival time                         -11.341    <hidden>
  -------------------------------------------------------------------
                         slack                                  0.048    <hidden>

Slack (MET) :             0.060ns  (required time - arrival time)
  Source:                 u_if_stage/flush_q_reg/C
                            (rising edge-triggered cell FDPE clocked by sys_clk  {rise@0.000ns fall@5.000ns period=10.000ns})
  Destination:            u_mem_wb/mem_result_reg[13]/D
                            (rising edge-triggered cell FDRE clocked by sys_clk  {rise@0.000ns fall@5.000ns period=10.000ns})
  Path Group:             sys_clk
  Path Type:              Setup (Max at Slow Process Corner)
  Requirement:            10.000ns  (sys_clk rise@10.000ns - sys_clk rise@0.000ns)
  Data Path Delay:        9.764ns  (logic 1.808ns (18.517%)  route 7.956ns (81.483%))
  Logic Levels:           9  (LUT4=1 LUT5=3 LUT6=4 RAMD32=1)
  Clock Path Skew:        -0.172ns (DCD - SCD + CPR)
    Destination Clock Delay (DCD):    1.479ns = ( 11.479 - 10.000 ) 
    Source Clock Delay      (SCD):    1.664ns
    Clock Pessimism Removal (CPR):    0.013ns
  Clock Uncertainty:      0.035ns  ((TSJ^2 + TIJ^2)^1/2 + DJ) / 2 + PE
    Total System Jitter     (TSJ):    0.071ns
    Total Input Jitter      (TIJ):    0.000ns
    Discrete Jitter          (DJ):    0.000ns
    Phase Error              (PE):    0.000ns

    Location             Delay type                Incr(ns)  Path(ns)    Netlist Resource(s)
  -------------------------------------------------------------------    -------------------
                         (clock sys_clk rise edge)    0.000     0.000 r  <hidden>
                                                      0.000     0.000 r  clk
                         net (fo=596, unset)          1.664     1.664    u_if_stage/clk
    SLICE_X37Y14         FDPE                                         r  u_if_stage/flush_q_reg/C
  -------------------------------------------------------------------    -------------------
    SLICE_X37Y14         FDPE (Prop_fdpe_C_Q)         0.456     2.120 f  u_if_stage/flush_q_reg/Q
                         net (fo=110, routed)         0.804     2.924    u_if_stage/flush_q
    SLICE_X41Y12         LUT4 (Prop_lut4_I2_O)        0.124     3.048 r  u_if_stage/regs_reg_r2_0_31_0_5_i_5/O
                         net (fo=40, routed)          1.319     4.367    u_regfile/regs_reg_r2_0_31_0_5/ADDRC0
    SLICE_X42Y11         RAMD32 (Prop_ramd32_RADR0_O)
                                                      0.153     4.520 f  u_regfile/regs_reg_r2_0_31_0_5/RAMC/O
                         net (fo=3, routed)           0.790     5.310    u_if_stage/rdata20[4]
    SLICE_X40Y12         LUT6 (Prop_lut6_I0_O)        0.331     5.641 f  u_if_stage/multiplier[4]_i_2/O
                         net (fo=11, routed)          0.573     6.214    u_if_stage/rs2_fwd[4]
    SLICE_X41Y14         LUT5 (Prop_lut5_I2_O)        0.124     6.338 r  u_if_stage/mem_addr[31]_i_36/O
                         net (fo=48, routed)          1.338     7.676    u_if_stage/mem_addr[31]_i_36_n_0
    SLICE_X51Y12         LUT6 (Prop_lut6_I0_O)        0.124     7.800 r  u_if_stage/mem_addr[17]_i_13/O
                         net (fo=4, routed)           1.173     8.973    u_if_stage/mem_addr[17]_i_13_n_0
    SLICE_X51Y8          LUT6 (Prop_lut6_I0_O)        0.124     9.097 r  u_if_stage/mem_addr[13]_i_9/O
                         net (fo=2, routed)           0.733     9.830    u_if_stage/mem_addr[13]_i_9_n_0
    SLICE_X53Y7          LUT5 (Prop_lut5_I1_O)        0.124     9.954 r  u_if_stage/mem_addr[13]_i_4/O
                         net (fo=1, routed)           0.855    10.808    u_if_stage/mem_addr[13]_i_4_n_0
    SLICE_X53Y11         LUT6 (Prop_lut6_I3_O)        0.124    10.932 r  u_if_stage/mem_addr[13]_i_1/O
                         net (fo=3, routed)           0.371    11.304    u_if_stage/mem_addr[31]_i_7_0[13]
    SLICE_X52Y11         LUT5 (Prop_lut5_I4_O)        0.124    11.428 r  u_if_stage/mem_result[13]_i_1/O
                         net (fo=1, routed)           0.000    11.428    u_mem_wb/mem_result_reg[31]_1[13]
    SLICE_X52Y11         FDRE                                         r  u_mem_wb/mem_result_reg[13]/D
  -------------------------------------------------------------------    -------------------

                         (clock sys_clk rise edge)   10.000    10.000 r  <hidden>
                                                      0.000    10.000 r  clk
                         net (fo=596, unset)          1.479    11.479    u_mem_wb/clk
    SLICE_X52Y11         FDRE                                         r  u_mem_wb/mem_result_reg[13]/C
                         clock pessimism              0.013    11.492    <hidden>
                         clock uncertainty           -0.035    11.457    <hidden>
    SLICE_X52Y11         FDRE (Setup_fdre_C_D)        0.031    11.488    u_mem_wb/mem_result_reg[13]
  -------------------------------------------------------------------
                         required time                         11.488    <hidden>
                         arrival time                         -11.428    <hidden>
  -------------------------------------------------------------------
                         slack                                  0.060    <hidden>

Slack (MET) :             0.063ns  (required time - arrival time)
  Source:                 u_if_stage/flush_q_reg/C
                            (rising edge-triggered cell FDPE clocked by sys_clk  {rise@0.000ns fall@5.000ns period=10.000ns})
  Destination:            u_mem_wb/mem_addr_reg[16]/D
                            (rising edge-triggered cell FDRE clocked by sys_clk  {rise@0.000ns fall@5.000ns period=10.000ns})
  Path Group:             sys_clk
  Path Type:              Setup (Max at Slow Process Corner)
  Requirement:            10.000ns  (sys_clk rise@10.000ns - sys_clk rise@0.000ns)
  Data Path Delay:        9.661ns  (logic 1.674ns (17.327%)  route 7.987ns (82.673%))
  Logic Levels:           8  (LUT2=3 LUT6=5)
  Clock Path Skew:        -0.174ns (DCD - SCD + CPR)
    Destination Clock Delay (DCD):    1.477ns = ( 11.477 - 10.000 ) 
    Source Clock Delay      (SCD):    1.664ns
    Clock Pessimism Removal (CPR):    0.013ns
  Clock Uncertainty:      0.035ns  ((TSJ^2 + TIJ^2)^1/2 + DJ) / 2 + PE
    Total System Jitter     (TSJ):    0.071ns
    Total Input Jitter      (TIJ):    0.000ns
    Discrete Jitter          (DJ):    0.000ns
    Phase Error              (PE):    0.000ns

    Location             Delay type                Incr(ns)  Path(ns)    Netlist Resource(s)
  -------------------------------------------------------------------    -------------------
                         (clock sys_clk rise edge)    0.000     0.000 r  <hidden>
                                                      0.000     0.000 r  clk
                         net (fo=596, unset)          1.664     1.664    u_if_stage/clk
    SLICE_X37Y14         FDPE                                         r  u_if_stage/flush_q_reg/C
  -------------------------------------------------------------------    -------------------
    SLICE_X37Y14         FDPE (Prop_fdpe_C_Q)         0.456     2.120 r  u_if_stage/flush_q_reg/Q
                         net (fo=110, routed)         1.567     3.687    u_if_stage/flush_q
    SLICE_X41Y5          LUT6 (Prop_lut6_I3_O)        0.124     3.811 f  u_if_stage/mem_addr[31]_i_26/O
                         net (fo=3, routed)           0.961     4.772    u_if_stage/mem_addr[31]_i_26_n_0
    SLICE_X41Y4          LUT6 (Prop_lut6_I4_O)        0.124     4.896 f  u_if_stage/mem_addr[31]_i_10/O
                         net (fo=2, routed)           0.813     5.709    u_if_stage/mem_addr[31]_i_10_n_0
    SLICE_X40Y5          LUT6 (Prop_lut6_I2_O)        0.124     5.833 f  u_if_stage/mem_addr[31]_i_22/O
                         net (fo=16, routed)          0.664     6.497    u_if_stage/u_id_ex/alu_op[0]
    SLICE_X43Y5          LUT2 (Prop_lut2_I1_O)        0.124     6.621 r  u_if_stage/mem_addr[30]_i_18/O
                         net (fo=4, routed)           0.961     7.582    u_if_stage/mem_addr[30]_i_18_n_0
    SLICE_X50Y11         LUT2 (Prop_lut2_I0_O)        0.124     7.706 r  u_if_stage/mem_addr[30]_i_16/O
                         net (fo=31, routed)          0.699     8.405    u_if_stage/mem_addr[30]_i_16_n_0
    SLICE_X46Y12         LUT2 (Prop_lut2_I0_O)        0.119     8.524 r  u_if_stage/mem_addr[30]_i_6/O
                         net (fo=28, routed)          1.139     9.663    u_if_stage/mem_addr[30]_i_6_n_0
    SLICE_X52Y13         LUT6 (Prop_lut6_I3_O)        0.355    10.018 r  u_if_stage/mem_addr[16]_i_2/O
                         net (fo=1, routed)           0.631    10.649    u_if_stage/mem_addr[16]_i_2_n_0
    SLICE_X51Y13         LUT6 (Prop_lut6_I0_O)        0.124    10.773 r  u_if_stage/mem_addr[16]_i_1/O
                         net (fo=3, routed)           0.552    11.325    u_mem_wb/D[16]
    SLICE_X51Y13         FDRE                                         r  u_mem_wb/mem_addr_reg[16]/D
  -------------------------------------------------------------------    -------------------

                         (clock sys_clk rise edge)   10.000    10.000 r  <hidden>
                                                      0.000    10.000 r  clk
                         net (fo=596, unset)          1.477    11.477    u_mem_wb/clk
    SLICE_X51Y13         FDRE                                         r  u_mem_wb/mem_addr_reg[16]/C
                         clock pessimism              0.013    11.490    <hidden>
                         clock uncertainty           -0.035    11.455    <hidden>
    SLICE_X51Y13         FDRE (Setup_fdre_C_D)       -0.067    11.388    u_mem_wb/mem_addr_reg[16]
  -------------------------------------------------------------------
                         required time                         11.388    <hidden>
                         arrival time                         -11.325    <hidden>
  -------------------------------------------------------------------
                         slack                                  0.063    <hidden>

Slack (MET) :             0.065ns  (required time - arrival time)
  Source:                 u_if_stage/flush_q_reg/C
                            (rising edge-triggered cell FDPE clocked by sys_clk  {rise@0.000ns fall@5.000ns period=10.000ns})
  Destination:            u_pc/pc_reg[28]/D
                            (rising edge-triggered cell FDCE clocked by sys_clk  {rise@0.000ns fall@5.000ns period=10.000ns})
  Path Group:             sys_clk
  Path Type:              Setup (Max at Slow Process Corner)
  Requirement:            10.000ns  (sys_clk rise@10.000ns - sys_clk rise@0.000ns)
  Data Path Delay:        9.870ns  (logic 2.715ns (27.509%)  route 7.155ns (72.491%))
  Logic Levels:           11  (CARRY4=2 LUT3=1 LUT4=1 LUT5=1 LUT6=6)
  Clock Path Skew:        -0.061ns (DCD - SCD + CPR)
    Destination Clock Delay (DCD):    1.488ns = ( 11.488 - 10.000 ) 
    Source Clock Delay      (SCD):    1.664ns
    Clock Pessimism Removal (CPR):    0.115ns
  Clock Uncertainty:      0.035ns  ((TSJ^2 + TIJ^2)^1/2 + DJ) / 2 + PE
    Total System Jitter     (TSJ):    0.071ns
    Total Input Jitter      (TIJ):    0.000ns
    Discrete Jitter          (DJ):    0.000ns
    Phase Error              (PE):    0.000ns

    Location             Delay type                Incr(ns)  Path(ns)    Netlist Resource(s)
  -------------------------------------------------------------------    -------------------
                         (clock sys_clk rise edge)    0.000     0.000 r  <hidden>
                                                      0.000     0.000 r  clk
                         net (fo=596, unset)          1.664     1.664    u_if_stage/clk
    SLICE_X37Y14         FDPE                                         r  u_if_stage/flush_q_reg/C
  -------------------------------------------------------------------    -------------------
    SLICE_X37Y14         FDPE (Prop_fdpe_C_Q)         0.456     2.120 f  u_if_stage/flush_q_reg/Q
                         net (fo=110, routed)         0.804     2.924    u_if_stage/flush_q
    SLICE_X41Y12         LUT4 (Prop_lut4_I2_O)        0.124     3.048 r  u_if_stage/regs_reg_r2_0_31_0_5_i_5/O
                         net (fo=40, routed)          1.106     4.154    u_mem_wb/mem_store_data_reg[31]_0[10]
    SLICE_X38Y5          LUT6 (Prop_lut6_I1_O)        0.124     4.278 r  u_mem_wb/mem_store_data[7]_i_5/O
                         net (fo=2, routed)           0.575     4.853    u_mem_wb/mem_rd_reg[0]_1
    SLICE_X37Y5          LUT6 (Prop_lut6_I3_O)        0.124     4.977 r  u_mem_wb/mem_store_data[7]_i_3/O
                         net (fo=89, routed)          1.208     6.185    u_if_stage/select_src016_out
    SLICE_X34Y9          LUT5 (Prop_lut5_I2_O)        0.150     6.335 r  u_if_stage/multiplier[18]_i_2/O
                         net (fo=5, routed)           0.465     6.800    u_if_stage/rs2_fwd[18]
    SLICE_X34Y8          LUT6 (Prop_lut6_I5_O)        0.348     7.148 r  u_if_stage/flush_q_i_58/O
                         net (fo=3, routed)           0.735     7.883    u_if_stage/flush_q_i_58_n_0
    SLICE_X39Y8          LUT3 (Prop_lut3_I2_O)        0.124     8.007 r  u_if_stage/flush_q_i_27/O
                         net (fo=1, routed)           0.000     8.007    u_if_stage/flush_q_i_27_n_0
    SLICE_X39Y8          CARRY4 (Prop_carry4_S[2]_CO[3])
                                                      0.398     8.405 r  u_if_stage/flush_q_reg_i_11/CO[3]
                         net (fo=1, routed)           0.000     8.405    u_if_stage/flush_q_reg_i_11_n_0
    SLICE_X39Y9          CARRY4 (Prop_carry4_CI_O[3])
                                                      0.313     8.718 r  u_if_stage/flush_q_reg_i_8/O[3]
                         net (fo=1, routed)           0.765     9.483    u_if_stage/flush_q_reg_i_8_n_4
    SLICE_X39Y10         LUT6 (Prop_lut6_I3_O)        0.306     9.789 r  u_if_stage/flush_q_i_3/O
                         net (fo=1, routed)           0.465    10.254    u_if_stage/branch_taken
    SLICE_X40Y10         LUT6 (Prop_lut6_I5_O)        0.124    10.378 r  u_if_stage/flush_q_i_1/O
                         net (fo=33, routed)          1.032    11.410    u_if_stage/flush
    SLICE_X41Y16         LUT6 (Prop_lut6_I4_O)        0.124    11.534 r  u_if_stage/pc[28]_i_1/O
                         net (fo=1, routed)           0.000    11.534    u_pc/D[28]
    SLICE_X41Y16         FDCE                                         r  u_pc/pc_reg[28]/D
  -------------------------------------------------------------------    -------------------

                         (clock sys_clk rise edge)   10.000    10.000 r  <hidden>
                                                      0.000    10.000 r  clk
                         net (fo=596, unset)          1.488    11.488    u_pc/clk
    SLICE_X41Y16         FDCE                                         r  u_pc/pc_reg[28]/C
                         clock pessimism              0.115    11.603    <hidden>
                         clock uncertainty           -0.035    11.568    <hidden>
    SLICE_X41Y16         FDCE (Setup_fdce_C_D)        0.031    11.599    u_pc/pc_reg[28]
  -------------------------------------------------------------------
                         required time                         11.599    <hidden>
                         arrival time                         -11.534    <hidden>
  -------------------------------------------------------------------
                         slack                                  0.065    <hidden>

Slack (MET) :             0.069ns  (required time - arrival time)
  Source:                 u_if_stage/stall_q_reg/C
                            (rising edge-triggered cell FDCE clocked by sys_clk  {rise@0.000ns fall@5.000ns period=10.000ns})
  Destination:            u_mem_wb/mem_result_reg[17]/D
                            (rising edge-triggered cell FDRE clocked by sys_clk  {rise@0.000ns fall@5.000ns period=10.000ns})
  Path Group:             sys_clk
  Path Type:              Setup (Max at Slow Process Corner)
  Requirement:            10.000ns  (sys_clk rise@10.000ns - sys_clk rise@0.000ns)
  Data Path Delay:        9.752ns  (logic 3.331ns (34.157%)  route 6.421ns (65.843%))
  Logic Levels:           13  (CARRY4=4 LUT2=1 LUT4=1 LUT5=4 LUT6=3)
  Clock Path Skew:        -0.174ns (DCD - SCD + CPR)
    Destination Clock Delay (DCD):    1.477ns = ( 11.477 - 10.000 ) 
    Source Clock Delay      (SCD):    1.664ns
    Clock Pessimism Removal (CPR):    0.013ns
  Clock Uncertainty:      0.035ns  ((TSJ^2 + TIJ^2)^1/2 + DJ) / 2 + PE
    Total System Jitter     (TSJ):    0.071ns
    Total Input Jitter      (TIJ):    0.000ns
    Discrete Jitter          (DJ):    0.000ns
    Phase Error              (PE):    0.000ns

    Location             Delay type                Incr(ns)  Path(ns)    Netlist Resource(s)
  -------------------------------------------------------------------    -------------------
                         (clock sys_clk rise edge)    0.000     0.000 r  <hidden>
                                                      0.000     0.000 r  clk
                         net (fo=596, unset)          1.664     1.664    u_if_stage/clk
    SLICE_X41Y12         FDCE                                         r  u_if_stage/stall_q_reg/C
  -------------------------------------------------------------------    -------------------
    SLICE_X41Y12         FDCE (Prop_fdce_C_Q)         0.456     2.120 r  u_if_stage/stall_q_reg/Q
                         net (fo=78, routed)          1.062     3.182    u_if_stage/stall_q
    SLICE_X37Y14         LUT6 (Prop_lut6_I2_O)        0.124     3.306 f  u_if_stage/mem_store_data[7]_i_6/O
                         net (fo=6, routed)           0.781     4.086    u_if_stage/mem_store_data[7]_i_6_n_0
    SLICE_X41Y14         LUT5 (Prop_lut5_I3_O)        0.153     4.239 r  u_if_stage/mem_store_data[7]_i_4/O
                         net (fo=100, routed)         1.243     5.483    u_if_stage/uses_rs2
    SLICE_X37Y5          LUT5 (Prop_lut5_I1_O)        0.355     5.838 r  u_if_stage/multiplier[5]_i_2/O
                         net (fo=8, routed)           0.624     6.462    u_if_stage/rs2_fwd[5]
    SLICE_X41Y6          LUT4 (Prop_lut4_I3_O)        0.332     6.794 r  u_if_stage/lt_carry_i_12/O
                         net (fo=9, routed)           0.738     7.532    u_if_stage/lt_carry_i_12_n_0
    SLICE_X45Y8          LUT2 (Prop_lut2_I1_O)        0.124     7.656 r  u_if_stage/y0_carry__0_i_7/O
                         net (fo=1, routed)           0.000     7.656    u_id_ex/u_alu/mem_addr[4]_i_6_0[1]
    SLICE_X45Y8          CARRY4 (Prop_carry4_S[1]_CO[3])
                                                      0.550     8.206 r  u_id_ex/u_alu/y0_carry__0/CO[3]
                         net (fo=1, routed)           0.000     8.206    u_id_ex/u_alu/y0_carry__0_n_0
    SLICE_X45Y9          CARRY4 (Prop_carry4_CI_CO[3])
                                                      0.114     8.320 r  u_id_ex/u_alu/y0_carry__1/CO[3]
                         net (fo=1, routed)           0.000     8.320    u_id_ex/u_alu/y0_carry__1_n_0
    SLICE_X45Y10         CARRY4 (Prop_carry4_CI_CO[3])
                                                      0.114     8.434 r  u_id_ex/u_alu/y0_carry__2/CO[3]
                         net (fo=1, routed)           0.000     8.434    u_id_ex/u_alu/y0_carry__2_n_0
    SLICE_X45Y11         CARRY4 (Prop_carry4_CI_O[1])
                                                      0.334     8.768 r  u_id_ex/u_alu/y0_carry__3/O[1]
                         net (fo=1, routed)           0.651     9.419    u_if_stage/data0[17]
    SLICE_X50Y11         LUT5 (Prop_lut5_I3_O)        0.303     9.722 r  u_if_stage/mem_addr[17]_i_6/O
                         net (fo=1, routed)           0.570    10.292    u_if_stage/mem_addr[17]_i_6_n_0
    SLICE_X51Y14         LUT6 (Prop_lut6_I4_O)        0.124    10.416 r  u_if_stage/mem_addr[17]_i_2/O
                         net (fo=1, routed)           0.451    10.866    u_if_stage/mem_addr[17]_i_2_n_0
    SLICE_X51Y14         LUT6 (Prop_lut6_I0_O)        0.124    10.990 r  u_if_stage/mem_addr[17]_i_1/O
                         net (fo=3, routed)           0.302    11.292    u_if_stage/mem_addr[31]_i_7_0[17]
    SLICE_X52Y14         LUT5 (Prop_lut5_I4_O)        0.124    11.416 r  u_if_stage/mem_result[17]_i_1/O
                         net (fo=1, routed)           0.000    11.416    u_mem_wb/mem_result_reg[31]_1[17]
    SLICE_X52Y14         FDRE                                         r  u_mem_wb/mem_result_reg[17]/D
  -------------------------------------------------------------------    -------------------

                         (clock sys_clk rise edge)   10.000    10.000 r  <hidden>
                                                      0.000    10.000 r  clk
                         net (fo=596, unset)          1.477    11.477    u_mem_wb/clk
    SLICE_X52Y14         FDRE                                         r  u_mem_wb/mem_result_reg[17]/C
                         clock pessimism              0.013    11.490    <hidden>
                         clock uncertainty           -0.035    11.455    <hidden>
    SLICE_X52Y14         FDRE (Setup_fdre_C_D)        0.031    11.486    u_mem_wb/mem_result_reg[17]
  -------------------------------------------------------------------
                         required time                         11.486    <hidden>
                         arrival time                         -11.416    <hidden>
  -------------------------------------------------------------------
                         slack                                  0.069    <hidden>

Slack (MET) :             0.084ns  (required time - arrival time)
  Source:                 u_if_stage/flush_q_reg/C
                            (rising edge-triggered cell FDPE clocked by sys_clk  {rise@0.000ns fall@5.000ns period=10.000ns})
  Destination:            u_pc/pc_reg[9]/D
                            (rising edge-triggered cell FDCE clocked by sys_clk  {rise@0.000ns fall@5.000ns period=10.000ns})
  Path Group:             sys_clk
  Path Type:              Setup (Max at Slow Process Corner)
  Requirement:            10.000ns  (sys_clk rise@10.000ns - sys_clk rise@0.000ns)
  Data Path Delay:        9.741ns  (logic 2.715ns (27.871%)  route 7.026ns (72.129%))
  Logic Levels:           11  (CARRY4=2 LUT3=1 LUT4=1 LUT5=2 LUT6=5)
  Clock Path Skew:        -0.170ns (DCD - SCD + CPR)
    Destination Clock Delay (DCD):    1.481ns = ( 11.481 - 10.000 ) 
    Source Clock Delay      (SCD):    1.664ns
    Clock Pessimism Removal (CPR):    0.013ns
  Clock Uncertainty:      0.035ns  ((TSJ^2 + TIJ^2)^1/2 + DJ) / 2 + PE
    Total System Jitter     (TSJ):    0.071ns
    Total Input Jitter      (TIJ):    0.000ns
    Discrete Jitter          (DJ):    0.000ns
    Phase Error              (PE):    0.000ns

    Location             Delay type                Incr(ns)  Path(ns)    Netlist Resource(s)
  -------------------------------------------------------------------    -------------------
                         (clock sys_clk rise edge)    0.000     0.000 r  <hidden>
                                                      0.000     0.000 r  clk
                         net (fo=596, unset)          1.664     1.664    u_if_stage/clk
    SLICE_X37Y14         FDPE                                         r  u_if_stage/flush_q_reg/C
  -------------------------------------------------------------------    -------------------
    SLICE_X37Y14         FDPE (Prop_fdpe_C_Q)         0.456     2.120 f  u_if_stage/flush_q_reg/Q
                         net (fo=110, routed)         0.804     2.924    u_if_stage/flush_q
    SLICE_X41Y12         LUT4 (Prop_lut4_I2_O)        0.124     3.048 r  u_if_stage/regs_reg_r2_0_31_0_5_i_5/O
                         net (fo=40, routed)          1.106     4.154    u_mem_wb/mem_store_data_reg[31]_0[10]
    SLICE_X38Y5          LUT6 (Prop_lut6_I1_O)        0.124     4.278 r  u_mem_wb/mem_store_data[7]_i_5/O
                         net (fo=2, routed)           0.575     4.853    u_mem_wb/mem_rd_reg[0]_1
    SLICE_X37Y5          LUT6 (Prop_lut6_I3_O)        0.124     4.977 r  u_mem_wb/mem_store_data[7]_i_3/O
                         net (fo=89, routed)          1.208     6.185    u_if_stage/select_src016_out
    SLICE_X34Y9          LUT5 (Prop_lut5_I2_O)        0.150     6.335 r  u_if_stage/multiplier[18]_i_2/O
                         net (fo=5, routed)           0.465     6.800    u_if_stage/rs2_fwd[18]
    SLICE_X34Y8          LUT6 (Prop_lut6_I5_O)        0.348     7.148 r  u_if_stage/flush_q_i_58/O
                         net (fo=3, routed)           0.735     7.883    u_if_stage/flush_q_i_58_n_0
    SLICE_X39Y8          LUT3 (Prop_lut3_I2_O)        0.124     8.007 r  u_if_stage/flush_q_i_27/O
                         net (fo=1, routed)           0.000     8.007    u_if_stage/flush_q_i_27_n_0
    SLICE_X39Y8          CARRY4 (Prop_carry4_S[2]_CO[3])
                                                      0.398     8.405 r  u_if_stage/flush_q_reg_i_11/CO[3]
                         net (fo=1, routed)           0.000     8.405    u_if_stage/flush_q_reg_i_11_n_0
    SLICE_X39Y9          CARRY4 (Prop_carry4_CI_O[3])
                                                      0.313     8.718 r  u_if_stage/flush_q_reg_i_8/O[3]
                         net (fo=1, routed)           0.765     9.483    u_if_stage/flush_q_reg_i_8_n_4
    SLICE_X39Y10         LUT6 (Prop_lut6_I3_O)        0.306     9.789 r  u_if_stage/flush_q_i_3/O
                         net (fo=1, routed)           0.465    10.254    u_if_stage/branch_taken
    SLICE_X40Y10         LUT6 (Prop_lut6_I5_O)        0.124    10.378 r  u_if_stage/flush_q_i_1/O
                         net (fo=33, routed)          0.903    11.281    u_if_stage/flush
    SLICE_X53Y7          LUT5 (Prop_lut5_I3_O)        0.124    11.405 r  u_if_stage/pc[9]_i_1/O
                         net (fo=1, routed)           0.000    11.405    u_pc/D[9]
    SLICE_X53Y7          FDCE                                         r  u_pc/pc_reg[9]/D
  -------------------------------------------------------------------    -------------------

                         (clock sys_clk rise edge)   10.000    10.000 r  <hidden>
                                                      0.000    10.000 r  clk
                         net (fo=596, unset)          1.481    11.481    u_pc/clk
    SLICE_X53Y7          FDCE                                         r  u_pc/pc_reg[9]/C
                         clock pessimism              0.013    11.494    <hidden>
                         clock uncertainty           -0.035    11.459    <hidden>
    SLICE_X53Y7          FDCE (Setup_fdce_C_D)        0.031    11.490    u_pc/pc_reg[9]
  -------------------------------------------------------------------
                         required time                         11.490    <hidden>
                         arrival time                         -11.405    <hidden>
  -------------------------------------------------------------------
                         slack                                  0.084    <hidden>




