Copyright 1986-2022 Xilinx, Inc. All Rights Reserved. Copyright 2022-2026 Advanced Micro Devices, Inc. All Rights Reserved.
------------------------------------------------------------------------------------------------------------------------------------------------------------
| Tool Version : Vivado v.2026.1 (win64) Build 6511674 Tue Jun 16 11:02:23 MDT 2026
| Date         : Tue Oct  6 14:13:49 2026
| Host         : Walter-Cooper running 64-bit major release  (build 9200)
| Command      : report_timing_summary -file D:/Desktop/contests/2026fpga/FPGA-Alittle-Design/build/reports/fmax/v1_t2_10ns/timing_impl.rpt -delay_type max
| Design       : core_top
| Device       : 7z020-clg400
| Speed File   : -1  PRODUCTION 1.12 2019-11-22
| Design State : Routed
------------------------------------------------------------------------------------------------------------------------------------------------------------

Timing Summary Report

------------------------------------------------------------------------------------------------
| Timer Settings
| --------------
------------------------------------------------------------------------------------------------

  Enable Multi Corner Analysis               :  Yes
  Enable Pessimism Removal                   :  Yes
  Pessimism Removal Resolution               :  Nearest Common Node
  Enable Input Delay Default Clock           :  No
  Enable Preset / Clear Arcs                 :  No
  Disable Flight Delays                      :  No
  Ignore I/O Paths                           :  No
  Timing Early Launch at Borrowing Latches   :  No
  Borrow Time for Max Delay Exceptions       :  Yes
  Merge Timing Exceptions                    :  Yes
  Inter-SLR Compensation                     :  Conservative

  Corner  Analyze    Analyze    
  Name    Max Paths  Min Paths  
  ------  ---------  ---------  
  Slow    Yes        Yes        
  Fast    Yes        Yes        


------------------------------------------------------------------------------------------------
| Report Methodology
| ------------------
------------------------------------------------------------------------------------------------

No report available as report_methodology has not been run prior. Run report_methodology on the current design for the summary of methodology violations.



check_timing report

Table of Contents
-----------------
1. checking no_clock (0)
2. checking constant_clock (0)
3. checking pulse_width_clock (0)
4. checking unconstrained_internal_endpoints (0)
5. checking no_input_delay (65)
6. checking no_output_delay (101)
7. checking multiple_clock (0)
8. checking generated_clocks (0)
9. checking loops (0)
10. checking partial_input_delay (0)
11. checking partial_output_delay (0)
12. checking latch_loops (0)

1. checking no_clock (0)
------------------------
 There are 0 register/latch pins with no clock.


2. checking constant_clock (0)
------------------------------
 There are 0 register/latch pins with constant_clock.


3. checking pulse_width_clock (0)
---------------------------------
 There are 0 register/latch pins which need pulse_width check


4. checking unconstrained_internal_endpoints (0)
------------------------------------------------
 There are 0 pins that are not constrained for maximum delay.

 There are 0 pins that are not constrained for maximum delay due to constant clock.


5. checking no_input_delay (65)
-------------------------------
 There are 65 input ports with no input delay specified. (HIGH)

 There are 0 input ports with no input delay but user has a false path constraint.


6. checking no_output_delay (101)
---------------------------------
 There are 101 ports with no output delay specified. (HIGH)

 There are 0 ports with no output delay but user has a false path constraint

 There are 0 ports with no output delay but with a timing clock defined on it or propagating through it


7. checking multiple_clock (0)
------------------------------
 There are 0 register/latch pins with multiple clocks.


8. checking generated_clocks (0)
--------------------------------
 There are 0 generated clocks that are not connected to a clock source.


9. checking loops (0)
---------------------
 There are 0 combinational loops in the design.


10. checking partial_input_delay (0)
------------------------------------
 There are 0 input ports with partial input delay specified.


11. checking partial_output_delay (0)
-------------------------------------
 There are 0 ports with partial output delay specified.


12. checking latch_loops (0)
----------------------------
 There are 0 combinational latch loops in the design through latch input



------------------------------------------------------------------------------------------------
| Design Timing Summary
| ---------------------
------------------------------------------------------------------------------------------------

    WNS(ns)      TNS(ns)  TNS Failing Endpoints  TNS Total Endpoints     WPWS(ns)     TPWS(ns)  TPWS Failing Endpoints  TPWS Total Endpoints  
    -------      -------  ---------------------  -------------------     --------     --------  ----------------------  --------------------  
     -0.009       -0.009                      1                 1502        3.750        0.000                       0                   597  


Timing constraints are not met.


------------------------------------------------------------------------------------------------
| Clock Summary
| -------------
------------------------------------------------------------------------------------------------

Clock    Waveform(ns)       Period(ns)      Frequency(MHz)
-----    ------------       ----------      --------------
sys_clk  {0.000 5.000}      10.000          100.000         


------------------------------------------------------------------------------------------------
| Intra Clock Table
| -----------------
------------------------------------------------------------------------------------------------

Clock             WNS(ns)      TNS(ns)  TNS Failing Endpoints  TNS Total Endpoints     WPWS(ns)     TPWS(ns)  TPWS Failing Endpoints  TPWS Total Endpoints  
-----             -------      -------  ---------------------  -------------------     --------     --------  ----------------------  --------------------  
sys_clk            -0.009       -0.009                      1                 1502        3.750        0.000                       0                   597  


------------------------------------------------------------------------------------------------
| Inter Clock Table
| -----------------
------------------------------------------------------------------------------------------------

From Clock    To Clock          WNS(ns)      TNS(ns)  TNS Failing Endpoints  TNS Total Endpoints  
----------    --------          -------      -------  ---------------------  -------------------  


------------------------------------------------------------------------------------------------
| Other Path Groups Table
| -----------------------
------------------------------------------------------------------------------------------------

Path Group    From Clock    To Clock          WNS(ns)      TNS(ns)  TNS Failing Endpoints  TNS Total Endpoints  
----------    ----------    --------          -------      -------  ---------------------  -------------------  


------------------------------------------------------------------------------------------------
| Timing Details
| --------------
------------------------------------------------------------------------------------------------


---------------------------------------------------------------------------------------------------
From Clock:  sys_clk
  To Clock:  sys_clk

Setup :            1  Failing Endpoint ,  Worst Slack       -0.009ns,  Total Violation       -0.009ns
Hold  :           NA  Failing Endpoints,  Worst Slack           NA  ,  Total Violation           NA
PW    :            0  Failing Endpoints,  Worst Slack        3.750ns,  Total Violation        0.000ns
---------------------------------------------------------------------------------------------------


Max Delay Paths
--------------------------------------------------------------------------------------
Slack (VIOLATED) :        -0.009ns  (required time - arrival time)
  Source:                 u_if_stage/flush_q_reg/C
                            (rising edge-triggered cell FDPE clocked by sys_clk  {rise@0.000ns fall@5.000ns period=10.000ns})
  Destination:            u_pc/pc_reg[15]/D
                            (rising edge-triggered cell FDCE clocked by sys_clk  {rise@0.000ns fall@5.000ns period=10.000ns})
  Path Group:             sys_clk
  Path Type:              Setup (Max at Slow Process Corner)
  Requirement:            10.000ns  (sys_clk rise@10.000ns - sys_clk rise@0.000ns)
  Data Path Delay:        9.832ns  (logic 2.715ns (27.615%)  route 7.117ns (72.385%))
  Logic Levels:           11  (CARRY4=2 LUT3=1 LUT4=1 LUT5=2 LUT6=5)
  Clock Path Skew:        -0.171ns (DCD - SCD + CPR)
    Destination Clock Delay (DCD):    1.480ns = ( 11.480 - 10.000 ) 
    Source Clock Delay      (SCD):    1.664ns
    Clock Pessimism Removal (CPR):    0.013ns
  Clock Uncertainty:      0.035ns  ((TSJ^2 + TIJ^2)^1/2 + DJ) / 2 + PE
    Total System Jitter     (TSJ):    0.071ns
    Total Input Jitter      (TIJ):    0.000ns
    Discrete Jitter          (DJ):    0.000ns
    Phase Error              (PE):    0.000ns

    Location             Delay type                Incr(ns)  Path(ns)    Netlist Resource(s)
  -------------------------------------------------------------------    -------------------
                         (clock sys_clk rise edge)    0.000     0.000 r  <hidden>
                                                      0.000     0.000 r  clk
                         net (fo=596, unset)          1.664     1.664    u_if_stage/clk
    SLICE_X37Y14         FDPE                                         r  u_if_stage/flush_q_reg/C
  -------------------------------------------------------------------    -------------------
    SLICE_X37Y14         FDPE (Prop_fdpe_C_Q)         0.456     2.120 f  u_if_stage/flush_q_reg/Q
                         net (fo=110, routed)         0.804     2.924    u_if_stage/flush_q
    SLICE_X41Y12         LUT4 (Prop_lut4_I2_O)        0.124     3.048 r  u_if_stage/regs_reg_r2_0_31_0_5_i_5/O
                         net (fo=40, routed)          1.106     4.154    u_mem_wb/mem_store_data_reg[31]_0[10]
    SLICE_X38Y5          LUT6 (Prop_lut6_I1_O)        0.124     4.278 r  u_mem_wb/mem_store_data[7]_i_5/O
                         net (fo=2, routed)           0.575     4.853    u_mem_wb/mem_rd_reg[0]_1
    SLICE_X37Y5          LUT6 (Prop_lut6_I3_O)        0.124     4.977 r  u_mem_wb/mem_store_data[7]_i_3/O
                         net (fo=89, routed)          1.208     6.185    u_if_stage/select_src016_out
    SLICE_X34Y9          LUT5 (Prop_lut5_I2_O)        0.150     6.335 r  u_if_stage/multiplier[18]_i_2/O
                         net (fo=5, routed)           0.465     6.800    u_if_stage/rs2_fwd[18]
    SLICE_X34Y8          LUT6 (Prop_lut6_I5_O)        0.348     7.148 r  u_if_stage/flush_q_i_58/O
                         net (fo=3, routed)           0.735     7.883    u_if_stage/flush_q_i_58_n_0
    SLICE_X39Y8          LUT3 (Prop_lut3_I2_O)        0.124     8.007 r  u_if_stage/flush_q_i_27/O
                         net (fo=1, routed)           0.000     8.007    u_if_stage/flush_q_i_27_n_0
    SLICE_X39Y8          CARRY4 (Prop_carry4_S[2]_CO[3])
                                                      0.398     8.405 r  u_if_stage/flush_q_reg_i_11/CO[3]
                         net (fo=1, routed)           0.000     8.405    u_if_stage/flush_q_reg_i_11_n_0
    SLICE_X39Y9          CARRY4 (Prop_carry4_CI_O[3])
                                                      0.313     8.718 r  u_if_stage/flush_q_reg_i_8/O[3]
                         net (fo=1, routed)           0.765     9.483    u_if_stage/flush_q_reg_i_8_n_4
    SLICE_X39Y10         LUT6 (Prop_lut6_I3_O)        0.306     9.789 r  u_if_stage/flush_q_i_3/O
                         net (fo=1, routed)           0.465    10.254    u_if_stage/branch_taken
    SLICE_X40Y10         LUT6 (Prop_lut6_I5_O)        0.124    10.378 r  u_if_stage/flush_q_i_1/O
                         net (fo=33, routed)          0.994    11.372    u_if_stage/flush
    SLICE_X53Y9          LUT5 (Prop_lut5_I3_O)        0.124    11.496 r  u_if_stage/pc[15]_i_1/O
                         net (fo=1, routed)           0.000    11.496    u_pc/D[15]
    SLICE_X53Y9          FDCE                                         r  u_pc/pc_reg[15]/D
  -------------------------------------------------------------------    -------------------

                         (clock sys_clk rise edge)   10.000    10.000 r  <hidden>
                                                      0.000    10.000 r  clk
                         net (fo=596, unset)          1.480    11.480    u_pc/clk
    SLICE_X53Y9          FDCE                                         r  u_pc/pc_reg[15]/C
                         clock pessimism              0.013    11.493    <hidden>
                         clock uncertainty           -0.035    11.458    <hidden>
    SLICE_X53Y9          FDCE (Setup_fdce_C_D)        0.029    11.487    u_pc/pc_reg[15]
  -------------------------------------------------------------------
                         required time                         11.487    <hidden>
                         arrival time                         -11.496    <hidden>
  -------------------------------------------------------------------
                         slack                                 -0.009    <hidden>





Pulse Width Checks
--------------------------------------------------------------------------------------
Clock Name:         sys_clk
Waveform(ns):       { 0.000 5.000 }
Period(ns):         10.000
Sources:            { clk }

Check Type        Corner  Lib Pin     Reference Pin  Required(ns)  Actual(ns)  Slack(ns)  Location      Pin
Min Period        n/a     FDCE/C      n/a            1.000         10.000      9.000      SLICE_X28Y5   muldiv_pending_reg/C
Low Pulse Width   Slow    RAMD32/CLK  n/a            1.250         5.000       3.750      SLICE_X38Y10  u_regfile/regs_reg_r1_0_31_0_5/RAMA/CLK
High Pulse Width  Slow    RAMD32/CLK  n/a            1.250         5.000       3.750      SLICE_X38Y10  u_regfile/regs_reg_r1_0_31_0_5/RAMA/CLK



