== tb_core_coremark ==
../src/riscv/alu.v:3: warning: timescale for alu inherited from another file.
riscv/tb_core_coremark.v:1: ...: The inherited timescale is here.
../src/riscv/branch_predict.v:1: warning: timescale for branch_predict inherited from another file.
riscv/tb_core_coremark.v:1: ...: The inherited timescale is here.
../src/riscv/core_top.v:3: warning: timescale for core_top inherited from another file.
riscv/tb_core_coremark.v:1: ...: The inherited timescale is here.
../src/riscv/decode.v:3: warning: timescale for decode inherited from another file.
riscv/tb_core_coremark.v:1: ...: The inherited timescale is here.
../src/riscv/dmem.v:3: warning: timescale for dmem inherited from another file.
riscv/tb_core_coremark.v:1: ...: The inherited timescale is here.
../src/riscv/forwarding.v:2: warning: timescale for forwarding inherited from another file.
riscv/tb_core_coremark.v:1: ...: The inherited timescale is here.
../src/riscv/hazard.v:2: warning: timescale for hazard inherited from another file.
riscv/tb_core_coremark.v:1: ...: The inherited timescale is here.
../src/riscv/id_ex_stage.v:2: warning: timescale for id_ex_stage inherited from another file.
riscv/tb_core_coremark.v:1: ...: The inherited timescale is here.
../src/riscv/if_stage.v:4: warning: timescale for if_stage inherited from another file.
riscv/tb_core_coremark.v:1: ...: The inherited timescale is here.
../src/riscv/imem.v:3: warning: timescale for imem inherited from another file.
riscv/tb_core_coremark.v:1: ...: The inherited timescale is here.
../src/riscv/mem_wb_stage.v:2: warning: timescale for mem_wb_stage inherited from another file.
riscv/tb_core_coremark.v:1: ...: The inherited timescale is here.
../src/riscv/muldiv.v:3: warning: timescale for muldiv inherited from another file.
riscv/tb_core_coremark.v:1: ...: The inherited timescale is here.
../src/riscv/pc.v:3: warning: timescale for pc inherited from another file.
riscv/tb_core_coremark.v:1: ...: The inherited timescale is here.
../src/riscv/pynq_z2_top.v:3: warning: timescale for pynq_z2_top inherited from another file.
riscv/tb_core_coremark.v:1: ...: The inherited timescale is here.
../src/riscv/regfile.v:3: warning: timescale for regfile inherited from another file.
riscv/tb_core_coremark.v:1: ...: The inherited timescale is here.
../src/riscv/soc_top.v:3: warning: timescale for soc_top inherited from another file.
riscv/tb_core_coremark.v:1: ...: The inherited timescale is here.
WARNING: riscv/tb_core_coremark.v:160: $readmemh(../src/riscv_fw/coremark.hex): Not enough words in the file for the requested range [0:8191].
WARNING: riscv/tb_core_coremark.v:163: $readmemh(../src/riscv_fw/coremark.hex): Not enough words in the file for the requested range [0:8191].
... 进度 cycles=2000000 pc=0x80000f78 tohost=0
... 进度 cycles=4000000 pc=0x80002538 tohost=0
... 进度 cycles=6000000 pc=0x80001f98 tohost=0
... 进度 cycles=8000000 pc=0x8000179c tohost=0
... 进度 cycles=10000000 pc=0x80001a5c tohost=0
... 进度 cycles=12000000 pc=0x80001878 tohost=0
... 进度 cycles=14000000 pc=0x80002178 tohost=0
... 进度 cycles=16000000 pc=0x80001ed0 tohost=0
== coremark mode=1 hex=../src/riscv_fw/coremark.hex exit=0 tohost=34713 cycles=16232079 retired=10106386 bubbles=6125693
CLASS: mode=1 mul=5113141 div=33 load_use=650771 raw_nofwd=0 control=361747 other=1 classified=6125693
BHT: mode=2 lookup=1854101 hit=1690538 miss=163563
== obs iter=32 seedcrc=0xe9f5 crclist=0xe714 crcmatrix=0x1fd7 crcstate=0x8e3a crcfinal=0x8799 t0=17897 t1=16230603 errors=1
PASS: coremark mode=1 cycles=16232079 retired=10106386 bubbles=6125693 cpi=1.606
riscv/tb_core_coremark.v:237: $finish called at 162320875000 (1ps)
