Copyright 1986-2022 Xilinx, Inc. All Rights Reserved. Copyright 2022-2026 Advanced Micro Devices, Inc. All Rights Reserved.
------------------------------------------------------------------------------------------------------------------------------------------------------------------------------------------------------
| Tool Version : Vivado v.2026.1 (win64) Build 6511674 Tue Jun 16 11:02:23 MDT 2026
| Date         : Wed Oct  7 17:42:38 2026
| Host         : never-die-cold running 64-bit major release  (build 9200)
| Command      : report_timing_summary -delay_type min_max -check_timing_verbose -file E:/Projects/FPGA-Alittle-Design/data/logs/2026-10-07-module1-closure/ooc-final/v1_bht2_10ns_postopt/timing.rpt
| Design       : core_top
| Device       : 7z020-clg400
| Speed File   : -1  PRODUCTION 1.12 2019-11-22
| Design State : Routed
------------------------------------------------------------------------------------------------------------------------------------------------------------------------------------------------------

Timing Summary Report

------------------------------------------------------------------------------------------------
| Timer Settings
| --------------
------------------------------------------------------------------------------------------------

  Enable Multi Corner Analysis               :  Yes
  Enable Pessimism Removal                   :  Yes
  Pessimism Removal Resolution               :  Nearest Common Node
  Enable Input Delay Default Clock           :  No
  Enable Preset / Clear Arcs                 :  No
  Disable Flight Delays                      :  No
  Ignore I/O Paths                           :  No
  Timing Early Launch at Borrowing Latches   :  No
  Borrow Time for Max Delay Exceptions       :  Yes
  Merge Timing Exceptions                    :  Yes
  Inter-SLR Compensation                     :  Conservative

  Corner  Analyze    Analyze    
  Name    Max Paths  Min Paths  
  ------  ---------  ---------  
  Slow    Yes        Yes        
  Fast    Yes        Yes        


------------------------------------------------------------------------------------------------
| Report Methodology
| ------------------
------------------------------------------------------------------------------------------------

No report available as report_methodology has not been run prior. Run report_methodology on the current design for the summary of methodology violations.



check_timing report

Table of Contents
-----------------
1. checking no_clock (0)
2. checking constant_clock (0)
3. checking pulse_width_clock (0)
4. checking unconstrained_internal_endpoints (0)
5. checking no_input_delay (65)
6. checking no_output_delay (101)
7. checking multiple_clock (0)
8. checking generated_clocks (0)
9. checking loops (0)
10. checking partial_input_delay (0)
11. checking partial_output_delay (0)
12. checking latch_loops (0)

1. checking no_clock (0)
------------------------
 There are 0 register/latch pins with no clock.


2. checking constant_clock (0)
------------------------------
 There are 0 register/latch pins with constant_clock.


3. checking pulse_width_clock (0)
---------------------------------
 There are 0 register/latch pins which need pulse_width check


4. checking unconstrained_internal_endpoints (0)
------------------------------------------------
 There are 0 pins that are not constrained for maximum delay.

 There are 0 pins that are not constrained for maximum delay due to constant clock.


5. checking no_input_delay (65)
-------------------------------
 There are 65 input ports with no input delay specified. (HIGH)

dmem_rdata[0]
dmem_rdata[10]
dmem_rdata[11]
dmem_rdata[12]
dmem_rdata[13]
dmem_rdata[14]
dmem_rdata[15]
dmem_rdata[16]
dmem_rdata[17]
dmem_rdata[18]
dmem_rdata[19]
dmem_rdata[1]
dmem_rdata[20]
dmem_rdata[21]
dmem_rdata[22]
dmem_rdata[23]
dmem_rdata[24]
dmem_rdata[25]
dmem_rdata[26]
dmem_rdata[27]
dmem_rdata[28]
dmem_rdata[29]
dmem_rdata[2]
dmem_rdata[30]
dmem_rdata[31]
dmem_rdata[3]
dmem_rdata[4]
dmem_rdata[5]
dmem_rdata[6]
dmem_rdata[7]
dmem_rdata[8]
dmem_rdata[9]
imem_rdata[0]
imem_rdata[10]
imem_rdata[11]
imem_rdata[12]
imem_rdata[13]
imem_rdata[14]
imem_rdata[15]
imem_rdata[16]
imem_rdata[17]
imem_rdata[18]
imem_rdata[19]
imem_rdata[1]
imem_rdata[20]
imem_rdata[21]
imem_rdata[22]
imem_rdata[23]
imem_rdata[24]
imem_rdata[25]
imem_rdata[26]
imem_rdata[27]
imem_rdata[28]
imem_rdata[29]
imem_rdata[2]
imem_rdata[30]
imem_rdata[31]
imem_rdata[3]
imem_rdata[4]
imem_rdata[5]
imem_rdata[6]
imem_rdata[7]
imem_rdata[8]
imem_rdata[9]
rst_n

 There are 0 input ports with no input delay but user has a false path constraint.


6. checking no_output_delay (101)
---------------------------------
 There are 101 ports with no output delay specified. (HIGH)

dmem_addr[0]
dmem_addr[10]
dmem_addr[11]
dmem_addr[12]
dmem_addr[13]
dmem_addr[14]
dmem_addr[15]
dmem_addr[16]
dmem_addr[17]
dmem_addr[18]
dmem_addr[19]
dmem_addr[1]
dmem_addr[20]
dmem_addr[21]
dmem_addr[22]
dmem_addr[23]
dmem_addr[24]
dmem_addr[25]
dmem_addr[26]
dmem_addr[27]
dmem_addr[28]
dmem_addr[29]
dmem_addr[2]
dmem_addr[30]
dmem_addr[31]
dmem_addr[3]
dmem_addr[4]
dmem_addr[5]
dmem_addr[6]
dmem_addr[7]
dmem_addr[8]
dmem_addr[9]
dmem_be[0]
dmem_be[1]
dmem_be[2]
dmem_be[3]
dmem_wdata[0]
dmem_wdata[10]
dmem_wdata[11]
dmem_wdata[12]
dmem_wdata[13]
dmem_wdata[14]
dmem_wdata[15]
dmem_wdata[16]
dmem_wdata[17]
dmem_wdata[18]
dmem_wdata[19]
dmem_wdata[1]
dmem_wdata[20]
dmem_wdata[21]
dmem_wdata[22]
dmem_wdata[23]
dmem_wdata[24]
dmem_wdata[25]
dmem_wdata[26]
dmem_wdata[27]
dmem_wdata[28]
dmem_wdata[29]
dmem_wdata[2]
dmem_wdata[30]
dmem_wdata[31]
dmem_wdata[3]
dmem_wdata[4]
dmem_wdata[5]
dmem_wdata[6]
dmem_wdata[7]
dmem_wdata[8]
dmem_wdata[9]
dmem_we
imem_addr[0]
imem_addr[10]
imem_addr[11]
imem_addr[12]
imem_addr[13]
imem_addr[14]
imem_addr[15]
imem_addr[16]
imem_addr[17]
imem_addr[18]
imem_addr[19]
imem_addr[1]
imem_addr[20]
imem_addr[21]
imem_addr[22]
imem_addr[23]
imem_addr[24]
imem_addr[25]
imem_addr[26]
imem_addr[27]
imem_addr[28]
imem_addr[29]
imem_addr[2]
imem_addr[30]
imem_addr[31]
imem_addr[3]
imem_addr[4]
imem_addr[5]
imem_addr[6]
imem_addr[7]
imem_addr[8]
imem_addr[9]

 There are 0 ports with no output delay but user has a false path constraint

 There are 0 ports with no output delay but with a timing clock defined on it or propagating through it


7. checking multiple_clock (0)
------------------------------
 There are 0 register/latch pins with multiple clocks.


8. checking generated_clocks (0)
--------------------------------
 There are 0 generated clocks that are not connected to a clock source.


9. checking loops (0)
---------------------
 There are 0 combinational loops in the design.


10. checking partial_input_delay (0)
------------------------------------
 There are 0 input ports with partial input delay specified.


11. checking partial_output_delay (0)
-------------------------------------
 There are 0 ports with partial output delay specified.


12. checking latch_loops (0)
----------------------------
 There are 0 combinational latch loops in the design through latch input



------------------------------------------------------------------------------------------------
| Design Timing Summary
| ---------------------
------------------------------------------------------------------------------------------------

    WNS(ns)      TNS(ns)  TNS Failing Endpoints  TNS Total Endpoints      WHS(ns)      THS(ns)  THS Failing Endpoints  THS Total Endpoints     WPWS(ns)     TPWS(ns)  TPWS Failing Endpoints  TPWS Total Endpoints  
    -------      -------  ---------------------  -------------------      -------      -------  ---------------------  -------------------     --------     --------  ----------------------  --------------------  
     -0.586      -27.187                    113                 1602        0.169        0.000                      0                 1602        3.750        0.000                       0                   725  


Timing constraints are not met.


------------------------------------------------------------------------------------------------
| Clock Summary
| -------------
------------------------------------------------------------------------------------------------

Clock    Waveform(ns)       Period(ns)      Frequency(MHz)
-----    ------------       ----------      --------------
sys_clk  {0.000 5.000}      10.000          100.000         


------------------------------------------------------------------------------------------------
| Intra Clock Table
| -----------------
------------------------------------------------------------------------------------------------

Clock             WNS(ns)      TNS(ns)  TNS Failing Endpoints  TNS Total Endpoints      WHS(ns)      THS(ns)  THS Failing Endpoints  THS Total Endpoints     WPWS(ns)     TPWS(ns)  TPWS Failing Endpoints  TPWS Total Endpoints  
-----             -------      -------  ---------------------  -------------------      -------      -------  ---------------------  -------------------     --------     --------  ----------------------  --------------------  
sys_clk            -0.586      -27.187                    113                 1602        0.169        0.000                      0                 1602        3.750        0.000                       0                   725  


------------------------------------------------------------------------------------------------
| Inter Clock Table
| -----------------
------------------------------------------------------------------------------------------------

From Clock    To Clock          WNS(ns)      TNS(ns)  TNS Failing Endpoints  TNS Total Endpoints      WHS(ns)      THS(ns)  THS Failing Endpoints  THS Total Endpoints  
----------    --------          -------      -------  ---------------------  -------------------      -------      -------  ---------------------  -------------------  


------------------------------------------------------------------------------------------------
| Other Path Groups Table
| -----------------------
------------------------------------------------------------------------------------------------

Path Group    From Clock    To Clock          WNS(ns)      TNS(ns)  TNS Failing Endpoints  TNS Total Endpoints      WHS(ns)      THS(ns)  THS Failing Endpoints  THS Total Endpoints  
----------    ----------    --------          -------      -------  ---------------------  -------------------      -------      -------  ---------------------  -------------------  


------------------------------------------------------------------------------------------------
| Timing Details
| --------------
------------------------------------------------------------------------------------------------


---------------------------------------------------------------------------------------------------
From Clock:  sys_clk
  To Clock:  sys_clk

Setup :          113  Failing Endpoints,  Worst Slack       -0.586ns,  Total Violation      -27.187ns
Hold  :            0  Failing Endpoints,  Worst Slack        0.169ns,  Total Violation        0.000ns
PW    :            0  Failing Endpoints,  Worst Slack        3.750ns,  Total Violation        0.000ns
---------------------------------------------------------------------------------------------------


Max Delay Paths
--------------------------------------------------------------------------------------
Slack (VIOLATED) :        -0.586ns  (required time - arrival time)
  Source:                 u_if_stage/stall_q_reg/C
                            (rising edge-triggered cell FDCE clocked by sys_clk  {rise@0.000ns fall@5.000ns period=10.000ns})
  Destination:            u_if_stage/pc_id_r_reg[25]/D
                            (rising edge-triggered cell FDCE clocked by sys_clk  {rise@0.000ns fall@5.000ns period=10.000ns})
  Path Group:             sys_clk
  Path Type:              Setup (Max at Slow Process Corner)
  Requirement:            10.000ns  (sys_clk rise@10.000ns - sys_clk rise@0.000ns)
  Data Path Delay:        10.528ns  (logic 3.237ns (30.746%)  route 7.291ns (69.254%))
  Logic Levels:           15  (CARRY4=5 LUT2=1 LUT3=1 LUT5=2 LUT6=5 RAMD32=1)
  Clock Path Skew:        -0.052ns (DCD - SCD + CPR)
    Destination Clock Delay (DCD):    1.548ns = ( 11.548 - 10.000 ) 
    Source Clock Delay      (SCD):    1.715ns
    Clock Pessimism Removal (CPR):    0.115ns
  Clock Uncertainty:      0.035ns  ((TSJ^2 + TIJ^2)^1/2 + DJ) / 2 + PE
    Total System Jitter     (TSJ):    0.071ns
    Total Input Jitter      (TIJ):    0.000ns
    Discrete Jitter          (DJ):    0.000ns
    Phase Error              (PE):    0.000ns

    Location             Delay type                Incr(ns)  Path(ns)    Netlist Resource(s)
  -------------------------------------------------------------------    -------------------
                         (clock sys_clk rise edge)    0.000     0.000 r  <hidden>
                                                      0.000     0.000 r  clk
                         net (fo=724, unset)          1.715     1.715    u_if_stage/clk
    SLICE_X67Y22         FDCE                                         r  u_if_stage/stall_q_reg/C
  -------------------------------------------------------------------    -------------------
    SLICE_X67Y22         FDCE (Prop_fdce_C_Q)         0.456     2.171 r  u_if_stage/stall_q_reg/Q
                         net (fo=155, routed)         0.588     2.759    u_if_stage/stall_q
    SLICE_X67Y22         LUT3 (Prop_lut3_I2_O)        0.124     2.883 r  u_if_stage/regs_reg_r2_0_31_0_5_i_5/O
                         net (fo=45, routed)          1.259     4.143    u_regfile/regs_reg_r2_0_31_0_5/ADDRB0
    SLICE_X66Y24         RAMD32 (Prop_ramd32_RADR0_O)
                                                      0.152     4.295 r  u_regfile/regs_reg_r2_0_31_0_5/RAMB/O
                         net (fo=2, routed)           0.562     4.857    u_regfile/rdata20[2]
    SLICE_X67Y23         LUT6 (Prop_lut6_I0_O)        0.348     5.205 r  u_regfile/mem_store_data[2]_i_2/O
                         net (fo=2, routed)           0.817     6.022    u_if_stage/rdata2[1]
    SLICE_X66Y22         LUT6 (Prop_lut6_I0_O)        0.124     6.146 r  u_if_stage/multiplier[2]_i_2/O
                         net (fo=9, routed)           0.553     6.699    u_if_stage/rs2_fwd[2]
    SLICE_X68Y22         LUT6 (Prop_lut6_I5_O)        0.124     6.823 r  u_if_stage/imem_addr[31]_INST_0_i_102/O
                         net (fo=3, routed)           0.560     7.383    u_if_stage/imem_addr[31]_INST_0_i_102_n_0
    SLICE_X65Y22         LUT2 (Prop_lut2_I1_O)        0.124     7.507 r  u_if_stage/imem_addr[31]_INST_0_i_121/O
                         net (fo=1, routed)           0.000     7.507    u_if_stage/imem_addr[31]_INST_0_i_121_n_0
    SLICE_X65Y22         CARRY4 (Prop_carry4_S[1]_CO[3])
                                                      0.550     8.057 r  u_if_stage/imem_addr[31]_INST_0_i_104/CO[3]
                         net (fo=1, routed)           0.000     8.057    u_if_stage/imem_addr[31]_INST_0_i_104_n_0
    SLICE_X65Y23         CARRY4 (Prop_carry4_CI_CO[3])
                                                      0.114     8.171 r  u_if_stage/imem_addr[31]_INST_0_i_80/CO[3]
                         net (fo=1, routed)           0.000     8.171    u_if_stage/imem_addr[31]_INST_0_i_80_n_0
    SLICE_X65Y24         CARRY4 (Prop_carry4_CI_CO[3])
                                                      0.114     8.285 r  u_if_stage/imem_addr[31]_INST_0_i_51/CO[3]
                         net (fo=1, routed)           0.009     8.294    u_if_stage/imem_addr[31]_INST_0_i_51_n_0
    SLICE_X65Y25         CARRY4 (Prop_carry4_CI_CO[3])
                                                      0.114     8.408 r  u_if_stage/imem_addr[31]_INST_0_i_32/CO[3]
                         net (fo=1, routed)           0.000     8.408    u_if_stage/u_id_ex/data4
    SLICE_X65Y26         CARRY4 (Prop_carry4_CI_O[0])
                                                      0.222     8.630 r  u_if_stage/imem_addr[31]_INST_0_i_21/O[0]
                         net (fo=1, routed)           0.548     9.178    u_if_stage/imem_addr[31]_INST_0_i_21_n_7
    SLICE_X69Y27         LUT6 (Prop_lut6_I4_O)        0.299     9.477 f  u_if_stage/imem_addr[31]_INST_0_i_7/O
                         net (fo=60, routed)          1.195    10.672    u_if_stage/branch_taken
    SLICE_X80Y23         LUT5 (Prop_lut5_I1_O)        0.124    10.796 r  u_if_stage/imem_addr[25]_INST_0_i_2/O
                         net (fo=1, routed)           0.719    11.515    u_if_stage/imem_addr[25]_INST_0_i_2_n_0
    SLICE_X87Y23         LUT6 (Prop_lut6_I0_O)        0.124    11.639 r  u_if_stage/imem_addr[25]_INST_0_i_1/O
                         net (fo=2, routed)           0.481    12.119    u_if_stage/imem_addr[25]_INST_0_i_1_n_0
    SLICE_X87Y23         LUT5 (Prop_lut5_I2_O)        0.124    12.243 r  u_if_stage/imem_addr[25]_INST_0/O
                         net (fo=1, routed)           0.000    12.243    u_if_stage/imem_addr[25]
    SLICE_X87Y23         FDCE                                         r  u_if_stage/pc_id_r_reg[25]/D
  -------------------------------------------------------------------    -------------------

                         (clock sys_clk rise edge)   10.000    10.000 r  <hidden>
                                                      0.000    10.000 r  clk
                         net (fo=724, unset)          1.548    11.548    u_if_stage/clk
    SLICE_X87Y23         FDCE                                         r  u_if_stage/pc_id_r_reg[25]/C
                         clock pessimism              0.115    11.663    <hidden>
                         clock uncertainty           -0.035    11.628    <hidden>
    SLICE_X87Y23         FDCE (Setup_fdce_C_D)        0.029    11.657    u_if_stage/pc_id_r_reg[25]
  -------------------------------------------------------------------
                         required time                         11.657    <hidden>
                         arrival time                         -12.243    <hidden>
  -------------------------------------------------------------------
                         slack                                 -0.586    <hidden>





Min Delay Paths
--------------------------------------------------------------------------------------
Slack (MET) :             0.169ns  (arrival time - required time)
  Source:                 u_mem_wb/mem_rd_reg[1]/C
                            (rising edge-triggered cell FDRE clocked by sys_clk  {rise@0.000ns fall@5.000ns period=10.000ns})
  Destination:            u_regfile/regs_reg_r2_0_31_12_17/RAMA/WADR1
                            (rising edge-triggered cell RAMD32 clocked by sys_clk  {rise@0.000ns fall@5.000ns period=10.000ns})
  Path Group:             sys_clk
  Path Type:              Hold (Min at Fast Process Corner)
  Requirement:            0.000ns  (sys_clk rise@0.000ns - sys_clk rise@0.000ns)
  Data Path Delay:        0.459ns  (logic 0.148ns (32.257%)  route 0.311ns (67.743%))
  Logic Levels:           0  
  Clock Path Skew:        0.034ns (DCD - SCD - CPR)
    Destination Clock Delay (DCD):    0.843ns
    Source Clock Delay      (SCD):    0.575ns
    Clock Pessimism Removal (CPR):    0.234ns

    Location             Delay type                Incr(ns)  Path(ns)    Netlist Resource(s)
  -------------------------------------------------------------------    -------------------
                         (clock sys_clk rise edge)    0.000     0.000 r  <hidden>
                                                      0.000     0.000 r  clk
                         net (fo=724, unset)          0.575     0.575    u_mem_wb/clk
    SLICE_X58Y18         FDRE                                         r  u_mem_wb/mem_rd_reg[1]/C
  -------------------------------------------------------------------    -------------------
    SLICE_X58Y18         FDRE (Prop_fdre_C_Q)         0.148     0.723 r  u_mem_wb/mem_rd_reg[1]/Q
                         net (fo=103, routed)         0.311     1.034    u_regfile/regs_reg_r2_0_31_12_17/ADDRD1
    SLICE_X62Y18         RAMD32                                       r  u_regfile/regs_reg_r2_0_31_12_17/RAMA/WADR1
  -------------------------------------------------------------------    -------------------

                         (clock sys_clk rise edge)    0.000     0.000 r  <hidden>
                                                      0.000     0.000 r  clk
                         net (fo=724, unset)          0.843     0.843    u_regfile/regs_reg_r2_0_31_12_17/WCLK
    SLICE_X62Y18         RAMD32                                       r  u_regfile/regs_reg_r2_0_31_12_17/RAMA/CLK
                         clock pessimism             -0.234     0.609    <hidden>
    SLICE_X62Y18         RAMD32 (Hold_ramd32_CLK_WADR1)
                                                      0.256     0.865    u_regfile/regs_reg_r2_0_31_12_17/RAMA
  -------------------------------------------------------------------
                         required time                         -0.865    <hidden>
                         arrival time                           1.034    <hidden>
  -------------------------------------------------------------------
                         slack                                  0.169    <hidden>





Pulse Width Checks
--------------------------------------------------------------------------------------
Clock Name:         sys_clk
Waveform(ns):       { 0.000 5.000 }
Period(ns):         10.000
Sources:            { clk }

Check Type        Corner  Lib Pin     Reference Pin  Required(ns)  Actual(ns)  Slack(ns)  Location      Pin
Min Period        n/a     FDCE/C      n/a            1.000         10.000      9.000      SLICE_X56Y21  muldiv_pending_reg/C
Low Pulse Width   Slow    RAMD32/CLK  n/a            1.250         5.000       3.750      SLICE_X62Y19  u_regfile/regs_reg_r1_0_31_0_5/RAMA/CLK
High Pulse Width  Slow    RAMD32/CLK  n/a            1.250         5.000       3.750      SLICE_X62Y19  u_regfile/regs_reg_r1_0_31_0_5/RAMA/CLK



