Copyright 1986-2022 Xilinx, Inc. All Rights Reserved. Copyright 2022-2026 Advanced Micro Devices, Inc. All Rights Reserved.
---------------------------------------------------------------------------------------------------------------------------------------------
| Tool Version : Vivado v.2026.1 (win64) Build 6511674 Tue Jun 16 11:02:23 MDT 2026
| Date         : Fri Oct  2 00:16:33 2026
| Host         : never-die-cold running 64-bit major release  (build 9200)
| Command      : report_timing -max_paths 10 -file data/logs/2026-10-02-vision-offboard/route/worst_paths.rpt
| Design       : video_pipeline
| Device       : 7z020-clg400
| Speed File   : -1  PRODUCTION 1.12 2019-11-22
| Design State : Routed
---------------------------------------------------------------------------------------------------------------------------------------------

Timing Report

Slack (VIOLATED) :        -0.253ns  (required time - arrival time)
  Source:                 u_vision/u_sobel/lb0/mem_reg/CLKARDCLK
                            (rising edge-triggered cell RAMB18E1 clocked by pclk  {rise@0.000ns fall@6.734ns period=13.468ns})
  Destination:            u_vision/u_sobel/out_g_reg[7]/D
                            (rising edge-triggered cell FDCE clocked by pclk  {rise@0.000ns fall@6.734ns period=13.468ns})
  Path Group:             pclk
  Path Type:              Setup (Max at Slow Process Corner)
  Requirement:            13.468ns  (pclk rise@13.468ns - pclk rise@0.000ns)
  Data Path Delay:        13.518ns  (logic 7.118ns (52.656%)  route 6.400ns (47.344%))
  Logic Levels:           15  (CARRY4=7 LUT2=1 LUT3=3 LUT4=2 LUT5=1 LUT6=1)
  Clock Path Skew:        -0.049ns (DCD - SCD + CPR)
    Destination Clock Delay (DCD):    0.924ns = ( 14.392 - 13.468 ) 
    Source Clock Delay      (SCD):    0.973ns
    Clock Pessimism Removal (CPR):    0.000ns
  Clock Uncertainty:      0.185ns  ((TSJ^2 + TIJ^2)^1/2 + DJ) / 2 + PE + UU
    Total System Jitter     (TSJ):    0.071ns
    Total Input Jitter      (TIJ):    0.000ns
    Discrete Jitter          (DJ):    0.000ns
    Phase Error              (PE):    0.000ns
    User Uncertainty         (UU):    0.150ns

    Location             Delay type                Incr(ns)  Path(ns)    Netlist Resource(s)
  -------------------------------------------------------------------    -------------------
                         (clock pclk rise edge)       0.000     0.000 r  <hidden>
                                                      0.000     0.000 r  pclk
                         net (fo=1046, unset)         0.973     0.973    u_vision/u_sobel/lb0/pclk
    RAMB18_X3Y10         RAMB18E1                                     r  u_vision/u_sobel/lb0/mem_reg/CLKARDCLK
  -------------------------------------------------------------------    -------------------
    RAMB18_X3Y10         RAMB18E1 (Prop_ramb18e1_CLKARDCLK_DOADO[3])
                                                      2.454     3.427 r  u_vision/u_sobel/lb0/mem_reg/DOADO[3]
                         net (fo=3, routed)           1.219     4.646    u_vision/u_sobel/lb1/out_g[7]_i_69__0_2[3]
    SLICE_X54Y23         LUT6 (Prop_lut6_I1_O)        0.124     4.770 r  u_vision/u_sobel/lb1/out_g[7]_i_103/O
                         net (fo=4, routed)           0.605     5.375    u_vision/u_sobel/lb1/A[3]
    SLICE_X56Y23         LUT3 (Prop_lut3_I0_O)        0.124     5.499 r  u_vision/u_sobel/lb1/out_g[7]_i_104/O
                         net (fo=4, routed)           0.822     6.321    u_vision/u_sobel/lb1/topR[3]
    SLICE_X57Y24         LUT3 (Prop_lut3_I0_O)        0.150     6.471 r  u_vision/u_sobel/lb1/out_g[7]_i_58__0/O
                         net (fo=2, routed)           0.844     7.315    u_vision/u_sobel/lb1/out_g[7]_i_58__0_n_0
    SLICE_X57Y25         LUT4 (Prop_lut4_I3_O)        0.332     7.647 r  u_vision/u_sobel/lb1/out_g[7]_i_62__0/O
                         net (fo=1, routed)           0.000     7.647    u_vision/u_sobel/lb1/out_g[7]_i_62__0_n_0
    SLICE_X57Y25         CARRY4 (Prop_carry4_S[0]_O[3])
                                                      0.606     8.253 r  u_vision/u_sobel/lb1/out_g_reg[7]_i_29/O[3]
                         net (fo=4, routed)           0.820     9.073    u_vision/u_sobel/lb1/gx_pos[7]
    SLICE_X58Y25         LUT4 (Prop_lut4_I1_O)        0.306     9.379 r  u_vision/u_sobel/lb1/out_g[7]_i_91__0/O
                         net (fo=1, routed)           0.000     9.379    u_vision/u_sobel/lb1/out_g[7]_i_91__0_n_0
    SLICE_X58Y25         CARRY4 (Prop_carry4_S[3]_CO[3])
                                                      0.376     9.755 r  u_vision/u_sobel/lb1/out_g_reg[7]_i_52/CO[3]
                         net (fo=1, routed)           0.000     9.755    u_vision/u_sobel/lb1/out_g_reg[7]_i_52_n_0
    SLICE_X58Y26         CARRY4 (Prop_carry4_CI_CO[0])
                                                      0.254    10.009 r  u_vision/u_sobel/lb1/out_g_reg[7]_i_28/CO[0]
                         net (fo=10, routed)          0.616    10.625    u_vision/u_sobel/lb1/gx1
    SLICE_X59Y25         LUT3 (Prop_lut3_I1_O)        0.361    10.986 r  u_vision/u_sobel/lb1/out_g[3]_i_11/O
                         net (fo=1, routed)           0.000    10.986    u_vision/u_sobel/lb1/p_1_in[0]
    SLICE_X59Y25         CARRY4 (Prop_carry4_DI[0]_CO[3])
                                                      0.483    11.469 r  u_vision/u_sobel/lb1/out_g_reg[3]_i_3/CO[3]
                         net (fo=1, routed)           0.000    11.469    u_vision/u_sobel/lb1/out_g_reg[3]_i_3_n_0
    SLICE_X59Y26         CARRY4 (Prop_carry4_CI_O[0])
                                                      0.222    11.691 r  u_vision/u_sobel/lb1/out_g_reg[7]_i_4__0/O[0]
                         net (fo=2, routed)           0.620    12.311    u_vision/u_sobel/lb1/gx[4]
    SLICE_X58Y28         LUT2 (Prop_lut2_I0_O)        0.299    12.610 r  u_vision/u_sobel/lb1/out_g[7]_i_8__0/O
                         net (fo=1, routed)           0.000    12.610    u_vision/u_sobel/lb1/out_g[7]_i_8__0_n_0
    SLICE_X58Y28         CARRY4 (Prop_carry4_S[0]_CO[3])
                                                      0.513    13.123 r  u_vision/u_sobel/lb1/out_g_reg[7]_i_2__0/CO[3]
                         net (fo=1, routed)           0.000    13.123    u_vision/u_sobel/lb1/out_g_reg[7]_i_2__0_n_0
    SLICE_X58Y29         CARRY4 (Prop_carry4_CI_O[0])
                                                      0.219    13.342 r  u_vision/u_sobel/lb1/out_g_reg[7]_i_3/O[0]
                         net (fo=8, routed)           0.853    14.196    u_vision/u_sobel/lb1/out_g_reg[7]_i_3_n_7
    SLICE_X60Y29         LUT5 (Prop_lut5_I1_O)        0.295    14.491 r  u_vision/u_sobel/lb1/out_g[7]_i_1/O
                         net (fo=1, routed)           0.000    14.491    u_vision/u_sobel/p_0_in[7]
    SLICE_X60Y29         FDCE                                         r  u_vision/u_sobel/out_g_reg[7]/D
  -------------------------------------------------------------------    -------------------

                         (clock pclk rise edge)      13.468    13.468 r  <hidden>
                                                      0.000    13.468 r  pclk
                         net (fo=1046, unset)         0.924    14.392    u_vision/u_sobel/pclk
    SLICE_X60Y29         FDCE                                         r  u_vision/u_sobel/out_g_reg[7]/C
                         clock pessimism              0.000    14.392    <hidden>
                         clock uncertainty           -0.185    14.207    <hidden>
    SLICE_X60Y29         FDCE (Setup_fdce_C_D)        0.031    14.238    u_vision/u_sobel/out_g_reg[7]
  -------------------------------------------------------------------
                         required time                         14.238    <hidden>
                         arrival time                         -14.491    <hidden>
  -------------------------------------------------------------------
                         slack                                 -0.253    <hidden>

Slack (VIOLATED) :        -0.170ns  (required time - arrival time)
  Source:                 u_vision/u_sobel/lb0/mem_reg/CLKARDCLK
                            (rising edge-triggered cell RAMB18E1 clocked by pclk  {rise@0.000ns fall@6.734ns period=13.468ns})
  Destination:            u_vision/u_sobel/out_g_reg[3]/D
                            (rising edge-triggered cell FDCE clocked by pclk  {rise@0.000ns fall@6.734ns period=13.468ns})
  Path Group:             pclk
  Path Type:              Setup (Max at Slow Process Corner)
  Requirement:            13.468ns  (pclk rise@13.468ns - pclk rise@0.000ns)
  Data Path Delay:        13.435ns  (logic 7.144ns (53.174%)  route 6.291ns (46.826%))
  Logic Levels:           15  (CARRY4=7 LUT2=1 LUT3=3 LUT4=2 LUT5=1 LUT6=1)
  Clock Path Skew:        -0.049ns (DCD - SCD + CPR)
    Destination Clock Delay (DCD):    0.924ns = ( 14.392 - 13.468 ) 
    Source Clock Delay      (SCD):    0.973ns
    Clock Pessimism Removal (CPR):    0.000ns
  Clock Uncertainty:      0.185ns  ((TSJ^2 + TIJ^2)^1/2 + DJ) / 2 + PE + UU
    Total System Jitter     (TSJ):    0.071ns
    Total Input Jitter      (TIJ):    0.000ns
    Discrete Jitter          (DJ):    0.000ns
    Phase Error              (PE):    0.000ns
    User Uncertainty         (UU):    0.150ns

    Location             Delay type                Incr(ns)  Path(ns)    Netlist Resource(s)
  -------------------------------------------------------------------    -------------------
                         (clock pclk rise edge)       0.000     0.000 r  <hidden>
                                                      0.000     0.000 r  pclk
                         net (fo=1046, unset)         0.973     0.973    u_vision/u_sobel/lb0/pclk
    RAMB18_X3Y10         RAMB18E1                                     r  u_vision/u_sobel/lb0/mem_reg/CLKARDCLK
  -------------------------------------------------------------------    -------------------
    RAMB18_X3Y10         RAMB18E1 (Prop_ramb18e1_CLKARDCLK_DOADO[3])
                                                      2.454     3.427 r  u_vision/u_sobel/lb0/mem_reg/DOADO[3]
                         net (fo=3, routed)           1.219     4.646    u_vision/u_sobel/lb1/out_g[7]_i_69__0_2[3]
    SLICE_X54Y23         LUT6 (Prop_lut6_I1_O)        0.124     4.770 r  u_vision/u_sobel/lb1/out_g[7]_i_103/O
                         net (fo=4, routed)           0.605     5.375    u_vision/u_sobel/lb1/A[3]
    SLICE_X56Y23         LUT3 (Prop_lut3_I0_O)        0.124     5.499 r  u_vision/u_sobel/lb1/out_g[7]_i_104/O
                         net (fo=4, routed)           0.822     6.321    u_vision/u_sobel/lb1/topR[3]
    SLICE_X57Y24         LUT3 (Prop_lut3_I0_O)        0.150     6.471 r  u_vision/u_sobel/lb1/out_g[7]_i_58__0/O
                         net (fo=2, routed)           0.844     7.315    u_vision/u_sobel/lb1/out_g[7]_i_58__0_n_0
    SLICE_X57Y25         LUT4 (Prop_lut4_I3_O)        0.332     7.647 r  u_vision/u_sobel/lb1/out_g[7]_i_62__0/O
                         net (fo=1, routed)           0.000     7.647    u_vision/u_sobel/lb1/out_g[7]_i_62__0_n_0
    SLICE_X57Y25         CARRY4 (Prop_carry4_S[0]_O[3])
                                                      0.606     8.253 r  u_vision/u_sobel/lb1/out_g_reg[7]_i_29/O[3]
                         net (fo=4, routed)           0.820     9.073    u_vision/u_sobel/lb1/gx_pos[7]
    SLICE_X58Y25         LUT4 (Prop_lut4_I1_O)        0.306     9.379 r  u_vision/u_sobel/lb1/out_g[7]_i_91__0/O
                         net (fo=1, routed)           0.000     9.379    u_vision/u_sobel/lb1/out_g[7]_i_91__0_n_0
    SLICE_X58Y25         CARRY4 (Prop_carry4_S[3]_CO[3])
                                                      0.376     9.755 r  u_vision/u_sobel/lb1/out_g_reg[7]_i_52/CO[3]
                         net (fo=1, routed)           0.000     9.755    u_vision/u_sobel/lb1/out_g_reg[7]_i_52_n_0
    SLICE_X58Y26         CARRY4 (Prop_carry4_CI_CO[0])
                                                      0.254    10.009 r  u_vision/u_sobel/lb1/out_g_reg[7]_i_28/CO[0]
                         net (fo=10, routed)          0.616    10.625    u_vision/u_sobel/lb1/gx1
    SLICE_X59Y25         LUT3 (Prop_lut3_I1_O)        0.361    10.986 r  u_vision/u_sobel/lb1/out_g[3]_i_11/O
                         net (fo=1, routed)           0.000    10.986    u_vision/u_sobel/lb1/p_1_in[0]
    SLICE_X59Y25         CARRY4 (Prop_carry4_DI[0]_CO[3])
                                                      0.483    11.469 r  u_vision/u_sobel/lb1/out_g_reg[3]_i_3/CO[3]
                         net (fo=1, routed)           0.000    11.469    u_vision/u_sobel/lb1/out_g_reg[3]_i_3_n_0
    SLICE_X59Y26         CARRY4 (Prop_carry4_CI_O[0])
                                                      0.222    11.691 r  u_vision/u_sobel/lb1/out_g_reg[7]_i_4__0/O[0]
                         net (fo=2, routed)           0.620    12.311    u_vision/u_sobel/lb1/gx[4]
    SLICE_X58Y28         LUT2 (Prop_lut2_I0_O)        0.299    12.610 r  u_vision/u_sobel/lb1/out_g[7]_i_8__0/O
                         net (fo=1, routed)           0.000    12.610    u_vision/u_sobel/lb1/out_g[7]_i_8__0_n_0
    SLICE_X58Y28         CARRY4 (Prop_carry4_S[0]_CO[3])
                                                      0.513    13.123 r  u_vision/u_sobel/lb1/out_g_reg[7]_i_2__0/CO[3]
                         net (fo=1, routed)           0.000    13.123    u_vision/u_sobel/lb1/out_g_reg[7]_i_2__0_n_0
    SLICE_X58Y29         CARRY4 (Prop_carry4_CI_O[2])
                                                      0.239    13.362 r  u_vision/u_sobel/lb1/out_g_reg[7]_i_3/O[2]
                         net (fo=8, routed)           0.745    14.107    u_vision/u_sobel/lb1/out_g_reg[7]_i_3_n_5
    SLICE_X57Y29         LUT5 (Prop_lut5_I3_O)        0.301    14.408 r  u_vision/u_sobel/lb1/out_g[3]_i_1/O
                         net (fo=1, routed)           0.000    14.408    u_vision/u_sobel/p_0_in[3]
    SLICE_X57Y29         FDCE                                         r  u_vision/u_sobel/out_g_reg[3]/D
  -------------------------------------------------------------------    -------------------

                         (clock pclk rise edge)      13.468    13.468 r  <hidden>
                                                      0.000    13.468 r  pclk
                         net (fo=1046, unset)         0.924    14.392    u_vision/u_sobel/pclk
    SLICE_X57Y29         FDCE                                         r  u_vision/u_sobel/out_g_reg[3]/C
                         clock pessimism              0.000    14.392    <hidden>
                         clock uncertainty           -0.185    14.207    <hidden>
    SLICE_X57Y29         FDCE (Setup_fdce_C_D)        0.031    14.238    u_vision/u_sobel/out_g_reg[3]
  -------------------------------------------------------------------
                         required time                         14.238    <hidden>
                         arrival time                         -14.408    <hidden>
  -------------------------------------------------------------------
                         slack                                 -0.170    <hidden>

Slack (VIOLATED) :        -0.147ns  (required time - arrival time)
  Source:                 u_vision/u_sobel/lb0/mem_reg/CLKARDCLK
                            (rising edge-triggered cell RAMB18E1 clocked by pclk  {rise@0.000ns fall@6.734ns period=13.468ns})
  Destination:            u_vision/u_sobel/out_g_reg[6]/D
                            (rising edge-triggered cell FDCE clocked by pclk  {rise@0.000ns fall@6.734ns period=13.468ns})
  Path Group:             pclk
  Path Type:              Setup (Max at Slow Process Corner)
  Requirement:            13.468ns  (pclk rise@13.468ns - pclk rise@0.000ns)
  Data Path Delay:        13.413ns  (logic 7.233ns (53.926%)  route 6.180ns (46.074%))
  Logic Levels:           15  (CARRY4=7 LUT2=1 LUT3=3 LUT4=2 LUT5=1 LUT6=1)
  Clock Path Skew:        -0.049ns (DCD - SCD + CPR)
    Destination Clock Delay (DCD):    0.924ns = ( 14.392 - 13.468 ) 
    Source Clock Delay      (SCD):    0.973ns
    Clock Pessimism Removal (CPR):    0.000ns
  Clock Uncertainty:      0.185ns  ((TSJ^2 + TIJ^2)^1/2 + DJ) / 2 + PE + UU
    Total System Jitter     (TSJ):    0.071ns
    Total Input Jitter      (TIJ):    0.000ns
    Discrete Jitter          (DJ):    0.000ns
    Phase Error              (PE):    0.000ns
    User Uncertainty         (UU):    0.150ns

    Location             Delay type                Incr(ns)  Path(ns)    Netlist Resource(s)
  -------------------------------------------------------------------    -------------------
                         (clock pclk rise edge)       0.000     0.000 r  <hidden>
                                                      0.000     0.000 r  pclk
                         net (fo=1046, unset)         0.973     0.973    u_vision/u_sobel/lb0/pclk
    RAMB18_X3Y10         RAMB18E1                                     r  u_vision/u_sobel/lb0/mem_reg/CLKARDCLK
  -------------------------------------------------------------------    -------------------
    RAMB18_X3Y10         RAMB18E1 (Prop_ramb18e1_CLKARDCLK_DOADO[3])
                                                      2.454     3.427 r  u_vision/u_sobel/lb0/mem_reg/DOADO[3]
                         net (fo=3, routed)           1.219     4.646    u_vision/u_sobel/lb1/out_g[7]_i_69__0_2[3]
    SLICE_X54Y23         LUT6 (Prop_lut6_I1_O)        0.124     4.770 r  u_vision/u_sobel/lb1/out_g[7]_i_103/O
                         net (fo=4, routed)           0.605     5.375    u_vision/u_sobel/lb1/A[3]
    SLICE_X56Y23         LUT3 (Prop_lut3_I0_O)        0.124     5.499 r  u_vision/u_sobel/lb1/out_g[7]_i_104/O
                         net (fo=4, routed)           0.822     6.321    u_vision/u_sobel/lb1/topR[3]
    SLICE_X57Y24         LUT3 (Prop_lut3_I0_O)        0.150     6.471 r  u_vision/u_sobel/lb1/out_g[7]_i_58__0/O
                         net (fo=2, routed)           0.844     7.315    u_vision/u_sobel/lb1/out_g[7]_i_58__0_n_0
    SLICE_X57Y25         LUT4 (Prop_lut4_I3_O)        0.332     7.647 r  u_vision/u_sobel/lb1/out_g[7]_i_62__0/O
                         net (fo=1, routed)           0.000     7.647    u_vision/u_sobel/lb1/out_g[7]_i_62__0_n_0
    SLICE_X57Y25         CARRY4 (Prop_carry4_S[0]_O[3])
                                                      0.606     8.253 r  u_vision/u_sobel/lb1/out_g_reg[7]_i_29/O[3]
                         net (fo=4, routed)           0.820     9.073    u_vision/u_sobel/lb1/gx_pos[7]
    SLICE_X58Y25         LUT4 (Prop_lut4_I1_O)        0.306     9.379 r  u_vision/u_sobel/lb1/out_g[7]_i_91__0/O
                         net (fo=1, routed)           0.000     9.379    u_vision/u_sobel/lb1/out_g[7]_i_91__0_n_0
    SLICE_X58Y25         CARRY4 (Prop_carry4_S[3]_CO[3])
                                                      0.376     9.755 r  u_vision/u_sobel/lb1/out_g_reg[7]_i_52/CO[3]
                         net (fo=1, routed)           0.000     9.755    u_vision/u_sobel/lb1/out_g_reg[7]_i_52_n_0
    SLICE_X58Y26         CARRY4 (Prop_carry4_CI_CO[0])
                                                      0.254    10.009 r  u_vision/u_sobel/lb1/out_g_reg[7]_i_28/CO[0]
                         net (fo=10, routed)          0.616    10.625    u_vision/u_sobel/lb1/gx1
    SLICE_X59Y25         LUT3 (Prop_lut3_I1_O)        0.361    10.986 r  u_vision/u_sobel/lb1/out_g[3]_i_11/O
                         net (fo=1, routed)           0.000    10.986    u_vision/u_sobel/lb1/p_1_in[0]
    SLICE_X59Y25         CARRY4 (Prop_carry4_DI[0]_CO[3])
                                                      0.483    11.469 r  u_vision/u_sobel/lb1/out_g_reg[3]_i_3/CO[3]
                         net (fo=1, routed)           0.000    11.469    u_vision/u_sobel/lb1/out_g_reg[3]_i_3_n_0
    SLICE_X59Y26         CARRY4 (Prop_carry4_CI_O[0])
                                                      0.222    11.691 r  u_vision/u_sobel/lb1/out_g_reg[7]_i_4__0/O[0]
                         net (fo=2, routed)           0.620    12.311    u_vision/u_sobel/lb1/gx[4]
    SLICE_X58Y28         LUT2 (Prop_lut2_I0_O)        0.299    12.610 r  u_vision/u_sobel/lb1/out_g[7]_i_8__0/O
                         net (fo=1, routed)           0.000    12.610    u_vision/u_sobel/lb1/out_g[7]_i_8__0_n_0
    SLICE_X58Y28         CARRY4 (Prop_carry4_S[0]_CO[3])
                                                      0.513    13.123 r  u_vision/u_sobel/lb1/out_g_reg[7]_i_2__0/CO[3]
                         net (fo=1, routed)           0.000    13.123    u_vision/u_sobel/lb1/out_g_reg[7]_i_2__0_n_0
    SLICE_X58Y29         CARRY4 (Prop_carry4_CI_O[1])
                                                      0.323    13.446 r  u_vision/u_sobel/lb1/out_g_reg[7]_i_3/O[1]
                         net (fo=8, routed)           0.633    14.080    u_vision/u_sobel/lb1/out_g_reg[7]_i_3_n_6
    SLICE_X60Y29         LUT5 (Prop_lut5_I2_O)        0.306    14.386 r  u_vision/u_sobel/lb1/out_g[6]_i_1/O
                         net (fo=1, routed)           0.000    14.386    u_vision/u_sobel/p_0_in[6]
    SLICE_X60Y29         FDCE                                         r  u_vision/u_sobel/out_g_reg[6]/D
  -------------------------------------------------------------------    -------------------

                         (clock pclk rise edge)      13.468    13.468 r  <hidden>
                                                      0.000    13.468 r  pclk
                         net (fo=1046, unset)         0.924    14.392    u_vision/u_sobel/pclk
    SLICE_X60Y29         FDCE                                         r  u_vision/u_sobel/out_g_reg[6]/C
                         clock pessimism              0.000    14.392    <hidden>
                         clock uncertainty           -0.185    14.207    <hidden>
    SLICE_X60Y29         FDCE (Setup_fdce_C_D)        0.032    14.239    u_vision/u_sobel/out_g_reg[6]
  -------------------------------------------------------------------
                         required time                         14.239    <hidden>
                         arrival time                         -14.386    <hidden>
  -------------------------------------------------------------------
                         slack                                 -0.147    <hidden>

Slack (VIOLATED) :        -0.145ns  (required time - arrival time)
  Source:                 u_vision/u_sobel/lb0/mem_reg/CLKARDCLK
                            (rising edge-triggered cell RAMB18E1 clocked by pclk  {rise@0.000ns fall@6.734ns period=13.468ns})
  Destination:            u_vision/u_sobel/out_g_reg[4]/D
                            (rising edge-triggered cell FDCE clocked by pclk  {rise@0.000ns fall@6.734ns period=13.468ns})
  Path Group:             pclk
  Path Type:              Setup (Max at Slow Process Corner)
  Requirement:            13.468ns  (pclk rise@13.468ns - pclk rise@0.000ns)
  Data Path Delay:        13.410ns  (logic 7.233ns (53.938%)  route 6.177ns (46.062%))
  Logic Levels:           15  (CARRY4=7 LUT2=1 LUT3=3 LUT4=2 LUT5=1 LUT6=1)
  Clock Path Skew:        -0.049ns (DCD - SCD + CPR)
    Destination Clock Delay (DCD):    0.924ns = ( 14.392 - 13.468 ) 
    Source Clock Delay      (SCD):    0.973ns
    Clock Pessimism Removal (CPR):    0.000ns
  Clock Uncertainty:      0.185ns  ((TSJ^2 + TIJ^2)^1/2 + DJ) / 2 + PE + UU
    Total System Jitter     (TSJ):    0.071ns
    Total Input Jitter      (TIJ):    0.000ns
    Discrete Jitter          (DJ):    0.000ns
    Phase Error              (PE):    0.000ns
    User Uncertainty         (UU):    0.150ns

    Location             Delay type                Incr(ns)  Path(ns)    Netlist Resource(s)
  -------------------------------------------------------------------    -------------------
                         (clock pclk rise edge)       0.000     0.000 r  <hidden>
                                                      0.000     0.000 r  pclk
                         net (fo=1046, unset)         0.973     0.973    u_vision/u_sobel/lb0/pclk
    RAMB18_X3Y10         RAMB18E1                                     r  u_vision/u_sobel/lb0/mem_reg/CLKARDCLK
  -------------------------------------------------------------------    -------------------
    RAMB18_X3Y10         RAMB18E1 (Prop_ramb18e1_CLKARDCLK_DOADO[3])
                                                      2.454     3.427 r  u_vision/u_sobel/lb0/mem_reg/DOADO[3]
                         net (fo=3, routed)           1.219     4.646    u_vision/u_sobel/lb1/out_g[7]_i_69__0_2[3]
    SLICE_X54Y23         LUT6 (Prop_lut6_I1_O)        0.124     4.770 r  u_vision/u_sobel/lb1/out_g[7]_i_103/O
                         net (fo=4, routed)           0.605     5.375    u_vision/u_sobel/lb1/A[3]
    SLICE_X56Y23         LUT3 (Prop_lut3_I0_O)        0.124     5.499 r  u_vision/u_sobel/lb1/out_g[7]_i_104/O
                         net (fo=4, routed)           0.822     6.321    u_vision/u_sobel/lb1/topR[3]
    SLICE_X57Y24         LUT3 (Prop_lut3_I0_O)        0.150     6.471 r  u_vision/u_sobel/lb1/out_g[7]_i_58__0/O
                         net (fo=2, routed)           0.844     7.315    u_vision/u_sobel/lb1/out_g[7]_i_58__0_n_0
    SLICE_X57Y25         LUT4 (Prop_lut4_I3_O)        0.332     7.647 r  u_vision/u_sobel/lb1/out_g[7]_i_62__0/O
                         net (fo=1, routed)           0.000     7.647    u_vision/u_sobel/lb1/out_g[7]_i_62__0_n_0
    SLICE_X57Y25         CARRY4 (Prop_carry4_S[0]_O[3])
                                                      0.606     8.253 r  u_vision/u_sobel/lb1/out_g_reg[7]_i_29/O[3]
                         net (fo=4, routed)           0.820     9.073    u_vision/u_sobel/lb1/gx_pos[7]
    SLICE_X58Y25         LUT4 (Prop_lut4_I1_O)        0.306     9.379 r  u_vision/u_sobel/lb1/out_g[7]_i_91__0/O
                         net (fo=1, routed)           0.000     9.379    u_vision/u_sobel/lb1/out_g[7]_i_91__0_n_0
    SLICE_X58Y25         CARRY4 (Prop_carry4_S[3]_CO[3])
                                                      0.376     9.755 r  u_vision/u_sobel/lb1/out_g_reg[7]_i_52/CO[3]
                         net (fo=1, routed)           0.000     9.755    u_vision/u_sobel/lb1/out_g_reg[7]_i_52_n_0
    SLICE_X58Y26         CARRY4 (Prop_carry4_CI_CO[0])
                                                      0.254    10.009 r  u_vision/u_sobel/lb1/out_g_reg[7]_i_28/CO[0]
                         net (fo=10, routed)          0.616    10.625    u_vision/u_sobel/lb1/gx1
    SLICE_X59Y25         LUT3 (Prop_lut3_I1_O)        0.361    10.986 r  u_vision/u_sobel/lb1/out_g[3]_i_11/O
                         net (fo=1, routed)           0.000    10.986    u_vision/u_sobel/lb1/p_1_in[0]
    SLICE_X59Y25         CARRY4 (Prop_carry4_DI[0]_CO[3])
                                                      0.483    11.469 r  u_vision/u_sobel/lb1/out_g_reg[3]_i_3/CO[3]
                         net (fo=1, routed)           0.000    11.469    u_vision/u_sobel/lb1/out_g_reg[3]_i_3_n_0
    SLICE_X59Y26         CARRY4 (Prop_carry4_CI_O[0])
                                                      0.222    11.691 r  u_vision/u_sobel/lb1/out_g_reg[7]_i_4__0/O[0]
                         net (fo=2, routed)           0.620    12.311    u_vision/u_sobel/lb1/gx[4]
    SLICE_X58Y28         LUT2 (Prop_lut2_I0_O)        0.299    12.610 r  u_vision/u_sobel/lb1/out_g[7]_i_8__0/O
                         net (fo=1, routed)           0.000    12.610    u_vision/u_sobel/lb1/out_g[7]_i_8__0_n_0
    SLICE_X58Y28         CARRY4 (Prop_carry4_S[0]_CO[3])
                                                      0.513    13.123 r  u_vision/u_sobel/lb1/out_g_reg[7]_i_2__0/CO[3]
                         net (fo=1, routed)           0.000    13.123    u_vision/u_sobel/lb1/out_g_reg[7]_i_2__0_n_0
    SLICE_X58Y29         CARRY4 (Prop_carry4_CI_O[1])
                                                      0.323    13.446 r  u_vision/u_sobel/lb1/out_g_reg[7]_i_3/O[1]
                         net (fo=8, routed)           0.630    14.077    u_vision/u_sobel/lb1/out_g_reg[7]_i_3_n_6
    SLICE_X61Y29         LUT5 (Prop_lut5_I2_O)        0.306    14.383 r  u_vision/u_sobel/lb1/out_g[4]_i_1/O
                         net (fo=1, routed)           0.000    14.383    u_vision/u_sobel/p_0_in[4]
    SLICE_X61Y29         FDCE                                         r  u_vision/u_sobel/out_g_reg[4]/D
  -------------------------------------------------------------------    -------------------

                         (clock pclk rise edge)      13.468    13.468 r  <hidden>
                                                      0.000    13.468 r  pclk
                         net (fo=1046, unset)         0.924    14.392    u_vision/u_sobel/pclk
    SLICE_X61Y29         FDCE                                         r  u_vision/u_sobel/out_g_reg[4]/C
                         clock pessimism              0.000    14.392    <hidden>
                         clock uncertainty           -0.185    14.207    <hidden>
    SLICE_X61Y29         FDCE (Setup_fdce_C_D)        0.031    14.238    u_vision/u_sobel/out_g_reg[4]
  -------------------------------------------------------------------
                         required time                         14.238    <hidden>
                         arrival time                         -14.383    <hidden>
  -------------------------------------------------------------------
                         slack                                 -0.145    <hidden>

Slack (VIOLATED) :        -0.140ns  (required time - arrival time)
  Source:                 u_vision/u_sobel/lb0/mem_reg/CLKARDCLK
                            (rising edge-triggered cell RAMB18E1 clocked by pclk  {rise@0.000ns fall@6.734ns period=13.468ns})
  Destination:            u_vision/u_sobel/out_g_reg[2]/D
                            (rising edge-triggered cell FDCE clocked by pclk  {rise@0.000ns fall@6.734ns period=13.468ns})
  Path Group:             pclk
  Path Type:              Setup (Max at Slow Process Corner)
  Requirement:            13.468ns  (pclk rise@13.468ns - pclk rise@0.000ns)
  Data Path Delay:        13.405ns  (logic 7.233ns (53.956%)  route 6.172ns (46.044%))
  Logic Levels:           15  (CARRY4=7 LUT2=1 LUT3=3 LUT4=2 LUT5=1 LUT6=1)
  Clock Path Skew:        -0.049ns (DCD - SCD + CPR)
    Destination Clock Delay (DCD):    0.924ns = ( 14.392 - 13.468 ) 
    Source Clock Delay      (SCD):    0.973ns
    Clock Pessimism Removal (CPR):    0.000ns
  Clock Uncertainty:      0.185ns  ((TSJ^2 + TIJ^2)^1/2 + DJ) / 2 + PE + UU
    Total System Jitter     (TSJ):    0.071ns
    Total Input Jitter      (TIJ):    0.000ns
    Discrete Jitter          (DJ):    0.000ns
    Phase Error              (PE):    0.000ns
    User Uncertainty         (UU):    0.150ns

    Location             Delay type                Incr(ns)  Path(ns)    Netlist Resource(s)
  -------------------------------------------------------------------    -------------------
                         (clock pclk rise edge)       0.000     0.000 r  <hidden>
                                                      0.000     0.000 r  pclk
                         net (fo=1046, unset)         0.973     0.973    u_vision/u_sobel/lb0/pclk
    RAMB18_X3Y10         RAMB18E1                                     r  u_vision/u_sobel/lb0/mem_reg/CLKARDCLK
  -------------------------------------------------------------------    -------------------
    RAMB18_X3Y10         RAMB18E1 (Prop_ramb18e1_CLKARDCLK_DOADO[3])
                                                      2.454     3.427 r  u_vision/u_sobel/lb0/mem_reg/DOADO[3]
                         net (fo=3, routed)           1.219     4.646    u_vision/u_sobel/lb1/out_g[7]_i_69__0_2[3]
    SLICE_X54Y23         LUT6 (Prop_lut6_I1_O)        0.124     4.770 r  u_vision/u_sobel/lb1/out_g[7]_i_103/O
                         net (fo=4, routed)           0.605     5.375    u_vision/u_sobel/lb1/A[3]
    SLICE_X56Y23         LUT3 (Prop_lut3_I0_O)        0.124     5.499 r  u_vision/u_sobel/lb1/out_g[7]_i_104/O
                         net (fo=4, routed)           0.822     6.321    u_vision/u_sobel/lb1/topR[3]
    SLICE_X57Y24         LUT3 (Prop_lut3_I0_O)        0.150     6.471 r  u_vision/u_sobel/lb1/out_g[7]_i_58__0/O
                         net (fo=2, routed)           0.844     7.315    u_vision/u_sobel/lb1/out_g[7]_i_58__0_n_0
    SLICE_X57Y25         LUT4 (Prop_lut4_I3_O)        0.332     7.647 r  u_vision/u_sobel/lb1/out_g[7]_i_62__0/O
                         net (fo=1, routed)           0.000     7.647    u_vision/u_sobel/lb1/out_g[7]_i_62__0_n_0
    SLICE_X57Y25         CARRY4 (Prop_carry4_S[0]_O[3])
                                                      0.606     8.253 r  u_vision/u_sobel/lb1/out_g_reg[7]_i_29/O[3]
                         net (fo=4, routed)           0.820     9.073    u_vision/u_sobel/lb1/gx_pos[7]
    SLICE_X58Y25         LUT4 (Prop_lut4_I1_O)        0.306     9.379 r  u_vision/u_sobel/lb1/out_g[7]_i_91__0/O
                         net (fo=1, routed)           0.000     9.379    u_vision/u_sobel/lb1/out_g[7]_i_91__0_n_0
    SLICE_X58Y25         CARRY4 (Prop_carry4_S[3]_CO[3])
                                                      0.376     9.755 r  u_vision/u_sobel/lb1/out_g_reg[7]_i_52/CO[3]
                         net (fo=1, routed)           0.000     9.755    u_vision/u_sobel/lb1/out_g_reg[7]_i_52_n_0
    SLICE_X58Y26         CARRY4 (Prop_carry4_CI_CO[0])
                                                      0.254    10.009 r  u_vision/u_sobel/lb1/out_g_reg[7]_i_28/CO[0]
                         net (fo=10, routed)          0.616    10.625    u_vision/u_sobel/lb1/gx1
    SLICE_X59Y25         LUT3 (Prop_lut3_I1_O)        0.361    10.986 r  u_vision/u_sobel/lb1/out_g[3]_i_11/O
                         net (fo=1, routed)           0.000    10.986    u_vision/u_sobel/lb1/p_1_in[0]
    SLICE_X59Y25         CARRY4 (Prop_carry4_DI[0]_CO[3])
                                                      0.483    11.469 r  u_vision/u_sobel/lb1/out_g_reg[3]_i_3/CO[3]
                         net (fo=1, routed)           0.000    11.469    u_vision/u_sobel/lb1/out_g_reg[3]_i_3_n_0
    SLICE_X59Y26         CARRY4 (Prop_carry4_CI_O[0])
                                                      0.222    11.691 r  u_vision/u_sobel/lb1/out_g_reg[7]_i_4__0/O[0]
                         net (fo=2, routed)           0.620    12.311    u_vision/u_sobel/lb1/gx[4]
    SLICE_X58Y28         LUT2 (Prop_lut2_I0_O)        0.299    12.610 r  u_vision/u_sobel/lb1/out_g[7]_i_8__0/O
                         net (fo=1, routed)           0.000    12.610    u_vision/u_sobel/lb1/out_g[7]_i_8__0_n_0
    SLICE_X58Y28         CARRY4 (Prop_carry4_S[0]_CO[3])
                                                      0.513    13.123 r  u_vision/u_sobel/lb1/out_g_reg[7]_i_2__0/CO[3]
                         net (fo=1, routed)           0.000    13.123    u_vision/u_sobel/lb1/out_g_reg[7]_i_2__0_n_0
    SLICE_X58Y29         CARRY4 (Prop_carry4_CI_O[1])
                                                      0.323    13.446 r  u_vision/u_sobel/lb1/out_g_reg[7]_i_3/O[1]
                         net (fo=8, routed)           0.626    14.072    u_vision/u_sobel/lb1/out_g_reg[7]_i_3_n_6
    SLICE_X56Y29         LUT5 (Prop_lut5_I2_O)        0.306    14.378 r  u_vision/u_sobel/lb1/out_g[2]_i_1/O
                         net (fo=1, routed)           0.000    14.378    u_vision/u_sobel/p_0_in[2]
    SLICE_X56Y29         FDCE                                         r  u_vision/u_sobel/out_g_reg[2]/D
  -------------------------------------------------------------------    -------------------

                         (clock pclk rise edge)      13.468    13.468 r  <hidden>
                                                      0.000    13.468 r  pclk
                         net (fo=1046, unset)         0.924    14.392    u_vision/u_sobel/pclk
    SLICE_X56Y29         FDCE                                         r  u_vision/u_sobel/out_g_reg[2]/C
                         clock pessimism              0.000    14.392    <hidden>
                         clock uncertainty           -0.185    14.207    <hidden>
    SLICE_X56Y29         FDCE (Setup_fdce_C_D)        0.031    14.238    u_vision/u_sobel/out_g_reg[2]
  -------------------------------------------------------------------
                         required time                         14.238    <hidden>
                         arrival time                         -14.378    <hidden>
  -------------------------------------------------------------------
                         slack                                 -0.140    <hidden>

Slack (VIOLATED) :        -0.135ns  (required time - arrival time)
  Source:                 u_vision/u_sobel/lb0/mem_reg/CLKARDCLK
                            (rising edge-triggered cell RAMB18E1 clocked by pclk  {rise@0.000ns fall@6.734ns period=13.468ns})
  Destination:            u_vision/u_sobel/out_g_reg[5]/D
                            (rising edge-triggered cell FDCE clocked by pclk  {rise@0.000ns fall@6.734ns period=13.468ns})
  Path Group:             pclk
  Path Type:              Setup (Max at Slow Process Corner)
  Requirement:            13.468ns  (pclk rise@13.468ns - pclk rise@0.000ns)
  Data Path Delay:        13.401ns  (logic 7.233ns (53.974%)  route 6.168ns (46.026%))
  Logic Levels:           15  (CARRY4=7 LUT2=1 LUT3=3 LUT4=2 LUT5=1 LUT6=1)
  Clock Path Skew:        -0.049ns (DCD - SCD + CPR)
    Destination Clock Delay (DCD):    0.924ns = ( 14.392 - 13.468 ) 
    Source Clock Delay      (SCD):    0.973ns
    Clock Pessimism Removal (CPR):    0.000ns
  Clock Uncertainty:      0.185ns  ((TSJ^2 + TIJ^2)^1/2 + DJ) / 2 + PE + UU
    Total System Jitter     (TSJ):    0.071ns
    Total Input Jitter      (TIJ):    0.000ns
    Discrete Jitter          (DJ):    0.000ns
    Phase Error              (PE):    0.000ns
    User Uncertainty         (UU):    0.150ns

    Location             Delay type                Incr(ns)  Path(ns)    Netlist Resource(s)
  -------------------------------------------------------------------    -------------------
                         (clock pclk rise edge)       0.000     0.000 r  <hidden>
                                                      0.000     0.000 r  pclk
                         net (fo=1046, unset)         0.973     0.973    u_vision/u_sobel/lb0/pclk
    RAMB18_X3Y10         RAMB18E1                                     r  u_vision/u_sobel/lb0/mem_reg/CLKARDCLK
  -------------------------------------------------------------------    -------------------
    RAMB18_X3Y10         RAMB18E1 (Prop_ramb18e1_CLKARDCLK_DOADO[3])
                                                      2.454     3.427 r  u_vision/u_sobel/lb0/mem_reg/DOADO[3]
                         net (fo=3, routed)           1.219     4.646    u_vision/u_sobel/lb1/out_g[7]_i_69__0_2[3]
    SLICE_X54Y23         LUT6 (Prop_lut6_I1_O)        0.124     4.770 r  u_vision/u_sobel/lb1/out_g[7]_i_103/O
                         net (fo=4, routed)           0.605     5.375    u_vision/u_sobel/lb1/A[3]
    SLICE_X56Y23         LUT3 (Prop_lut3_I0_O)        0.124     5.499 r  u_vision/u_sobel/lb1/out_g[7]_i_104/O
                         net (fo=4, routed)           0.822     6.321    u_vision/u_sobel/lb1/topR[3]
    SLICE_X57Y24         LUT3 (Prop_lut3_I0_O)        0.150     6.471 r  u_vision/u_sobel/lb1/out_g[7]_i_58__0/O
                         net (fo=2, routed)           0.844     7.315    u_vision/u_sobel/lb1/out_g[7]_i_58__0_n_0
    SLICE_X57Y25         LUT4 (Prop_lut4_I3_O)        0.332     7.647 r  u_vision/u_sobel/lb1/out_g[7]_i_62__0/O
                         net (fo=1, routed)           0.000     7.647    u_vision/u_sobel/lb1/out_g[7]_i_62__0_n_0
    SLICE_X57Y25         CARRY4 (Prop_carry4_S[0]_O[3])
                                                      0.606     8.253 r  u_vision/u_sobel/lb1/out_g_reg[7]_i_29/O[3]
                         net (fo=4, routed)           0.820     9.073    u_vision/u_sobel/lb1/gx_pos[7]
    SLICE_X58Y25         LUT4 (Prop_lut4_I1_O)        0.306     9.379 r  u_vision/u_sobel/lb1/out_g[7]_i_91__0/O
                         net (fo=1, routed)           0.000     9.379    u_vision/u_sobel/lb1/out_g[7]_i_91__0_n_0
    SLICE_X58Y25         CARRY4 (Prop_carry4_S[3]_CO[3])
                                                      0.376     9.755 r  u_vision/u_sobel/lb1/out_g_reg[7]_i_52/CO[3]
                         net (fo=1, routed)           0.000     9.755    u_vision/u_sobel/lb1/out_g_reg[7]_i_52_n_0
    SLICE_X58Y26         CARRY4 (Prop_carry4_CI_CO[0])
                                                      0.254    10.009 r  u_vision/u_sobel/lb1/out_g_reg[7]_i_28/CO[0]
                         net (fo=10, routed)          0.616    10.625    u_vision/u_sobel/lb1/gx1
    SLICE_X59Y25         LUT3 (Prop_lut3_I1_O)        0.361    10.986 r  u_vision/u_sobel/lb1/out_g[3]_i_11/O
                         net (fo=1, routed)           0.000    10.986    u_vision/u_sobel/lb1/p_1_in[0]
    SLICE_X59Y25         CARRY4 (Prop_carry4_DI[0]_CO[3])
                                                      0.483    11.469 r  u_vision/u_sobel/lb1/out_g_reg[3]_i_3/CO[3]
                         net (fo=1, routed)           0.000    11.469    u_vision/u_sobel/lb1/out_g_reg[3]_i_3_n_0
    SLICE_X59Y26         CARRY4 (Prop_carry4_CI_O[0])
                                                      0.222    11.691 r  u_vision/u_sobel/lb1/out_g_reg[7]_i_4__0/O[0]
                         net (fo=2, routed)           0.620    12.311    u_vision/u_sobel/lb1/gx[4]
    SLICE_X58Y28         LUT2 (Prop_lut2_I0_O)        0.299    12.610 r  u_vision/u_sobel/lb1/out_g[7]_i_8__0/O
                         net (fo=1, routed)           0.000    12.610    u_vision/u_sobel/lb1/out_g[7]_i_8__0_n_0
    SLICE_X58Y28         CARRY4 (Prop_carry4_S[0]_CO[3])
                                                      0.513    13.123 r  u_vision/u_sobel/lb1/out_g_reg[7]_i_2__0/CO[3]
                         net (fo=1, routed)           0.000    13.123    u_vision/u_sobel/lb1/out_g_reg[7]_i_2__0_n_0
    SLICE_X58Y29         CARRY4 (Prop_carry4_CI_O[1])
                                                      0.323    13.446 r  u_vision/u_sobel/lb1/out_g_reg[7]_i_3/O[1]
                         net (fo=8, routed)           0.622    14.068    u_vision/u_sobel/lb1/out_g_reg[7]_i_3_n_6
    SLICE_X56Y29         LUT5 (Prop_lut5_I2_O)        0.306    14.374 r  u_vision/u_sobel/lb1/out_g[5]_i_1/O
                         net (fo=1, routed)           0.000    14.374    u_vision/u_sobel/p_0_in[5]
    SLICE_X56Y29         FDCE                                         r  u_vision/u_sobel/out_g_reg[5]/D
  -------------------------------------------------------------------    -------------------

                         (clock pclk rise edge)      13.468    13.468 r  <hidden>
                                                      0.000    13.468 r  pclk
                         net (fo=1046, unset)         0.924    14.392    u_vision/u_sobel/pclk
    SLICE_X56Y29         FDCE                                         r  u_vision/u_sobel/out_g_reg[5]/C
                         clock pessimism              0.000    14.392    <hidden>
                         clock uncertainty           -0.185    14.207    <hidden>
    SLICE_X56Y29         FDCE (Setup_fdce_C_D)        0.032    14.239    u_vision/u_sobel/out_g_reg[5]
  -------------------------------------------------------------------
                         required time                         14.239    <hidden>
                         arrival time                         -14.374    <hidden>
  -------------------------------------------------------------------
                         slack                                 -0.135    <hidden>

Slack (VIOLATED) :        -0.085ns  (required time - arrival time)
  Source:                 u_vision/u_sobel/lb0/mem_reg/CLKARDCLK
                            (rising edge-triggered cell RAMB18E1 clocked by pclk  {rise@0.000ns fall@6.734ns period=13.468ns})
  Destination:            u_vision/u_sobel/out_g_reg[1]/D
                            (rising edge-triggered cell FDCE clocked by pclk  {rise@0.000ns fall@6.734ns period=13.468ns})
  Path Group:             pclk
  Path Type:              Setup (Max at Slow Process Corner)
  Requirement:            13.468ns  (pclk rise@13.468ns - pclk rise@0.000ns)
  Data Path Delay:        13.348ns  (logic 7.118ns (53.326%)  route 6.230ns (46.674%))
  Logic Levels:           15  (CARRY4=7 LUT2=1 LUT3=3 LUT4=2 LUT5=1 LUT6=1)
  Clock Path Skew:        -0.049ns (DCD - SCD + CPR)
    Destination Clock Delay (DCD):    0.924ns = ( 14.392 - 13.468 ) 
    Source Clock Delay      (SCD):    0.973ns
    Clock Pessimism Removal (CPR):    0.000ns
  Clock Uncertainty:      0.185ns  ((TSJ^2 + TIJ^2)^1/2 + DJ) / 2 + PE + UU
    Total System Jitter     (TSJ):    0.071ns
    Total Input Jitter      (TIJ):    0.000ns
    Discrete Jitter          (DJ):    0.000ns
    Phase Error              (PE):    0.000ns
    User Uncertainty         (UU):    0.150ns

    Location             Delay type                Incr(ns)  Path(ns)    Netlist Resource(s)
  -------------------------------------------------------------------    -------------------
                         (clock pclk rise edge)       0.000     0.000 r  <hidden>
                                                      0.000     0.000 r  pclk
                         net (fo=1046, unset)         0.973     0.973    u_vision/u_sobel/lb0/pclk
    RAMB18_X3Y10         RAMB18E1                                     r  u_vision/u_sobel/lb0/mem_reg/CLKARDCLK
  -------------------------------------------------------------------    -------------------
    RAMB18_X3Y10         RAMB18E1 (Prop_ramb18e1_CLKARDCLK_DOADO[3])
                                                      2.454     3.427 r  u_vision/u_sobel/lb0/mem_reg/DOADO[3]
                         net (fo=3, routed)           1.219     4.646    u_vision/u_sobel/lb1/out_g[7]_i_69__0_2[3]
    SLICE_X54Y23         LUT6 (Prop_lut6_I1_O)        0.124     4.770 r  u_vision/u_sobel/lb1/out_g[7]_i_103/O
                         net (fo=4, routed)           0.605     5.375    u_vision/u_sobel/lb1/A[3]
    SLICE_X56Y23         LUT3 (Prop_lut3_I0_O)        0.124     5.499 r  u_vision/u_sobel/lb1/out_g[7]_i_104/O
                         net (fo=4, routed)           0.822     6.321    u_vision/u_sobel/lb1/topR[3]
    SLICE_X57Y24         LUT3 (Prop_lut3_I0_O)        0.150     6.471 r  u_vision/u_sobel/lb1/out_g[7]_i_58__0/O
                         net (fo=2, routed)           0.844     7.315    u_vision/u_sobel/lb1/out_g[7]_i_58__0_n_0
    SLICE_X57Y25         LUT4 (Prop_lut4_I3_O)        0.332     7.647 r  u_vision/u_sobel/lb1/out_g[7]_i_62__0/O
                         net (fo=1, routed)           0.000     7.647    u_vision/u_sobel/lb1/out_g[7]_i_62__0_n_0
    SLICE_X57Y25         CARRY4 (Prop_carry4_S[0]_O[3])
                                                      0.606     8.253 r  u_vision/u_sobel/lb1/out_g_reg[7]_i_29/O[3]
                         net (fo=4, routed)           0.820     9.073    u_vision/u_sobel/lb1/gx_pos[7]
    SLICE_X58Y25         LUT4 (Prop_lut4_I1_O)        0.306     9.379 r  u_vision/u_sobel/lb1/out_g[7]_i_91__0/O
                         net (fo=1, routed)           0.000     9.379    u_vision/u_sobel/lb1/out_g[7]_i_91__0_n_0
    SLICE_X58Y25         CARRY4 (Prop_carry4_S[3]_CO[3])
                                                      0.376     9.755 r  u_vision/u_sobel/lb1/out_g_reg[7]_i_52/CO[3]
                         net (fo=1, routed)           0.000     9.755    u_vision/u_sobel/lb1/out_g_reg[7]_i_52_n_0
    SLICE_X58Y26         CARRY4 (Prop_carry4_CI_CO[0])
                                                      0.254    10.009 r  u_vision/u_sobel/lb1/out_g_reg[7]_i_28/CO[0]
                         net (fo=10, routed)          0.616    10.625    u_vision/u_sobel/lb1/gx1
    SLICE_X59Y25         LUT3 (Prop_lut3_I1_O)        0.361    10.986 r  u_vision/u_sobel/lb1/out_g[3]_i_11/O
                         net (fo=1, routed)           0.000    10.986    u_vision/u_sobel/lb1/p_1_in[0]
    SLICE_X59Y25         CARRY4 (Prop_carry4_DI[0]_CO[3])
                                                      0.483    11.469 r  u_vision/u_sobel/lb1/out_g_reg[3]_i_3/CO[3]
                         net (fo=1, routed)           0.000    11.469    u_vision/u_sobel/lb1/out_g_reg[3]_i_3_n_0
    SLICE_X59Y26         CARRY4 (Prop_carry4_CI_O[0])
                                                      0.222    11.691 r  u_vision/u_sobel/lb1/out_g_reg[7]_i_4__0/O[0]
                         net (fo=2, routed)           0.620    12.311    u_vision/u_sobel/lb1/gx[4]
    SLICE_X58Y28         LUT2 (Prop_lut2_I0_O)        0.299    12.610 r  u_vision/u_sobel/lb1/out_g[7]_i_8__0/O
                         net (fo=1, routed)           0.000    12.610    u_vision/u_sobel/lb1/out_g[7]_i_8__0_n_0
    SLICE_X58Y28         CARRY4 (Prop_carry4_S[0]_CO[3])
                                                      0.513    13.123 r  u_vision/u_sobel/lb1/out_g_reg[7]_i_2__0/CO[3]
                         net (fo=1, routed)           0.000    13.123    u_vision/u_sobel/lb1/out_g_reg[7]_i_2__0_n_0
    SLICE_X58Y29         CARRY4 (Prop_carry4_CI_O[0])
                                                      0.219    13.342 r  u_vision/u_sobel/lb1/out_g_reg[7]_i_3/O[0]
                         net (fo=8, routed)           0.684    14.026    u_vision/u_sobel/lb1/out_g_reg[7]_i_3_n_7
    SLICE_X59Y29         LUT5 (Prop_lut5_I1_O)        0.295    14.321 r  u_vision/u_sobel/lb1/out_g[1]_i_1/O
                         net (fo=1, routed)           0.000    14.321    u_vision/u_sobel/p_0_in[1]
    SLICE_X59Y29         FDCE                                         r  u_vision/u_sobel/out_g_reg[1]/D
  -------------------------------------------------------------------    -------------------

                         (clock pclk rise edge)      13.468    13.468 r  <hidden>
                                                      0.000    13.468 r  pclk
                         net (fo=1046, unset)         0.924    14.392    u_vision/u_sobel/pclk
    SLICE_X59Y29         FDCE                                         r  u_vision/u_sobel/out_g_reg[1]/C
                         clock pessimism              0.000    14.392    <hidden>
                         clock uncertainty           -0.185    14.207    <hidden>
    SLICE_X59Y29         FDCE (Setup_fdce_C_D)        0.029    14.236    u_vision/u_sobel/out_g_reg[1]
  -------------------------------------------------------------------
                         required time                         14.236    <hidden>
                         arrival time                         -14.321    <hidden>
  -------------------------------------------------------------------
                         slack                                 -0.085    <hidden>

Slack (VIOLATED) :        -0.081ns  (required time - arrival time)
  Source:                 u_vision/u_sobel/lb0/mem_reg/CLKARDCLK
                            (rising edge-triggered cell RAMB18E1 clocked by pclk  {rise@0.000ns fall@6.734ns period=13.468ns})
  Destination:            u_vision/u_sobel/out_g_reg[0]/D
                            (rising edge-triggered cell FDCE clocked by pclk  {rise@0.000ns fall@6.734ns period=13.468ns})
  Path Group:             pclk
  Path Type:              Setup (Max at Slow Process Corner)
  Requirement:            13.468ns  (pclk rise@13.468ns - pclk rise@0.000ns)
  Data Path Delay:        13.346ns  (logic 7.118ns (53.334%)  route 6.228ns (46.666%))
  Logic Levels:           15  (CARRY4=7 LUT2=1 LUT3=3 LUT4=2 LUT5=1 LUT6=1)
  Clock Path Skew:        -0.049ns (DCD - SCD + CPR)
    Destination Clock Delay (DCD):    0.924ns = ( 14.392 - 13.468 ) 
    Source Clock Delay      (SCD):    0.973ns
    Clock Pessimism Removal (CPR):    0.000ns
  Clock Uncertainty:      0.185ns  ((TSJ^2 + TIJ^2)^1/2 + DJ) / 2 + PE + UU
    Total System Jitter     (TSJ):    0.071ns
    Total Input Jitter      (TIJ):    0.000ns
    Discrete Jitter          (DJ):    0.000ns
    Phase Error              (PE):    0.000ns
    User Uncertainty         (UU):    0.150ns

    Location             Delay type                Incr(ns)  Path(ns)    Netlist Resource(s)
  -------------------------------------------------------------------    -------------------
                         (clock pclk rise edge)       0.000     0.000 r  <hidden>
                                                      0.000     0.000 r  pclk
                         net (fo=1046, unset)         0.973     0.973    u_vision/u_sobel/lb0/pclk
    RAMB18_X3Y10         RAMB18E1                                     r  u_vision/u_sobel/lb0/mem_reg/CLKARDCLK
  -------------------------------------------------------------------    -------------------
    RAMB18_X3Y10         RAMB18E1 (Prop_ramb18e1_CLKARDCLK_DOADO[3])
                                                      2.454     3.427 r  u_vision/u_sobel/lb0/mem_reg/DOADO[3]
                         net (fo=3, routed)           1.219     4.646    u_vision/u_sobel/lb1/out_g[7]_i_69__0_2[3]
    SLICE_X54Y23         LUT6 (Prop_lut6_I1_O)        0.124     4.770 r  u_vision/u_sobel/lb1/out_g[7]_i_103/O
                         net (fo=4, routed)           0.605     5.375    u_vision/u_sobel/lb1/A[3]
    SLICE_X56Y23         LUT3 (Prop_lut3_I0_O)        0.124     5.499 r  u_vision/u_sobel/lb1/out_g[7]_i_104/O
                         net (fo=4, routed)           0.822     6.321    u_vision/u_sobel/lb1/topR[3]
    SLICE_X57Y24         LUT3 (Prop_lut3_I0_O)        0.150     6.471 r  u_vision/u_sobel/lb1/out_g[7]_i_58__0/O
                         net (fo=2, routed)           0.844     7.315    u_vision/u_sobel/lb1/out_g[7]_i_58__0_n_0
    SLICE_X57Y25         LUT4 (Prop_lut4_I3_O)        0.332     7.647 r  u_vision/u_sobel/lb1/out_g[7]_i_62__0/O
                         net (fo=1, routed)           0.000     7.647    u_vision/u_sobel/lb1/out_g[7]_i_62__0_n_0
    SLICE_X57Y25         CARRY4 (Prop_carry4_S[0]_O[3])
                                                      0.606     8.253 r  u_vision/u_sobel/lb1/out_g_reg[7]_i_29/O[3]
                         net (fo=4, routed)           0.820     9.073    u_vision/u_sobel/lb1/gx_pos[7]
    SLICE_X58Y25         LUT4 (Prop_lut4_I1_O)        0.306     9.379 r  u_vision/u_sobel/lb1/out_g[7]_i_91__0/O
                         net (fo=1, routed)           0.000     9.379    u_vision/u_sobel/lb1/out_g[7]_i_91__0_n_0
    SLICE_X58Y25         CARRY4 (Prop_carry4_S[3]_CO[3])
                                                      0.376     9.755 r  u_vision/u_sobel/lb1/out_g_reg[7]_i_52/CO[3]
                         net (fo=1, routed)           0.000     9.755    u_vision/u_sobel/lb1/out_g_reg[7]_i_52_n_0
    SLICE_X58Y26         CARRY4 (Prop_carry4_CI_CO[0])
                                                      0.254    10.009 r  u_vision/u_sobel/lb1/out_g_reg[7]_i_28/CO[0]
                         net (fo=10, routed)          0.616    10.625    u_vision/u_sobel/lb1/gx1
    SLICE_X59Y25         LUT3 (Prop_lut3_I1_O)        0.361    10.986 r  u_vision/u_sobel/lb1/out_g[3]_i_11/O
                         net (fo=1, routed)           0.000    10.986    u_vision/u_sobel/lb1/p_1_in[0]
    SLICE_X59Y25         CARRY4 (Prop_carry4_DI[0]_CO[3])
                                                      0.483    11.469 r  u_vision/u_sobel/lb1/out_g_reg[3]_i_3/CO[3]
                         net (fo=1, routed)           0.000    11.469    u_vision/u_sobel/lb1/out_g_reg[3]_i_3_n_0
    SLICE_X59Y26         CARRY4 (Prop_carry4_CI_O[0])
                                                      0.222    11.691 r  u_vision/u_sobel/lb1/out_g_reg[7]_i_4__0/O[0]
                         net (fo=2, routed)           0.620    12.311    u_vision/u_sobel/lb1/gx[4]
    SLICE_X58Y28         LUT2 (Prop_lut2_I0_O)        0.299    12.610 r  u_vision/u_sobel/lb1/out_g[7]_i_8__0/O
                         net (fo=1, routed)           0.000    12.610    u_vision/u_sobel/lb1/out_g[7]_i_8__0_n_0
    SLICE_X58Y28         CARRY4 (Prop_carry4_S[0]_CO[3])
                                                      0.513    13.123 r  u_vision/u_sobel/lb1/out_g_reg[7]_i_2__0/CO[3]
                         net (fo=1, routed)           0.000    13.123    u_vision/u_sobel/lb1/out_g_reg[7]_i_2__0_n_0
    SLICE_X58Y29         CARRY4 (Prop_carry4_CI_O[0])
                                                      0.219    13.342 r  u_vision/u_sobel/lb1/out_g_reg[7]_i_3/O[0]
                         net (fo=8, routed)           0.682    14.024    u_vision/u_sobel/lb1/out_g_reg[7]_i_3_n_7
    SLICE_X59Y29         LUT5 (Prop_lut5_I1_O)        0.295    14.319 r  u_vision/u_sobel/lb1/out_g[0]_i_1/O
                         net (fo=1, routed)           0.000    14.319    u_vision/u_sobel/p_0_in[0]
    SLICE_X59Y29         FDCE                                         r  u_vision/u_sobel/out_g_reg[0]/D
  -------------------------------------------------------------------    -------------------

                         (clock pclk rise edge)      13.468    13.468 r  <hidden>
                                                      0.000    13.468 r  pclk
                         net (fo=1046, unset)         0.924    14.392    u_vision/u_sobel/pclk
    SLICE_X59Y29         FDCE                                         r  u_vision/u_sobel/out_g_reg[0]/C
                         clock pessimism              0.000    14.392    <hidden>
                         clock uncertainty           -0.185    14.207    <hidden>
    SLICE_X59Y29         FDCE (Setup_fdce_C_D)        0.031    14.238    u_vision/u_sobel/out_g_reg[0]
  -------------------------------------------------------------------
                         required time                         14.238    <hidden>
                         arrival time                         -14.319    <hidden>
  -------------------------------------------------------------------
                         slack                                 -0.081    <hidden>

Slack (MET) :             0.393ns  (required time - arrival time)
  Source:                 u_vision/u_gauss/xd2_reg[6]/C
                            (rising edge-triggered cell FDCE clocked by pclk  {rise@0.000ns fall@6.734ns period=13.468ns})
  Destination:            u_vision/u_gauss/out_g_reg[5]/D
                            (rising edge-triggered cell FDCE clocked by pclk  {rise@0.000ns fall@6.734ns period=13.468ns})
  Path Group:             pclk
  Path Type:              Setup (Max at Slow Process Corner)
  Requirement:            13.468ns  (pclk rise@13.468ns - pclk rise@0.000ns)
  Data Path Delay:        12.903ns  (logic 5.934ns (45.989%)  route 6.969ns (54.011%))
  Logic Levels:           19  (CARRY4=8 LUT2=1 LUT4=1 LUT5=3 LUT6=6)
  Clock Path Skew:        -0.049ns (DCD - SCD + CPR)
    Destination Clock Delay (DCD):    0.924ns = ( 14.392 - 13.468 ) 
    Source Clock Delay      (SCD):    0.973ns
    Clock Pessimism Removal (CPR):    0.000ns
  Clock Uncertainty:      0.185ns  ((TSJ^2 + TIJ^2)^1/2 + DJ) / 2 + PE + UU
    Total System Jitter     (TSJ):    0.071ns
    Total Input Jitter      (TIJ):    0.000ns
    Discrete Jitter          (DJ):    0.000ns
    Phase Error              (PE):    0.000ns
    User Uncertainty         (UU):    0.150ns

    Location             Delay type                Incr(ns)  Path(ns)    Netlist Resource(s)
  -------------------------------------------------------------------    -------------------
                         (clock pclk rise edge)       0.000     0.000 r  <hidden>
                                                      0.000     0.000 r  pclk
                         net (fo=1046, unset)         0.973     0.973    u_vision/u_gauss/pclk
    SLICE_X37Y35         FDCE                                         r  u_vision/u_gauss/xd2_reg[6]/C
  -------------------------------------------------------------------    -------------------
    SLICE_X37Y35         FDCE (Prop_fdce_C_Q)         0.419     1.392 f  u_vision/u_gauss/xd2_reg[6]/Q
                         net (fo=4, routed)           0.864     2.256    u_vision/u_gauss/xd2[6]
    SLICE_X37Y35         LUT2 (Prop_lut2_I0_O)        0.299     2.555 f  u_vision/u_gauss/out_g[7]_i_75/O
                         net (fo=5, routed)           0.682     3.237    u_vision/u_gauss/out_g[7]_i_75_n_0
    SLICE_X36Y36         LUT6 (Prop_lut6_I1_O)        0.124     3.361 f  u_vision/u_gauss/out_g[7]_i_48/O
                         net (fo=2, routed)           0.815     4.176    u_vision/u_gauss/k[8]
    SLICE_X36Y37         LUT6 (Prop_lut6_I4_O)        0.124     4.300 r  u_vision/u_gauss/out_g[7]_i_25__0/O
                         net (fo=24, routed)          0.587     4.887    u_vision/u_gauss/lb1/right_edge
    SLICE_X33Y41         LUT6 (Prop_lut6_I5_O)        0.124     5.011 r  u_vision/u_gauss/lb1/out_g[3]_i_37/O
                         net (fo=5, routed)           0.375     5.386    u_vision/u_gauss/lb1/out_g[3]_i_37_n_0
    SLICE_X32Y41         LUT6 (Prop_lut6_I0_O)        0.124     5.510 r  u_vision/u_gauss/lb1/out_g[7]_i_93/O
                         net (fo=1, routed)           0.000     5.510    u_vision/u_gauss/lb1/out_g[7]_i_93_n_0
    SLICE_X32Y41         CARRY4 (Prop_carry4_S[1]_O[2])
                                                      0.578     6.088 r  u_vision/u_gauss/lb1/out_g_reg[7]_i_82/O[2]
                         net (fo=2, routed)           0.589     6.677    u_vision/u_gauss/lb1/out_g_reg[7]_i_82_n_5
    SLICE_X32Y44         LUT4 (Prop_lut4_I3_O)        0.301     6.978 r  u_vision/u_gauss/lb1/out_g[7]_i_85/O
                         net (fo=1, routed)           0.000     6.978    u_vision/u_gauss/lb1/out_g[7]_i_85_n_0
    SLICE_X32Y44         CARRY4 (Prop_carry4_S[1]_O[2])
                                                      0.578     7.556 r  u_vision/u_gauss/lb1/out_g_reg[7]_i_59/O[2]
                         net (fo=2, routed)           0.583     8.139    u_vision/u_gauss/lb1/out_g_reg[7]_i_59_n_5
    SLICE_X31Y44         CARRY4 (Prop_carry4_DI[3]_CO[3])
                                                      0.562     8.701 r  u_vision/u_gauss/lb1/out_g_reg[7]_i_55/CO[3]
                         net (fo=1, routed)           0.000     8.701    u_vision/u_gauss/lb1/out_g_reg[7]_i_55_n_0
    SLICE_X31Y45         CARRY4 (Prop_carry4_CI_O[1])
                                                      0.334     9.035 r  u_vision/u_gauss/lb1/out_g_reg[7]_i_37/O[1]
                         net (fo=2, routed)           0.647     9.682    u_vision/u_gauss/lb1/C[5]
    SLICE_X33Y45         LUT5 (Prop_lut5_I4_O)        0.303     9.985 r  u_vision/u_gauss/lb1/out_g[7]_i_40/O
                         net (fo=1, routed)           0.000     9.985    u_vision/u_gauss/lb1/out_g[7]_i_40_n_0
    SLICE_X33Y45         CARRY4 (Prop_carry4_S[1]_O[1])
                                                      0.227    10.212 r  u_vision/u_gauss/lb1/out_g_reg[7]_i_19/O[1]
                         net (fo=2, routed)           0.447    10.659    u_vision/u_gauss/lb1/out_g_reg[7]_i_19_n_6
    SLICE_X35Y46         LUT5 (Prop_lut5_I4_O)        0.303    10.962 r  u_vision/u_gauss/lb1/out_g[7]_i_12__0/O
                         net (fo=2, routed)           0.512    11.474    u_vision/u_gauss/lb1/out_g[7]_i_12__0_n_0
    SLICE_X34Y45         LUT6 (Prop_lut6_I3_O)        0.124    11.598 r  u_vision/u_gauss/lb1/out_g[7]_i_16__0/O
                         net (fo=1, routed)           0.000    11.598    u_vision/u_gauss/lb1/out_g[7]_i_16__0_n_0
    SLICE_X34Y45         CARRY4 (Prop_carry4_S[2]_O[2])
                                                      0.250    11.848 r  u_vision/u_gauss/lb1/out_g_reg[7]_i_4/O[2]
                         net (fo=2, routed)           0.421    12.269    u_vision/u_gauss/lb1/PCOUT[6]
    SLICE_X35Y46         LUT5 (Prop_lut5_I4_O)        0.301    12.570 r  u_vision/u_gauss/lb1/out_g[3]_i_3/O
                         net (fo=2, routed)           0.448    13.017    u_vision/u_gauss/lb1/out_g[3]_i_3_n_0
    SLICE_X35Y44         LUT6 (Prop_lut6_I3_O)        0.124    13.141 r  u_vision/u_gauss/lb1/out_g[3]_i_7__0/O
                         net (fo=1, routed)           0.000    13.141    u_vision/u_gauss/lb1/out_g[3]_i_7__0_n_0
    SLICE_X35Y44         CARRY4 (Prop_carry4_S[3]_CO[3])
                                                      0.401    13.542 r  u_vision/u_gauss/lb1/out_g_reg[3]_i_1/CO[3]
                         net (fo=1, routed)           0.000    13.542    u_vision/u_gauss/lb1/out_g_reg[3]_i_1_n_0
    SLICE_X35Y45         CARRY4 (Prop_carry4_CI_O[1])
                                                      0.334    13.876 r  u_vision/u_gauss/lb1/out_g_reg[7]_i_1/O[1]
                         net (fo=1, routed)           0.000    13.876    u_vision/u_gauss/p_0_in[5]
    SLICE_X35Y45         FDCE                                         r  u_vision/u_gauss/out_g_reg[5]/D
  -------------------------------------------------------------------    -------------------

                         (clock pclk rise edge)      13.468    13.468 r  <hidden>
                                                      0.000    13.468 r  pclk
                         net (fo=1046, unset)         0.924    14.392    u_vision/u_gauss/pclk
    SLICE_X35Y45         FDCE                                         r  u_vision/u_gauss/out_g_reg[5]/C
                         clock pessimism              0.000    14.392    <hidden>
                         clock uncertainty           -0.185    14.207    <hidden>
    SLICE_X35Y45         FDCE (Setup_fdce_C_D)        0.062    14.269    u_vision/u_gauss/out_g_reg[5]
  -------------------------------------------------------------------
                         required time                         14.269    <hidden>
                         arrival time                         -13.876    <hidden>
  -------------------------------------------------------------------
                         slack                                  0.393    <hidden>

Slack (MET) :             0.407ns  (required time - arrival time)
  Source:                 u_vision/u_gauss/xd2_reg[6]/C
                            (rising edge-triggered cell FDCE clocked by pclk  {rise@0.000ns fall@6.734ns period=13.468ns})
  Destination:            u_vision/u_gauss/out_g_reg[7]/D
                            (rising edge-triggered cell FDCE clocked by pclk  {rise@0.000ns fall@6.734ns period=13.468ns})
  Path Group:             pclk
  Path Type:              Setup (Max at Slow Process Corner)
  Requirement:            13.468ns  (pclk rise@13.468ns - pclk rise@0.000ns)
  Data Path Delay:        12.889ns  (logic 6.521ns (50.592%)  route 6.368ns (49.408%))
  Logic Levels:           17  (CARRY4=8 LUT2=1 LUT4=1 LUT5=2 LUT6=5)
  Clock Path Skew:        -0.049ns (DCD - SCD + CPR)
    Destination Clock Delay (DCD):    0.924ns = ( 14.392 - 13.468 ) 
    Source Clock Delay      (SCD):    0.973ns
    Clock Pessimism Removal (CPR):    0.000ns
  Clock Uncertainty:      0.185ns  ((TSJ^2 + TIJ^2)^1/2 + DJ) / 2 + PE + UU
    Total System Jitter     (TSJ):    0.071ns
    Total Input Jitter      (TIJ):    0.000ns
    Discrete Jitter          (DJ):    0.000ns
    Phase Error              (PE):    0.000ns
    User Uncertainty         (UU):    0.150ns

    Location             Delay type                Incr(ns)  Path(ns)    Netlist Resource(s)
  -------------------------------------------------------------------    -------------------
                         (clock pclk rise edge)       0.000     0.000 r  <hidden>
                                                      0.000     0.000 r  pclk
                         net (fo=1046, unset)         0.973     0.973    u_vision/u_gauss/pclk
    SLICE_X37Y35         FDCE                                         r  u_vision/u_gauss/xd2_reg[6]/C
  -------------------------------------------------------------------    -------------------
    SLICE_X37Y35         FDCE (Prop_fdce_C_Q)         0.419     1.392 f  u_vision/u_gauss/xd2_reg[6]/Q
                         net (fo=4, routed)           0.864     2.256    u_vision/u_gauss/xd2[6]
    SLICE_X37Y35         LUT2 (Prop_lut2_I0_O)        0.299     2.555 f  u_vision/u_gauss/out_g[7]_i_75/O
                         net (fo=5, routed)           0.682     3.237    u_vision/u_gauss/out_g[7]_i_75_n_0
    SLICE_X36Y36         LUT6 (Prop_lut6_I1_O)        0.124     3.361 f  u_vision/u_gauss/out_g[7]_i_48/O
                         net (fo=2, routed)           0.815     4.176    u_vision/u_gauss/k[8]
    SLICE_X36Y37         LUT6 (Prop_lut6_I4_O)        0.124     4.300 r  u_vision/u_gauss/out_g[7]_i_25__0/O
                         net (fo=24, routed)          0.587     4.887    u_vision/u_gauss/lb1/right_edge
    SLICE_X33Y41         LUT6 (Prop_lut6_I5_O)        0.124     5.011 r  u_vision/u_gauss/lb1/out_g[3]_i_37/O
                         net (fo=5, routed)           0.375     5.386    u_vision/u_gauss/lb1/out_g[3]_i_37_n_0
    SLICE_X32Y41         LUT6 (Prop_lut6_I0_O)        0.124     5.510 r  u_vision/u_gauss/lb1/out_g[7]_i_93/O
                         net (fo=1, routed)           0.000     5.510    u_vision/u_gauss/lb1/out_g[7]_i_93_n_0
    SLICE_X32Y41         CARRY4 (Prop_carry4_S[1]_O[2])
                                                      0.578     6.088 r  u_vision/u_gauss/lb1/out_g_reg[7]_i_82/O[2]
                         net (fo=2, routed)           0.589     6.677    u_vision/u_gauss/lb1/out_g_reg[7]_i_82_n_5
    SLICE_X32Y44         LUT4 (Prop_lut4_I3_O)        0.301     6.978 r  u_vision/u_gauss/lb1/out_g[7]_i_85/O
                         net (fo=1, routed)           0.000     6.978    u_vision/u_gauss/lb1/out_g[7]_i_85_n_0
    SLICE_X32Y44         CARRY4 (Prop_carry4_S[1]_O[2])
                                                      0.578     7.556 r  u_vision/u_gauss/lb1/out_g_reg[7]_i_59/O[2]
                         net (fo=2, routed)           0.583     8.139    u_vision/u_gauss/lb1/out_g_reg[7]_i_59_n_5
    SLICE_X31Y44         CARRY4 (Prop_carry4_DI[3]_CO[3])
                                                      0.562     8.701 r  u_vision/u_gauss/lb1/out_g_reg[7]_i_55/CO[3]
                         net (fo=1, routed)           0.000     8.701    u_vision/u_gauss/lb1/out_g_reg[7]_i_55_n_0
    SLICE_X31Y45         CARRY4 (Prop_carry4_CI_O[1])
                                                      0.334     9.035 r  u_vision/u_gauss/lb1/out_g_reg[7]_i_37/O[1]
                         net (fo=2, routed)           0.647     9.682    u_vision/u_gauss/lb1/C[5]
    SLICE_X33Y45         LUT5 (Prop_lut5_I4_O)        0.303     9.985 r  u_vision/u_gauss/lb1/out_g[7]_i_40/O
                         net (fo=1, routed)           0.000     9.985    u_vision/u_gauss/lb1/out_g[7]_i_40_n_0
    SLICE_X33Y45         CARRY4 (Prop_carry4_S[1]_O[2])
                                                      0.580    10.565 r  u_vision/u_gauss/lb1/out_g_reg[7]_i_19/O[2]
                         net (fo=2, routed)           0.465    11.030    u_vision/u_gauss/lb1/out_g_reg[7]_i_19_n_5
    SLICE_X35Y46         LUT5 (Prop_lut5_I4_O)        0.302    11.332 r  u_vision/u_gauss/lb1/out_g[7]_i_11__0/O
                         net (fo=2, routed)           0.324    11.656    u_vision/u_gauss/lb1/out_g[7]_i_11__0_n_0
    SLICE_X34Y45         LUT6 (Prop_lut6_I3_O)        0.124    11.780 r  u_vision/u_gauss/lb1/out_g[7]_i_15__0/O
                         net (fo=1, routed)           0.000    11.780    u_vision/u_gauss/lb1/out_g[7]_i_15__0_n_0
    SLICE_X34Y45         CARRY4 (Prop_carry4_S[3]_CO[3])
                                                      0.376    12.156 r  u_vision/u_gauss/lb1/out_g_reg[7]_i_4/CO[3]
                         net (fo=1, routed)           0.000    12.156    u_vision/u_gauss/lb1/out_g_reg[7]_i_4_n_0
    SLICE_X34Y46         CARRY4 (Prop_carry4_CI_O[1])
                                                      0.323    12.479 r  u_vision/u_gauss/lb1/out_g_reg[7]_i_2/O[1]
                         net (fo=1, routed)           0.437    12.916    u_vision/u_gauss/lb1/PCOUT[9]
    SLICE_X35Y45         CARRY4 (Prop_carry4_S[1]_O[3])
                                                      0.946    13.862 r  u_vision/u_gauss/lb1/out_g_reg[7]_i_1/O[3]
                         net (fo=1, routed)           0.000    13.862    u_vision/u_gauss/p_0_in[7]
    SLICE_X35Y45         FDCE                                         r  u_vision/u_gauss/out_g_reg[7]/D
  -------------------------------------------------------------------    -------------------

                         (clock pclk rise edge)      13.468    13.468 r  <hidden>
                                                      0.000    13.468 r  pclk
                         net (fo=1046, unset)         0.924    14.392    u_vision/u_gauss/pclk
    SLICE_X35Y45         FDCE                                         r  u_vision/u_gauss/out_g_reg[7]/C
                         clock pessimism              0.000    14.392    <hidden>
                         clock uncertainty           -0.185    14.207    <hidden>
    SLICE_X35Y45         FDCE (Setup_fdce_C_D)        0.062    14.269    u_vision/u_gauss/out_g_reg[7]
  -------------------------------------------------------------------
                         required time                         14.269    <hidden>
                         arrival time                         -13.862    <hidden>
  -------------------------------------------------------------------
                         slack                                  0.407    <hidden>




