== tb_core_coremark ==
../src/riscv/alu.v:3: warning: timescale for alu inherited from another file.
riscv/tb_core_coremark.v:1: ...: The inherited timescale is here.
../src/riscv/core_top.v:3: warning: timescale for core_top inherited from another file.
riscv/tb_core_coremark.v:1: ...: The inherited timescale is here.
../src/riscv/decode.v:3: warning: timescale for decode inherited from another file.
riscv/tb_core_coremark.v:1: ...: The inherited timescale is here.
../src/riscv/dmem.v:3: warning: timescale for dmem inherited from another file.
riscv/tb_core_coremark.v:1: ...: The inherited timescale is here.
../src/riscv/if_stage.v:4: warning: timescale for if_stage inherited from another file.
riscv/tb_core_coremark.v:1: ...: The inherited timescale is here.
../src/riscv/imem.v:3: warning: timescale for imem inherited from another file.
riscv/tb_core_coremark.v:1: ...: The inherited timescale is here.
../src/riscv/muldiv.v:3: warning: timescale for muldiv inherited from another file.
riscv/tb_core_coremark.v:1: ...: The inherited timescale is here.
../src/riscv/pc.v:3: warning: timescale for pc inherited from another file.
riscv/tb_core_coremark.v:1: ...: The inherited timescale is here.
../src/riscv/pynq_z2_top.v:3: warning: timescale for pynq_z2_top inherited from another file.
riscv/tb_core_coremark.v:1: ...: The inherited timescale is here.
../src/riscv/regfile.v:3: warning: timescale for regfile inherited from another file.
riscv/tb_core_coremark.v:1: ...: The inherited timescale is here.
../src/riscv/soc_top.v:3: warning: timescale for soc_top inherited from another file.
riscv/tb_core_coremark.v:1: ...: The inherited timescale is here.
WARNING: riscv/tb_core_coremark.v:113: $readmemh(../src/riscv_fw/bench_v0_1.hex): Not enough words in the file for the requested range [0:8191].
WARNING: riscv/tb_core_coremark.v:116: $readmemh(../src/riscv_fw/bench_v0_1.hex): Not enough words in the file for the requested range [0:8191].
== coremark hex=../src/riscv_fw/bench_v0_1.hex exit=0 tohost=327535569 cycles=3446 instrs=1205 bubbles=129
PASS: coremark cycles=3446 instrs=1205 bubbles=129 cpi=2.859
riscv/tb_core_coremark.v:167: $finish called at 34535000 (1ps)
