== tb_soc_top ==
../src/riscv/alu.v:3: warning: timescale for alu inherited from another file.
riscv/tb_soc_top.v:1: ...: The inherited timescale is here.
../src/riscv/core_top.v:3: warning: timescale for core_top inherited from another file.
riscv/tb_soc_top.v:1: ...: The inherited timescale is here.
../src/riscv/decode.v:3: warning: timescale for decode inherited from another file.
riscv/tb_soc_top.v:1: ...: The inherited timescale is here.
../src/riscv/dmem.v:3: warning: timescale for dmem inherited from another file.
riscv/tb_soc_top.v:1: ...: The inherited timescale is here.
../src/riscv/if_stage.v:4: warning: timescale for if_stage inherited from another file.
riscv/tb_soc_top.v:1: ...: The inherited timescale is here.
../src/riscv/imem.v:3: warning: timescale for imem inherited from another file.
riscv/tb_soc_top.v:1: ...: The inherited timescale is here.
../src/riscv/muldiv.v:3: warning: timescale for muldiv inherited from another file.
riscv/tb_soc_top.v:1: ...: The inherited timescale is here.
../src/riscv/pc.v:3: warning: timescale for pc inherited from another file.
riscv/tb_soc_top.v:1: ...: The inherited timescale is here.
../src/riscv/pynq_z2_top.v:3: warning: timescale for pynq_z2_top inherited from another file.
riscv/tb_soc_top.v:1: ...: The inherited timescale is here.
../src/riscv/regfile.v:3: warning: timescale for regfile inherited from another file.
riscv/tb_soc_top.v:1: ...: The inherited timescale is here.
../src/riscv/soc_top.v:3: warning: timescale for soc_top inherited from another file.
riscv/tb_soc_top.v:1: ...: The inherited timescale is here.
WARNING: ../src/riscv/imem.v:19: $readmemh(../src/riscv_fw/hello_v0.hex): Not enough words in the file for the requested range [0:8191].
WARNING: ../src/riscv/dmem.v:21: $readmemh(../src/riscv_fw/hello_v0.hex): Not enough words in the file for the requested range [0:8191].
VCD info: dumpfile tb_soc_top.vcd opened for output.
PASS: SoC tohost=13, tohost_exit=0, LED=1101, reset LED=0000
riscv/tb_soc_top.v:47: $finish called at 40081000 (1ps)
