INFO: [Common 17-3922] A valid Vivado Design Suite BASIC license has been detected. Your current license is active and will expire on 14-sep-2027.

****** Vivado v2026.1 (64-bit)
  **** SW Build 6511674 on Tue Jun 16 11:02:23 MDT 2026
  **** IP Build 6504888 on Tue Jun 09 09:05:25 MDT 2026
  **** SharedData Build 6501428 on Mon Jun 08 17:34:18 MDT 2026
  **** Start of session at: Mon Sep 28 13:56:51 2026
    ** Copyright 1986-2022 Xilinx, Inc. All Rights Reserved.
    ** Copyright 2022-2026 Advanced Micro Devices, Inc. All Rights Reserved.

source build/build_soc.tcl
# set script_dir [file normalize [file dirname [info script]]]
# set root       [file normalize [file join $script_dir ..]]
# set run_dir    [file join $script_dir run soc]
# set rep_dir    [file join $script_dir reports]
# set part       xc7z020clg400-1
# set top        pynq_z2_top
# file mkdir $run_dir
# file mkdir $rep_dir
# cd $root
# proc require_clock {name expected_period} {
#     set clock [get_clocks -quiet $name]
#     if {[llength $clock] != 1} {error "Missing or duplicate clock: $name"}
#     set period [get_property PERIOD $clock]
#     if {abs($period - $expected_period) > 0.001} {
#         error "Clock $name period is $period ns, expected $expected_period ns"
#     }
# }
# read_verilog [glob [file join $root src riscv *.v]]
read_verilog: Time (s): cpu = 00:00:09 ; elapsed = 00:00:09 . Memory (MB): peak = 610.453 ; gain = 266.582
# read_xdc [file join $script_dir constraints pynq_z2_soc.xdc]
# synth_design -top $top -part $part
Command: synth_design -top pynq_z2_top -part xc7z020clg400-1
Starting synth_design
Attempting to get a license for feature 'Vivado_Synthesis' and/or device 'xc7z020'
INFO: [Common 17-349] Got license for feature 'Vivado_Synthesis' and/or device 'xc7z020'
INFO: [Device 21-403] Loading part xc7z020clg400-1
INFO: [Designutils 20-5008] Incremental synthesis strategy default
INFO: [Synth 8-7079] Multithreading enabled for synth_design using a maximum of 2 processes.
INFO: [Synth 8-7078] Launching helper process for spawning children vivado processes
INFO: [Synth 8-7075] Helper process launched with PID 42484
---------------------------------------------------------------------------------
Starting RTL Elaboration : Time (s): cpu = 00:00:07 ; elapsed = 00:00:07 . Memory (MB): peak = 1418.785 ; gain = 578.629
---------------------------------------------------------------------------------
INFO: [Synth 8-6157] synthesizing module 'pynq_z2_top' [E:/Projects/FPGA-Alittle-Design/src/riscv/pynq_z2_top.v:3]
INFO: [Synth 8-6157] synthesizing module 'MMCME2_BASE' [D:/Vivado_downloads/2026.1/Vivado/scripts/rt/data/unisim_comp.v:95844]
	Parameter BANDWIDTH bound to: OPTIMIZED - type: string 
	Parameter CLKFBOUT_MULT_F bound to: 8.000000e+00 - type: double 
	Parameter CLKIN1_PERIOD bound to: 8.000000e+00 - type: double 
	Parameter CLKOUT0_DIVIDE_F bound to: 2.500000e+01 - type: double 
	Parameter DIVCLK_DIVIDE bound to: 1 - type: integer 
	Parameter STARTUP_WAIT bound to: FALSE - type: string 
INFO: [Synth 8-6155] done synthesizing module 'MMCME2_BASE' (0#1) [D:/Vivado_downloads/2026.1/Vivado/scripts/rt/data/unisim_comp.v:95844]
WARNING: [Synth 8-7071] port 'CLKFBOUTB' of module 'MMCME2_BASE' is unconnected for instance 'u_mmcm' [E:/Projects/FPGA-Alittle-Design/src/riscv/pynq_z2_top.v:23]
WARNING: [Synth 8-7071] port 'CLKOUT0B' of module 'MMCME2_BASE' is unconnected for instance 'u_mmcm' [E:/Projects/FPGA-Alittle-Design/src/riscv/pynq_z2_top.v:23]
WARNING: [Synth 8-7071] port 'CLKOUT1' of module 'MMCME2_BASE' is unconnected for instance 'u_mmcm' [E:/Projects/FPGA-Alittle-Design/src/riscv/pynq_z2_top.v:23]
WARNING: [Synth 8-7071] port 'CLKOUT1B' of module 'MMCME2_BASE' is unconnected for instance 'u_mmcm' [E:/Projects/FPGA-Alittle-Design/src/riscv/pynq_z2_top.v:23]
WARNING: [Synth 8-7071] port 'CLKOUT2' of module 'MMCME2_BASE' is unconnected for instance 'u_mmcm' [E:/Projects/FPGA-Alittle-Design/src/riscv/pynq_z2_top.v:23]
WARNING: [Synth 8-7071] port 'CLKOUT2B' of module 'MMCME2_BASE' is unconnected for instance 'u_mmcm' [E:/Projects/FPGA-Alittle-Design/src/riscv/pynq_z2_top.v:23]
WARNING: [Synth 8-7071] port 'CLKOUT3' of module 'MMCME2_BASE' is unconnected for instance 'u_mmcm' [E:/Projects/FPGA-Alittle-Design/src/riscv/pynq_z2_top.v:23]
WARNING: [Synth 8-7071] port 'CLKOUT3B' of module 'MMCME2_BASE' is unconnected for instance 'u_mmcm' [E:/Projects/FPGA-Alittle-Design/src/riscv/pynq_z2_top.v:23]
WARNING: [Synth 8-7071] port 'CLKOUT4' of module 'MMCME2_BASE' is unconnected for instance 'u_mmcm' [E:/Projects/FPGA-Alittle-Design/src/riscv/pynq_z2_top.v:23]
WARNING: [Synth 8-7071] port 'CLKOUT5' of module 'MMCME2_BASE' is unconnected for instance 'u_mmcm' [E:/Projects/FPGA-Alittle-Design/src/riscv/pynq_z2_top.v:23]
WARNING: [Synth 8-7071] port 'CLKOUT6' of module 'MMCME2_BASE' is unconnected for instance 'u_mmcm' [E:/Projects/FPGA-Alittle-Design/src/riscv/pynq_z2_top.v:23]
WARNING: [Synth 8-7023] instance 'u_mmcm' of module 'MMCME2_BASE' has 18 connections declared, but only 7 given [E:/Projects/FPGA-Alittle-Design/src/riscv/pynq_z2_top.v:23]
INFO: [Synth 8-6157] synthesizing module 'BUFG' [D:/Vivado_downloads/2026.1/Vivado/scripts/rt/data/unisim_comp.v:2678]
INFO: [Synth 8-6155] done synthesizing module 'BUFG' (0#1) [D:/Vivado_downloads/2026.1/Vivado/scripts/rt/data/unisim_comp.v:2678]
INFO: [Synth 8-6157] synthesizing module 'soc_top' [E:/Projects/FPGA-Alittle-Design/src/riscv/soc_top.v:3]
INFO: [Synth 8-6157] synthesizing module 'core_top' [E:/Projects/FPGA-Alittle-Design/src/riscv/core_top.v:3]
INFO: [Synth 8-6157] synthesizing module 'pc' [E:/Projects/FPGA-Alittle-Design/src/riscv/pc.v:3]
INFO: [Synth 8-6155] done synthesizing module 'pc' (0#1) [E:/Projects/FPGA-Alittle-Design/src/riscv/pc.v:3]
INFO: [Synth 8-6157] synthesizing module 'if_stage' [E:/Projects/FPGA-Alittle-Design/src/riscv/if_stage.v:4]
INFO: [Synth 8-6155] done synthesizing module 'if_stage' (0#1) [E:/Projects/FPGA-Alittle-Design/src/riscv/if_stage.v:4]
INFO: [Synth 8-6157] synthesizing module 'decode' [E:/Projects/FPGA-Alittle-Design/src/riscv/decode.v:3]
INFO: [Synth 8-226] default block is never used [E:/Projects/FPGA-Alittle-Design/src/riscv/decode.v:146]
INFO: [Synth 8-226] default block is never used [E:/Projects/FPGA-Alittle-Design/src/riscv/decode.v:167]
INFO: [Synth 8-6155] done synthesizing module 'decode' (0#1) [E:/Projects/FPGA-Alittle-Design/src/riscv/decode.v:3]
INFO: [Synth 8-6157] synthesizing module 'regfile' [E:/Projects/FPGA-Alittle-Design/src/riscv/regfile.v:3]
INFO: [Synth 8-6155] done synthesizing module 'regfile' (0#1) [E:/Projects/FPGA-Alittle-Design/src/riscv/regfile.v:3]
INFO: [Synth 8-6157] synthesizing module 'muldiv' [E:/Projects/FPGA-Alittle-Design/src/riscv/muldiv.v:3]
INFO: [Synth 8-6155] done synthesizing module 'muldiv' (0#1) [E:/Projects/FPGA-Alittle-Design/src/riscv/muldiv.v:3]
INFO: [Synth 8-6157] synthesizing module 'alu' [E:/Projects/FPGA-Alittle-Design/src/riscv/alu.v:3]
INFO: [Synth 8-6155] done synthesizing module 'alu' (0#1) [E:/Projects/FPGA-Alittle-Design/src/riscv/alu.v:3]
INFO: [Synth 8-6155] done synthesizing module 'core_top' (0#1) [E:/Projects/FPGA-Alittle-Design/src/riscv/core_top.v:3]
INFO: [Synth 8-6157] synthesizing module 'imem' [E:/Projects/FPGA-Alittle-Design/src/riscv/imem.v:3]
	Parameter INIT_FILE bound to: src/riscv_fw/hello_v0.hex - type: string 
INFO: [Synth 8-3876] $readmem data file 'src/riscv_fw/hello_v0.hex' is read successfully [E:/Projects/FPGA-Alittle-Design/src/riscv/imem.v:19]
INFO: [Synth 8-6155] done synthesizing module 'imem' (0#1) [E:/Projects/FPGA-Alittle-Design/src/riscv/imem.v:3]
INFO: [Synth 8-6157] synthesizing module 'dmem' [E:/Projects/FPGA-Alittle-Design/src/riscv/dmem.v:3]
	Parameter INIT_FILE bound to: src/riscv_fw/hello_v0.hex - type: string 
INFO: [Synth 8-3876] $readmem data file 'src/riscv_fw/hello_v0.hex' is read successfully [E:/Projects/FPGA-Alittle-Design/src/riscv/dmem.v:21]
INFO: [Synth 8-6155] done synthesizing module 'dmem' (0#1) [E:/Projects/FPGA-Alittle-Design/src/riscv/dmem.v:3]
INFO: [Synth 8-6155] done synthesizing module 'soc_top' (0#1) [E:/Projects/FPGA-Alittle-Design/src/riscv/soc_top.v:3]
INFO: [Synth 8-6155] done synthesizing module 'pynq_z2_top' (0#1) [E:/Projects/FPGA-Alittle-Design/src/riscv/pynq_z2_top.v:3]
WARNING: [Synth 8-6014] Unused sequential element a_r_reg was removed.  [E:/Projects/FPGA-Alittle-Design/src/riscv/muldiv.v:55]
WARNING: [Synth 8-6014] Unused sequential element b_r_reg was removed.  [E:/Projects/FPGA-Alittle-Design/src/riscv/muldiv.v:56]
WARNING: [Synth 8-7129] Port addr[31] in module dmem is either unconnected or has no load
WARNING: [Synth 8-7129] Port addr[30] in module dmem is either unconnected or has no load
WARNING: [Synth 8-7129] Port addr[29] in module dmem is either unconnected or has no load
WARNING: [Synth 8-7129] Port addr[28] in module dmem is either unconnected or has no load
WARNING: [Synth 8-7129] Port addr[27] in module dmem is either unconnected or has no load
WARNING: [Synth 8-7129] Port addr[26] in module dmem is either unconnected or has no load
WARNING: [Synth 8-7129] Port addr[25] in module dmem is either unconnected or has no load
WARNING: [Synth 8-7129] Port addr[24] in module dmem is either unconnected or has no load
WARNING: [Synth 8-7129] Port addr[23] in module dmem is either unconnected or has no load
WARNING: [Synth 8-7129] Port addr[22] in module dmem is either unconnected or has no load
WARNING: [Synth 8-7129] Port addr[21] in module dmem is either unconnected or has no load
WARNING: [Synth 8-7129] Port addr[20] in module dmem is either unconnected or has no load
WARNING: [Synth 8-7129] Port addr[19] in module dmem is either unconnected or has no load
WARNING: [Synth 8-7129] Port addr[18] in module dmem is either unconnected or has no load
WARNING: [Synth 8-7129] Port addr[17] in module dmem is either unconnected or has no load
WARNING: [Synth 8-7129] Port addr[16] in module dmem is either unconnected or has no load
WARNING: [Synth 8-7129] Port addr[15] in module dmem is either unconnected or has no load
WARNING: [Synth 8-7129] Port addr[1] in module dmem is either unconnected or has no load
WARNING: [Synth 8-7129] Port addr[0] in module dmem is either unconnected or has no load
WARNING: [Synth 8-7129] Port addr[31] in module imem is either unconnected or has no load
WARNING: [Synth 8-7129] Port addr[30] in module imem is either unconnected or has no load
WARNING: [Synth 8-7129] Port addr[29] in module imem is either unconnected or has no load
WARNING: [Synth 8-7129] Port addr[28] in module imem is either unconnected or has no load
WARNING: [Synth 8-7129] Port addr[27] in module imem is either unconnected or has no load
WARNING: [Synth 8-7129] Port addr[26] in module imem is either unconnected or has no load
WARNING: [Synth 8-7129] Port addr[25] in module imem is either unconnected or has no load
WARNING: [Synth 8-7129] Port addr[24] in module imem is either unconnected or has no load
WARNING: [Synth 8-7129] Port addr[23] in module imem is either unconnected or has no load
WARNING: [Synth 8-7129] Port addr[22] in module imem is either unconnected or has no load
WARNING: [Synth 8-7129] Port addr[21] in module imem is either unconnected or has no load
WARNING: [Synth 8-7129] Port addr[20] in module imem is either unconnected or has no load
WARNING: [Synth 8-7129] Port addr[19] in module imem is either unconnected or has no load
WARNING: [Synth 8-7129] Port addr[18] in module imem is either unconnected or has no load
WARNING: [Synth 8-7129] Port addr[17] in module imem is either unconnected or has no load
WARNING: [Synth 8-7129] Port addr[16] in module imem is either unconnected or has no load
WARNING: [Synth 8-7129] Port addr[15] in module imem is either unconnected or has no load
WARNING: [Synth 8-7129] Port addr[1] in module imem is either unconnected or has no load
WARNING: [Synth 8-7129] Port addr[0] in module imem is either unconnected or has no load
---------------------------------------------------------------------------------
Finished RTL Elaboration : Time (s): cpu = 00:00:09 ; elapsed = 00:00:10 . Memory (MB): peak = 1559.969 ; gain = 719.812
---------------------------------------------------------------------------------
---------------------------------------------------------------------------------
Start Handling Custom Attributes
---------------------------------------------------------------------------------
---------------------------------------------------------------------------------
Finished Handling Custom Attributes : Time (s): cpu = 00:00:09 ; elapsed = 00:00:10 . Memory (MB): peak = 1559.969 ; gain = 719.812
---------------------------------------------------------------------------------
---------------------------------------------------------------------------------
Finished RTL Optimization Phase 1 : Time (s): cpu = 00:00:09 ; elapsed = 00:00:10 . Memory (MB): peak = 1559.969 ; gain = 719.812
---------------------------------------------------------------------------------
Netlist sorting complete. Time (s): cpu = 00:00:00 ; elapsed = 00:00:00.009 . Memory (MB): peak = 1559.969 ; gain = 0.000
INFO: [Netlist 29-17] Analyzing 1 Unisim elements for replacement
INFO: [Netlist 29-28] Unisim Transformation completed in 0 CPU seconds
INFO: [Project 1-570] Preparing netlist for logic optimization

Processing XDC Constraints
Initializing timing engine
Parsing XDC File [E:/Projects/FPGA-Alittle-Design/build/constraints/pynq_z2_soc.xdc]
Finished Parsing XDC File [E:/Projects/FPGA-Alittle-Design/build/constraints/pynq_z2_soc.xdc]
INFO: [Project 1-236] Implementation specific constraints were found while reading constraint file [E:/Projects/FPGA-Alittle-Design/build/constraints/pynq_z2_soc.xdc]. These constraints will be ignored for synthesis but will be used in implementation. Impacted constraints are listed in the file [.Xil/pynq_z2_top_propImpl.xdc].
Resolution: To avoid this warning, move constraints listed in [.Xil/pynq_z2_top_propImpl.xdc] to another XDC file and exclude this new file from synthesis with the used_in_synthesis property (File Properties dialog in GUI) and re-run elaboration/synthesis.
WARNING: [Timing 38-3] User defined clock exists on pin u_mmcm/CLKOUT0 [See E:/Projects/FPGA-Alittle-Design/build/constraints/pynq_z2_soc.xdc:10] and will prevent any subsequent automatic derivation of generated clocks on that pin. If the user defined clock specifies '-add', any existing auto-derived clocks on that pin are retained.
INFO: [Timing 38-2] Deriving generated clocks
Completed Processing XDC Constraints

Netlist sorting complete. Time (s): cpu = 00:00:00 ; elapsed = 00:00:00.001 . Memory (MB): peak = 1620.707 ; gain = 0.000
INFO: [Project 1-111] Unisim Transformation Summary:
  A total of 1 instances were transformed.
  MMCME2_BASE => MMCME2_ADV: 1 instance 

Constraint Validation Runtime : Time (s): cpu = 00:00:00 ; elapsed = 00:00:00.015 . Memory (MB): peak = 1620.863 ; gain = 0.000
---------------------------------------------------------------------------------
Finished Constraint Validation : Time (s): cpu = 00:00:19 ; elapsed = 00:00:21 . Memory (MB): peak = 1620.863 ; gain = 780.707
---------------------------------------------------------------------------------
---------------------------------------------------------------------------------
Start Loading Part and Timing Information
---------------------------------------------------------------------------------
Loading part: xc7z020clg400-1
---------------------------------------------------------------------------------
Finished Loading Part and Timing Information : Time (s): cpu = 00:00:19 ; elapsed = 00:00:21 . Memory (MB): peak = 1620.863 ; gain = 780.707
---------------------------------------------------------------------------------
---------------------------------------------------------------------------------
Start Applying 'set_property' XDC Constraints
---------------------------------------------------------------------------------
---------------------------------------------------------------------------------
Finished applying 'set_property' XDC Constraints : Time (s): cpu = 00:00:19 ; elapsed = 00:00:21 . Memory (MB): peak = 1620.863 ; gain = 780.707
---------------------------------------------------------------------------------
---------------------------------------------------------------------------------
Finished RTL Optimization Phase 2 : Time (s): cpu = 00:00:20 ; elapsed = 00:00:22 . Memory (MB): peak = 1620.863 ; gain = 780.707
---------------------------------------------------------------------------------
---------------------------------------------------------------------------------
Start RTL Component Statistics 
---------------------------------------------------------------------------------
Detailed RTL Component Info : 
+---Adders : 
	   2 Input   64 Bit       Adders := 2     
	   3 Input   33 Bit       Adders := 1     
	   2 Input   32 Bit       Adders := 8     
	   3 Input   32 Bit       Adders := 1     
	   2 Input    5 Bit       Adders := 1     
+---XORs : 
	   2 Input     32 Bit         XORs := 1     
	   2 Input      1 Bit         XORs := 2     
+---Registers : 
	               64 Bit    Registers := 2     
	               33 Bit    Registers := 1     
	               32 Bit    Registers := 8     
	                5 Bit    Registers := 1     
	                4 Bit    Registers := 1     
	                3 Bit    Registers := 1     
	                2 Bit    Registers := 1     
	                1 Bit    Registers := 9     
+---RAMs : 
	             256K Bit	(8192 X 32 bit)          RAMs := 1     
	             1024 Bit	(32 X 32 bit)          RAMs := 1     
+---ROMs : 
	                    ROMs := 1     
+---Muxes : 
	   2 Input   64 Bit        Muxes := 3     
	   2 Input   33 Bit        Muxes := 2     
	   2 Input   32 Bit        Muxes := 39    
	   4 Input   32 Bit        Muxes := 2     
	   3 Input   32 Bit        Muxes := 1     
	   2 Input   16 Bit        Muxes := 1     
	   4 Input    8 Bit        Muxes := 1     
	   2 Input    8 Bit        Muxes := 2     
	   2 Input    5 Bit        Muxes := 1     
	   8 Input    4 Bit        Muxes := 2     
	   2 Input    4 Bit        Muxes := 1     
	   4 Input    4 Bit        Muxes := 1     
	   2 Input    3 Bit        Muxes := 2     
	   7 Input    3 Bit        Muxes := 1     
	   5 Input    2 Bit        Muxes := 1     
	   2 Input    2 Bit        Muxes := 2     
	   2 Input    1 Bit        Muxes := 11    
	   5 Input    1 Bit        Muxes := 1     
---------------------------------------------------------------------------------
Finished RTL Component Statistics 
---------------------------------------------------------------------------------
---------------------------------------------------------------------------------
Start Part Resource Summary
---------------------------------------------------------------------------------
Part Resources:
DSPs: 220 (col length:60)
BRAMs: 280 (col length: RAMB18 60 RAMB36 30)
---------------------------------------------------------------------------------
Finished Part Resource Summary
---------------------------------------------------------------------------------
---------------------------------------------------------------------------------
Start Cross Boundary and Area Optimization
---------------------------------------------------------------------------------
---------------------------------------------------------------------------------
Finished Cross Boundary and Area Optimization : Time (s): cpu = 00:00:29 ; elapsed = 00:00:32 . Memory (MB): peak = 1702.406 ; gain = 862.250
---------------------------------------------------------------------------------
---------------------------------------------------------------------------------
Start ROM, RAM, DSP, Shift Register and Retiming Reporting
---------------------------------------------------------------------------------

Distributed RAM: Preliminary Mapping Report (see note below)
+-------------------------+----------------------+----------------+----------------------+-------------------+
|Module Name              | RTL Object           | Inference      | Size (Depth x Width) | Primitives        | 
+-------------------------+----------------------+----------------+----------------------+-------------------+
|\u_soc/u_core /u_regfile | regs_reg             | Implied        | 32 x 32              | RAM32M x 12       | 
|pynq_z2_top              | u_soc/u_dmem/mem_reg | User Attribute | 8 K x 32             | RAM256X1S x 1024  | 
+-------------------------+----------------------+----------------+----------------------+-------------------+

Note: The table above is a preliminary report that shows the Distributed RAMs at the current stage of the synthesis flow. Some Distributed RAMs may be reimplemented as non Distributed RAM primitives later in the synthesis flow. Multiple instantiated RAMs are reported only once.
---------------------------------------------------------------------------------
Finished ROM, RAM, DSP, Shift Register and Retiming Reporting
---------------------------------------------------------------------------------
---------------------------------------------------------------------------------
Start Applying XDC Timing Constraints
---------------------------------------------------------------------------------
---------------------------------------------------------------------------------
Finished Applying XDC Timing Constraints : Time (s): cpu = 00:00:34 ; elapsed = 00:00:38 . Memory (MB): peak = 1802.207 ; gain = 962.051
---------------------------------------------------------------------------------
---------------------------------------------------------------------------------
Start Timing Optimization
---------------------------------------------------------------------------------
---------------------------------------------------------------------------------
Finished Timing Optimization : Time (s): cpu = 00:00:40 ; elapsed = 00:00:44 . Memory (MB): peak = 1897.648 ; gain = 1057.492
---------------------------------------------------------------------------------
---------------------------------------------------------------------------------
Start ROM, RAM, DSP, Shift Register and Retiming Reporting
---------------------------------------------------------------------------------

Distributed RAM: Final Mapping Report
+-------------------------+----------------------+----------------+----------------------+-------------------+
|Module Name              | RTL Object           | Inference      | Size (Depth x Width) | Primitives        | 
+-------------------------+----------------------+----------------+----------------------+-------------------+
|\u_soc/u_core /u_regfile | regs_reg             | Implied        | 32 x 32              | RAM32M x 12       | 
|pynq_z2_top              | u_soc/u_dmem/mem_reg | User Attribute | 8 K x 32             | RAM256X1S x 1024  | 
+-------------------------+----------------------+----------------+----------------------+-------------------+

---------------------------------------------------------------------------------
Finished ROM, RAM, DSP, Shift Register and Retiming Reporting
---------------------------------------------------------------------------------
---------------------------------------------------------------------------------
Start Technology Mapping
---------------------------------------------------------------------------------
INFO: [Synth 8-7052] The timing for the instance u_soc/u_imem/rdata_reg_0 (implemented as a Block RAM) might be sub-optimal as no optional output register could be merged into the ram block. Providing additional output register may help in improving timing.
INFO: [Synth 8-7052] The timing for the instance u_soc/u_imem/rdata_reg_1 (implemented as a Block RAM) might be sub-optimal as no optional output register could be merged into the ram block. Providing additional output register may help in improving timing.
INFO: [Synth 8-7052] The timing for the instance u_soc/u_imem/rdata_reg_2 (implemented as a Block RAM) might be sub-optimal as no optional output register could be merged into the ram block. Providing additional output register may help in improving timing.
INFO: [Synth 8-7052] The timing for the instance u_soc/u_imem/rdata_reg_3 (implemented as a Block RAM) might be sub-optimal as no optional output register could be merged into the ram block. Providing additional output register may help in improving timing.
INFO: [Synth 8-7052] The timing for the instance u_soc/u_imem/rdata_reg_4 (implemented as a Block RAM) might be sub-optimal as no optional output register could be merged into the ram block. Providing additional output register may help in improving timing.
INFO: [Synth 8-7052] The timing for the instance u_soc/u_imem/rdata_reg_5 (implemented as a Block RAM) might be sub-optimal as no optional output register could be merged into the ram block. Providing additional output register may help in improving timing.
INFO: [Synth 8-7052] The timing for the instance u_soc/u_imem/rdata_reg_6 (implemented as a Block RAM) might be sub-optimal as no optional output register could be merged into the ram block. Providing additional output register may help in improving timing.
INFO: [Synth 8-7052] The timing for the instance u_soc/u_imem/rdata_reg_7 (implemented as a Block RAM) might be sub-optimal as no optional output register could be merged into the ram block. Providing additional output register may help in improving timing.
---------------------------------------------------------------------------------
Finished Technology Mapping : Time (s): cpu = 00:00:42 ; elapsed = 00:00:47 . Memory (MB): peak = 1911.785 ; gain = 1071.629
---------------------------------------------------------------------------------
---------------------------------------------------------------------------------
Start IO Insertion
---------------------------------------------------------------------------------
---------------------------------------------------------------------------------
Start Flattening Before IO Insertion
---------------------------------------------------------------------------------
---------------------------------------------------------------------------------
Finished Flattening Before IO Insertion
---------------------------------------------------------------------------------
---------------------------------------------------------------------------------
Start Final Netlist Cleanup
---------------------------------------------------------------------------------
---------------------------------------------------------------------------------
Finished Final Netlist Cleanup
---------------------------------------------------------------------------------
---------------------------------------------------------------------------------
Finished IO Insertion : Time (s): cpu = 00:00:45 ; elapsed = 00:00:51 . Memory (MB): peak = 2116.211 ; gain = 1276.055
---------------------------------------------------------------------------------
---------------------------------------------------------------------------------
Start Renaming Generated Instances
---------------------------------------------------------------------------------
---------------------------------------------------------------------------------
Finished Renaming Generated Instances : Time (s): cpu = 00:00:45 ; elapsed = 00:00:51 . Memory (MB): peak = 2116.211 ; gain = 1276.055
---------------------------------------------------------------------------------
---------------------------------------------------------------------------------
Start Rebuilding User Hierarchy
---------------------------------------------------------------------------------
---------------------------------------------------------------------------------
Finished Rebuilding User Hierarchy : Time (s): cpu = 00:00:46 ; elapsed = 00:00:51 . Memory (MB): peak = 2116.211 ; gain = 1276.055
---------------------------------------------------------------------------------
---------------------------------------------------------------------------------
Start Renaming Generated Ports
---------------------------------------------------------------------------------
---------------------------------------------------------------------------------
Finished Renaming Generated Ports : Time (s): cpu = 00:00:46 ; elapsed = 00:00:51 . Memory (MB): peak = 2116.211 ; gain = 1276.055
---------------------------------------------------------------------------------
---------------------------------------------------------------------------------
Start Handling Custom Attributes
---------------------------------------------------------------------------------
---------------------------------------------------------------------------------
Finished Handling Custom Attributes : Time (s): cpu = 00:00:46 ; elapsed = 00:00:51 . Memory (MB): peak = 2119.137 ; gain = 1278.980
---------------------------------------------------------------------------------
---------------------------------------------------------------------------------
Start Renaming Generated Nets
---------------------------------------------------------------------------------
---------------------------------------------------------------------------------
Finished Renaming Generated Nets : Time (s): cpu = 00:00:46 ; elapsed = 00:00:51 . Memory (MB): peak = 2119.137 ; gain = 1278.980
---------------------------------------------------------------------------------
---------------------------------------------------------------------------------
Start Writing Synthesis Report
---------------------------------------------------------------------------------

Report BlackBoxes: 
+-+--------------+----------+
| |BlackBox name |Instances |
+-+--------------+----------+
+-+--------------+----------+

Report Cell Usage: 
+------+------------+------+
|      |Cell        |Count |
+------+------------+------+
|1     |BUFG        |     2|
|2     |CARRY4      |   149|
|3     |LUT1        |   111|
|4     |LUT2        |   303|
|5     |LUT3        |   235|
|6     |LUT4        |   302|
|7     |LUT5        |   525|
|8     |LUT6        |  1025|
|9     |MMCME2_BASE |     1|
|10    |MUXF7       |   130|
|11    |MUXF8       |    56|
|12    |RAM256X1S   |  1024|
|13    |RAM32M      |    10|
|14    |RAM32X1D    |     4|
|15    |RAMB36E1    |     8|
|23    |FDCE        |   431|
|24    |FDPE        |     8|
|25    |IBUF        |     2|
|26    |OBUF        |     4|
+------+------------+------+
---------------------------------------------------------------------------------
Finished Writing Synthesis Report : Time (s): cpu = 00:00:46 ; elapsed = 00:00:51 . Memory (MB): peak = 2119.137 ; gain = 1278.980
---------------------------------------------------------------------------------
Synthesis finished with 0 errors, 0 critical warnings and 0 warnings.
Synthesis Optimization Runtime : Time (s): cpu = 00:00:34 ; elapsed = 00:00:48 . Memory (MB): peak = 2119.137 ; gain = 1218.086
Synthesis Optimization Complete : Time (s): cpu = 00:00:46 ; elapsed = 00:00:52 . Memory (MB): peak = 2119.137 ; gain = 1278.980
INFO: [Project 1-571] Translating synthesized netlist
Netlist sorting complete. Time (s): cpu = 00:00:00 ; elapsed = 00:00:00.024 . Memory (MB): peak = 2124.297 ; gain = 0.000
INFO: [Netlist 29-17] Analyzing 1382 Unisim elements for replacement
INFO: [Netlist 29-28] Unisim Transformation completed in 1 CPU seconds
INFO: [Project 1-570] Preparing netlist for logic optimization
Parsing XDC File [E:/Projects/FPGA-Alittle-Design/build/constraints/pynq_z2_soc.xdc]
Finished Parsing XDC File [E:/Projects/FPGA-Alittle-Design/build/constraints/pynq_z2_soc.xdc]
INFO: [Opt 31-138] Pushed 0 inverter(s) to 0 load pin(s).
Netlist sorting complete. Time (s): cpu = 00:00:00 ; elapsed = 00:00:00.004 . Memory (MB): peak = 2131.957 ; gain = 0.000
INFO: [Project 1-111] Unisim Transformation Summary:
  A total of 1039 instances were transformed.
  MMCME2_BASE => MMCME2_ADV: 1 instance 
  RAM256X1S => RAM256X1S (MUXF7(x2), MUXF8, RAMS64E(x4)): 1024 instances
  RAM32M => RAM32M (RAMD32(x6), RAMS32(x2)): 10 instances
  RAM32X1D => RAM32X1D (RAMD32(x2)): 4 instances

Synth Design complete | Checksum: f05c4925
INFO: [Common 17-83] Releasing license: Vivado_Synthesis
57 Infos, 53 Warnings, 0 Critical Warnings and 0 Errors encountered.
synth_design completed successfully
synth_design: Time (s): cpu = 00:00:53 ; elapsed = 00:01:03 . Memory (MB): peak = 2131.977 ; gain = 1521.523
# require_clock sys_clk_125 8.000
# require_clock core_clk_40 25.000
# write_checkpoint -force [file join $run_dir post_synth.dcp]
INFO: [Timing 38-480] Writing timing data to binary archive.
Wrote PlaceDB: Time (s): cpu = 00:00:00 ; elapsed = 00:00:00.002 . Memory (MB): peak = 2131.977 ; gain = 0.000
Wrote PulsedLatchDB: Time (s): cpu = 00:00:00 ; elapsed = 00:00:00.001 . Memory (MB): peak = 2131.977 ; gain = 0.000
Writing XDEF routing.
Write ShapeDB Complete: Time (s): cpu = 00:00:00 ; elapsed = 00:00:00.048 . Memory (MB): peak = 2131.977 ; gain = 0.000
Writing XDEF routing logical nets.
Writing XDEF routing special nets.
Wrote RouteStorage: Time (s): cpu = 00:00:00 ; elapsed = 00:00:00.038 . Memory (MB): peak = 2131.977 ; gain = 0.000
Wrote PlaceStorage: Time (s): cpu = 00:00:00 ; elapsed = 00:00:00.003 . Memory (MB): peak = 2131.977 ; gain = 0.000
Wrote Netlist Cache: Time (s): cpu = 00:00:00 ; elapsed = 00:00:00 . Memory (MB): peak = 2131.977 ; gain = 0.000
Wrote Device Cache: Time (s): cpu = 00:00:00 ; elapsed = 00:00:00.010 . Memory (MB): peak = 2131.977 ; gain = 0.000
Write Physdb Complete: Time (s): cpu = 00:00:00 ; elapsed = 00:00:00.082 . Memory (MB): peak = 2131.977 ; gain = 0.000
INFO: [Common 17-1381] The checkpoint 'E:/Projects/FPGA-Alittle-Design/build/run/soc/post_synth.dcp' has been generated.
# report_utilization -file [file join $rep_dir soc_utilization_synth.rpt]
# report_clock_utilization -file [file join $rep_dir soc_clock_utilization_synth.rpt]
# opt_design
Command: opt_design
Attempting to get a license for feature 'Vivado_Implementation' and/or device 'xc7z020'
INFO: [Common 17-349] Got license for feature 'Vivado_Implementation' and/or device 'xc7z020'
Running DRC as a precondition to command opt_design

Starting DRC Task
INFO: [DRC 23-27] Running DRC with 2 threads
INFO: [Project 1-461] DRC finished with 0 Errors
INFO: [Project 1-462] Please refer to the DRC report (report_drc) for more information.

Time (s): cpu = 00:00:01 ; elapsed = 00:00:00.863 . Memory (MB): peak = 2131.977 ; gain = 0.000

Starting Cache Timing Information Task
Ending Cache Timing Information Task | Checksum: 1d334a6cd

Time (s): cpu = 00:00:00 ; elapsed = 00:00:00.010 . Memory (MB): peak = 2131.977 ; gain = 0.000

Starting Logic Optimization Task

Phase 1 Initialization

Phase 1.1 Core Generation And Design Setup
Phase 1.1 Core Generation And Design Setup | Checksum: 1d334a6cd

Time (s): cpu = 00:00:00 ; elapsed = 00:00:00.021 . Memory (MB): peak = 2200.953 ; gain = 0.000

Phase 1.2 Setup Constraints And Sort Netlist
Phase 1.2 Setup Constraints And Sort Netlist | Checksum: 1d334a6cd

Time (s): cpu = 00:00:00 ; elapsed = 00:00:00.039 . Memory (MB): peak = 2200.953 ; gain = 0.000
Phase 1 Initialization | Checksum: 1d334a6cd

Time (s): cpu = 00:00:00 ; elapsed = 00:00:00.045 . Memory (MB): peak = 2200.953 ; gain = 0.000

Phase 2 Timer Update And Timing Data Collection

Phase 2.1 Detect if minReqCache needed
Phase 2.1 Detect if minReqCache needed | Checksum: 1d334a6cd

Time (s): cpu = 00:00:00 ; elapsed = 00:00:00.084 . Memory (MB): peak = 2200.992 ; gain = 0.039

Phase 2.2 Timer Update
Phase 2.2 Timer Update | Checksum: 1d334a6cd

Time (s): cpu = 00:00:00 ; elapsed = 00:00:00.419 . Memory (MB): peak = 2200.992 ; gain = 0.039

Phase 2.3 Timing Data Collection
Phase 2.3 Timing Data Collection | Checksum: 1d334a6cd

Time (s): cpu = 00:00:00 ; elapsed = 00:00:00.430 . Memory (MB): peak = 2200.992 ; gain = 0.039
Phase 2 Timer Update And Timing Data Collection | Checksum: 1d334a6cd

Time (s): cpu = 00:00:00 ; elapsed = 00:00:00.435 . Memory (MB): peak = 2200.992 ; gain = 0.039

Phase 3 Retarget
INFO: [Opt 31-1851] Number of loadless carry chains removed were: 0
INFO: [Opt 31-1834] Total Chains To Be Transformed Were: 0 AND Number of Transformed insts Created are: 0
INFO: [Opt 31-1566] Pulled 2 inverters resulting in an inversion of 330 pins
INFO: [Opt 31-138] Pushed 0 inverter(s) to 0 load pin(s).
INFO: [Opt 31-49] Retargeted 0 cell(s).
Phase 3 Retarget | Checksum: abb47f3f

Time (s): cpu = 00:00:00 ; elapsed = 00:00:00.556 . Memory (MB): peak = 2200.992 ; gain = 0.039
Retarget | Checksum: abb47f3f
INFO: [Opt 31-389] Phase Retarget created 0 cells and removed 2 cells
INFO: [Opt 31-1021] In phase Retarget, 1 netlist objects are constrained preventing optimization. Please run opt_design with -debug_log to get more detail. 

Phase 4 Constant propagation
INFO: [Opt 31-138] Pushed 0 inverter(s) to 0 load pin(s).
Phase 4 Constant propagation | Checksum: 10abab39a

Time (s): cpu = 00:00:00 ; elapsed = 00:00:00.601 . Memory (MB): peak = 2200.992 ; gain = 0.039
Constant propagation | Checksum: 10abab39a
INFO: [Opt 31-389] Phase Constant propagation created 0 cells and removed 0 cells

Phase 5 Sweep
INFO: [Constraints 18-11670] Building netlist checker database with flags, 0x8
Done building netlist checker database: Time (s): cpu = 00:00:00 ; elapsed = 00:00:00.006 . Memory (MB): peak = 2200.992 ; gain = 0.000
Phase 5 Sweep | Checksum: 1634a5dd5

Time (s): cpu = 00:00:00 ; elapsed = 00:00:00.684 . Memory (MB): peak = 2200.992 ; gain = 0.039
Sweep | Checksum: 1634a5dd5
INFO: [Opt 31-389] Phase Sweep created 0 cells and removed 0 cells

Phase 6 BUFG optimization
Phase 6 BUFG optimization | Checksum: 1634a5dd5

Time (s): cpu = 00:00:01 ; elapsed = 00:00:00.835 . Memory (MB): peak = 2200.992 ; gain = 0.039
BUFG optimization | Checksum: 1634a5dd5
INFO: [Opt 31-662] Phase BUFG optimization created 0 cells of which 0 are BUFGs and removed 0 cells.

Phase 7 Shift Register Optimization
INFO: [Opt 31-1064] SRL Remap converted 0 SRLs to 0 registers and converted 0 registers of register chains to 0 SRLs
Phase 7 Shift Register Optimization | Checksum: 1634a5dd5

Time (s): cpu = 00:00:01 ; elapsed = 00:00:00.856 . Memory (MB): peak = 2200.992 ; gain = 0.039
Shift Register Optimization | Checksum: 1634a5dd5
INFO: [Opt 31-389] Phase Shift Register Optimization created 0 cells and removed 0 cells

Phase 8 Post Processing Netlist
Phase 8 Post Processing Netlist | Checksum: 1634a5dd5

Time (s): cpu = 00:00:01 ; elapsed = 00:00:00.887 . Memory (MB): peak = 2200.992 ; gain = 0.039
Post Processing Netlist | Checksum: 1634a5dd5
INFO: [Opt 31-389] Phase Post Processing Netlist created 0 cells and removed 0 cells

Phase 9 Finalization

Phase 9.1 Finalizing Design Cores and Updating Shapes
Phase 9.1 Finalizing Design Cores and Updating Shapes | Checksum: 123dd190d

Time (s): cpu = 00:00:01 ; elapsed = 00:00:00.995 . Memory (MB): peak = 2200.992 ; gain = 0.039

Phase 9.2 Verifying Netlist Connectivity

Starting Connectivity Check Task

Time (s): cpu = 00:00:00 ; elapsed = 00:00:00.033 . Memory (MB): peak = 2200.992 ; gain = 0.000
Phase 9.2 Verifying Netlist Connectivity | Checksum: 123dd190d

Time (s): cpu = 00:00:01 ; elapsed = 00:00:01 . Memory (MB): peak = 2200.992 ; gain = 0.039
Phase 9 Finalization | Checksum: 123dd190d

Time (s): cpu = 00:00:01 ; elapsed = 00:00:01 . Memory (MB): peak = 2200.992 ; gain = 0.039
Opt_design Change Summary
=========================


-------------------------------------------------------------------------------------------------------------------------
|  Phase                        |  #Cells created  |  #Cells Removed  |  #Constrained objects preventing optimizations  |
-------------------------------------------------------------------------------------------------------------------------
|  Retarget                     |               0  |               2  |                                              1  |
|  Constant propagation         |               0  |               0  |                                              0  |
|  Sweep                        |               0  |               0  |                                              0  |
|  BUFG optimization            |               0  |               0  |                                              0  |
|  Shift Register Optimization  |               0  |               0  |                                              0  |
|  Post Processing Netlist      |               0  |               0  |                                              0  |
-------------------------------------------------------------------------------------------------------------------------


Ending Logic Optimization Task | Checksum: 123dd190d

Time (s): cpu = 00:00:01 ; elapsed = 00:00:01 . Memory (MB): peak = 2200.992 ; gain = 0.039

Starting Power Optimization Task
INFO: [Pwropt 34-132] Skipping clock gating for clocks with a period < 2.00 ns.
INFO: [Timing 38-35] Done setting XDC timing constraints.
WARNING: [Timing 38-3] User defined clock exists on pin u_mmcm/CLKOUT0 [See E:/Projects/FPGA-Alittle-Design/build/constraints/pynq_z2_soc.xdc:10] and will prevent any subsequent automatic derivation of generated clocks on that pin. If the user defined clock specifies '-add', any existing auto-derived clocks on that pin are retained.
Running Vector-less Activity Propagation...

Finished Running Vector-less Activity Propagation
INFO: [Pwropt 34-9] Applying IDT optimizations ...
INFO: [Pwropt 34-10] Applying ODC optimizations ...


Starting PowerOpt Patch Enables Task
INFO: [Pwropt 34-162] WRITE_MODE attribute of 0 BRAM(s) out of a total of 8 has been updated to save power. Run report_power_opt to get a complete listing of the BRAMs updated.
INFO: [Pwropt 34-201] Structural ODC has moved 0 WE to EN ports
Number of BRAM Ports augmented: 0 newly gated: 8 Total Ports: 16
Number of Flops added for Enable Generation: 1

Ending PowerOpt Patch Enables Task | Checksum: fd74ac43

Time (s): cpu = 00:00:00 ; elapsed = 00:00:00.109 . Memory (MB): peak = 2207.914 ; gain = 0.000
Ending Power Optimization Task | Checksum: fd74ac43

Time (s): cpu = 00:00:11 ; elapsed = 00:00:10 . Memory (MB): peak = 2207.914 ; gain = 6.922

Starting Final Cleanup Task

Starting Logic Optimization Task
INFO: [Timing 38-35] Done setting XDC timing constraints.
WARNING: [Timing 38-3] User defined clock exists on pin u_mmcm/CLKOUT0 [See E:/Projects/FPGA-Alittle-Design/build/constraints/pynq_z2_soc.xdc:10] and will prevent any subsequent automatic derivation of generated clocks on that pin. If the user defined clock specifies '-add', any existing auto-derived clocks on that pin are retained.
Ending Logic Optimization Task | Checksum: f55583aa

Time (s): cpu = 00:00:02 ; elapsed = 00:00:01 . Memory (MB): peak = 2207.914 ; gain = 0.000
Ending Final Cleanup Task | Checksum: f55583aa

Time (s): cpu = 00:00:06 ; elapsed = 00:00:06 . Memory (MB): peak = 2207.914 ; gain = 0.000
Netlist sorting complete. Time (s): cpu = 00:00:00 ; elapsed = 00:00:00.008 . Memory (MB): peak = 2207.914 ; gain = 0.000
INFO: [Common 17-83] Releasing license: Vivado_Implementation
27 Infos, 2 Warnings, 0 Critical Warnings and 0 Errors encountered.
opt_design completed successfully
opt_design: Time (s): cpu = 00:00:23 ; elapsed = 00:00:23 . Memory (MB): peak = 2207.914 ; gain = 75.938
# place_design -directive Explore
Command: place_design -directive Explore
Attempting to get a license for feature 'Vivado_Implementation' and/or device 'xc7z020'
INFO: [Common 17-349] Got license for feature 'Vivado_Implementation' and/or device 'xc7z020'
INFO: [Common 17-83] Releasing license: Vivado_Implementation
INFO: [Timing 38-35] Done setting XDC timing constraints.
WARNING: [Timing 38-3] User defined clock exists on pin u_mmcm/CLKOUT0 [See E:/Projects/FPGA-Alittle-Design/build/constraints/pynq_z2_soc.xdc:10] and will prevent any subsequent automatic derivation of generated clocks on that pin. If the user defined clock specifies '-add', any existing auto-derived clocks on that pin are retained.
INFO: [Vivado_Tcl 4-2302] The placer was invoked with the 'Explore' directive.
Running DRC as a precondition to command place_design
INFO: [DRC 23-27] Running DRC with 2 threads
INFO: [Vivado_Tcl 4-198] DRC finished with 0 Errors, 21 Warnings
INFO: [Vivado_Tcl 4-199] Please refer to the DRC report (report_drc) for more information.
INFO: [Place 30-611] Multithreading enabled for place_design using a maximum of 2 CPUs

Starting Placer Task

Phase 1 Placer Initialization

Phase 1.1 Placer Initialization Netlist Sorting
Netlist sorting complete. Time (s): cpu = 00:00:00 ; elapsed = 00:00:00.005 . Memory (MB): peak = 2207.914 ; gain = 0.000
Phase 1.1 Placer Initialization Netlist Sorting | Checksum: 96acf33d

Time (s): cpu = 00:00:00 ; elapsed = 00:00:00.017 . Memory (MB): peak = 2207.914 ; gain = 0.000
Netlist sorting complete. Time (s): cpu = 00:00:00 ; elapsed = 00:00:00.005 . Memory (MB): peak = 2207.914 ; gain = 0.000

Phase 1.2 IO Placement/ Clock Placement/ Build Placer Device
Phase 1.2 IO Placement/ Clock Placement/ Build Placer Device | Checksum: 8f17c678

Time (s): cpu = 00:00:01 ; elapsed = 00:00:00.983 . Memory (MB): peak = 2207.914 ; gain = 0.000

Phase 1.3 Build Placer Netlist Model
Phase 1.3 Build Placer Netlist Model | Checksum: b5f50f87

Time (s): cpu = 00:00:07 ; elapsed = 00:00:06 . Memory (MB): peak = 2207.914 ; gain = 0.000

Phase 1.4 Constrain Clocks/Macros
Phase 1.4 Constrain Clocks/Macros | Checksum: b5f50f87

Time (s): cpu = 00:00:07 ; elapsed = 00:00:06 . Memory (MB): peak = 2207.914 ; gain = 0.000
Phase 1 Placer Initialization | Checksum: b5f50f87

Time (s): cpu = 00:00:07 ; elapsed = 00:00:06 . Memory (MB): peak = 2207.914 ; gain = 0.000

Phase 2 Global Placement

Phase 2.1 Floorplanning
Phase 2.1 Floorplanning | Checksum: d484374f

Time (s): cpu = 00:00:08 ; elapsed = 00:00:07 . Memory (MB): peak = 2207.914 ; gain = 0.000

Phase 2.2 Update Timing before SLR Path Opt
Phase 2.2 Update Timing before SLR Path Opt | Checksum: 1509e06f6

Time (s): cpu = 00:00:10 ; elapsed = 00:00:08 . Memory (MB): peak = 2207.914 ; gain = 0.000

Phase 2.3 Post-Processing in Floorplanning
Phase 2.3 Post-Processing in Floorplanning | Checksum: 1509e06f6

Time (s): cpu = 00:00:10 ; elapsed = 00:00:08 . Memory (MB): peak = 2207.914 ; gain = 0.000

Phase 2.4 Global Place Phase1
Phase 2.4 Global Place Phase1 | Checksum: 124e7231a

Time (s): cpu = 00:00:20 ; elapsed = 00:00:15 . Memory (MB): peak = 2207.914 ; gain = 0.000

Phase 2.5 Global Place Phase2

Phase 2.5.1 UpdateTiming Before Physical Synthesis
Phase 2.5.1 UpdateTiming Before Physical Synthesis | Checksum: ac3f5bbf

Time (s): cpu = 00:00:22 ; elapsed = 00:00:16 . Memory (MB): peak = 2207.914 ; gain = 0.000

Phase 2.5.2 Physical Synthesis In Placer
INFO: [Physopt 32-1035] Found 0 LUTNM shape to break, 292 LUT instances to create LUTNM shape
INFO: [Physopt 32-1044] Break lutnm for timing: one critical 0, two critical 0, total 0, new lutff created 0
INFO: [Physopt 32-1138] End 1 Pass. Optimized 124 nets or LUTs. Breaked 0 LUT, combined 124 existing LUTs and moved 0 existing LUT
INFO: [Physopt 32-65] No nets found for high-fanout optimization.
INFO: [Physopt 32-232] Optimized 0 net. Created 0 new instance.
INFO: [Physopt 32-775] End 1 Pass. Optimized 0 net or cell. Created 0 new cell, deleted 0 existing cell and moved 0 existing cell
INFO: [Physopt 32-456] No candidate cells for DSP register optimization found in the design.
INFO: [Physopt 32-775] End 2 Pass. Optimized 0 net or cell. Created 0 new cell, deleted 0 existing cell and moved 0 existing cell
INFO: [Physopt 32-1123] No candidate cells found for Shift Register to Pipeline optimization
INFO: [Physopt 32-775] End 2 Pass. Optimized 0 net or cell. Created 0 new cell, deleted 0 existing cell and moved 0 existing cell
INFO: [Physopt 32-1401] No candidate cells found for Shift Register optimization.
INFO: [Physopt 32-677] No candidate cells for Shift Register optimization found in the design
INFO: [Physopt 32-775] End 1 Pass. Optimized 0 net or cell. Created 0 new cell, deleted 0 existing cell and moved 0 existing cell
INFO: [Physopt 32-526] No candidate cells for BRAM register optimization found in the design
INFO: [Physopt 32-775] End 1 Pass. Optimized 0 net or cell. Created 0 new cell, deleted 0 existing cell and moved 0 existing cell
INFO: [Physopt 32-846] No candidate cells for URAM register optimization found in the design
INFO: [Physopt 32-775] End 1 Pass. Optimized 0 net or cell. Created 0 new cell, deleted 0 existing cell and moved 0 existing cell
INFO: [Physopt 32-846] No candidate cells for URAM register optimization found in the design
INFO: [Physopt 32-775] End 1 Pass. Optimized 0 net or cell. Created 0 new cell, deleted 0 existing cell and moved 0 existing cell
INFO: [Physopt 32-949] No candidate nets found for dynamic/static region interface net replication
INFO: [Physopt 32-775] End 1 Pass. Optimized 0 net or cell. Created 0 new cell, deleted 0 existing cell and moved 0 existing cell
Netlist sorting complete. Time (s): cpu = 00:00:00 ; elapsed = 00:00:00.009 . Memory (MB): peak = 2207.914 ; gain = 0.000

Summary of Physical Synthesis Optimizations
============================================


-----------------------------------------------------------------------------------------------------------------------------------------------------------
|  Optimization                                     |  Added Cells  |  Removed Cells  |  Optimized Cells/Nets  |  Dont Touch  |  Iterations  |  Elapsed   |
-----------------------------------------------------------------------------------------------------------------------------------------------------------
|  LUT Combining                                    |            0  |            124  |                   124  |           0  |           1  |  00:00:03  |
|  Retime                                           |            0  |              0  |                     0  |           0  |           1  |  00:00:00  |
|  Very High Fanout                                 |            0  |              0  |                     0  |           0  |           1  |  00:00:00  |
|  DSP Register                                     |            0  |              0  |                     0  |           0  |           1  |  00:00:00  |
|  Shift Register to Pipeline                       |            0  |              0  |                     0  |           0  |           1  |  00:00:00  |
|  Shift Register                                   |            0  |              0  |                     0  |           0  |           1  |  00:00:00  |
|  BRAM Register                                    |            0  |              0  |                     0  |           0  |           1  |  00:00:00  |
|  URAM Register                                    |            0  |              0  |                     0  |           0  |           1  |  00:00:00  |
|  Dynamic/Static Region Interface Net Replication  |            0  |              0  |                     0  |           0  |           1  |  00:00:00  |
|  Total                                            |            0  |            124  |                   124  |           0  |           9  |  00:00:03  |
-----------------------------------------------------------------------------------------------------------------------------------------------------------


Phase 2.5.2 Physical Synthesis In Placer | Checksum: 13b4fb704

Time (s): cpu = 00:00:26 ; elapsed = 00:00:20 . Memory (MB): peak = 2207.914 ; gain = 0.000
Phase 2.5 Global Place Phase2 | Checksum: 12e076e07

Time (s): cpu = 00:00:27 ; elapsed = 00:00:21 . Memory (MB): peak = 2207.914 ; gain = 0.000
Phase 2 Global Placement | Checksum: 12e076e07

Time (s): cpu = 00:00:27 ; elapsed = 00:00:21 . Memory (MB): peak = 2207.914 ; gain = 0.000

Phase 3 Detail Placement

Phase 3.1 Commit Multi Column Macros
Phase 3.1 Commit Multi Column Macros | Checksum: 1387ac72d

Time (s): cpu = 00:00:29 ; elapsed = 00:00:22 . Memory (MB): peak = 2207.914 ; gain = 0.000

Phase 3.2 Commit Most Macros & LUTRAMs
Phase 3.2 Commit Most Macros & LUTRAMs | Checksum: 22d3d848d

Time (s): cpu = 00:00:35 ; elapsed = 00:00:27 . Memory (MB): peak = 2207.914 ; gain = 0.000

Phase 3.3 Area Swap Optimization
Phase 3.3 Area Swap Optimization | Checksum: 2a5d866ab

Time (s): cpu = 00:00:35 ; elapsed = 00:00:27 . Memory (MB): peak = 2207.914 ; gain = 0.000

Phase 3.4 Pipeline Register Optimization
Phase 3.4 Pipeline Register Optimization | Checksum: 298e1c112

Time (s): cpu = 00:00:35 ; elapsed = 00:00:27 . Memory (MB): peak = 2207.914 ; gain = 0.000

Phase 3.5 Fast Optimization
Phase 3.5 Fast Optimization | Checksum: 23c183c8c

Time (s): cpu = 00:00:39 ; elapsed = 00:00:30 . Memory (MB): peak = 2207.914 ; gain = 0.000

Phase 3.6 Small Shape Detail Placement
Phase 3.6 Small Shape Detail Placement | Checksum: 2472d05d7

Time (s): cpu = 00:00:41 ; elapsed = 00:00:31 . Memory (MB): peak = 2207.914 ; gain = 0.000

Phase 3.7 Re-assign LUT pins
Phase 3.7 Re-assign LUT pins | Checksum: 186e0f689

Time (s): cpu = 00:00:41 ; elapsed = 00:00:31 . Memory (MB): peak = 2207.914 ; gain = 0.000

Phase 3.8 Pipeline Register Optimization
Phase 3.8 Pipeline Register Optimization | Checksum: 179e85060

Time (s): cpu = 00:00:41 ; elapsed = 00:00:31 . Memory (MB): peak = 2207.914 ; gain = 0.000
Phase 3 Detail Placement | Checksum: 179e85060

Time (s): cpu = 00:00:41 ; elapsed = 00:00:31 . Memory (MB): peak = 2207.914 ; gain = 0.000

Phase 4 Post Placement Optimization and Clean-Up

Phase 4.1 Post Commit Optimization
INFO: [Timing 38-35] Done setting XDC timing constraints.
WARNING: [Timing 38-3] User defined clock exists on pin u_mmcm/CLKOUT0 [See E:/Projects/FPGA-Alittle-Design/build/constraints/pynq_z2_soc.xdc:10] and will prevent any subsequent automatic derivation of generated clocks on that pin. If the user defined clock specifies '-add', any existing auto-derived clocks on that pin are retained.

Phase 4.1.1 Post Placement Optimization
Post Placement Optimization Initialization | Checksum: 1b0e2a505

Phase 4.1.1.1 BUFG Insertion

Starting Physical Synthesis Task

Phase 1 Physical Synthesis Initialization
INFO: [Physopt 32-721] Multithreading enabled for phys_opt_design using a maximum of 2 CPUs
INFO: [Physopt 32-619] Estimated Timing Summary | WNS=0.197 | TNS=0.000 |
Phase 1 Physical Synthesis Initialization | Checksum: 1e121fb55

Time (s): cpu = 00:00:00 ; elapsed = 00:00:00.333 . Memory (MB): peak = 2207.914 ; gain = 0.000
INFO: [Place 46-56] BUFG insertion identified 0 candidate nets. Inserted BUFG: 0, Replicated BUFG Driver: 0, Skipped due to Placement/Routing Conflicts: 0, Skipped due to Timing Degradation: 0, Skipped due to netlist editing failed: 0.
Ending Physical Synthesis Task | Checksum: 12af4571d

Time (s): cpu = 00:00:00 ; elapsed = 00:00:00.361 . Memory (MB): peak = 2207.914 ; gain = 0.000
Phase 4.1.1.1 BUFG Insertion | Checksum: 1b0e2a505

Time (s): cpu = 00:00:46 ; elapsed = 00:00:35 . Memory (MB): peak = 2207.914 ; gain = 0.000

Phase 4.1.1.2 Post Placement Timing Optimization
INFO: [Place 30-746] Post Placement Timing Summary WNS=0.529. For the most accurate timing information please run report_timing.
Phase 4.1.1.2 Post Placement Timing Optimization | Checksum: 1f9f848a8

Time (s): cpu = 00:00:55 ; elapsed = 00:00:45 . Memory (MB): peak = 2207.914 ; gain = 0.000

Time (s): cpu = 00:00:55 ; elapsed = 00:00:45 . Memory (MB): peak = 2207.914 ; gain = 0.000
Phase 4.1 Post Commit Optimization | Checksum: 1f9f848a8

Time (s): cpu = 00:00:55 ; elapsed = 00:00:45 . Memory (MB): peak = 2207.914 ; gain = 0.000

Phase 4.2 Post Placement Cleanup
Phase 4.2 Post Placement Cleanup | Checksum: 1f9f848a8

Time (s): cpu = 00:00:56 ; elapsed = 00:00:45 . Memory (MB): peak = 2207.914 ; gain = 0.000

Phase 4.3 Placer Reporting

Phase 4.3.1 Print Estimated Congestion
INFO: [Place 30-612] Post-Placement Estimated Congestion 
 ____________________________________________________
|           | Global Congestion | Short Congestion  |
| Direction | Region Size       | Region Size       |
|___________|___________________|___________________|
|      North|                1x1|                2x2|
|___________|___________________|___________________|
|      South|                1x1|                2x2|
|___________|___________________|___________________|
|       East|                1x1|                1x1|
|___________|___________________|___________________|
|       West|                1x1|                1x1|
|___________|___________________|___________________|

Phase 4.3.1 Print Estimated Congestion | Checksum: 1f9f848a8

Time (s): cpu = 00:00:56 ; elapsed = 00:00:45 . Memory (MB): peak = 2207.914 ; gain = 0.000
Phase 4.3 Placer Reporting | Checksum: 1f9f848a8

Time (s): cpu = 00:00:56 ; elapsed = 00:00:45 . Memory (MB): peak = 2207.914 ; gain = 0.000

Phase 4.4 Final Placement Cleanup
Netlist sorting complete. Time (s): cpu = 00:00:00 ; elapsed = 00:00:00.005 . Memory (MB): peak = 2207.914 ; gain = 0.000

Time (s): cpu = 00:00:56 ; elapsed = 00:00:45 . Memory (MB): peak = 2207.914 ; gain = 0.000
Phase 4 Post Placement Optimization and Clean-Up | Checksum: 1d5035ad9

Time (s): cpu = 00:00:56 ; elapsed = 00:00:45 . Memory (MB): peak = 2207.914 ; gain = 0.000
Ending Placer Task | Checksum: d73c975c

Time (s): cpu = 00:00:56 ; elapsed = 00:00:45 . Memory (MB): peak = 2207.914 ; gain = 0.000
35 Infos, 2 Warnings, 0 Critical Warnings and 0 Errors encountered.
place_design completed successfully
place_design: Time (s): cpu = 00:00:58 ; elapsed = 00:00:47 . Memory (MB): peak = 2207.914 ; gain = 0.000
# phys_opt_design -directive Explore
Command: phys_opt_design -directive Explore
Attempting to get a license for feature 'Vivado_Implementation' and/or device 'xc7z020'
INFO: [Common 17-349] Got license for feature 'Vivado_Implementation' and/or device 'xc7z020'
INFO: [Vivado_Tcl 4-137] Directive used for phys_opt_design is: Explore

Starting Initial Update Timing Task

Time (s): cpu = 00:00:04 ; elapsed = 00:00:03 . Memory (MB): peak = 2207.914 ; gain = 0.000
INFO: [Vivado_Tcl 4-2279] Estimated Timing Summary | WNS= 0.529 | TNS= 0.000 | 
INFO: [Vivado_Tcl 4-383] Design worst setup slack (WNS) is greater than or equal to 0.000 ns. All physical synthesis setup optimizations will be skipped.
INFO: [Vivado_Tcl 4-232] No setup violation found. The netlist was not modified.
INFO: [Common 17-83] Releasing license: Vivado_Implementation
6 Infos, 0 Warnings, 0 Critical Warnings and 0 Errors encountered.
phys_opt_design completed successfully
# route_design -directive Explore
Command: route_design -directive Explore
Attempting to get a license for feature 'Vivado_Implementation' and/or device 'xc7z020'
INFO: [Common 17-349] Got license for feature 'Vivado_Implementation' and/or device 'xc7z020'


Starting Routing Task
INFO: [Route 35-270] Using Router directive 'Explore'.
INFO: [Route 35-254] Multithreading enabled for route_design using a maximum of 2 CPUs

Phase 1 Build RT Design
Checksum: PlaceDB: 485585a8 ConstDB: 0 ShapeSum: 78ed9ec4 RouteDB: 15f972f0
Post Restoration Checksum: NetGraph: 29e99e21 | NumContArr: 66498eba | Constraints: c2a8fa9d | Timing: c2a8fa9d
Phase 1 Build RT Design | Checksum: 215852215

Time (s): cpu = 00:00:27 ; elapsed = 00:00:24 . Memory (MB): peak = 2207.914 ; gain = 0.000

Phase 2 Router Initialization

Phase 2.1 Fix Topology Constraints
Phase 2.1 Fix Topology Constraints | Checksum: 215852215

Time (s): cpu = 00:00:27 ; elapsed = 00:00:24 . Memory (MB): peak = 2207.914 ; gain = 0.000

Phase 2.2 Pre Route Cleanup
Phase 2.2 Pre Route Cleanup | Checksum: 215852215

Time (s): cpu = 00:00:27 ; elapsed = 00:00:24 . Memory (MB): peak = 2207.914 ; gain = 0.000
 Number of Nodes with overlaps = 0

Phase 2.3 Update Timing
Phase 2.3 Update Timing | Checksum: 307163767

Time (s): cpu = 00:00:33 ; elapsed = 00:00:28 . Memory (MB): peak = 2207.914 ; gain = 0.000
INFO: [Route 35-416] Intermediate Timing Summary | WNS=0.949  | TNS=0.000  | WHS=-0.101 | THS=-6.230 |


Phase 2.4 Soft Constraint Pins - Fast Budgeting
Phase 2.4 Soft Constraint Pins - Fast Budgeting | Checksum: 2521ef674

Time (s): cpu = 00:00:35 ; elapsed = 00:00:29 . Memory (MB): peak = 2207.914 ; gain = 0.000

Router Utilization Summary
  Global Vertical Routing Utilization    = 0 %
  Global Horizontal Routing Utilization  = 0 %
  Routable Net Status*
  *Does not include unroutable nets such as driverless and loadless.
  Run report_route_status for detailed report.
  Number of Failed Nets               = 3670
    (Failed Nets is the sum of unrouted and partially routed nets)
  Number of Unrouted Nets             = 3670
  Number of Partially Routed Nets     = 0
  Number of Node Overlaps             = 0

Phase 2 Router Initialization | Checksum: 2e78532b2

Time (s): cpu = 00:00:36 ; elapsed = 00:00:30 . Memory (MB): peak = 2207.914 ; gain = 0.000

Phase 3 Global Routing
Phase 3 Global Routing | Checksum: 2e78532b2

Time (s): cpu = 00:00:36 ; elapsed = 00:00:30 . Memory (MB): peak = 2207.914 ; gain = 0.000

Phase 4 Initial Routing

Phase 4.1 Initial Net Routing Pass
Phase 4.1 Initial Net Routing Pass | Checksum: 140cd0fa0

Time (s): cpu = 00:00:41 ; elapsed = 00:00:33 . Memory (MB): peak = 2207.914 ; gain = 0.000
Phase 4 Initial Routing | Checksum: 140cd0fa0

Time (s): cpu = 00:00:41 ; elapsed = 00:00:33 . Memory (MB): peak = 2207.914 ; gain = 0.000

Phase 5 Rip-up And Reroute

Phase 5.1 Global Iteration 0
 Number of Nodes with overlaps = 2290
 Number of Nodes with overlaps = 794
 Number of Nodes with overlaps = 385
 Number of Nodes with overlaps = 216
 Number of Nodes with overlaps = 132
 Number of Nodes with overlaps = 63
 Number of Nodes with overlaps = 51
 Number of Nodes with overlaps = 21
 Number of Nodes with overlaps = 17
 Number of Nodes with overlaps = 9
 Number of Nodes with overlaps = 5
 Number of Nodes with overlaps = 4
 Number of Nodes with overlaps = 0
INFO: [Route 35-416] Intermediate Timing Summary | WNS=-0.171 | TNS=-0.863 | WHS=N/A    | THS=N/A    |

Phase 5.1 Global Iteration 0 | Checksum: 23f843bc4

Time (s): cpu = 00:01:21 ; elapsed = 00:01:01 . Memory (MB): peak = 2207.914 ; gain = 0.000

Phase 5.2 Global Iteration 1
 Number of Nodes with overlaps = 326
 Number of Nodes with overlaps = 173
 Number of Nodes with overlaps = 119
 Number of Nodes with overlaps = 68
 Number of Nodes with overlaps = 47
 Number of Nodes with overlaps = 29
 Number of Nodes with overlaps = 15
 Number of Nodes with overlaps = 13
 Number of Nodes with overlaps = 9
 Number of Nodes with overlaps = 4
 Number of Nodes with overlaps = 1
 Number of Nodes with overlaps = 0
INFO: [Route 35-416] Intermediate Timing Summary | WNS=1.063  | TNS=0.000  | WHS=N/A    | THS=N/A    |

Phase 5.2 Global Iteration 1 | Checksum: 26ad6f94b

Time (s): cpu = 00:01:35 ; elapsed = 00:01:11 . Memory (MB): peak = 2207.914 ; gain = 0.000
Phase 5 Rip-up And Reroute | Checksum: 26ad6f94b

Time (s): cpu = 00:01:35 ; elapsed = 00:01:11 . Memory (MB): peak = 2207.914 ; gain = 0.000

Phase 6 Delay and Skew Optimization

Phase 6.1 Delay CleanUp
Phase 6.1 Delay CleanUp | Checksum: 26ad6f94b

Time (s): cpu = 00:01:35 ; elapsed = 00:01:11 . Memory (MB): peak = 2207.914 ; gain = 0.000

Phase 6.2 Clock Skew Optimization
Phase 6.2 Clock Skew Optimization | Checksum: 26ad6f94b

Time (s): cpu = 00:01:35 ; elapsed = 00:01:11 . Memory (MB): peak = 2207.914 ; gain = 0.000
Phase 6 Delay and Skew Optimization | Checksum: 26ad6f94b

Time (s): cpu = 00:01:35 ; elapsed = 00:01:11 . Memory (MB): peak = 2207.914 ; gain = 0.000

Phase 7 Post Hold Fix

Phase 7.1 Hold Fix Iter
INFO: [Route 35-416] Intermediate Timing Summary | WNS=1.178  | TNS=0.000  | WHS=0.056  | THS=0.000  |

Phase 7.1 Hold Fix Iter | Checksum: 30ce8633e

Time (s): cpu = 00:01:36 ; elapsed = 00:01:12 . Memory (MB): peak = 2207.914 ; gain = 0.000
Phase 7 Post Hold Fix | Checksum: 30ce8633e

Time (s): cpu = 00:01:36 ; elapsed = 00:01:12 . Memory (MB): peak = 2207.914 ; gain = 0.000

Phase 8 Route finalize

Router Utilization Summary
  Global Vertical Routing Utilization    = 6.54903 %
  Global Horizontal Routing Utilization  = 5.51876 %
  Routable Net Status*
  *Does not include unroutable nets such as driverless and loadless.
  Run report_route_status for detailed report.
  Number of Failed Nets               = 0
    (Failed Nets is the sum of unrouted and partially routed nets)
  Number of Unrouted Nets             = 0
  Number of Partially Routed Nets     = 0
  Number of Node Overlaps             = 0

Phase 8 Route finalize | Checksum: 30ce8633e

Time (s): cpu = 00:01:36 ; elapsed = 00:01:12 . Memory (MB): peak = 2207.914 ; gain = 0.000

Phase 9 Verifying routed nets

 Verification completed successfully
Phase 9 Verifying routed nets | Checksum: 30ce8633e

Time (s): cpu = 00:01:36 ; elapsed = 00:01:12 . Memory (MB): peak = 2207.914 ; gain = 0.000

Phase 10 Depositing Routes
Phase 10 Depositing Routes | Checksum: 28f508854

Time (s): cpu = 00:01:37 ; elapsed = 00:01:13 . Memory (MB): peak = 2207.914 ; gain = 0.000

Phase 11 Post Process Routing
Phase 11 Post Process Routing | Checksum: 28f508854

Time (s): cpu = 00:01:37 ; elapsed = 00:01:13 . Memory (MB): peak = 2207.914 ; gain = 0.000

Phase 12 Post Router Timing
INFO: [Route 35-20] Post Routing Timing Summary | WNS=1.153  | TNS=0.000  | WHS=0.056  | THS=0.000  |

Phase 12 Post Router Timing | Checksum: 1d93c93e7

Time (s): cpu = 00:01:44 ; elapsed = 00:01:17 . Memory (MB): peak = 2207.914 ; gain = 0.000
INFO: [Route 35-61] The design met the setup and hold requirement.
Total Elapsed time in route_design: 77.142 secs

Phase 13 Post-Route Event Processing
Phase 13 Post-Route Event Processing | Checksum: 19909ffc2

Time (s): cpu = 00:01:44 ; elapsed = 00:01:17 . Memory (MB): peak = 2207.914 ; gain = 0.000
INFO: [Route 35-16] Router Completed Successfully
Ending Routing Task | Checksum: 19909ffc2

Time (s): cpu = 00:01:44 ; elapsed = 00:01:17 . Memory (MB): peak = 2207.914 ; gain = 0.000

Routing Is Done.
INFO: [Common 17-83] Releasing license: Vivado_Implementation
11 Infos, 0 Warnings, 0 Critical Warnings and 0 Errors encountered.
route_design completed successfully
route_design: Time (s): cpu = 00:01:44 ; elapsed = 00:01:17 . Memory (MB): peak = 2207.914 ; gain = 0.000
# phys_opt_design -directive Explore
Command: phys_opt_design -directive Explore
Attempting to get a license for feature 'Vivado_Implementation' and/or device 'xc7z020'
INFO: [Common 17-349] Got license for feature 'Vivado_Implementation' and/or device 'xc7z020'
INFO: [Vivado_Tcl 4-241] Physical synthesis in post route mode 
INFO: [Vivado_Tcl 4-137] Directive used for phys_opt_design is: Explore

Starting Initial Update Timing Task

Time (s): cpu = 00:00:04 ; elapsed = 00:00:03 . Memory (MB): peak = 2207.914 ; gain = 0.000
INFO: [Vivado_Tcl 4-2279] Estimated Timing Summary | WNS= 1.153 | TNS= 0.000 | 
INFO: [Vivado_Tcl 4-383] Design worst setup slack (WNS) is greater than or equal to 0.000 ns. All physical synthesis setup optimizations will be skipped.
INFO: [Vivado_Tcl 4-232] No setup violation found. The netlist was not modified.
INFO: [Common 17-83] Releasing license: Vivado_Implementation
7 Infos, 0 Warnings, 0 Critical Warnings and 0 Errors encountered.
phys_opt_design completed successfully
# write_checkpoint -force [file join $run_dir post_route.dcp]
INFO: [Timing 38-480] Writing timing data to binary archive.
Wrote PlaceDB: Time (s): cpu = 00:00:00 ; elapsed = 00:00:00 . Memory (MB): peak = 2207.914 ; gain = 0.000
Wrote PulsedLatchDB: Time (s): cpu = 00:00:00 ; elapsed = 00:00:00 . Memory (MB): peak = 2207.914 ; gain = 0.000
Writing XDEF routing.
Writing XDEF routing logical nets.
Write ShapeDB Complete: Time (s): cpu = 00:00:00 ; elapsed = 00:00:00.034 . Memory (MB): peak = 2207.914 ; gain = 0.000
Writing XDEF routing special nets.
Wrote RouteStorage: Time (s): cpu = 00:00:01 ; elapsed = 00:00:00.098 . Memory (MB): peak = 2207.914 ; gain = 0.000
Wrote PlaceStorage: Time (s): cpu = 00:00:00 ; elapsed = 00:00:00.211 . Memory (MB): peak = 2207.914 ; gain = 0.000
Wrote Netlist Cache: Time (s): cpu = 00:00:00 ; elapsed = 00:00:00.009 . Memory (MB): peak = 2207.914 ; gain = 0.000
Wrote Device Cache: Time (s): cpu = 00:00:00 ; elapsed = 00:00:00.004 . Memory (MB): peak = 2207.914 ; gain = 0.000
Write Physdb Complete: Time (s): cpu = 00:00:01 ; elapsed = 00:00:00.338 . Memory (MB): peak = 2207.914 ; gain = 0.000
INFO: [Common 17-1381] The checkpoint 'E:/Projects/FPGA-Alittle-Design/build/run/soc/post_route.dcp' has been generated.
# report_utilization -file [file join $rep_dir soc_utilization_impl.rpt]
# report_clock_utilization -file [file join $rep_dir soc_clock_utilization_impl.rpt]
# report_timing_summary -delay_type min_max -report_unconstrained \
#     -check_timing_verbose -file [file join $rep_dir soc_timing_impl.rpt]
INFO: [Timing 38-91] UpdateTimingParams: Speed grade: -1, Delay Type: min_max.
INFO: [Timing 38-191] Multithreading enabled for timing update using a maximum of 2 CPUs
# report_timing -delay_type max -max_paths 10 -sort_by group \
#     -file [file join $rep_dir soc_timing_worst_paths.rpt]
INFO: [Timing 38-91] UpdateTimingParams: Speed grade: -1, Delay Type: max.
INFO: [Timing 38-191] Multithreading enabled for timing update using a maximum of 2 CPUs
INFO: [Timing 38-78] ReportTimingParams: -max_paths 10 -nworst 1 -delay_type max -sort_by group.
# report_drc -file [file join $rep_dir soc_drc_impl.rpt]
Command: report_drc -file E:/Projects/FPGA-Alittle-Design/build/reports/soc_drc_impl.rpt
INFO: [IP_Flow 19-234] Refreshing IP repositories
INFO: [IP_Flow 19-1704] No user IP repositories specified
INFO: [IP_Flow 19-2313] Loaded Vivado IP repository 'D:/Vivado_downloads/2026.1/Vivado/data/ip'.
INFO: [DRC 23-27] Running DRC with 2 threads
INFO: [Vivado_Tcl 2-168] The results of DRC are in file E:/Projects/FPGA-Alittle-Design/build/reports/soc_drc_impl.rpt.
report_drc completed successfully
# set checks {no_clock constant_clock unconstrained_internal_endpoints generated_clocks}
# set check_result [check_timing -override_defaults $checks -verbose -return_string]
# set check_file [open [file join $rep_dir soc_check_timing.rpt] w]
# puts $check_file $check_result
# close $check_file
# foreach check $checks {
#     set pattern [format {checking %s \(0\)} $check]
#     if {![regexp $pattern $check_result]} {
#         error "Timing check failed: $check"
#     }
# }
# set worst_path [get_timing_paths -delay_type max -max_paths 1]
# if {[llength $worst_path] == 0} {error "No setup timing path found"}
# set wns [get_property SLACK [lindex $worst_path 0]]
# if {![string is double -strict $wns] || $wns < 0} {error "Setup timing failed: WNS=$wns ns"}
# set bad_drc [get_drc_violations -quiet \
#     -filter {SEVERITY == Error || SEVERITY == "Critical Warning"}]
# if {[llength $bad_drc] != 0} {error "DRC errors or critical warnings: $bad_drc"}
# set bitstream [file join $run_dir pynq_z2_soc.bit]
# write_bitstream -force $bitstream
Command: write_bitstream -force E:/Projects/FPGA-Alittle-Design/build/run/soc/pynq_z2_soc.bit
Attempting to get a license for feature 'Vivado_Implementation' and/or device 'xc7z020'
INFO: [Common 17-349] Got license for feature 'Vivado_Implementation' and/or device 'xc7z020'
Running DRC as a precondition to command write_bitstream
INFO: [IP_Flow 19-1839] IP Catalog is up to date.
INFO: [DRC 23-27] Running DRC with 2 threads
INFO: [Vivado 12-3199] DRC finished with 0 Errors
INFO: [Vivado 12-3200] Please refer to the DRC report (report_drc) for more information.
Integrating Hard IP ELF/MEM with the PDI.
INFO: [Designutils 20-2272] Running write_bitstream with 2 threads.
Initializing bitstream generation complete. Time (s): cpu = 00:00:01 ; elapsed = 00:00:01 . Memory (MB): peak = 2207.914 ; gain = 0.000
Loading data files...
Loading site data...
Loading route data...
Processing options...
Creating bitmap...
Creating bitstream...
Writing bitstream E:/Projects/FPGA-Alittle-Design/build/run/soc/pynq_z2_soc.bit...
Generate Bitstream complete. Time (s): cpu = 00:00:12 ; elapsed = 00:00:10 . Memory (MB): peak = 2311.238 ; gain = 103.324
INFO: [Vivado 12-1842] Bitgen Completed Successfully.
INFO: [Common 17-83] Releasing license: Vivado_Implementation
8 Infos, 0 Warnings, 0 Critical Warnings and 0 Errors encountered.
write_bitstream completed successfully
write_bitstream: Time (s): cpu = 00:00:16 ; elapsed = 00:00:21 . Memory (MB): peak = 2311.238 ; gain = 103.324
# if {![file isfile $bitstream] || [file size $bitstream] == 0} {
#     error "Bitstream missing or empty: $bitstream"
# }
# set version_file [open [file join $rep_dir soc_vivado_version.txt] w]
# puts $version_file [version -short]
# close $version_file
# puts "BUILD PASSED: $top @ $part, core clock 40 MHz, WNS=$wns ns"
BUILD PASSED: pynq_z2_top @ xc7z020clg400-1, core clock 40 MHz, WNS=1.153 ns
# puts "BITSTREAM: $bitstream"
BITSTREAM: E:/Projects/FPGA-Alittle-Design/build/run/soc/pynq_z2_soc.bit
INFO: [Common 17-206] Exiting Vivado at Mon Sep 28 14:01:22 2026...
