Copyright 1986-2022 Xilinx, Inc. All Rights Reserved. Copyright 2022-2026 Advanced Micro Devices, Inc. All Rights Reserved.
---------------------------------------------------------------------------------------------------------------------------------------------
| Tool Version : Vivado v.2026.1 (win64) Build 6511674 Tue Jun 16 11:02:23 MDT 2026
| Date         : Wed Oct  7 02:31:33 2026
| Host         : never-die-cold running 64-bit major release  (build 9200)
| Command      : report_cdc -details -file data/logs/2026-10-07-hdmi-diagnostic/hdmi/cdc.rpt
| Design       : vision_wrapper
| Device       : 7z020-clg400
| Speed File   : -1  PRODUCTION 1.12 2019-11-22
| Design State : Routed
---------------------------------------------------------------------------------------------------------------------------------------------

CDC Report

ID      Severity  Count  Description
------  --------  -----  -------------------------------------------------------
CDC-3   Info         17  1-bit synchronized with ASYNC_REG property
CDC-7   Critical      3  Asynchronous reset unknown CDC circuitry
CDC-9   Info          2  Asynchronous reset synchronized with ASYNC_REG property
CDC-11  Critical      2  Fan-out from launch flop to destination clock
CDC-15  Warning     181  Clock enable controlled CDC structure detected

Source Clock: clk_fpga_0
Destination Clock: PixelClk_int
CDC Type: No Common Primary Clock

Row  ID      Severity  Description                                     Depth  Exception                Source (From)                                                         Destination (To)
---  ------  --------  ----------------------------------------------  -----  -----------------------  --------------------------------------------------------------------  -------------------------------------------------------------------
  1  CDC-15  Warning   Clock enable controlled CDC structure detected      0  Max Delay Datapath Only  vision_i/pipe/inst/u_pipeline/u_vision/u_config/hold_data_reg[0]/C    vision_i/pipe/inst/u_pipeline/u_vision/u_config/dst_data_reg[0]/D
  2  CDC-15  Warning   Clock enable controlled CDC structure detected      0  Max Delay Datapath Only  vision_i/pipe/inst/u_pipeline/u_vision/u_config/hold_data_reg[1]/C    vision_i/pipe/inst/u_pipeline/u_vision/u_config/dst_data_reg[1]/D
  3  CDC-15  Warning   Clock enable controlled CDC structure detected      0  Max Delay Datapath Only  vision_i/pipe/inst/u_pipeline/u_vision/u_config/hold_data_reg[2]/C    vision_i/pipe/inst/u_pipeline/u_vision/u_config/dst_data_reg[2]/D
  4  CDC-15  Warning   Clock enable controlled CDC structure detected      0  Max Delay Datapath Only  vision_i/pipe/inst/u_pipeline/u_vision/u_config/hold_data_reg[3]/C    vision_i/pipe/inst/u_pipeline/u_vision/u_config/dst_data_reg[3]/D
  5  CDC-15  Warning   Clock enable controlled CDC structure detected      0  Max Delay Datapath Only  vision_i/pipe/inst/u_pipeline/u_vision/u_config/hold_data_reg[4]/C    vision_i/pipe/inst/u_pipeline/u_vision/u_config/dst_data_reg[4]/D
  6  CDC-15  Warning   Clock enable controlled CDC structure detected      0  Max Delay Datapath Only  vision_i/pipe/inst/u_pipeline/u_vision/u_config/hold_data_reg[32]/C   vision_i/pipe/inst/u_pipeline/u_vision/u_config/dst_data_reg[32]/D
  7  CDC-15  Warning   Clock enable controlled CDC structure detected      0  Max Delay Datapath Only  vision_i/pipe/inst/u_pipeline/u_vision/u_config/hold_data_reg[33]/C   vision_i/pipe/inst/u_pipeline/u_vision/u_config/dst_data_reg[33]/D
  8  CDC-15  Warning   Clock enable controlled CDC structure detected      0  Max Delay Datapath Only  vision_i/pipe/inst/u_pipeline/u_vision/u_config/hold_data_reg[34]/C   vision_i/pipe/inst/u_pipeline/u_vision/u_config/dst_data_reg[34]/D
  9  CDC-15  Warning   Clock enable controlled CDC structure detected      0  Max Delay Datapath Only  vision_i/pipe/inst/u_pipeline/u_vision/u_config/hold_data_reg[35]/C   vision_i/pipe/inst/u_pipeline/u_vision/u_config/dst_data_reg[35]/D
 10  CDC-15  Warning   Clock enable controlled CDC structure detected      0  Max Delay Datapath Only  vision_i/pipe/inst/u_pipeline/u_vision/u_config/hold_data_reg[36]/C   vision_i/pipe/inst/u_pipeline/u_vision/u_config/dst_data_reg[36]/D
 11  CDC-15  Warning   Clock enable controlled CDC structure detected      0  Max Delay Datapath Only  vision_i/pipe/inst/u_pipeline/u_vision/u_config/hold_data_reg[37]/C   vision_i/pipe/inst/u_pipeline/u_vision/u_config/dst_data_reg[37]/D
 12  CDC-15  Warning   Clock enable controlled CDC structure detected      0  Max Delay Datapath Only  vision_i/pipe/inst/u_pipeline/u_vision/u_config/hold_data_reg[38]/C   vision_i/pipe/inst/u_pipeline/u_vision/u_config/dst_data_reg[38]/D
 13  CDC-15  Warning   Clock enable controlled CDC structure detected      0  Max Delay Datapath Only  vision_i/pipe/inst/u_pipeline/u_vision/u_config/hold_data_reg[39]/C   vision_i/pipe/inst/u_pipeline/u_vision/u_config/dst_data_reg[39]/D
 14  CDC-15  Warning   Clock enable controlled CDC structure detected      0  Max Delay Datapath Only  vision_i/pipe/inst/u_pipeline/u_vision/u_config/hold_data_reg[40]/C   vision_i/pipe/inst/u_pipeline/u_vision/u_config/dst_data_reg[40]/D
 15  CDC-15  Warning   Clock enable controlled CDC structure detected      0  Max Delay Datapath Only  vision_i/pipe/inst/u_pipeline/u_vision/u_config/hold_data_reg[41]/C   vision_i/pipe/inst/u_pipeline/u_vision/u_config/dst_data_reg[41]/D
 16  CDC-15  Warning   Clock enable controlled CDC structure detected      0  Max Delay Datapath Only  vision_i/pipe/inst/u_pipeline/u_vision/u_config/hold_data_reg[42]/C   vision_i/pipe/inst/u_pipeline/u_vision/u_config/dst_data_reg[42]/D
 17  CDC-15  Warning   Clock enable controlled CDC structure detected      0  Max Delay Datapath Only  vision_i/pipe/inst/u_pipeline/u_vision/u_config/hold_data_reg[43]/C   vision_i/pipe/inst/u_pipeline/u_vision/u_config/dst_data_reg[43]/D
 18  CDC-15  Warning   Clock enable controlled CDC structure detected      0  Max Delay Datapath Only  vision_i/pipe/inst/u_pipeline/u_vision/u_config/hold_data_reg[44]/C   vision_i/pipe/inst/u_pipeline/u_vision/u_config/dst_data_reg[44]/D
 19  CDC-15  Warning   Clock enable controlled CDC structure detected      0  Max Delay Datapath Only  vision_i/pipe/inst/u_pipeline/u_vision/u_config/hold_data_reg[45]/C   vision_i/pipe/inst/u_pipeline/u_vision/u_config/dst_data_reg[45]/D
 20  CDC-15  Warning   Clock enable controlled CDC structure detected      0  Max Delay Datapath Only  vision_i/pipe/inst/u_pipeline/u_vision/u_config/hold_data_reg[46]/C   vision_i/pipe/inst/u_pipeline/u_vision/u_config/dst_data_reg[46]/D
 21  CDC-15  Warning   Clock enable controlled CDC structure detected      0  Max Delay Datapath Only  vision_i/pipe/inst/u_pipeline/u_vision/u_config/hold_data_reg[47]/C   vision_i/pipe/inst/u_pipeline/u_vision/u_config/dst_data_reg[47]/D
 22  CDC-15  Warning   Clock enable controlled CDC structure detected      0  Max Delay Datapath Only  vision_i/pipe/inst/u_pipeline/u_vision/u_config/hold_data_reg[64]/C   vision_i/pipe/inst/u_pipeline/u_vision/u_config/dst_data_reg[64]/D
 23  CDC-15  Warning   Clock enable controlled CDC structure detected      0  Max Delay Datapath Only  vision_i/pipe/inst/u_pipeline/u_vision/u_config/hold_data_reg[65]/C   vision_i/pipe/inst/u_pipeline/u_vision/u_config/dst_data_reg[65]/D
 24  CDC-15  Warning   Clock enable controlled CDC structure detected      0  Max Delay Datapath Only  vision_i/pipe/inst/u_pipeline/u_vision/u_config/hold_data_reg[66]/C   vision_i/pipe/inst/u_pipeline/u_vision/u_config/dst_data_reg[66]/D
 25  CDC-15  Warning   Clock enable controlled CDC structure detected      0  Max Delay Datapath Only  vision_i/pipe/inst/u_pipeline/u_vision/u_config/hold_data_reg[67]/C   vision_i/pipe/inst/u_pipeline/u_vision/u_config/dst_data_reg[67]/D
 26  CDC-15  Warning   Clock enable controlled CDC structure detected      0  Max Delay Datapath Only  vision_i/pipe/inst/u_pipeline/u_vision/u_config/hold_data_reg[68]/C   vision_i/pipe/inst/u_pipeline/u_vision/u_config/dst_data_reg[68]/D
 27  CDC-15  Warning   Clock enable controlled CDC structure detected      0  Max Delay Datapath Only  vision_i/pipe/inst/u_pipeline/u_vision/u_config/hold_data_reg[69]/C   vision_i/pipe/inst/u_pipeline/u_vision/u_config/dst_data_reg[69]/D
 28  CDC-15  Warning   Clock enable controlled CDC structure detected      0  Max Delay Datapath Only  vision_i/pipe/inst/u_pipeline/u_vision/u_config/hold_data_reg[70]/C   vision_i/pipe/inst/u_pipeline/u_vision/u_config/dst_data_reg[70]/D
 29  CDC-15  Warning   Clock enable controlled CDC structure detected      0  Max Delay Datapath Only  vision_i/pipe/inst/u_pipeline/u_vision/u_config/hold_data_reg[71]/C   vision_i/pipe/inst/u_pipeline/u_vision/u_config/dst_data_reg[71]/D
 30  CDC-15  Warning   Clock enable controlled CDC structure detected      0  Max Delay Datapath Only  vision_i/pipe/inst/u_pipeline/u_vision/u_config/hold_data_reg[72]/C   vision_i/pipe/inst/u_pipeline/u_vision/u_config/dst_data_reg[72]/D
 31  CDC-15  Warning   Clock enable controlled CDC structure detected      0  Max Delay Datapath Only  vision_i/pipe/inst/u_pipeline/u_vision/u_config/hold_data_reg[73]/C   vision_i/pipe/inst/u_pipeline/u_vision/u_config/dst_data_reg[73]/D
 32  CDC-15  Warning   Clock enable controlled CDC structure detected      0  Max Delay Datapath Only  vision_i/pipe/inst/u_pipeline/u_vision/u_config/hold_data_reg[74]/C   vision_i/pipe/inst/u_pipeline/u_vision/u_config/dst_data_reg[74]/D
 33  CDC-15  Warning   Clock enable controlled CDC structure detected      0  Max Delay Datapath Only  vision_i/pipe/inst/u_pipeline/u_vision/u_config/hold_data_reg[75]/C   vision_i/pipe/inst/u_pipeline/u_vision/u_config/dst_data_reg[75]/D
 34  CDC-15  Warning   Clock enable controlled CDC structure detected      0  Max Delay Datapath Only  vision_i/pipe/inst/u_pipeline/u_vision/u_config/hold_data_reg[76]/C   vision_i/pipe/inst/u_pipeline/u_vision/u_config/dst_data_reg[76]/D
 35  CDC-15  Warning   Clock enable controlled CDC structure detected      0  Max Delay Datapath Only  vision_i/pipe/inst/u_pipeline/u_vision/u_config/hold_data_reg[77]/C   vision_i/pipe/inst/u_pipeline/u_vision/u_config/dst_data_reg[77]/D
 36  CDC-15  Warning   Clock enable controlled CDC structure detected      0  Max Delay Datapath Only  vision_i/pipe/inst/u_pipeline/u_vision/u_config/hold_data_reg[78]/C   vision_i/pipe/inst/u_pipeline/u_vision/u_config/dst_data_reg[78]/D
 37  CDC-15  Warning   Clock enable controlled CDC structure detected      0  Max Delay Datapath Only  vision_i/pipe/inst/u_pipeline/u_vision/u_config/hold_data_reg[79]/C   vision_i/pipe/inst/u_pipeline/u_vision/u_config/dst_data_reg[79]/D
 38  CDC-15  Warning   Clock enable controlled CDC structure detected      0  Max Delay Datapath Only  vision_i/pipe/inst/u_pipeline/u_vision/u_config/hold_data_reg[96]/C   vision_i/pipe/inst/u_pipeline/u_vision/u_config/dst_data_reg[96]/D
 39  CDC-15  Warning   Clock enable controlled CDC structure detected      0  Max Delay Datapath Only  vision_i/pipe/inst/u_pipeline/u_vision/u_config/hold_data_reg[97]/C   vision_i/pipe/inst/u_pipeline/u_vision/u_config/dst_data_reg[97]/D
 40  CDC-15  Warning   Clock enable controlled CDC structure detected      0  Max Delay Datapath Only  vision_i/pipe/inst/u_pipeline/u_vision/u_config/hold_data_reg[98]/C   vision_i/pipe/inst/u_pipeline/u_vision/u_config/dst_data_reg[98]/D
 41  CDC-15  Warning   Clock enable controlled CDC structure detected      0  Max Delay Datapath Only  vision_i/pipe/inst/u_pipeline/u_vision/u_config/hold_data_reg[99]/C   vision_i/pipe/inst/u_pipeline/u_vision/u_config/dst_data_reg[99]/D
 42  CDC-15  Warning   Clock enable controlled CDC structure detected      0  Max Delay Datapath Only  vision_i/pipe/inst/u_pipeline/u_vision/u_config/hold_data_reg[100]/C  vision_i/pipe/inst/u_pipeline/u_vision/u_config/dst_data_reg[100]/D
 43  CDC-15  Warning   Clock enable controlled CDC structure detected      0  Max Delay Datapath Only  vision_i/pipe/inst/u_pipeline/u_vision/u_config/hold_data_reg[101]/C  vision_i/pipe/inst/u_pipeline/u_vision/u_config/dst_data_reg[101]/D
 44  CDC-15  Warning   Clock enable controlled CDC structure detected      0  Max Delay Datapath Only  vision_i/pipe/inst/u_pipeline/u_vision/u_config/hold_data_reg[102]/C  vision_i/pipe/inst/u_pipeline/u_vision/u_config/dst_data_reg[102]/D
 45  CDC-15  Warning   Clock enable controlled CDC structure detected      0  Max Delay Datapath Only  vision_i/pipe/inst/u_pipeline/u_vision/u_config/hold_data_reg[103]/C  vision_i/pipe/inst/u_pipeline/u_vision/u_config/dst_data_reg[103]/D
 46  CDC-15  Warning   Clock enable controlled CDC structure detected      0  Max Delay Datapath Only  vision_i/pipe/inst/u_pipeline/u_vision/u_config/hold_data_reg[104]/C  vision_i/pipe/inst/u_pipeline/u_vision/u_config/dst_data_reg[104]/D
 47  CDC-15  Warning   Clock enable controlled CDC structure detected      0  Max Delay Datapath Only  vision_i/pipe/inst/u_pipeline/u_vision/u_config/hold_data_reg[105]/C  vision_i/pipe/inst/u_pipeline/u_vision/u_config/dst_data_reg[105]/D
 48  CDC-15  Warning   Clock enable controlled CDC structure detected      0  Max Delay Datapath Only  vision_i/pipe/inst/u_pipeline/u_vision/u_config/hold_data_reg[106]/C  vision_i/pipe/inst/u_pipeline/u_vision/u_config/dst_data_reg[106]/D
 49  CDC-15  Warning   Clock enable controlled CDC structure detected      0  Max Delay Datapath Only  vision_i/pipe/inst/u_pipeline/u_vision/u_config/hold_data_reg[107]/C  vision_i/pipe/inst/u_pipeline/u_vision/u_config/dst_data_reg[107]/D
 50  CDC-15  Warning   Clock enable controlled CDC structure detected      0  Max Delay Datapath Only  vision_i/pipe/inst/u_pipeline/u_vision/u_config/hold_data_reg[108]/C  vision_i/pipe/inst/u_pipeline/u_vision/u_config/dst_data_reg[108]/D
 51  CDC-15  Warning   Clock enable controlled CDC structure detected      0  Max Delay Datapath Only  vision_i/pipe/inst/u_pipeline/u_vision/u_config/hold_data_reg[109]/C  vision_i/pipe/inst/u_pipeline/u_vision/u_config/dst_data_reg[109]/D
 52  CDC-15  Warning   Clock enable controlled CDC structure detected      0  Max Delay Datapath Only  vision_i/pipe/inst/u_pipeline/u_vision/u_config/hold_data_reg[110]/C  vision_i/pipe/inst/u_pipeline/u_vision/u_config/dst_data_reg[110]/D
 53  CDC-15  Warning   Clock enable controlled CDC structure detected      0  Max Delay Datapath Only  vision_i/pipe/inst/u_pipeline/u_vision/u_config/hold_data_reg[111]/C  vision_i/pipe/inst/u_pipeline/u_vision/u_config/dst_data_reg[111]/D
 54  CDC-15  Warning   Clock enable controlled CDC structure detected      0  Max Delay Datapath Only  vision_i/pipe/inst/u_pipeline/u_vision/u_config/hold_data_reg[128]/C  vision_i/pipe/inst/u_pipeline/u_vision/u_config/dst_data_reg[128]/D
 55  CDC-15  Warning   Clock enable controlled CDC structure detected      0  Max Delay Datapath Only  vision_i/pipe/inst/u_pipeline/u_vision/u_config/hold_data_reg[129]/C  vision_i/pipe/inst/u_pipeline/u_vision/u_config/dst_data_reg[129]/D
 56  CDC-15  Warning   Clock enable controlled CDC structure detected      0  Max Delay Datapath Only  vision_i/pipe/inst/u_pipeline/u_vision/u_config/hold_data_reg[130]/C  vision_i/pipe/inst/u_pipeline/u_vision/u_config/dst_data_reg[130]/D
 57  CDC-15  Warning   Clock enable controlled CDC structure detected      0  Max Delay Datapath Only  vision_i/pipe/inst/u_pipeline/u_vision/u_config/hold_data_reg[131]/C  vision_i/pipe/inst/u_pipeline/u_vision/u_config/dst_data_reg[131]/D
 58  CDC-15  Warning   Clock enable controlled CDC structure detected      0  Max Delay Datapath Only  vision_i/pipe/inst/u_pipeline/u_vision/u_config/hold_data_reg[132]/C  vision_i/pipe/inst/u_pipeline/u_vision/u_config/dst_data_reg[132]/D
 59  CDC-15  Warning   Clock enable controlled CDC structure detected      0  Max Delay Datapath Only  vision_i/pipe/inst/u_pipeline/u_vision/u_config/hold_data_reg[133]/C  vision_i/pipe/inst/u_pipeline/u_vision/u_config/dst_data_reg[133]/D
 60  CDC-15  Warning   Clock enable controlled CDC structure detected      0  Max Delay Datapath Only  vision_i/pipe/inst/u_pipeline/u_vision/u_config/hold_data_reg[134]/C  vision_i/pipe/inst/u_pipeline/u_vision/u_config/dst_data_reg[134]/D
 61  CDC-15  Warning   Clock enable controlled CDC structure detected      0  Max Delay Datapath Only  vision_i/pipe/inst/u_pipeline/u_vision/u_config/hold_data_reg[135]/C  vision_i/pipe/inst/u_pipeline/u_vision/u_config/dst_data_reg[135]/D
 62  CDC-15  Warning   Clock enable controlled CDC structure detected      0  Max Delay Datapath Only  vision_i/pipe/inst/u_pipeline/u_vision/u_config/hold_data_reg[136]/C  vision_i/pipe/inst/u_pipeline/u_vision/u_config/dst_data_reg[136]/D
 63  CDC-15  Warning   Clock enable controlled CDC structure detected      0  Max Delay Datapath Only  vision_i/pipe/inst/u_pipeline/u_vision/u_config/hold_data_reg[137]/C  vision_i/pipe/inst/u_pipeline/u_vision/u_config/dst_data_reg[137]/D
 64  CDC-15  Warning   Clock enable controlled CDC structure detected      0  Max Delay Datapath Only  vision_i/pipe/inst/u_pipeline/u_vision/u_config/hold_data_reg[138]/C  vision_i/pipe/inst/u_pipeline/u_vision/u_config/dst_data_reg[138]/D
 65  CDC-15  Warning   Clock enable controlled CDC structure detected      0  Max Delay Datapath Only  vision_i/pipe/inst/u_pipeline/u_vision/u_config/hold_data_reg[139]/C  vision_i/pipe/inst/u_pipeline/u_vision/u_config/dst_data_reg[139]/D
 66  CDC-15  Warning   Clock enable controlled CDC structure detected      0  Max Delay Datapath Only  vision_i/pipe/inst/u_pipeline/u_vision/u_config/hold_data_reg[140]/C  vision_i/pipe/inst/u_pipeline/u_vision/u_config/dst_data_reg[140]/D
 67  CDC-15  Warning   Clock enable controlled CDC structure detected      0  Max Delay Datapath Only  vision_i/pipe/inst/u_pipeline/u_vision/u_config/hold_data_reg[141]/C  vision_i/pipe/inst/u_pipeline/u_vision/u_config/dst_data_reg[141]/D
 68  CDC-15  Warning   Clock enable controlled CDC structure detected      0  Max Delay Datapath Only  vision_i/pipe/inst/u_pipeline/u_vision/u_config/hold_data_reg[142]/C  vision_i/pipe/inst/u_pipeline/u_vision/u_config/dst_data_reg[142]/D
 69  CDC-15  Warning   Clock enable controlled CDC structure detected      0  Max Delay Datapath Only  vision_i/pipe/inst/u_pipeline/u_vision/u_config/hold_data_reg[143]/C  vision_i/pipe/inst/u_pipeline/u_vision/u_config/dst_data_reg[143]/D
 70  CDC-15  Warning   Clock enable controlled CDC structure detected      0  Max Delay Datapath Only  vision_i/pipe/inst/u_pipeline/u_vision/u_config/hold_data_reg[160]/C  vision_i/pipe/inst/u_pipeline/u_vision/u_config/dst_data_reg[160]/D
 71  CDC-15  Warning   Clock enable controlled CDC structure detected      0  Max Delay Datapath Only  vision_i/pipe/inst/u_pipeline/u_vision/u_config/hold_data_reg[161]/C  vision_i/pipe/inst/u_pipeline/u_vision/u_config/dst_data_reg[161]/D
 72  CDC-15  Warning   Clock enable controlled CDC structure detected      0  Max Delay Datapath Only  vision_i/pipe/inst/u_pipeline/u_vision/u_config/hold_data_reg[162]/C  vision_i/pipe/inst/u_pipeline/u_vision/u_config/dst_data_reg[162]/D
 73  CDC-15  Warning   Clock enable controlled CDC structure detected      0  Max Delay Datapath Only  vision_i/pipe/inst/u_pipeline/u_vision/u_config/hold_data_reg[163]/C  vision_i/pipe/inst/u_pipeline/u_vision/u_config/dst_data_reg[163]/D
 74  CDC-15  Warning   Clock enable controlled CDC structure detected      0  Max Delay Datapath Only  vision_i/pipe/inst/u_pipeline/u_vision/u_config/hold_data_reg[164]/C  vision_i/pipe/inst/u_pipeline/u_vision/u_config/dst_data_reg[164]/D
 75  CDC-15  Warning   Clock enable controlled CDC structure detected      0  Max Delay Datapath Only  vision_i/pipe/inst/u_pipeline/u_vision/u_config/hold_data_reg[165]/C  vision_i/pipe/inst/u_pipeline/u_vision/u_config/dst_data_reg[165]/D
 76  CDC-15  Warning   Clock enable controlled CDC structure detected      0  Max Delay Datapath Only  vision_i/pipe/inst/u_pipeline/u_vision/u_config/hold_data_reg[166]/C  vision_i/pipe/inst/u_pipeline/u_vision/u_config/dst_data_reg[166]/D
 77  CDC-15  Warning   Clock enable controlled CDC structure detected      0  Max Delay Datapath Only  vision_i/pipe/inst/u_pipeline/u_vision/u_config/hold_data_reg[167]/C  vision_i/pipe/inst/u_pipeline/u_vision/u_config/dst_data_reg[167]/D
 78  CDC-15  Warning   Clock enable controlled CDC structure detected      0  Max Delay Datapath Only  vision_i/pipe/inst/u_pipeline/u_vision/u_config/hold_data_reg[192]/C  vision_i/pipe/inst/u_pipeline/u_vision/u_config/dst_data_reg[192]/D
 79  CDC-15  Warning   Clock enable controlled CDC structure detected      0  Max Delay Datapath Only  vision_i/pipe/inst/u_pipeline/u_vision/u_config/hold_data_reg[193]/C  vision_i/pipe/inst/u_pipeline/u_vision/u_config/dst_data_reg[193]/D
 80  CDC-15  Warning   Clock enable controlled CDC structure detected      0  Max Delay Datapath Only  vision_i/pipe/inst/u_pipeline/u_vision/u_config/hold_data_reg[194]/C  vision_i/pipe/inst/u_pipeline/u_vision/u_config/dst_data_reg[194]/D
 81  CDC-15  Warning   Clock enable controlled CDC structure detected      0  Max Delay Datapath Only  vision_i/pipe/inst/u_pipeline/u_vision/u_config/hold_data_reg[195]/C  vision_i/pipe/inst/u_pipeline/u_vision/u_config/dst_data_reg[195]/D
 82  CDC-15  Warning   Clock enable controlled CDC structure detected      0  Max Delay Datapath Only  vision_i/pipe/inst/u_pipeline/u_vision/u_config/hold_data_reg[196]/C  vision_i/pipe/inst/u_pipeline/u_vision/u_config/dst_data_reg[196]/D
 83  CDC-15  Warning   Clock enable controlled CDC structure detected      0  Max Delay Datapath Only  vision_i/pipe/inst/u_pipeline/u_vision/u_config/hold_data_reg[197]/C  vision_i/pipe/inst/u_pipeline/u_vision/u_config/dst_data_reg[197]/D
 84  CDC-15  Warning   Clock enable controlled CDC structure detected      0  Max Delay Datapath Only  vision_i/pipe/inst/u_pipeline/u_vision/u_config/hold_data_reg[198]/C  vision_i/pipe/inst/u_pipeline/u_vision/u_config/dst_data_reg[198]/D
 85  CDC-15  Warning   Clock enable controlled CDC structure detected      0  Max Delay Datapath Only  vision_i/pipe/inst/u_pipeline/u_vision/u_config/hold_data_reg[199]/C  vision_i/pipe/inst/u_pipeline/u_vision/u_config/dst_data_reg[199]/D
 86  CDC-15  Warning   Clock enable controlled CDC structure detected      0  Max Delay Datapath Only  vision_i/pipe/inst/u_pipeline/u_vision/u_config/hold_data_reg[200]/C  vision_i/pipe/inst/u_pipeline/u_vision/u_config/dst_data_reg[200]/D
 87  CDC-15  Warning   Clock enable controlled CDC structure detected      0  Max Delay Datapath Only  vision_i/pipe/inst/u_pipeline/u_vision/u_config/hold_data_reg[201]/C  vision_i/pipe/inst/u_pipeline/u_vision/u_config/dst_data_reg[201]/D
 88  CDC-15  Warning   Clock enable controlled CDC structure detected      0  Max Delay Datapath Only  vision_i/pipe/inst/u_pipeline/u_vision/u_config/hold_data_reg[202]/C  vision_i/pipe/inst/u_pipeline/u_vision/u_config/dst_data_reg[202]/D
 89  CDC-15  Warning   Clock enable controlled CDC structure detected      0  Max Delay Datapath Only  vision_i/pipe/inst/u_pipeline/u_vision/u_config/hold_data_reg[203]/C  vision_i/pipe/inst/u_pipeline/u_vision/u_config/dst_data_reg[203]/D
 90  CDC-15  Warning   Clock enable controlled CDC structure detected      0  Max Delay Datapath Only  vision_i/pipe/inst/u_pipeline/u_vision/u_config/hold_data_reg[204]/C  vision_i/pipe/inst/u_pipeline/u_vision/u_config/dst_data_reg[204]/D
 91  CDC-15  Warning   Clock enable controlled CDC structure detected      0  Max Delay Datapath Only  vision_i/pipe/inst/u_pipeline/u_vision/u_config/hold_data_reg[205]/C  vision_i/pipe/inst/u_pipeline/u_vision/u_config/dst_data_reg[205]/D
 92  CDC-15  Warning   Clock enable controlled CDC structure detected      0  Max Delay Datapath Only  vision_i/pipe/inst/u_pipeline/u_vision/u_config/hold_data_reg[206]/C  vision_i/pipe/inst/u_pipeline/u_vision/u_config/dst_data_reg[206]/D
 93  CDC-15  Warning   Clock enable controlled CDC structure detected      0  Max Delay Datapath Only  vision_i/pipe/inst/u_pipeline/u_vision/u_config/hold_data_reg[207]/C  vision_i/pipe/inst/u_pipeline/u_vision/u_config/dst_data_reg[207]/D
 94  CDC-15  Warning   Clock enable controlled CDC structure detected      0  Max Delay Datapath Only  vision_i/pipe/inst/u_pipeline/u_vision/u_config/hold_data_reg[224]/C  vision_i/pipe/inst/u_pipeline/u_vision/u_config/dst_data_reg[224]/D
 95  CDC-15  Warning   Clock enable controlled CDC structure detected      0  Max Delay Datapath Only  vision_i/pipe/inst/u_pipeline/u_vision/u_config/hold_data_reg[225]/C  vision_i/pipe/inst/u_pipeline/u_vision/u_config/dst_data_reg[225]/D
 96  CDC-15  Warning   Clock enable controlled CDC structure detected      0  Max Delay Datapath Only  vision_i/pipe/inst/u_pipeline/u_vision/u_config/hold_data_reg[226]/C  vision_i/pipe/inst/u_pipeline/u_vision/u_config/dst_data_reg[226]/D
 97  CDC-15  Warning   Clock enable controlled CDC structure detected      0  Max Delay Datapath Only  vision_i/pipe/inst/u_pipeline/u_vision/u_config/hold_data_reg[227]/C  vision_i/pipe/inst/u_pipeline/u_vision/u_config/dst_data_reg[227]/D
 98  CDC-15  Warning   Clock enable controlled CDC structure detected      0  Max Delay Datapath Only  vision_i/pipe/inst/u_pipeline/u_vision/u_config/hold_data_reg[228]/C  vision_i/pipe/inst/u_pipeline/u_vision/u_config/dst_data_reg[228]/D
 99  CDC-15  Warning   Clock enable controlled CDC structure detected      0  Max Delay Datapath Only  vision_i/pipe/inst/u_pipeline/u_vision/u_config/hold_data_reg[229]/C  vision_i/pipe/inst/u_pipeline/u_vision/u_config/dst_data_reg[229]/D
100  CDC-15  Warning   Clock enable controlled CDC structure detected      0  Max Delay Datapath Only  vision_i/pipe/inst/u_pipeline/u_vision/u_config/hold_data_reg[230]/C  vision_i/pipe/inst/u_pipeline/u_vision/u_config/dst_data_reg[230]/D
101  CDC-15  Warning   Clock enable controlled CDC structure detected      0  Max Delay Datapath Only  vision_i/pipe/inst/u_pipeline/u_vision/u_config/hold_data_reg[231]/C  vision_i/pipe/inst/u_pipeline/u_vision/u_config/dst_data_reg[231]/D
102  CDC-15  Warning   Clock enable controlled CDC structure detected      0  Max Delay Datapath Only  vision_i/pipe/inst/u_pipeline/u_vision/u_config/hold_data_reg[232]/C  vision_i/pipe/inst/u_pipeline/u_vision/u_config/dst_data_reg[232]/D
103  CDC-15  Warning   Clock enable controlled CDC structure detected      0  Max Delay Datapath Only  vision_i/pipe/inst/u_pipeline/u_vision/u_config/hold_data_reg[233]/C  vision_i/pipe/inst/u_pipeline/u_vision/u_config/dst_data_reg[233]/D
104  CDC-15  Warning   Clock enable controlled CDC structure detected      0  Max Delay Datapath Only  vision_i/pipe/inst/u_pipeline/u_vision/u_config/hold_data_reg[234]/C  vision_i/pipe/inst/u_pipeline/u_vision/u_config/dst_data_reg[234]/D
105  CDC-15  Warning   Clock enable controlled CDC structure detected      0  Max Delay Datapath Only  vision_i/pipe/inst/u_pipeline/u_vision/u_config/hold_data_reg[235]/C  vision_i/pipe/inst/u_pipeline/u_vision/u_config/dst_data_reg[235]/D
106  CDC-15  Warning   Clock enable controlled CDC structure detected      0  Max Delay Datapath Only  vision_i/pipe/inst/u_pipeline/u_vision/u_config/hold_data_reg[236]/C  vision_i/pipe/inst/u_pipeline/u_vision/u_config/dst_data_reg[236]/D
107  CDC-15  Warning   Clock enable controlled CDC structure detected      0  Max Delay Datapath Only  vision_i/pipe/inst/u_pipeline/u_vision/u_config/hold_data_reg[237]/C  vision_i/pipe/inst/u_pipeline/u_vision/u_config/dst_data_reg[237]/D
108  CDC-15  Warning   Clock enable controlled CDC structure detected      0  Max Delay Datapath Only  vision_i/pipe/inst/u_pipeline/u_vision/u_config/hold_data_reg[238]/C  vision_i/pipe/inst/u_pipeline/u_vision/u_config/dst_data_reg[238]/D
109  CDC-15  Warning   Clock enable controlled CDC structure detected      0  Max Delay Datapath Only  vision_i/pipe/inst/u_pipeline/u_vision/u_config/hold_data_reg[239]/C  vision_i/pipe/inst/u_pipeline/u_vision/u_config/dst_data_reg[239]/D
110  CDC-15  Warning   Clock enable controlled CDC structure detected      0  Max Delay Datapath Only  vision_i/pipe/inst/u_pipeline/u_vision/u_config/hold_data_reg[256]/C  vision_i/pipe/inst/u_pipeline/u_vision/u_config/dst_data_reg[256]/D
111  CDC-15  Warning   Clock enable controlled CDC structure detected      0  Max Delay Datapath Only  vision_i/pipe/inst/u_pipeline/u_vision/u_config/hold_data_reg[257]/C  vision_i/pipe/inst/u_pipeline/u_vision/u_config/dst_data_reg[257]/D
112  CDC-15  Warning   Clock enable controlled CDC structure detected      0  Max Delay Datapath Only  vision_i/pipe/inst/u_pipeline/u_vision/u_config/hold_data_reg[258]/C  vision_i/pipe/inst/u_pipeline/u_vision/u_config/dst_data_reg[258]/D
113  CDC-15  Warning   Clock enable controlled CDC structure detected      0  Max Delay Datapath Only  vision_i/pipe/inst/u_pipeline/u_vision/u_config/hold_data_reg[259]/C  vision_i/pipe/inst/u_pipeline/u_vision/u_config/dst_data_reg[259]/D
114  CDC-15  Warning   Clock enable controlled CDC structure detected      0  Max Delay Datapath Only  vision_i/pipe/inst/u_pipeline/u_vision/u_config/hold_data_reg[260]/C  vision_i/pipe/inst/u_pipeline/u_vision/u_config/dst_data_reg[260]/D
115  CDC-15  Warning   Clock enable controlled CDC structure detected      0  Max Delay Datapath Only  vision_i/pipe/inst/u_pipeline/u_vision/u_config/hold_data_reg[261]/C  vision_i/pipe/inst/u_pipeline/u_vision/u_config/dst_data_reg[261]/D
116  CDC-15  Warning   Clock enable controlled CDC structure detected      0  Max Delay Datapath Only  vision_i/pipe/inst/u_pipeline/u_vision/u_config/hold_data_reg[262]/C  vision_i/pipe/inst/u_pipeline/u_vision/u_config/dst_data_reg[262]/D
117  CDC-15  Warning   Clock enable controlled CDC structure detected      0  Max Delay Datapath Only  vision_i/pipe/inst/u_pipeline/u_vision/u_config/hold_data_reg[263]/C  vision_i/pipe/inst/u_pipeline/u_vision/u_config/dst_data_reg[263]/D
118  CDC-15  Warning   Clock enable controlled CDC structure detected      0  Max Delay Datapath Only  vision_i/pipe/inst/u_pipeline/u_vision/u_config/hold_data_reg[264]/C  vision_i/pipe/inst/u_pipeline/u_vision/u_config/dst_data_reg[264]/D
119  CDC-15  Warning   Clock enable controlled CDC structure detected      0  Max Delay Datapath Only  vision_i/pipe/inst/u_pipeline/u_vision/u_config/hold_data_reg[265]/C  vision_i/pipe/inst/u_pipeline/u_vision/u_config/dst_data_reg[265]/D
120  CDC-15  Warning   Clock enable controlled CDC structure detected      0  Max Delay Datapath Only  vision_i/pipe/inst/u_pipeline/u_vision/u_config/hold_data_reg[266]/C  vision_i/pipe/inst/u_pipeline/u_vision/u_config/dst_data_reg[266]/D
121  CDC-15  Warning   Clock enable controlled CDC structure detected      0  Max Delay Datapath Only  vision_i/pipe/inst/u_pipeline/u_vision/u_config/hold_data_reg[267]/C  vision_i/pipe/inst/u_pipeline/u_vision/u_config/dst_data_reg[267]/D
122  CDC-15  Warning   Clock enable controlled CDC structure detected      0  Max Delay Datapath Only  vision_i/pipe/inst/u_pipeline/u_vision/u_config/hold_data_reg[268]/C  vision_i/pipe/inst/u_pipeline/u_vision/u_config/dst_data_reg[268]/D
123  CDC-15  Warning   Clock enable controlled CDC structure detected      0  Max Delay Datapath Only  vision_i/pipe/inst/u_pipeline/u_vision/u_config/hold_data_reg[269]/C  vision_i/pipe/inst/u_pipeline/u_vision/u_config/dst_data_reg[269]/D
124  CDC-15  Warning   Clock enable controlled CDC structure detected      0  Max Delay Datapath Only  vision_i/pipe/inst/u_pipeline/u_vision/u_config/hold_data_reg[270]/C  vision_i/pipe/inst/u_pipeline/u_vision/u_config/dst_data_reg[270]/D
125  CDC-15  Warning   Clock enable controlled CDC structure detected      0  Max Delay Datapath Only  vision_i/pipe/inst/u_pipeline/u_vision/u_config/hold_data_reg[271]/C  vision_i/pipe/inst/u_pipeline/u_vision/u_config/dst_data_reg[271]/D
126  CDC-15  Warning   Clock enable controlled CDC structure detected      0  Max Delay Datapath Only  vision_i/pipe/inst/u_pipeline/u_vision/u_config/hold_data_reg[288]/C  vision_i/pipe/inst/u_pipeline/u_vision/u_config/dst_data_reg[288]/D
127  CDC-15  Warning   Clock enable controlled CDC structure detected      0  Max Delay Datapath Only  vision_i/pipe/inst/u_pipeline/u_vision/u_config/hold_data_reg[289]/C  vision_i/pipe/inst/u_pipeline/u_vision/u_config/dst_data_reg[289]/D
128  CDC-15  Warning   Clock enable controlled CDC structure detected      0  Max Delay Datapath Only  vision_i/pipe/inst/u_pipeline/u_vision/u_config/hold_data_reg[290]/C  vision_i/pipe/inst/u_pipeline/u_vision/u_config/dst_data_reg[290]/D
129  CDC-15  Warning   Clock enable controlled CDC structure detected      0  Max Delay Datapath Only  vision_i/pipe/inst/u_pipeline/u_vision/u_config/hold_data_reg[291]/C  vision_i/pipe/inst/u_pipeline/u_vision/u_config/dst_data_reg[291]/D
130  CDC-15  Warning   Clock enable controlled CDC structure detected      0  Max Delay Datapath Only  vision_i/pipe/inst/u_pipeline/u_vision/u_config/hold_data_reg[292]/C  vision_i/pipe/inst/u_pipeline/u_vision/u_config/dst_data_reg[292]/D
131  CDC-15  Warning   Clock enable controlled CDC structure detected      0  Max Delay Datapath Only  vision_i/pipe/inst/u_pipeline/u_vision/u_config/hold_data_reg[293]/C  vision_i/pipe/inst/u_pipeline/u_vision/u_config/dst_data_reg[293]/D
132  CDC-15  Warning   Clock enable controlled CDC structure detected      0  Max Delay Datapath Only  vision_i/pipe/inst/u_pipeline/u_vision/u_config/hold_data_reg[294]/C  vision_i/pipe/inst/u_pipeline/u_vision/u_config/dst_data_reg[294]/D
133  CDC-15  Warning   Clock enable controlled CDC structure detected      0  Max Delay Datapath Only  vision_i/pipe/inst/u_pipeline/u_vision/u_config/hold_data_reg[295]/C  vision_i/pipe/inst/u_pipeline/u_vision/u_config/dst_data_reg[295]/D
134  CDC-15  Warning   Clock enable controlled CDC structure detected      0  Max Delay Datapath Only  vision_i/pipe/inst/u_pipeline/u_vision/u_config/hold_data_reg[296]/C  vision_i/pipe/inst/u_pipeline/u_vision/u_config/dst_data_reg[296]/D
135  CDC-15  Warning   Clock enable controlled CDC structure detected      0  Max Delay Datapath Only  vision_i/pipe/inst/u_pipeline/u_vision/u_config/hold_data_reg[297]/C  vision_i/pipe/inst/u_pipeline/u_vision/u_config/dst_data_reg[297]/D
136  CDC-15  Warning   Clock enable controlled CDC structure detected      0  Max Delay Datapath Only  vision_i/pipe/inst/u_pipeline/u_vision/u_config/hold_data_reg[298]/C  vision_i/pipe/inst/u_pipeline/u_vision/u_config/dst_data_reg[298]/D
137  CDC-15  Warning   Clock enable controlled CDC structure detected      0  Max Delay Datapath Only  vision_i/pipe/inst/u_pipeline/u_vision/u_config/hold_data_reg[299]/C  vision_i/pipe/inst/u_pipeline/u_vision/u_config/dst_data_reg[299]/D
138  CDC-15  Warning   Clock enable controlled CDC structure detected      0  Max Delay Datapath Only  vision_i/pipe/inst/u_pipeline/u_vision/u_config/hold_data_reg[300]/C  vision_i/pipe/inst/u_pipeline/u_vision/u_config/dst_data_reg[300]/D
139  CDC-15  Warning   Clock enable controlled CDC structure detected      0  Max Delay Datapath Only  vision_i/pipe/inst/u_pipeline/u_vision/u_config/hold_data_reg[301]/C  vision_i/pipe/inst/u_pipeline/u_vision/u_config/dst_data_reg[301]/D
140  CDC-15  Warning   Clock enable controlled CDC structure detected      0  Max Delay Datapath Only  vision_i/pipe/inst/u_pipeline/u_vision/u_config/hold_data_reg[302]/C  vision_i/pipe/inst/u_pipeline/u_vision/u_config/dst_data_reg[302]/D
141  CDC-15  Warning   Clock enable controlled CDC structure detected      0  Max Delay Datapath Only  vision_i/pipe/inst/u_pipeline/u_vision/u_config/hold_data_reg[303]/C  vision_i/pipe/inst/u_pipeline/u_vision/u_config/dst_data_reg[303]/D
142  CDC-15  Warning   Clock enable controlled CDC structure detected      0  Max Delay Datapath Only  vision_i/pipe/inst/u_pipeline/u_vision/u_config/hold_data_reg[320]/C  vision_i/pipe/inst/u_pipeline/u_vision/u_config/dst_data_reg[320]/D
143  CDC-15  Warning   Clock enable controlled CDC structure detected      0  Max Delay Datapath Only  vision_i/pipe/inst/u_pipeline/u_vision/u_config/hold_data_reg[321]/C  vision_i/pipe/inst/u_pipeline/u_vision/u_config/dst_data_reg[321]/D
144  CDC-15  Warning   Clock enable controlled CDC structure detected      0  Max Delay Datapath Only  vision_i/pipe/inst/u_pipeline/u_vision/u_config/hold_data_reg[322]/C  vision_i/pipe/inst/u_pipeline/u_vision/u_config/dst_data_reg[322]/D
145  CDC-15  Warning   Clock enable controlled CDC structure detected      0  Max Delay Datapath Only  vision_i/pipe/inst/u_pipeline/u_vision/u_config/hold_data_reg[323]/C  vision_i/pipe/inst/u_pipeline/u_vision/u_config/dst_data_reg[323]/D
146  CDC-15  Warning   Clock enable controlled CDC structure detected      0  Max Delay Datapath Only  vision_i/pipe/inst/u_pipeline/u_vision/u_config/hold_data_reg[324]/C  vision_i/pipe/inst/u_pipeline/u_vision/u_config/dst_data_reg[324]/D
147  CDC-15  Warning   Clock enable controlled CDC structure detected      0  Max Delay Datapath Only  vision_i/pipe/inst/u_pipeline/u_vision/u_config/hold_data_reg[325]/C  vision_i/pipe/inst/u_pipeline/u_vision/u_config/dst_data_reg[325]/D
148  CDC-15  Warning   Clock enable controlled CDC structure detected      0  Max Delay Datapath Only  vision_i/pipe/inst/u_pipeline/u_vision/u_config/hold_data_reg[326]/C  vision_i/pipe/inst/u_pipeline/u_vision/u_config/dst_data_reg[326]/D
149  CDC-15  Warning   Clock enable controlled CDC structure detected      0  Max Delay Datapath Only  vision_i/pipe/inst/u_pipeline/u_vision/u_config/hold_data_reg[327]/C  vision_i/pipe/inst/u_pipeline/u_vision/u_config/dst_data_reg[327]/D
150  CDC-15  Warning   Clock enable controlled CDC structure detected      0  Max Delay Datapath Only  vision_i/pipe/inst/u_pipeline/u_vision/u_config/hold_id_reg[0]/C      vision_i/pipe/inst/u_pipeline/u_vision/u_config/dst_id_reg[0]/D
151  CDC-15  Warning   Clock enable controlled CDC structure detected      0  Max Delay Datapath Only  vision_i/pipe/inst/u_pipeline/u_vision/u_config/hold_id_reg[1]/C      vision_i/pipe/inst/u_pipeline/u_vision/u_config/dst_id_reg[1]/D
152  CDC-15  Warning   Clock enable controlled CDC structure detected      0  Max Delay Datapath Only  vision_i/pipe/inst/u_pipeline/u_vision/u_config/hold_id_reg[2]/C      vision_i/pipe/inst/u_pipeline/u_vision/u_config/dst_id_reg[2]/D
153  CDC-15  Warning   Clock enable controlled CDC structure detected      0  Max Delay Datapath Only  vision_i/pipe/inst/u_pipeline/u_vision/u_config/hold_id_reg[3]/C      vision_i/pipe/inst/u_pipeline/u_vision/u_config/dst_id_reg[3]/D
154  CDC-15  Warning   Clock enable controlled CDC structure detected      0  Max Delay Datapath Only  vision_i/pipe/inst/u_pipeline/u_vision/u_config/hold_id_reg[4]/C      vision_i/pipe/inst/u_pipeline/u_vision/u_config/dst_id_reg[4]/D
155  CDC-15  Warning   Clock enable controlled CDC structure detected      0  Max Delay Datapath Only  vision_i/pipe/inst/u_pipeline/u_vision/u_config/hold_id_reg[5]/C      vision_i/pipe/inst/u_pipeline/u_vision/u_config/dst_id_reg[5]/D
156  CDC-15  Warning   Clock enable controlled CDC structure detected      0  Max Delay Datapath Only  vision_i/pipe/inst/u_pipeline/u_vision/u_config/hold_id_reg[6]/C      vision_i/pipe/inst/u_pipeline/u_vision/u_config/dst_id_reg[6]/D
157  CDC-15  Warning   Clock enable controlled CDC structure detected      0  Max Delay Datapath Only  vision_i/pipe/inst/u_pipeline/u_vision/u_config/hold_id_reg[7]/C      vision_i/pipe/inst/u_pipeline/u_vision/u_config/dst_id_reg[7]/D
158  CDC-15  Warning   Clock enable controlled CDC structure detected      0  Max Delay Datapath Only  vision_i/pipe/inst/u_pipeline/u_vision/u_config/hold_id_reg[8]/C      vision_i/pipe/inst/u_pipeline/u_vision/u_config/dst_id_reg[8]/D
159  CDC-15  Warning   Clock enable controlled CDC structure detected      0  Max Delay Datapath Only  vision_i/pipe/inst/u_pipeline/u_vision/u_config/hold_id_reg[9]/C      vision_i/pipe/inst/u_pipeline/u_vision/u_config/dst_id_reg[9]/D
160  CDC-15  Warning   Clock enable controlled CDC structure detected      0  Max Delay Datapath Only  vision_i/pipe/inst/u_pipeline/u_vision/u_config/hold_id_reg[10]/C     vision_i/pipe/inst/u_pipeline/u_vision/u_config/dst_id_reg[10]/D
161  CDC-15  Warning   Clock enable controlled CDC structure detected      0  Max Delay Datapath Only  vision_i/pipe/inst/u_pipeline/u_vision/u_config/hold_id_reg[11]/C     vision_i/pipe/inst/u_pipeline/u_vision/u_config/dst_id_reg[11]/D
162  CDC-15  Warning   Clock enable controlled CDC structure detected      0  Max Delay Datapath Only  vision_i/pipe/inst/u_pipeline/u_vision/u_config/hold_id_reg[12]/C     vision_i/pipe/inst/u_pipeline/u_vision/u_config/dst_id_reg[12]/D
163  CDC-15  Warning   Clock enable controlled CDC structure detected      0  Max Delay Datapath Only  vision_i/pipe/inst/u_pipeline/u_vision/u_config/hold_id_reg[13]/C     vision_i/pipe/inst/u_pipeline/u_vision/u_config/dst_id_reg[13]/D
164  CDC-15  Warning   Clock enable controlled CDC structure detected      0  Max Delay Datapath Only  vision_i/pipe/inst/u_pipeline/u_vision/u_config/hold_id_reg[14]/C     vision_i/pipe/inst/u_pipeline/u_vision/u_config/dst_id_reg[14]/D
165  CDC-15  Warning   Clock enable controlled CDC structure detected      0  Max Delay Datapath Only  vision_i/pipe/inst/u_pipeline/u_vision/u_config/hold_id_reg[15]/C     vision_i/pipe/inst/u_pipeline/u_vision/u_config/dst_id_reg[15]/D
166  CDC-15  Warning   Clock enable controlled CDC structure detected      0  Max Delay Datapath Only  vision_i/pipe/inst/u_pipeline/u_vision/u_config/hold_id_reg[16]/C     vision_i/pipe/inst/u_pipeline/u_vision/u_config/dst_id_reg[16]/D
167  CDC-15  Warning   Clock enable controlled CDC structure detected      0  Max Delay Datapath Only  vision_i/pipe/inst/u_pipeline/u_vision/u_config/hold_id_reg[17]/C     vision_i/pipe/inst/u_pipeline/u_vision/u_config/dst_id_reg[17]/D
168  CDC-15  Warning   Clock enable controlled CDC structure detected      0  Max Delay Datapath Only  vision_i/pipe/inst/u_pipeline/u_vision/u_config/hold_id_reg[18]/C     vision_i/pipe/inst/u_pipeline/u_vision/u_config/dst_id_reg[18]/D
169  CDC-15  Warning   Clock enable controlled CDC structure detected      0  Max Delay Datapath Only  vision_i/pipe/inst/u_pipeline/u_vision/u_config/hold_id_reg[19]/C     vision_i/pipe/inst/u_pipeline/u_vision/u_config/dst_id_reg[19]/D
170  CDC-15  Warning   Clock enable controlled CDC structure detected      0  Max Delay Datapath Only  vision_i/pipe/inst/u_pipeline/u_vision/u_config/hold_id_reg[20]/C     vision_i/pipe/inst/u_pipeline/u_vision/u_config/dst_id_reg[20]/D
171  CDC-15  Warning   Clock enable controlled CDC structure detected      0  Max Delay Datapath Only  vision_i/pipe/inst/u_pipeline/u_vision/u_config/hold_id_reg[21]/C     vision_i/pipe/inst/u_pipeline/u_vision/u_config/dst_id_reg[21]/D
172  CDC-15  Warning   Clock enable controlled CDC structure detected      0  Max Delay Datapath Only  vision_i/pipe/inst/u_pipeline/u_vision/u_config/hold_id_reg[22]/C     vision_i/pipe/inst/u_pipeline/u_vision/u_config/dst_id_reg[22]/D
173  CDC-15  Warning   Clock enable controlled CDC structure detected      0  Max Delay Datapath Only  vision_i/pipe/inst/u_pipeline/u_vision/u_config/hold_id_reg[23]/C     vision_i/pipe/inst/u_pipeline/u_vision/u_config/dst_id_reg[23]/D
174  CDC-15  Warning   Clock enable controlled CDC structure detected      0  Max Delay Datapath Only  vision_i/pipe/inst/u_pipeline/u_vision/u_config/hold_id_reg[24]/C     vision_i/pipe/inst/u_pipeline/u_vision/u_config/dst_id_reg[24]/D
175  CDC-15  Warning   Clock enable controlled CDC structure detected      0  Max Delay Datapath Only  vision_i/pipe/inst/u_pipeline/u_vision/u_config/hold_id_reg[25]/C     vision_i/pipe/inst/u_pipeline/u_vision/u_config/dst_id_reg[25]/D
176  CDC-15  Warning   Clock enable controlled CDC structure detected      0  Max Delay Datapath Only  vision_i/pipe/inst/u_pipeline/u_vision/u_config/hold_id_reg[26]/C     vision_i/pipe/inst/u_pipeline/u_vision/u_config/dst_id_reg[26]/D
177  CDC-15  Warning   Clock enable controlled CDC structure detected      0  Max Delay Datapath Only  vision_i/pipe/inst/u_pipeline/u_vision/u_config/hold_id_reg[27]/C     vision_i/pipe/inst/u_pipeline/u_vision/u_config/dst_id_reg[27]/D
178  CDC-15  Warning   Clock enable controlled CDC structure detected      0  Max Delay Datapath Only  vision_i/pipe/inst/u_pipeline/u_vision/u_config/hold_id_reg[28]/C     vision_i/pipe/inst/u_pipeline/u_vision/u_config/dst_id_reg[28]/D
179  CDC-15  Warning   Clock enable controlled CDC structure detected      0  Max Delay Datapath Only  vision_i/pipe/inst/u_pipeline/u_vision/u_config/hold_id_reg[29]/C     vision_i/pipe/inst/u_pipeline/u_vision/u_config/dst_id_reg[29]/D
180  CDC-15  Warning   Clock enable controlled CDC structure detected      0  Max Delay Datapath Only  vision_i/pipe/inst/u_pipeline/u_vision/u_config/hold_id_reg[30]/C     vision_i/pipe/inst/u_pipeline/u_vision/u_config/dst_id_reg[30]/D
181  CDC-15  Warning   Clock enable controlled CDC structure detected      0  Max Delay Datapath Only  vision_i/pipe/inst/u_pipeline/u_vision/u_config/hold_id_reg[31]/C     vision_i/pipe/inst/u_pipeline/u_vision/u_config/dst_id_reg[31]/D
182  CDC-3   Info      1-bit synchronized with ASYNC_REG property          2  False Path               vision_i/pipe/inst/u_pipeline/u_vision/u_config/request_reg/C         vision_i/pipe/inst/u_pipeline/u_vision/u_config/req_meta_reg/D

Source Clock: clk_fpga_2
Destination Clock: PixelClk_int
CDC Type: No Common Primary Clock

Row  ID      Severity  Description                                    Depth  Exception   Source (From)                                                    Destination (To)
---  ------  --------  ---------------------------------------------  -----  ----------  ---------------------------------------------------------------  -----------------------------------------------------------------------------------
  1  CDC-3   Info      1-bit synchronized with ASYNC_REG property         2  False Path  vision_i/rx/U0/DataDecoders[0].DecoderX/SyncBaseOvf/iIn_q_reg/C  vision_i/rx/U0/DataDecoders[0].DecoderX/SyncBaseOvf/SyncAsyncx/oSyncStages_reg[0]/D
  2  CDC-3   Info      1-bit synchronized with ASYNC_REG property         2  False Path  vision_i/rx/U0/DataDecoders[1].DecoderX/SyncBaseOvf/iIn_q_reg/C  vision_i/rx/U0/DataDecoders[1].DecoderX/SyncBaseOvf/SyncAsyncx/oSyncStages_reg[0]/D
  3  CDC-3   Info      1-bit synchronized with ASYNC_REG property         2  False Path  vision_i/rx/U0/DataDecoders[2].DecoderX/SyncBaseOvf/iIn_q_reg/C  vision_i/rx/U0/DataDecoders[2].DecoderX/SyncBaseOvf/SyncAsyncx/oSyncStages_reg[0]/D
  4  CDC-11  Critical  Fan-out from launch flop to destination clock      2  False Path  vision_i/rx/U0/TMDS_ClockingX/aLocked_reg/C                      vision_i/rx/U0/LockLostReset/SyncAsyncx/oSyncStages_reg[0]/PRE
  5  CDC-11  Critical  Fan-out from launch flop to destination clock      2  False Path  vision_i/rx/U0/TMDS_ClockingX/aLocked_reg/C                      vision_i/rx/U0/LockedSync/SyncAsyncx/oSyncStages_reg[0]/CLR

Source Clock: dbg_hub/inst/BSCANID.u_xsdbm_id/SWITCH_N_EXT_BSCAN.bscan_inst/SERIES7_BSCAN.bscan_inst/TCK
Destination Clock: PixelClk_int
CDC Type: No Common Primary Clock

Row  ID     Severity  Description                                              Depth  Exception   Source (From)                                                                                            Destination (To)
---  -----  --------  -------------------------------------------------------  -----  ----------  -------------------------------------------------------------------------------------------------------  -------------------------------------------------------------------------------------------------------------------------------------------------------------------------------------------------------------------
  1  CDC-3  Info      1-bit synchronized with ASYNC_REG property                   2  False Path  dbg_hub/inst/BSCANID.u_xsdbm_id/CORE_XSDB.UUT_MASTER/U_ICON_INTERFACE/U_CMD1/icn_cmd_en_temp_reg/C       dbg_hub/inst/BSCANID.u_xsdbm_id/CORE_XSDB.UUT_MASTER/U_ICON_INTERFACE/U_CMD1/ctl_reg_en_1_reg[0]/D
  2  CDC-3  Info      1-bit synchronized with ASYNC_REG property                   2  False Path  dbg_hub/inst/BSCANID.u_xsdbm_id/CORE_XSDB.UUT_MASTER/U_ICON_INTERFACE/U_CMD2/icn_cmd_en_temp_reg/C       dbg_hub/inst/BSCANID.u_xsdbm_id/CORE_XSDB.UUT_MASTER/U_ICON_INTERFACE/U_CMD2/stat_reg_ld_reg[0]/D
  3  CDC-3  Info      1-bit synchronized with ASYNC_REG property                   2  False Path  dbg_hub/inst/BSCANID.u_xsdbm_id/CORE_XSDB.UUT_MASTER/U_ICON_INTERFACE/U_CMD3/icn_cmd_en_temp_reg/C       dbg_hub/inst/BSCANID.u_xsdbm_id/CORE_XSDB.UUT_MASTER/U_ICON_INTERFACE/U_CMD3/stat_reg_ld_reg[0]/D
  4  CDC-3  Info      1-bit synchronized with ASYNC_REG property                   2  False Path  dbg_hub/inst/BSCANID.u_xsdbm_id/CORE_XSDB.UUT_MASTER/U_ICON_INTERFACE/U_CMD4/icn_cmd_en_temp_reg/C       dbg_hub/inst/BSCANID.u_xsdbm_id/CORE_XSDB.UUT_MASTER/U_ICON_INTERFACE/U_CMD4/ctl_reg_en_1_reg[0]/D
  5  CDC-3  Info      1-bit synchronized with ASYNC_REG property                   2  False Path  dbg_hub/inst/BSCANID.u_xsdbm_id/CORE_XSDB.UUT_MASTER/U_ICON_INTERFACE/U_CMD5/icn_cmd_en_temp_reg/C       dbg_hub/inst/BSCANID.u_xsdbm_id/CORE_XSDB.UUT_MASTER/U_ICON_INTERFACE/U_CMD5/ctl_reg_en_1_reg[0]/D
  6  CDC-9  Info      Asynchronous reset synchronized with ASYNC_REG property      2  False Path  dbg_hub/inst/BSCANID.u_xsdbm_id/CORE_XSDB.UUT_MASTER/U_ICON_INTERFACE/wrdata_rst_reg/C                   dbg_hub/inst/BSCANID.u_xsdbm_id/CORE_XSDB.UUT_MASTER/U_ICON_INTERFACE/U_CMD6_WR/U_WR_FIFO/SUBCORE_FIFO.xsdbm_v3_0_6_wrfifo_inst/inst_fifo_gen/gconvfifo.rf/grf.rf/rstblk/ngwrdrst.grst.g7serrst.rst_rd_reg1_reg/PRE
  7  CDC-3  Info      1-bit synchronized with ASYNC_REG property                   2  False Path  dbg_hub/inst/BSCANID.u_xsdbm_id/CORE_XSDB.UUT_MASTER/U_ICON_INTERFACE/U_CMD7_CTL/icn_cmd_en_temp_reg/C   dbg_hub/inst/BSCANID.u_xsdbm_id/CORE_XSDB.UUT_MASTER/U_ICON_INTERFACE/U_CMD7_CTL/ctl_reg_en_1_reg[0]/D
  8  CDC-3  Info      1-bit synchronized with ASYNC_REG property                   2  False Path  dbg_hub/inst/BSCANID.u_xsdbm_id/CORE_XSDB.UUT_MASTER/U_ICON_INTERFACE/U_CMD7_STAT/icn_cmd_en_temp_reg/C  dbg_hub/inst/BSCANID.u_xsdbm_id/CORE_XSDB.UUT_MASTER/U_ICON_INTERFACE/U_CMD7_STAT/stat_reg_ld_reg[0]/D
  9  CDC-3  Info      1-bit synchronized with ASYNC_REG property                   2  False Path  dbg_hub/inst/BSCANID.u_xsdbm_id/CORE_XSDB.UUT_MASTER/U_ICON_INTERFACE/icn_cmd_en_reg[5]/C                dbg_hub/inst/BSCANID.u_xsdbm_id/CORE_XSDB.UUT_MASTER/U_ICON_INTERFACE/icn_cmd_en_5_temp_reg/D

Source Clock: PixelClk_int
Destination Clock: clk_fpga_0
CDC Type: No Common Primary Clock

Row  ID     Severity  Description                                 Depth  Exception   Source (From)                                                      Destination (To)
---  -----  --------  ------------------------------------------  -----  ----------  -----------------------------------------------------------------  --------------------------------------------------------------
  1  CDC-3  Info      1-bit synchronized with ASYNC_REG property      2  False Path  vision_i/pipe/inst/u_pipeline/u_vision/u_config/acknowledge_reg/C  vision_i/pipe/inst/u_pipeline/u_vision/u_config/ack_meta_reg/D

Source Clock: PixelClk_int
Destination Clock: clk_fpga_2
CDC Type: No Common Primary Clock

Row  ID     Severity  Description                                 Depth  Exception   Source (From)                                                    Destination (To)
---  -----  --------  ------------------------------------------  -----  ----------  ---------------------------------------------------------------  -----------------------------------------------------------------------------------
  1  CDC-7  Critical  Asynchronous reset unknown CDC circuitry        0  False Path  vision_i/rx/U0/LockLostReset/SyncAsyncx/oSyncStages_reg[1]/C     vision_i/rx/U0/DataDecoders[0].DecoderX/SyncBaseOvf/iIn_q_reg/CLR
  2  CDC-7  Critical  Asynchronous reset unknown CDC circuitry        0  False Path  vision_i/rx/U0/LockLostReset/SyncAsyncx/oSyncStages_reg[1]/C     vision_i/rx/U0/DataDecoders[1].DecoderX/SyncBaseOvf/iIn_q_reg/CLR
  3  CDC-7  Critical  Asynchronous reset unknown CDC circuitry        0  False Path  vision_i/rx/U0/LockLostReset/SyncAsyncx/oSyncStages_reg[1]/C     vision_i/rx/U0/DataDecoders[2].DecoderX/SyncBaseOvf/iIn_q_reg/CLR
  4  CDC-3  Info      1-bit synchronized with ASYNC_REG property      2  False Path  vision_i/rx/U0/DataDecoders[0].DecoderX/SyncBaseRst/iIn_q_reg/C  vision_i/rx/U0/DataDecoders[0].DecoderX/SyncBaseRst/SyncAsyncx/oSyncStages_reg[0]/D
  5  CDC-3  Info      1-bit synchronized with ASYNC_REG property      2  False Path  vision_i/rx/U0/DataDecoders[1].DecoderX/SyncBaseRst/iIn_q_reg/C  vision_i/rx/U0/DataDecoders[1].DecoderX/SyncBaseRst/SyncAsyncx/oSyncStages_reg[0]/D
  6  CDC-3  Info      1-bit synchronized with ASYNC_REG property      2  False Path  vision_i/rx/U0/DataDecoders[2].DecoderX/SyncBaseRst/iIn_q_reg/C  vision_i/rx/U0/DataDecoders[2].DecoderX/SyncBaseRst/SyncAsyncx/oSyncStages_reg[0]/D

Source Clock: PixelClk_int
Destination Clock: dbg_hub/inst/BSCANID.u_xsdbm_id/SWITCH_N_EXT_BSCAN.bscan_inst/SERIES7_BSCAN.bscan_inst/TCK
CDC Type: No Common Primary Clock

Row  ID     Severity  Description                                              Depth  Exception   Source (From)                                                                                  Destination (To)
---  -----  --------  -------------------------------------------------------  -----  ----------  ---------------------------------------------------------------------------------------------  -------------------------------------------------------------------------------------------------------------------------------------------------------------------------------------------------------------------
  1  CDC-9  Info      Asynchronous reset synchronized with ASYNC_REG property      2  False Path  dbg_hub/inst/BSCANID.u_xsdbm_id/CORE_XSDB.UUT_MASTER/U_ICON_INTERFACE/rddata_rst_reg/C         dbg_hub/inst/BSCANID.u_xsdbm_id/CORE_XSDB.UUT_MASTER/U_ICON_INTERFACE/U_CMD6_RD/U_RD_FIFO/SUBCORE_FIFO.xsdbm_v3_0_6_rdfifo_inst/inst_fifo_gen/gconvfifo.rf/grf.rf/rstblk/ngwrdrst.grst.g7serrst.rst_rd_reg1_reg/PRE
  2  CDC-3  Info      1-bit synchronized with ASYNC_REG property                   2  False Path  dbg_hub/inst/BSCANID.u_xsdbm_id/CORE_XSDB.UUT_MASTER/U_ICON_INTERFACE/U_CMD1/ctl_reg_reg[0]/C  dbg_hub/inst/BSCANID.u_xsdbm_id/CORE_XSDB.UUT_MASTER/U_ICON_INTERFACE/ma_rst_1_reg/D

