Copyright 1986-2022 Xilinx, Inc. All Rights Reserved. Copyright 2022-2026 Advanced Micro Devices, Inc. All Rights Reserved.
---------------------------------------------------------------------------------------------------------------------------------------------
| Tool Version : Vivado v.2026.1 (win64) Build 6511674 Tue Jun 16 11:02:23 MDT 2026
| Date         : Wed Oct  7 02:31:37 2026
| Host         : never-die-cold running 64-bit major release  (build 9200)
| Command      : report_drc -file data/logs/2026-10-07-hdmi-diagnostic/hdmi/drc.rpt
| Design       : vision_wrapper
| Device       : xc7z020clg400-1
| Speed File   : -1
| Design State : Fully Routed
---------------------------------------------------------------------------------------------------------------------------------------------

Report DRC

Table of Contents
-----------------
1. REPORT SUMMARY
2. REPORT DETAILS

1. REPORT SUMMARY
-----------------
            Netlist: netlist
          Floorplan: impl_1
      Design limits: <entire design considered>
           Ruledeck: default
             Max checks: <unlimited>
             Checks found: 53
+-----------+----------+----------------------------+--------+
| Rule      | Severity | Description                | Checks |
+-----------+----------+----------------------------+--------+
| CHECK-3   | Warning  | Report rule limit reached  | 2      |
| PDCN-1569 | Warning  | LUT equation term check    | 3      |
| RBOR-1    | Warning  | RAMB output registers      | 7      |
| REQP-1839 | Warning  | RAMB36 async control check | 20     |
| REQP-1840 | Warning  | RAMB18 async control check | 20     |
| RTSTAT-10 | Warning  | No routable loads          | 1      |
+-----------+----------+----------------------------+--------+

2. REPORT DETAILS
-----------------
CHECK-3#1 Warning
Report rule limit reached  
REQP-1839 rule limit reached: 20 violations have been found.
Related violations: <none>

CHECK-3#2 Warning
Report rule limit reached  
REQP-1840 rule limit reached: 20 violations have been found.
Related violations: <none>

PDCN-1569#1 Warning
LUT equation term check  
Used physical LUT pin 'A1' of cell dbg_hub/inst/BSCANID.u_xsdbm_id/SWITCH_N_EXT_BSCAN.bscan_switch/temp_curid[31]_i_1 (pin dbg_hub/inst/BSCANID.u_xsdbm_id/SWITCH_N_EXT_BSCAN.bscan_switch/temp_curid[31]_i_1/I1) in site SLICE_X65Y120 is not included in the LUT equation: 'O5=(A4*A5)+(A4*(~A5)*(~A2))+((~A4))'. If this cell is a user instantiated LUT in the design, please remove connectivity to the pin or change the equation and/or INIT string of the LUT to prevent this issue. If the cell is inferred or IP created LUT, please regenerate the IP and/or resynthesize the design to attempt to correct the issue.
Related violations: <none>

PDCN-1569#2 Warning
LUT equation term check  
Used physical LUT pin 'A3' of cell dbg_hub/inst/BSCANID.u_xsdbm_id/SWITCH_N_EXT_BSCAN.bscan_switch/temp_curid[31]_i_1 (pin dbg_hub/inst/BSCANID.u_xsdbm_id/SWITCH_N_EXT_BSCAN.bscan_switch/temp_curid[31]_i_1/I0) in site SLICE_X65Y120 is not included in the LUT equation: 'O5=(A4*A5)+(A4*(~A5)*(~A2))+((~A4))'. If this cell is a user instantiated LUT in the design, please remove connectivity to the pin or change the equation and/or INIT string of the LUT to prevent this issue. If the cell is inferred or IP created LUT, please regenerate the IP and/or resynthesize the design to attempt to correct the issue.
Related violations: <none>

PDCN-1569#3 Warning
LUT equation term check  
Used physical LUT pin 'A5' of cell dbg_hub/inst/BSCANID.u_xsdbm_id/SWITCH_N_EXT_BSCAN.id_state[0]_i_1 (pin dbg_hub/inst/BSCANID.u_xsdbm_id/SWITCH_N_EXT_BSCAN.id_state[0]_i_1/I0) in site SLICE_X56Y127 is not included in the LUT equation: 'O6=(A6+~A6)*((A4))'. If this cell is a user instantiated LUT in the design, please remove connectivity to the pin or change the equation and/or INIT string of the LUT to prevent this issue. If the cell is inferred or IP created LUT, please regenerate the IP and/or resynthesize the design to attempt to correct the issue.
Related violations: <none>

RBOR-1#1 Warning
RAMB output registers  
RAMB vision_i/pipe/inst/u_pipeline/diagnostic.u_display/u_delay/mem_reg_0 output DOA (4) is connected to asynchronous registers, if you use synchronous controls you will get better results both in area and delay (RAMB has synchronous registers built in).
Related violations: <none>

RBOR-1#2 Warning
RAMB output registers  
RAMB vision_i/pipe/inst/u_pipeline/diagnostic.u_display/u_delay/mem_reg_1 output DOA (4) is connected to asynchronous registers, if you use synchronous controls you will get better results both in area and delay (RAMB has synchronous registers built in).
Related violations: <none>

RBOR-1#3 Warning
RAMB output registers  
RAMB vision_i/pipe/inst/u_pipeline/diagnostic.u_display/u_delay/mem_reg_2 output DOA (4) is connected to asynchronous registers, if you use synchronous controls you will get better results both in area and delay (RAMB has synchronous registers built in).
Related violations: <none>

RBOR-1#4 Warning
RAMB output registers  
RAMB vision_i/pipe/inst/u_pipeline/diagnostic.u_display/u_delay/mem_reg_3 output DOA (4) is connected to asynchronous registers, if you use synchronous controls you will get better results both in area and delay (RAMB has synchronous registers built in).
Related violations: <none>

RBOR-1#5 Warning
RAMB output registers  
RAMB vision_i/pipe/inst/u_pipeline/diagnostic.u_display/u_delay/mem_reg_4 output DOA (4) is connected to asynchronous registers, if you use synchronous controls you will get better results both in area and delay (RAMB has synchronous registers built in).
Related violations: <none>

RBOR-1#6 Warning
RAMB output registers  
RAMB vision_i/pipe/inst/u_pipeline/diagnostic.u_display/u_delay/mem_reg_5 output DOA (4) is connected to asynchronous registers, if you use synchronous controls you will get better results both in area and delay (RAMB has synchronous registers built in).
Related violations: <none>

RBOR-1#7 Warning
RAMB output registers  
RAMB vision_i/pipe/inst/u_pipeline/diagnostic.u_display/u_delay/mem_reg_6 output DOA (2) is connected to asynchronous registers, if you use synchronous controls you will get better results both in area and delay (RAMB has synchronous registers built in).
Related violations: <none>

REQP-1839#1 Warning
RAMB36 async control check  
The RAMB36E1 vision_i/pipe/inst/u_pipeline/diagnostic.u_display/u_delay/mem_reg_0 has an input control pin vision_i/pipe/inst/u_pipeline/diagnostic.u_display/u_delay/mem_reg_0/ADDRARDADDR[10] (net: vision_i/pipe/inst/u_pipeline/diagnostic.u_display/u_delay/ptr[8]) which is driven by a register (vision_i/pipe/inst/u_pipeline/diagnostic.u_display/u_delay/ptr_reg[8]) that has an active asychronous set or reset. This may cause corruption of the memory contents and/or read values when the set/reset is asserted and is not analyzed by the default static timing analysis. It is suggested to eliminate the use of a set/reset to registers driving this RAMB pin or else use a synchronous reset in which the assertion of the reset is timed by default.
Related violations: <none>

REQP-1839#2 Warning
RAMB36 async control check  
The RAMB36E1 vision_i/pipe/inst/u_pipeline/diagnostic.u_display/u_delay/mem_reg_0 has an input control pin vision_i/pipe/inst/u_pipeline/diagnostic.u_display/u_delay/mem_reg_0/ADDRARDADDR[11] (net: vision_i/pipe/inst/u_pipeline/diagnostic.u_display/u_delay/ptr[9]) which is driven by a register (vision_i/pipe/inst/u_pipeline/diagnostic.u_display/u_delay/ptr_reg[9]) that has an active asychronous set or reset. This may cause corruption of the memory contents and/or read values when the set/reset is asserted and is not analyzed by the default static timing analysis. It is suggested to eliminate the use of a set/reset to registers driving this RAMB pin or else use a synchronous reset in which the assertion of the reset is timed by default.
Related violations: <none>

REQP-1839#3 Warning
RAMB36 async control check  
The RAMB36E1 vision_i/pipe/inst/u_pipeline/diagnostic.u_display/u_delay/mem_reg_0 has an input control pin vision_i/pipe/inst/u_pipeline/diagnostic.u_display/u_delay/mem_reg_0/ADDRARDADDR[12] (net: vision_i/pipe/inst/u_pipeline/diagnostic.u_display/u_delay/ptr[10]) which is driven by a register (vision_i/pipe/inst/u_pipeline/diagnostic.u_display/u_delay/ptr_reg[10]) that has an active asychronous set or reset. This may cause corruption of the memory contents and/or read values when the set/reset is asserted and is not analyzed by the default static timing analysis. It is suggested to eliminate the use of a set/reset to registers driving this RAMB pin or else use a synchronous reset in which the assertion of the reset is timed by default.
Related violations: <none>

REQP-1839#4 Warning
RAMB36 async control check  
The RAMB36E1 vision_i/pipe/inst/u_pipeline/diagnostic.u_display/u_delay/mem_reg_0 has an input control pin vision_i/pipe/inst/u_pipeline/diagnostic.u_display/u_delay/mem_reg_0/ADDRARDADDR[13] (net: vision_i/pipe/inst/u_pipeline/diagnostic.u_display/u_delay/ptr[11]) which is driven by a register (vision_i/pipe/inst/u_pipeline/diagnostic.u_display/u_delay/ptr_reg[11]) that has an active asychronous set or reset. This may cause corruption of the memory contents and/or read values when the set/reset is asserted and is not analyzed by the default static timing analysis. It is suggested to eliminate the use of a set/reset to registers driving this RAMB pin or else use a synchronous reset in which the assertion of the reset is timed by default.
Related violations: <none>

REQP-1839#5 Warning
RAMB36 async control check  
The RAMB36E1 vision_i/pipe/inst/u_pipeline/diagnostic.u_display/u_delay/mem_reg_0 has an input control pin vision_i/pipe/inst/u_pipeline/diagnostic.u_display/u_delay/mem_reg_0/ADDRARDADDR[14] (net: vision_i/pipe/inst/u_pipeline/diagnostic.u_display/u_delay/ptr[12]) which is driven by a register (vision_i/pipe/inst/u_pipeline/diagnostic.u_display/u_delay/ptr_reg[12]) that has an active asychronous set or reset. This may cause corruption of the memory contents and/or read values when the set/reset is asserted and is not analyzed by the default static timing analysis. It is suggested to eliminate the use of a set/reset to registers driving this RAMB pin or else use a synchronous reset in which the assertion of the reset is timed by default.
Related violations: <none>

REQP-1839#6 Warning
RAMB36 async control check  
The RAMB36E1 vision_i/pipe/inst/u_pipeline/diagnostic.u_display/u_delay/mem_reg_0 has an input control pin vision_i/pipe/inst/u_pipeline/diagnostic.u_display/u_delay/mem_reg_0/ADDRARDADDR[2] (net: vision_i/pipe/inst/u_pipeline/diagnostic.u_display/u_delay/ptr[0]) which is driven by a register (vision_i/pipe/inst/u_pipeline/diagnostic.u_display/u_delay/ptr_reg[0]) that has an active asychronous set or reset. This may cause corruption of the memory contents and/or read values when the set/reset is asserted and is not analyzed by the default static timing analysis. It is suggested to eliminate the use of a set/reset to registers driving this RAMB pin or else use a synchronous reset in which the assertion of the reset is timed by default.
Related violations: <none>

REQP-1839#7 Warning
RAMB36 async control check  
The RAMB36E1 vision_i/pipe/inst/u_pipeline/diagnostic.u_display/u_delay/mem_reg_0 has an input control pin vision_i/pipe/inst/u_pipeline/diagnostic.u_display/u_delay/mem_reg_0/ADDRARDADDR[3] (net: vision_i/pipe/inst/u_pipeline/diagnostic.u_display/u_delay/ptr[1]) which is driven by a register (vision_i/pipe/inst/u_pipeline/diagnostic.u_display/u_delay/ptr_reg[1]) that has an active asychronous set or reset. This may cause corruption of the memory contents and/or read values when the set/reset is asserted and is not analyzed by the default static timing analysis. It is suggested to eliminate the use of a set/reset to registers driving this RAMB pin or else use a synchronous reset in which the assertion of the reset is timed by default.
Related violations: <none>

REQP-1839#8 Warning
RAMB36 async control check  
The RAMB36E1 vision_i/pipe/inst/u_pipeline/diagnostic.u_display/u_delay/mem_reg_0 has an input control pin vision_i/pipe/inst/u_pipeline/diagnostic.u_display/u_delay/mem_reg_0/ADDRARDADDR[4] (net: vision_i/pipe/inst/u_pipeline/diagnostic.u_display/u_delay/ptr[2]) which is driven by a register (vision_i/pipe/inst/u_pipeline/diagnostic.u_display/u_delay/ptr_reg[2]) that has an active asychronous set or reset. This may cause corruption of the memory contents and/or read values when the set/reset is asserted and is not analyzed by the default static timing analysis. It is suggested to eliminate the use of a set/reset to registers driving this RAMB pin or else use a synchronous reset in which the assertion of the reset is timed by default.
Related violations: <none>

REQP-1839#9 Warning
RAMB36 async control check  
The RAMB36E1 vision_i/pipe/inst/u_pipeline/diagnostic.u_display/u_delay/mem_reg_0 has an input control pin vision_i/pipe/inst/u_pipeline/diagnostic.u_display/u_delay/mem_reg_0/ADDRARDADDR[5] (net: vision_i/pipe/inst/u_pipeline/diagnostic.u_display/u_delay/ptr[3]) which is driven by a register (vision_i/pipe/inst/u_pipeline/diagnostic.u_display/u_delay/ptr_reg[3]) that has an active asychronous set or reset. This may cause corruption of the memory contents and/or read values when the set/reset is asserted and is not analyzed by the default static timing analysis. It is suggested to eliminate the use of a set/reset to registers driving this RAMB pin or else use a synchronous reset in which the assertion of the reset is timed by default.
Related violations: <none>

REQP-1839#10 Warning
RAMB36 async control check  
The RAMB36E1 vision_i/pipe/inst/u_pipeline/diagnostic.u_display/u_delay/mem_reg_0 has an input control pin vision_i/pipe/inst/u_pipeline/diagnostic.u_display/u_delay/mem_reg_0/ADDRARDADDR[6] (net: vision_i/pipe/inst/u_pipeline/diagnostic.u_display/u_delay/ptr[4]) which is driven by a register (vision_i/pipe/inst/u_pipeline/diagnostic.u_display/u_delay/ptr_reg[4]) that has an active asychronous set or reset. This may cause corruption of the memory contents and/or read values when the set/reset is asserted and is not analyzed by the default static timing analysis. It is suggested to eliminate the use of a set/reset to registers driving this RAMB pin or else use a synchronous reset in which the assertion of the reset is timed by default.
Related violations: <none>

REQP-1839#11 Warning
RAMB36 async control check  
The RAMB36E1 vision_i/pipe/inst/u_pipeline/diagnostic.u_display/u_delay/mem_reg_0 has an input control pin vision_i/pipe/inst/u_pipeline/diagnostic.u_display/u_delay/mem_reg_0/ADDRARDADDR[7] (net: vision_i/pipe/inst/u_pipeline/diagnostic.u_display/u_delay/ptr[5]) which is driven by a register (vision_i/pipe/inst/u_pipeline/diagnostic.u_display/u_delay/ptr_reg[5]) that has an active asychronous set or reset. This may cause corruption of the memory contents and/or read values when the set/reset is asserted and is not analyzed by the default static timing analysis. It is suggested to eliminate the use of a set/reset to registers driving this RAMB pin or else use a synchronous reset in which the assertion of the reset is timed by default.
Related violations: <none>

REQP-1839#12 Warning
RAMB36 async control check  
The RAMB36E1 vision_i/pipe/inst/u_pipeline/diagnostic.u_display/u_delay/mem_reg_0 has an input control pin vision_i/pipe/inst/u_pipeline/diagnostic.u_display/u_delay/mem_reg_0/ADDRARDADDR[8] (net: vision_i/pipe/inst/u_pipeline/diagnostic.u_display/u_delay/ptr[6]) which is driven by a register (vision_i/pipe/inst/u_pipeline/diagnostic.u_display/u_delay/ptr_reg[6]) that has an active asychronous set or reset. This may cause corruption of the memory contents and/or read values when the set/reset is asserted and is not analyzed by the default static timing analysis. It is suggested to eliminate the use of a set/reset to registers driving this RAMB pin or else use a synchronous reset in which the assertion of the reset is timed by default.
Related violations: <none>

REQP-1839#13 Warning
RAMB36 async control check  
The RAMB36E1 vision_i/pipe/inst/u_pipeline/diagnostic.u_display/u_delay/mem_reg_0 has an input control pin vision_i/pipe/inst/u_pipeline/diagnostic.u_display/u_delay/mem_reg_0/ADDRARDADDR[9] (net: vision_i/pipe/inst/u_pipeline/diagnostic.u_display/u_delay/ptr[7]) which is driven by a register (vision_i/pipe/inst/u_pipeline/diagnostic.u_display/u_delay/ptr_reg[7]) that has an active asychronous set or reset. This may cause corruption of the memory contents and/or read values when the set/reset is asserted and is not analyzed by the default static timing analysis. It is suggested to eliminate the use of a set/reset to registers driving this RAMB pin or else use a synchronous reset in which the assertion of the reset is timed by default.
Related violations: <none>

REQP-1839#14 Warning
RAMB36 async control check  
The RAMB36E1 vision_i/pipe/inst/u_pipeline/diagnostic.u_display/u_delay/mem_reg_0 has an input control pin vision_i/pipe/inst/u_pipeline/diagnostic.u_display/u_delay/mem_reg_0/ENARDEN (net: vision_i/pipe/inst/u_pipeline/diagnostic.u_display/u_delay/out[0]) which is driven by a register (vision_i/pipe/inst/u_pipeline/u_reset/release_pipe_reg[1]) that has an active asychronous set or reset. This may cause corruption of the memory contents and/or read values when the set/reset is asserted and is not analyzed by the default static timing analysis. It is suggested to eliminate the use of a set/reset to registers driving this RAMB pin or else use a synchronous reset in which the assertion of the reset is timed by default.
Related violations: <none>

REQP-1839#15 Warning
RAMB36 async control check  
The RAMB36E1 vision_i/pipe/inst/u_pipeline/diagnostic.u_display/u_delay/mem_reg_1 has an input control pin vision_i/pipe/inst/u_pipeline/diagnostic.u_display/u_delay/mem_reg_1/ADDRARDADDR[10] (net: vision_i/pipe/inst/u_pipeline/diagnostic.u_display/u_delay/ptr[8]) which is driven by a register (vision_i/pipe/inst/u_pipeline/diagnostic.u_display/u_delay/ptr_reg[8]) that has an active asychronous set or reset. This may cause corruption of the memory contents and/or read values when the set/reset is asserted and is not analyzed by the default static timing analysis. It is suggested to eliminate the use of a set/reset to registers driving this RAMB pin or else use a synchronous reset in which the assertion of the reset is timed by default.
Related violations: <none>

REQP-1839#16 Warning
RAMB36 async control check  
The RAMB36E1 vision_i/pipe/inst/u_pipeline/diagnostic.u_display/u_delay/mem_reg_1 has an input control pin vision_i/pipe/inst/u_pipeline/diagnostic.u_display/u_delay/mem_reg_1/ADDRARDADDR[11] (net: vision_i/pipe/inst/u_pipeline/diagnostic.u_display/u_delay/ptr[9]) which is driven by a register (vision_i/pipe/inst/u_pipeline/diagnostic.u_display/u_delay/ptr_reg[9]) that has an active asychronous set or reset. This may cause corruption of the memory contents and/or read values when the set/reset is asserted and is not analyzed by the default static timing analysis. It is suggested to eliminate the use of a set/reset to registers driving this RAMB pin or else use a synchronous reset in which the assertion of the reset is timed by default.
Related violations: <none>

REQP-1839#17 Warning
RAMB36 async control check  
The RAMB36E1 vision_i/pipe/inst/u_pipeline/diagnostic.u_display/u_delay/mem_reg_1 has an input control pin vision_i/pipe/inst/u_pipeline/diagnostic.u_display/u_delay/mem_reg_1/ADDRARDADDR[12] (net: vision_i/pipe/inst/u_pipeline/diagnostic.u_display/u_delay/ptr[10]) which is driven by a register (vision_i/pipe/inst/u_pipeline/diagnostic.u_display/u_delay/ptr_reg[10]) that has an active asychronous set or reset. This may cause corruption of the memory contents and/or read values when the set/reset is asserted and is not analyzed by the default static timing analysis. It is suggested to eliminate the use of a set/reset to registers driving this RAMB pin or else use a synchronous reset in which the assertion of the reset is timed by default.
Related violations: <none>

REQP-1839#18 Warning
RAMB36 async control check  
The RAMB36E1 vision_i/pipe/inst/u_pipeline/diagnostic.u_display/u_delay/mem_reg_1 has an input control pin vision_i/pipe/inst/u_pipeline/diagnostic.u_display/u_delay/mem_reg_1/ADDRARDADDR[13] (net: vision_i/pipe/inst/u_pipeline/diagnostic.u_display/u_delay/ptr[11]) which is driven by a register (vision_i/pipe/inst/u_pipeline/diagnostic.u_display/u_delay/ptr_reg[11]) that has an active asychronous set or reset. This may cause corruption of the memory contents and/or read values when the set/reset is asserted and is not analyzed by the default static timing analysis. It is suggested to eliminate the use of a set/reset to registers driving this RAMB pin or else use a synchronous reset in which the assertion of the reset is timed by default.
Related violations: <none>

REQP-1839#19 Warning
RAMB36 async control check  
The RAMB36E1 vision_i/pipe/inst/u_pipeline/diagnostic.u_display/u_delay/mem_reg_1 has an input control pin vision_i/pipe/inst/u_pipeline/diagnostic.u_display/u_delay/mem_reg_1/ADDRARDADDR[14] (net: vision_i/pipe/inst/u_pipeline/diagnostic.u_display/u_delay/ptr[12]) which is driven by a register (vision_i/pipe/inst/u_pipeline/diagnostic.u_display/u_delay/ptr_reg[12]) that has an active asychronous set or reset. This may cause corruption of the memory contents and/or read values when the set/reset is asserted and is not analyzed by the default static timing analysis. It is suggested to eliminate the use of a set/reset to registers driving this RAMB pin or else use a synchronous reset in which the assertion of the reset is timed by default.
Related violations: <none>

REQP-1839#20 Warning
RAMB36 async control check  
The RAMB36E1 vision_i/pipe/inst/u_pipeline/diagnostic.u_display/u_delay/mem_reg_1 has an input control pin vision_i/pipe/inst/u_pipeline/diagnostic.u_display/u_delay/mem_reg_1/ADDRARDADDR[9] (net: vision_i/pipe/inst/u_pipeline/diagnostic.u_display/u_delay/ptr[7]) which is driven by a register (vision_i/pipe/inst/u_pipeline/diagnostic.u_display/u_delay/ptr_reg[7]) that has an active asychronous set or reset. This may cause corruption of the memory contents and/or read values when the set/reset is asserted and is not analyzed by the default static timing analysis. It is suggested to eliminate the use of a set/reset to registers driving this RAMB pin or else use a synchronous reset in which the assertion of the reset is timed by default.
Related violations: <none>

REQP-1840#1 Warning
RAMB18 async control check  
The RAMB18E1 vision_i/pipe/inst/u_pipeline/diagnostic.u_display/u_delay/mem_reg_7 has an input control pin vision_i/pipe/inst/u_pipeline/diagnostic.u_display/u_delay/mem_reg_7/ADDRARDADDR[10] (net: vision_i/pipe/inst/u_pipeline/diagnostic.u_display/u_delay/ptr[9]) which is driven by a register (vision_i/pipe/inst/u_pipeline/diagnostic.u_display/u_delay/ptr_reg[9]) that has an active asychronous set or reset. This may cause corruption of the memory contents and/or read values when the set/reset is asserted and is not analyzed by the default static timing analysis. It is suggested to eliminate the use of a set/reset to registers driving this RAMB pin or else use a synchronous reset in which the assertion of the reset is timed by default.
Related violations: <none>

REQP-1840#2 Warning
RAMB18 async control check  
The RAMB18E1 vision_i/pipe/inst/u_pipeline/diagnostic.u_display/u_delay/mem_reg_7 has an input control pin vision_i/pipe/inst/u_pipeline/diagnostic.u_display/u_delay/mem_reg_7/ADDRARDADDR[11] (net: vision_i/pipe/inst/u_pipeline/diagnostic.u_display/u_delay/ptr[10]) which is driven by a register (vision_i/pipe/inst/u_pipeline/diagnostic.u_display/u_delay/ptr_reg[10]) that has an active asychronous set or reset. This may cause corruption of the memory contents and/or read values when the set/reset is asserted and is not analyzed by the default static timing analysis. It is suggested to eliminate the use of a set/reset to registers driving this RAMB pin or else use a synchronous reset in which the assertion of the reset is timed by default.
Related violations: <none>

REQP-1840#3 Warning
RAMB18 async control check  
The RAMB18E1 vision_i/pipe/inst/u_pipeline/diagnostic.u_display/u_delay/mem_reg_7 has an input control pin vision_i/pipe/inst/u_pipeline/diagnostic.u_display/u_delay/mem_reg_7/ADDRARDADDR[12] (net: vision_i/pipe/inst/u_pipeline/diagnostic.u_display/u_delay/ptr[11]) which is driven by a register (vision_i/pipe/inst/u_pipeline/diagnostic.u_display/u_delay/ptr_reg[11]) that has an active asychronous set or reset. This may cause corruption of the memory contents and/or read values when the set/reset is asserted and is not analyzed by the default static timing analysis. It is suggested to eliminate the use of a set/reset to registers driving this RAMB pin or else use a synchronous reset in which the assertion of the reset is timed by default.
Related violations: <none>

REQP-1840#4 Warning
RAMB18 async control check  
The RAMB18E1 vision_i/pipe/inst/u_pipeline/diagnostic.u_display/u_delay/mem_reg_7 has an input control pin vision_i/pipe/inst/u_pipeline/diagnostic.u_display/u_delay/mem_reg_7/ADDRARDADDR[13] (net: vision_i/pipe/inst/u_pipeline/diagnostic.u_display/u_delay/ptr[12]) which is driven by a register (vision_i/pipe/inst/u_pipeline/diagnostic.u_display/u_delay/ptr_reg[12]) that has an active asychronous set or reset. This may cause corruption of the memory contents and/or read values when the set/reset is asserted and is not analyzed by the default static timing analysis. It is suggested to eliminate the use of a set/reset to registers driving this RAMB pin or else use a synchronous reset in which the assertion of the reset is timed by default.
Related violations: <none>

REQP-1840#5 Warning
RAMB18 async control check  
The RAMB18E1 vision_i/pipe/inst/u_pipeline/diagnostic.u_display/u_delay/mem_reg_7 has an input control pin vision_i/pipe/inst/u_pipeline/diagnostic.u_display/u_delay/mem_reg_7/ADDRARDADDR[1] (net: vision_i/pipe/inst/u_pipeline/diagnostic.u_display/u_delay/ptr[0]) which is driven by a register (vision_i/pipe/inst/u_pipeline/diagnostic.u_display/u_delay/ptr_reg[0]) that has an active asychronous set or reset. This may cause corruption of the memory contents and/or read values when the set/reset is asserted and is not analyzed by the default static timing analysis. It is suggested to eliminate the use of a set/reset to registers driving this RAMB pin or else use a synchronous reset in which the assertion of the reset is timed by default.
Related violations: <none>

REQP-1840#6 Warning
RAMB18 async control check  
The RAMB18E1 vision_i/pipe/inst/u_pipeline/diagnostic.u_display/u_delay/mem_reg_7 has an input control pin vision_i/pipe/inst/u_pipeline/diagnostic.u_display/u_delay/mem_reg_7/ADDRARDADDR[2] (net: vision_i/pipe/inst/u_pipeline/diagnostic.u_display/u_delay/ptr[1]) which is driven by a register (vision_i/pipe/inst/u_pipeline/diagnostic.u_display/u_delay/ptr_reg[1]) that has an active asychronous set or reset. This may cause corruption of the memory contents and/or read values when the set/reset is asserted and is not analyzed by the default static timing analysis. It is suggested to eliminate the use of a set/reset to registers driving this RAMB pin or else use a synchronous reset in which the assertion of the reset is timed by default.
Related violations: <none>

REQP-1840#7 Warning
RAMB18 async control check  
The RAMB18E1 vision_i/pipe/inst/u_pipeline/diagnostic.u_display/u_delay/mem_reg_7 has an input control pin vision_i/pipe/inst/u_pipeline/diagnostic.u_display/u_delay/mem_reg_7/ADDRARDADDR[3] (net: vision_i/pipe/inst/u_pipeline/diagnostic.u_display/u_delay/ptr[2]) which is driven by a register (vision_i/pipe/inst/u_pipeline/diagnostic.u_display/u_delay/ptr_reg[2]) that has an active asychronous set or reset. This may cause corruption of the memory contents and/or read values when the set/reset is asserted and is not analyzed by the default static timing analysis. It is suggested to eliminate the use of a set/reset to registers driving this RAMB pin or else use a synchronous reset in which the assertion of the reset is timed by default.
Related violations: <none>

REQP-1840#8 Warning
RAMB18 async control check  
The RAMB18E1 vision_i/pipe/inst/u_pipeline/diagnostic.u_display/u_delay/mem_reg_7 has an input control pin vision_i/pipe/inst/u_pipeline/diagnostic.u_display/u_delay/mem_reg_7/ADDRARDADDR[4] (net: vision_i/pipe/inst/u_pipeline/diagnostic.u_display/u_delay/ptr[3]) which is driven by a register (vision_i/pipe/inst/u_pipeline/diagnostic.u_display/u_delay/ptr_reg[3]) that has an active asychronous set or reset. This may cause corruption of the memory contents and/or read values when the set/reset is asserted and is not analyzed by the default static timing analysis. It is suggested to eliminate the use of a set/reset to registers driving this RAMB pin or else use a synchronous reset in which the assertion of the reset is timed by default.
Related violations: <none>

REQP-1840#9 Warning
RAMB18 async control check  
The RAMB18E1 vision_i/pipe/inst/u_pipeline/diagnostic.u_display/u_delay/mem_reg_7 has an input control pin vision_i/pipe/inst/u_pipeline/diagnostic.u_display/u_delay/mem_reg_7/ADDRARDADDR[5] (net: vision_i/pipe/inst/u_pipeline/diagnostic.u_display/u_delay/ptr[4]) which is driven by a register (vision_i/pipe/inst/u_pipeline/diagnostic.u_display/u_delay/ptr_reg[4]) that has an active asychronous set or reset. This may cause corruption of the memory contents and/or read values when the set/reset is asserted and is not analyzed by the default static timing analysis. It is suggested to eliminate the use of a set/reset to registers driving this RAMB pin or else use a synchronous reset in which the assertion of the reset is timed by default.
Related violations: <none>

REQP-1840#10 Warning
RAMB18 async control check  
The RAMB18E1 vision_i/pipe/inst/u_pipeline/diagnostic.u_display/u_delay/mem_reg_7 has an input control pin vision_i/pipe/inst/u_pipeline/diagnostic.u_display/u_delay/mem_reg_7/ADDRARDADDR[6] (net: vision_i/pipe/inst/u_pipeline/diagnostic.u_display/u_delay/ptr[5]) which is driven by a register (vision_i/pipe/inst/u_pipeline/diagnostic.u_display/u_delay/ptr_reg[5]) that has an active asychronous set or reset. This may cause corruption of the memory contents and/or read values when the set/reset is asserted and is not analyzed by the default static timing analysis. It is suggested to eliminate the use of a set/reset to registers driving this RAMB pin or else use a synchronous reset in which the assertion of the reset is timed by default.
Related violations: <none>

REQP-1840#11 Warning
RAMB18 async control check  
The RAMB18E1 vision_i/pipe/inst/u_pipeline/diagnostic.u_display/u_delay/mem_reg_7 has an input control pin vision_i/pipe/inst/u_pipeline/diagnostic.u_display/u_delay/mem_reg_7/ADDRARDADDR[7] (net: vision_i/pipe/inst/u_pipeline/diagnostic.u_display/u_delay/ptr[6]) which is driven by a register (vision_i/pipe/inst/u_pipeline/diagnostic.u_display/u_delay/ptr_reg[6]) that has an active asychronous set or reset. This may cause corruption of the memory contents and/or read values when the set/reset is asserted and is not analyzed by the default static timing analysis. It is suggested to eliminate the use of a set/reset to registers driving this RAMB pin or else use a synchronous reset in which the assertion of the reset is timed by default.
Related violations: <none>

REQP-1840#12 Warning
RAMB18 async control check  
The RAMB18E1 vision_i/pipe/inst/u_pipeline/diagnostic.u_display/u_delay/mem_reg_7 has an input control pin vision_i/pipe/inst/u_pipeline/diagnostic.u_display/u_delay/mem_reg_7/ADDRARDADDR[8] (net: vision_i/pipe/inst/u_pipeline/diagnostic.u_display/u_delay/ptr[7]) which is driven by a register (vision_i/pipe/inst/u_pipeline/diagnostic.u_display/u_delay/ptr_reg[7]) that has an active asychronous set or reset. This may cause corruption of the memory contents and/or read values when the set/reset is asserted and is not analyzed by the default static timing analysis. It is suggested to eliminate the use of a set/reset to registers driving this RAMB pin or else use a synchronous reset in which the assertion of the reset is timed by default.
Related violations: <none>

REQP-1840#13 Warning
RAMB18 async control check  
The RAMB18E1 vision_i/pipe/inst/u_pipeline/diagnostic.u_display/u_delay/mem_reg_7 has an input control pin vision_i/pipe/inst/u_pipeline/diagnostic.u_display/u_delay/mem_reg_7/ADDRARDADDR[9] (net: vision_i/pipe/inst/u_pipeline/diagnostic.u_display/u_delay/ptr[8]) which is driven by a register (vision_i/pipe/inst/u_pipeline/diagnostic.u_display/u_delay/ptr_reg[8]) that has an active asychronous set or reset. This may cause corruption of the memory contents and/or read values when the set/reset is asserted and is not analyzed by the default static timing analysis. It is suggested to eliminate the use of a set/reset to registers driving this RAMB pin or else use a synchronous reset in which the assertion of the reset is timed by default.
Related violations: <none>

REQP-1840#14 Warning
RAMB18 async control check  
The RAMB18E1 vision_i/pipe/inst/u_pipeline/diagnostic.u_display/u_delay/mem_reg_7 has an input control pin vision_i/pipe/inst/u_pipeline/diagnostic.u_display/u_delay/mem_reg_7/ENARDEN (net: vision_i/pipe/inst/u_pipeline/diagnostic.u_display/u_delay/out[0]) which is driven by a register (vision_i/pipe/inst/u_pipeline/u_reset/release_pipe_reg[1]) that has an active asychronous set or reset. This may cause corruption of the memory contents and/or read values when the set/reset is asserted and is not analyzed by the default static timing analysis. It is suggested to eliminate the use of a set/reset to registers driving this RAMB pin or else use a synchronous reset in which the assertion of the reset is timed by default.
Related violations: <none>

REQP-1840#15 Warning
RAMB18 async control check  
The RAMB18E1 vision_i/pipe/inst/u_pipeline/u_vision/u_gauss/lb0/mem_reg has an input control pin vision_i/pipe/inst/u_pipeline/u_vision/u_gauss/lb0/mem_reg/ADDRARDADDR[11] (net: vision_i/pipe/inst/u_pipeline/u_vision/u_gauss/lb0/ADDRARDADDR[8]) which is driven by a register (vision_i/pipe/inst/u_pipeline/u_vision/u_gauss/x_reg[0]) that has an active asychronous set or reset. This may cause corruption of the memory contents and/or read values when the set/reset is asserted and is not analyzed by the default static timing analysis. It is suggested to eliminate the use of a set/reset to registers driving this RAMB pin or else use a synchronous reset in which the assertion of the reset is timed by default.
Related violations: <none>

REQP-1840#16 Warning
RAMB18 async control check  
The RAMB18E1 vision_i/pipe/inst/u_pipeline/u_vision/u_gauss/lb0/mem_reg has an input control pin vision_i/pipe/inst/u_pipeline/u_vision/u_gauss/lb0/mem_reg/ADDRARDADDR[11] (net: vision_i/pipe/inst/u_pipeline/u_vision/u_gauss/lb0/ADDRARDADDR[8]) which is driven by a register (vision_i/pipe/inst/u_pipeline/u_vision/u_gauss/x_reg[10]) that has an active asychronous set or reset. This may cause corruption of the memory contents and/or read values when the set/reset is asserted and is not analyzed by the default static timing analysis. It is suggested to eliminate the use of a set/reset to registers driving this RAMB pin or else use a synchronous reset in which the assertion of the reset is timed by default.
Related violations: <none>

REQP-1840#17 Warning
RAMB18 async control check  
The RAMB18E1 vision_i/pipe/inst/u_pipeline/u_vision/u_gauss/lb0/mem_reg has an input control pin vision_i/pipe/inst/u_pipeline/u_vision/u_gauss/lb0/mem_reg/ADDRARDADDR[11] (net: vision_i/pipe/inst/u_pipeline/u_vision/u_gauss/lb0/ADDRARDADDR[8]) which is driven by a register (vision_i/pipe/inst/u_pipeline/u_vision/u_gauss/x_reg[11]) that has an active asychronous set or reset. This may cause corruption of the memory contents and/or read values when the set/reset is asserted and is not analyzed by the default static timing analysis. It is suggested to eliminate the use of a set/reset to registers driving this RAMB pin or else use a synchronous reset in which the assertion of the reset is timed by default.
Related violations: <none>

REQP-1840#18 Warning
RAMB18 async control check  
The RAMB18E1 vision_i/pipe/inst/u_pipeline/u_vision/u_gauss/lb0/mem_reg has an input control pin vision_i/pipe/inst/u_pipeline/u_vision/u_gauss/lb0/mem_reg/ADDRARDADDR[11] (net: vision_i/pipe/inst/u_pipeline/u_vision/u_gauss/lb0/ADDRARDADDR[8]) which is driven by a register (vision_i/pipe/inst/u_pipeline/u_vision/u_gauss/x_reg[1]) that has an active asychronous set or reset. This may cause corruption of the memory contents and/or read values when the set/reset is asserted and is not analyzed by the default static timing analysis. It is suggested to eliminate the use of a set/reset to registers driving this RAMB pin or else use a synchronous reset in which the assertion of the reset is timed by default.
Related violations: <none>

REQP-1840#19 Warning
RAMB18 async control check  
The RAMB18E1 vision_i/pipe/inst/u_pipeline/u_vision/u_gauss/lb0/mem_reg has an input control pin vision_i/pipe/inst/u_pipeline/u_vision/u_gauss/lb0/mem_reg/ADDRARDADDR[12] (net: vision_i/pipe/inst/u_pipeline/u_vision/u_gauss/lb0/ADDRARDADDR[9]) which is driven by a register (vision_i/pipe/inst/u_pipeline/u_vision/u_gauss/x_reg[9]) that has an active asychronous set or reset. This may cause corruption of the memory contents and/or read values when the set/reset is asserted and is not analyzed by the default static timing analysis. It is suggested to eliminate the use of a set/reset to registers driving this RAMB pin or else use a synchronous reset in which the assertion of the reset is timed by default.
Related violations: <none>

REQP-1840#20 Warning
RAMB18 async control check  
The RAMB18E1 vision_i/pipe/inst/u_pipeline/u_vision/u_gauss/lb0/mem_reg has an input control pin vision_i/pipe/inst/u_pipeline/u_vision/u_gauss/lb0/mem_reg/ADDRARDADDR[13] (net: vision_i/pipe/inst/u_pipeline/u_vision/u_gauss/lb0/ADDRARDADDR[10]) which is driven by a register (vision_i/pipe/inst/u_pipeline/u_vision/u_gauss/x_reg[10]) that has an active asychronous set or reset. This may cause corruption of the memory contents and/or read values when the set/reset is asserted and is not analyzed by the default static timing analysis. It is suggested to eliminate the use of a set/reset to registers driving this RAMB pin or else use a synchronous reset in which the assertion of the reset is timed by default.
Related violations: <none>

RTSTAT-10#1 Warning
No routable loads  
25 net(s) have no routable loads. The problem bus(es) and/or net(s) are dbg_hub/inst/BSCANID.u_xsdbm_id/CORE_XSDB.UUT_MASTER/U_ICON_INTERFACE/U_CMD1/ctl_reg_en_2[1],
dbg_hub/inst/BSCANID.u_xsdbm_id/CORE_XSDB.UUT_MASTER/U_ICON_INTERFACE/U_CMD6_RD/U_RD_FIFO/SUBCORE_FIFO.xsdbm_v3_0_6_rdfifo_inst/inst_fifo_gen/gconvfifo.rf/grf.rf/gntv_or_sync_fifo.gl0.rd/gr1.gr1_int.rfwft/aempty_fwft_i,
dbg_hub/inst/BSCANID.u_xsdbm_id/CORE_XSDB.UUT_MASTER/U_ICON_INTERFACE/U_CMD6_RD/U_RD_FIFO/SUBCORE_FIFO.xsdbm_v3_0_6_rdfifo_inst/inst_fifo_gen/gconvfifo.rf/grf.rf/gntv_or_sync_fifo.gl0.rd/gras.rsts/ram_empty_i,
dbg_hub/inst/BSCANID.u_xsdbm_id/CORE_XSDB.UUT_MASTER/U_ICON_INTERFACE/U_CMD6_RD/U_RD_FIFO/SUBCORE_FIFO.xsdbm_v3_0_6_rdfifo_inst/inst_fifo_gen/gconvfifo.rf/grf.rf/gntv_or_sync_fifo.gl0.rd/grhf.rhf/underflow,
dbg_hub/inst/BSCANID.u_xsdbm_id/CORE_XSDB.UUT_MASTER/U_ICON_INTERFACE/U_CMD6_RD/U_RD_FIFO/SUBCORE_FIFO.xsdbm_v3_0_6_rdfifo_inst/inst_fifo_gen/gconvfifo.rf/grf.rf/gntv_or_sync_fifo.gl0.wr/gwhf.whf/overflow,
dbg_hub/inst/BSCANID.u_xsdbm_id/CORE_XSDB.UUT_MASTER/U_ICON_INTERFACE/U_CMD6_RD/U_RD_FIFO/SUBCORE_FIFO.xsdbm_v3_0_6_rdfifo_inst/inst_fifo_gen/gconvfifo.rf/grf.rf/rstblk/ngwrdrst.grst.wr_rst_reg[2],
dbg_hub/inst/BSCANID.u_xsdbm_id/CORE_XSDB.UUT_MASTER/U_ICON_INTERFACE/U_CMD6_WR/U_WR_FIFO/SUBCORE_FIFO.xsdbm_v3_0_6_wrfifo_inst/inst_fifo_gen/gconvfifo.rf/grf.rf/gntv_or_sync_fifo.gl0.rd/grhf.rhf/underflow,
dbg_hub/inst/BSCANID.u_xsdbm_id/CORE_XSDB.UUT_MASTER/U_ICON_INTERFACE/U_CMD6_WR/U_WR_FIFO/SUBCORE_FIFO.xsdbm_v3_0_6_wrfifo_inst/inst_fifo_gen/gconvfifo.rf/grf.rf/gntv_or_sync_fifo.gl0.wr/gwas.wsts/ram_full_i,
dbg_hub/inst/BSCANID.u_xsdbm_id/CORE_XSDB.UUT_MASTER/U_ICON_INTERFACE/U_CMD6_WR/U_WR_FIFO/SUBCORE_FIFO.xsdbm_v3_0_6_wrfifo_inst/inst_fifo_gen/gconvfifo.rf/grf.rf/gntv_or_sync_fifo.gl0.wr/gwhf.whf/overflow,
dbg_hub/inst/BSCANID.u_xsdbm_id/CORE_XSDB.UUT_MASTER/U_ICON_INTERFACE/U_CMD6_WR/U_WR_FIFO/SUBCORE_FIFO.xsdbm_v3_0_6_wrfifo_inst/inst_fifo_gen/gconvfifo.rf/grf.rf/rstblk/ngwrdrst.grst.rd_rst_reg[0],
dbg_hub/inst/BSCANID.u_xsdbm_id/CORE_XSDB.UUT_MASTER/U_ICON_INTERFACE/U_CMD6_WR/U_WR_FIFO/SUBCORE_FIFO.xsdbm_v3_0_6_wrfifo_inst/inst_fifo_gen/gconvfifo.rf/grf.rf/rstblk/ngwrdrst.grst.wr_rst_reg[2],
dbg_hub/inst/BSCANID.u_xsdbm_id/CORE_XSDB.UUT_MASTER/U_ICON_INTERFACE/U_CMD7_CTL/ctl_reg[2:0],
dbg_hub/inst/BSCANID.u_xsdbm_id/CORE_XSDB.UUT_MASTER/U_ICON_INTERFACE/U_CMD7_CTL/ctl_reg_en_2[1],
dbg_hub/inst/BSCANID.u_xsdbm_id/SWITCH_N_EXT_BSCAN.bscan_inst/TMS,
dbg_hub/inst/BSCANID.u_xsdbm_id/SWITCH_N_EXT_BSCAN.bscan_switch/m_bscan_capture[0]
 (the first 15 of 23 listed).
Related violations: <none>


