Copyright 1986-2022 Xilinx, Inc. All Rights Reserved. Copyright 2022-2026 Advanced Micro Devices, Inc. All Rights Reserved.
---------------------------------------------------------------------------------------------------------------------------------------------
| Tool Version : Vivado v.2026.1 (win64) Build 6511674 Tue Jun 16 11:02:23 MDT 2026
| Date         : Tue Oct  6 22:28:27 2026
| Host         : Walter-Cooper running 64-bit major release  (build 9200)
| Command      : report_drc -file D:/Desktop/contests/2026fpga/FPGA-Alittle-Design/build/reports/soc_40mhz_bht2/soc_drc_impl.rpt
| Design       : pynq_z2_top
| Device       : xc7z020clg400-1
| Speed File   : -1
| Design State : Fully Routed
---------------------------------------------------------------------------------------------------------------------------------------------

Report DRC

Table of Contents
-----------------
1. REPORT SUMMARY
2. REPORT DETAILS

1. REPORT SUMMARY
-----------------
            Netlist: pynq_z2_top
          Floorplan: design_1
      Design limits: <entire design considered>
           Ruledeck: default
             Max checks: <unlimited>
             Checks found: 22
+-----------+----------+----------------------------+--------+
| Rule      | Severity | Description                | Checks |
+-----------+----------+----------------------------+--------+
| CHECK-3   | Warning  | Report rule limit reached  | 1      |
| REQP-1839 | Warning  | RAMB36 async control check | 20     |
| ZPS7-1    | Warning  | PS7 block required         | 1      |
+-----------+----------+----------------------------+--------+

2. REPORT DETAILS
-----------------
CHECK-3#1 Warning
Report rule limit reached  
REQP-1839 rule limit reached: 20 violations have been found.
Related violations: <none>

REQP-1839#1 Warning
RAMB36 async control check  
The RAMB36E1 u_soc/u_imem/rdata_reg_7 has an input control pin u_soc/u_imem/rdata_reg_7/ADDRARDADDR[14] (net: u_soc/u_imem/ADDRARDADDR[12]) which is driven by a register (u_soc/u_core/u_branch_predict/gen_bht2.bht_reg[0][1]) that has an active asychronous set or reset. This may cause corruption of the memory contents and/or read values when the set/reset is asserted and is not analyzed by the default static timing analysis. It is suggested to eliminate the use of a set/reset to registers driving this RAMB pin or else use a synchronous reset in which the assertion of the reset is timed by default.
Related violations: <none>

REQP-1839#2 Warning
RAMB36 async control check  
The RAMB36E1 u_soc/u_imem/rdata_reg_7 has an input control pin u_soc/u_imem/rdata_reg_7/ADDRARDADDR[14] (net: u_soc/u_imem/ADDRARDADDR[12]) which is driven by a register (u_soc/u_core/u_branch_predict/gen_bht2.bht_reg[10][1]) that has an active asychronous set or reset. This may cause corruption of the memory contents and/or read values when the set/reset is asserted and is not analyzed by the default static timing analysis. It is suggested to eliminate the use of a set/reset to registers driving this RAMB pin or else use a synchronous reset in which the assertion of the reset is timed by default.
Related violations: <none>

REQP-1839#3 Warning
RAMB36 async control check  
The RAMB36E1 u_soc/u_imem/rdata_reg_7 has an input control pin u_soc/u_imem/rdata_reg_7/ADDRARDADDR[14] (net: u_soc/u_imem/ADDRARDADDR[12]) which is driven by a register (u_soc/u_core/u_branch_predict/gen_bht2.bht_reg[11][1]) that has an active asychronous set or reset. This may cause corruption of the memory contents and/or read values when the set/reset is asserted and is not analyzed by the default static timing analysis. It is suggested to eliminate the use of a set/reset to registers driving this RAMB pin or else use a synchronous reset in which the assertion of the reset is timed by default.
Related violations: <none>

REQP-1839#4 Warning
RAMB36 async control check  
The RAMB36E1 u_soc/u_imem/rdata_reg_7 has an input control pin u_soc/u_imem/rdata_reg_7/ADDRARDADDR[14] (net: u_soc/u_imem/ADDRARDADDR[12]) which is driven by a register (u_soc/u_core/u_branch_predict/gen_bht2.bht_reg[12][1]) that has an active asychronous set or reset. This may cause corruption of the memory contents and/or read values when the set/reset is asserted and is not analyzed by the default static timing analysis. It is suggested to eliminate the use of a set/reset to registers driving this RAMB pin or else use a synchronous reset in which the assertion of the reset is timed by default.
Related violations: <none>

REQP-1839#5 Warning
RAMB36 async control check  
The RAMB36E1 u_soc/u_imem/rdata_reg_7 has an input control pin u_soc/u_imem/rdata_reg_7/ADDRARDADDR[14] (net: u_soc/u_imem/ADDRARDADDR[12]) which is driven by a register (u_soc/u_core/u_branch_predict/gen_bht2.bht_reg[13][1]) that has an active asychronous set or reset. This may cause corruption of the memory contents and/or read values when the set/reset is asserted and is not analyzed by the default static timing analysis. It is suggested to eliminate the use of a set/reset to registers driving this RAMB pin or else use a synchronous reset in which the assertion of the reset is timed by default.
Related violations: <none>

REQP-1839#6 Warning
RAMB36 async control check  
The RAMB36E1 u_soc/u_imem/rdata_reg_7 has an input control pin u_soc/u_imem/rdata_reg_7/ADDRARDADDR[14] (net: u_soc/u_imem/ADDRARDADDR[12]) which is driven by a register (u_soc/u_core/u_branch_predict/gen_bht2.bht_reg[14][1]) that has an active asychronous set or reset. This may cause corruption of the memory contents and/or read values when the set/reset is asserted and is not analyzed by the default static timing analysis. It is suggested to eliminate the use of a set/reset to registers driving this RAMB pin or else use a synchronous reset in which the assertion of the reset is timed by default.
Related violations: <none>

REQP-1839#7 Warning
RAMB36 async control check  
The RAMB36E1 u_soc/u_imem/rdata_reg_7 has an input control pin u_soc/u_imem/rdata_reg_7/ADDRARDADDR[14] (net: u_soc/u_imem/ADDRARDADDR[12]) which is driven by a register (u_soc/u_core/u_branch_predict/gen_bht2.bht_reg[15][1]) that has an active asychronous set or reset. This may cause corruption of the memory contents and/or read values when the set/reset is asserted and is not analyzed by the default static timing analysis. It is suggested to eliminate the use of a set/reset to registers driving this RAMB pin or else use a synchronous reset in which the assertion of the reset is timed by default.
Related violations: <none>

REQP-1839#8 Warning
RAMB36 async control check  
The RAMB36E1 u_soc/u_imem/rdata_reg_7 has an input control pin u_soc/u_imem/rdata_reg_7/ADDRARDADDR[14] (net: u_soc/u_imem/ADDRARDADDR[12]) which is driven by a register (u_soc/u_core/u_branch_predict/gen_bht2.bht_reg[16][1]) that has an active asychronous set or reset. This may cause corruption of the memory contents and/or read values when the set/reset is asserted and is not analyzed by the default static timing analysis. It is suggested to eliminate the use of a set/reset to registers driving this RAMB pin or else use a synchronous reset in which the assertion of the reset is timed by default.
Related violations: <none>

REQP-1839#9 Warning
RAMB36 async control check  
The RAMB36E1 u_soc/u_imem/rdata_reg_7 has an input control pin u_soc/u_imem/rdata_reg_7/ADDRARDADDR[14] (net: u_soc/u_imem/ADDRARDADDR[12]) which is driven by a register (u_soc/u_core/u_branch_predict/gen_bht2.bht_reg[17][1]) that has an active asychronous set or reset. This may cause corruption of the memory contents and/or read values when the set/reset is asserted and is not analyzed by the default static timing analysis. It is suggested to eliminate the use of a set/reset to registers driving this RAMB pin or else use a synchronous reset in which the assertion of the reset is timed by default.
Related violations: <none>

REQP-1839#10 Warning
RAMB36 async control check  
The RAMB36E1 u_soc/u_imem/rdata_reg_7 has an input control pin u_soc/u_imem/rdata_reg_7/ADDRARDADDR[14] (net: u_soc/u_imem/ADDRARDADDR[12]) which is driven by a register (u_soc/u_core/u_branch_predict/gen_bht2.bht_reg[18][1]) that has an active asychronous set or reset. This may cause corruption of the memory contents and/or read values when the set/reset is asserted and is not analyzed by the default static timing analysis. It is suggested to eliminate the use of a set/reset to registers driving this RAMB pin or else use a synchronous reset in which the assertion of the reset is timed by default.
Related violations: <none>

REQP-1839#11 Warning
RAMB36 async control check  
The RAMB36E1 u_soc/u_imem/rdata_reg_7 has an input control pin u_soc/u_imem/rdata_reg_7/ADDRARDADDR[14] (net: u_soc/u_imem/ADDRARDADDR[12]) which is driven by a register (u_soc/u_core/u_branch_predict/gen_bht2.bht_reg[19][1]) that has an active asychronous set or reset. This may cause corruption of the memory contents and/or read values when the set/reset is asserted and is not analyzed by the default static timing analysis. It is suggested to eliminate the use of a set/reset to registers driving this RAMB pin or else use a synchronous reset in which the assertion of the reset is timed by default.
Related violations: <none>

REQP-1839#12 Warning
RAMB36 async control check  
The RAMB36E1 u_soc/u_imem/rdata_reg_7 has an input control pin u_soc/u_imem/rdata_reg_7/ADDRARDADDR[14] (net: u_soc/u_imem/ADDRARDADDR[12]) which is driven by a register (u_soc/u_core/u_branch_predict/gen_bht2.bht_reg[1][1]) that has an active asychronous set or reset. This may cause corruption of the memory contents and/or read values when the set/reset is asserted and is not analyzed by the default static timing analysis. It is suggested to eliminate the use of a set/reset to registers driving this RAMB pin or else use a synchronous reset in which the assertion of the reset is timed by default.
Related violations: <none>

REQP-1839#13 Warning
RAMB36 async control check  
The RAMB36E1 u_soc/u_imem/rdata_reg_7 has an input control pin u_soc/u_imem/rdata_reg_7/ADDRARDADDR[14] (net: u_soc/u_imem/ADDRARDADDR[12]) which is driven by a register (u_soc/u_core/u_branch_predict/gen_bht2.bht_reg[20][1]) that has an active asychronous set or reset. This may cause corruption of the memory contents and/or read values when the set/reset is asserted and is not analyzed by the default static timing analysis. It is suggested to eliminate the use of a set/reset to registers driving this RAMB pin or else use a synchronous reset in which the assertion of the reset is timed by default.
Related violations: <none>

REQP-1839#14 Warning
RAMB36 async control check  
The RAMB36E1 u_soc/u_imem/rdata_reg_7 has an input control pin u_soc/u_imem/rdata_reg_7/ADDRARDADDR[14] (net: u_soc/u_imem/ADDRARDADDR[12]) which is driven by a register (u_soc/u_core/u_branch_predict/gen_bht2.bht_reg[21][1]) that has an active asychronous set or reset. This may cause corruption of the memory contents and/or read values when the set/reset is asserted and is not analyzed by the default static timing analysis. It is suggested to eliminate the use of a set/reset to registers driving this RAMB pin or else use a synchronous reset in which the assertion of the reset is timed by default.
Related violations: <none>

REQP-1839#15 Warning
RAMB36 async control check  
The RAMB36E1 u_soc/u_imem/rdata_reg_7 has an input control pin u_soc/u_imem/rdata_reg_7/ADDRARDADDR[14] (net: u_soc/u_imem/ADDRARDADDR[12]) which is driven by a register (u_soc/u_core/u_branch_predict/gen_bht2.bht_reg[22][1]) that has an active asychronous set or reset. This may cause corruption of the memory contents and/or read values when the set/reset is asserted and is not analyzed by the default static timing analysis. It is suggested to eliminate the use of a set/reset to registers driving this RAMB pin or else use a synchronous reset in which the assertion of the reset is timed by default.
Related violations: <none>

REQP-1839#16 Warning
RAMB36 async control check  
The RAMB36E1 u_soc/u_imem/rdata_reg_7 has an input control pin u_soc/u_imem/rdata_reg_7/ADDRARDADDR[14] (net: u_soc/u_imem/ADDRARDADDR[12]) which is driven by a register (u_soc/u_core/u_branch_predict/gen_bht2.bht_reg[23][1]) that has an active asychronous set or reset. This may cause corruption of the memory contents and/or read values when the set/reset is asserted and is not analyzed by the default static timing analysis. It is suggested to eliminate the use of a set/reset to registers driving this RAMB pin or else use a synchronous reset in which the assertion of the reset is timed by default.
Related violations: <none>

REQP-1839#17 Warning
RAMB36 async control check  
The RAMB36E1 u_soc/u_imem/rdata_reg_7 has an input control pin u_soc/u_imem/rdata_reg_7/ADDRARDADDR[14] (net: u_soc/u_imem/ADDRARDADDR[12]) which is driven by a register (u_soc/u_core/u_branch_predict/gen_bht2.bht_reg[24][1]) that has an active asychronous set or reset. This may cause corruption of the memory contents and/or read values when the set/reset is asserted and is not analyzed by the default static timing analysis. It is suggested to eliminate the use of a set/reset to registers driving this RAMB pin or else use a synchronous reset in which the assertion of the reset is timed by default.
Related violations: <none>

REQP-1839#18 Warning
RAMB36 async control check  
The RAMB36E1 u_soc/u_imem/rdata_reg_7 has an input control pin u_soc/u_imem/rdata_reg_7/ADDRARDADDR[14] (net: u_soc/u_imem/ADDRARDADDR[12]) which is driven by a register (u_soc/u_core/u_branch_predict/gen_bht2.bht_reg[25][1]) that has an active asychronous set or reset. This may cause corruption of the memory contents and/or read values when the set/reset is asserted and is not analyzed by the default static timing analysis. It is suggested to eliminate the use of a set/reset to registers driving this RAMB pin or else use a synchronous reset in which the assertion of the reset is timed by default.
Related violations: <none>

REQP-1839#19 Warning
RAMB36 async control check  
The RAMB36E1 u_soc/u_imem/rdata_reg_7 has an input control pin u_soc/u_imem/rdata_reg_7/ADDRARDADDR[14] (net: u_soc/u_imem/ADDRARDADDR[12]) which is driven by a register (u_soc/u_core/u_branch_predict/gen_bht2.bht_reg[26][1]) that has an active asychronous set or reset. This may cause corruption of the memory contents and/or read values when the set/reset is asserted and is not analyzed by the default static timing analysis. It is suggested to eliminate the use of a set/reset to registers driving this RAMB pin or else use a synchronous reset in which the assertion of the reset is timed by default.
Related violations: <none>

REQP-1839#20 Warning
RAMB36 async control check  
The RAMB36E1 u_soc/u_imem/rdata_reg_7 has an input control pin u_soc/u_imem/rdata_reg_7/ADDRARDADDR[14] (net: u_soc/u_imem/ADDRARDADDR[12]) which is driven by a register (u_soc/u_core/u_branch_predict/gen_bht2.bht_reg[27][1]) that has an active asychronous set or reset. This may cause corruption of the memory contents and/or read values when the set/reset is asserted and is not analyzed by the default static timing analysis. It is suggested to eliminate the use of a set/reset to registers driving this RAMB pin or else use a synchronous reset in which the assertion of the reset is timed by default.
Related violations: <none>

ZPS7-1#1 Warning
PS7 block required  
The PS7 cell must be used in this Zynq design in order to enable correct default configuration.
Related violations: <none>


