Copyright 1986-2022 Xilinx, Inc. All Rights Reserved. Copyright 2022-2026 Advanced Micro Devices, Inc. All Rights Reserved.
-----------------------------------------------------------------------------------------------------------------------------------------------
| Tool Version : Vivado v.2026.1 (win64) Build 6511674 Tue Jun 16 11:02:23 MDT 2026
| Date         : Sat Oct  3 17:06:38 2026
| Host         : never-die-cold running 64-bit major release  (build 9200)
| Command      : report_timing_summary -file E:/Projects/FPGA-Alittle-Design/build/reports/fmax/pico_large_5ns/timing_impl.rpt -delay_type max
| Design       : top_large
| Device       : 7z020-clg400
| Speed File   : -1  PRODUCTION 1.12 2019-11-22
| Design State : Routed
-----------------------------------------------------------------------------------------------------------------------------------------------

Timing Summary Report

------------------------------------------------------------------------------------------------
| Timer Settings
| --------------
------------------------------------------------------------------------------------------------

  Enable Multi Corner Analysis               :  Yes
  Enable Pessimism Removal                   :  Yes
  Pessimism Removal Resolution               :  Nearest Common Node
  Enable Input Delay Default Clock           :  No
  Enable Preset / Clear Arcs                 :  No
  Disable Flight Delays                      :  No
  Ignore I/O Paths                           :  No
  Timing Early Launch at Borrowing Latches   :  No
  Borrow Time for Max Delay Exceptions       :  Yes
  Merge Timing Exceptions                    :  Yes
  Inter-SLR Compensation                     :  Conservative

  Corner  Analyze    Analyze    
  Name    Max Paths  Min Paths  
  ------  ---------  ---------  
  Slow    Yes        Yes        
  Fast    Yes        Yes        


------------------------------------------------------------------------------------------------
| Report Methodology
| ------------------
------------------------------------------------------------------------------------------------

No report available as report_methodology has not been run prior. Run report_methodology on the current design for the summary of methodology violations.



check_timing report

Table of Contents
-----------------
1. checking no_clock (0)
2. checking constant_clock (0)
3. checking pulse_width_clock (0)
4. checking unconstrained_internal_endpoints (0)
5. checking no_input_delay (101)
6. checking no_output_delay (266)
7. checking multiple_clock (0)
8. checking generated_clocks (0)
9. checking loops (0)
10. checking partial_input_delay (0)
11. checking partial_output_delay (0)
12. checking latch_loops (0)

1. checking no_clock (0)
------------------------
 There are 0 register/latch pins with no clock.


2. checking constant_clock (0)
------------------------------
 There are 0 register/latch pins with constant_clock.


3. checking pulse_width_clock (0)
---------------------------------
 There are 0 register/latch pins which need pulse_width check


4. checking unconstrained_internal_endpoints (0)
------------------------------------------------
 There are 0 pins that are not constrained for maximum delay.

 There are 0 pins that are not constrained for maximum delay due to constant clock.


5. checking no_input_delay (101)
--------------------------------
 There are 101 input ports with no input delay specified. (HIGH)

 There are 0 input ports with no input delay but user has a false path constraint.


6. checking no_output_delay (266)
---------------------------------
 There are 266 ports with no output delay specified. (HIGH)

 There are 0 ports with no output delay but user has a false path constraint

 There are 0 ports with no output delay but with a timing clock defined on it or propagating through it


7. checking multiple_clock (0)
------------------------------
 There are 0 register/latch pins with multiple clocks.


8. checking generated_clocks (0)
--------------------------------
 There are 0 generated clocks that are not connected to a clock source.


9. checking loops (0)
---------------------
 There are 0 combinational loops in the design.


10. checking partial_input_delay (0)
------------------------------------
 There are 0 input ports with partial input delay specified.


11. checking partial_output_delay (0)
-------------------------------------
 There are 0 ports with partial output delay specified.


12. checking latch_loops (0)
----------------------------
 There are 0 combinational latch loops in the design through latch input



------------------------------------------------------------------------------------------------
| Design Timing Summary
| ---------------------
------------------------------------------------------------------------------------------------

    WNS(ns)      TNS(ns)  TNS Failing Endpoints  TNS Total Endpoints     WPWS(ns)     TPWS(ns)  TPWS Failing Endpoints  TPWS Total Endpoints  
    -------      -------  ---------------------  -------------------     --------     --------  ----------------------  --------------------  
     -2.110     -579.700                    681                 2395        1.250        0.000                       0                  1119  


Timing constraints are not met.


------------------------------------------------------------------------------------------------
| Clock Summary
| -------------
------------------------------------------------------------------------------------------------

Clock    Waveform(ns)         Period(ns)      Frequency(MHz)
-----    ------------         ----------      --------------
sys_clk  {0.000 2.500}        5.000           200.000         


------------------------------------------------------------------------------------------------
| Intra Clock Table
| -----------------
------------------------------------------------------------------------------------------------

Clock             WNS(ns)      TNS(ns)  TNS Failing Endpoints  TNS Total Endpoints     WPWS(ns)     TPWS(ns)  TPWS Failing Endpoints  TPWS Total Endpoints  
-----             -------      -------  ---------------------  -------------------     --------     --------  ----------------------  --------------------  
sys_clk            -2.110     -579.700                    681                 2395        1.250        0.000                       0                  1119  


------------------------------------------------------------------------------------------------
| Inter Clock Table
| -----------------
------------------------------------------------------------------------------------------------

From Clock    To Clock          WNS(ns)      TNS(ns)  TNS Failing Endpoints  TNS Total Endpoints  
----------    --------          -------      -------  ---------------------  -------------------  


------------------------------------------------------------------------------------------------
| Other Path Groups Table
| -----------------------
------------------------------------------------------------------------------------------------

Path Group    From Clock    To Clock          WNS(ns)      TNS(ns)  TNS Failing Endpoints  TNS Total Endpoints  
----------    ----------    --------          -------      -------  ---------------------  -------------------  


------------------------------------------------------------------------------------------------
| Timing Details
| --------------
------------------------------------------------------------------------------------------------


---------------------------------------------------------------------------------------------------
From Clock:  sys_clk
  To Clock:  sys_clk

Setup :          681  Failing Endpoints,  Worst Slack       -2.110ns,  Total Violation     -579.700ns
Hold  :           NA  Failing Endpoints,  Worst Slack           NA  ,  Total Violation           NA
PW    :            0  Failing Endpoints,  Worst Slack        1.250ns,  Total Violation        0.000ns
---------------------------------------------------------------------------------------------------


Max Delay Paths
--------------------------------------------------------------------------------------
Slack (VIOLATED) :        -2.110ns  (required time - arrival time)
  Source:                 picorv32/irq_state_reg[1]/C
                            (rising edge-triggered cell FDRE clocked by sys_clk  {rise@0.000ns fall@2.500ns period=5.000ns})
  Destination:            picorv32/reg_op1_reg[11]/CE
                            (rising edge-triggered cell FDRE clocked by sys_clk  {rise@0.000ns fall@2.500ns period=5.000ns})
  Path Group:             sys_clk
  Path Type:              Setup (Max at Slow Process Corner)
  Requirement:            5.000ns  (sys_clk rise@5.000ns - sys_clk rise@0.000ns)
  Data Path Delay:        6.683ns  (logic 1.460ns (21.846%)  route 5.223ns (78.154%))
  Logic Levels:           7  (LUT4=1 LUT6=6)
  Clock Path Skew:        -0.187ns (DCD - SCD + CPR)
    Destination Clock Delay (DCD):    1.479ns = ( 6.479 - 5.000 ) 
    Source Clock Delay      (SCD):    1.666ns
    Clock Pessimism Removal (CPR):    0.000ns
  Clock Uncertainty:      0.035ns  ((TSJ^2 + TIJ^2)^1/2 + DJ) / 2 + PE
    Total System Jitter     (TSJ):    0.071ns
    Total Input Jitter      (TIJ):    0.000ns
    Discrete Jitter          (DJ):    0.000ns
    Phase Error              (PE):    0.000ns

    Location             Delay type                Incr(ns)  Path(ns)    Netlist Resource(s)
  -------------------------------------------------------------------    -------------------
                         (clock sys_clk rise edge)    0.000     0.000 r  <hidden>
                                                      0.000     0.000 r  clk
                         net (fo=1118, unset)         1.666     1.666    picorv32/clk
    SLICE_X44Y41         FDRE                                         r  picorv32/irq_state_reg[1]/C
  -------------------------------------------------------------------    -------------------
    SLICE_X44Y41         FDRE (Prop_fdre_C_Q)         0.419     2.085 f  picorv32/irq_state_reg[1]/Q
                         net (fo=42, routed)          0.722     2.807    picorv32/irq_state_reg_n_0_[1]
    SLICE_X44Y41         LUT6 (Prop_lut6_I0_O)        0.297     3.104 f  picorv32/mem_rdata_q[6]_i_3/O
                         net (fo=13, routed)          0.745     3.849    picorv32/mem_rdata_q[6]_i_3_n_0
    SLICE_X44Y41         LUT6 (Prop_lut6_I2_O)        0.124     3.973 r  picorv32/mem_rdata_q[11]_i_10/O
                         net (fo=10, routed)          0.885     4.858    picorv32/mem_rdata_q[11]_i_10_n_0
    SLICE_X44Y43         LUT6 (Prop_lut6_I5_O)        0.124     4.982 f  picorv32/mem_la_read_INST_0_i_7/O
                         net (fo=6, routed)           0.625     5.607    picorv32/mem_la_read_INST_0_i_7_n_0
    SLICE_X44Y44         LUT6 (Prop_lut6_I2_O)        0.124     5.731 r  picorv32/mem_la_read_INST_0_i_3/O
                         net (fo=39, routed)          0.651     6.382    picorv32/compressed_instr_i_1_n_0
    SLICE_X43Y45         LUT6 (Prop_lut6_I4_O)        0.124     6.506 f  picorv32/latched_is_lb_i_2/O
                         net (fo=8, routed)           0.456     6.962    picorv32/latched_is_lb_i_2_n_0
    SLICE_X43Y47         LUT4 (Prop_lut4_I0_O)        0.124     7.086 r  picorv32/reg_op1[31]_i_3/O
                         net (fo=1, routed)           0.573     7.659    picorv32/reg_op1[31]_i_3_n_0
    SLICE_X43Y47         LUT6 (Prop_lut6_I0_O)        0.124     7.783 r  picorv32/reg_op1[31]_i_1/O
                         net (fo=32, routed)          0.566     8.349    picorv32/reg_op1[31]_i_1_n_0
    SLICE_X43Y51         FDRE                                         r  picorv32/reg_op1_reg[11]/CE
  -------------------------------------------------------------------    -------------------

                         (clock sys_clk rise edge)    5.000     5.000 r  <hidden>
                                                      0.000     5.000 r  clk
                         net (fo=1118, unset)         1.479     6.479    picorv32/clk
    SLICE_X43Y51         FDRE                                         r  picorv32/reg_op1_reg[11]/C
                         clock pessimism              0.000     6.479    <hidden>
                         clock uncertainty           -0.035     6.444    <hidden>
    SLICE_X43Y51         FDRE (Setup_fdre_C_CE)      -0.205     6.239    picorv32/reg_op1_reg[11]
  -------------------------------------------------------------------
                         required time                          6.239    <hidden>
                         arrival time                          -8.349    <hidden>
  -------------------------------------------------------------------
                         slack                                 -2.110    <hidden>





Pulse Width Checks
--------------------------------------------------------------------------------------
Clock Name:         sys_clk
Waveform(ns):       { 0.000 2.500 }
Period(ns):         5.000
Sources:            { clk }

Check Type        Corner  Lib Pin      Reference Pin  Required(ns)  Actual(ns)  Slack(ns)  Location      Pin
Min Period        n/a     FDRE/C       n/a            1.000         5.000       4.000      SLICE_X49Y41  picorv32/FSM_sequential_mem_state_reg[0]/C
Low Pulse Width   Slow    RAMD64E/CLK  n/a            1.250         2.500       1.250      SLICE_X46Y47  picorv32/cpuregs_reg_r1_0_63_0_2/RAMA/CLK
High Pulse Width  Slow    RAMD64E/CLK  n/a            1.250         2.500       1.250      SLICE_X46Y47  picorv32/cpuregs_reg_r1_0_63_0_2/RAMA/CLK



