== tb_rgb2gray ==
PASS: rgb2gray 128 px, 0 errors
vision/tb_rgb2gray.v:44: $finish called at 1340000 (1ps)
== tb_line_buffer ==
PASS: line_buffer sync-read, read-before-write, addressing
vision/tb_line_buffer.v:60: $finish called at 360000 (1ps)
== tb_gaussian3x3 ==
PASS: gaussian3x3 128 px, 0 errors
vision/tb_gaussian3x3.v:55: $finish called at 2140000 (1ps)
== tb_scaler ==
../src/vision/scaler.v:90: warning: @* is sensitive to all 16 words in array 'slot_rd'.
../src/vision/scaler.v:91: warning: @* is sensitive to all 16 words in array 'slot_rd'.
PASS: scaler 16x8->32x16, 512 px, 0 errors
vision/tb_scaler.v:55: $finish called at 14740000 (1ps)
== tb_sobel ==
PASS: sobel 128 px, 0 errors
vision/tb_sobel.v:55: $finish called at 2140000 (1ps)
== tb_chain ==
PASS: chain rgb2gray->gaussian, gray 128 px + gauss 128 px, 0 errors
vision/tb_chain.v:83: $finish called at 2140000 (1ps)
