Copyright 1986-2022 Xilinx, Inc. All Rights Reserved. Copyright 2022-2026 Advanced Micro Devices, Inc. All Rights Reserved.
--------------------------------------------------------------------------------------------------------------------------------------------------------------------------------------------------------------------
| Tool Version : Vivado v.2026.1 (win64) Build 6511674 Tue Jun 16 11:02:23 MDT 2026
| Date         : Wed Oct  7 17:52:15 2026
| Host         : never-die-cold running 64-bit major release  (build 9200)
| Command      : report_timing_summary -delay_type min_max -check_timing_verbose -file E:/Projects/FPGA-Alittle-Design/data/logs/2026-10-07-module1-closure/ooc-complete/v1_fwd_11p52_fixedroute_postopt/timing.rpt
| Design       : core_top
| Device       : 7z020-clg400
| Speed File   : -1  PRODUCTION 1.12 2019-11-22
| Design State : Routed
--------------------------------------------------------------------------------------------------------------------------------------------------------------------------------------------------------------------

Timing Summary Report

------------------------------------------------------------------------------------------------
| Timer Settings
| --------------
------------------------------------------------------------------------------------------------

  Enable Multi Corner Analysis               :  Yes
  Enable Pessimism Removal                   :  Yes
  Pessimism Removal Resolution               :  Nearest Common Node
  Enable Input Delay Default Clock           :  No
  Enable Preset / Clear Arcs                 :  No
  Disable Flight Delays                      :  No
  Ignore I/O Paths                           :  No
  Timing Early Launch at Borrowing Latches   :  No
  Borrow Time for Max Delay Exceptions       :  Yes
  Merge Timing Exceptions                    :  Yes
  Inter-SLR Compensation                     :  Conservative

  Corner  Analyze    Analyze    
  Name    Max Paths  Min Paths  
  ------  ---------  ---------  
  Slow    Yes        Yes        
  Fast    Yes        Yes        


------------------------------------------------------------------------------------------------
| Report Methodology
| ------------------
------------------------------------------------------------------------------------------------

No report available as report_methodology has not been run prior. Run report_methodology on the current design for the summary of methodology violations.



check_timing report

Table of Contents
-----------------
1. checking no_clock (0)
2. checking constant_clock (0)
3. checking pulse_width_clock (0)
4. checking unconstrained_internal_endpoints (0)
5. checking no_input_delay (65)
6. checking no_output_delay (101)
7. checking multiple_clock (0)
8. checking generated_clocks (0)
9. checking loops (0)
10. checking partial_input_delay (0)
11. checking partial_output_delay (0)
12. checking latch_loops (0)

1. checking no_clock (0)
------------------------
 There are 0 register/latch pins with no clock.


2. checking constant_clock (0)
------------------------------
 There are 0 register/latch pins with constant_clock.


3. checking pulse_width_clock (0)
---------------------------------
 There are 0 register/latch pins which need pulse_width check


4. checking unconstrained_internal_endpoints (0)
------------------------------------------------
 There are 0 pins that are not constrained for maximum delay.

 There are 0 pins that are not constrained for maximum delay due to constant clock.


5. checking no_input_delay (65)
-------------------------------
 There are 65 input ports with no input delay specified. (HIGH)

dmem_rdata[0]
dmem_rdata[10]
dmem_rdata[11]
dmem_rdata[12]
dmem_rdata[13]
dmem_rdata[14]
dmem_rdata[15]
dmem_rdata[16]
dmem_rdata[17]
dmem_rdata[18]
dmem_rdata[19]
dmem_rdata[1]
dmem_rdata[20]
dmem_rdata[21]
dmem_rdata[22]
dmem_rdata[23]
dmem_rdata[24]
dmem_rdata[25]
dmem_rdata[26]
dmem_rdata[27]
dmem_rdata[28]
dmem_rdata[29]
dmem_rdata[2]
dmem_rdata[30]
dmem_rdata[31]
dmem_rdata[3]
dmem_rdata[4]
dmem_rdata[5]
dmem_rdata[6]
dmem_rdata[7]
dmem_rdata[8]
dmem_rdata[9]
imem_rdata[0]
imem_rdata[10]
imem_rdata[11]
imem_rdata[12]
imem_rdata[13]
imem_rdata[14]
imem_rdata[15]
imem_rdata[16]
imem_rdata[17]
imem_rdata[18]
imem_rdata[19]
imem_rdata[1]
imem_rdata[20]
imem_rdata[21]
imem_rdata[22]
imem_rdata[23]
imem_rdata[24]
imem_rdata[25]
imem_rdata[26]
imem_rdata[27]
imem_rdata[28]
imem_rdata[29]
imem_rdata[2]
imem_rdata[30]
imem_rdata[31]
imem_rdata[3]
imem_rdata[4]
imem_rdata[5]
imem_rdata[6]
imem_rdata[7]
imem_rdata[8]
imem_rdata[9]
rst_n

 There are 0 input ports with no input delay but user has a false path constraint.


6. checking no_output_delay (101)
---------------------------------
 There are 101 ports with no output delay specified. (HIGH)

dmem_addr[0]
dmem_addr[10]
dmem_addr[11]
dmem_addr[12]
dmem_addr[13]
dmem_addr[14]
dmem_addr[15]
dmem_addr[16]
dmem_addr[17]
dmem_addr[18]
dmem_addr[19]
dmem_addr[1]
dmem_addr[20]
dmem_addr[21]
dmem_addr[22]
dmem_addr[23]
dmem_addr[24]
dmem_addr[25]
dmem_addr[26]
dmem_addr[27]
dmem_addr[28]
dmem_addr[29]
dmem_addr[2]
dmem_addr[30]
dmem_addr[31]
dmem_addr[3]
dmem_addr[4]
dmem_addr[5]
dmem_addr[6]
dmem_addr[7]
dmem_addr[8]
dmem_addr[9]
dmem_be[0]
dmem_be[1]
dmem_be[2]
dmem_be[3]
dmem_wdata[0]
dmem_wdata[10]
dmem_wdata[11]
dmem_wdata[12]
dmem_wdata[13]
dmem_wdata[14]
dmem_wdata[15]
dmem_wdata[16]
dmem_wdata[17]
dmem_wdata[18]
dmem_wdata[19]
dmem_wdata[1]
dmem_wdata[20]
dmem_wdata[21]
dmem_wdata[22]
dmem_wdata[23]
dmem_wdata[24]
dmem_wdata[25]
dmem_wdata[26]
dmem_wdata[27]
dmem_wdata[28]
dmem_wdata[29]
dmem_wdata[2]
dmem_wdata[30]
dmem_wdata[31]
dmem_wdata[3]
dmem_wdata[4]
dmem_wdata[5]
dmem_wdata[6]
dmem_wdata[7]
dmem_wdata[8]
dmem_wdata[9]
dmem_we
imem_addr[0]
imem_addr[10]
imem_addr[11]
imem_addr[12]
imem_addr[13]
imem_addr[14]
imem_addr[15]
imem_addr[16]
imem_addr[17]
imem_addr[18]
imem_addr[19]
imem_addr[1]
imem_addr[20]
imem_addr[21]
imem_addr[22]
imem_addr[23]
imem_addr[24]
imem_addr[25]
imem_addr[26]
imem_addr[27]
imem_addr[28]
imem_addr[29]
imem_addr[2]
imem_addr[30]
imem_addr[31]
imem_addr[3]
imem_addr[4]
imem_addr[5]
imem_addr[6]
imem_addr[7]
imem_addr[8]
imem_addr[9]

 There are 0 ports with no output delay but user has a false path constraint

 There are 0 ports with no output delay but with a timing clock defined on it or propagating through it


7. checking multiple_clock (0)
------------------------------
 There are 0 register/latch pins with multiple clocks.


8. checking generated_clocks (0)
--------------------------------
 There are 0 generated clocks that are not connected to a clock source.


9. checking loops (0)
---------------------
 There are 0 combinational loops in the design.


10. checking partial_input_delay (0)
------------------------------------
 There are 0 input ports with partial input delay specified.


11. checking partial_output_delay (0)
-------------------------------------
 There are 0 ports with partial output delay specified.


12. checking latch_loops (0)
----------------------------
 There are 0 combinational latch loops in the design through latch input



------------------------------------------------------------------------------------------------
| Design Timing Summary
| ---------------------
------------------------------------------------------------------------------------------------

    WNS(ns)      TNS(ns)  TNS Failing Endpoints  TNS Total Endpoints      WHS(ns)      THS(ns)  THS Failing Endpoints  THS Total Endpoints     WPWS(ns)     TPWS(ns)  TPWS Failing Endpoints  TPWS Total Endpoints  
    -------      -------  ---------------------  -------------------      -------      -------  ---------------------  -------------------     --------     --------  ----------------------  --------------------  
      0.933        0.000                      0                 1470        0.103        0.000                      0                 1470        4.510        0.000                       0                   597  


All user specified timing constraints are met.


------------------------------------------------------------------------------------------------
| Clock Summary
| -------------
------------------------------------------------------------------------------------------------

Clock    Waveform(ns)       Period(ns)      Frequency(MHz)
-----    ------------       ----------      --------------
sys_clk  {0.000 5.760}      11.520          86.806          


------------------------------------------------------------------------------------------------
| Intra Clock Table
| -----------------
------------------------------------------------------------------------------------------------

Clock             WNS(ns)      TNS(ns)  TNS Failing Endpoints  TNS Total Endpoints      WHS(ns)      THS(ns)  THS Failing Endpoints  THS Total Endpoints     WPWS(ns)     TPWS(ns)  TPWS Failing Endpoints  TPWS Total Endpoints  
-----             -------      -------  ---------------------  -------------------      -------      -------  ---------------------  -------------------     --------     --------  ----------------------  --------------------  
sys_clk             0.933        0.000                      0                 1470        0.103        0.000                      0                 1470        4.510        0.000                       0                   597  


------------------------------------------------------------------------------------------------
| Inter Clock Table
| -----------------
------------------------------------------------------------------------------------------------

From Clock    To Clock          WNS(ns)      TNS(ns)  TNS Failing Endpoints  TNS Total Endpoints      WHS(ns)      THS(ns)  THS Failing Endpoints  THS Total Endpoints  
----------    --------          -------      -------  ---------------------  -------------------      -------      -------  ---------------------  -------------------  


------------------------------------------------------------------------------------------------
| Other Path Groups Table
| -----------------------
------------------------------------------------------------------------------------------------

Path Group    From Clock    To Clock          WNS(ns)      TNS(ns)  TNS Failing Endpoints  TNS Total Endpoints      WHS(ns)      THS(ns)  THS Failing Endpoints  THS Total Endpoints  
----------    ----------    --------          -------      -------  ---------------------  -------------------      -------      -------  ---------------------  -------------------  


------------------------------------------------------------------------------------------------
| Timing Details
| --------------
------------------------------------------------------------------------------------------------


---------------------------------------------------------------------------------------------------
From Clock:  sys_clk
  To Clock:  sys_clk

Setup :            0  Failing Endpoints,  Worst Slack        0.933ns,  Total Violation        0.000ns
Hold  :            0  Failing Endpoints,  Worst Slack        0.103ns,  Total Violation        0.000ns
PW    :            0  Failing Endpoints,  Worst Slack        4.510ns,  Total Violation        0.000ns
---------------------------------------------------------------------------------------------------


Max Delay Paths
--------------------------------------------------------------------------------------
Slack (MET) :             0.933ns  (required time - arrival time)
  Source:                 u_if_stage/stall_q_reg/C
                            (rising edge-triggered cell FDCE clocked by sys_clk  {rise@0.000ns fall@5.760ns period=11.520ns})
  Destination:            u_if_stage/pc_id_r_reg[27]/D
                            (rising edge-triggered cell FDCE clocked by sys_clk  {rise@0.000ns fall@5.760ns period=11.520ns})
  Path Group:             sys_clk
  Path Type:              Setup (Max at Slow Process Corner)
  Requirement:            11.520ns  (sys_clk rise@11.520ns - sys_clk rise@0.000ns)
  Data Path Delay:        10.657ns  (logic 2.518ns (23.629%)  route 8.139ns (76.371%))
  Logic Levels:           11  (CARRY4=1 LUT2=1 LUT5=4 LUT6=5)
  Clock Path Skew:        0.026ns (DCD - SCD + CPR)
    Destination Clock Delay (DCD):    1.567ns = ( 13.087 - 11.520 ) 
    Source Clock Delay      (SCD):    1.656ns
    Clock Pessimism Removal (CPR):    0.115ns
  Clock Uncertainty:      0.035ns  ((TSJ^2 + TIJ^2)^1/2 + DJ) / 2 + PE
    Total System Jitter     (TSJ):    0.071ns
    Total Input Jitter      (TIJ):    0.000ns
    Discrete Jitter          (DJ):    0.000ns
    Phase Error              (PE):    0.000ns

    Location             Delay type                Incr(ns)  Path(ns)    Netlist Resource(s)
  -------------------------------------------------------------------    -------------------
                         (clock sys_clk rise edge)    0.000     0.000 r  <hidden>
                                                      0.000     0.000 r  clk
                         net (fo=596, unset)          1.656     1.656    u_if_stage/clk
    SLICE_X35Y20         FDCE                                         r  u_if_stage/stall_q_reg/C
  -------------------------------------------------------------------    -------------------
    SLICE_X35Y20         FDCE (Prop_fdce_C_Q)         0.456     2.112 r  u_if_stage/stall_q_reg/Q
                         net (fo=144, routed)         0.796     2.908    u_if_stage/stall_q
    SLICE_X34Y18         LUT5 (Prop_lut5_I3_O)        0.124     3.032 f  u_if_stage/mem_reg_write_i_3/O
                         net (fo=18, routed)          1.048     4.080    u_if_stage/mem_reg_write_i_3_n_0
    SLICE_X32Y19         LUT6 (Prop_lut6_I2_O)        0.124     4.204 r  u_if_stage/multiplicand[30]_i_5/O
                         net (fo=35, routed)          0.986     5.190    u_if_stage/uses_rs1
    SLICE_X28Y21         LUT5 (Prop_lut5_I1_O)        0.124     5.314 r  u_if_stage/multiplicand[0]_i_3/O
                         net (fo=130, routed)         1.503     6.817    u_if_stage/multiplicand[0]_i_3_n_0
    SLICE_X24Y30         LUT5 (Prop_lut5_I2_O)        0.124     6.941 r  u_if_stage/imem_addr[0]_INST_0_i_40/O
                         net (fo=3, routed)           0.445     7.385    u_if_stage/imem_addr[0]_INST_0_i_40_n_0
    SLICE_X24Y31         LUT6 (Prop_lut6_I5_O)        0.124     7.509 r  u_if_stage/imem_addr[0]_INST_0_i_54/O
                         net (fo=1, routed)           0.292     7.802    u_if_stage/imem_addr[0]_INST_0_i_54_n_0
    SLICE_X25Y30         LUT6 (Prop_lut6_I0_O)        0.124     7.926 r  u_if_stage/imem_addr[0]_INST_0_i_25/O
                         net (fo=1, routed)           0.000     7.926    u_if_stage/imem_addr[0]_INST_0_i_25_n_0
    SLICE_X25Y30         CARRY4 (Prop_carry4_S[1]_O[3])
                                                      0.640     8.566 r  u_if_stage/imem_addr[0]_INST_0_i_9/O[3]
                         net (fo=1, routed)           0.730     9.295    u_if_stage/imem_addr[0]_INST_0_i_9_n_4
    SLICE_X29Y31         LUT6 (Prop_lut6_I2_O)        0.306     9.601 r  u_if_stage/imem_addr[0]_INST_0_i_6/O
                         net (fo=1, routed)           0.444    10.045    u_if_stage/imem_addr[0]_INST_0_i_6_n_0
    SLICE_X31Y34         LUT5 (Prop_lut5_I3_O)        0.124    10.169 r  u_if_stage/imem_addr[0]_INST_0_i_2/O
                         net (fo=115, routed)         1.232    11.401    u_if_stage/branch_fetch_taken
    SLICE_X34Y37         LUT2 (Prop_lut2_I0_O)        0.124    11.525 r  u_if_stage/imem_addr[27]_INST_0_i_4/O
                         net (fo=1, routed)           0.664    12.189    u_if_stage/imem_addr[27]_INST_0_i_4_n_0
    SLICE_X30Y37         LUT6 (Prop_lut6_I5_O)        0.124    12.313 r  u_if_stage/imem_addr[27]_INST_0/O
                         net (fo=1, routed)           0.000    12.313    u_if_stage/imem_addr[27]
    SLICE_X30Y37         FDCE                                         r  u_if_stage/pc_id_r_reg[27]/D
  -------------------------------------------------------------------    -------------------

                         (clock sys_clk rise edge)   11.520    11.520 r  <hidden>
                                                      0.000    11.520 r  clk
                         net (fo=596, unset)          1.567    13.087    u_if_stage/clk
    SLICE_X30Y37         FDCE                                         r  u_if_stage/pc_id_r_reg[27]/C
                         clock pessimism              0.115    13.202    <hidden>
                         clock uncertainty           -0.035    13.167    <hidden>
    SLICE_X30Y37         FDCE (Setup_fdce_C_D)        0.079    13.246    u_if_stage/pc_id_r_reg[27]
  -------------------------------------------------------------------
                         required time                         13.246    <hidden>
                         arrival time                         -12.313    <hidden>
  -------------------------------------------------------------------
                         slack                                  0.933    <hidden>





Min Delay Paths
--------------------------------------------------------------------------------------
Slack (MET) :             0.103ns  (arrival time - required time)
  Source:                 u_mem_wb/mem_rd_reg[0]/C
                            (rising edge-triggered cell FDRE clocked by sys_clk  {rise@0.000ns fall@5.760ns period=11.520ns})
  Destination:            u_regfile/regs_reg_r1_0_31_0_5/RAMA/WADR0
                            (rising edge-triggered cell RAMD32 clocked by sys_clk  {rise@0.000ns fall@5.760ns period=11.520ns})
  Path Group:             sys_clk
  Path Type:              Hold (Min at Fast Process Corner)
  Requirement:            0.000ns  (sys_clk rise@0.000ns - sys_clk rise@0.000ns)
  Data Path Delay:        0.427ns  (logic 0.141ns (32.992%)  route 0.286ns (67.008%))
  Logic Levels:           0  
  Clock Path Skew:        0.014ns (DCD - SCD - CPR)
    Destination Clock Delay (DCD):    0.847ns
    Source Clock Delay      (SCD):    0.580ns
    Clock Pessimism Removal (CPR):    0.253ns

    Location             Delay type                Incr(ns)  Path(ns)    Netlist Resource(s)
  -------------------------------------------------------------------    -------------------
                         (clock sys_clk rise edge)    0.000     0.000 r  <hidden>
                                                      0.000     0.000 r  clk
                         net (fo=596, unset)          0.580     0.580    u_mem_wb/clk
    SLICE_X28Y20         FDRE                                         r  u_mem_wb/mem_rd_reg[0]/C
  -------------------------------------------------------------------    -------------------
    SLICE_X28Y20         FDRE (Prop_fdre_C_Q)         0.141     0.721 r  u_mem_wb/mem_rd_reg[0]/Q
                         net (fo=97, routed)          0.286     1.007    u_regfile/regs_reg_r1_0_31_0_5/ADDRD0
    SLICE_X30Y20         RAMD32                                       r  u_regfile/regs_reg_r1_0_31_0_5/RAMA/WADR0
  -------------------------------------------------------------------    -------------------

                         (clock sys_clk rise edge)    0.000     0.000 r  <hidden>
                                                      0.000     0.000 r  clk
                         net (fo=596, unset)          0.847     0.847    u_regfile/regs_reg_r1_0_31_0_5/WCLK
    SLICE_X30Y20         RAMD32                                       r  u_regfile/regs_reg_r1_0_31_0_5/RAMA/CLK
                         clock pessimism             -0.253     0.594    <hidden>
    SLICE_X30Y20         RAMD32 (Hold_ramd32_CLK_WADR0)
                                                      0.310     0.904    u_regfile/regs_reg_r1_0_31_0_5/RAMA
  -------------------------------------------------------------------
                         required time                         -0.904    <hidden>
                         arrival time                           1.007    <hidden>
  -------------------------------------------------------------------
                         slack                                  0.103    <hidden>





Pulse Width Checks
--------------------------------------------------------------------------------------
Clock Name:         sys_clk
Waveform(ns):       { 0.000 5.760 }
Period(ns):         11.520
Sources:            { clk }

Check Type        Corner  Lib Pin     Reference Pin  Required(ns)  Actual(ns)  Slack(ns)  Location      Pin
Min Period        n/a     FDCE/C      n/a            1.000         11.520      10.520     SLICE_X37Y17  muldiv_pending_reg/C
Low Pulse Width   Slow    RAMD32/CLK  n/a            1.250         5.760       4.510      SLICE_X30Y20  u_regfile/regs_reg_r1_0_31_0_5/RAMA/CLK
High Pulse Width  Slow    RAMD32/CLK  n/a            1.250         5.760       4.510      SLICE_X30Y20  u_regfile/regs_reg_r1_0_31_0_5/RAMA/CLK



