Copyright 1986-2022 Xilinx, Inc. All Rights Reserved. Copyright 2022-2026 Advanced Micro Devices, Inc. All Rights Reserved.
---------------------------------------------------------------------------------------------------------------------------------------------
| Tool Version : Vivado v.2026.1 (win64) Build 6511674 Tue Jun 16 11:02:23 MDT 2026
| Date         : Sat Oct  3 17:03:02 2026
| Host         : never-die-cold running 64-bit major release  (build 9200)
| Command      : report_timing_summary -file E:/Projects/FPGA-Alittle-Design/build/reports/fmax/core_v0_5ns/timing_impl.rpt -delay_type max
| Design       : core_top
| Device       : 7z020-clg400
| Speed File   : -1  PRODUCTION 1.12 2019-11-22
| Design State : Routed
---------------------------------------------------------------------------------------------------------------------------------------------

Timing Summary Report

------------------------------------------------------------------------------------------------
| Timer Settings
| --------------
------------------------------------------------------------------------------------------------

  Enable Multi Corner Analysis               :  Yes
  Enable Pessimism Removal                   :  Yes
  Pessimism Removal Resolution               :  Nearest Common Node
  Enable Input Delay Default Clock           :  No
  Enable Preset / Clear Arcs                 :  No
  Disable Flight Delays                      :  No
  Ignore I/O Paths                           :  No
  Timing Early Launch at Borrowing Latches   :  No
  Borrow Time for Max Delay Exceptions       :  Yes
  Merge Timing Exceptions                    :  Yes
  Inter-SLR Compensation                     :  Conservative

  Corner  Analyze    Analyze    
  Name    Max Paths  Min Paths  
  ------  ---------  ---------  
  Slow    Yes        Yes        
  Fast    Yes        Yes        


------------------------------------------------------------------------------------------------
| Report Methodology
| ------------------
------------------------------------------------------------------------------------------------

No report available as report_methodology has not been run prior. Run report_methodology on the current design for the summary of methodology violations.



check_timing report

Table of Contents
-----------------
1. checking no_clock (0)
2. checking constant_clock (0)
3. checking pulse_width_clock (0)
4. checking unconstrained_internal_endpoints (0)
5. checking no_input_delay (65)
6. checking no_output_delay (101)
7. checking multiple_clock (0)
8. checking generated_clocks (0)
9. checking loops (0)
10. checking partial_input_delay (0)
11. checking partial_output_delay (0)
12. checking latch_loops (0)

1. checking no_clock (0)
------------------------
 There are 0 register/latch pins with no clock.


2. checking constant_clock (0)
------------------------------
 There are 0 register/latch pins with constant_clock.


3. checking pulse_width_clock (0)
---------------------------------
 There are 0 register/latch pins which need pulse_width check


4. checking unconstrained_internal_endpoints (0)
------------------------------------------------
 There are 0 pins that are not constrained for maximum delay.

 There are 0 pins that are not constrained for maximum delay due to constant clock.


5. checking no_input_delay (65)
-------------------------------
 There are 65 input ports with no input delay specified. (HIGH)

 There are 0 input ports with no input delay but user has a false path constraint.


6. checking no_output_delay (101)
---------------------------------
 There are 101 ports with no output delay specified. (HIGH)

 There are 0 ports with no output delay but user has a false path constraint

 There are 0 ports with no output delay but with a timing clock defined on it or propagating through it


7. checking multiple_clock (0)
------------------------------
 There are 0 register/latch pins with multiple clocks.


8. checking generated_clocks (0)
--------------------------------
 There are 0 generated clocks that are not connected to a clock source.


9. checking loops (0)
---------------------
 There are 0 combinational loops in the design.


10. checking partial_input_delay (0)
------------------------------------
 There are 0 input ports with partial input delay specified.


11. checking partial_output_delay (0)
-------------------------------------
 There are 0 ports with partial output delay specified.


12. checking latch_loops (0)
----------------------------
 There are 0 combinational latch loops in the design through latch input



------------------------------------------------------------------------------------------------
| Design Timing Summary
| ---------------------
------------------------------------------------------------------------------------------------

    WNS(ns)      TNS(ns)  TNS Failing Endpoints  TNS Total Endpoints     WPWS(ns)     TPWS(ns)  TPWS Failing Endpoints  TPWS Total Endpoints  
    -------      -------  ---------------------  -------------------     --------     --------  ----------------------  --------------------  
     -7.134    -2369.103                    861                 1394        1.250        0.000                       0                   489  


Timing constraints are not met.


------------------------------------------------------------------------------------------------
| Clock Summary
| -------------
------------------------------------------------------------------------------------------------

Clock    Waveform(ns)         Period(ns)      Frequency(MHz)
-----    ------------         ----------      --------------
sys_clk  {0.000 2.500}        5.000           200.000         


------------------------------------------------------------------------------------------------
| Intra Clock Table
| -----------------
------------------------------------------------------------------------------------------------

Clock             WNS(ns)      TNS(ns)  TNS Failing Endpoints  TNS Total Endpoints     WPWS(ns)     TPWS(ns)  TPWS Failing Endpoints  TPWS Total Endpoints  
-----             -------      -------  ---------------------  -------------------     --------     --------  ----------------------  --------------------  
sys_clk            -7.134    -2369.103                    861                 1394        1.250        0.000                       0                   489  


------------------------------------------------------------------------------------------------
| Inter Clock Table
| -----------------
------------------------------------------------------------------------------------------------

From Clock    To Clock          WNS(ns)      TNS(ns)  TNS Failing Endpoints  TNS Total Endpoints  
----------    --------          -------      -------  ---------------------  -------------------  


------------------------------------------------------------------------------------------------
| Other Path Groups Table
| -----------------------
------------------------------------------------------------------------------------------------

Path Group    From Clock    To Clock          WNS(ns)      TNS(ns)  TNS Failing Endpoints  TNS Total Endpoints  
----------    ----------    --------          -------      -------  ---------------------  -------------------  


------------------------------------------------------------------------------------------------
| Timing Details
| --------------
------------------------------------------------------------------------------------------------


---------------------------------------------------------------------------------------------------
From Clock:  sys_clk
  To Clock:  sys_clk

Setup :          861  Failing Endpoints,  Worst Slack       -7.134ns,  Total Violation    -2369.103ns
Hold  :           NA  Failing Endpoints,  Worst Slack           NA  ,  Total Violation           NA
PW    :            0  Failing Endpoints,  Worst Slack        1.250ns,  Total Violation        0.000ns
---------------------------------------------------------------------------------------------------


Max Delay Paths
--------------------------------------------------------------------------------------
Slack (VIOLATED) :        -7.134ns  (required time - arrival time)
  Source:                 u_if_stage/instr_hold_reg[20]/C
                            (rising edge-triggered cell FDCE clocked by sys_clk  {rise@0.000ns fall@2.500ns period=5.000ns})
  Destination:            u_regfile/regs_reg_r1_0_31_18_23/RAMB_D1/I
                            (rising edge-triggered cell RAMD32 clocked by sys_clk  {rise@0.000ns fall@2.500ns period=5.000ns})
  Path Group:             sys_clk
  Path Type:              Setup (Max at Slow Process Corner)
  Requirement:            5.000ns  (sys_clk rise@5.000ns - sys_clk rise@0.000ns)
  Data Path Delay:        11.815ns  (logic 3.405ns (28.818%)  route 8.410ns (71.182%))
  Logic Levels:           16  (CARRY4=4 LUT4=3 LUT5=1 LUT6=6 MUXF7=1 RAMD32=1)
  Clock Path Skew:        -0.055ns (DCD - SCD + CPR)
    Destination Clock Delay (DCD):    1.479ns = ( 6.479 - 5.000 ) 
    Source Clock Delay      (SCD):    1.649ns
    Clock Pessimism Removal (CPR):    0.115ns
  Clock Uncertainty:      0.035ns  ((TSJ^2 + TIJ^2)^1/2 + DJ) / 2 + PE
    Total System Jitter     (TSJ):    0.071ns
    Total Input Jitter      (TIJ):    0.000ns
    Discrete Jitter          (DJ):    0.000ns
    Phase Error              (PE):    0.000ns

    Location             Delay type                Incr(ns)  Path(ns)    Netlist Resource(s)
  -------------------------------------------------------------------    -------------------
                         (clock sys_clk rise edge)    0.000     0.000 r  <hidden>
                                                      0.000     0.000 r  clk
                         net (fo=488, unset)          1.649     1.649    u_if_stage/clk
    SLICE_X36Y24         FDCE                                         r  u_if_stage/instr_hold_reg[20]/C
  -------------------------------------------------------------------    -------------------
    SLICE_X36Y24         FDCE (Prop_fdce_C_Q)         0.518     2.167 r  u_if_stage/instr_hold_reg[20]/Q
                         net (fo=1, routed)           0.653     2.820    u_if_stage/instr_hold[20]
    SLICE_X38Y24         LUT4 (Prop_lut4_I0_O)        0.124     2.944 r  u_if_stage/dmem_wdata[4]_INST_0_i_3/O
                         net (fo=46, routed)          1.195     4.139    u_regfile/regs_reg_r2_0_31_0_5/ADDRB0
    SLICE_X38Y22         RAMD32 (Prop_ramd32_RADR0_O)
                                                      0.152     4.291 r  u_regfile/regs_reg_r2_0_31_0_5/RAMB/O
                         net (fo=6, routed)           0.700     4.990    u_regfile/rdata20[2]
    SLICE_X36Y23         LUT6 (Prop_lut6_I0_O)        0.348     5.338 r  u_regfile/dmem_wdata[2]_INST_0/O
                         net (fo=2, routed)           0.669     6.008    u_if_stage/dmem_wdata[1]
    SLICE_X38Y24         LUT6 (Prop_lut6_I0_O)        0.124     6.132 r  u_if_stage/dmem_addr[2]_INST_0_i_3/O
                         net (fo=110, routed)         1.273     7.404    u_if_stage/alu_b[2]
    SLICE_X36Y19         LUT4 (Prop_lut4_I0_O)        0.124     7.528 r  u_if_stage/pc[31]_i_71/O
                         net (fo=1, routed)           0.000     7.528    u_if_stage/pc[31]_i_71_n_0
    SLICE_X36Y19         CARRY4 (Prop_carry4_S[1]_CO[3])
                                                      0.533     8.061 r  u_if_stage/pc_reg[31]_i_56/CO[3]
                         net (fo=1, routed)           0.000     8.061    u_if_stage/pc_reg[31]_i_56_n_0
    SLICE_X36Y20         CARRY4 (Prop_carry4_CI_CO[3])
                                                      0.117     8.178 r  u_if_stage/pc_reg[31]_i_39/CO[3]
                         net (fo=1, routed)           0.000     8.178    u_if_stage/pc_reg[31]_i_39_n_0
    SLICE_X36Y21         CARRY4 (Prop_carry4_CI_CO[3])
                                                      0.117     8.295 r  u_if_stage/pc_reg[31]_i_26/CO[3]
                         net (fo=1, routed)           0.000     8.295    u_if_stage/pc_reg[31]_i_26_n_0
    SLICE_X36Y22         CARRY4 (Prop_carry4_CI_CO[3])
                                                      0.117     8.412 r  u_if_stage/pc_reg[31]_i_17/CO[3]
                         net (fo=2, routed)           0.867     9.280    u_if_stage/alu_lt
    SLICE_X34Y25         LUT5 (Prop_lut5_I0_O)        0.124     9.404 r  u_if_stage/dmem_addr[0]_INST_0_i_3/O
                         net (fo=1, routed)           0.300     9.703    u_if_stage/dmem_addr[0]_INST_0_i_3_n_0
    SLICE_X33Y25         LUT6 (Prop_lut6_I0_O)        0.124     9.827 r  u_if_stage/dmem_addr[0]_INST_0_i_1/O
                         net (fo=1, routed)           0.000     9.827    u_if_stage/dmem_addr[0]_INST_0_i_1_n_0
    SLICE_X33Y25         MUXF7 (Prop_muxf7_I0_O)      0.212    10.039 r  u_if_stage/dmem_addr[0]_INST_0/O
                         net (fo=14, routed)          0.644    10.684    u_if_stage/dmem_addr[0]
    SLICE_X34Y26         LUT6 (Prop_lut6_I3_O)        0.299    10.983 r  u_if_stage/regs_reg_r1_0_31_6_11_i_14/O
                         net (fo=2, routed)           0.342    11.325    u_if_stage/regs_reg_r1_0_31_6_11_i_14_n_0
    SLICE_X35Y24         LUT4 (Prop_lut4_I3_O)        0.124    11.449 r  u_if_stage/regs_reg_r1_0_31_6_11_i_16/O
                         net (fo=9, routed)           0.351    11.800    u_if_stage/regs_reg_r1_0_31_6_11_i_16_n_0
    SLICE_X33Y24         LUT6 (Prop_lut6_I5_O)        0.124    11.924 r  u_if_stage/regs_reg_r1_0_31_12_17_i_13/O
                         net (fo=16, routed)          0.729    12.653    u_if_stage/regs_reg_r1_0_31_12_17_i_13_n_0
    SLICE_X34Y26         LUT6 (Prop_lut6_I1_O)        0.124    12.777 r  u_if_stage/regs_reg_r1_0_31_18_23_i_3/O
                         net (fo=2, routed)           0.688    13.464    u_regfile/regs_reg_r1_0_31_18_23/DIB1
    SLICE_X34Y24         RAMD32                                       r  u_regfile/regs_reg_r1_0_31_18_23/RAMB_D1/I
  -------------------------------------------------------------------    -------------------

                         (clock sys_clk rise edge)    5.000     5.000 r  <hidden>
                                                      0.000     5.000 r  clk
                         net (fo=488, unset)          1.479     6.479    u_regfile/regs_reg_r1_0_31_18_23/WCLK
    SLICE_X34Y24         RAMD32                                       r  u_regfile/regs_reg_r1_0_31_18_23/RAMB_D1/CLK
                         clock pessimism              0.115     6.594    <hidden>
                         clock uncertainty           -0.035     6.559    <hidden>
    SLICE_X34Y24         RAMD32 (Setup_ramd32_CLK_I)
                                                     -0.228     6.331    u_regfile/regs_reg_r1_0_31_18_23/RAMB_D1
  -------------------------------------------------------------------
                         required time                          6.331    <hidden>
                         arrival time                         -13.464    <hidden>
  -------------------------------------------------------------------
                         slack                                 -7.134    <hidden>





Pulse Width Checks
--------------------------------------------------------------------------------------
Clock Name:         sys_clk
Waveform(ns):       { 0.000 2.500 }
Period(ns):         5.000
Sources:            { clk }

Check Type        Corner  Lib Pin     Reference Pin  Required(ns)  Actual(ns)  Slack(ns)  Location      Pin
Min Period        n/a     FDCE/C      n/a            1.000         5.000       4.000      SLICE_X31Y13  muldiv_pending_reg/C
Low Pulse Width   Slow    RAMD32/CLK  n/a            1.250         2.500       1.250      SLICE_X34Y19  u_regfile/regs_reg_r1_0_31_0_5/RAMA/CLK
High Pulse Width  Slow    RAMD32/CLK  n/a            1.250         2.500       1.250      SLICE_X34Y19  u_regfile/regs_reg_r1_0_31_0_5/RAMA/CLK



