== add-01 fwd ==
== [1/4] 编译 add-01（套件 6f7f47b）==
make: Entering directory '/home/jianglibo/FPGA-Alittle-Design/sim/arch_test/suite'

============================ VARIABLE INFO ==================================
ROOTDIR: /home/jianglibo/FPGA-Alittle-Design/sim/arch_test/suite [origin: file]
WORK: /home/jianglibo/FPGA-Alittle-Design/sim/build/arch_test [origin: command line]
TARGETDIR: /home/jianglibo/FPGA-Alittle-Design/sim/arch_test/target [origin: command line]
RISCV_TARGET: pynq_z2_v0 [origin: command line]
XLEN: 32 [origin: command line]
RISCV_DEVICE: I [origin: command line]
=============================================================================

make -j1 \
	RISCV_TARGET=pynq_z2_v0 \
	RISCV_DEVICE=I \
	compile -C /home/jianglibo/FPGA-Alittle-Design/sim/arch_test/suite/riscv-test-suite/rv32i_m/I
make[1]: Entering directory '/home/jianglibo/FPGA-Alittle-Design/sim/arch_test/suite/riscv-test-suite/rv32i_m/I'
make[1]: Nothing to be done for 'compile'.
make[1]: Leaving directory '/home/jianglibo/FPGA-Alittle-Design/sim/arch_test/suite/riscv-test-suite/rv32i_m/I'
make: Leaving directory '/home/jianglibo/FPGA-Alittle-Design/sim/arch_test/suite'
== [2/4] 提取签名符号与参考 ==
签名区 80003250..80003b80（588 字），参考 588 行
== [3/4] 镜像转换（bin -> hex）==
/home/jianglibo/FPGA-Alittle-Design/sim/build/arch_test/add-01.bin -> /home/jianglibo/FPGA-Alittle-Design/sim/build/arch_test/add-01.hex: 15244 bytes, 3811 words (32-bit little-endian)
== [4/4] 仿真与签名比对（200000 周期）==
WARNING: /home/jianglibo/FPGA-Alittle-Design/sim/riscv/tb_arch_test.v:94: $readmemh(build/arch_test/add-01.hex): Not enough words in the file for the requested range [0:8191].
WARNING: /home/jianglibo/FPGA-Alittle-Design/sim/riscv/tb_arch_test.v:95: $readmemh(build/arch_test/add-01.hex): Not enough words in the file for the requested range [0:8191].
WARNING: /home/jianglibo/FPGA-Alittle-Design/sim/riscv/tb_arch_test.v:96: $readmemh(build/arch_test/ref_clean.txt): Not enough words in the file for the requested range [0:8191].
== arch-test add-01-fwd: 预载完成，运行 200000 周期 ==
PASS: add-01-fwd signature 588 words match reference
签名输出：/home/jianglibo/FPGA-Alittle-Design/sim/build/arch_test/rv32i_m/I/add-01.fwd.signature.output
== add-01 nofwd ==
== [1/4] 编译 add-01（套件 6f7f47b）==
make: Entering directory '/home/jianglibo/FPGA-Alittle-Design/sim/arch_test/suite'

============================ VARIABLE INFO ==================================
ROOTDIR: /home/jianglibo/FPGA-Alittle-Design/sim/arch_test/suite [origin: file]
WORK: /home/jianglibo/FPGA-Alittle-Design/sim/build/arch_test [origin: command line]
TARGETDIR: /home/jianglibo/FPGA-Alittle-Design/sim/arch_test/target [origin: command line]
RISCV_TARGET: pynq_z2_v0 [origin: command line]
XLEN: 32 [origin: command line]
RISCV_DEVICE: I [origin: command line]
=============================================================================

make -j1 \
	RISCV_TARGET=pynq_z2_v0 \
	RISCV_DEVICE=I \
	compile -C /home/jianglibo/FPGA-Alittle-Design/sim/arch_test/suite/riscv-test-suite/rv32i_m/I
make[1]: Entering directory '/home/jianglibo/FPGA-Alittle-Design/sim/arch_test/suite/riscv-test-suite/rv32i_m/I'
make[1]: Nothing to be done for 'compile'.
make[1]: Leaving directory '/home/jianglibo/FPGA-Alittle-Design/sim/arch_test/suite/riscv-test-suite/rv32i_m/I'
make: Leaving directory '/home/jianglibo/FPGA-Alittle-Design/sim/arch_test/suite'
== [2/4] 提取签名符号与参考 ==
签名区 80003250..80003b80（588 字），参考 588 行
== [3/4] 镜像转换（bin -> hex）==
/home/jianglibo/FPGA-Alittle-Design/sim/build/arch_test/add-01.bin -> /home/jianglibo/FPGA-Alittle-Design/sim/build/arch_test/add-01.hex: 15244 bytes, 3811 words (32-bit little-endian)
== [4/4] 仿真与签名比对（200000 周期）==
WARNING: /home/jianglibo/FPGA-Alittle-Design/sim/riscv/tb_arch_test.v:94: $readmemh(build/arch_test/add-01.hex): Not enough words in the file for the requested range [0:8191].
WARNING: /home/jianglibo/FPGA-Alittle-Design/sim/riscv/tb_arch_test.v:95: $readmemh(build/arch_test/add-01.hex): Not enough words in the file for the requested range [0:8191].
WARNING: /home/jianglibo/FPGA-Alittle-Design/sim/riscv/tb_arch_test.v:96: $readmemh(build/arch_test/ref_clean.txt): Not enough words in the file for the requested range [0:8191].
== arch-test add-01-nofwd: 预载完成，运行 200000 周期 ==
PASS: add-01-nofwd signature 588 words match reference
签名输出：/home/jianglibo/FPGA-Alittle-Design/sim/build/arch_test/rv32i_m/I/add-01.nofwd.signature.output
== add-01 bht1 ==
== [1/4] 编译 add-01（套件 6f7f47b）==
make: Entering directory '/home/jianglibo/FPGA-Alittle-Design/sim/arch_test/suite'

============================ VARIABLE INFO ==================================
ROOTDIR: /home/jianglibo/FPGA-Alittle-Design/sim/arch_test/suite [origin: file]
WORK: /home/jianglibo/FPGA-Alittle-Design/sim/build/arch_test [origin: command line]
TARGETDIR: /home/jianglibo/FPGA-Alittle-Design/sim/arch_test/target [origin: command line]
RISCV_TARGET: pynq_z2_v0 [origin: command line]
XLEN: 32 [origin: command line]
RISCV_DEVICE: I [origin: command line]
=============================================================================

make -j1 \
	RISCV_TARGET=pynq_z2_v0 \
	RISCV_DEVICE=I \
	compile -C /home/jianglibo/FPGA-Alittle-Design/sim/arch_test/suite/riscv-test-suite/rv32i_m/I
make[1]: Entering directory '/home/jianglibo/FPGA-Alittle-Design/sim/arch_test/suite/riscv-test-suite/rv32i_m/I'
make[1]: Nothing to be done for 'compile'.
make[1]: Leaving directory '/home/jianglibo/FPGA-Alittle-Design/sim/arch_test/suite/riscv-test-suite/rv32i_m/I'
make: Leaving directory '/home/jianglibo/FPGA-Alittle-Design/sim/arch_test/suite'
== [2/4] 提取签名符号与参考 ==
签名区 80003250..80003b80（588 字），参考 588 行
== [3/4] 镜像转换（bin -> hex）==
/home/jianglibo/FPGA-Alittle-Design/sim/build/arch_test/add-01.bin -> /home/jianglibo/FPGA-Alittle-Design/sim/build/arch_test/add-01.hex: 15244 bytes, 3811 words (32-bit little-endian)
== [4/4] 仿真与签名比对（200000 周期）==
WARNING: /home/jianglibo/FPGA-Alittle-Design/sim/riscv/tb_arch_test.v:94: $readmemh(build/arch_test/add-01.hex): Not enough words in the file for the requested range [0:8191].
WARNING: /home/jianglibo/FPGA-Alittle-Design/sim/riscv/tb_arch_test.v:95: $readmemh(build/arch_test/add-01.hex): Not enough words in the file for the requested range [0:8191].
WARNING: /home/jianglibo/FPGA-Alittle-Design/sim/riscv/tb_arch_test.v:96: $readmemh(build/arch_test/ref_clean.txt): Not enough words in the file for the requested range [0:8191].
== arch-test add-01-bht1: 预载完成，运行 200000 周期 ==
PASS: add-01-bht1 signature 588 words match reference
签名输出：/home/jianglibo/FPGA-Alittle-Design/sim/build/arch_test/rv32i_m/I/add-01.bht1.signature.output
== add-01 bht2 ==
== [1/4] 编译 add-01（套件 6f7f47b）==
make: Entering directory '/home/jianglibo/FPGA-Alittle-Design/sim/arch_test/suite'

============================ VARIABLE INFO ==================================
ROOTDIR: /home/jianglibo/FPGA-Alittle-Design/sim/arch_test/suite [origin: file]
WORK: /home/jianglibo/FPGA-Alittle-Design/sim/build/arch_test [origin: command line]
TARGETDIR: /home/jianglibo/FPGA-Alittle-Design/sim/arch_test/target [origin: command line]
RISCV_TARGET: pynq_z2_v0 [origin: command line]
XLEN: 32 [origin: command line]
RISCV_DEVICE: I [origin: command line]
=============================================================================

make -j1 \
	RISCV_TARGET=pynq_z2_v0 \
	RISCV_DEVICE=I \
	compile -C /home/jianglibo/FPGA-Alittle-Design/sim/arch_test/suite/riscv-test-suite/rv32i_m/I
make[1]: Entering directory '/home/jianglibo/FPGA-Alittle-Design/sim/arch_test/suite/riscv-test-suite/rv32i_m/I'
make[1]: Nothing to be done for 'compile'.
make[1]: Leaving directory '/home/jianglibo/FPGA-Alittle-Design/sim/arch_test/suite/riscv-test-suite/rv32i_m/I'
make: Leaving directory '/home/jianglibo/FPGA-Alittle-Design/sim/arch_test/suite'
== [2/4] 提取签名符号与参考 ==
签名区 80003250..80003b80（588 字），参考 588 行
== [3/4] 镜像转换（bin -> hex）==
/home/jianglibo/FPGA-Alittle-Design/sim/build/arch_test/add-01.bin -> /home/jianglibo/FPGA-Alittle-Design/sim/build/arch_test/add-01.hex: 15244 bytes, 3811 words (32-bit little-endian)
== [4/4] 仿真与签名比对（200000 周期）==
WARNING: /home/jianglibo/FPGA-Alittle-Design/sim/riscv/tb_arch_test.v:94: $readmemh(build/arch_test/add-01.hex): Not enough words in the file for the requested range [0:8191].
WARNING: /home/jianglibo/FPGA-Alittle-Design/sim/riscv/tb_arch_test.v:95: $readmemh(build/arch_test/add-01.hex): Not enough words in the file for the requested range [0:8191].
WARNING: /home/jianglibo/FPGA-Alittle-Design/sim/riscv/tb_arch_test.v:96: $readmemh(build/arch_test/ref_clean.txt): Not enough words in the file for the requested range [0:8191].
== arch-test add-01-bht2: 预载完成，运行 200000 周期 ==
PASS: add-01-bht2 signature 588 words match reference
签名输出：/home/jianglibo/FPGA-Alittle-Design/sim/build/arch_test/rv32i_m/I/add-01.bht2.signature.output
PASS: add-01 four profiles match golden and each other
== addi-01 fwd ==
== [1/4] 编译 addi-01（套件 6f7f47b）==
make: Entering directory '/home/jianglibo/FPGA-Alittle-Design/sim/arch_test/suite'

============================ VARIABLE INFO ==================================
ROOTDIR: /home/jianglibo/FPGA-Alittle-Design/sim/arch_test/suite [origin: file]
WORK: /home/jianglibo/FPGA-Alittle-Design/sim/build/arch_test [origin: command line]
TARGETDIR: /home/jianglibo/FPGA-Alittle-Design/sim/arch_test/target [origin: command line]
RISCV_TARGET: pynq_z2_v0 [origin: command line]
XLEN: 32 [origin: command line]
RISCV_DEVICE: I [origin: command line]
=============================================================================

make -j1 \
	RISCV_TARGET=pynq_z2_v0 \
	RISCV_DEVICE=I \
	compile -C /home/jianglibo/FPGA-Alittle-Design/sim/arch_test/suite/riscv-test-suite/rv32i_m/I
make[1]: Entering directory '/home/jianglibo/FPGA-Alittle-Design/sim/arch_test/suite/riscv-test-suite/rv32i_m/I'
make[1]: Nothing to be done for 'compile'.
make[1]: Leaving directory '/home/jianglibo/FPGA-Alittle-Design/sim/arch_test/suite/riscv-test-suite/rv32i_m/I'
make: Leaving directory '/home/jianglibo/FPGA-Alittle-Design/sim/arch_test/suite'
== [2/4] 提取签名符号与参考 ==
签名区 80002190..80002a60（564 字），参考 564 行
== [3/4] 镜像转换（bin -> hex）==
/home/jianglibo/FPGA-Alittle-Design/sim/build/arch_test/addi-01.bin -> /home/jianglibo/FPGA-Alittle-Design/sim/build/arch_test/addi-01.hex: 10860 bytes, 2715 words (32-bit little-endian)
== [4/4] 仿真与签名比对（200000 周期）==
WARNING: /home/jianglibo/FPGA-Alittle-Design/sim/riscv/tb_arch_test.v:94: $readmemh(build/arch_test/addi-01.hex): Not enough words in the file for the requested range [0:8191].
WARNING: /home/jianglibo/FPGA-Alittle-Design/sim/riscv/tb_arch_test.v:95: $readmemh(build/arch_test/addi-01.hex): Not enough words in the file for the requested range [0:8191].
WARNING: /home/jianglibo/FPGA-Alittle-Design/sim/riscv/tb_arch_test.v:96: $readmemh(build/arch_test/ref_clean.txt): Not enough words in the file for the requested range [0:8191].
== arch-test addi-01-fwd: 预载完成，运行 200000 周期 ==
PASS: addi-01-fwd signature 564 words match reference
签名输出：/home/jianglibo/FPGA-Alittle-Design/sim/build/arch_test/rv32i_m/I/addi-01.fwd.signature.output
== addi-01 nofwd ==
== [1/4] 编译 addi-01（套件 6f7f47b）==
make: Entering directory '/home/jianglibo/FPGA-Alittle-Design/sim/arch_test/suite'

============================ VARIABLE INFO ==================================
ROOTDIR: /home/jianglibo/FPGA-Alittle-Design/sim/arch_test/suite [origin: file]
WORK: /home/jianglibo/FPGA-Alittle-Design/sim/build/arch_test [origin: command line]
TARGETDIR: /home/jianglibo/FPGA-Alittle-Design/sim/arch_test/target [origin: command line]
RISCV_TARGET: pynq_z2_v0 [origin: command line]
XLEN: 32 [origin: command line]
RISCV_DEVICE: I [origin: command line]
=============================================================================

make -j1 \
	RISCV_TARGET=pynq_z2_v0 \
	RISCV_DEVICE=I \
	compile -C /home/jianglibo/FPGA-Alittle-Design/sim/arch_test/suite/riscv-test-suite/rv32i_m/I
make[1]: Entering directory '/home/jianglibo/FPGA-Alittle-Design/sim/arch_test/suite/riscv-test-suite/rv32i_m/I'
make[1]: Nothing to be done for 'compile'.
make[1]: Leaving directory '/home/jianglibo/FPGA-Alittle-Design/sim/arch_test/suite/riscv-test-suite/rv32i_m/I'
make: Leaving directory '/home/jianglibo/FPGA-Alittle-Design/sim/arch_test/suite'
== [2/4] 提取签名符号与参考 ==
签名区 80002190..80002a60（564 字），参考 564 行
== [3/4] 镜像转换（bin -> hex）==
/home/jianglibo/FPGA-Alittle-Design/sim/build/arch_test/addi-01.bin -> /home/jianglibo/FPGA-Alittle-Design/sim/build/arch_test/addi-01.hex: 10860 bytes, 2715 words (32-bit little-endian)
== [4/4] 仿真与签名比对（200000 周期）==
WARNING: /home/jianglibo/FPGA-Alittle-Design/sim/riscv/tb_arch_test.v:94: $readmemh(build/arch_test/addi-01.hex): Not enough words in the file for the requested range [0:8191].
WARNING: /home/jianglibo/FPGA-Alittle-Design/sim/riscv/tb_arch_test.v:95: $readmemh(build/arch_test/addi-01.hex): Not enough words in the file for the requested range [0:8191].
WARNING: /home/jianglibo/FPGA-Alittle-Design/sim/riscv/tb_arch_test.v:96: $readmemh(build/arch_test/ref_clean.txt): Not enough words in the file for the requested range [0:8191].
== arch-test addi-01-nofwd: 预载完成，运行 200000 周期 ==
PASS: addi-01-nofwd signature 564 words match reference
签名输出：/home/jianglibo/FPGA-Alittle-Design/sim/build/arch_test/rv32i_m/I/addi-01.nofwd.signature.output
== addi-01 bht1 ==
== [1/4] 编译 addi-01（套件 6f7f47b）==
make: Entering directory '/home/jianglibo/FPGA-Alittle-Design/sim/arch_test/suite'

============================ VARIABLE INFO ==================================
ROOTDIR: /home/jianglibo/FPGA-Alittle-Design/sim/arch_test/suite [origin: file]
WORK: /home/jianglibo/FPGA-Alittle-Design/sim/build/arch_test [origin: command line]
TARGETDIR: /home/jianglibo/FPGA-Alittle-Design/sim/arch_test/target [origin: command line]
RISCV_TARGET: pynq_z2_v0 [origin: command line]
XLEN: 32 [origin: command line]
RISCV_DEVICE: I [origin: command line]
=============================================================================

make -j1 \
	RISCV_TARGET=pynq_z2_v0 \
	RISCV_DEVICE=I \
	compile -C /home/jianglibo/FPGA-Alittle-Design/sim/arch_test/suite/riscv-test-suite/rv32i_m/I
make[1]: Entering directory '/home/jianglibo/FPGA-Alittle-Design/sim/arch_test/suite/riscv-test-suite/rv32i_m/I'
make[1]: Nothing to be done for 'compile'.
make[1]: Leaving directory '/home/jianglibo/FPGA-Alittle-Design/sim/arch_test/suite/riscv-test-suite/rv32i_m/I'
make: Leaving directory '/home/jianglibo/FPGA-Alittle-Design/sim/arch_test/suite'
== [2/4] 提取签名符号与参考 ==
签名区 80002190..80002a60（564 字），参考 564 行
== [3/4] 镜像转换（bin -> hex）==
/home/jianglibo/FPGA-Alittle-Design/sim/build/arch_test/addi-01.bin -> /home/jianglibo/FPGA-Alittle-Design/sim/build/arch_test/addi-01.hex: 10860 bytes, 2715 words (32-bit little-endian)
== [4/4] 仿真与签名比对（200000 周期）==
WARNING: /home/jianglibo/FPGA-Alittle-Design/sim/riscv/tb_arch_test.v:94: $readmemh(build/arch_test/addi-01.hex): Not enough words in the file for the requested range [0:8191].
WARNING: /home/jianglibo/FPGA-Alittle-Design/sim/riscv/tb_arch_test.v:95: $readmemh(build/arch_test/addi-01.hex): Not enough words in the file for the requested range [0:8191].
WARNING: /home/jianglibo/FPGA-Alittle-Design/sim/riscv/tb_arch_test.v:96: $readmemh(build/arch_test/ref_clean.txt): Not enough words in the file for the requested range [0:8191].
== arch-test addi-01-bht1: 预载完成，运行 200000 周期 ==
PASS: addi-01-bht1 signature 564 words match reference
签名输出：/home/jianglibo/FPGA-Alittle-Design/sim/build/arch_test/rv32i_m/I/addi-01.bht1.signature.output
== addi-01 bht2 ==
== [1/4] 编译 addi-01（套件 6f7f47b）==
make: Entering directory '/home/jianglibo/FPGA-Alittle-Design/sim/arch_test/suite'

============================ VARIABLE INFO ==================================
ROOTDIR: /home/jianglibo/FPGA-Alittle-Design/sim/arch_test/suite [origin: file]
WORK: /home/jianglibo/FPGA-Alittle-Design/sim/build/arch_test [origin: command line]
TARGETDIR: /home/jianglibo/FPGA-Alittle-Design/sim/arch_test/target [origin: command line]
RISCV_TARGET: pynq_z2_v0 [origin: command line]
XLEN: 32 [origin: command line]
RISCV_DEVICE: I [origin: command line]
=============================================================================

make -j1 \
	RISCV_TARGET=pynq_z2_v0 \
	RISCV_DEVICE=I \
	compile -C /home/jianglibo/FPGA-Alittle-Design/sim/arch_test/suite/riscv-test-suite/rv32i_m/I
make[1]: Entering directory '/home/jianglibo/FPGA-Alittle-Design/sim/arch_test/suite/riscv-test-suite/rv32i_m/I'
make[1]: Nothing to be done for 'compile'.
make[1]: Leaving directory '/home/jianglibo/FPGA-Alittle-Design/sim/arch_test/suite/riscv-test-suite/rv32i_m/I'
make: Leaving directory '/home/jianglibo/FPGA-Alittle-Design/sim/arch_test/suite'
== [2/4] 提取签名符号与参考 ==
签名区 80002190..80002a60（564 字），参考 564 行
== [3/4] 镜像转换（bin -> hex）==
/home/jianglibo/FPGA-Alittle-Design/sim/build/arch_test/addi-01.bin -> /home/jianglibo/FPGA-Alittle-Design/sim/build/arch_test/addi-01.hex: 10860 bytes, 2715 words (32-bit little-endian)
== [4/4] 仿真与签名比对（200000 周期）==
WARNING: /home/jianglibo/FPGA-Alittle-Design/sim/riscv/tb_arch_test.v:94: $readmemh(build/arch_test/addi-01.hex): Not enough words in the file for the requested range [0:8191].
WARNING: /home/jianglibo/FPGA-Alittle-Design/sim/riscv/tb_arch_test.v:95: $readmemh(build/arch_test/addi-01.hex): Not enough words in the file for the requested range [0:8191].
WARNING: /home/jianglibo/FPGA-Alittle-Design/sim/riscv/tb_arch_test.v:96: $readmemh(build/arch_test/ref_clean.txt): Not enough words in the file for the requested range [0:8191].
== arch-test addi-01-bht2: 预载完成，运行 200000 周期 ==
PASS: addi-01-bht2 signature 564 words match reference
签名输出：/home/jianglibo/FPGA-Alittle-Design/sim/build/arch_test/rv32i_m/I/addi-01.bht2.signature.output
PASS: addi-01 four profiles match golden and each other
== and-01 fwd ==
== [1/4] 编译 and-01（套件 6f7f47b）==
make: Entering directory '/home/jianglibo/FPGA-Alittle-Design/sim/arch_test/suite'

============================ VARIABLE INFO ==================================
ROOTDIR: /home/jianglibo/FPGA-Alittle-Design/sim/arch_test/suite [origin: file]
WORK: /home/jianglibo/FPGA-Alittle-Design/sim/build/arch_test [origin: command line]
TARGETDIR: /home/jianglibo/FPGA-Alittle-Design/sim/arch_test/target [origin: command line]
RISCV_TARGET: pynq_z2_v0 [origin: command line]
XLEN: 32 [origin: command line]
RISCV_DEVICE: I [origin: command line]
=============================================================================

make -j1 \
	RISCV_TARGET=pynq_z2_v0 \
	RISCV_DEVICE=I \
	compile -C /home/jianglibo/FPGA-Alittle-Design/sim/arch_test/suite/riscv-test-suite/rv32i_m/I
make[1]: Entering directory '/home/jianglibo/FPGA-Alittle-Design/sim/arch_test/suite/riscv-test-suite/rv32i_m/I'
make[1]: Nothing to be done for 'compile'.
make[1]: Leaving directory '/home/jianglibo/FPGA-Alittle-Design/sim/arch_test/suite/riscv-test-suite/rv32i_m/I'
make: Leaving directory '/home/jianglibo/FPGA-Alittle-Design/sim/arch_test/suite'
== [2/4] 提取签名符号与参考 ==
签名区 800031e0..80003b00（584 字），参考 584 行
== [3/4] 镜像转换（bin -> hex）==
/home/jianglibo/FPGA-Alittle-Design/sim/build/arch_test/and-01.bin -> /home/jianglibo/FPGA-Alittle-Design/sim/build/arch_test/and-01.hex: 15116 bytes, 3779 words (32-bit little-endian)
== [4/4] 仿真与签名比对（200000 周期）==
WARNING: /home/jianglibo/FPGA-Alittle-Design/sim/riscv/tb_arch_test.v:94: $readmemh(build/arch_test/and-01.hex): Not enough words in the file for the requested range [0:8191].
WARNING: /home/jianglibo/FPGA-Alittle-Design/sim/riscv/tb_arch_test.v:95: $readmemh(build/arch_test/and-01.hex): Not enough words in the file for the requested range [0:8191].
WARNING: /home/jianglibo/FPGA-Alittle-Design/sim/riscv/tb_arch_test.v:96: $readmemh(build/arch_test/ref_clean.txt): Not enough words in the file for the requested range [0:8191].
== arch-test and-01-fwd: 预载完成，运行 200000 周期 ==
PASS: and-01-fwd signature 584 words match reference
签名输出：/home/jianglibo/FPGA-Alittle-Design/sim/build/arch_test/rv32i_m/I/and-01.fwd.signature.output
== and-01 nofwd ==
== [1/4] 编译 and-01（套件 6f7f47b）==
make: Entering directory '/home/jianglibo/FPGA-Alittle-Design/sim/arch_test/suite'

============================ VARIABLE INFO ==================================
ROOTDIR: /home/jianglibo/FPGA-Alittle-Design/sim/arch_test/suite [origin: file]
WORK: /home/jianglibo/FPGA-Alittle-Design/sim/build/arch_test [origin: command line]
TARGETDIR: /home/jianglibo/FPGA-Alittle-Design/sim/arch_test/target [origin: command line]
RISCV_TARGET: pynq_z2_v0 [origin: command line]
XLEN: 32 [origin: command line]
RISCV_DEVICE: I [origin: command line]
=============================================================================

make -j1 \
	RISCV_TARGET=pynq_z2_v0 \
	RISCV_DEVICE=I \
	compile -C /home/jianglibo/FPGA-Alittle-Design/sim/arch_test/suite/riscv-test-suite/rv32i_m/I
make[1]: Entering directory '/home/jianglibo/FPGA-Alittle-Design/sim/arch_test/suite/riscv-test-suite/rv32i_m/I'
make[1]: Nothing to be done for 'compile'.
make[1]: Leaving directory '/home/jianglibo/FPGA-Alittle-Design/sim/arch_test/suite/riscv-test-suite/rv32i_m/I'
make: Leaving directory '/home/jianglibo/FPGA-Alittle-Design/sim/arch_test/suite'
== [2/4] 提取签名符号与参考 ==
签名区 800031e0..80003b00（584 字），参考 584 行
== [3/4] 镜像转换（bin -> hex）==
/home/jianglibo/FPGA-Alittle-Design/sim/build/arch_test/and-01.bin -> /home/jianglibo/FPGA-Alittle-Design/sim/build/arch_test/and-01.hex: 15116 bytes, 3779 words (32-bit little-endian)
== [4/4] 仿真与签名比对（200000 周期）==
WARNING: /home/jianglibo/FPGA-Alittle-Design/sim/riscv/tb_arch_test.v:94: $readmemh(build/arch_test/and-01.hex): Not enough words in the file for the requested range [0:8191].
WARNING: /home/jianglibo/FPGA-Alittle-Design/sim/riscv/tb_arch_test.v:95: $readmemh(build/arch_test/and-01.hex): Not enough words in the file for the requested range [0:8191].
WARNING: /home/jianglibo/FPGA-Alittle-Design/sim/riscv/tb_arch_test.v:96: $readmemh(build/arch_test/ref_clean.txt): Not enough words in the file for the requested range [0:8191].
== arch-test and-01-nofwd: 预载完成，运行 200000 周期 ==
PASS: and-01-nofwd signature 584 words match reference
签名输出：/home/jianglibo/FPGA-Alittle-Design/sim/build/arch_test/rv32i_m/I/and-01.nofwd.signature.output
== and-01 bht1 ==
== [1/4] 编译 and-01（套件 6f7f47b）==
make: Entering directory '/home/jianglibo/FPGA-Alittle-Design/sim/arch_test/suite'

============================ VARIABLE INFO ==================================
ROOTDIR: /home/jianglibo/FPGA-Alittle-Design/sim/arch_test/suite [origin: file]
WORK: /home/jianglibo/FPGA-Alittle-Design/sim/build/arch_test [origin: command line]
TARGETDIR: /home/jianglibo/FPGA-Alittle-Design/sim/arch_test/target [origin: command line]
RISCV_TARGET: pynq_z2_v0 [origin: command line]
XLEN: 32 [origin: command line]
RISCV_DEVICE: I [origin: command line]
=============================================================================

make -j1 \
	RISCV_TARGET=pynq_z2_v0 \
	RISCV_DEVICE=I \
	compile -C /home/jianglibo/FPGA-Alittle-Design/sim/arch_test/suite/riscv-test-suite/rv32i_m/I
make[1]: Entering directory '/home/jianglibo/FPGA-Alittle-Design/sim/arch_test/suite/riscv-test-suite/rv32i_m/I'
make[1]: Nothing to be done for 'compile'.
make[1]: Leaving directory '/home/jianglibo/FPGA-Alittle-Design/sim/arch_test/suite/riscv-test-suite/rv32i_m/I'
make: Leaving directory '/home/jianglibo/FPGA-Alittle-Design/sim/arch_test/suite'
== [2/4] 提取签名符号与参考 ==
签名区 800031e0..80003b00（584 字），参考 584 行
== [3/4] 镜像转换（bin -> hex）==
/home/jianglibo/FPGA-Alittle-Design/sim/build/arch_test/and-01.bin -> /home/jianglibo/FPGA-Alittle-Design/sim/build/arch_test/and-01.hex: 15116 bytes, 3779 words (32-bit little-endian)
== [4/4] 仿真与签名比对（200000 周期）==
WARNING: /home/jianglibo/FPGA-Alittle-Design/sim/riscv/tb_arch_test.v:94: $readmemh(build/arch_test/and-01.hex): Not enough words in the file for the requested range [0:8191].
WARNING: /home/jianglibo/FPGA-Alittle-Design/sim/riscv/tb_arch_test.v:95: $readmemh(build/arch_test/and-01.hex): Not enough words in the file for the requested range [0:8191].
WARNING: /home/jianglibo/FPGA-Alittle-Design/sim/riscv/tb_arch_test.v:96: $readmemh(build/arch_test/ref_clean.txt): Not enough words in the file for the requested range [0:8191].
== arch-test and-01-bht1: 预载完成，运行 200000 周期 ==
PASS: and-01-bht1 signature 584 words match reference
签名输出：/home/jianglibo/FPGA-Alittle-Design/sim/build/arch_test/rv32i_m/I/and-01.bht1.signature.output
== and-01 bht2 ==
== [1/4] 编译 and-01（套件 6f7f47b）==
make: Entering directory '/home/jianglibo/FPGA-Alittle-Design/sim/arch_test/suite'

============================ VARIABLE INFO ==================================
ROOTDIR: /home/jianglibo/FPGA-Alittle-Design/sim/arch_test/suite [origin: file]
WORK: /home/jianglibo/FPGA-Alittle-Design/sim/build/arch_test [origin: command line]
TARGETDIR: /home/jianglibo/FPGA-Alittle-Design/sim/arch_test/target [origin: command line]
RISCV_TARGET: pynq_z2_v0 [origin: command line]
XLEN: 32 [origin: command line]
RISCV_DEVICE: I [origin: command line]
=============================================================================

make -j1 \
	RISCV_TARGET=pynq_z2_v0 \
	RISCV_DEVICE=I \
	compile -C /home/jianglibo/FPGA-Alittle-Design/sim/arch_test/suite/riscv-test-suite/rv32i_m/I
make[1]: Entering directory '/home/jianglibo/FPGA-Alittle-Design/sim/arch_test/suite/riscv-test-suite/rv32i_m/I'
make[1]: Nothing to be done for 'compile'.
make[1]: Leaving directory '/home/jianglibo/FPGA-Alittle-Design/sim/arch_test/suite/riscv-test-suite/rv32i_m/I'
make: Leaving directory '/home/jianglibo/FPGA-Alittle-Design/sim/arch_test/suite'
== [2/4] 提取签名符号与参考 ==
签名区 800031e0..80003b00（584 字），参考 584 行
== [3/4] 镜像转换（bin -> hex）==
/home/jianglibo/FPGA-Alittle-Design/sim/build/arch_test/and-01.bin -> /home/jianglibo/FPGA-Alittle-Design/sim/build/arch_test/and-01.hex: 15116 bytes, 3779 words (32-bit little-endian)
== [4/4] 仿真与签名比对（200000 周期）==
WARNING: /home/jianglibo/FPGA-Alittle-Design/sim/riscv/tb_arch_test.v:94: $readmemh(build/arch_test/and-01.hex): Not enough words in the file for the requested range [0:8191].
WARNING: /home/jianglibo/FPGA-Alittle-Design/sim/riscv/tb_arch_test.v:95: $readmemh(build/arch_test/and-01.hex): Not enough words in the file for the requested range [0:8191].
WARNING: /home/jianglibo/FPGA-Alittle-Design/sim/riscv/tb_arch_test.v:96: $readmemh(build/arch_test/ref_clean.txt): Not enough words in the file for the requested range [0:8191].
== arch-test and-01-bht2: 预载完成，运行 200000 周期 ==
PASS: and-01-bht2 signature 584 words match reference
签名输出：/home/jianglibo/FPGA-Alittle-Design/sim/build/arch_test/rv32i_m/I/and-01.bht2.signature.output
PASS: and-01 four profiles match golden and each other
== div-01 fwd ==
== [1/4] 编译 div-01（套件 6f7f47b）==
make: Entering directory '/home/jianglibo/FPGA-Alittle-Design/sim/arch_test/suite'

============================ VARIABLE INFO ==================================
ROOTDIR: /home/jianglibo/FPGA-Alittle-Design/sim/arch_test/suite [origin: file]
WORK: /home/jianglibo/FPGA-Alittle-Design/sim/build/arch_test [origin: command line]
TARGETDIR: /home/jianglibo/FPGA-Alittle-Design/sim/arch_test/target [origin: command line]
RISCV_TARGET: pynq_z2_v0 [origin: command line]
XLEN: 32 [origin: command line]
RISCV_DEVICE: M [origin: command line]
=============================================================================

make -j1 \
	RISCV_TARGET=pynq_z2_v0 \
	RISCV_DEVICE=M \
	compile -C /home/jianglibo/FPGA-Alittle-Design/sim/arch_test/suite/riscv-test-suite/rv32i_m/M
make[1]: Entering directory '/home/jianglibo/FPGA-Alittle-Design/sim/arch_test/suite/riscv-test-suite/rv32i_m/M'
Compile /home/jianglibo/FPGA-Alittle-Design/sim/build/arch_test/rv32i_m/M/div-01.elf
make[1]: Leaving directory '/home/jianglibo/FPGA-Alittle-Design/sim/arch_test/suite/riscv-test-suite/rv32i_m/M'
make: Leaving directory '/home/jianglibo/FPGA-Alittle-Design/sim/arch_test/suite'
== [2/4] 提取签名符号与参考 ==
签名区 80003250..80003b90（592 字），参考 592 行
== [3/4] 镜像转换（bin -> hex）==
/home/jianglibo/FPGA-Alittle-Design/sim/build/arch_test/div-01.bin -> /home/jianglibo/FPGA-Alittle-Design/sim/build/arch_test/div-01.hex: 15260 bytes, 3815 words (32-bit little-endian)
== [4/4] 仿真与签名比对（200000 周期）==
WARNING: /home/jianglibo/FPGA-Alittle-Design/sim/riscv/tb_arch_test.v:94: $readmemh(build/arch_test/div-01.hex): Not enough words in the file for the requested range [0:8191].
WARNING: /home/jianglibo/FPGA-Alittle-Design/sim/riscv/tb_arch_test.v:95: $readmemh(build/arch_test/div-01.hex): Not enough words in the file for the requested range [0:8191].
WARNING: /home/jianglibo/FPGA-Alittle-Design/sim/riscv/tb_arch_test.v:96: $readmemh(build/arch_test/ref_clean.txt): Not enough words in the file for the requested range [0:8191].
== arch-test div-01-fwd: 预载完成，运行 200000 周期 ==
PASS: div-01-fwd signature 592 words match reference
签名输出：/home/jianglibo/FPGA-Alittle-Design/sim/build/arch_test/rv32i_m/M/div-01.fwd.signature.output
== div-01 nofwd ==
== [1/4] 编译 div-01（套件 6f7f47b）==
make: Entering directory '/home/jianglibo/FPGA-Alittle-Design/sim/arch_test/suite'

============================ VARIABLE INFO ==================================
ROOTDIR: /home/jianglibo/FPGA-Alittle-Design/sim/arch_test/suite [origin: file]
WORK: /home/jianglibo/FPGA-Alittle-Design/sim/build/arch_test [origin: command line]
TARGETDIR: /home/jianglibo/FPGA-Alittle-Design/sim/arch_test/target [origin: command line]
RISCV_TARGET: pynq_z2_v0 [origin: command line]
XLEN: 32 [origin: command line]
RISCV_DEVICE: M [origin: command line]
=============================================================================

make -j1 \
	RISCV_TARGET=pynq_z2_v0 \
	RISCV_DEVICE=M \
	compile -C /home/jianglibo/FPGA-Alittle-Design/sim/arch_test/suite/riscv-test-suite/rv32i_m/M
make[1]: Entering directory '/home/jianglibo/FPGA-Alittle-Design/sim/arch_test/suite/riscv-test-suite/rv32i_m/M'
make[1]: Nothing to be done for 'compile'.
make[1]: Leaving directory '/home/jianglibo/FPGA-Alittle-Design/sim/arch_test/suite/riscv-test-suite/rv32i_m/M'
make: Leaving directory '/home/jianglibo/FPGA-Alittle-Design/sim/arch_test/suite'
== [2/4] 提取签名符号与参考 ==
签名区 80003250..80003b90（592 字），参考 592 行
== [3/4] 镜像转换（bin -> hex）==
/home/jianglibo/FPGA-Alittle-Design/sim/build/arch_test/div-01.bin -> /home/jianglibo/FPGA-Alittle-Design/sim/build/arch_test/div-01.hex: 15260 bytes, 3815 words (32-bit little-endian)
== [4/4] 仿真与签名比对（200000 周期）==
WARNING: /home/jianglibo/FPGA-Alittle-Design/sim/riscv/tb_arch_test.v:94: $readmemh(build/arch_test/div-01.hex): Not enough words in the file for the requested range [0:8191].
WARNING: /home/jianglibo/FPGA-Alittle-Design/sim/riscv/tb_arch_test.v:95: $readmemh(build/arch_test/div-01.hex): Not enough words in the file for the requested range [0:8191].
WARNING: /home/jianglibo/FPGA-Alittle-Design/sim/riscv/tb_arch_test.v:96: $readmemh(build/arch_test/ref_clean.txt): Not enough words in the file for the requested range [0:8191].
== arch-test div-01-nofwd: 预载完成，运行 200000 周期 ==
PASS: div-01-nofwd signature 592 words match reference
签名输出：/home/jianglibo/FPGA-Alittle-Design/sim/build/arch_test/rv32i_m/M/div-01.nofwd.signature.output
== div-01 bht1 ==
== [1/4] 编译 div-01（套件 6f7f47b）==
make: Entering directory '/home/jianglibo/FPGA-Alittle-Design/sim/arch_test/suite'

============================ VARIABLE INFO ==================================
ROOTDIR: /home/jianglibo/FPGA-Alittle-Design/sim/arch_test/suite [origin: file]
WORK: /home/jianglibo/FPGA-Alittle-Design/sim/build/arch_test [origin: command line]
TARGETDIR: /home/jianglibo/FPGA-Alittle-Design/sim/arch_test/target [origin: command line]
RISCV_TARGET: pynq_z2_v0 [origin: command line]
XLEN: 32 [origin: command line]
RISCV_DEVICE: M [origin: command line]
=============================================================================

make -j1 \
	RISCV_TARGET=pynq_z2_v0 \
	RISCV_DEVICE=M \
	compile -C /home/jianglibo/FPGA-Alittle-Design/sim/arch_test/suite/riscv-test-suite/rv32i_m/M
make[1]: Entering directory '/home/jianglibo/FPGA-Alittle-Design/sim/arch_test/suite/riscv-test-suite/rv32i_m/M'
make[1]: Nothing to be done for 'compile'.
make[1]: Leaving directory '/home/jianglibo/FPGA-Alittle-Design/sim/arch_test/suite/riscv-test-suite/rv32i_m/M'
make: Leaving directory '/home/jianglibo/FPGA-Alittle-Design/sim/arch_test/suite'
== [2/4] 提取签名符号与参考 ==
签名区 80003250..80003b90（592 字），参考 592 行
== [3/4] 镜像转换（bin -> hex）==
/home/jianglibo/FPGA-Alittle-Design/sim/build/arch_test/div-01.bin -> /home/jianglibo/FPGA-Alittle-Design/sim/build/arch_test/div-01.hex: 15260 bytes, 3815 words (32-bit little-endian)
== [4/4] 仿真与签名比对（200000 周期）==
WARNING: /home/jianglibo/FPGA-Alittle-Design/sim/riscv/tb_arch_test.v:94: $readmemh(build/arch_test/div-01.hex): Not enough words in the file for the requested range [0:8191].
WARNING: /home/jianglibo/FPGA-Alittle-Design/sim/riscv/tb_arch_test.v:95: $readmemh(build/arch_test/div-01.hex): Not enough words in the file for the requested range [0:8191].
WARNING: /home/jianglibo/FPGA-Alittle-Design/sim/riscv/tb_arch_test.v:96: $readmemh(build/arch_test/ref_clean.txt): Not enough words in the file for the requested range [0:8191].
== arch-test div-01-bht1: 预载完成，运行 200000 周期 ==
PASS: div-01-bht1 signature 592 words match reference
签名输出：/home/jianglibo/FPGA-Alittle-Design/sim/build/arch_test/rv32i_m/M/div-01.bht1.signature.output
== div-01 bht2 ==
== [1/4] 编译 div-01（套件 6f7f47b）==
make: Entering directory '/home/jianglibo/FPGA-Alittle-Design/sim/arch_test/suite'

============================ VARIABLE INFO ==================================
ROOTDIR: /home/jianglibo/FPGA-Alittle-Design/sim/arch_test/suite [origin: file]
WORK: /home/jianglibo/FPGA-Alittle-Design/sim/build/arch_test [origin: command line]
TARGETDIR: /home/jianglibo/FPGA-Alittle-Design/sim/arch_test/target [origin: command line]
RISCV_TARGET: pynq_z2_v0 [origin: command line]
XLEN: 32 [origin: command line]
RISCV_DEVICE: M [origin: command line]
=============================================================================

make -j1 \
	RISCV_TARGET=pynq_z2_v0 \
	RISCV_DEVICE=M \
	compile -C /home/jianglibo/FPGA-Alittle-Design/sim/arch_test/suite/riscv-test-suite/rv32i_m/M
make[1]: Entering directory '/home/jianglibo/FPGA-Alittle-Design/sim/arch_test/suite/riscv-test-suite/rv32i_m/M'
make[1]: Nothing to be done for 'compile'.
make[1]: Leaving directory '/home/jianglibo/FPGA-Alittle-Design/sim/arch_test/suite/riscv-test-suite/rv32i_m/M'
make: Leaving directory '/home/jianglibo/FPGA-Alittle-Design/sim/arch_test/suite'
== [2/4] 提取签名符号与参考 ==
签名区 80003250..80003b90（592 字），参考 592 行
== [3/4] 镜像转换（bin -> hex）==
/home/jianglibo/FPGA-Alittle-Design/sim/build/arch_test/div-01.bin -> /home/jianglibo/FPGA-Alittle-Design/sim/build/arch_test/div-01.hex: 15260 bytes, 3815 words (32-bit little-endian)
== [4/4] 仿真与签名比对（200000 周期）==
WARNING: /home/jianglibo/FPGA-Alittle-Design/sim/riscv/tb_arch_test.v:94: $readmemh(build/arch_test/div-01.hex): Not enough words in the file for the requested range [0:8191].
WARNING: /home/jianglibo/FPGA-Alittle-Design/sim/riscv/tb_arch_test.v:95: $readmemh(build/arch_test/div-01.hex): Not enough words in the file for the requested range [0:8191].
WARNING: /home/jianglibo/FPGA-Alittle-Design/sim/riscv/tb_arch_test.v:96: $readmemh(build/arch_test/ref_clean.txt): Not enough words in the file for the requested range [0:8191].
== arch-test div-01-bht2: 预载完成，运行 200000 周期 ==
PASS: div-01-bht2 signature 592 words match reference
签名输出：/home/jianglibo/FPGA-Alittle-Design/sim/build/arch_test/rv32i_m/M/div-01.bht2.signature.output
PASS: div-01 four profiles match golden and each other
== divu-01 fwd ==
== [1/4] 编译 divu-01（套件 6f7f47b）==
make: Entering directory '/home/jianglibo/FPGA-Alittle-Design/sim/arch_test/suite'

============================ VARIABLE INFO ==================================
ROOTDIR: /home/jianglibo/FPGA-Alittle-Design/sim/arch_test/suite [origin: file]
WORK: /home/jianglibo/FPGA-Alittle-Design/sim/build/arch_test [origin: command line]
TARGETDIR: /home/jianglibo/FPGA-Alittle-Design/sim/arch_test/target [origin: command line]
RISCV_TARGET: pynq_z2_v0 [origin: command line]
XLEN: 32 [origin: command line]
RISCV_DEVICE: M [origin: command line]
=============================================================================

make -j1 \
	RISCV_TARGET=pynq_z2_v0 \
	RISCV_DEVICE=M \
	compile -C /home/jianglibo/FPGA-Alittle-Design/sim/arch_test/suite/riscv-test-suite/rv32i_m/M
make[1]: Entering directory '/home/jianglibo/FPGA-Alittle-Design/sim/arch_test/suite/riscv-test-suite/rv32i_m/M'
Compile /home/jianglibo/FPGA-Alittle-Design/sim/build/arch_test/rv32i_m/M/divu-01.elf
make[1]: Leaving directory '/home/jianglibo/FPGA-Alittle-Design/sim/arch_test/suite/riscv-test-suite/rv32i_m/M'
make: Leaving directory '/home/jianglibo/FPGA-Alittle-Design/sim/arch_test/suite'
== [2/4] 提取签名符号与参考 ==
签名区 80003cf0..80004850（728 字），参考 728 行
== [3/4] 镜像转换（bin -> hex）==
/home/jianglibo/FPGA-Alittle-Design/sim/build/arch_test/divu-01.bin -> /home/jianglibo/FPGA-Alittle-Design/sim/build/arch_test/divu-01.hex: 18524 bytes, 4631 words (32-bit little-endian)
== [4/4] 仿真与签名比对（200000 周期）==
WARNING: /home/jianglibo/FPGA-Alittle-Design/sim/riscv/tb_arch_test.v:94: $readmemh(build/arch_test/divu-01.hex): Not enough words in the file for the requested range [0:8191].
WARNING: /home/jianglibo/FPGA-Alittle-Design/sim/riscv/tb_arch_test.v:95: $readmemh(build/arch_test/divu-01.hex): Not enough words in the file for the requested range [0:8191].
WARNING: /home/jianglibo/FPGA-Alittle-Design/sim/riscv/tb_arch_test.v:96: $readmemh(build/arch_test/ref_clean.txt): Not enough words in the file for the requested range [0:8191].
== arch-test divu-01-fwd: 预载完成，运行 200000 周期 ==
PASS: divu-01-fwd signature 728 words match reference
签名输出：/home/jianglibo/FPGA-Alittle-Design/sim/build/arch_test/rv32i_m/M/divu-01.fwd.signature.output
== divu-01 nofwd ==
== [1/4] 编译 divu-01（套件 6f7f47b）==
make: Entering directory '/home/jianglibo/FPGA-Alittle-Design/sim/arch_test/suite'

============================ VARIABLE INFO ==================================
ROOTDIR: /home/jianglibo/FPGA-Alittle-Design/sim/arch_test/suite [origin: file]
WORK: /home/jianglibo/FPGA-Alittle-Design/sim/build/arch_test [origin: command line]
TARGETDIR: /home/jianglibo/FPGA-Alittle-Design/sim/arch_test/target [origin: command line]
RISCV_TARGET: pynq_z2_v0 [origin: command line]
XLEN: 32 [origin: command line]
RISCV_DEVICE: M [origin: command line]
=============================================================================

make -j1 \
	RISCV_TARGET=pynq_z2_v0 \
	RISCV_DEVICE=M \
	compile -C /home/jianglibo/FPGA-Alittle-Design/sim/arch_test/suite/riscv-test-suite/rv32i_m/M
make[1]: Entering directory '/home/jianglibo/FPGA-Alittle-Design/sim/arch_test/suite/riscv-test-suite/rv32i_m/M'
make[1]: Nothing to be done for 'compile'.
make[1]: Leaving directory '/home/jianglibo/FPGA-Alittle-Design/sim/arch_test/suite/riscv-test-suite/rv32i_m/M'
make: Leaving directory '/home/jianglibo/FPGA-Alittle-Design/sim/arch_test/suite'
== [2/4] 提取签名符号与参考 ==
签名区 80003cf0..80004850（728 字），参考 728 行
== [3/4] 镜像转换（bin -> hex）==
/home/jianglibo/FPGA-Alittle-Design/sim/build/arch_test/divu-01.bin -> /home/jianglibo/FPGA-Alittle-Design/sim/build/arch_test/divu-01.hex: 18524 bytes, 4631 words (32-bit little-endian)
== [4/4] 仿真与签名比对（200000 周期）==
WARNING: /home/jianglibo/FPGA-Alittle-Design/sim/riscv/tb_arch_test.v:94: $readmemh(build/arch_test/divu-01.hex): Not enough words in the file for the requested range [0:8191].
WARNING: /home/jianglibo/FPGA-Alittle-Design/sim/riscv/tb_arch_test.v:95: $readmemh(build/arch_test/divu-01.hex): Not enough words in the file for the requested range [0:8191].
WARNING: /home/jianglibo/FPGA-Alittle-Design/sim/riscv/tb_arch_test.v:96: $readmemh(build/arch_test/ref_clean.txt): Not enough words in the file for the requested range [0:8191].
== arch-test divu-01-nofwd: 预载完成，运行 200000 周期 ==
PASS: divu-01-nofwd signature 728 words match reference
签名输出：/home/jianglibo/FPGA-Alittle-Design/sim/build/arch_test/rv32i_m/M/divu-01.nofwd.signature.output
== divu-01 bht1 ==
== [1/4] 编译 divu-01（套件 6f7f47b）==
make: Entering directory '/home/jianglibo/FPGA-Alittle-Design/sim/arch_test/suite'

============================ VARIABLE INFO ==================================
ROOTDIR: /home/jianglibo/FPGA-Alittle-Design/sim/arch_test/suite [origin: file]
WORK: /home/jianglibo/FPGA-Alittle-Design/sim/build/arch_test [origin: command line]
TARGETDIR: /home/jianglibo/FPGA-Alittle-Design/sim/arch_test/target [origin: command line]
RISCV_TARGET: pynq_z2_v0 [origin: command line]
XLEN: 32 [origin: command line]
RISCV_DEVICE: M [origin: command line]
=============================================================================

make -j1 \
	RISCV_TARGET=pynq_z2_v0 \
	RISCV_DEVICE=M \
	compile -C /home/jianglibo/FPGA-Alittle-Design/sim/arch_test/suite/riscv-test-suite/rv32i_m/M
make[1]: Entering directory '/home/jianglibo/FPGA-Alittle-Design/sim/arch_test/suite/riscv-test-suite/rv32i_m/M'
make[1]: Nothing to be done for 'compile'.
make[1]: Leaving directory '/home/jianglibo/FPGA-Alittle-Design/sim/arch_test/suite/riscv-test-suite/rv32i_m/M'
make: Leaving directory '/home/jianglibo/FPGA-Alittle-Design/sim/arch_test/suite'
== [2/4] 提取签名符号与参考 ==
签名区 80003cf0..80004850（728 字），参考 728 行
== [3/4] 镜像转换（bin -> hex）==
/home/jianglibo/FPGA-Alittle-Design/sim/build/arch_test/divu-01.bin -> /home/jianglibo/FPGA-Alittle-Design/sim/build/arch_test/divu-01.hex: 18524 bytes, 4631 words (32-bit little-endian)
== [4/4] 仿真与签名比对（200000 周期）==
WARNING: /home/jianglibo/FPGA-Alittle-Design/sim/riscv/tb_arch_test.v:94: $readmemh(build/arch_test/divu-01.hex): Not enough words in the file for the requested range [0:8191].
WARNING: /home/jianglibo/FPGA-Alittle-Design/sim/riscv/tb_arch_test.v:95: $readmemh(build/arch_test/divu-01.hex): Not enough words in the file for the requested range [0:8191].
WARNING: /home/jianglibo/FPGA-Alittle-Design/sim/riscv/tb_arch_test.v:96: $readmemh(build/arch_test/ref_clean.txt): Not enough words in the file for the requested range [0:8191].
== arch-test divu-01-bht1: 预载完成，运行 200000 周期 ==
PASS: divu-01-bht1 signature 728 words match reference
签名输出：/home/jianglibo/FPGA-Alittle-Design/sim/build/arch_test/rv32i_m/M/divu-01.bht1.signature.output
== divu-01 bht2 ==
== [1/4] 编译 divu-01（套件 6f7f47b）==
make: Entering directory '/home/jianglibo/FPGA-Alittle-Design/sim/arch_test/suite'

============================ VARIABLE INFO ==================================
ROOTDIR: /home/jianglibo/FPGA-Alittle-Design/sim/arch_test/suite [origin: file]
WORK: /home/jianglibo/FPGA-Alittle-Design/sim/build/arch_test [origin: command line]
TARGETDIR: /home/jianglibo/FPGA-Alittle-Design/sim/arch_test/target [origin: command line]
RISCV_TARGET: pynq_z2_v0 [origin: command line]
XLEN: 32 [origin: command line]
RISCV_DEVICE: M [origin: command line]
=============================================================================

make -j1 \
	RISCV_TARGET=pynq_z2_v0 \
	RISCV_DEVICE=M \
	compile -C /home/jianglibo/FPGA-Alittle-Design/sim/arch_test/suite/riscv-test-suite/rv32i_m/M
make[1]: Entering directory '/home/jianglibo/FPGA-Alittle-Design/sim/arch_test/suite/riscv-test-suite/rv32i_m/M'
make[1]: Nothing to be done for 'compile'.
make[1]: Leaving directory '/home/jianglibo/FPGA-Alittle-Design/sim/arch_test/suite/riscv-test-suite/rv32i_m/M'
make: Leaving directory '/home/jianglibo/FPGA-Alittle-Design/sim/arch_test/suite'
== [2/4] 提取签名符号与参考 ==
签名区 80003cf0..80004850（728 字），参考 728 行
== [3/4] 镜像转换（bin -> hex）==
/home/jianglibo/FPGA-Alittle-Design/sim/build/arch_test/divu-01.bin -> /home/jianglibo/FPGA-Alittle-Design/sim/build/arch_test/divu-01.hex: 18524 bytes, 4631 words (32-bit little-endian)
== [4/4] 仿真与签名比对（200000 周期）==
WARNING: /home/jianglibo/FPGA-Alittle-Design/sim/riscv/tb_arch_test.v:94: $readmemh(build/arch_test/divu-01.hex): Not enough words in the file for the requested range [0:8191].
WARNING: /home/jianglibo/FPGA-Alittle-Design/sim/riscv/tb_arch_test.v:95: $readmemh(build/arch_test/divu-01.hex): Not enough words in the file for the requested range [0:8191].
WARNING: /home/jianglibo/FPGA-Alittle-Design/sim/riscv/tb_arch_test.v:96: $readmemh(build/arch_test/ref_clean.txt): Not enough words in the file for the requested range [0:8191].
== arch-test divu-01-bht2: 预载完成，运行 200000 周期 ==
PASS: divu-01-bht2 signature 728 words match reference
签名输出：/home/jianglibo/FPGA-Alittle-Design/sim/build/arch_test/rv32i_m/M/divu-01.bht2.signature.output
PASS: divu-01 four profiles match golden and each other
== mul-01 fwd ==
== [1/4] 编译 mul-01（套件 6f7f47b）==
make: Entering directory '/home/jianglibo/FPGA-Alittle-Design/sim/arch_test/suite'

============================ VARIABLE INFO ==================================
ROOTDIR: /home/jianglibo/FPGA-Alittle-Design/sim/arch_test/suite [origin: file]
WORK: /home/jianglibo/FPGA-Alittle-Design/sim/build/arch_test [origin: command line]
TARGETDIR: /home/jianglibo/FPGA-Alittle-Design/sim/arch_test/target [origin: command line]
RISCV_TARGET: pynq_z2_v0 [origin: command line]
XLEN: 32 [origin: command line]
RISCV_DEVICE: M [origin: command line]
=============================================================================

make -j1 \
	RISCV_TARGET=pynq_z2_v0 \
	RISCV_DEVICE=M \
	compile -C /home/jianglibo/FPGA-Alittle-Design/sim/arch_test/suite/riscv-test-suite/rv32i_m/M
make[1]: Entering directory '/home/jianglibo/FPGA-Alittle-Design/sim/arch_test/suite/riscv-test-suite/rv32i_m/M'
Compile /home/jianglibo/FPGA-Alittle-Design/sim/build/arch_test/rv32i_m/M/mul-01.elf
make[1]: Leaving directory '/home/jianglibo/FPGA-Alittle-Design/sim/arch_test/suite/riscv-test-suite/rv32i_m/M'
make: Leaving directory '/home/jianglibo/FPGA-Alittle-Design/sim/arch_test/suite'
== [2/4] 提取签名符号与参考 ==
签名区 80003200..80003b30（588 字），参考 588 行
== [3/4] 镜像转换（bin -> hex）==
/home/jianglibo/FPGA-Alittle-Design/sim/build/arch_test/mul-01.bin -> /home/jianglibo/FPGA-Alittle-Design/sim/build/arch_test/mul-01.hex: 15164 bytes, 3791 words (32-bit little-endian)
== [4/4] 仿真与签名比对（200000 周期）==
WARNING: /home/jianglibo/FPGA-Alittle-Design/sim/riscv/tb_arch_test.v:94: $readmemh(build/arch_test/mul-01.hex): Not enough words in the file for the requested range [0:8191].
WARNING: /home/jianglibo/FPGA-Alittle-Design/sim/riscv/tb_arch_test.v:95: $readmemh(build/arch_test/mul-01.hex): Not enough words in the file for the requested range [0:8191].
WARNING: /home/jianglibo/FPGA-Alittle-Design/sim/riscv/tb_arch_test.v:96: $readmemh(build/arch_test/ref_clean.txt): Not enough words in the file for the requested range [0:8191].
== arch-test mul-01-fwd: 预载完成，运行 200000 周期 ==
PASS: mul-01-fwd signature 588 words match reference
签名输出：/home/jianglibo/FPGA-Alittle-Design/sim/build/arch_test/rv32i_m/M/mul-01.fwd.signature.output
== mul-01 nofwd ==
== [1/4] 编译 mul-01（套件 6f7f47b）==
make: Entering directory '/home/jianglibo/FPGA-Alittle-Design/sim/arch_test/suite'

============================ VARIABLE INFO ==================================
ROOTDIR: /home/jianglibo/FPGA-Alittle-Design/sim/arch_test/suite [origin: file]
WORK: /home/jianglibo/FPGA-Alittle-Design/sim/build/arch_test [origin: command line]
TARGETDIR: /home/jianglibo/FPGA-Alittle-Design/sim/arch_test/target [origin: command line]
RISCV_TARGET: pynq_z2_v0 [origin: command line]
XLEN: 32 [origin: command line]
RISCV_DEVICE: M [origin: command line]
=============================================================================

make -j1 \
	RISCV_TARGET=pynq_z2_v0 \
	RISCV_DEVICE=M \
	compile -C /home/jianglibo/FPGA-Alittle-Design/sim/arch_test/suite/riscv-test-suite/rv32i_m/M
make[1]: Entering directory '/home/jianglibo/FPGA-Alittle-Design/sim/arch_test/suite/riscv-test-suite/rv32i_m/M'
make[1]: Nothing to be done for 'compile'.
make[1]: Leaving directory '/home/jianglibo/FPGA-Alittle-Design/sim/arch_test/suite/riscv-test-suite/rv32i_m/M'
make: Leaving directory '/home/jianglibo/FPGA-Alittle-Design/sim/arch_test/suite'
== [2/4] 提取签名符号与参考 ==
签名区 80003200..80003b30（588 字），参考 588 行
== [3/4] 镜像转换（bin -> hex）==
/home/jianglibo/FPGA-Alittle-Design/sim/build/arch_test/mul-01.bin -> /home/jianglibo/FPGA-Alittle-Design/sim/build/arch_test/mul-01.hex: 15164 bytes, 3791 words (32-bit little-endian)
== [4/4] 仿真与签名比对（200000 周期）==
WARNING: /home/jianglibo/FPGA-Alittle-Design/sim/riscv/tb_arch_test.v:94: $readmemh(build/arch_test/mul-01.hex): Not enough words in the file for the requested range [0:8191].
WARNING: /home/jianglibo/FPGA-Alittle-Design/sim/riscv/tb_arch_test.v:95: $readmemh(build/arch_test/mul-01.hex): Not enough words in the file for the requested range [0:8191].
WARNING: /home/jianglibo/FPGA-Alittle-Design/sim/riscv/tb_arch_test.v:96: $readmemh(build/arch_test/ref_clean.txt): Not enough words in the file for the requested range [0:8191].
== arch-test mul-01-nofwd: 预载完成，运行 200000 周期 ==
PASS: mul-01-nofwd signature 588 words match reference
签名输出：/home/jianglibo/FPGA-Alittle-Design/sim/build/arch_test/rv32i_m/M/mul-01.nofwd.signature.output
== mul-01 bht1 ==
== [1/4] 编译 mul-01（套件 6f7f47b）==
make: Entering directory '/home/jianglibo/FPGA-Alittle-Design/sim/arch_test/suite'

============================ VARIABLE INFO ==================================
ROOTDIR: /home/jianglibo/FPGA-Alittle-Design/sim/arch_test/suite [origin: file]
WORK: /home/jianglibo/FPGA-Alittle-Design/sim/build/arch_test [origin: command line]
TARGETDIR: /home/jianglibo/FPGA-Alittle-Design/sim/arch_test/target [origin: command line]
RISCV_TARGET: pynq_z2_v0 [origin: command line]
XLEN: 32 [origin: command line]
RISCV_DEVICE: M [origin: command line]
=============================================================================

make -j1 \
	RISCV_TARGET=pynq_z2_v0 \
	RISCV_DEVICE=M \
	compile -C /home/jianglibo/FPGA-Alittle-Design/sim/arch_test/suite/riscv-test-suite/rv32i_m/M
make[1]: Entering directory '/home/jianglibo/FPGA-Alittle-Design/sim/arch_test/suite/riscv-test-suite/rv32i_m/M'
make[1]: Nothing to be done for 'compile'.
make[1]: Leaving directory '/home/jianglibo/FPGA-Alittle-Design/sim/arch_test/suite/riscv-test-suite/rv32i_m/M'
make: Leaving directory '/home/jianglibo/FPGA-Alittle-Design/sim/arch_test/suite'
== [2/4] 提取签名符号与参考 ==
签名区 80003200..80003b30（588 字），参考 588 行
== [3/4] 镜像转换（bin -> hex）==
/home/jianglibo/FPGA-Alittle-Design/sim/build/arch_test/mul-01.bin -> /home/jianglibo/FPGA-Alittle-Design/sim/build/arch_test/mul-01.hex: 15164 bytes, 3791 words (32-bit little-endian)
== [4/4] 仿真与签名比对（200000 周期）==
WARNING: /home/jianglibo/FPGA-Alittle-Design/sim/riscv/tb_arch_test.v:94: $readmemh(build/arch_test/mul-01.hex): Not enough words in the file for the requested range [0:8191].
WARNING: /home/jianglibo/FPGA-Alittle-Design/sim/riscv/tb_arch_test.v:95: $readmemh(build/arch_test/mul-01.hex): Not enough words in the file for the requested range [0:8191].
WARNING: /home/jianglibo/FPGA-Alittle-Design/sim/riscv/tb_arch_test.v:96: $readmemh(build/arch_test/ref_clean.txt): Not enough words in the file for the requested range [0:8191].
== arch-test mul-01-bht1: 预载完成，运行 200000 周期 ==
PASS: mul-01-bht1 signature 588 words match reference
签名输出：/home/jianglibo/FPGA-Alittle-Design/sim/build/arch_test/rv32i_m/M/mul-01.bht1.signature.output
== mul-01 bht2 ==
== [1/4] 编译 mul-01（套件 6f7f47b）==
make: Entering directory '/home/jianglibo/FPGA-Alittle-Design/sim/arch_test/suite'

============================ VARIABLE INFO ==================================
ROOTDIR: /home/jianglibo/FPGA-Alittle-Design/sim/arch_test/suite [origin: file]
WORK: /home/jianglibo/FPGA-Alittle-Design/sim/build/arch_test [origin: command line]
TARGETDIR: /home/jianglibo/FPGA-Alittle-Design/sim/arch_test/target [origin: command line]
RISCV_TARGET: pynq_z2_v0 [origin: command line]
XLEN: 32 [origin: command line]
RISCV_DEVICE: M [origin: command line]
=============================================================================

make -j1 \
	RISCV_TARGET=pynq_z2_v0 \
	RISCV_DEVICE=M \
	compile -C /home/jianglibo/FPGA-Alittle-Design/sim/arch_test/suite/riscv-test-suite/rv32i_m/M
make[1]: Entering directory '/home/jianglibo/FPGA-Alittle-Design/sim/arch_test/suite/riscv-test-suite/rv32i_m/M'
make[1]: Nothing to be done for 'compile'.
make[1]: Leaving directory '/home/jianglibo/FPGA-Alittle-Design/sim/arch_test/suite/riscv-test-suite/rv32i_m/M'
make: Leaving directory '/home/jianglibo/FPGA-Alittle-Design/sim/arch_test/suite'
== [2/4] 提取签名符号与参考 ==
签名区 80003200..80003b30（588 字），参考 588 行
== [3/4] 镜像转换（bin -> hex）==
/home/jianglibo/FPGA-Alittle-Design/sim/build/arch_test/mul-01.bin -> /home/jianglibo/FPGA-Alittle-Design/sim/build/arch_test/mul-01.hex: 15164 bytes, 3791 words (32-bit little-endian)
== [4/4] 仿真与签名比对（200000 周期）==
WARNING: /home/jianglibo/FPGA-Alittle-Design/sim/riscv/tb_arch_test.v:94: $readmemh(build/arch_test/mul-01.hex): Not enough words in the file for the requested range [0:8191].
WARNING: /home/jianglibo/FPGA-Alittle-Design/sim/riscv/tb_arch_test.v:95: $readmemh(build/arch_test/mul-01.hex): Not enough words in the file for the requested range [0:8191].
WARNING: /home/jianglibo/FPGA-Alittle-Design/sim/riscv/tb_arch_test.v:96: $readmemh(build/arch_test/ref_clean.txt): Not enough words in the file for the requested range [0:8191].
== arch-test mul-01-bht2: 预载完成，运行 200000 周期 ==
PASS: mul-01-bht2 signature 588 words match reference
签名输出：/home/jianglibo/FPGA-Alittle-Design/sim/build/arch_test/rv32i_m/M/mul-01.bht2.signature.output
PASS: mul-01 four profiles match golden and each other
== mulh-01 fwd ==
== [1/4] 编译 mulh-01（套件 6f7f47b）==
make: Entering directory '/home/jianglibo/FPGA-Alittle-Design/sim/arch_test/suite'

============================ VARIABLE INFO ==================================
ROOTDIR: /home/jianglibo/FPGA-Alittle-Design/sim/arch_test/suite [origin: file]
WORK: /home/jianglibo/FPGA-Alittle-Design/sim/build/arch_test [origin: command line]
TARGETDIR: /home/jianglibo/FPGA-Alittle-Design/sim/arch_test/target [origin: command line]
RISCV_TARGET: pynq_z2_v0 [origin: command line]
XLEN: 32 [origin: command line]
RISCV_DEVICE: M [origin: command line]
=============================================================================

make -j1 \
	RISCV_TARGET=pynq_z2_v0 \
	RISCV_DEVICE=M \
	compile -C /home/jianglibo/FPGA-Alittle-Design/sim/arch_test/suite/riscv-test-suite/rv32i_m/M
make[1]: Entering directory '/home/jianglibo/FPGA-Alittle-Design/sim/arch_test/suite/riscv-test-suite/rv32i_m/M'
Compile /home/jianglibo/FPGA-Alittle-Design/sim/build/arch_test/rv32i_m/M/mulh-01.elf
make[1]: Leaving directory '/home/jianglibo/FPGA-Alittle-Design/sim/arch_test/suite/riscv-test-suite/rv32i_m/M'
make: Leaving directory '/home/jianglibo/FPGA-Alittle-Design/sim/arch_test/suite'
== [2/4] 提取签名符号与参考 ==
签名区 80003210..80003b40（588 字），参考 588 行
== [3/4] 镜像转换（bin -> hex）==
/home/jianglibo/FPGA-Alittle-Design/sim/build/arch_test/mulh-01.bin -> /home/jianglibo/FPGA-Alittle-Design/sim/build/arch_test/mulh-01.hex: 15180 bytes, 3795 words (32-bit little-endian)
== [4/4] 仿真与签名比对（200000 周期）==
WARNING: /home/jianglibo/FPGA-Alittle-Design/sim/riscv/tb_arch_test.v:94: $readmemh(build/arch_test/mulh-01.hex): Not enough words in the file for the requested range [0:8191].
WARNING: /home/jianglibo/FPGA-Alittle-Design/sim/riscv/tb_arch_test.v:95: $readmemh(build/arch_test/mulh-01.hex): Not enough words in the file for the requested range [0:8191].
WARNING: /home/jianglibo/FPGA-Alittle-Design/sim/riscv/tb_arch_test.v:96: $readmemh(build/arch_test/ref_clean.txt): Not enough words in the file for the requested range [0:8191].
== arch-test mulh-01-fwd: 预载完成，运行 200000 周期 ==
PASS: mulh-01-fwd signature 588 words match reference
签名输出：/home/jianglibo/FPGA-Alittle-Design/sim/build/arch_test/rv32i_m/M/mulh-01.fwd.signature.output
== mulh-01 nofwd ==
== [1/4] 编译 mulh-01（套件 6f7f47b）==
make: Entering directory '/home/jianglibo/FPGA-Alittle-Design/sim/arch_test/suite'

============================ VARIABLE INFO ==================================
ROOTDIR: /home/jianglibo/FPGA-Alittle-Design/sim/arch_test/suite [origin: file]
WORK: /home/jianglibo/FPGA-Alittle-Design/sim/build/arch_test [origin: command line]
TARGETDIR: /home/jianglibo/FPGA-Alittle-Design/sim/arch_test/target [origin: command line]
RISCV_TARGET: pynq_z2_v0 [origin: command line]
XLEN: 32 [origin: command line]
RISCV_DEVICE: M [origin: command line]
=============================================================================

make -j1 \
	RISCV_TARGET=pynq_z2_v0 \
	RISCV_DEVICE=M \
	compile -C /home/jianglibo/FPGA-Alittle-Design/sim/arch_test/suite/riscv-test-suite/rv32i_m/M
make[1]: Entering directory '/home/jianglibo/FPGA-Alittle-Design/sim/arch_test/suite/riscv-test-suite/rv32i_m/M'
make[1]: Nothing to be done for 'compile'.
make[1]: Leaving directory '/home/jianglibo/FPGA-Alittle-Design/sim/arch_test/suite/riscv-test-suite/rv32i_m/M'
make: Leaving directory '/home/jianglibo/FPGA-Alittle-Design/sim/arch_test/suite'
== [2/4] 提取签名符号与参考 ==
签名区 80003210..80003b40（588 字），参考 588 行
== [3/4] 镜像转换（bin -> hex）==
/home/jianglibo/FPGA-Alittle-Design/sim/build/arch_test/mulh-01.bin -> /home/jianglibo/FPGA-Alittle-Design/sim/build/arch_test/mulh-01.hex: 15180 bytes, 3795 words (32-bit little-endian)
== [4/4] 仿真与签名比对（200000 周期）==
WARNING: /home/jianglibo/FPGA-Alittle-Design/sim/riscv/tb_arch_test.v:94: $readmemh(build/arch_test/mulh-01.hex): Not enough words in the file for the requested range [0:8191].
WARNING: /home/jianglibo/FPGA-Alittle-Design/sim/riscv/tb_arch_test.v:95: $readmemh(build/arch_test/mulh-01.hex): Not enough words in the file for the requested range [0:8191].
WARNING: /home/jianglibo/FPGA-Alittle-Design/sim/riscv/tb_arch_test.v:96: $readmemh(build/arch_test/ref_clean.txt): Not enough words in the file for the requested range [0:8191].
== arch-test mulh-01-nofwd: 预载完成，运行 200000 周期 ==
PASS: mulh-01-nofwd signature 588 words match reference
签名输出：/home/jianglibo/FPGA-Alittle-Design/sim/build/arch_test/rv32i_m/M/mulh-01.nofwd.signature.output
== mulh-01 bht1 ==
== [1/4] 编译 mulh-01（套件 6f7f47b）==
make: Entering directory '/home/jianglibo/FPGA-Alittle-Design/sim/arch_test/suite'

============================ VARIABLE INFO ==================================
ROOTDIR: /home/jianglibo/FPGA-Alittle-Design/sim/arch_test/suite [origin: file]
WORK: /home/jianglibo/FPGA-Alittle-Design/sim/build/arch_test [origin: command line]
TARGETDIR: /home/jianglibo/FPGA-Alittle-Design/sim/arch_test/target [origin: command line]
RISCV_TARGET: pynq_z2_v0 [origin: command line]
XLEN: 32 [origin: command line]
RISCV_DEVICE: M [origin: command line]
=============================================================================

make -j1 \
	RISCV_TARGET=pynq_z2_v0 \
	RISCV_DEVICE=M \
	compile -C /home/jianglibo/FPGA-Alittle-Design/sim/arch_test/suite/riscv-test-suite/rv32i_m/M
make[1]: Entering directory '/home/jianglibo/FPGA-Alittle-Design/sim/arch_test/suite/riscv-test-suite/rv32i_m/M'
make[1]: Nothing to be done for 'compile'.
make[1]: Leaving directory '/home/jianglibo/FPGA-Alittle-Design/sim/arch_test/suite/riscv-test-suite/rv32i_m/M'
make: Leaving directory '/home/jianglibo/FPGA-Alittle-Design/sim/arch_test/suite'
== [2/4] 提取签名符号与参考 ==
签名区 80003210..80003b40（588 字），参考 588 行
== [3/4] 镜像转换（bin -> hex）==
/home/jianglibo/FPGA-Alittle-Design/sim/build/arch_test/mulh-01.bin -> /home/jianglibo/FPGA-Alittle-Design/sim/build/arch_test/mulh-01.hex: 15180 bytes, 3795 words (32-bit little-endian)
== [4/4] 仿真与签名比对（200000 周期）==
WARNING: /home/jianglibo/FPGA-Alittle-Design/sim/riscv/tb_arch_test.v:94: $readmemh(build/arch_test/mulh-01.hex): Not enough words in the file for the requested range [0:8191].
WARNING: /home/jianglibo/FPGA-Alittle-Design/sim/riscv/tb_arch_test.v:95: $readmemh(build/arch_test/mulh-01.hex): Not enough words in the file for the requested range [0:8191].
WARNING: /home/jianglibo/FPGA-Alittle-Design/sim/riscv/tb_arch_test.v:96: $readmemh(build/arch_test/ref_clean.txt): Not enough words in the file for the requested range [0:8191].
== arch-test mulh-01-bht1: 预载完成，运行 200000 周期 ==
PASS: mulh-01-bht1 signature 588 words match reference
签名输出：/home/jianglibo/FPGA-Alittle-Design/sim/build/arch_test/rv32i_m/M/mulh-01.bht1.signature.output
== mulh-01 bht2 ==
== [1/4] 编译 mulh-01（套件 6f7f47b）==
make: Entering directory '/home/jianglibo/FPGA-Alittle-Design/sim/arch_test/suite'

============================ VARIABLE INFO ==================================
ROOTDIR: /home/jianglibo/FPGA-Alittle-Design/sim/arch_test/suite [origin: file]
WORK: /home/jianglibo/FPGA-Alittle-Design/sim/build/arch_test [origin: command line]
TARGETDIR: /home/jianglibo/FPGA-Alittle-Design/sim/arch_test/target [origin: command line]
RISCV_TARGET: pynq_z2_v0 [origin: command line]
XLEN: 32 [origin: command line]
RISCV_DEVICE: M [origin: command line]
=============================================================================

make -j1 \
	RISCV_TARGET=pynq_z2_v0 \
	RISCV_DEVICE=M \
	compile -C /home/jianglibo/FPGA-Alittle-Design/sim/arch_test/suite/riscv-test-suite/rv32i_m/M
make[1]: Entering directory '/home/jianglibo/FPGA-Alittle-Design/sim/arch_test/suite/riscv-test-suite/rv32i_m/M'
make[1]: Nothing to be done for 'compile'.
make[1]: Leaving directory '/home/jianglibo/FPGA-Alittle-Design/sim/arch_test/suite/riscv-test-suite/rv32i_m/M'
make: Leaving directory '/home/jianglibo/FPGA-Alittle-Design/sim/arch_test/suite'
== [2/4] 提取签名符号与参考 ==
签名区 80003210..80003b40（588 字），参考 588 行
== [3/4] 镜像转换（bin -> hex）==
/home/jianglibo/FPGA-Alittle-Design/sim/build/arch_test/mulh-01.bin -> /home/jianglibo/FPGA-Alittle-Design/sim/build/arch_test/mulh-01.hex: 15180 bytes, 3795 words (32-bit little-endian)
== [4/4] 仿真与签名比对（200000 周期）==
WARNING: /home/jianglibo/FPGA-Alittle-Design/sim/riscv/tb_arch_test.v:94: $readmemh(build/arch_test/mulh-01.hex): Not enough words in the file for the requested range [0:8191].
WARNING: /home/jianglibo/FPGA-Alittle-Design/sim/riscv/tb_arch_test.v:95: $readmemh(build/arch_test/mulh-01.hex): Not enough words in the file for the requested range [0:8191].
WARNING: /home/jianglibo/FPGA-Alittle-Design/sim/riscv/tb_arch_test.v:96: $readmemh(build/arch_test/ref_clean.txt): Not enough words in the file for the requested range [0:8191].
== arch-test mulh-01-bht2: 预载完成，运行 200000 周期 ==
PASS: mulh-01-bht2 signature 588 words match reference
签名输出：/home/jianglibo/FPGA-Alittle-Design/sim/build/arch_test/rv32i_m/M/mulh-01.bht2.signature.output
PASS: mulh-01 four profiles match golden and each other
== mulhsu-01 fwd ==
== [1/4] 编译 mulhsu-01（套件 6f7f47b）==
make: Entering directory '/home/jianglibo/FPGA-Alittle-Design/sim/arch_test/suite'

============================ VARIABLE INFO ==================================
ROOTDIR: /home/jianglibo/FPGA-Alittle-Design/sim/arch_test/suite [origin: file]
WORK: /home/jianglibo/FPGA-Alittle-Design/sim/build/arch_test [origin: command line]
TARGETDIR: /home/jianglibo/FPGA-Alittle-Design/sim/arch_test/target [origin: command line]
RISCV_TARGET: pynq_z2_v0 [origin: command line]
XLEN: 32 [origin: command line]
RISCV_DEVICE: M [origin: command line]
=============================================================================

make -j1 \
	RISCV_TARGET=pynq_z2_v0 \
	RISCV_DEVICE=M \
	compile -C /home/jianglibo/FPGA-Alittle-Design/sim/arch_test/suite/riscv-test-suite/rv32i_m/M
make[1]: Entering directory '/home/jianglibo/FPGA-Alittle-Design/sim/arch_test/suite/riscv-test-suite/rv32i_m/M'
Compile /home/jianglibo/FPGA-Alittle-Design/sim/build/arch_test/rv32i_m/M/mulhsu-01.elf
make[1]: Leaving directory '/home/jianglibo/FPGA-Alittle-Design/sim/arch_test/suite/riscv-test-suite/rv32i_m/M'
make: Leaving directory '/home/jianglibo/FPGA-Alittle-Design/sim/arch_test/suite'
== [2/4] 提取签名符号与参考 ==
签名区 800036f0..80004110（648 字），参考 648 行
== [3/4] 镜像转换（bin -> hex）==
/home/jianglibo/FPGA-Alittle-Design/sim/build/arch_test/mulhsu-01.bin -> /home/jianglibo/FPGA-Alittle-Design/sim/build/arch_test/mulhsu-01.hex: 16668 bytes, 4167 words (32-bit little-endian)
== [4/4] 仿真与签名比对（200000 周期）==
WARNING: /home/jianglibo/FPGA-Alittle-Design/sim/riscv/tb_arch_test.v:94: $readmemh(build/arch_test/mulhsu-01.hex): Not enough words in the file for the requested range [0:8191].
WARNING: /home/jianglibo/FPGA-Alittle-Design/sim/riscv/tb_arch_test.v:95: $readmemh(build/arch_test/mulhsu-01.hex): Not enough words in the file for the requested range [0:8191].
WARNING: /home/jianglibo/FPGA-Alittle-Design/sim/riscv/tb_arch_test.v:96: $readmemh(build/arch_test/ref_clean.txt): Not enough words in the file for the requested range [0:8191].
== arch-test mulhsu-01-fwd: 预载完成，运行 200000 周期 ==
PASS: mulhsu-01-fwd signature 648 words match reference
签名输出：/home/jianglibo/FPGA-Alittle-Design/sim/build/arch_test/rv32i_m/M/mulhsu-01.fwd.signature.output
== mulhsu-01 nofwd ==
== [1/4] 编译 mulhsu-01（套件 6f7f47b）==
make: Entering directory '/home/jianglibo/FPGA-Alittle-Design/sim/arch_test/suite'

============================ VARIABLE INFO ==================================
ROOTDIR: /home/jianglibo/FPGA-Alittle-Design/sim/arch_test/suite [origin: file]
WORK: /home/jianglibo/FPGA-Alittle-Design/sim/build/arch_test [origin: command line]
TARGETDIR: /home/jianglibo/FPGA-Alittle-Design/sim/arch_test/target [origin: command line]
RISCV_TARGET: pynq_z2_v0 [origin: command line]
XLEN: 32 [origin: command line]
RISCV_DEVICE: M [origin: command line]
=============================================================================

make -j1 \
	RISCV_TARGET=pynq_z2_v0 \
	RISCV_DEVICE=M \
	compile -C /home/jianglibo/FPGA-Alittle-Design/sim/arch_test/suite/riscv-test-suite/rv32i_m/M
make[1]: Entering directory '/home/jianglibo/FPGA-Alittle-Design/sim/arch_test/suite/riscv-test-suite/rv32i_m/M'
make[1]: Nothing to be done for 'compile'.
make[1]: Leaving directory '/home/jianglibo/FPGA-Alittle-Design/sim/arch_test/suite/riscv-test-suite/rv32i_m/M'
make: Leaving directory '/home/jianglibo/FPGA-Alittle-Design/sim/arch_test/suite'
== [2/4] 提取签名符号与参考 ==
签名区 800036f0..80004110（648 字），参考 648 行
== [3/4] 镜像转换（bin -> hex）==
/home/jianglibo/FPGA-Alittle-Design/sim/build/arch_test/mulhsu-01.bin -> /home/jianglibo/FPGA-Alittle-Design/sim/build/arch_test/mulhsu-01.hex: 16668 bytes, 4167 words (32-bit little-endian)
== [4/4] 仿真与签名比对（200000 周期）==
WARNING: /home/jianglibo/FPGA-Alittle-Design/sim/riscv/tb_arch_test.v:94: $readmemh(build/arch_test/mulhsu-01.hex): Not enough words in the file for the requested range [0:8191].
WARNING: /home/jianglibo/FPGA-Alittle-Design/sim/riscv/tb_arch_test.v:95: $readmemh(build/arch_test/mulhsu-01.hex): Not enough words in the file for the requested range [0:8191].
WARNING: /home/jianglibo/FPGA-Alittle-Design/sim/riscv/tb_arch_test.v:96: $readmemh(build/arch_test/ref_clean.txt): Not enough words in the file for the requested range [0:8191].
== arch-test mulhsu-01-nofwd: 预载完成，运行 200000 周期 ==
PASS: mulhsu-01-nofwd signature 648 words match reference
签名输出：/home/jianglibo/FPGA-Alittle-Design/sim/build/arch_test/rv32i_m/M/mulhsu-01.nofwd.signature.output
== mulhsu-01 bht1 ==
== [1/4] 编译 mulhsu-01（套件 6f7f47b）==
make: Entering directory '/home/jianglibo/FPGA-Alittle-Design/sim/arch_test/suite'

============================ VARIABLE INFO ==================================
ROOTDIR: /home/jianglibo/FPGA-Alittle-Design/sim/arch_test/suite [origin: file]
WORK: /home/jianglibo/FPGA-Alittle-Design/sim/build/arch_test [origin: command line]
TARGETDIR: /home/jianglibo/FPGA-Alittle-Design/sim/arch_test/target [origin: command line]
RISCV_TARGET: pynq_z2_v0 [origin: command line]
XLEN: 32 [origin: command line]
RISCV_DEVICE: M [origin: command line]
=============================================================================

make -j1 \
	RISCV_TARGET=pynq_z2_v0 \
	RISCV_DEVICE=M \
	compile -C /home/jianglibo/FPGA-Alittle-Design/sim/arch_test/suite/riscv-test-suite/rv32i_m/M
make[1]: Entering directory '/home/jianglibo/FPGA-Alittle-Design/sim/arch_test/suite/riscv-test-suite/rv32i_m/M'
make[1]: Nothing to be done for 'compile'.
make[1]: Leaving directory '/home/jianglibo/FPGA-Alittle-Design/sim/arch_test/suite/riscv-test-suite/rv32i_m/M'
make: Leaving directory '/home/jianglibo/FPGA-Alittle-Design/sim/arch_test/suite'
== [2/4] 提取签名符号与参考 ==
签名区 800036f0..80004110（648 字），参考 648 行
== [3/4] 镜像转换（bin -> hex）==
/home/jianglibo/FPGA-Alittle-Design/sim/build/arch_test/mulhsu-01.bin -> /home/jianglibo/FPGA-Alittle-Design/sim/build/arch_test/mulhsu-01.hex: 16668 bytes, 4167 words (32-bit little-endian)
== [4/4] 仿真与签名比对（200000 周期）==
WARNING: /home/jianglibo/FPGA-Alittle-Design/sim/riscv/tb_arch_test.v:94: $readmemh(build/arch_test/mulhsu-01.hex): Not enough words in the file for the requested range [0:8191].
WARNING: /home/jianglibo/FPGA-Alittle-Design/sim/riscv/tb_arch_test.v:95: $readmemh(build/arch_test/mulhsu-01.hex): Not enough words in the file for the requested range [0:8191].
WARNING: /home/jianglibo/FPGA-Alittle-Design/sim/riscv/tb_arch_test.v:96: $readmemh(build/arch_test/ref_clean.txt): Not enough words in the file for the requested range [0:8191].
== arch-test mulhsu-01-bht1: 预载完成，运行 200000 周期 ==
PASS: mulhsu-01-bht1 signature 648 words match reference
签名输出：/home/jianglibo/FPGA-Alittle-Design/sim/build/arch_test/rv32i_m/M/mulhsu-01.bht1.signature.output
== mulhsu-01 bht2 ==
== [1/4] 编译 mulhsu-01（套件 6f7f47b）==
make: Entering directory '/home/jianglibo/FPGA-Alittle-Design/sim/arch_test/suite'

============================ VARIABLE INFO ==================================
ROOTDIR: /home/jianglibo/FPGA-Alittle-Design/sim/arch_test/suite [origin: file]
WORK: /home/jianglibo/FPGA-Alittle-Design/sim/build/arch_test [origin: command line]
TARGETDIR: /home/jianglibo/FPGA-Alittle-Design/sim/arch_test/target [origin: command line]
RISCV_TARGET: pynq_z2_v0 [origin: command line]
XLEN: 32 [origin: command line]
RISCV_DEVICE: M [origin: command line]
=============================================================================

make -j1 \
	RISCV_TARGET=pynq_z2_v0 \
	RISCV_DEVICE=M \
	compile -C /home/jianglibo/FPGA-Alittle-Design/sim/arch_test/suite/riscv-test-suite/rv32i_m/M
make[1]: Entering directory '/home/jianglibo/FPGA-Alittle-Design/sim/arch_test/suite/riscv-test-suite/rv32i_m/M'
make[1]: Nothing to be done for 'compile'.
make[1]: Leaving directory '/home/jianglibo/FPGA-Alittle-Design/sim/arch_test/suite/riscv-test-suite/rv32i_m/M'
make: Leaving directory '/home/jianglibo/FPGA-Alittle-Design/sim/arch_test/suite'
== [2/4] 提取签名符号与参考 ==
签名区 800036f0..80004110（648 字），参考 648 行
== [3/4] 镜像转换（bin -> hex）==
/home/jianglibo/FPGA-Alittle-Design/sim/build/arch_test/mulhsu-01.bin -> /home/jianglibo/FPGA-Alittle-Design/sim/build/arch_test/mulhsu-01.hex: 16668 bytes, 4167 words (32-bit little-endian)
== [4/4] 仿真与签名比对（200000 周期）==
WARNING: /home/jianglibo/FPGA-Alittle-Design/sim/riscv/tb_arch_test.v:94: $readmemh(build/arch_test/mulhsu-01.hex): Not enough words in the file for the requested range [0:8191].
WARNING: /home/jianglibo/FPGA-Alittle-Design/sim/riscv/tb_arch_test.v:95: $readmemh(build/arch_test/mulhsu-01.hex): Not enough words in the file for the requested range [0:8191].
WARNING: /home/jianglibo/FPGA-Alittle-Design/sim/riscv/tb_arch_test.v:96: $readmemh(build/arch_test/ref_clean.txt): Not enough words in the file for the requested range [0:8191].
== arch-test mulhsu-01-bht2: 预载完成，运行 200000 周期 ==
PASS: mulhsu-01-bht2 signature 648 words match reference
签名输出：/home/jianglibo/FPGA-Alittle-Design/sim/build/arch_test/rv32i_m/M/mulhsu-01.bht2.signature.output
PASS: mulhsu-01 four profiles match golden and each other
== mulhu-01 fwd ==
== [1/4] 编译 mulhu-01（套件 6f7f47b）==
make: Entering directory '/home/jianglibo/FPGA-Alittle-Design/sim/arch_test/suite'

============================ VARIABLE INFO ==================================
ROOTDIR: /home/jianglibo/FPGA-Alittle-Design/sim/arch_test/suite [origin: file]
WORK: /home/jianglibo/FPGA-Alittle-Design/sim/build/arch_test [origin: command line]
TARGETDIR: /home/jianglibo/FPGA-Alittle-Design/sim/arch_test/target [origin: command line]
RISCV_TARGET: pynq_z2_v0 [origin: command line]
XLEN: 32 [origin: command line]
RISCV_DEVICE: M [origin: command line]
=============================================================================

make -j1 \
	RISCV_TARGET=pynq_z2_v0 \
	RISCV_DEVICE=M \
	compile -C /home/jianglibo/FPGA-Alittle-Design/sim/arch_test/suite/riscv-test-suite/rv32i_m/M
make[1]: Entering directory '/home/jianglibo/FPGA-Alittle-Design/sim/arch_test/suite/riscv-test-suite/rv32i_m/M'
Compile /home/jianglibo/FPGA-Alittle-Design/sim/build/arch_test/rv32i_m/M/mulhu-01.elf
make[1]: Leaving directory '/home/jianglibo/FPGA-Alittle-Design/sim/arch_test/suite/riscv-test-suite/rv32i_m/M'
make: Leaving directory '/home/jianglibo/FPGA-Alittle-Design/sim/arch_test/suite'
== [2/4] 提取签名符号与参考 ==
签名区 80003ce0..80004830（724 字），参考 724 行
== [3/4] 镜像转换（bin -> hex）==
/home/jianglibo/FPGA-Alittle-Design/sim/build/arch_test/mulhu-01.bin -> /home/jianglibo/FPGA-Alittle-Design/sim/build/arch_test/mulhu-01.hex: 18492 bytes, 4623 words (32-bit little-endian)
== [4/4] 仿真与签名比对（200000 周期）==
WARNING: /home/jianglibo/FPGA-Alittle-Design/sim/riscv/tb_arch_test.v:94: $readmemh(build/arch_test/mulhu-01.hex): Not enough words in the file for the requested range [0:8191].
WARNING: /home/jianglibo/FPGA-Alittle-Design/sim/riscv/tb_arch_test.v:95: $readmemh(build/arch_test/mulhu-01.hex): Not enough words in the file for the requested range [0:8191].
WARNING: /home/jianglibo/FPGA-Alittle-Design/sim/riscv/tb_arch_test.v:96: $readmemh(build/arch_test/ref_clean.txt): Not enough words in the file for the requested range [0:8191].
== arch-test mulhu-01-fwd: 预载完成，运行 200000 周期 ==
PASS: mulhu-01-fwd signature 724 words match reference
签名输出：/home/jianglibo/FPGA-Alittle-Design/sim/build/arch_test/rv32i_m/M/mulhu-01.fwd.signature.output
== mulhu-01 nofwd ==
== [1/4] 编译 mulhu-01（套件 6f7f47b）==
make: Entering directory '/home/jianglibo/FPGA-Alittle-Design/sim/arch_test/suite'

============================ VARIABLE INFO ==================================
ROOTDIR: /home/jianglibo/FPGA-Alittle-Design/sim/arch_test/suite [origin: file]
WORK: /home/jianglibo/FPGA-Alittle-Design/sim/build/arch_test [origin: command line]
TARGETDIR: /home/jianglibo/FPGA-Alittle-Design/sim/arch_test/target [origin: command line]
RISCV_TARGET: pynq_z2_v0 [origin: command line]
XLEN: 32 [origin: command line]
RISCV_DEVICE: M [origin: command line]
=============================================================================

make -j1 \
	RISCV_TARGET=pynq_z2_v0 \
	RISCV_DEVICE=M \
	compile -C /home/jianglibo/FPGA-Alittle-Design/sim/arch_test/suite/riscv-test-suite/rv32i_m/M
make[1]: Entering directory '/home/jianglibo/FPGA-Alittle-Design/sim/arch_test/suite/riscv-test-suite/rv32i_m/M'
make[1]: Nothing to be done for 'compile'.
make[1]: Leaving directory '/home/jianglibo/FPGA-Alittle-Design/sim/arch_test/suite/riscv-test-suite/rv32i_m/M'
make: Leaving directory '/home/jianglibo/FPGA-Alittle-Design/sim/arch_test/suite'
== [2/4] 提取签名符号与参考 ==
签名区 80003ce0..80004830（724 字），参考 724 行
== [3/4] 镜像转换（bin -> hex）==
/home/jianglibo/FPGA-Alittle-Design/sim/build/arch_test/mulhu-01.bin -> /home/jianglibo/FPGA-Alittle-Design/sim/build/arch_test/mulhu-01.hex: 18492 bytes, 4623 words (32-bit little-endian)
== [4/4] 仿真与签名比对（200000 周期）==
WARNING: /home/jianglibo/FPGA-Alittle-Design/sim/riscv/tb_arch_test.v:94: $readmemh(build/arch_test/mulhu-01.hex): Not enough words in the file for the requested range [0:8191].
WARNING: /home/jianglibo/FPGA-Alittle-Design/sim/riscv/tb_arch_test.v:95: $readmemh(build/arch_test/mulhu-01.hex): Not enough words in the file for the requested range [0:8191].
WARNING: /home/jianglibo/FPGA-Alittle-Design/sim/riscv/tb_arch_test.v:96: $readmemh(build/arch_test/ref_clean.txt): Not enough words in the file for the requested range [0:8191].
== arch-test mulhu-01-nofwd: 预载完成，运行 200000 周期 ==
PASS: mulhu-01-nofwd signature 724 words match reference
签名输出：/home/jianglibo/FPGA-Alittle-Design/sim/build/arch_test/rv32i_m/M/mulhu-01.nofwd.signature.output
== mulhu-01 bht1 ==
== [1/4] 编译 mulhu-01（套件 6f7f47b）==
make: Entering directory '/home/jianglibo/FPGA-Alittle-Design/sim/arch_test/suite'

============================ VARIABLE INFO ==================================
ROOTDIR: /home/jianglibo/FPGA-Alittle-Design/sim/arch_test/suite [origin: file]
WORK: /home/jianglibo/FPGA-Alittle-Design/sim/build/arch_test [origin: command line]
TARGETDIR: /home/jianglibo/FPGA-Alittle-Design/sim/arch_test/target [origin: command line]
RISCV_TARGET: pynq_z2_v0 [origin: command line]
XLEN: 32 [origin: command line]
RISCV_DEVICE: M [origin: command line]
=============================================================================

make -j1 \
	RISCV_TARGET=pynq_z2_v0 \
	RISCV_DEVICE=M \
	compile -C /home/jianglibo/FPGA-Alittle-Design/sim/arch_test/suite/riscv-test-suite/rv32i_m/M
make[1]: Entering directory '/home/jianglibo/FPGA-Alittle-Design/sim/arch_test/suite/riscv-test-suite/rv32i_m/M'
make[1]: Nothing to be done for 'compile'.
make[1]: Leaving directory '/home/jianglibo/FPGA-Alittle-Design/sim/arch_test/suite/riscv-test-suite/rv32i_m/M'
make: Leaving directory '/home/jianglibo/FPGA-Alittle-Design/sim/arch_test/suite'
== [2/4] 提取签名符号与参考 ==
签名区 80003ce0..80004830（724 字），参考 724 行
== [3/4] 镜像转换（bin -> hex）==
/home/jianglibo/FPGA-Alittle-Design/sim/build/arch_test/mulhu-01.bin -> /home/jianglibo/FPGA-Alittle-Design/sim/build/arch_test/mulhu-01.hex: 18492 bytes, 4623 words (32-bit little-endian)
== [4/4] 仿真与签名比对（200000 周期）==
WARNING: /home/jianglibo/FPGA-Alittle-Design/sim/riscv/tb_arch_test.v:94: $readmemh(build/arch_test/mulhu-01.hex): Not enough words in the file for the requested range [0:8191].
WARNING: /home/jianglibo/FPGA-Alittle-Design/sim/riscv/tb_arch_test.v:95: $readmemh(build/arch_test/mulhu-01.hex): Not enough words in the file for the requested range [0:8191].
WARNING: /home/jianglibo/FPGA-Alittle-Design/sim/riscv/tb_arch_test.v:96: $readmemh(build/arch_test/ref_clean.txt): Not enough words in the file for the requested range [0:8191].
== arch-test mulhu-01-bht1: 预载完成，运行 200000 周期 ==
PASS: mulhu-01-bht1 signature 724 words match reference
签名输出：/home/jianglibo/FPGA-Alittle-Design/sim/build/arch_test/rv32i_m/M/mulhu-01.bht1.signature.output
== mulhu-01 bht2 ==
== [1/4] 编译 mulhu-01（套件 6f7f47b）==
make: Entering directory '/home/jianglibo/FPGA-Alittle-Design/sim/arch_test/suite'

============================ VARIABLE INFO ==================================
ROOTDIR: /home/jianglibo/FPGA-Alittle-Design/sim/arch_test/suite [origin: file]
WORK: /home/jianglibo/FPGA-Alittle-Design/sim/build/arch_test [origin: command line]
TARGETDIR: /home/jianglibo/FPGA-Alittle-Design/sim/arch_test/target [origin: command line]
RISCV_TARGET: pynq_z2_v0 [origin: command line]
XLEN: 32 [origin: command line]
RISCV_DEVICE: M [origin: command line]
=============================================================================

make -j1 \
	RISCV_TARGET=pynq_z2_v0 \
	RISCV_DEVICE=M \
	compile -C /home/jianglibo/FPGA-Alittle-Design/sim/arch_test/suite/riscv-test-suite/rv32i_m/M
make[1]: Entering directory '/home/jianglibo/FPGA-Alittle-Design/sim/arch_test/suite/riscv-test-suite/rv32i_m/M'
make[1]: Nothing to be done for 'compile'.
make[1]: Leaving directory '/home/jianglibo/FPGA-Alittle-Design/sim/arch_test/suite/riscv-test-suite/rv32i_m/M'
make: Leaving directory '/home/jianglibo/FPGA-Alittle-Design/sim/arch_test/suite'
== [2/4] 提取签名符号与参考 ==
签名区 80003ce0..80004830（724 字），参考 724 行
== [3/4] 镜像转换（bin -> hex）==
/home/jianglibo/FPGA-Alittle-Design/sim/build/arch_test/mulhu-01.bin -> /home/jianglibo/FPGA-Alittle-Design/sim/build/arch_test/mulhu-01.hex: 18492 bytes, 4623 words (32-bit little-endian)
== [4/4] 仿真与签名比对（200000 周期）==
WARNING: /home/jianglibo/FPGA-Alittle-Design/sim/riscv/tb_arch_test.v:94: $readmemh(build/arch_test/mulhu-01.hex): Not enough words in the file for the requested range [0:8191].
WARNING: /home/jianglibo/FPGA-Alittle-Design/sim/riscv/tb_arch_test.v:95: $readmemh(build/arch_test/mulhu-01.hex): Not enough words in the file for the requested range [0:8191].
WARNING: /home/jianglibo/FPGA-Alittle-Design/sim/riscv/tb_arch_test.v:96: $readmemh(build/arch_test/ref_clean.txt): Not enough words in the file for the requested range [0:8191].
== arch-test mulhu-01-bht2: 预载完成，运行 200000 周期 ==
PASS: mulhu-01-bht2 signature 724 words match reference
签名输出：/home/jianglibo/FPGA-Alittle-Design/sim/build/arch_test/rv32i_m/M/mulhu-01.bht2.signature.output
PASS: mulhu-01 four profiles match golden and each other
== rem-01 fwd ==
== [1/4] 编译 rem-01（套件 6f7f47b）==
make: Entering directory '/home/jianglibo/FPGA-Alittle-Design/sim/arch_test/suite'

============================ VARIABLE INFO ==================================
ROOTDIR: /home/jianglibo/FPGA-Alittle-Design/sim/arch_test/suite [origin: file]
WORK: /home/jianglibo/FPGA-Alittle-Design/sim/build/arch_test [origin: command line]
TARGETDIR: /home/jianglibo/FPGA-Alittle-Design/sim/arch_test/target [origin: command line]
RISCV_TARGET: pynq_z2_v0 [origin: command line]
XLEN: 32 [origin: command line]
RISCV_DEVICE: M [origin: command line]
=============================================================================

make -j1 \
	RISCV_TARGET=pynq_z2_v0 \
	RISCV_DEVICE=M \
	compile -C /home/jianglibo/FPGA-Alittle-Design/sim/arch_test/suite/riscv-test-suite/rv32i_m/M
make[1]: Entering directory '/home/jianglibo/FPGA-Alittle-Design/sim/arch_test/suite/riscv-test-suite/rv32i_m/M'
Compile /home/jianglibo/FPGA-Alittle-Design/sim/build/arch_test/rv32i_m/M/rem-01.elf
make[1]: Leaving directory '/home/jianglibo/FPGA-Alittle-Design/sim/arch_test/suite/riscv-test-suite/rv32i_m/M'
make: Leaving directory '/home/jianglibo/FPGA-Alittle-Design/sim/arch_test/suite'
== [2/4] 提取签名符号与参考 ==
签名区 80003210..80003b40（588 字），参考 588 行
== [3/4] 镜像转换（bin -> hex）==
/home/jianglibo/FPGA-Alittle-Design/sim/build/arch_test/rem-01.bin -> /home/jianglibo/FPGA-Alittle-Design/sim/build/arch_test/rem-01.hex: 15180 bytes, 3795 words (32-bit little-endian)
== [4/4] 仿真与签名比对（200000 周期）==
WARNING: /home/jianglibo/FPGA-Alittle-Design/sim/riscv/tb_arch_test.v:94: $readmemh(build/arch_test/rem-01.hex): Not enough words in the file for the requested range [0:8191].
WARNING: /home/jianglibo/FPGA-Alittle-Design/sim/riscv/tb_arch_test.v:95: $readmemh(build/arch_test/rem-01.hex): Not enough words in the file for the requested range [0:8191].
WARNING: /home/jianglibo/FPGA-Alittle-Design/sim/riscv/tb_arch_test.v:96: $readmemh(build/arch_test/ref_clean.txt): Not enough words in the file for the requested range [0:8191].
== arch-test rem-01-fwd: 预载完成，运行 200000 周期 ==
PASS: rem-01-fwd signature 588 words match reference
签名输出：/home/jianglibo/FPGA-Alittle-Design/sim/build/arch_test/rv32i_m/M/rem-01.fwd.signature.output
== rem-01 nofwd ==
== [1/4] 编译 rem-01（套件 6f7f47b）==
make: Entering directory '/home/jianglibo/FPGA-Alittle-Design/sim/arch_test/suite'

============================ VARIABLE INFO ==================================
ROOTDIR: /home/jianglibo/FPGA-Alittle-Design/sim/arch_test/suite [origin: file]
WORK: /home/jianglibo/FPGA-Alittle-Design/sim/build/arch_test [origin: command line]
TARGETDIR: /home/jianglibo/FPGA-Alittle-Design/sim/arch_test/target [origin: command line]
RISCV_TARGET: pynq_z2_v0 [origin: command line]
XLEN: 32 [origin: command line]
RISCV_DEVICE: M [origin: command line]
=============================================================================

make -j1 \
	RISCV_TARGET=pynq_z2_v0 \
	RISCV_DEVICE=M \
	compile -C /home/jianglibo/FPGA-Alittle-Design/sim/arch_test/suite/riscv-test-suite/rv32i_m/M
make[1]: Entering directory '/home/jianglibo/FPGA-Alittle-Design/sim/arch_test/suite/riscv-test-suite/rv32i_m/M'
make[1]: Nothing to be done for 'compile'.
make[1]: Leaving directory '/home/jianglibo/FPGA-Alittle-Design/sim/arch_test/suite/riscv-test-suite/rv32i_m/M'
make: Leaving directory '/home/jianglibo/FPGA-Alittle-Design/sim/arch_test/suite'
== [2/4] 提取签名符号与参考 ==
签名区 80003210..80003b40（588 字），参考 588 行
== [3/4] 镜像转换（bin -> hex）==
/home/jianglibo/FPGA-Alittle-Design/sim/build/arch_test/rem-01.bin -> /home/jianglibo/FPGA-Alittle-Design/sim/build/arch_test/rem-01.hex: 15180 bytes, 3795 words (32-bit little-endian)
== [4/4] 仿真与签名比对（200000 周期）==
WARNING: /home/jianglibo/FPGA-Alittle-Design/sim/riscv/tb_arch_test.v:94: $readmemh(build/arch_test/rem-01.hex): Not enough words in the file for the requested range [0:8191].
WARNING: /home/jianglibo/FPGA-Alittle-Design/sim/riscv/tb_arch_test.v:95: $readmemh(build/arch_test/rem-01.hex): Not enough words in the file for the requested range [0:8191].
WARNING: /home/jianglibo/FPGA-Alittle-Design/sim/riscv/tb_arch_test.v:96: $readmemh(build/arch_test/ref_clean.txt): Not enough words in the file for the requested range [0:8191].
== arch-test rem-01-nofwd: 预载完成，运行 200000 周期 ==
PASS: rem-01-nofwd signature 588 words match reference
签名输出：/home/jianglibo/FPGA-Alittle-Design/sim/build/arch_test/rv32i_m/M/rem-01.nofwd.signature.output
== rem-01 bht1 ==
== [1/4] 编译 rem-01（套件 6f7f47b）==
make: Entering directory '/home/jianglibo/FPGA-Alittle-Design/sim/arch_test/suite'

============================ VARIABLE INFO ==================================
ROOTDIR: /home/jianglibo/FPGA-Alittle-Design/sim/arch_test/suite [origin: file]
WORK: /home/jianglibo/FPGA-Alittle-Design/sim/build/arch_test [origin: command line]
TARGETDIR: /home/jianglibo/FPGA-Alittle-Design/sim/arch_test/target [origin: command line]
RISCV_TARGET: pynq_z2_v0 [origin: command line]
XLEN: 32 [origin: command line]
RISCV_DEVICE: M [origin: command line]
=============================================================================

make -j1 \
	RISCV_TARGET=pynq_z2_v0 \
	RISCV_DEVICE=M \
	compile -C /home/jianglibo/FPGA-Alittle-Design/sim/arch_test/suite/riscv-test-suite/rv32i_m/M
make[1]: Entering directory '/home/jianglibo/FPGA-Alittle-Design/sim/arch_test/suite/riscv-test-suite/rv32i_m/M'
make[1]: Nothing to be done for 'compile'.
make[1]: Leaving directory '/home/jianglibo/FPGA-Alittle-Design/sim/arch_test/suite/riscv-test-suite/rv32i_m/M'
make: Leaving directory '/home/jianglibo/FPGA-Alittle-Design/sim/arch_test/suite'
== [2/4] 提取签名符号与参考 ==
签名区 80003210..80003b40（588 字），参考 588 行
== [3/4] 镜像转换（bin -> hex）==
/home/jianglibo/FPGA-Alittle-Design/sim/build/arch_test/rem-01.bin -> /home/jianglibo/FPGA-Alittle-Design/sim/build/arch_test/rem-01.hex: 15180 bytes, 3795 words (32-bit little-endian)
== [4/4] 仿真与签名比对（200000 周期）==
WARNING: /home/jianglibo/FPGA-Alittle-Design/sim/riscv/tb_arch_test.v:94: $readmemh(build/arch_test/rem-01.hex): Not enough words in the file for the requested range [0:8191].
WARNING: /home/jianglibo/FPGA-Alittle-Design/sim/riscv/tb_arch_test.v:95: $readmemh(build/arch_test/rem-01.hex): Not enough words in the file for the requested range [0:8191].
WARNING: /home/jianglibo/FPGA-Alittle-Design/sim/riscv/tb_arch_test.v:96: $readmemh(build/arch_test/ref_clean.txt): Not enough words in the file for the requested range [0:8191].
== arch-test rem-01-bht1: 预载完成，运行 200000 周期 ==
PASS: rem-01-bht1 signature 588 words match reference
签名输出：/home/jianglibo/FPGA-Alittle-Design/sim/build/arch_test/rv32i_m/M/rem-01.bht1.signature.output
== rem-01 bht2 ==
== [1/4] 编译 rem-01（套件 6f7f47b）==
make: Entering directory '/home/jianglibo/FPGA-Alittle-Design/sim/arch_test/suite'

============================ VARIABLE INFO ==================================
ROOTDIR: /home/jianglibo/FPGA-Alittle-Design/sim/arch_test/suite [origin: file]
WORK: /home/jianglibo/FPGA-Alittle-Design/sim/build/arch_test [origin: command line]
TARGETDIR: /home/jianglibo/FPGA-Alittle-Design/sim/arch_test/target [origin: command line]
RISCV_TARGET: pynq_z2_v0 [origin: command line]
XLEN: 32 [origin: command line]
RISCV_DEVICE: M [origin: command line]
=============================================================================

make -j1 \
	RISCV_TARGET=pynq_z2_v0 \
	RISCV_DEVICE=M \
	compile -C /home/jianglibo/FPGA-Alittle-Design/sim/arch_test/suite/riscv-test-suite/rv32i_m/M
make[1]: Entering directory '/home/jianglibo/FPGA-Alittle-Design/sim/arch_test/suite/riscv-test-suite/rv32i_m/M'
make[1]: Nothing to be done for 'compile'.
make[1]: Leaving directory '/home/jianglibo/FPGA-Alittle-Design/sim/arch_test/suite/riscv-test-suite/rv32i_m/M'
make: Leaving directory '/home/jianglibo/FPGA-Alittle-Design/sim/arch_test/suite'
== [2/4] 提取签名符号与参考 ==
签名区 80003210..80003b40（588 字），参考 588 行
== [3/4] 镜像转换（bin -> hex）==
/home/jianglibo/FPGA-Alittle-Design/sim/build/arch_test/rem-01.bin -> /home/jianglibo/FPGA-Alittle-Design/sim/build/arch_test/rem-01.hex: 15180 bytes, 3795 words (32-bit little-endian)
== [4/4] 仿真与签名比对（200000 周期）==
WARNING: /home/jianglibo/FPGA-Alittle-Design/sim/riscv/tb_arch_test.v:94: $readmemh(build/arch_test/rem-01.hex): Not enough words in the file for the requested range [0:8191].
WARNING: /home/jianglibo/FPGA-Alittle-Design/sim/riscv/tb_arch_test.v:95: $readmemh(build/arch_test/rem-01.hex): Not enough words in the file for the requested range [0:8191].
WARNING: /home/jianglibo/FPGA-Alittle-Design/sim/riscv/tb_arch_test.v:96: $readmemh(build/arch_test/ref_clean.txt): Not enough words in the file for the requested range [0:8191].
== arch-test rem-01-bht2: 预载完成，运行 200000 周期 ==
PASS: rem-01-bht2 signature 588 words match reference
签名输出：/home/jianglibo/FPGA-Alittle-Design/sim/build/arch_test/rv32i_m/M/rem-01.bht2.signature.output
PASS: rem-01 four profiles match golden and each other
== remu-01 fwd ==
== [1/4] 编译 remu-01（套件 6f7f47b）==
make: Entering directory '/home/jianglibo/FPGA-Alittle-Design/sim/arch_test/suite'

============================ VARIABLE INFO ==================================
ROOTDIR: /home/jianglibo/FPGA-Alittle-Design/sim/arch_test/suite [origin: file]
WORK: /home/jianglibo/FPGA-Alittle-Design/sim/build/arch_test [origin: command line]
TARGETDIR: /home/jianglibo/FPGA-Alittle-Design/sim/arch_test/target [origin: command line]
RISCV_TARGET: pynq_z2_v0 [origin: command line]
XLEN: 32 [origin: command line]
RISCV_DEVICE: M [origin: command line]
=============================================================================

make -j1 \
	RISCV_TARGET=pynq_z2_v0 \
	RISCV_DEVICE=M \
	compile -C /home/jianglibo/FPGA-Alittle-Design/sim/arch_test/suite/riscv-test-suite/rv32i_m/M
make[1]: Entering directory '/home/jianglibo/FPGA-Alittle-Design/sim/arch_test/suite/riscv-test-suite/rv32i_m/M'
Compile /home/jianglibo/FPGA-Alittle-Design/sim/build/arch_test/rv32i_m/M/remu-01.elf
make[1]: Leaving directory '/home/jianglibo/FPGA-Alittle-Design/sim/arch_test/suite/riscv-test-suite/rv32i_m/M'
make: Leaving directory '/home/jianglibo/FPGA-Alittle-Design/sim/arch_test/suite'
== [2/4] 提取签名符号与参考 ==
签名区 80003ce0..80004830（724 字），参考 724 行
== [3/4] 镜像转换（bin -> hex）==
/home/jianglibo/FPGA-Alittle-Design/sim/build/arch_test/remu-01.bin -> /home/jianglibo/FPGA-Alittle-Design/sim/build/arch_test/remu-01.hex: 18492 bytes, 4623 words (32-bit little-endian)
== [4/4] 仿真与签名比对（200000 周期）==
WARNING: /home/jianglibo/FPGA-Alittle-Design/sim/riscv/tb_arch_test.v:94: $readmemh(build/arch_test/remu-01.hex): Not enough words in the file for the requested range [0:8191].
WARNING: /home/jianglibo/FPGA-Alittle-Design/sim/riscv/tb_arch_test.v:95: $readmemh(build/arch_test/remu-01.hex): Not enough words in the file for the requested range [0:8191].
WARNING: /home/jianglibo/FPGA-Alittle-Design/sim/riscv/tb_arch_test.v:96: $readmemh(build/arch_test/ref_clean.txt): Not enough words in the file for the requested range [0:8191].
== arch-test remu-01-fwd: 预载完成，运行 200000 周期 ==
PASS: remu-01-fwd signature 724 words match reference
签名输出：/home/jianglibo/FPGA-Alittle-Design/sim/build/arch_test/rv32i_m/M/remu-01.fwd.signature.output
== remu-01 nofwd ==
== [1/4] 编译 remu-01（套件 6f7f47b）==
make: Entering directory '/home/jianglibo/FPGA-Alittle-Design/sim/arch_test/suite'

============================ VARIABLE INFO ==================================
ROOTDIR: /home/jianglibo/FPGA-Alittle-Design/sim/arch_test/suite [origin: file]
WORK: /home/jianglibo/FPGA-Alittle-Design/sim/build/arch_test [origin: command line]
TARGETDIR: /home/jianglibo/FPGA-Alittle-Design/sim/arch_test/target [origin: command line]
RISCV_TARGET: pynq_z2_v0 [origin: command line]
XLEN: 32 [origin: command line]
RISCV_DEVICE: M [origin: command line]
=============================================================================

make -j1 \
	RISCV_TARGET=pynq_z2_v0 \
	RISCV_DEVICE=M \
	compile -C /home/jianglibo/FPGA-Alittle-Design/sim/arch_test/suite/riscv-test-suite/rv32i_m/M
make[1]: Entering directory '/home/jianglibo/FPGA-Alittle-Design/sim/arch_test/suite/riscv-test-suite/rv32i_m/M'
make[1]: Nothing to be done for 'compile'.
make[1]: Leaving directory '/home/jianglibo/FPGA-Alittle-Design/sim/arch_test/suite/riscv-test-suite/rv32i_m/M'
make: Leaving directory '/home/jianglibo/FPGA-Alittle-Design/sim/arch_test/suite'
== [2/4] 提取签名符号与参考 ==
签名区 80003ce0..80004830（724 字），参考 724 行
== [3/4] 镜像转换（bin -> hex）==
/home/jianglibo/FPGA-Alittle-Design/sim/build/arch_test/remu-01.bin -> /home/jianglibo/FPGA-Alittle-Design/sim/build/arch_test/remu-01.hex: 18492 bytes, 4623 words (32-bit little-endian)
== [4/4] 仿真与签名比对（200000 周期）==
WARNING: /home/jianglibo/FPGA-Alittle-Design/sim/riscv/tb_arch_test.v:94: $readmemh(build/arch_test/remu-01.hex): Not enough words in the file for the requested range [0:8191].
WARNING: /home/jianglibo/FPGA-Alittle-Design/sim/riscv/tb_arch_test.v:95: $readmemh(build/arch_test/remu-01.hex): Not enough words in the file for the requested range [0:8191].
WARNING: /home/jianglibo/FPGA-Alittle-Design/sim/riscv/tb_arch_test.v:96: $readmemh(build/arch_test/ref_clean.txt): Not enough words in the file for the requested range [0:8191].
== arch-test remu-01-nofwd: 预载完成，运行 200000 周期 ==
PASS: remu-01-nofwd signature 724 words match reference
签名输出：/home/jianglibo/FPGA-Alittle-Design/sim/build/arch_test/rv32i_m/M/remu-01.nofwd.signature.output
== remu-01 bht1 ==
== [1/4] 编译 remu-01（套件 6f7f47b）==
make: Entering directory '/home/jianglibo/FPGA-Alittle-Design/sim/arch_test/suite'

============================ VARIABLE INFO ==================================
ROOTDIR: /home/jianglibo/FPGA-Alittle-Design/sim/arch_test/suite [origin: file]
WORK: /home/jianglibo/FPGA-Alittle-Design/sim/build/arch_test [origin: command line]
TARGETDIR: /home/jianglibo/FPGA-Alittle-Design/sim/arch_test/target [origin: command line]
RISCV_TARGET: pynq_z2_v0 [origin: command line]
XLEN: 32 [origin: command line]
RISCV_DEVICE: M [origin: command line]
=============================================================================

make -j1 \
	RISCV_TARGET=pynq_z2_v0 \
	RISCV_DEVICE=M \
	compile -C /home/jianglibo/FPGA-Alittle-Design/sim/arch_test/suite/riscv-test-suite/rv32i_m/M
make[1]: Entering directory '/home/jianglibo/FPGA-Alittle-Design/sim/arch_test/suite/riscv-test-suite/rv32i_m/M'
make[1]: Nothing to be done for 'compile'.
make[1]: Leaving directory '/home/jianglibo/FPGA-Alittle-Design/sim/arch_test/suite/riscv-test-suite/rv32i_m/M'
make: Leaving directory '/home/jianglibo/FPGA-Alittle-Design/sim/arch_test/suite'
== [2/4] 提取签名符号与参考 ==
签名区 80003ce0..80004830（724 字），参考 724 行
== [3/4] 镜像转换（bin -> hex）==
/home/jianglibo/FPGA-Alittle-Design/sim/build/arch_test/remu-01.bin -> /home/jianglibo/FPGA-Alittle-Design/sim/build/arch_test/remu-01.hex: 18492 bytes, 4623 words (32-bit little-endian)
== [4/4] 仿真与签名比对（200000 周期）==
WARNING: /home/jianglibo/FPGA-Alittle-Design/sim/riscv/tb_arch_test.v:94: $readmemh(build/arch_test/remu-01.hex): Not enough words in the file for the requested range [0:8191].
WARNING: /home/jianglibo/FPGA-Alittle-Design/sim/riscv/tb_arch_test.v:95: $readmemh(build/arch_test/remu-01.hex): Not enough words in the file for the requested range [0:8191].
WARNING: /home/jianglibo/FPGA-Alittle-Design/sim/riscv/tb_arch_test.v:96: $readmemh(build/arch_test/ref_clean.txt): Not enough words in the file for the requested range [0:8191].
== arch-test remu-01-bht1: 预载完成，运行 200000 周期 ==
PASS: remu-01-bht1 signature 724 words match reference
签名输出：/home/jianglibo/FPGA-Alittle-Design/sim/build/arch_test/rv32i_m/M/remu-01.bht1.signature.output
== remu-01 bht2 ==
== [1/4] 编译 remu-01（套件 6f7f47b）==
make: Entering directory '/home/jianglibo/FPGA-Alittle-Design/sim/arch_test/suite'

============================ VARIABLE INFO ==================================
ROOTDIR: /home/jianglibo/FPGA-Alittle-Design/sim/arch_test/suite [origin: file]
WORK: /home/jianglibo/FPGA-Alittle-Design/sim/build/arch_test [origin: command line]
TARGETDIR: /home/jianglibo/FPGA-Alittle-Design/sim/arch_test/target [origin: command line]
RISCV_TARGET: pynq_z2_v0 [origin: command line]
XLEN: 32 [origin: command line]
RISCV_DEVICE: M [origin: command line]
=============================================================================

make -j1 \
	RISCV_TARGET=pynq_z2_v0 \
	RISCV_DEVICE=M \
	compile -C /home/jianglibo/FPGA-Alittle-Design/sim/arch_test/suite/riscv-test-suite/rv32i_m/M
make[1]: Entering directory '/home/jianglibo/FPGA-Alittle-Design/sim/arch_test/suite/riscv-test-suite/rv32i_m/M'
make[1]: Nothing to be done for 'compile'.
make[1]: Leaving directory '/home/jianglibo/FPGA-Alittle-Design/sim/arch_test/suite/riscv-test-suite/rv32i_m/M'
make: Leaving directory '/home/jianglibo/FPGA-Alittle-Design/sim/arch_test/suite'
== [2/4] 提取签名符号与参考 ==
签名区 80003ce0..80004830（724 字），参考 724 行
== [3/4] 镜像转换（bin -> hex）==
/home/jianglibo/FPGA-Alittle-Design/sim/build/arch_test/remu-01.bin -> /home/jianglibo/FPGA-Alittle-Design/sim/build/arch_test/remu-01.hex: 18492 bytes, 4623 words (32-bit little-endian)
== [4/4] 仿真与签名比对（200000 周期）==
WARNING: /home/jianglibo/FPGA-Alittle-Design/sim/riscv/tb_arch_test.v:94: $readmemh(build/arch_test/remu-01.hex): Not enough words in the file for the requested range [0:8191].
WARNING: /home/jianglibo/FPGA-Alittle-Design/sim/riscv/tb_arch_test.v:95: $readmemh(build/arch_test/remu-01.hex): Not enough words in the file for the requested range [0:8191].
WARNING: /home/jianglibo/FPGA-Alittle-Design/sim/riscv/tb_arch_test.v:96: $readmemh(build/arch_test/ref_clean.txt): Not enough words in the file for the requested range [0:8191].
== arch-test remu-01-bht2: 预载完成，运行 200000 周期 ==
PASS: remu-01-bht2 signature 724 words match reference
签名输出：/home/jianglibo/FPGA-Alittle-Design/sim/build/arch_test/rv32i_m/M/remu-01.bht2.signature.output
PASS: remu-01 four profiles match golden and each other
PASS: arch-test matrix 11 tests x 4 modes
