== tb_imem ==
../src/riscv/alu.v:3: warning: timescale for alu inherited from another file.
riscv/tb_imem.v:1: ...: The inherited timescale is here.
../src/riscv/branch_predict.v:1: warning: timescale for branch_predict inherited from another file.
riscv/tb_imem.v:1: ...: The inherited timescale is here.
../src/riscv/core_top.v:3: warning: timescale for core_top inherited from another file.
riscv/tb_imem.v:1: ...: The inherited timescale is here.
../src/riscv/decode.v:3: warning: timescale for decode inherited from another file.
riscv/tb_imem.v:1: ...: The inherited timescale is here.
../src/riscv/dmem.v:3: warning: timescale for dmem inherited from another file.
riscv/tb_imem.v:1: ...: The inherited timescale is here.
../src/riscv/forwarding.v:2: warning: timescale for forwarding inherited from another file.
riscv/tb_imem.v:1: ...: The inherited timescale is here.
../src/riscv/hazard.v:2: warning: timescale for hazard inherited from another file.
riscv/tb_imem.v:1: ...: The inherited timescale is here.
../src/riscv/id_ex_stage.v:2: warning: timescale for id_ex_stage inherited from another file.
riscv/tb_imem.v:1: ...: The inherited timescale is here.
../src/riscv/if_stage.v:4: warning: timescale for if_stage inherited from another file.
riscv/tb_imem.v:1: ...: The inherited timescale is here.
../src/riscv/imem.v:3: warning: timescale for imem inherited from another file.
riscv/tb_imem.v:1: ...: The inherited timescale is here.
../src/riscv/mem_wb_stage.v:2: warning: timescale for mem_wb_stage inherited from another file.
riscv/tb_imem.v:1: ...: The inherited timescale is here.
../src/riscv/muldiv.v:3: warning: timescale for muldiv inherited from another file.
riscv/tb_imem.v:1: ...: The inherited timescale is here.
../src/riscv/pc.v:3: warning: timescale for pc inherited from another file.
riscv/tb_imem.v:1: ...: The inherited timescale is here.
../src/riscv/pynq_z2_top.v:3: warning: timescale for pynq_z2_top inherited from another file.
riscv/tb_imem.v:1: ...: The inherited timescale is here.
../src/riscv/regfile.v:3: warning: timescale for regfile inherited from another file.
riscv/tb_imem.v:1: ...: The inherited timescale is here.
../src/riscv/soc_top.v:3: warning: timescale for soc_top inherited from another file.
riscv/tb_imem.v:1: ...: The inherited timescale is here.
WARNING: ../src/riscv/imem.v:19: $readmemh(../src/riscv_fw/hello.hex): Not enough words in the file for the requested range [0:8191].
PASS: imem preload, synchronous read and addr[14:2] indexing
riscv/tb_imem.v:44: $finish called at 26000 (1ps)
== tb_dmem ==
../src/riscv/alu.v:3: warning: timescale for alu inherited from another file.
riscv/tb_dmem.v:1: ...: The inherited timescale is here.
../src/riscv/branch_predict.v:1: warning: timescale for branch_predict inherited from another file.
riscv/tb_dmem.v:1: ...: The inherited timescale is here.
../src/riscv/core_top.v:3: warning: timescale for core_top inherited from another file.
riscv/tb_dmem.v:1: ...: The inherited timescale is here.
../src/riscv/decode.v:3: warning: timescale for decode inherited from another file.
riscv/tb_dmem.v:1: ...: The inherited timescale is here.
../src/riscv/dmem.v:3: warning: timescale for dmem inherited from another file.
riscv/tb_dmem.v:1: ...: The inherited timescale is here.
../src/riscv/forwarding.v:2: warning: timescale for forwarding inherited from another file.
riscv/tb_dmem.v:1: ...: The inherited timescale is here.
../src/riscv/hazard.v:2: warning: timescale for hazard inherited from another file.
riscv/tb_dmem.v:1: ...: The inherited timescale is here.
../src/riscv/id_ex_stage.v:2: warning: timescale for id_ex_stage inherited from another file.
riscv/tb_dmem.v:1: ...: The inherited timescale is here.
../src/riscv/if_stage.v:4: warning: timescale for if_stage inherited from another file.
riscv/tb_dmem.v:1: ...: The inherited timescale is here.
../src/riscv/imem.v:3: warning: timescale for imem inherited from another file.
riscv/tb_dmem.v:1: ...: The inherited timescale is here.
../src/riscv/mem_wb_stage.v:2: warning: timescale for mem_wb_stage inherited from another file.
riscv/tb_dmem.v:1: ...: The inherited timescale is here.
../src/riscv/muldiv.v:3: warning: timescale for muldiv inherited from another file.
riscv/tb_dmem.v:1: ...: The inherited timescale is here.
../src/riscv/pc.v:3: warning: timescale for pc inherited from another file.
riscv/tb_dmem.v:1: ...: The inherited timescale is here.
../src/riscv/pynq_z2_top.v:3: warning: timescale for pynq_z2_top inherited from another file.
riscv/tb_dmem.v:1: ...: The inherited timescale is here.
../src/riscv/regfile.v:3: warning: timescale for regfile inherited from another file.
riscv/tb_dmem.v:1: ...: The inherited timescale is here.
../src/riscv/soc_top.v:3: warning: timescale for soc_top inherited from another file.
riscv/tb_dmem.v:1: ...: The inherited timescale is here.
PASS: dmem async read, byte writes and addr[14:2] indexing
riscv/tb_dmem.v:53: $finish called at 37000 (1ps)
== tb_pynq_z2_clock_config ==
../src/riscv/alu.v:3: warning: timescale for alu inherited from another file.
riscv/tb_pynq_z2_clock_config.v:1: ...: The inherited timescale is here.
../src/riscv/branch_predict.v:1: warning: timescale for branch_predict inherited from another file.
riscv/tb_pynq_z2_clock_config.v:1: ...: The inherited timescale is here.
../src/riscv/core_top.v:3: warning: timescale for core_top inherited from another file.
riscv/tb_pynq_z2_clock_config.v:1: ...: The inherited timescale is here.
../src/riscv/decode.v:3: warning: timescale for decode inherited from another file.
riscv/tb_pynq_z2_clock_config.v:1: ...: The inherited timescale is here.
../src/riscv/dmem.v:3: warning: timescale for dmem inherited from another file.
riscv/tb_pynq_z2_clock_config.v:1: ...: The inherited timescale is here.
../src/riscv/forwarding.v:2: warning: timescale for forwarding inherited from another file.
riscv/tb_pynq_z2_clock_config.v:1: ...: The inherited timescale is here.
../src/riscv/hazard.v:2: warning: timescale for hazard inherited from another file.
riscv/tb_pynq_z2_clock_config.v:1: ...: The inherited timescale is here.
../src/riscv/id_ex_stage.v:2: warning: timescale for id_ex_stage inherited from another file.
riscv/tb_pynq_z2_clock_config.v:1: ...: The inherited timescale is here.
../src/riscv/if_stage.v:4: warning: timescale for if_stage inherited from another file.
riscv/tb_pynq_z2_clock_config.v:1: ...: The inherited timescale is here.
../src/riscv/imem.v:3: warning: timescale for imem inherited from another file.
riscv/tb_pynq_z2_clock_config.v:1: ...: The inherited timescale is here.
../src/riscv/mem_wb_stage.v:2: warning: timescale for mem_wb_stage inherited from another file.
riscv/tb_pynq_z2_clock_config.v:1: ...: The inherited timescale is here.
../src/riscv/muldiv.v:3: warning: timescale for muldiv inherited from another file.
riscv/tb_pynq_z2_clock_config.v:1: ...: The inherited timescale is here.
../src/riscv/pc.v:3: warning: timescale for pc inherited from another file.
riscv/tb_pynq_z2_clock_config.v:1: ...: The inherited timescale is here.
../src/riscv/pynq_z2_top.v:3: warning: timescale for pynq_z2_top inherited from another file.
riscv/tb_pynq_z2_clock_config.v:1: ...: The inherited timescale is here.
../src/riscv/regfile.v:3: warning: timescale for regfile inherited from another file.
riscv/tb_pynq_z2_clock_config.v:1: ...: The inherited timescale is here.
../src/riscv/soc_top.v:3: warning: timescale for soc_top inherited from another file.
riscv/tb_pynq_z2_clock_config.v:1: ...: The inherited timescale is here.
../src/riscv/core_top.v:30: error: Unable to bind wire/reg/memory `bp_predict_taken' in `tb_pynq_z2_clock_config.dut_40.u_soc.u_core'
../src/riscv/core_top.v:161:      : A symbol with that name was declared here. Check for declaration after use.
../src/riscv/core_top.v:30: error: Unable to elaborate r-value: (branch_resolve)&&((bp_predict_taken)!=(branch_taken))
../src/riscv/core_top.v:35: error: Unable to bind wire/reg/memory `bp_predict_taken' in `tb_pynq_z2_clock_config.dut_40.u_soc.u_core'
../src/riscv/core_top.v:161:      : A symbol with that name was declared here. Check for declaration after use.
../src/riscv/core_top.v:35: error: Unable to elaborate r-value: ((branch_resolve)&&(bp_predict_taken))&&(!(branch_mispredict))
../src/riscv/core_top.v:38: error: Unable to bind wire/reg/memory `redirect_target' in `tb_pynq_z2_clock_config.dut_40.u_soc.u_core'
../src/riscv/core_top.v:72:      : A symbol with that name was declared here. Check for declaration after use.
../src/riscv/core_top.v:38: error: Unable to elaborate r-value: (jump_redirect)?(redirect_target):((branch_taken)?(redirect_target):((pc_id)+(32'b00000000000000000000000000000100)))
../src/riscv/core_top.v:41: error: Unable to bind wire/reg/memory `redirect_target' in `tb_pynq_z2_clock_config.dut_40.u_soc.u_core'
../src/riscv/core_top.v:72:      : A symbol with that name was declared here. Check for declaration after use.
../src/riscv/core_top.v:40: error: Unable to elaborate r-value: (redirect)?(recovery_target):((predicted_redirect)?(redirect_target):(pc))
../src/riscv/core_top.v:44: error: Unable to bind wire/reg/memory `redirect_target' in `tb_pynq_z2_clock_config.dut_40.u_soc.u_core'
../src/riscv/core_top.v:72:      : A symbol with that name was declared here. Check for declaration after use.
../src/riscv/core_top.v:44: error: Unable to elaborate r-value: (redirect)?(recovery_target):((redirect_target)+(32'b00000000000000000000000000000100))
../src/riscv/core_top.v:30: error: Unable to bind wire/reg/memory `bp_predict_taken' in `tb_pynq_z2_clock_config.dut_125.u_soc.u_core'
../src/riscv/core_top.v:161:      : A symbol with that name was declared here. Check for declaration after use.
../src/riscv/core_top.v:30: error: Unable to elaborate r-value: (branch_resolve)&&((bp_predict_taken)!=(branch_taken))
../src/riscv/core_top.v:35: error: Unable to bind wire/reg/memory `bp_predict_taken' in `tb_pynq_z2_clock_config.dut_125.u_soc.u_core'
../src/riscv/core_top.v:161:      : A symbol with that name was declared here. Check for declaration after use.
../src/riscv/core_top.v:35: error: Unable to elaborate r-value: ((branch_resolve)&&(bp_predict_taken))&&(!(branch_mispredict))
../src/riscv/core_top.v:38: error: Unable to bind wire/reg/memory `redirect_target' in `tb_pynq_z2_clock_config.dut_125.u_soc.u_core'
../src/riscv/core_top.v:72:      : A symbol with that name was declared here. Check for declaration after use.
../src/riscv/core_top.v:38: error: Unable to elaborate r-value: (jump_redirect)?(redirect_target):((branch_taken)?(redirect_target):((pc_id)+(32'b00000000000000000000000000000100)))
../src/riscv/core_top.v:41: error: Unable to bind wire/reg/memory `redirect_target' in `tb_pynq_z2_clock_config.dut_125.u_soc.u_core'
../src/riscv/core_top.v:72:      : A symbol with that name was declared here. Check for declaration after use.
../src/riscv/core_top.v:40: error: Unable to elaborate r-value: (redirect)?(recovery_target):((predicted_redirect)?(redirect_target):(pc))
../src/riscv/core_top.v:44: error: Unable to bind wire/reg/memory `redirect_target' in `tb_pynq_z2_clock_config.dut_125.u_soc.u_core'
../src/riscv/core_top.v:72:      : A symbol with that name was declared here. Check for declaration after use.
../src/riscv/core_top.v:44: error: Unable to elaborate r-value: (redirect)?(recovery_target):((redirect_target)+(32'b00000000000000000000000000000100))
20 error(s) during elaboration.
