Copyright 1986-2022 Xilinx, Inc. All Rights Reserved. Copyright 2022-2026 Advanced Micro Devices, Inc. All Rights Reserved.
---------------------------------------------------------------------------------------------------------------------------------------------
| Tool Version : Vivado v.2026.1 (win64) Build 6511674 Tue Jun 16 11:02:23 MDT 2026
| Date         : Mon Sep 28 13:56:09 2026
| Host         : never-die-cold running 64-bit major release  (build 9200)
| Command      : report_design_analysis -file E:/Projects/FPGA-Alittle-Design/build/reports/design_analysis_impl.rpt
| Design       : core_top
| Device       : xc7z020
| Design State : Routed
---------------------------------------------------------------------------------------------------------------------------------------------

Report Design Analysis

Table of Contents
-----------------
1. Setup Path Characteristics 1-1
2. Logic Level Distribution
3. Placer Final Level Congestion Reporting
4. Initial Estimated Router Congestion Reporting

1. Setup Path Characteristics 1-1
---------------------------------

+---------------------------+--------------------------------------------------------------------------------------------------------------------------------------------+
|      Characteristics      |                                                                   Path #1                                                                  |
+---------------------------+--------------------------------------------------------------------------------------------------------------------------------------------+
| Requirement               | 10.000                                                                                                                                     |
| Path Delay                | 11.876                                                                                                                                     |
| Logic Delay               | 2.331(20%)                                                                                                                                 |
| Net Delay                 | 9.545(80%)                                                                                                                                 |
| Clock Skew                | -0.054                                                                                                                                     |
| Slack                     | -1.935                                                                                                                                     |
| Clock Uncertainty         | 0.035                                                                                                                                      |
| Clock Relationship        | Safely Timed                                                                                                                               |
| Clock Delay Group         | Same Clock                                                                                                                                 |
| Logic Levels              | 13                                                                                                                                         |
| Routes                    | 12                                                                                                                                         |
| Logical Path              | FDPE/C-(98)-LUT4-(43)-RAMD32-(6)-LUT6-(2)-LUT6-(116)-LUT6-(1)-LUT6-(2)-LUT5-(1)-LUT6-(1)-MUXF7-LUT4-(1)-LUT6-(1)-LUT6-(33)-LUT6-(1)-FDCE/D |
| Start Point Clock         | sys_clk                                                                                                                                    |
| End Point Clock           | sys_clk                                                                                                                                    |
| DSP Block                 | None                                                                                                                                       |
| RAM Registers             | None-None                                                                                                                                  |
| IO Crossings              | 0                                                                                                                                          |
| Config Crossings          | 0                                                                                                                                          |
| SLR Crossings             | 0                                                                                                                                          |
| PBlocks                   | 0                                                                                                                                          |
| High Fanout               | 116                                                                                                                                        |
| ASYNC REG                 | 0                                                                                                                                          |
| Dont Touch                | 0                                                                                                                                          |
| Mark Debug                | 0                                                                                                                                          |
| Start Point Pin Primitive | FDPE/C                                                                                                                                     |
| End Point Pin Primitive   | FDCE/D                                                                                                                                     |
| Start Point Pin           | flush_q_reg/C                                                                                                                              |
| End Point Pin             | pc_reg[24]/D                                                                                                                               |
+---------------------------+--------------------------------------------------------------------------------------------------------------------------------------------+
* Bounding box calculated as % of dimensions for the target device (308, 299)


2. Logic Level Distribution
---------------------------

+-----------------+-------------+-----+---+-----+-----+----+---+---+----+----+----+----+----+----+----+----+----+----+----+----+
| End Point Clock | Requirement |  1  | 3 |  5  |  6  |  7 | 8 | 9 | 10 | 11 | 12 | 13 | 14 | 15 | 16 | 17 | 18 | 19 | 20 | 21 |
+-----------------+-------------+-----+---+-----+-----+----+---+---+----+----+----+----+----+----+----+----+----+----+----+----+
| sys_clk         | 10.000ns    | 144 | 1 | 141 | 463 | 57 | 9 | 8 |  8 | 13 | 21 | 93 |  7 |  8 |  7 |  4 |  4 |  4 |  4 |  4 |
+-----------------+-------------+-----+---+-----+-----+----+---+---+----+----+----+----+----+----+----+----+----+----+----+----+
* Columns represent the logic levels per end point clock
** Distribution is for top worst 1000 paths


3. Placer Final Level Congestion Reporting
------------------------------------------

+-----------+------+-------+------------+--------+---------------+----------------+-----+--------+------+------+------+-----+-------+-----+------------+
| Direction | Type | Level | Congestion | Window | Combined LUTs | Avg LUT Inputs | LUT | LUTRAM | Flop | MUXF | RAMB | DSP | CARRY | SRL | Cell Names |
+-----------+------+-------+------------+--------+---------------+----------------+-----+--------+------+------+------+-----+-------+-----+------------+
* No congestion windows are found above level 5


4. Initial Estimated Router Congestion Reporting
------------------------------------------------

+-----------+------+-------+------------------+--------+---------------+----------------+-----+--------+------+------+------+-----+-------+-----+------------+
| Direction | Type | Level | Percentage Tiles | Window | Combined LUTs | Avg LUT Inputs | LUT | LUTRAM | Flop | MUXF | RAMB | DSP | CARRY | SRL | Cell Names |
+-----------+------+-------+------------------+--------+---------------+----------------+-----+--------+------+------+------+-----+-------+-----+------------+
* No initial estimated congestion windows are found above level 5
