Copyright 1986-2022 Xilinx, Inc. All Rights Reserved. Copyright 2022-2026 Advanced Micro Devices, Inc. All Rights Reserved.
-------------------------------------------------------------------------------------------------------------------------------------------------------------------------------
| Tool Version : Vivado v.2026.1 (win64) Build 6511674 Tue Jun 16 11:02:23 MDT 2026
| Date         : Mon Sep 28 14:00:58 2026
| Host         : never-die-cold running 64-bit major release  (build 9200)
| Command      : report_timing_summary -delay_type min_max -report_unconstrained -check_timing_verbose -file E:/Projects/FPGA-Alittle-Design/build/reports/soc_timing_impl.rpt
| Design       : pynq_z2_top
| Device       : 7z020-clg400
| Speed File   : -1  PRODUCTION 1.12 2019-11-22
| Design State : Physopt postRoute
-------------------------------------------------------------------------------------------------------------------------------------------------------------------------------

Timing Summary Report

------------------------------------------------------------------------------------------------
| Timer Settings
| --------------
------------------------------------------------------------------------------------------------

  Enable Multi Corner Analysis               :  Yes
  Enable Pessimism Removal                   :  Yes
  Pessimism Removal Resolution               :  Nearest Common Node
  Enable Input Delay Default Clock           :  No
  Enable Preset / Clear Arcs                 :  No
  Disable Flight Delays                      :  No
  Ignore I/O Paths                           :  No
  Timing Early Launch at Borrowing Latches   :  No
  Borrow Time for Max Delay Exceptions       :  Yes
  Merge Timing Exceptions                    :  Yes
  Inter-SLR Compensation                     :  Conservative

  Corner  Analyze    Analyze
  Name    Max Paths  Min Paths
  ------  ---------  ---------
  Slow    Yes        Yes
  Fast    Yes        Yes


------------------------------------------------------------------------------------------------
| Report Methodology
| ------------------
------------------------------------------------------------------------------------------------

No report available as report_methodology has not been run prior. Run report_methodology on the current design for the summary of methodology violations.



check_timing report

Table of Contents
-----------------
1. checking no_clock (0)
2. checking constant_clock (0)
3. checking pulse_width_clock (0)
4. checking unconstrained_internal_endpoints (0)
5. checking no_input_delay (1)
6. checking no_output_delay (4)
7. checking multiple_clock (0)
8. checking generated_clocks (0)
9. checking loops (0)
10. checking partial_input_delay (0)
11. checking partial_output_delay (0)
12. checking latch_loops (0)

1. checking no_clock (0)
------------------------
 There are 0 register/latch pins with no clock.


2. checking constant_clock (0)
------------------------------
 There are 0 register/latch pins with constant_clock.


3. checking pulse_width_clock (0)
---------------------------------
 There are 0 register/latch pins which need pulse_width check


4. checking unconstrained_internal_endpoints (0)
------------------------------------------------
 There are 0 pins that are not constrained for maximum delay.

 There are 0 pins that are not constrained for maximum delay due to constant clock.


5. checking no_input_delay (1)
------------------------------
 There are 0 input ports with no input delay specified.

 There is 1 input port with no input delay but user has a false path constraint. (MEDIUM)

btn0


6. checking no_output_delay (4)
-------------------------------
 There are 0 ports with no output delay specified.

 There are 4 ports with no output delay but user has a false path constraint (MEDIUM)

led[0]
led[1]
led[2]
led[3]

 There are 0 ports with no output delay but with a timing clock defined on it or propagating through it


7. checking multiple_clock (0)
------------------------------
 There are 0 register/latch pins with multiple clocks.


8. checking generated_clocks (0)
--------------------------------
 There are 0 generated clocks that are not connected to a clock source.


9. checking loops (0)
---------------------
 There are 0 combinational loops in the design.


10. checking partial_input_delay (0)
------------------------------------
 There are 0 input ports with partial input delay specified.


11. checking partial_output_delay (0)
-------------------------------------
 There are 0 ports with partial output delay specified.


12. checking latch_loops (0)
----------------------------
 There are 0 combinational latch loops in the design through latch input



------------------------------------------------------------------------------------------------
| Design Timing Summary
| ---------------------
------------------------------------------------------------------------------------------------

    WNS(ns)      TNS(ns)  TNS Failing Endpoints  TNS Total Endpoints      WHS(ns)      THS(ns)  THS Failing Endpoints  THS Total Endpoints     WPWS(ns)     TPWS(ns)  TPWS Failing Endpoints  TPWS Total Endpoints
    -------      -------  ---------------------  -------------------      -------      -------  ---------------------  -------------------     --------     --------  ----------------------  --------------------
      1.153        0.000                      0                42945        0.056        0.000                      0                42945        2.000        0.000                       0                  4638


All user specified timing constraints are met.


------------------------------------------------------------------------------------------------
| Clock Summary
| -------------
------------------------------------------------------------------------------------------------

Clock               Waveform(ns)         Period(ns)      Frequency(MHz)
-----               ------------         ----------      --------------
sys_clk_125         {0.000 4.000}        8.000           125.000
  clk_feedback_raw  {0.000 4.000}        8.000           125.000
  core_clk_40       {0.000 12.500}       25.000          40.000


------------------------------------------------------------------------------------------------
| Intra Clock Table
| -----------------
------------------------------------------------------------------------------------------------

Clock                   WNS(ns)      TNS(ns)  TNS Failing Endpoints  TNS Total Endpoints      WHS(ns)      THS(ns)  THS Failing Endpoints  THS Total Endpoints     WPWS(ns)     TPWS(ns)  TPWS Failing Endpoints  TPWS Total Endpoints
-----                   -------      -------  ---------------------  -------------------      -------      -------  ---------------------  -------------------     --------     --------  ----------------------  --------------------
sys_clk_125                                                                                                                                                           2.000        0.000                       0                     1
  clk_feedback_raw                                                                                                                                                    5.845        0.000                       0                     3
  core_clk_40             1.153        0.000                      0                42508        0.056        0.000                      0                42508       11.250        0.000                       0                  4634


------------------------------------------------------------------------------------------------
| Inter Clock Table
| -----------------
------------------------------------------------------------------------------------------------

From Clock    To Clock          WNS(ns)      TNS(ns)  TNS Failing Endpoints  TNS Total Endpoints      WHS(ns)      THS(ns)  THS Failing Endpoints  THS Total Endpoints
----------    --------          -------      -------  ---------------------  -------------------      -------      -------  ---------------------  -------------------


------------------------------------------------------------------------------------------------
| Other Path Groups Table
| -----------------------
------------------------------------------------------------------------------------------------

Path Group         From Clock         To Clock               WNS(ns)      TNS(ns)  TNS Failing Endpoints  TNS Total Endpoints      WHS(ns)      THS(ns)  THS Failing Endpoints  THS Total Endpoints
----------         ----------         --------               -------      -------  ---------------------  -------------------      -------      -------  ---------------------  -------------------
**async_default**  core_clk_40        core_clk_40             15.825        0.000                      0                  437        1.649        0.000                      0                  437


------------------------------------------------------------------------------------------------
| User Ignored Path Table
| -----------------------
------------------------------------------------------------------------------------------------

Path Group    From Clock    To Clock
----------    ----------    --------
(none)        core_clk_40
(none)                      core_clk_40


------------------------------------------------------------------------------------------------
| Unconstrained Path Table
| ------------------------
------------------------------------------------------------------------------------------------

Path Group    From Clock    To Clock
----------    ----------    --------
(none)                      core_clk_40


------------------------------------------------------------------------------------------------
| Timing Details
| --------------
------------------------------------------------------------------------------------------------


---------------------------------------------------------------------------------------------------
From Clock:  sys_clk_125
  To Clock:  sys_clk_125

Setup :           NA  Failing Endpoints,  Worst Slack           NA  ,  Total Violation           NA
Hold  :           NA  Failing Endpoints,  Worst Slack           NA  ,  Total Violation           NA
PW    :            0  Failing Endpoints,  Worst Slack        2.000ns,  Total Violation        0.000ns
---------------------------------------------------------------------------------------------------


Pulse Width Checks
--------------------------------------------------------------------------------------
Clock Name:         sys_clk_125
Waveform(ns):       { 0.000 4.000 }
Period(ns):         8.000
Sources:            { clk }

Check Type        Corner  Lib Pin            Reference Pin  Required(ns)  Actual(ns)  Slack(ns)  Location         Pin
Min Period        n/a     MMCME2_ADV/CLKIN1  n/a            1.249         8.000       6.751      MMCME2_ADV_X1Y2  u_mmcm/CLKIN1
Max Period        n/a     MMCME2_ADV/CLKIN1  n/a            100.000       8.000       92.000     MMCME2_ADV_X1Y2  u_mmcm/CLKIN1
Low Pulse Width   Slow    MMCME2_ADV/CLKIN1  n/a            2.000         4.000       2.000      MMCME2_ADV_X1Y2  u_mmcm/CLKIN1
High Pulse Width  Slow    MMCME2_ADV/CLKIN1  n/a            2.000         4.000       2.000      MMCME2_ADV_X1Y2  u_mmcm/CLKIN1



---------------------------------------------------------------------------------------------------
From Clock:  clk_feedback_raw
  To Clock:  clk_feedback_raw

Setup :           NA  Failing Endpoints,  Worst Slack           NA  ,  Total Violation           NA
Hold  :           NA  Failing Endpoints,  Worst Slack           NA  ,  Total Violation           NA
PW    :            0  Failing Endpoints,  Worst Slack        5.845ns,  Total Violation        0.000ns
---------------------------------------------------------------------------------------------------


Pulse Width Checks
--------------------------------------------------------------------------------------
Clock Name:         clk_feedback_raw
Waveform(ns):       { 0.000 4.000 }
Period(ns):         8.000
Sources:            { u_mmcm/CLKFBOUT }

Check Type  Corner  Lib Pin             Reference Pin  Required(ns)  Actual(ns)  Slack(ns)  Location         Pin
Min Period  n/a     BUFG/I              n/a            2.155         8.000       5.845      BUFGCTRL_X0Y17   u_feedback_bufg/I
Max Period  n/a     MMCME2_ADV/CLKFBIN  n/a            100.000       8.000       92.000     MMCME2_ADV_X1Y2  u_mmcm/CLKFBIN



---------------------------------------------------------------------------------------------------
From Clock:  core_clk_40
  To Clock:  core_clk_40

Setup :            0  Failing Endpoints,  Worst Slack        1.153ns,  Total Violation        0.000ns
Hold  :            0  Failing Endpoints,  Worst Slack        0.056ns,  Total Violation        0.000ns
PW    :            0  Failing Endpoints,  Worst Slack       11.250ns,  Total Violation        0.000ns
---------------------------------------------------------------------------------------------------


Max Delay Paths
--------------------------------------------------------------------------------------
Slack (MET) :             1.153ns  (required time - arrival time)
  Source:                 u_soc/u_imem/rdata_reg_1/CLKARDCLK
                            (rising edge-triggered cell RAMB36E1 clocked by core_clk_40  {rise@0.000ns fall@12.500ns period=25.000ns})
  Destination:            u_soc/u_core/u_regfile/regs_reg_r1_0_31_6_11/RAMC_D1/I
                            (rising edge-triggered cell RAMD32 clocked by core_clk_40  {rise@0.000ns fall@12.500ns period=25.000ns})
  Path Group:             core_clk_40
  Path Type:              Setup (Max at Slow Process Corner)
  Requirement:            25.000ns  (core_clk_40 rise@25.000ns - core_clk_40 rise@0.000ns)
  Data Path Delay:        23.330ns  (logic 5.951ns (25.507%)  route 17.379ns (74.493%))
  Logic Levels:           18  (LUT3=1 LUT5=2 LUT6=11 MUXF7=2 MUXF8=1 RAMS64E=1)
  Clock Path Skew:        -0.185ns (DCD - SCD + CPR)
    Destination Clock Delay (DCD):    -1.672ns = ( 23.328 - 25.000 )
    Source Clock Delay      (SCD):    -0.920ns
    Clock Pessimism Removal (CPR):    0.567ns
  Clock Uncertainty:      0.082ns  ((TSJ^2 + DJ^2)^1/2) / 2 + PE
    Total System Jitter     (TSJ):    0.071ns
    Discrete Jitter          (DJ):    0.147ns
    Phase Error              (PE):    0.000ns

    Location             Delay type                Incr(ns)  Path(ns)    Netlist Resource(s)
  -------------------------------------------------------------------    -------------------
                         (clock core_clk_40 rise edge)
                                                      0.000     0.000 r  <hidden>
    H16                                               0.000     0.000 r  clk
                         net (fo=0)                   0.000     0.000    clk
    H16                  IBUF (Prop_ibuf_I_O)         1.451     1.451 r  clk_IBUF_inst/O
                         net (fo=1, routed)           1.285     2.736    clk_IBUF
    MMCME2_ADV_X1Y2      MMCME2_ADV (Prop_mmcme2_adv_CLKIN1_CLKOUT0)
                                                     -7.759    -5.023 r  u_mmcm/CLKOUT0
                         net (fo=1, routed)           2.206    -2.817    clk_40_raw
    BUFGCTRL_X0Y16       BUFG (Prop_bufg_I_O)         0.101    -2.716 r  u_core_clk_bufg/O
                         net (fo=4632, routed)        1.796    -0.920    u_soc/u_imem/clk_40
    RAMB36_X1Y9          RAMB36E1                                     r  u_soc/u_imem/rdata_reg_1/CLKARDCLK
  -------------------------------------------------------------------    -------------------
    RAMB36_X1Y9          RAMB36E1 (Prop_ramb36e1_CLKARDCLK_DOADO[2])
                                                      2.454     1.534 r  u_soc/u_imem/rdata_reg_1/DOADO[2]
                         net (fo=5, routed)           1.674     3.208    u_soc/u_core/u_if_stage/pc[31]_i_17_0[6]
    SLICE_X31Y50         LUT6 (Prop_lut6_I0_O)        0.124     3.332 r  u_soc/u_core/u_if_stage/regs_reg_r1_0_31_0_5_i_91/O
                         net (fo=10, routed)          0.947     4.279    u_soc/u_core/u_if_stage/regs_reg_r1_0_31_0_5_i_91_n_0
    SLICE_X35Y53         LUT5 (Prop_lut5_I2_O)        0.150     4.429 r  u_soc/u_core/u_if_stage/mem_reg_0_255_0_0_i_139/O
                         net (fo=3, routed)           0.912     5.342    u_soc/u_core/u_if_stage/mem_reg_0_255_0_0_i_139_n_0
    SLICE_X37Y50         LUT6 (Prop_lut6_I5_O)        0.326     5.668 r  u_soc/u_core/u_if_stage/mem_reg_0_255_0_0_i_81/O
                         net (fo=123, routed)         1.584     7.251    u_soc/u_core/u_if_stage/alu_b[3]
    SLICE_X41Y64         LUT6 (Prop_lut6_I2_O)        0.124     7.375 r  u_soc/u_core/u_if_stage/mem_reg_0_255_0_0_i_125/O
                         net (fo=6, routed)           0.617     7.992    u_soc/u_core/u_if_stage/mem_reg_0_255_0_0_i_125_n_0
    SLICE_X44Y65         LUT6 (Prop_lut6_I5_O)        0.124     8.116 r  u_soc/u_core/u_if_stage/mem_reg_0_255_0_0_i_172/O
                         net (fo=2, routed)           0.646     8.763    u_soc/u_core/u_if_stage/mem_reg_0_255_0_0_i_172_n_0
    SLICE_X44Y66         LUT3 (Prop_lut3_I0_O)        0.150     8.913 r  u_soc/u_core/u_if_stage/mem_reg_0_255_0_0_i_136/O
                         net (fo=2, routed)           0.578     9.491    u_soc/u_core/u_if_stage/mem_reg_0_255_0_0_i_136_n_0
    SLICE_X41Y68         LUT6 (Prop_lut6_I0_O)        0.326     9.817 r  u_soc/u_core/u_if_stage/mem_reg_0_255_0_0_i_78/O
                         net (fo=1, routed)           0.292    10.109    u_soc/u_core/u_if_stage/mem_reg_0_255_0_0_i_78_n_0
    SLICE_X41Y69         LUT6 (Prop_lut6_I5_O)        0.124    10.233 r  u_soc/u_core/u_if_stage/mem_reg_0_255_0_0_i_31/O
                         net (fo=25, routed)          1.451    11.684    u_soc/u_core/u_if_stage/mem_reg_0_255_0_0_i_31_n_0
    SLICE_X41Y82         LUT5 (Prop_lut5_I2_O)        0.154    11.838 r  u_soc/u_core/u_if_stage/mem_reg_6656_6911_26_26_i_6/O
                         net (fo=168, routed)         2.471    14.309    u_soc/u_dmem/mem_reg_2560_2815_27_27/A2
    SLICE_X42Y136        RAMS64E (Prop_rams64e_ADR2_O)
                                                      0.348    14.657 r  u_soc/u_dmem/mem_reg_2560_2815_27_27/RAMS64E_C/O
                         net (fo=1, routed)           0.000    14.657    u_soc/u_dmem/mem_reg_2560_2815_27_27/OC
    SLICE_X42Y136        MUXF7 (Prop_muxf7_I1_O)      0.247    14.904 r  u_soc/u_dmem/mem_reg_2560_2815_27_27/F7.B/O
                         net (fo=1, routed)           0.000    14.904    u_soc/u_dmem/mem_reg_2560_2815_27_27/O0
    SLICE_X42Y136        MUXF8 (Prop_muxf8_I0_O)      0.098    15.002 r  u_soc/u_dmem/mem_reg_2560_2815_27_27/F8/O
                         net (fo=1, routed)           1.816    16.818    u_soc/u_dmem/mem_reg_2560_2815_27_27_n_0
    SLICE_X39Y109        LUT6 (Prop_lut6_I1_O)        0.319    17.137 r  u_soc/u_dmem/regs_reg_r1_0_31_24_29_i_77/O
                         net (fo=1, routed)           0.000    17.137    u_soc/u_dmem/regs_reg_r1_0_31_24_29_i_77_n_0
    SLICE_X39Y109        MUXF7 (Prop_muxf7_I0_O)      0.212    17.349 r  u_soc/u_dmem/regs_reg_r1_0_31_24_29_i_43/O
                         net (fo=2, routed)           0.494    17.843    u_soc/u_dmem/regs_reg_r1_0_31_24_29_i_43_n_0
    SLICE_X40Y105        LUT6 (Prop_lut6_I3_O)        0.299    18.142 r  u_soc/u_dmem/regs_reg_r1_0_31_24_29_i_28/O
                         net (fo=1, routed)           1.121    19.262    u_soc/u_core/u_if_stage/rdata[24]
    SLICE_X40Y80         LUT6 (Prop_lut6_I0_O)        0.124    19.386 r  u_soc/u_core/u_if_stage/regs_reg_r1_0_31_24_29_i_14/O
                         net (fo=2, routed)           1.358    20.745    u_soc/u_core/u_if_stage/dmem_rdata[27]
    SLICE_X43Y63         LUT6 (Prop_lut6_I1_O)        0.124    20.869 r  u_soc/u_core/u_if_stage/regs_reg_r1_0_31_6_11_i_21/O
                         net (fo=1, routed)           0.501    21.369    u_soc/u_core/u_if_stage/regs_reg_r1_0_31_6_11_i_21_n_0
    SLICE_X43Y57         LUT6 (Prop_lut6_I1_O)        0.124    21.493 r  u_soc/u_core/u_if_stage/regs_reg_r1_0_31_6_11_i_5/O
                         net (fo=2, routed)           0.917    22.411    u_soc/u_core/u_regfile/regs_reg_r1_0_31_6_11/DIC1
    SLICE_X36Y48         RAMD32                                       r  u_soc/u_core/u_regfile/regs_reg_r1_0_31_6_11/RAMC_D1/I
  -------------------------------------------------------------------    -------------------

                         (clock core_clk_40 rise edge)
                                                     25.000    25.000 r  <hidden>
    H16                                               0.000    25.000 r  clk
                         net (fo=0)                   0.000    25.000    clk
    H16                  IBUF (Prop_ibuf_I_O)         1.380    26.380 r  clk_IBUF_inst/O
                         net (fo=1, routed)           1.162    27.542    clk_IBUF
    MMCME2_ADV_X1Y2      MMCME2_ADV (Prop_mmcme2_adv_CLKIN1_CLKOUT0)
                                                     -7.814    19.728 r  u_mmcm/CLKOUT0
                         net (fo=1, routed)           2.012    21.740    clk_40_raw
    BUFGCTRL_X0Y16       BUFG (Prop_bufg_I_O)         0.091    21.831 r  u_core_clk_bufg/O
                         net (fo=4632, routed)        1.496    23.328    u_soc/u_core/u_regfile/regs_reg_r1_0_31_6_11/WCLK
    SLICE_X36Y48         RAMD32                                       r  u_soc/u_core/u_regfile/regs_reg_r1_0_31_6_11/RAMC_D1/CLK
                         clock pessimism              0.567    23.895    <hidden>
                         clock uncertainty           -0.082    23.813    <hidden>
    SLICE_X36Y48         RAMD32 (Setup_ramd32_CLK_I)
                                                     -0.249    23.564    u_soc/u_core/u_regfile/regs_reg_r1_0_31_6_11/RAMC_D1
  -------------------------------------------------------------------
                         required time                         23.564    <hidden>
                         arrival time                         -22.411    <hidden>
  -------------------------------------------------------------------
                         slack                                  1.153    <hidden>





Min Delay Paths
--------------------------------------------------------------------------------------
Slack (MET) :             0.056ns  (arrival time - required time)
  Source:                 u_soc/u_core/u_muldiv/quotient_work_reg[14]/C
                            (rising edge-triggered cell FDCE clocked by core_clk_40  {rise@0.000ns fall@12.500ns period=25.000ns})
  Destination:            u_soc/u_core/u_muldiv/quotient_work_reg[15]/D
                            (rising edge-triggered cell FDCE clocked by core_clk_40  {rise@0.000ns fall@12.500ns period=25.000ns})
  Path Group:             core_clk_40
  Path Type:              Hold (Min at Fast Process Corner)
  Requirement:            0.000ns  (core_clk_40 rise@0.000ns - core_clk_40 rise@0.000ns)
  Data Path Delay:        0.409ns  (logic 0.186ns (45.477%)  route 0.223ns (54.523%))
  Logic Levels:           1  (LUT5=1)
  Clock Path Skew:        0.262ns (DCD - SCD - CPR)
    Destination Clock Delay (DCD):    -0.915ns
    Source Clock Delay      (SCD):    -0.669ns
    Clock Pessimism Removal (CPR):    -0.509ns

    Location             Delay type                Incr(ns)  Path(ns)    Netlist Resource(s)
  -------------------------------------------------------------------    -------------------
                         (clock core_clk_40 rise edge)
                                                      0.000     0.000 r  <hidden>
    H16                                               0.000     0.000 r  clk
                         net (fo=0)                   0.000     0.000    clk
    H16                  IBUF (Prop_ibuf_I_O)         0.219     0.219 r  clk_IBUF_inst/O
                         net (fo=1, routed)           0.440     0.659    clk_IBUF
    MMCME2_ADV_X1Y2      MMCME2_ADV (Prop_mmcme2_adv_CLKIN1_CLKOUT0)
                                                     -2.613    -1.954 r  u_mmcm/CLKOUT0
                         net (fo=1, routed)           0.696    -1.257    clk_40_raw
    BUFGCTRL_X0Y16       BUFG (Prop_bufg_I_O)         0.026    -1.231 r  u_core_clk_bufg/O
                         net (fo=4632, routed)        0.563    -0.669    u_soc/u_core/u_muldiv/clk_40
    SLICE_X39Y49         FDCE                                         r  u_soc/u_core/u_muldiv/quotient_work_reg[14]/C
  -------------------------------------------------------------------    -------------------
    SLICE_X39Y49         FDCE (Prop_fdce_C_Q)         0.141    -0.528 r  u_soc/u_core/u_muldiv/quotient_work_reg[14]/Q
                         net (fo=3, routed)           0.223    -0.305    u_soc/u_core/u_if_stage/Q[14]
    SLICE_X43Y50         LUT5 (Prop_lut5_I4_O)        0.045    -0.260 r  u_soc/u_core/u_if_stage/quotient_work[15]_i_1/O
                         net (fo=1, routed)           0.000    -0.260    u_soc/u_core/u_muldiv/quotient_work_reg[31]_0[15]
    SLICE_X43Y50         FDCE                                         r  u_soc/u_core/u_muldiv/quotient_work_reg[15]/D
  -------------------------------------------------------------------    -------------------

                         (clock core_clk_40 rise edge)
                                                      0.000     0.000 r  <hidden>
    H16                                               0.000     0.000 r  clk
                         net (fo=0)                   0.000     0.000    clk
    H16                  IBUF (Prop_ibuf_I_O)         0.406     0.406 r  clk_IBUF_inst/O
                         net (fo=1, routed)           0.480     0.886    clk_IBUF
    MMCME2_ADV_X1Y2      MMCME2_ADV (Prop_mmcme2_adv_CLKIN1_CLKOUT0)
                                                     -3.407    -2.521 r  u_mmcm/CLKOUT0
                         net (fo=1, routed)           0.752    -1.769    clk_40_raw
    BUFGCTRL_X0Y16       BUFG (Prop_bufg_I_O)         0.029    -1.740 r  u_core_clk_bufg/O
                         net (fo=4632, routed)        0.825    -0.915    u_soc/u_core/u_muldiv/clk_40
    SLICE_X43Y50         FDCE                                         r  u_soc/u_core/u_muldiv/quotient_work_reg[15]/C
                         clock pessimism              0.509    -0.406    <hidden>
    SLICE_X43Y50         FDCE (Hold_fdce_C_D)         0.091    -0.315    u_soc/u_core/u_muldiv/quotient_work_reg[15]
  -------------------------------------------------------------------
                         required time                          0.315    <hidden>
                         arrival time                          -0.260    <hidden>
  -------------------------------------------------------------------
                         slack                                  0.056    <hidden>





Pulse Width Checks
--------------------------------------------------------------------------------------
Clock Name:         core_clk_40
Waveform(ns):       { 0.000 12.500 }
Period(ns):         25.000
Sources:            { u_mmcm/CLKOUT0 }

Check Type        Corner  Lib Pin             Reference Pin  Required(ns)  Actual(ns)  Slack(ns)  Location         Pin
Min Period        n/a     RAMB36E1/CLKARDCLK  n/a            2.576         25.000      22.424     RAMB36_X2Y12     u_soc/u_imem/rdata_reg_0/CLKARDCLK
Max Period        n/a     MMCME2_ADV/CLKOUT0  n/a            213.360       25.000      188.360    MMCME2_ADV_X1Y2  u_mmcm/CLKOUT0
Low Pulse Width   Slow    RAMD32/CLK          n/a            1.250         12.500      11.250     SLICE_X46Y55     u_soc/u_core/u_regfile/regs_reg_r1_0_31_0_5/RAMA/CLK
High Pulse Width  Slow    RAMD32/CLK          n/a            1.250         12.500      11.250     SLICE_X46Y55     u_soc/u_core/u_regfile/regs_reg_r1_0_31_0_5/RAMA/CLK



---------------------------------------------------------------------------------------------------
Path Group:  **async_default**
From Clock:  core_clk_40
  To Clock:  core_clk_40

Setup :            0  Failing Endpoints,  Worst Slack       15.825ns,  Total Violation        0.000ns
Hold  :            0  Failing Endpoints,  Worst Slack        1.649ns,  Total Violation        0.000ns
---------------------------------------------------------------------------------------------------


Max Delay Paths
--------------------------------------------------------------------------------------
Slack (MET) :             15.825ns  (required time - arrival time)
  Source:                 reset_pipe_reg[1]/C
                            (rising edge-triggered cell FDPE clocked by core_clk_40  {rise@0.000ns fall@12.500ns period=25.000ns})
  Destination:            u_soc/cycle_cnt_reg[28]/CLR
                            (recovery check against rising-edge clock core_clk_40  {rise@0.000ns fall@12.500ns period=25.000ns})
  Path Group:             **async_default**
  Path Type:              Recovery (Max at Slow Process Corner)
  Requirement:            25.000ns  (core_clk_40 rise@25.000ns - core_clk_40 rise@0.000ns)
  Data Path Delay:        7.945ns  (logic 0.478ns (6.017%)  route 7.467ns (93.983%))
  Logic Levels:           0
  Clock Path Skew:        -0.572ns (DCD - SCD + CPR)
    Destination Clock Delay (DCD):    -1.698ns = ( 23.302 - 25.000 )
    Source Clock Delay      (SCD):    -0.659ns
    Clock Pessimism Removal (CPR):    0.466ns
  Clock Uncertainty:      0.082ns  ((TSJ^2 + DJ^2)^1/2) / 2 + PE
    Total System Jitter     (TSJ):    0.071ns
    Discrete Jitter          (DJ):    0.147ns
    Phase Error              (PE):    0.000ns

    Location             Delay type                Incr(ns)  Path(ns)    Netlist Resource(s)
  -------------------------------------------------------------------    -------------------
                         (clock core_clk_40 rise edge)
                                                      0.000     0.000 r  <hidden>
    H16                                               0.000     0.000 r  clk
                         net (fo=0)                   0.000     0.000    clk
    H16                  IBUF (Prop_ibuf_I_O)         1.451     1.451 r  clk_IBUF_inst/O
                         net (fo=1, routed)           1.285     2.736    clk_IBUF
    MMCME2_ADV_X1Y2      MMCME2_ADV (Prop_mmcme2_adv_CLKIN1_CLKOUT0)
                                                     -7.759    -5.023 r  u_mmcm/CLKOUT0
                         net (fo=1, routed)           2.206    -2.817    clk_40_raw
    BUFGCTRL_X0Y16       BUFG (Prop_bufg_I_O)         0.101    -2.716 r  u_core_clk_bufg/O
                         net (fo=4632, routed)        2.057    -0.659    clk_40
    SLICE_X112Y105       FDPE                                         r  reset_pipe_reg[1]/C
  -------------------------------------------------------------------    -------------------
    SLICE_X112Y105       FDPE (Prop_fdpe_C_Q)         0.478    -0.181 f  reset_pipe_reg[1]/Q
                         net (fo=445, routed)         7.467     7.285    u_soc/out[0]
    SLICE_X45Y83         FDCE                                         f  u_soc/cycle_cnt_reg[28]/CLR
  -------------------------------------------------------------------    -------------------

                         (clock core_clk_40 rise edge)
                                                     25.000    25.000 r  <hidden>
    H16                                               0.000    25.000 r  clk
                         net (fo=0)                   0.000    25.000    clk
    H16                  IBUF (Prop_ibuf_I_O)         1.380    26.380 r  clk_IBUF_inst/O
                         net (fo=1, routed)           1.162    27.542    clk_IBUF
    MMCME2_ADV_X1Y2      MMCME2_ADV (Prop_mmcme2_adv_CLKIN1_CLKOUT0)
                                                     -7.814    19.728 r  u_mmcm/CLKOUT0
                         net (fo=1, routed)           2.012    21.740    clk_40_raw
    BUFGCTRL_X0Y16       BUFG (Prop_bufg_I_O)         0.091    21.831 r  u_core_clk_bufg/O
                         net (fo=4632, routed)        1.471    23.302    u_soc/clk_40
    SLICE_X45Y83         FDCE                                         r  u_soc/cycle_cnt_reg[28]/C
                         clock pessimism              0.466    23.768    <hidden>
                         clock uncertainty           -0.082    23.687    <hidden>
    SLICE_X45Y83         FDCE (Recov_fdce_C_CLR)     -0.576    23.111    u_soc/cycle_cnt_reg[28]
  -------------------------------------------------------------------
                         required time                         23.111    <hidden>
                         arrival time                          -7.285    <hidden>
  -------------------------------------------------------------------
                         slack                                 15.825    <hidden>





Min Delay Paths
--------------------------------------------------------------------------------------
Slack (MET) :             1.649ns  (arrival time - required time)
  Source:                 reset_pipe_reg[1]/C
                            (rising edge-triggered cell FDPE clocked by core_clk_40  {rise@0.000ns fall@12.500ns period=25.000ns})
  Destination:            u_soc/led_q_reg[0]/CLR
                            (removal check against rising-edge clock core_clk_40  {rise@0.000ns fall@12.500ns period=25.000ns})
  Path Group:             **async_default**
  Path Type:              Removal (Min at Fast Process Corner)
  Requirement:            0.000ns  (core_clk_40 rise@0.000ns - core_clk_40 rise@0.000ns)
  Data Path Delay:        1.620ns  (logic 0.148ns (9.137%)  route 1.472ns (90.863%))
  Logic Levels:           0
  Clock Path Skew:        0.116ns (DCD - SCD - CPR)
    Destination Clock Delay (DCD):    -0.901ns
    Source Clock Delay      (SCD):    -0.513ns
    Clock Pessimism Removal (CPR):    -0.504ns

    Location             Delay type                Incr(ns)  Path(ns)    Netlist Resource(s)
  -------------------------------------------------------------------    -------------------
                         (clock core_clk_40 rise edge)
                                                      0.000     0.000 r  <hidden>
    H16                                               0.000     0.000 r  clk
                         net (fo=0)                   0.000     0.000    clk
    H16                  IBUF (Prop_ibuf_I_O)         0.219     0.219 r  clk_IBUF_inst/O
                         net (fo=1, routed)           0.440     0.659    clk_IBUF
    MMCME2_ADV_X1Y2      MMCME2_ADV (Prop_mmcme2_adv_CLKIN1_CLKOUT0)
                                                     -2.613    -1.954 r  u_mmcm/CLKOUT0
                         net (fo=1, routed)           0.696    -1.257    clk_40_raw
    BUFGCTRL_X0Y16       BUFG (Prop_bufg_I_O)         0.026    -1.231 r  u_core_clk_bufg/O
                         net (fo=4632, routed)        0.718    -0.513    clk_40
    SLICE_X112Y105       FDPE                                         r  reset_pipe_reg[1]/C
  -------------------------------------------------------------------    -------------------
    SLICE_X112Y105       FDPE (Prop_fdpe_C_Q)         0.148    -0.365 f  reset_pipe_reg[1]/Q
                         net (fo=445, routed)         1.472     1.107    u_soc/out[0]
    SLICE_X64Y68         FDCE                                         f  u_soc/led_q_reg[0]/CLR
  -------------------------------------------------------------------    -------------------

                         (clock core_clk_40 rise edge)
                                                      0.000     0.000 r  <hidden>
    H16                                               0.000     0.000 r  clk
                         net (fo=0)                   0.000     0.000    clk
    H16                  IBUF (Prop_ibuf_I_O)         0.406     0.406 r  clk_IBUF_inst/O
                         net (fo=1, routed)           0.480     0.886    clk_IBUF
    MMCME2_ADV_X1Y2      MMCME2_ADV (Prop_mmcme2_adv_CLKIN1_CLKOUT0)
                                                     -3.407    -2.521 r  u_mmcm/CLKOUT0
                         net (fo=1, routed)           0.752    -1.769    clk_40_raw
    BUFGCTRL_X0Y16       BUFG (Prop_bufg_I_O)         0.029    -1.740 r  u_core_clk_bufg/O
                         net (fo=4632, routed)        0.839    -0.901    u_soc/clk_40
    SLICE_X64Y68         FDCE                                         r  u_soc/led_q_reg[0]/C
                         clock pessimism              0.504    -0.397    <hidden>
    SLICE_X64Y68         FDCE (Remov_fdce_C_CLR)     -0.145    -0.542    u_soc/led_q_reg[0]
  -------------------------------------------------------------------
                         required time                          0.542    <hidden>
                         arrival time                           1.107    <hidden>
  -------------------------------------------------------------------
                         slack                                  1.649    <hidden>





--------------------------------------------------------------------------------------
Path Group:  (none)
From Clock:  core_clk_40
  To Clock:

Max Delay             4 Endpoints
Min Delay             4 Endpoints
--------------------------------------------------------------------------------------


Max Delay Paths
--------------------------------------------------------------------------------------
Slack:                    inf
  Source:                 u_soc/led_q_reg[2]/C
                            (rising edge-triggered cell FDCE clocked by core_clk_40  {rise@0.000ns fall@12.500ns period=25.000ns})
  Destination:            led[2]
                            (output port)
  Path Group:             (none)
  Path Type:              Max at Slow Process Corner
  Data Path Delay:        8.179ns  (logic 4.028ns (49.252%)  route 4.151ns (50.748%))
  Logic Levels:           1  (OBUF=1)
  Clock Uncertainty:      0.175ns  ((TSJ^2 + DJ^2)^1/2) / 2 + PE
    Total System Jitter     (TSJ):    0.050ns
    Discrete Jitter          (DJ):    0.147ns
    Phase Error              (PE):    0.097ns
  Timing Exception:       False Path

    Location             Delay type                Incr(ns)  Path(ns)    Netlist Resource(s)
  -------------------------------------------------------------------    -------------------
                         (clock core_clk_40 rise edge)
                                                      0.000     0.000 r  <hidden>
    H16                                               0.000     0.000 r  clk
                         net (fo=0)                   0.000     0.000    clk
    H16                  IBUF (Prop_ibuf_I_O)         1.451     1.451 r  clk_IBUF_inst/O
                         net (fo=1, routed)           1.285     2.736    clk_IBUF
    MMCME2_ADV_X1Y2      MMCME2_ADV (Prop_mmcme2_adv_CLKIN1_CLKOUT0)
                                                     -7.759    -5.023 r  u_mmcm/CLKOUT0
                         net (fo=1, routed)           2.206    -2.817    clk_40_raw
    BUFGCTRL_X0Y16       BUFG (Prop_bufg_I_O)         0.101    -2.716 r  u_core_clk_bufg/O
                         net (fo=4632, routed)        1.704    -1.012    u_soc/clk_40
    SLICE_X64Y68         FDCE                                         r  u_soc/led_q_reg[2]/C
  -------------------------------------------------------------------    -------------------
    SLICE_X64Y68         FDCE (Prop_fdce_C_Q)         0.456    -0.556 r  u_soc/led_q_reg[2]/Q
                         net (fo=1, routed)           4.151     3.594    led_OBUF[2]
    N16                  OBUF (Prop_obuf_I_O)         3.572     7.167 r  led_OBUF[2]_inst/O
                         net (fo=0)                   0.000     7.167    led[2]
    N16                                                               r  led[2]
  -------------------------------------------------------------------    -------------------





Min Delay Paths
--------------------------------------------------------------------------------------
Slack:                    inf
  Source:                 u_soc/led_q_reg[0]/C
                            (rising edge-triggered cell FDCE clocked by core_clk_40  {rise@0.000ns fall@12.500ns period=25.000ns})
  Destination:            led[0]
                            (output port)
  Path Group:             (none)
  Path Type:              Min at Fast Process Corner
  Data Path Delay:        2.708ns  (logic 1.372ns (50.661%)  route 1.336ns (49.339%))
  Logic Levels:           1  (OBUF=1)
  Clock Uncertainty:      0.175ns  ((TSJ^2 + DJ^2)^1/2) / 2 + PE
    Total System Jitter     (TSJ):    0.050ns
    Discrete Jitter          (DJ):    0.147ns
    Phase Error              (PE):    0.097ns
  Timing Exception:       False Path

    Location             Delay type                Incr(ns)  Path(ns)    Netlist Resource(s)
  -------------------------------------------------------------------    -------------------
                         (clock core_clk_40 rise edge)
                                                      0.000     0.000 r  <hidden>
    H16                                               0.000     0.000 r  clk
                         net (fo=0)                   0.000     0.000    clk
    H16                  IBUF (Prop_ibuf_I_O)         0.219     0.219 r  clk_IBUF_inst/O
                         net (fo=1, routed)           0.440     0.659    clk_IBUF
    MMCME2_ADV_X1Y2      MMCME2_ADV (Prop_mmcme2_adv_CLKIN1_CLKOUT0)
                                                     -2.613    -1.954 r  u_mmcm/CLKOUT0
                         net (fo=1, routed)           0.696    -1.257    clk_40_raw
    BUFGCTRL_X0Y16       BUFG (Prop_bufg_I_O)         0.026    -1.231 r  u_core_clk_bufg/O
                         net (fo=4632, routed)        0.572    -0.659    u_soc/clk_40
    SLICE_X64Y68         FDCE                                         r  u_soc/led_q_reg[0]/C
  -------------------------------------------------------------------    -------------------
    SLICE_X64Y68         FDCE (Prop_fdce_C_Q)         0.141    -0.518 r  u_soc/led_q_reg[0]/Q
                         net (fo=1, routed)           1.336     0.817    led_OBUF[0]
    R14                  OBUF (Prop_obuf_I_O)         1.231     2.048 r  led_OBUF[0]_inst/O
                         net (fo=0)                   0.000     2.048    led[0]
    R14                                                               r  led[0]
  -------------------------------------------------------------------    -------------------





--------------------------------------------------------------------------------------
Path Group:  (none)
From Clock:
  To Clock:  core_clk_40

Max Delay             2 Endpoints
Min Delay             2 Endpoints
--------------------------------------------------------------------------------------


Max Delay Paths
--------------------------------------------------------------------------------------
Slack:                    inf
  Source:                 btn0
                            (input port)
  Destination:            reset_pipe_reg[0]/PRE
                            (recovery check against rising-edge clock core_clk_40  {rise@0.000ns fall@12.500ns period=25.000ns})
  Path Group:             (none)
  Path Type:              Recovery (Max at Slow Process Corner)
  Data Path Delay:        4.593ns  (logic 1.587ns (34.563%)  route 3.005ns (65.437%))
  Logic Levels:           2  (IBUF=1 LUT2=1)
  Clock Path Skew:        -1.309ns (DCD - SCD + CPR)
    Destination Clock Delay (DCD):    -1.309ns
    Source Clock Delay      (SCD):    0.000ns
    Clock Pessimism Removal (CPR):    0.000ns
  Clock Uncertainty:      0.175ns  ((TSJ^2 + DJ^2)^1/2) / 2 + PE
    Total System Jitter     (TSJ):    0.050ns
    Discrete Jitter          (DJ):    0.147ns
    Phase Error              (PE):    0.097ns
  Timing Exception:       False Path

    Location             Delay type                Incr(ns)  Path(ns)    Netlist Resource(s)
  -------------------------------------------------------------------    -------------------
    D19                                               0.000     0.000 f  btn0
                         net (fo=0)                   0.000     0.000    btn0
    D19                  IBUF (Prop_ibuf_I_O)         1.463     1.463 f  btn0_IBUF_inst/O
                         net (fo=2, routed)           2.478     3.941    btn0_IBUF
    SLICE_X113Y105       LUT2 (Prop_lut2_I0_O)        0.124     4.065 f  reset_pipe[1]_i_1/O
                         net (fo=2, routed)           0.528     4.593    reset_async
    SLICE_X112Y105       FDPE                                         f  reset_pipe_reg[0]/PRE
  -------------------------------------------------------------------    -------------------

                         (clock core_clk_40 rise edge)
                                                      0.000     0.000 r  <hidden>
    H16                                               0.000     0.000 r  clk
                         net (fo=0)                   0.000     0.000    clk
    H16                  IBUF (Prop_ibuf_I_O)         1.380     1.380 r  clk_IBUF_inst/O
                         net (fo=1, routed)           1.162     2.542    clk_IBUF
    MMCME2_ADV_X1Y2      MMCME2_ADV (Prop_mmcme2_adv_CLKIN1_CLKOUT0)
                                                     -7.814    -5.272 r  u_mmcm/CLKOUT0
                         net (fo=1, routed)           2.012    -3.260    clk_40_raw
    BUFGCTRL_X0Y16       BUFG (Prop_bufg_I_O)         0.091    -3.169 r  u_core_clk_bufg/O
                         net (fo=4632, routed)        1.860    -1.309    clk_40
    SLICE_X112Y105       FDPE                                         r  reset_pipe_reg[0]/C





Min Delay Paths
--------------------------------------------------------------------------------------
Slack:                    inf
  Source:                 btn0
                            (input port)
  Destination:            reset_pipe_reg[0]/PRE
                            (removal check against rising-edge clock core_clk_40  {rise@0.000ns fall@12.500ns period=25.000ns})
  Path Group:             (none)
  Path Type:              Removal (Min at Fast Process Corner)
  Data Path Delay:        1.445ns  (logic 0.276ns (19.132%)  route 1.168ns (80.868%))
  Logic Levels:           2  (IBUF=1 LUT2=1)
  Clock Path Skew:        -0.746ns (DCD - SCD - CPR)
    Destination Clock Delay (DCD):    -0.746ns
    Source Clock Delay      (SCD):    0.000ns
    Clock Pessimism Removal (CPR):    -0.000ns
  Timing Exception:       False Path

    Location             Delay type                Incr(ns)  Path(ns)    Netlist Resource(s)
  -------------------------------------------------------------------    -------------------
    D19                                               0.000     0.000 f  btn0
                         net (fo=0)                   0.000     0.000    btn0
    D19                  IBUF (Prop_ibuf_I_O)         0.231     0.231 f  btn0_IBUF_inst/O
                         net (fo=2, routed)           0.996     1.227    btn0_IBUF
    SLICE_X113Y105       LUT2 (Prop_lut2_I0_O)        0.045     1.272 f  reset_pipe[1]_i_1/O
                         net (fo=2, routed)           0.173     1.445    reset_async
    SLICE_X112Y105       FDPE                                         f  reset_pipe_reg[0]/PRE
  -------------------------------------------------------------------    -------------------

                         (clock core_clk_40 rise edge)
                                                      0.000     0.000 r  <hidden>
    H16                                               0.000     0.000 r  clk
                         net (fo=0)                   0.000     0.000    clk
    H16                  IBUF (Prop_ibuf_I_O)         0.406     0.406 r  clk_IBUF_inst/O
                         net (fo=1, routed)           0.480     0.886    clk_IBUF
    MMCME2_ADV_X1Y2      MMCME2_ADV (Prop_mmcme2_adv_CLKIN1_CLKOUT0)
                                                     -3.407    -2.521 r  u_mmcm/CLKOUT0
                         net (fo=1, routed)           0.752    -1.769    clk_40_raw
    BUFGCTRL_X0Y16       BUFG (Prop_bufg_I_O)         0.029    -1.740 r  u_core_clk_bufg/O
                         net (fo=4632, routed)        0.994    -0.746    clk_40
    SLICE_X112Y105       FDPE                                         r  reset_pipe_reg[0]/C





--------------------------------------------------------------------------------------
Path Group:  (none)
From Clock:
  To Clock:  core_clk_40

Max Delay             2 Endpoints
Min Delay             2 Endpoints
--------------------------------------------------------------------------------------


Max Delay Paths
--------------------------------------------------------------------------------------
Slack:                    inf
  Source:                 u_mmcm/LOCKED
                            (internal pin)
  Destination:            reset_pipe_reg[0]/PRE
                            (recovery check against rising-edge clock core_clk_40  {rise@0.000ns fall@12.500ns period=25.000ns})
  Path Group:             (none)
  Path Type:              Recovery (Max at Slow Process Corner)
  Data Path Delay:        1.562ns  (logic 0.124ns (7.941%)  route 1.438ns (92.059%))
  Logic Levels:           1  (LUT2=1)
  Clock Uncertainty:      0.175ns  ((TSJ^2 + DJ^2)^1/2) / 2 + PE
    Total System Jitter     (TSJ):    0.050ns
    Discrete Jitter          (DJ):    0.147ns
    Phase Error              (PE):    0.097ns

    Location             Delay type                Incr(ns)  Path(ns)    Netlist Resource(s)
  -------------------------------------------------------------------    -------------------
    MMCME2_ADV_X1Y2      MMCME2_ADV                   0.000     0.000 r  u_mmcm/LOCKED
                         net (fo=1, routed)           0.910     0.910    mmcm_locked
    SLICE_X113Y105       LUT2 (Prop_lut2_I1_O)        0.124     1.034 f  reset_pipe[1]_i_1/O
                         net (fo=2, routed)           0.528     1.562    reset_async
    SLICE_X112Y105       FDPE                                         f  reset_pipe_reg[0]/PRE
  -------------------------------------------------------------------    -------------------

                         (clock core_clk_40 rise edge)
                                                      0.000     0.000 r  <hidden>
    H16                                               0.000     0.000 r  clk
                         net (fo=0)                   0.000     0.000    clk
    H16                  IBUF (Prop_ibuf_I_O)         1.380     1.380 r  clk_IBUF_inst/O
                         net (fo=1, routed)           1.162     2.542    clk_IBUF
    MMCME2_ADV_X1Y2      MMCME2_ADV (Prop_mmcme2_adv_CLKIN1_CLKOUT0)
                                                     -7.814    -5.272 r  u_mmcm/CLKOUT0
                         net (fo=1, routed)           2.012    -3.260    clk_40_raw
    BUFGCTRL_X0Y16       BUFG (Prop_bufg_I_O)         0.091    -3.169 r  u_core_clk_bufg/O
                         net (fo=4632, routed)        1.860    -1.309    clk_40
    SLICE_X112Y105       FDPE                                         r  reset_pipe_reg[0]/C





Min Delay Paths
--------------------------------------------------------------------------------------
Slack:                    inf
  Source:                 u_mmcm/LOCKED
                            (internal pin)
  Destination:            reset_pipe_reg[0]/PRE
                            (removal check against rising-edge clock core_clk_40  {rise@0.000ns fall@12.500ns period=25.000ns})
  Path Group:             (none)
  Path Type:              Removal (Min at Fast Process Corner)
  Data Path Delay:        0.596ns  (logic 0.045ns (7.556%)  route 0.551ns (92.444%))
  Logic Levels:           1  (LUT2=1)
  Clock Uncertainty:      0.175ns  ((TSJ^2 + DJ^2)^1/2) / 2 + PE
    Total System Jitter     (TSJ):    0.050ns
    Discrete Jitter          (DJ):    0.147ns
    Phase Error              (PE):    0.097ns

    Location             Delay type                Incr(ns)  Path(ns)    Netlist Resource(s)
  -------------------------------------------------------------------    -------------------
    MMCME2_ADV_X1Y2      MMCME2_ADV                   0.000     0.000 r  u_mmcm/LOCKED
                         net (fo=1, routed)           0.378     0.378    mmcm_locked
    SLICE_X113Y105       LUT2 (Prop_lut2_I1_O)        0.045     0.423 f  reset_pipe[1]_i_1/O
                         net (fo=2, routed)           0.173     0.596    reset_async
    SLICE_X112Y105       FDPE                                         f  reset_pipe_reg[0]/PRE
  -------------------------------------------------------------------    -------------------

                         (clock core_clk_40 rise edge)
                                                      0.000     0.000 r  <hidden>
    H16                                               0.000     0.000 r  clk
                         net (fo=0)                   0.000     0.000    clk
    H16                  IBUF (Prop_ibuf_I_O)         0.406     0.406 r  clk_IBUF_inst/O
                         net (fo=1, routed)           0.480     0.886    clk_IBUF
    MMCME2_ADV_X1Y2      MMCME2_ADV (Prop_mmcme2_adv_CLKIN1_CLKOUT0)
                                                     -3.407    -2.521 r  u_mmcm/CLKOUT0
                         net (fo=1, routed)           0.752    -1.769    clk_40_raw
    BUFGCTRL_X0Y16       BUFG (Prop_bufg_I_O)         0.029    -1.740 r  u_core_clk_bufg/O
                         net (fo=4632, routed)        0.994    -0.746    clk_40
    SLICE_X112Y105       FDPE                                         r  reset_pipe_reg[0]/C
