Copyright 1986-2022 Xilinx, Inc. All Rights Reserved. Copyright 2022-2026 Advanced Micro Devices, Inc. All Rights Reserved.
-------------------------------------------------------------------------------------------------------------------------------------------------------
| Tool Version : Vivado v.2026.1 (win64) Build 6511674 Tue Jun 16 11:02:23 MDT 2026
| Date         : Mon Sep 28 13:56:09 2026
| Host         : never-die-cold running 64-bit major release  (build 9200)
| Command      : report_timing -delay_type max -max_paths 10 -sort_by group -file E:/Projects/FPGA-Alittle-Design/build/reports/timing_worst_paths.rpt
| Design       : core_top
| Device       : 7z020-clg400
| Speed File   : -1  PRODUCTION 1.12 2019-11-22
| Design State : Routed
-------------------------------------------------------------------------------------------------------------------------------------------------------

Timing Report

Slack (VIOLATED) :        -1.935ns  (required time - arrival time)
  Source:                 u_if_stage/flush_q_reg/C
                            (rising edge-triggered cell FDPE clocked by sys_clk  {rise@0.000ns fall@5.000ns period=10.000ns})
  Destination:            u_pc/pc_reg[24]/D
                            (rising edge-triggered cell FDCE clocked by sys_clk  {rise@0.000ns fall@5.000ns period=10.000ns})
  Path Group:             sys_clk
  Path Type:              Setup (Max at Slow Process Corner)
  Requirement:            10.000ns  (sys_clk rise@10.000ns - sys_clk rise@0.000ns)
  Data Path Delay:        11.876ns  (logic 2.331ns (19.628%)  route 9.545ns (80.372%))
  Logic Levels:           13  (LUT4=2 LUT5=1 LUT6=8 MUXF7=1 RAMD32=1)
  Clock Path Skew:        -0.054ns (DCD - SCD + CPR)
    Destination Clock Delay (DCD):    1.482ns = ( 11.482 - 10.000 )
    Source Clock Delay      (SCD):    1.651ns
    Clock Pessimism Removal (CPR):    0.115ns
  Clock Uncertainty:      0.035ns  ((TSJ^2 + TIJ^2)^1/2 + DJ) / 2 + PE
    Total System Jitter     (TSJ):    0.071ns
    Total Input Jitter      (TIJ):    0.000ns
    Discrete Jitter          (DJ):    0.000ns
    Phase Error              (PE):    0.000ns

    Location             Delay type                Incr(ns)  Path(ns)    Netlist Resource(s)
  -------------------------------------------------------------------    -------------------
                         (clock sys_clk rise edge)    0.000     0.000 r  <hidden>
                                                      0.000     0.000 r  clk
                         net (fo=488, unset)          1.651     1.651    u_if_stage/clk
    SLICE_X41Y22         FDPE                                         r  u_if_stage/flush_q_reg/C
  -------------------------------------------------------------------    -------------------
    SLICE_X41Y22         FDPE (Prop_fdpe_C_Q)         0.456     2.107 f  u_if_stage/flush_q_reg/Q
                         net (fo=98, routed)          0.794     2.901    u_if_stage/flush_q
    SLICE_X40Y26         LUT4 (Prop_lut4_I2_O)        0.124     3.025 r  u_if_stage/dmem_wdata[4]_INST_0_i_3/O
                         net (fo=43, routed)          1.229     4.254    u_regfile/regs_reg_r2_0_31_0_5/ADDRB0
    SLICE_X42Y27         RAMD32 (Prop_ramd32_RADR0_O)
                                                      0.124     4.378 r  u_regfile/regs_reg_r2_0_31_0_5/RAMB_D1/O
                         net (fo=6, routed)           0.327     4.705    u_regfile/rdata20[3]
    SLICE_X45Y28         LUT6 (Prop_lut6_I0_O)        0.124     4.829 r  u_regfile/dmem_wdata[3]_INST_0/O
                         net (fo=2, routed)           0.655     5.484    u_if_stage/dmem_wdata[3]
    SLICE_X45Y26         LUT6 (Prop_lut6_I0_O)        0.124     5.608 r  u_if_stage/dmem_addr[3]_INST_0_i_12/O
                         net (fo=116, routed)         1.662     7.270    u_if_stage/alu_b[3]
    SLICE_X41Y33         LUT6 (Prop_lut6_I2_O)        0.124     7.394 f  u_if_stage/dmem_addr[0]_INST_0_i_27/O
                         net (fo=1, routed)           0.756     8.150    u_if_stage/dmem_addr[0]_INST_0_i_27_n_0
    SLICE_X43Y33         LUT6 (Prop_lut6_I5_O)        0.124     8.274 f  u_if_stage/dmem_addr[0]_INST_0_i_10/O
                         net (fo=2, routed)           0.577     8.852    u_if_stage/dmem_addr[0]_INST_0_i_10_n_0
    SLICE_X40Y33         LUT5 (Prop_lut5_I4_O)        0.124     8.976 f  u_if_stage/dmem_addr[0]_INST_0_i_3/O
                         net (fo=1, routed)           0.574     9.549    u_if_stage/dmem_addr[0]_INST_0_i_3_n_0
    SLICE_X40Y32         LUT6 (Prop_lut6_I0_O)        0.124     9.673 f  u_if_stage/dmem_addr[0]_INST_0_i_1/O
                         net (fo=1, routed)           0.000     9.673    u_if_stage/dmem_addr[0]_INST_0_i_1_n_0
    SLICE_X40Y32         MUXF7 (Prop_muxf7_I0_O)      0.212     9.885 f  u_if_stage/dmem_addr[0]_INST_0/O
                         net (fo=14, routed)          0.920    10.805    u_if_stage/dmem_addr[0]
    SLICE_X42Y22         LUT4 (Prop_lut4_I1_O)        0.299    11.104 f  u_if_stage/pc[31]_i_25/O
                         net (fo=1, routed)           0.960    12.064    u_if_stage/pc[31]_i_25_n_0
    SLICE_X45Y22         LUT6 (Prop_lut6_I5_O)        0.124    12.188 r  u_if_stage/pc[31]_i_14/O
                         net (fo=1, routed)           0.298    12.486    u_if_stage/alu_zero
    SLICE_X43Y22         LUT6 (Prop_lut6_I0_O)        0.124    12.610 r  u_if_stage/pc[31]_i_6/O
                         net (fo=33, routed)          0.793    13.403    u_if_stage/branch_taken
    SLICE_X45Y21         LUT6 (Prop_lut6_I2_O)        0.124    13.527 r  u_if_stage/pc[24]_i_1/O
                         net (fo=1, routed)           0.000    13.527    u_pc/pc_reg[31]_1[24]
    SLICE_X45Y21         FDCE                                         r  u_pc/pc_reg[24]/D
  -------------------------------------------------------------------    -------------------

                         (clock sys_clk rise edge)   10.000    10.000 r  <hidden>
                                                      0.000    10.000 r  clk
                         net (fo=488, unset)          1.482    11.482    u_pc/clk
    SLICE_X45Y21         FDCE                                         r  u_pc/pc_reg[24]/C
                         clock pessimism              0.115    11.597    <hidden>
                         clock uncertainty           -0.035    11.562    <hidden>
    SLICE_X45Y21         FDCE (Setup_fdce_C_D)        0.031    11.593    u_pc/pc_reg[24]
  -------------------------------------------------------------------
                         required time                         11.593    <hidden>
                         arrival time                         -13.527    <hidden>
  -------------------------------------------------------------------
                         slack                                 -1.935    <hidden>

Slack (VIOLATED) :        -1.822ns  (required time - arrival time)
  Source:                 u_if_stage/stall_q_reg/C
                            (rising edge-triggered cell FDCE clocked by sys_clk  {rise@0.000ns fall@5.000ns period=10.000ns})
  Destination:            u_regfile/regs_reg_r1_0_31_18_23/RAMC_D1/I
                            (rising edge-triggered cell RAMD32 clocked by sys_clk  {rise@0.000ns fall@5.000ns period=10.000ns})
  Path Group:             sys_clk
  Path Type:              Setup (Max at Slow Process Corner)
  Requirement:            10.000ns  (sys_clk rise@10.000ns - sys_clk rise@0.000ns)
  Data Path Delay:        11.488ns  (logic 2.540ns (22.111%)  route 8.948ns (77.889%))
  Logic Levels:           13  (LUT4=2 LUT5=2 LUT6=6 MUXF7=1 MUXF8=1 RAMD32=1)
  Clock Path Skew:        -0.050ns (DCD - SCD + CPR)
    Destination Clock Delay (DCD):    1.485ns = ( 11.485 - 10.000 )
    Source Clock Delay      (SCD):    1.650ns
    Clock Pessimism Removal (CPR):    0.115ns
  Clock Uncertainty:      0.035ns  ((TSJ^2 + TIJ^2)^1/2 + DJ) / 2 + PE
    Total System Jitter     (TSJ):    0.071ns
    Total Input Jitter      (TIJ):    0.000ns
    Discrete Jitter          (DJ):    0.000ns
    Phase Error              (PE):    0.000ns

    Location             Delay type                Incr(ns)  Path(ns)    Netlist Resource(s)
  -------------------------------------------------------------------    -------------------
                         (clock sys_clk rise edge)    0.000     0.000 r  <hidden>
                                                      0.000     0.000 r  clk
                         net (fo=488, unset)          1.650     1.650    u_if_stage/clk
    SLICE_X40Y26         FDCE                                         r  u_if_stage/stall_q_reg/C
  -------------------------------------------------------------------    -------------------
    SLICE_X40Y26         FDCE (Prop_fdce_C_Q)         0.456     2.106 r  u_if_stage/stall_q_reg/Q
                         net (fo=66, routed)          0.949     3.055    u_if_stage/stall_q
    SLICE_X37Y27         LUT4 (Prop_lut4_I3_O)        0.124     3.179 r  u_if_stage/regs_reg_r1_0_31_0_5_i_10/O
                         net (fo=35, routed)          1.199     4.378    u_regfile/regs_reg_r1_0_31_24_29/ADDRA2
    SLICE_X34Y31         RAMD32 (Prop_ramd32_RADR2_O)
                                                      0.148     4.526 r  u_regfile/regs_reg_r1_0_31_24_29/RAMA/O
                         net (fo=3, routed)           0.920     5.446    u_if_stage/rdata10[24]
    SLICE_X40Y29         LUT5 (Prop_lut5_I3_O)        0.328     5.774 r  u_if_stage/dmem_addr[24]_INST_0_i_8/O
                         net (fo=21, routed)          1.125     6.899    u_if_stage/alu_a[24]
    SLICE_X45Y23         LUT5 (Prop_lut5_I2_O)        0.124     7.023 r  u_if_stage/dmem_addr[8]_INST_0_i_13/O
                         net (fo=4, routed)           0.999     8.022    u_if_stage/dmem_addr[8]_INST_0_i_13_n_0
    SLICE_X36Y23         LUT6 (Prop_lut6_I0_O)        0.124     8.146 r  u_if_stage/dmem_addr[2]_INST_0_i_11/O
                         net (fo=2, routed)           0.602     8.748    u_if_stage/dmem_addr[2]_INST_0_i_11_n_0
    SLICE_X36Y24         LUT6 (Prop_lut6_I0_O)        0.124     8.872 r  u_if_stage/dmem_addr[1]_INST_0_i_8/O
                         net (fo=1, routed)           0.000     8.872    u_if_stage/dmem_addr[1]_INST_0_i_8_n_0
    SLICE_X36Y24         MUXF7 (Prop_muxf7_I0_O)      0.209     9.081 r  u_if_stage/dmem_addr[1]_INST_0_i_5/O
                         net (fo=1, routed)           0.000     9.081    u_if_stage/dmem_addr[1]_INST_0_i_5_n_0
    SLICE_X36Y24         MUXF8 (Prop_muxf8_I1_O)      0.088     9.169 r  u_if_stage/dmem_addr[1]_INST_0_i_2/O
                         net (fo=1, routed)           0.338     9.506    u_if_stage/dmem_addr[1]_INST_0_i_2_n_0
    SLICE_X36Y25         LUT6 (Prop_lut6_I5_O)        0.319     9.825 r  u_if_stage/dmem_addr[1]_INST_0/O
                         net (fo=32, routed)          0.920    10.745    u_if_stage/dmem_addr[1]_INST_0_i_2_0
    SLICE_X37Y31         LUT6 (Prop_lut6_I4_O)        0.124    10.869 r  u_if_stage/regs_reg_r1_0_31_6_11_i_14/O
                         net (fo=2, routed)           0.302    11.171    u_if_stage/regs_reg_r1_0_31_6_11_i_14_n_0
    SLICE_X37Y32         LUT4 (Prop_lut4_I3_O)        0.124    11.295 r  u_if_stage/regs_reg_r1_0_31_6_11_i_16/O
                         net (fo=9, routed)           0.205    11.500    u_if_stage/regs_reg_r1_0_31_6_11_i_16_n_0
    SLICE_X37Y32         LUT6 (Prop_lut6_I5_O)        0.124    11.624 r  u_if_stage/regs_reg_r1_0_31_12_17_i_13/O
                         net (fo=16, routed)          0.773    12.397    u_if_stage/regs_reg_r1_0_31_12_17_i_13_n_0
    SLICE_X37Y31         LUT6 (Prop_lut6_I1_O)        0.124    12.521 r  u_if_stage/regs_reg_r1_0_31_18_23_i_5/O
                         net (fo=2, routed)           0.617    13.138    u_regfile/regs_reg_r1_0_31_18_23/DIC1
    SLICE_X38Y31         RAMD32                                       r  u_regfile/regs_reg_r1_0_31_18_23/RAMC_D1/I
  -------------------------------------------------------------------    -------------------

                         (clock sys_clk rise edge)   10.000    10.000 r  <hidden>
                                                      0.000    10.000 r  clk
                         net (fo=488, unset)          1.485    11.485    u_regfile/regs_reg_r1_0_31_18_23/WCLK
    SLICE_X38Y31         RAMD32                                       r  u_regfile/regs_reg_r1_0_31_18_23/RAMC_D1/CLK
                         clock pessimism              0.115    11.600    <hidden>
                         clock uncertainty           -0.035    11.565    <hidden>
    SLICE_X38Y31         RAMD32 (Setup_ramd32_CLK_I)
                                                     -0.249    11.316    u_regfile/regs_reg_r1_0_31_18_23/RAMC_D1
  -------------------------------------------------------------------
                         required time                         11.316    <hidden>
                         arrival time                         -13.138    <hidden>
  -------------------------------------------------------------------
                         slack                                 -1.822    <hidden>

Slack (VIOLATED) :        -1.793ns  (required time - arrival time)
  Source:                 u_if_stage/flush_q_reg/C
                            (rising edge-triggered cell FDPE clocked by sys_clk  {rise@0.000ns fall@5.000ns period=10.000ns})
  Destination:            u_pc/pc_reg[6]/D
                            (rising edge-triggered cell FDCE clocked by sys_clk  {rise@0.000ns fall@5.000ns period=10.000ns})
  Path Group:             sys_clk
  Path Type:              Setup (Max at Slow Process Corner)
  Requirement:            10.000ns  (sys_clk rise@10.000ns - sys_clk rise@0.000ns)
  Data Path Delay:        11.733ns  (logic 2.331ns (19.867%)  route 9.402ns (80.133%))
  Logic Levels:           13  (LUT4=2 LUT5=1 LUT6=8 MUXF7=1 RAMD32=1)
  Clock Path Skew:        -0.055ns (DCD - SCD + CPR)
    Destination Clock Delay (DCD):    1.481ns = ( 11.481 - 10.000 )
    Source Clock Delay      (SCD):    1.651ns
    Clock Pessimism Removal (CPR):    0.115ns
  Clock Uncertainty:      0.035ns  ((TSJ^2 + TIJ^2)^1/2 + DJ) / 2 + PE
    Total System Jitter     (TSJ):    0.071ns
    Total Input Jitter      (TIJ):    0.000ns
    Discrete Jitter          (DJ):    0.000ns
    Phase Error              (PE):    0.000ns

    Location             Delay type                Incr(ns)  Path(ns)    Netlist Resource(s)
  -------------------------------------------------------------------    -------------------
                         (clock sys_clk rise edge)    0.000     0.000 r  <hidden>
                                                      0.000     0.000 r  clk
                         net (fo=488, unset)          1.651     1.651    u_if_stage/clk
    SLICE_X41Y22         FDPE                                         r  u_if_stage/flush_q_reg/C
  -------------------------------------------------------------------    -------------------
    SLICE_X41Y22         FDPE (Prop_fdpe_C_Q)         0.456     2.107 f  u_if_stage/flush_q_reg/Q
                         net (fo=98, routed)          0.794     2.901    u_if_stage/flush_q
    SLICE_X40Y26         LUT4 (Prop_lut4_I2_O)        0.124     3.025 r  u_if_stage/dmem_wdata[4]_INST_0_i_3/O
                         net (fo=43, routed)          1.229     4.254    u_regfile/regs_reg_r2_0_31_0_5/ADDRB0
    SLICE_X42Y27         RAMD32 (Prop_ramd32_RADR0_O)
                                                      0.124     4.378 r  u_regfile/regs_reg_r2_0_31_0_5/RAMB_D1/O
                         net (fo=6, routed)           0.327     4.705    u_regfile/rdata20[3]
    SLICE_X45Y28         LUT6 (Prop_lut6_I0_O)        0.124     4.829 r  u_regfile/dmem_wdata[3]_INST_0/O
                         net (fo=2, routed)           0.655     5.484    u_if_stage/dmem_wdata[3]
    SLICE_X45Y26         LUT6 (Prop_lut6_I0_O)        0.124     5.608 r  u_if_stage/dmem_addr[3]_INST_0_i_12/O
                         net (fo=116, routed)         1.662     7.270    u_if_stage/alu_b[3]
    SLICE_X41Y33         LUT6 (Prop_lut6_I2_O)        0.124     7.394 f  u_if_stage/dmem_addr[0]_INST_0_i_27/O
                         net (fo=1, routed)           0.756     8.150    u_if_stage/dmem_addr[0]_INST_0_i_27_n_0
    SLICE_X43Y33         LUT6 (Prop_lut6_I5_O)        0.124     8.274 f  u_if_stage/dmem_addr[0]_INST_0_i_10/O
                         net (fo=2, routed)           0.577     8.852    u_if_stage/dmem_addr[0]_INST_0_i_10_n_0
    SLICE_X40Y33         LUT5 (Prop_lut5_I4_O)        0.124     8.976 f  u_if_stage/dmem_addr[0]_INST_0_i_3/O
                         net (fo=1, routed)           0.574     9.549    u_if_stage/dmem_addr[0]_INST_0_i_3_n_0
    SLICE_X40Y32         LUT6 (Prop_lut6_I0_O)        0.124     9.673 f  u_if_stage/dmem_addr[0]_INST_0_i_1/O
                         net (fo=1, routed)           0.000     9.673    u_if_stage/dmem_addr[0]_INST_0_i_1_n_0
    SLICE_X40Y32         MUXF7 (Prop_muxf7_I0_O)      0.212     9.885 f  u_if_stage/dmem_addr[0]_INST_0/O
                         net (fo=14, routed)          0.920    10.805    u_if_stage/dmem_addr[0]
    SLICE_X42Y22         LUT4 (Prop_lut4_I1_O)        0.299    11.104 f  u_if_stage/pc[31]_i_25/O
                         net (fo=1, routed)           0.960    12.064    u_if_stage/pc[31]_i_25_n_0
    SLICE_X45Y22         LUT6 (Prop_lut6_I5_O)        0.124    12.188 r  u_if_stage/pc[31]_i_14/O
                         net (fo=1, routed)           0.298    12.486    u_if_stage/alu_zero
    SLICE_X43Y22         LUT6 (Prop_lut6_I0_O)        0.124    12.610 r  u_if_stage/pc[31]_i_6/O
                         net (fo=33, routed)          0.650    13.260    u_if_stage/branch_taken
    SLICE_X37Y22         LUT6 (Prop_lut6_I2_O)        0.124    13.384 r  u_if_stage/pc[6]_i_1/O
                         net (fo=1, routed)           0.000    13.384    u_pc/pc_reg[31]_1[6]
    SLICE_X37Y22         FDCE                                         r  u_pc/pc_reg[6]/D
  -------------------------------------------------------------------    -------------------

                         (clock sys_clk rise edge)   10.000    10.000 r  <hidden>
                                                      0.000    10.000 r  clk
                         net (fo=488, unset)          1.481    11.481    u_pc/clk
    SLICE_X37Y22         FDCE                                         r  u_pc/pc_reg[6]/C
                         clock pessimism              0.115    11.596    <hidden>
                         clock uncertainty           -0.035    11.561    <hidden>
    SLICE_X37Y22         FDCE (Setup_fdce_C_D)        0.031    11.592    u_pc/pc_reg[6]
  -------------------------------------------------------------------
                         required time                         11.592    <hidden>
                         arrival time                         -13.384    <hidden>
  -------------------------------------------------------------------
                         slack                                 -1.793    <hidden>

Slack (VIOLATED) :        -1.787ns  (required time - arrival time)
  Source:                 u_if_stage/stall_q_reg/C
                            (rising edge-triggered cell FDCE clocked by sys_clk  {rise@0.000ns fall@5.000ns period=10.000ns})
  Destination:            u_regfile/regs_reg_r1_0_31_18_23/RAMB/I
                            (rising edge-triggered cell RAMD32 clocked by sys_clk  {rise@0.000ns fall@5.000ns period=10.000ns})
  Path Group:             sys_clk
  Path Type:              Setup (Max at Slow Process Corner)
  Requirement:            10.000ns  (sys_clk rise@10.000ns - sys_clk rise@0.000ns)
  Data Path Delay:        11.516ns  (logic 2.540ns (22.056%)  route 8.976ns (77.944%))
  Logic Levels:           13  (LUT4=2 LUT5=2 LUT6=6 MUXF7=1 MUXF8=1 RAMD32=1)
  Clock Path Skew:        -0.050ns (DCD - SCD + CPR)
    Destination Clock Delay (DCD):    1.485ns = ( 11.485 - 10.000 )
    Source Clock Delay      (SCD):    1.650ns
    Clock Pessimism Removal (CPR):    0.115ns
  Clock Uncertainty:      0.035ns  ((TSJ^2 + TIJ^2)^1/2 + DJ) / 2 + PE
    Total System Jitter     (TSJ):    0.071ns
    Total Input Jitter      (TIJ):    0.000ns
    Discrete Jitter          (DJ):    0.000ns
    Phase Error              (PE):    0.000ns

    Location             Delay type                Incr(ns)  Path(ns)    Netlist Resource(s)
  -------------------------------------------------------------------    -------------------
                         (clock sys_clk rise edge)    0.000     0.000 r  <hidden>
                                                      0.000     0.000 r  clk
                         net (fo=488, unset)          1.650     1.650    u_if_stage/clk
    SLICE_X40Y26         FDCE                                         r  u_if_stage/stall_q_reg/C
  -------------------------------------------------------------------    -------------------
    SLICE_X40Y26         FDCE (Prop_fdce_C_Q)         0.456     2.106 r  u_if_stage/stall_q_reg/Q
                         net (fo=66, routed)          0.949     3.055    u_if_stage/stall_q
    SLICE_X37Y27         LUT4 (Prop_lut4_I3_O)        0.124     3.179 r  u_if_stage/regs_reg_r1_0_31_0_5_i_10/O
                         net (fo=35, routed)          1.199     4.378    u_regfile/regs_reg_r1_0_31_24_29/ADDRA2
    SLICE_X34Y31         RAMD32 (Prop_ramd32_RADR2_O)
                                                      0.148     4.526 r  u_regfile/regs_reg_r1_0_31_24_29/RAMA/O
                         net (fo=3, routed)           0.920     5.446    u_if_stage/rdata10[24]
    SLICE_X40Y29         LUT5 (Prop_lut5_I3_O)        0.328     5.774 r  u_if_stage/dmem_addr[24]_INST_0_i_8/O
                         net (fo=21, routed)          1.125     6.899    u_if_stage/alu_a[24]
    SLICE_X45Y23         LUT5 (Prop_lut5_I2_O)        0.124     7.023 r  u_if_stage/dmem_addr[8]_INST_0_i_13/O
                         net (fo=4, routed)           0.999     8.022    u_if_stage/dmem_addr[8]_INST_0_i_13_n_0
    SLICE_X36Y23         LUT6 (Prop_lut6_I0_O)        0.124     8.146 r  u_if_stage/dmem_addr[2]_INST_0_i_11/O
                         net (fo=2, routed)           0.602     8.748    u_if_stage/dmem_addr[2]_INST_0_i_11_n_0
    SLICE_X36Y24         LUT6 (Prop_lut6_I0_O)        0.124     8.872 r  u_if_stage/dmem_addr[1]_INST_0_i_8/O
                         net (fo=1, routed)           0.000     8.872    u_if_stage/dmem_addr[1]_INST_0_i_8_n_0
    SLICE_X36Y24         MUXF7 (Prop_muxf7_I0_O)      0.209     9.081 r  u_if_stage/dmem_addr[1]_INST_0_i_5/O
                         net (fo=1, routed)           0.000     9.081    u_if_stage/dmem_addr[1]_INST_0_i_5_n_0
    SLICE_X36Y24         MUXF8 (Prop_muxf8_I1_O)      0.088     9.169 r  u_if_stage/dmem_addr[1]_INST_0_i_2/O
                         net (fo=1, routed)           0.338     9.506    u_if_stage/dmem_addr[1]_INST_0_i_2_n_0
    SLICE_X36Y25         LUT6 (Prop_lut6_I5_O)        0.319     9.825 r  u_if_stage/dmem_addr[1]_INST_0/O
                         net (fo=32, routed)          0.920    10.745    u_if_stage/dmem_addr[1]_INST_0_i_2_0
    SLICE_X37Y31         LUT6 (Prop_lut6_I4_O)        0.124    10.869 r  u_if_stage/regs_reg_r1_0_31_6_11_i_14/O
                         net (fo=2, routed)           0.302    11.171    u_if_stage/regs_reg_r1_0_31_6_11_i_14_n_0
    SLICE_X37Y32         LUT4 (Prop_lut4_I3_O)        0.124    11.295 r  u_if_stage/regs_reg_r1_0_31_6_11_i_16/O
                         net (fo=9, routed)           0.205    11.500    u_if_stage/regs_reg_r1_0_31_6_11_i_16_n_0
    SLICE_X37Y32         LUT6 (Prop_lut6_I5_O)        0.124    11.624 r  u_if_stage/regs_reg_r1_0_31_12_17_i_13/O
                         net (fo=16, routed)          0.742    12.366    u_if_stage/regs_reg_r1_0_31_12_17_i_13_n_0
    SLICE_X36Y29         LUT6 (Prop_lut6_I1_O)        0.124    12.490 r  u_if_stage/regs_reg_r1_0_31_18_23_i_4/O
                         net (fo=2, routed)           0.676    13.166    u_regfile/regs_reg_r1_0_31_18_23/DIB0
    SLICE_X38Y31         RAMD32                                       r  u_regfile/regs_reg_r1_0_31_18_23/RAMB/I
  -------------------------------------------------------------------    -------------------

                         (clock sys_clk rise edge)   10.000    10.000 r  <hidden>
                                                      0.000    10.000 r  clk
                         net (fo=488, unset)          1.485    11.485    u_regfile/regs_reg_r1_0_31_18_23/WCLK
    SLICE_X38Y31         RAMD32                                       r  u_regfile/regs_reg_r1_0_31_18_23/RAMB/CLK
                         clock pessimism              0.115    11.600    <hidden>
                         clock uncertainty           -0.035    11.565    <hidden>
    SLICE_X38Y31         RAMD32 (Setup_ramd32_CLK_I)
                                                     -0.185    11.380    u_regfile/regs_reg_r1_0_31_18_23/RAMB
  -------------------------------------------------------------------
                         required time                         11.380    <hidden>
                         arrival time                         -13.166    <hidden>
  -------------------------------------------------------------------
                         slack                                 -1.787    <hidden>

Slack (VIOLATED) :        -1.777ns  (required time - arrival time)
  Source:                 u_if_stage/flush_q_reg/C
                            (rising edge-triggered cell FDPE clocked by sys_clk  {rise@0.000ns fall@5.000ns period=10.000ns})
  Destination:            u_pc/pc_reg[3]/D
                            (rising edge-triggered cell FDCE clocked by sys_clk  {rise@0.000ns fall@5.000ns period=10.000ns})
  Path Group:             sys_clk
  Path Type:              Setup (Max at Slow Process Corner)
  Requirement:            10.000ns  (sys_clk rise@10.000ns - sys_clk rise@0.000ns)
  Data Path Delay:        11.753ns  (logic 2.331ns (19.834%)  route 9.422ns (80.166%))
  Logic Levels:           13  (LUT4=2 LUT5=1 LUT6=8 MUXF7=1 RAMD32=1)
  Clock Path Skew:        -0.021ns (DCD - SCD + CPR)
    Destination Clock Delay (DCD):    1.483ns = ( 11.483 - 10.000 )
    Source Clock Delay      (SCD):    1.651ns
    Clock Pessimism Removal (CPR):    0.147ns
  Clock Uncertainty:      0.035ns  ((TSJ^2 + TIJ^2)^1/2 + DJ) / 2 + PE
    Total System Jitter     (TSJ):    0.071ns
    Total Input Jitter      (TIJ):    0.000ns
    Discrete Jitter          (DJ):    0.000ns
    Phase Error              (PE):    0.000ns

    Location             Delay type                Incr(ns)  Path(ns)    Netlist Resource(s)
  -------------------------------------------------------------------    -------------------
                         (clock sys_clk rise edge)    0.000     0.000 r  <hidden>
                                                      0.000     0.000 r  clk
                         net (fo=488, unset)          1.651     1.651    u_if_stage/clk
    SLICE_X41Y22         FDPE                                         r  u_if_stage/flush_q_reg/C
  -------------------------------------------------------------------    -------------------
    SLICE_X41Y22         FDPE (Prop_fdpe_C_Q)         0.456     2.107 f  u_if_stage/flush_q_reg/Q
                         net (fo=98, routed)          0.794     2.901    u_if_stage/flush_q
    SLICE_X40Y26         LUT4 (Prop_lut4_I2_O)        0.124     3.025 r  u_if_stage/dmem_wdata[4]_INST_0_i_3/O
                         net (fo=43, routed)          1.229     4.254    u_regfile/regs_reg_r2_0_31_0_5/ADDRB0
    SLICE_X42Y27         RAMD32 (Prop_ramd32_RADR0_O)
                                                      0.124     4.378 r  u_regfile/regs_reg_r2_0_31_0_5/RAMB_D1/O
                         net (fo=6, routed)           0.327     4.705    u_regfile/rdata20[3]
    SLICE_X45Y28         LUT6 (Prop_lut6_I0_O)        0.124     4.829 r  u_regfile/dmem_wdata[3]_INST_0/O
                         net (fo=2, routed)           0.655     5.484    u_if_stage/dmem_wdata[3]
    SLICE_X45Y26         LUT6 (Prop_lut6_I0_O)        0.124     5.608 r  u_if_stage/dmem_addr[3]_INST_0_i_12/O
                         net (fo=116, routed)         1.662     7.270    u_if_stage/alu_b[3]
    SLICE_X41Y33         LUT6 (Prop_lut6_I2_O)        0.124     7.394 f  u_if_stage/dmem_addr[0]_INST_0_i_27/O
                         net (fo=1, routed)           0.756     8.150    u_if_stage/dmem_addr[0]_INST_0_i_27_n_0
    SLICE_X43Y33         LUT6 (Prop_lut6_I5_O)        0.124     8.274 f  u_if_stage/dmem_addr[0]_INST_0_i_10/O
                         net (fo=2, routed)           0.577     8.852    u_if_stage/dmem_addr[0]_INST_0_i_10_n_0
    SLICE_X40Y33         LUT5 (Prop_lut5_I4_O)        0.124     8.976 f  u_if_stage/dmem_addr[0]_INST_0_i_3/O
                         net (fo=1, routed)           0.574     9.549    u_if_stage/dmem_addr[0]_INST_0_i_3_n_0
    SLICE_X40Y32         LUT6 (Prop_lut6_I0_O)        0.124     9.673 f  u_if_stage/dmem_addr[0]_INST_0_i_1/O
                         net (fo=1, routed)           0.000     9.673    u_if_stage/dmem_addr[0]_INST_0_i_1_n_0
    SLICE_X40Y32         MUXF7 (Prop_muxf7_I0_O)      0.212     9.885 f  u_if_stage/dmem_addr[0]_INST_0/O
                         net (fo=14, routed)          0.920    10.805    u_if_stage/dmem_addr[0]
    SLICE_X42Y22         LUT4 (Prop_lut4_I1_O)        0.299    11.104 f  u_if_stage/pc[31]_i_25/O
                         net (fo=1, routed)           0.960    12.064    u_if_stage/pc[31]_i_25_n_0
    SLICE_X45Y22         LUT6 (Prop_lut6_I5_O)        0.124    12.188 r  u_if_stage/pc[31]_i_14/O
                         net (fo=1, routed)           0.298    12.486    u_if_stage/alu_zero
    SLICE_X43Y22         LUT6 (Prop_lut6_I0_O)        0.124    12.610 r  u_if_stage/pc[31]_i_6/O
                         net (fo=33, routed)          0.670    13.280    u_if_stage/branch_taken
    SLICE_X41Y21         LUT6 (Prop_lut6_I2_O)        0.124    13.404 r  u_if_stage/pc[3]_i_1/O
                         net (fo=1, routed)           0.000    13.404    u_pc/pc_reg[31]_1[3]
    SLICE_X41Y21         FDCE                                         r  u_pc/pc_reg[3]/D
  -------------------------------------------------------------------    -------------------

                         (clock sys_clk rise edge)   10.000    10.000 r  <hidden>
                                                      0.000    10.000 r  clk
                         net (fo=488, unset)          1.483    11.483    u_pc/clk
    SLICE_X41Y21         FDCE                                         r  u_pc/pc_reg[3]/C
                         clock pessimism              0.147    11.630    <hidden>
                         clock uncertainty           -0.035    11.595    <hidden>
    SLICE_X41Y21         FDCE (Setup_fdce_C_D)        0.032    11.627    u_pc/pc_reg[3]
  -------------------------------------------------------------------
                         required time                         11.627    <hidden>
                         arrival time                         -13.404    <hidden>
  -------------------------------------------------------------------
                         slack                                 -1.777    <hidden>

Slack (VIOLATED) :        -1.773ns  (required time - arrival time)
  Source:                 u_if_stage/flush_q_reg/C
                            (rising edge-triggered cell FDPE clocked by sys_clk  {rise@0.000ns fall@5.000ns period=10.000ns})
  Destination:            u_pc/pc_reg[15]/D
                            (rising edge-triggered cell FDCE clocked by sys_clk  {rise@0.000ns fall@5.000ns period=10.000ns})
  Path Group:             sys_clk
  Path Type:              Setup (Max at Slow Process Corner)
  Requirement:            10.000ns  (sys_clk rise@10.000ns - sys_clk rise@0.000ns)
  Data Path Delay:        11.748ns  (logic 2.331ns (19.842%)  route 9.417ns (80.158%))
  Logic Levels:           13  (LUT4=2 LUT5=1 LUT6=8 MUXF7=1 RAMD32=1)
  Clock Path Skew:        -0.021ns (DCD - SCD + CPR)
    Destination Clock Delay (DCD):    1.483ns = ( 11.483 - 10.000 )
    Source Clock Delay      (SCD):    1.651ns
    Clock Pessimism Removal (CPR):    0.147ns
  Clock Uncertainty:      0.035ns  ((TSJ^2 + TIJ^2)^1/2 + DJ) / 2 + PE
    Total System Jitter     (TSJ):    0.071ns
    Total Input Jitter      (TIJ):    0.000ns
    Discrete Jitter          (DJ):    0.000ns
    Phase Error              (PE):    0.000ns

    Location             Delay type                Incr(ns)  Path(ns)    Netlist Resource(s)
  -------------------------------------------------------------------    -------------------
                         (clock sys_clk rise edge)    0.000     0.000 r  <hidden>
                                                      0.000     0.000 r  clk
                         net (fo=488, unset)          1.651     1.651    u_if_stage/clk
    SLICE_X41Y22         FDPE                                         r  u_if_stage/flush_q_reg/C
  -------------------------------------------------------------------    -------------------
    SLICE_X41Y22         FDPE (Prop_fdpe_C_Q)         0.456     2.107 f  u_if_stage/flush_q_reg/Q
                         net (fo=98, routed)          0.794     2.901    u_if_stage/flush_q
    SLICE_X40Y26         LUT4 (Prop_lut4_I2_O)        0.124     3.025 r  u_if_stage/dmem_wdata[4]_INST_0_i_3/O
                         net (fo=43, routed)          1.229     4.254    u_regfile/regs_reg_r2_0_31_0_5/ADDRB0
    SLICE_X42Y27         RAMD32 (Prop_ramd32_RADR0_O)
                                                      0.124     4.378 r  u_regfile/regs_reg_r2_0_31_0_5/RAMB_D1/O
                         net (fo=6, routed)           0.327     4.705    u_regfile/rdata20[3]
    SLICE_X45Y28         LUT6 (Prop_lut6_I0_O)        0.124     4.829 r  u_regfile/dmem_wdata[3]_INST_0/O
                         net (fo=2, routed)           0.655     5.484    u_if_stage/dmem_wdata[3]
    SLICE_X45Y26         LUT6 (Prop_lut6_I0_O)        0.124     5.608 r  u_if_stage/dmem_addr[3]_INST_0_i_12/O
                         net (fo=116, routed)         1.662     7.270    u_if_stage/alu_b[3]
    SLICE_X41Y33         LUT6 (Prop_lut6_I2_O)        0.124     7.394 f  u_if_stage/dmem_addr[0]_INST_0_i_27/O
                         net (fo=1, routed)           0.756     8.150    u_if_stage/dmem_addr[0]_INST_0_i_27_n_0
    SLICE_X43Y33         LUT6 (Prop_lut6_I5_O)        0.124     8.274 f  u_if_stage/dmem_addr[0]_INST_0_i_10/O
                         net (fo=2, routed)           0.577     8.852    u_if_stage/dmem_addr[0]_INST_0_i_10_n_0
    SLICE_X40Y33         LUT5 (Prop_lut5_I4_O)        0.124     8.976 f  u_if_stage/dmem_addr[0]_INST_0_i_3/O
                         net (fo=1, routed)           0.574     9.549    u_if_stage/dmem_addr[0]_INST_0_i_3_n_0
    SLICE_X40Y32         LUT6 (Prop_lut6_I0_O)        0.124     9.673 f  u_if_stage/dmem_addr[0]_INST_0_i_1/O
                         net (fo=1, routed)           0.000     9.673    u_if_stage/dmem_addr[0]_INST_0_i_1_n_0
    SLICE_X40Y32         MUXF7 (Prop_muxf7_I0_O)      0.212     9.885 f  u_if_stage/dmem_addr[0]_INST_0/O
                         net (fo=14, routed)          0.920    10.805    u_if_stage/dmem_addr[0]
    SLICE_X42Y22         LUT4 (Prop_lut4_I1_O)        0.299    11.104 f  u_if_stage/pc[31]_i_25/O
                         net (fo=1, routed)           0.960    12.064    u_if_stage/pc[31]_i_25_n_0
    SLICE_X45Y22         LUT6 (Prop_lut6_I5_O)        0.124    12.188 r  u_if_stage/pc[31]_i_14/O
                         net (fo=1, routed)           0.298    12.486    u_if_stage/alu_zero
    SLICE_X43Y22         LUT6 (Prop_lut6_I0_O)        0.124    12.610 r  u_if_stage/pc[31]_i_6/O
                         net (fo=33, routed)          0.665    13.275    u_if_stage/branch_taken
    SLICE_X41Y21         LUT6 (Prop_lut6_I2_O)        0.124    13.399 r  u_if_stage/pc[15]_i_1/O
                         net (fo=1, routed)           0.000    13.399    u_pc/pc_reg[31]_1[15]
    SLICE_X41Y21         FDCE                                         r  u_pc/pc_reg[15]/D
  -------------------------------------------------------------------    -------------------

                         (clock sys_clk rise edge)   10.000    10.000 r  <hidden>
                                                      0.000    10.000 r  clk
                         net (fo=488, unset)          1.483    11.483    u_pc/clk
    SLICE_X41Y21         FDCE                                         r  u_pc/pc_reg[15]/C
                         clock pessimism              0.147    11.630    <hidden>
                         clock uncertainty           -0.035    11.595    <hidden>
    SLICE_X41Y21         FDCE (Setup_fdce_C_D)        0.031    11.626    u_pc/pc_reg[15]
  -------------------------------------------------------------------
                         required time                         11.626    <hidden>
                         arrival time                         -13.399    <hidden>
  -------------------------------------------------------------------
                         slack                                 -1.773    <hidden>

Slack (VIOLATED) :        -1.757ns  (required time - arrival time)
  Source:                 u_if_stage/flush_q_reg/C
                            (rising edge-triggered cell FDPE clocked by sys_clk  {rise@0.000ns fall@5.000ns period=10.000ns})
  Destination:            u_pc/pc_reg[5]/D
                            (rising edge-triggered cell FDCE clocked by sys_clk  {rise@0.000ns fall@5.000ns period=10.000ns})
  Path Group:             sys_clk
  Path Type:              Setup (Max at Slow Process Corner)
  Requirement:            10.000ns  (sys_clk rise@10.000ns - sys_clk rise@0.000ns)
  Data Path Delay:        11.700ns  (logic 2.331ns (19.923%)  route 9.369ns (80.077%))
  Logic Levels:           13  (LUT4=2 LUT5=1 LUT6=8 MUXF7=1 RAMD32=1)
  Clock Path Skew:        -0.054ns (DCD - SCD + CPR)
    Destination Clock Delay (DCD):    1.482ns = ( 11.482 - 10.000 )
    Source Clock Delay      (SCD):    1.651ns
    Clock Pessimism Removal (CPR):    0.115ns
  Clock Uncertainty:      0.035ns  ((TSJ^2 + TIJ^2)^1/2 + DJ) / 2 + PE
    Total System Jitter     (TSJ):    0.071ns
    Total Input Jitter      (TIJ):    0.000ns
    Discrete Jitter          (DJ):    0.000ns
    Phase Error              (PE):    0.000ns

    Location             Delay type                Incr(ns)  Path(ns)    Netlist Resource(s)
  -------------------------------------------------------------------    -------------------
                         (clock sys_clk rise edge)    0.000     0.000 r  <hidden>
                                                      0.000     0.000 r  clk
                         net (fo=488, unset)          1.651     1.651    u_if_stage/clk
    SLICE_X41Y22         FDPE                                         r  u_if_stage/flush_q_reg/C
  -------------------------------------------------------------------    -------------------
    SLICE_X41Y22         FDPE (Prop_fdpe_C_Q)         0.456     2.107 f  u_if_stage/flush_q_reg/Q
                         net (fo=98, routed)          0.794     2.901    u_if_stage/flush_q
    SLICE_X40Y26         LUT4 (Prop_lut4_I2_O)        0.124     3.025 r  u_if_stage/dmem_wdata[4]_INST_0_i_3/O
                         net (fo=43, routed)          1.229     4.254    u_regfile/regs_reg_r2_0_31_0_5/ADDRB0
    SLICE_X42Y27         RAMD32 (Prop_ramd32_RADR0_O)
                                                      0.124     4.378 r  u_regfile/regs_reg_r2_0_31_0_5/RAMB_D1/O
                         net (fo=6, routed)           0.327     4.705    u_regfile/rdata20[3]
    SLICE_X45Y28         LUT6 (Prop_lut6_I0_O)        0.124     4.829 r  u_regfile/dmem_wdata[3]_INST_0/O
                         net (fo=2, routed)           0.655     5.484    u_if_stage/dmem_wdata[3]
    SLICE_X45Y26         LUT6 (Prop_lut6_I0_O)        0.124     5.608 r  u_if_stage/dmem_addr[3]_INST_0_i_12/O
                         net (fo=116, routed)         1.662     7.270    u_if_stage/alu_b[3]
    SLICE_X41Y33         LUT6 (Prop_lut6_I2_O)        0.124     7.394 f  u_if_stage/dmem_addr[0]_INST_0_i_27/O
                         net (fo=1, routed)           0.756     8.150    u_if_stage/dmem_addr[0]_INST_0_i_27_n_0
    SLICE_X43Y33         LUT6 (Prop_lut6_I5_O)        0.124     8.274 f  u_if_stage/dmem_addr[0]_INST_0_i_10/O
                         net (fo=2, routed)           0.577     8.852    u_if_stage/dmem_addr[0]_INST_0_i_10_n_0
    SLICE_X40Y33         LUT5 (Prop_lut5_I4_O)        0.124     8.976 f  u_if_stage/dmem_addr[0]_INST_0_i_3/O
                         net (fo=1, routed)           0.574     9.549    u_if_stage/dmem_addr[0]_INST_0_i_3_n_0
    SLICE_X40Y32         LUT6 (Prop_lut6_I0_O)        0.124     9.673 f  u_if_stage/dmem_addr[0]_INST_0_i_1/O
                         net (fo=1, routed)           0.000     9.673    u_if_stage/dmem_addr[0]_INST_0_i_1_n_0
    SLICE_X40Y32         MUXF7 (Prop_muxf7_I0_O)      0.212     9.885 f  u_if_stage/dmem_addr[0]_INST_0/O
                         net (fo=14, routed)          0.920    10.805    u_if_stage/dmem_addr[0]
    SLICE_X42Y22         LUT4 (Prop_lut4_I1_O)        0.299    11.104 f  u_if_stage/pc[31]_i_25/O
                         net (fo=1, routed)           0.960    12.064    u_if_stage/pc[31]_i_25_n_0
    SLICE_X45Y22         LUT6 (Prop_lut6_I5_O)        0.124    12.188 r  u_if_stage/pc[31]_i_14/O
                         net (fo=1, routed)           0.298    12.486    u_if_stage/alu_zero
    SLICE_X43Y22         LUT6 (Prop_lut6_I0_O)        0.124    12.610 r  u_if_stage/pc[31]_i_6/O
                         net (fo=33, routed)          0.617    13.227    u_if_stage/branch_taken
    SLICE_X44Y21         LUT6 (Prop_lut6_I2_O)        0.124    13.351 r  u_if_stage/pc[5]_i_1/O
                         net (fo=1, routed)           0.000    13.351    u_pc/pc_reg[31]_1[5]
    SLICE_X44Y21         FDCE                                         r  u_pc/pc_reg[5]/D
  -------------------------------------------------------------------    -------------------

                         (clock sys_clk rise edge)   10.000    10.000 r  <hidden>
                                                      0.000    10.000 r  clk
                         net (fo=488, unset)          1.482    11.482    u_pc/clk
    SLICE_X44Y21         FDCE                                         r  u_pc/pc_reg[5]/C
                         clock pessimism              0.115    11.597    <hidden>
                         clock uncertainty           -0.035    11.562    <hidden>
    SLICE_X44Y21         FDCE (Setup_fdce_C_D)        0.032    11.594    u_pc/pc_reg[5]
  -------------------------------------------------------------------
                         required time                         11.594    <hidden>
                         arrival time                         -13.351    <hidden>
  -------------------------------------------------------------------
                         slack                                 -1.757    <hidden>

Slack (VIOLATED) :        -1.755ns  (required time - arrival time)
  Source:                 u_if_stage/flush_q_reg/C
                            (rising edge-triggered cell FDPE clocked by sys_clk  {rise@0.000ns fall@5.000ns period=10.000ns})
  Destination:            u_pc/pc_reg[16]/D
                            (rising edge-triggered cell FDCE clocked by sys_clk  {rise@0.000ns fall@5.000ns period=10.000ns})
  Path Group:             sys_clk
  Path Type:              Setup (Max at Slow Process Corner)
  Requirement:            10.000ns  (sys_clk rise@10.000ns - sys_clk rise@0.000ns)
  Data Path Delay:        11.697ns  (logic 2.331ns (19.929%)  route 9.366ns (80.071%))
  Logic Levels:           13  (LUT4=2 LUT5=1 LUT6=8 MUXF7=1 RAMD32=1)
  Clock Path Skew:        -0.054ns (DCD - SCD + CPR)
    Destination Clock Delay (DCD):    1.482ns = ( 11.482 - 10.000 )
    Source Clock Delay      (SCD):    1.651ns
    Clock Pessimism Removal (CPR):    0.115ns
  Clock Uncertainty:      0.035ns  ((TSJ^2 + TIJ^2)^1/2 + DJ) / 2 + PE
    Total System Jitter     (TSJ):    0.071ns
    Total Input Jitter      (TIJ):    0.000ns
    Discrete Jitter          (DJ):    0.000ns
    Phase Error              (PE):    0.000ns

    Location             Delay type                Incr(ns)  Path(ns)    Netlist Resource(s)
  -------------------------------------------------------------------    -------------------
                         (clock sys_clk rise edge)    0.000     0.000 r  <hidden>
                                                      0.000     0.000 r  clk
                         net (fo=488, unset)          1.651     1.651    u_if_stage/clk
    SLICE_X41Y22         FDPE                                         r  u_if_stage/flush_q_reg/C
  -------------------------------------------------------------------    -------------------
    SLICE_X41Y22         FDPE (Prop_fdpe_C_Q)         0.456     2.107 f  u_if_stage/flush_q_reg/Q
                         net (fo=98, routed)          0.794     2.901    u_if_stage/flush_q
    SLICE_X40Y26         LUT4 (Prop_lut4_I2_O)        0.124     3.025 r  u_if_stage/dmem_wdata[4]_INST_0_i_3/O
                         net (fo=43, routed)          1.229     4.254    u_regfile/regs_reg_r2_0_31_0_5/ADDRB0
    SLICE_X42Y27         RAMD32 (Prop_ramd32_RADR0_O)
                                                      0.124     4.378 r  u_regfile/regs_reg_r2_0_31_0_5/RAMB_D1/O
                         net (fo=6, routed)           0.327     4.705    u_regfile/rdata20[3]
    SLICE_X45Y28         LUT6 (Prop_lut6_I0_O)        0.124     4.829 r  u_regfile/dmem_wdata[3]_INST_0/O
                         net (fo=2, routed)           0.655     5.484    u_if_stage/dmem_wdata[3]
    SLICE_X45Y26         LUT6 (Prop_lut6_I0_O)        0.124     5.608 r  u_if_stage/dmem_addr[3]_INST_0_i_12/O
                         net (fo=116, routed)         1.662     7.270    u_if_stage/alu_b[3]
    SLICE_X41Y33         LUT6 (Prop_lut6_I2_O)        0.124     7.394 f  u_if_stage/dmem_addr[0]_INST_0_i_27/O
                         net (fo=1, routed)           0.756     8.150    u_if_stage/dmem_addr[0]_INST_0_i_27_n_0
    SLICE_X43Y33         LUT6 (Prop_lut6_I5_O)        0.124     8.274 f  u_if_stage/dmem_addr[0]_INST_0_i_10/O
                         net (fo=2, routed)           0.577     8.852    u_if_stage/dmem_addr[0]_INST_0_i_10_n_0
    SLICE_X40Y33         LUT5 (Prop_lut5_I4_O)        0.124     8.976 f  u_if_stage/dmem_addr[0]_INST_0_i_3/O
                         net (fo=1, routed)           0.574     9.549    u_if_stage/dmem_addr[0]_INST_0_i_3_n_0
    SLICE_X40Y32         LUT6 (Prop_lut6_I0_O)        0.124     9.673 f  u_if_stage/dmem_addr[0]_INST_0_i_1/O
                         net (fo=1, routed)           0.000     9.673    u_if_stage/dmem_addr[0]_INST_0_i_1_n_0
    SLICE_X40Y32         MUXF7 (Prop_muxf7_I0_O)      0.212     9.885 f  u_if_stage/dmem_addr[0]_INST_0/O
                         net (fo=14, routed)          0.920    10.805    u_if_stage/dmem_addr[0]
    SLICE_X42Y22         LUT4 (Prop_lut4_I1_O)        0.299    11.104 f  u_if_stage/pc[31]_i_25/O
                         net (fo=1, routed)           0.960    12.064    u_if_stage/pc[31]_i_25_n_0
    SLICE_X45Y22         LUT6 (Prop_lut6_I5_O)        0.124    12.188 r  u_if_stage/pc[31]_i_14/O
                         net (fo=1, routed)           0.298    12.486    u_if_stage/alu_zero
    SLICE_X43Y22         LUT6 (Prop_lut6_I0_O)        0.124    12.610 r  u_if_stage/pc[31]_i_6/O
                         net (fo=33, routed)          0.614    13.224    u_if_stage/branch_taken
    SLICE_X44Y21         LUT6 (Prop_lut6_I2_O)        0.124    13.348 r  u_if_stage/pc[16]_i_1/O
                         net (fo=1, routed)           0.000    13.348    u_pc/pc_reg[31]_1[16]
    SLICE_X44Y21         FDCE                                         r  u_pc/pc_reg[16]/D
  -------------------------------------------------------------------    -------------------

                         (clock sys_clk rise edge)   10.000    10.000 r  <hidden>
                                                      0.000    10.000 r  clk
                         net (fo=488, unset)          1.482    11.482    u_pc/clk
    SLICE_X44Y21         FDCE                                         r  u_pc/pc_reg[16]/C
                         clock pessimism              0.115    11.597    <hidden>
                         clock uncertainty           -0.035    11.562    <hidden>
    SLICE_X44Y21         FDCE (Setup_fdce_C_D)        0.031    11.593    u_pc/pc_reg[16]
  -------------------------------------------------------------------
                         required time                         11.593    <hidden>
                         arrival time                         -13.348    <hidden>
  -------------------------------------------------------------------
                         slack                                 -1.755    <hidden>

Slack (VIOLATED) :        -1.753ns  (required time - arrival time)
  Source:                 u_if_stage/flush_q_reg/C
                            (rising edge-triggered cell FDPE clocked by sys_clk  {rise@0.000ns fall@5.000ns period=10.000ns})
  Destination:            u_pc/pc_reg[9]/D
                            (rising edge-triggered cell FDCE clocked by sys_clk  {rise@0.000ns fall@5.000ns period=10.000ns})
  Path Group:             sys_clk
  Path Type:              Setup (Max at Slow Process Corner)
  Requirement:            10.000ns  (sys_clk rise@10.000ns - sys_clk rise@0.000ns)
  Data Path Delay:        11.694ns  (logic 2.331ns (19.934%)  route 9.363ns (80.066%))
  Logic Levels:           13  (LUT4=2 LUT5=1 LUT6=8 MUXF7=1 RAMD32=1)
  Clock Path Skew:        -0.055ns (DCD - SCD + CPR)
    Destination Clock Delay (DCD):    1.481ns = ( 11.481 - 10.000 )
    Source Clock Delay      (SCD):    1.651ns
    Clock Pessimism Removal (CPR):    0.115ns
  Clock Uncertainty:      0.035ns  ((TSJ^2 + TIJ^2)^1/2 + DJ) / 2 + PE
    Total System Jitter     (TSJ):    0.071ns
    Total Input Jitter      (TIJ):    0.000ns
    Discrete Jitter          (DJ):    0.000ns
    Phase Error              (PE):    0.000ns

    Location             Delay type                Incr(ns)  Path(ns)    Netlist Resource(s)
  -------------------------------------------------------------------    -------------------
                         (clock sys_clk rise edge)    0.000     0.000 r  <hidden>
                                                      0.000     0.000 r  clk
                         net (fo=488, unset)          1.651     1.651    u_if_stage/clk
    SLICE_X41Y22         FDPE                                         r  u_if_stage/flush_q_reg/C
  -------------------------------------------------------------------    -------------------
    SLICE_X41Y22         FDPE (Prop_fdpe_C_Q)         0.456     2.107 f  u_if_stage/flush_q_reg/Q
                         net (fo=98, routed)          0.794     2.901    u_if_stage/flush_q
    SLICE_X40Y26         LUT4 (Prop_lut4_I2_O)        0.124     3.025 r  u_if_stage/dmem_wdata[4]_INST_0_i_3/O
                         net (fo=43, routed)          1.229     4.254    u_regfile/regs_reg_r2_0_31_0_5/ADDRB0
    SLICE_X42Y27         RAMD32 (Prop_ramd32_RADR0_O)
                                                      0.124     4.378 r  u_regfile/regs_reg_r2_0_31_0_5/RAMB_D1/O
                         net (fo=6, routed)           0.327     4.705    u_regfile/rdata20[3]
    SLICE_X45Y28         LUT6 (Prop_lut6_I0_O)        0.124     4.829 r  u_regfile/dmem_wdata[3]_INST_0/O
                         net (fo=2, routed)           0.655     5.484    u_if_stage/dmem_wdata[3]
    SLICE_X45Y26         LUT6 (Prop_lut6_I0_O)        0.124     5.608 r  u_if_stage/dmem_addr[3]_INST_0_i_12/O
                         net (fo=116, routed)         1.662     7.270    u_if_stage/alu_b[3]
    SLICE_X41Y33         LUT6 (Prop_lut6_I2_O)        0.124     7.394 f  u_if_stage/dmem_addr[0]_INST_0_i_27/O
                         net (fo=1, routed)           0.756     8.150    u_if_stage/dmem_addr[0]_INST_0_i_27_n_0
    SLICE_X43Y33         LUT6 (Prop_lut6_I5_O)        0.124     8.274 f  u_if_stage/dmem_addr[0]_INST_0_i_10/O
                         net (fo=2, routed)           0.577     8.852    u_if_stage/dmem_addr[0]_INST_0_i_10_n_0
    SLICE_X40Y33         LUT5 (Prop_lut5_I4_O)        0.124     8.976 f  u_if_stage/dmem_addr[0]_INST_0_i_3/O
                         net (fo=1, routed)           0.574     9.549    u_if_stage/dmem_addr[0]_INST_0_i_3_n_0
    SLICE_X40Y32         LUT6 (Prop_lut6_I0_O)        0.124     9.673 f  u_if_stage/dmem_addr[0]_INST_0_i_1/O
                         net (fo=1, routed)           0.000     9.673    u_if_stage/dmem_addr[0]_INST_0_i_1_n_0
    SLICE_X40Y32         MUXF7 (Prop_muxf7_I0_O)      0.212     9.885 f  u_if_stage/dmem_addr[0]_INST_0/O
                         net (fo=14, routed)          0.920    10.805    u_if_stage/dmem_addr[0]
    SLICE_X42Y22         LUT4 (Prop_lut4_I1_O)        0.299    11.104 f  u_if_stage/pc[31]_i_25/O
                         net (fo=1, routed)           0.960    12.064    u_if_stage/pc[31]_i_25_n_0
    SLICE_X45Y22         LUT6 (Prop_lut6_I5_O)        0.124    12.188 r  u_if_stage/pc[31]_i_14/O
                         net (fo=1, routed)           0.298    12.486    u_if_stage/alu_zero
    SLICE_X43Y22         LUT6 (Prop_lut6_I0_O)        0.124    12.610 r  u_if_stage/pc[31]_i_6/O
                         net (fo=33, routed)          0.611    13.221    u_if_stage/branch_taken
    SLICE_X37Y22         LUT6 (Prop_lut6_I2_O)        0.124    13.345 r  u_if_stage/pc[9]_i_1/O
                         net (fo=1, routed)           0.000    13.345    u_pc/pc_reg[31]_1[9]
    SLICE_X37Y22         FDCE                                         r  u_pc/pc_reg[9]/D
  -------------------------------------------------------------------    -------------------

                         (clock sys_clk rise edge)   10.000    10.000 r  <hidden>
                                                      0.000    10.000 r  clk
                         net (fo=488, unset)          1.481    11.481    u_pc/clk
    SLICE_X37Y22         FDCE                                         r  u_pc/pc_reg[9]/C
                         clock pessimism              0.115    11.596    <hidden>
                         clock uncertainty           -0.035    11.561    <hidden>
    SLICE_X37Y22         FDCE (Setup_fdce_C_D)        0.031    11.592    u_pc/pc_reg[9]
  -------------------------------------------------------------------
                         required time                         11.592    <hidden>
                         arrival time                         -13.345    <hidden>
  -------------------------------------------------------------------
                         slack                                 -1.753    <hidden>

Slack (VIOLATED) :        -1.749ns  (required time - arrival time)
  Source:                 u_if_stage/flush_q_reg/C
                            (rising edge-triggered cell FDPE clocked by sys_clk  {rise@0.000ns fall@5.000ns period=10.000ns})
  Destination:            u_pc/pc_reg[1]/D
                            (rising edge-triggered cell FDCE clocked by sys_clk  {rise@0.000ns fall@5.000ns period=10.000ns})
  Path Group:             sys_clk
  Path Type:              Setup (Max at Slow Process Corner)
  Requirement:            10.000ns  (sys_clk rise@10.000ns - sys_clk rise@0.000ns)
  Data Path Delay:        11.771ns  (logic 2.331ns (19.802%)  route 9.440ns (80.197%))
  Logic Levels:           13  (LUT4=2 LUT5=1 LUT6=8 MUXF7=1 RAMD32=1)
  Clock Path Skew:        -0.021ns (DCD - SCD + CPR)
    Destination Clock Delay (DCD):    1.483ns = ( 11.483 - 10.000 )
    Source Clock Delay      (SCD):    1.651ns
    Clock Pessimism Removal (CPR):    0.147ns
  Clock Uncertainty:      0.035ns  ((TSJ^2 + TIJ^2)^1/2 + DJ) / 2 + PE
    Total System Jitter     (TSJ):    0.071ns
    Total Input Jitter      (TIJ):    0.000ns
    Discrete Jitter          (DJ):    0.000ns
    Phase Error              (PE):    0.000ns

    Location             Delay type                Incr(ns)  Path(ns)    Netlist Resource(s)
  -------------------------------------------------------------------    -------------------
                         (clock sys_clk rise edge)    0.000     0.000 r  <hidden>
                                                      0.000     0.000 r  clk
                         net (fo=488, unset)          1.651     1.651    u_if_stage/clk
    SLICE_X41Y22         FDPE                                         r  u_if_stage/flush_q_reg/C
  -------------------------------------------------------------------    -------------------
    SLICE_X41Y22         FDPE (Prop_fdpe_C_Q)         0.456     2.107 f  u_if_stage/flush_q_reg/Q
                         net (fo=98, routed)          0.794     2.901    u_if_stage/flush_q
    SLICE_X40Y26         LUT4 (Prop_lut4_I2_O)        0.124     3.025 r  u_if_stage/dmem_wdata[4]_INST_0_i_3/O
                         net (fo=43, routed)          1.229     4.254    u_regfile/regs_reg_r2_0_31_0_5/ADDRB0
    SLICE_X42Y27         RAMD32 (Prop_ramd32_RADR0_O)
                                                      0.124     4.378 r  u_regfile/regs_reg_r2_0_31_0_5/RAMB_D1/O
                         net (fo=6, routed)           0.327     4.705    u_regfile/rdata20[3]
    SLICE_X45Y28         LUT6 (Prop_lut6_I0_O)        0.124     4.829 r  u_regfile/dmem_wdata[3]_INST_0/O
                         net (fo=2, routed)           0.655     5.484    u_if_stage/dmem_wdata[3]
    SLICE_X45Y26         LUT6 (Prop_lut6_I0_O)        0.124     5.608 r  u_if_stage/dmem_addr[3]_INST_0_i_12/O
                         net (fo=116, routed)         1.662     7.270    u_if_stage/alu_b[3]
    SLICE_X41Y33         LUT6 (Prop_lut6_I2_O)        0.124     7.394 f  u_if_stage/dmem_addr[0]_INST_0_i_27/O
                         net (fo=1, routed)           0.756     8.150    u_if_stage/dmem_addr[0]_INST_0_i_27_n_0
    SLICE_X43Y33         LUT6 (Prop_lut6_I5_O)        0.124     8.274 f  u_if_stage/dmem_addr[0]_INST_0_i_10/O
                         net (fo=2, routed)           0.577     8.852    u_if_stage/dmem_addr[0]_INST_0_i_10_n_0
    SLICE_X40Y33         LUT5 (Prop_lut5_I4_O)        0.124     8.976 f  u_if_stage/dmem_addr[0]_INST_0_i_3/O
                         net (fo=1, routed)           0.574     9.549    u_if_stage/dmem_addr[0]_INST_0_i_3_n_0
    SLICE_X40Y32         LUT6 (Prop_lut6_I0_O)        0.124     9.673 f  u_if_stage/dmem_addr[0]_INST_0_i_1/O
                         net (fo=1, routed)           0.000     9.673    u_if_stage/dmem_addr[0]_INST_0_i_1_n_0
    SLICE_X40Y32         MUXF7 (Prop_muxf7_I0_O)      0.212     9.885 f  u_if_stage/dmem_addr[0]_INST_0/O
                         net (fo=14, routed)          0.920    10.805    u_if_stage/dmem_addr[0]
    SLICE_X42Y22         LUT4 (Prop_lut4_I1_O)        0.299    11.104 f  u_if_stage/pc[31]_i_25/O
                         net (fo=1, routed)           0.960    12.064    u_if_stage/pc[31]_i_25_n_0
    SLICE_X45Y22         LUT6 (Prop_lut6_I5_O)        0.124    12.188 r  u_if_stage/pc[31]_i_14/O
                         net (fo=1, routed)           0.298    12.486    u_if_stage/alu_zero
    SLICE_X43Y22         LUT6 (Prop_lut6_I0_O)        0.124    12.610 r  u_if_stage/pc[31]_i_6/O
                         net (fo=33, routed)          0.688    13.298    u_if_stage/branch_taken
    SLICE_X42Y21         LUT6 (Prop_lut6_I2_O)        0.124    13.422 r  u_if_stage/pc[1]_i_1/O
                         net (fo=1, routed)           0.000    13.422    u_pc/pc_reg[31]_1[1]
    SLICE_X42Y21         FDCE                                         r  u_pc/pc_reg[1]/D
  -------------------------------------------------------------------    -------------------

                         (clock sys_clk rise edge)   10.000    10.000 r  <hidden>
                                                      0.000    10.000 r  clk
                         net (fo=488, unset)          1.483    11.483    u_pc/clk
    SLICE_X42Y21         FDCE                                         r  u_pc/pc_reg[1]/C
                         clock pessimism              0.147    11.630    <hidden>
                         clock uncertainty           -0.035    11.595    <hidden>
    SLICE_X42Y21         FDCE (Setup_fdce_C_D)        0.079    11.674    u_pc/pc_reg[1]
  -------------------------------------------------------------------
                         required time                         11.674    <hidden>
                         arrival time                         -13.422    <hidden>
  -------------------------------------------------------------------
                         slack                                 -1.749    <hidden>
