Copyright 1986-2022 Xilinx, Inc. All Rights Reserved. Copyright 2022-2026 Advanced Micro Devices, Inc. All Rights Reserved.
---------------------------------------------------------------------------------------------------------------------------------------------
| Tool Version : Vivado v.2026.1 (win64) Build 6511674 Tue Jun 16 11:02:23 MDT 2026
| Date         : Mon Sep 28 13:56:09 2026
| Host         : never-die-cold running 64-bit major release  (build 9200)
| Command      : report_timing_summary -file E:/Projects/FPGA-Alittle-Design/build/reports/timing_impl.rpt -delay_type max
| Design       : core_top
| Device       : 7z020-clg400
| Speed File   : -1  PRODUCTION 1.12 2019-11-22
| Design State : Routed
---------------------------------------------------------------------------------------------------------------------------------------------

Timing Summary Report

------------------------------------------------------------------------------------------------
| Timer Settings
| --------------
------------------------------------------------------------------------------------------------

  Enable Multi Corner Analysis               :  Yes
  Enable Pessimism Removal                   :  Yes
  Pessimism Removal Resolution               :  Nearest Common Node
  Enable Input Delay Default Clock           :  No
  Enable Preset / Clear Arcs                 :  No
  Disable Flight Delays                      :  No
  Ignore I/O Paths                           :  No
  Timing Early Launch at Borrowing Latches   :  No
  Borrow Time for Max Delay Exceptions       :  Yes
  Merge Timing Exceptions                    :  Yes
  Inter-SLR Compensation                     :  Conservative

  Corner  Analyze    Analyze
  Name    Max Paths  Min Paths
  ------  ---------  ---------
  Slow    Yes        Yes
  Fast    Yes        Yes


------------------------------------------------------------------------------------------------
| Report Methodology
| ------------------
------------------------------------------------------------------------------------------------

No report available as report_methodology has not been run prior. Run report_methodology on the current design for the summary of methodology violations.



check_timing report

Table of Contents
-----------------
1. checking no_clock (0)
2. checking constant_clock (0)
3. checking pulse_width_clock (0)
4. checking unconstrained_internal_endpoints (0)
5. checking no_input_delay (65)
6. checking no_output_delay (101)
7. checking multiple_clock (0)
8. checking generated_clocks (0)
9. checking loops (0)
10. checking partial_input_delay (0)
11. checking partial_output_delay (0)
12. checking latch_loops (0)

1. checking no_clock (0)
------------------------
 There are 0 register/latch pins with no clock.


2. checking constant_clock (0)
------------------------------
 There are 0 register/latch pins with constant_clock.


3. checking pulse_width_clock (0)
---------------------------------
 There are 0 register/latch pins which need pulse_width check


4. checking unconstrained_internal_endpoints (0)
------------------------------------------------
 There are 0 pins that are not constrained for maximum delay.

 There are 0 pins that are not constrained for maximum delay due to constant clock.


5. checking no_input_delay (65)
-------------------------------
 There are 65 input ports with no input delay specified. (HIGH)

 There are 0 input ports with no input delay but user has a false path constraint.


6. checking no_output_delay (101)
---------------------------------
 There are 101 ports with no output delay specified. (HIGH)

 There are 0 ports with no output delay but user has a false path constraint

 There are 0 ports with no output delay but with a timing clock defined on it or propagating through it


7. checking multiple_clock (0)
------------------------------
 There are 0 register/latch pins with multiple clocks.


8. checking generated_clocks (0)
--------------------------------
 There are 0 generated clocks that are not connected to a clock source.


9. checking loops (0)
---------------------
 There are 0 combinational loops in the design.


10. checking partial_input_delay (0)
------------------------------------
 There are 0 input ports with partial input delay specified.


11. checking partial_output_delay (0)
-------------------------------------
 There are 0 ports with partial output delay specified.


12. checking latch_loops (0)
----------------------------
 There are 0 combinational latch loops in the design through latch input



------------------------------------------------------------------------------------------------
| Design Timing Summary
| ---------------------
------------------------------------------------------------------------------------------------

    WNS(ns)      TNS(ns)  TNS Failing Endpoints  TNS Total Endpoints     WPWS(ns)     TPWS(ns)  TPWS Failing Endpoints  TPWS Total Endpoints
    -------      -------  ---------------------  -------------------     --------     --------  ----------------------  --------------------
     -1.935     -150.579                    101                 1394        3.750        0.000                       0                   489


Timing constraints are not met.


------------------------------------------------------------------------------------------------
| Clock Summary
| -------------
------------------------------------------------------------------------------------------------

Clock    Waveform(ns)       Period(ns)      Frequency(MHz)
-----    ------------       ----------      --------------
sys_clk  {0.000 5.000}      10.000          100.000


------------------------------------------------------------------------------------------------
| Intra Clock Table
| -----------------
------------------------------------------------------------------------------------------------

Clock             WNS(ns)      TNS(ns)  TNS Failing Endpoints  TNS Total Endpoints     WPWS(ns)     TPWS(ns)  TPWS Failing Endpoints  TPWS Total Endpoints
-----             -------      -------  ---------------------  -------------------     --------     --------  ----------------------  --------------------
sys_clk            -1.935     -150.579                    101                 1394        3.750        0.000                       0                   489


------------------------------------------------------------------------------------------------
| Inter Clock Table
| -----------------
------------------------------------------------------------------------------------------------

From Clock    To Clock          WNS(ns)      TNS(ns)  TNS Failing Endpoints  TNS Total Endpoints
----------    --------          -------      -------  ---------------------  -------------------


------------------------------------------------------------------------------------------------
| Other Path Groups Table
| -----------------------
------------------------------------------------------------------------------------------------

Path Group    From Clock    To Clock          WNS(ns)      TNS(ns)  TNS Failing Endpoints  TNS Total Endpoints
----------    ----------    --------          -------      -------  ---------------------  -------------------


------------------------------------------------------------------------------------------------
| Timing Details
| --------------
------------------------------------------------------------------------------------------------


---------------------------------------------------------------------------------------------------
From Clock:  sys_clk
  To Clock:  sys_clk

Setup :          101  Failing Endpoints,  Worst Slack       -1.935ns,  Total Violation     -150.579ns
Hold  :           NA  Failing Endpoints,  Worst Slack           NA  ,  Total Violation           NA
PW    :            0  Failing Endpoints,  Worst Slack        3.750ns,  Total Violation        0.000ns
---------------------------------------------------------------------------------------------------


Max Delay Paths
--------------------------------------------------------------------------------------
Slack (VIOLATED) :        -1.935ns  (required time - arrival time)
  Source:                 u_if_stage/flush_q_reg/C
                            (rising edge-triggered cell FDPE clocked by sys_clk  {rise@0.000ns fall@5.000ns period=10.000ns})
  Destination:            u_pc/pc_reg[24]/D
                            (rising edge-triggered cell FDCE clocked by sys_clk  {rise@0.000ns fall@5.000ns period=10.000ns})
  Path Group:             sys_clk
  Path Type:              Setup (Max at Slow Process Corner)
  Requirement:            10.000ns  (sys_clk rise@10.000ns - sys_clk rise@0.000ns)
  Data Path Delay:        11.876ns  (logic 2.331ns (19.628%)  route 9.545ns (80.372%))
  Logic Levels:           13  (LUT4=2 LUT5=1 LUT6=8 MUXF7=1 RAMD32=1)
  Clock Path Skew:        -0.054ns (DCD - SCD + CPR)
    Destination Clock Delay (DCD):    1.482ns = ( 11.482 - 10.000 )
    Source Clock Delay      (SCD):    1.651ns
    Clock Pessimism Removal (CPR):    0.115ns
  Clock Uncertainty:      0.035ns  ((TSJ^2 + TIJ^2)^1/2 + DJ) / 2 + PE
    Total System Jitter     (TSJ):    0.071ns
    Total Input Jitter      (TIJ):    0.000ns
    Discrete Jitter          (DJ):    0.000ns
    Phase Error              (PE):    0.000ns

    Location             Delay type                Incr(ns)  Path(ns)    Netlist Resource(s)
  -------------------------------------------------------------------    -------------------
                         (clock sys_clk rise edge)    0.000     0.000 r  <hidden>
                                                      0.000     0.000 r  clk
                         net (fo=488, unset)          1.651     1.651    u_if_stage/clk
    SLICE_X41Y22         FDPE                                         r  u_if_stage/flush_q_reg/C
  -------------------------------------------------------------------    -------------------
    SLICE_X41Y22         FDPE (Prop_fdpe_C_Q)         0.456     2.107 f  u_if_stage/flush_q_reg/Q
                         net (fo=98, routed)          0.794     2.901    u_if_stage/flush_q
    SLICE_X40Y26         LUT4 (Prop_lut4_I2_O)        0.124     3.025 r  u_if_stage/dmem_wdata[4]_INST_0_i_3/O
                         net (fo=43, routed)          1.229     4.254    u_regfile/regs_reg_r2_0_31_0_5/ADDRB0
    SLICE_X42Y27         RAMD32 (Prop_ramd32_RADR0_O)
                                                      0.124     4.378 r  u_regfile/regs_reg_r2_0_31_0_5/RAMB_D1/O
                         net (fo=6, routed)           0.327     4.705    u_regfile/rdata20[3]
    SLICE_X45Y28         LUT6 (Prop_lut6_I0_O)        0.124     4.829 r  u_regfile/dmem_wdata[3]_INST_0/O
                         net (fo=2, routed)           0.655     5.484    u_if_stage/dmem_wdata[3]
    SLICE_X45Y26         LUT6 (Prop_lut6_I0_O)        0.124     5.608 r  u_if_stage/dmem_addr[3]_INST_0_i_12/O
                         net (fo=116, routed)         1.662     7.270    u_if_stage/alu_b[3]
    SLICE_X41Y33         LUT6 (Prop_lut6_I2_O)        0.124     7.394 f  u_if_stage/dmem_addr[0]_INST_0_i_27/O
                         net (fo=1, routed)           0.756     8.150    u_if_stage/dmem_addr[0]_INST_0_i_27_n_0
    SLICE_X43Y33         LUT6 (Prop_lut6_I5_O)        0.124     8.274 f  u_if_stage/dmem_addr[0]_INST_0_i_10/O
                         net (fo=2, routed)           0.577     8.852    u_if_stage/dmem_addr[0]_INST_0_i_10_n_0
    SLICE_X40Y33         LUT5 (Prop_lut5_I4_O)        0.124     8.976 f  u_if_stage/dmem_addr[0]_INST_0_i_3/O
                         net (fo=1, routed)           0.574     9.549    u_if_stage/dmem_addr[0]_INST_0_i_3_n_0
    SLICE_X40Y32         LUT6 (Prop_lut6_I0_O)        0.124     9.673 f  u_if_stage/dmem_addr[0]_INST_0_i_1/O
                         net (fo=1, routed)           0.000     9.673    u_if_stage/dmem_addr[0]_INST_0_i_1_n_0
    SLICE_X40Y32         MUXF7 (Prop_muxf7_I0_O)      0.212     9.885 f  u_if_stage/dmem_addr[0]_INST_0/O
                         net (fo=14, routed)          0.920    10.805    u_if_stage/dmem_addr[0]
    SLICE_X42Y22         LUT4 (Prop_lut4_I1_O)        0.299    11.104 f  u_if_stage/pc[31]_i_25/O
                         net (fo=1, routed)           0.960    12.064    u_if_stage/pc[31]_i_25_n_0
    SLICE_X45Y22         LUT6 (Prop_lut6_I5_O)        0.124    12.188 r  u_if_stage/pc[31]_i_14/O
                         net (fo=1, routed)           0.298    12.486    u_if_stage/alu_zero
    SLICE_X43Y22         LUT6 (Prop_lut6_I0_O)        0.124    12.610 r  u_if_stage/pc[31]_i_6/O
                         net (fo=33, routed)          0.793    13.403    u_if_stage/branch_taken
    SLICE_X45Y21         LUT6 (Prop_lut6_I2_O)        0.124    13.527 r  u_if_stage/pc[24]_i_1/O
                         net (fo=1, routed)           0.000    13.527    u_pc/pc_reg[31]_1[24]
    SLICE_X45Y21         FDCE                                         r  u_pc/pc_reg[24]/D
  -------------------------------------------------------------------    -------------------

                         (clock sys_clk rise edge)   10.000    10.000 r  <hidden>
                                                      0.000    10.000 r  clk
                         net (fo=488, unset)          1.482    11.482    u_pc/clk
    SLICE_X45Y21         FDCE                                         r  u_pc/pc_reg[24]/C
                         clock pessimism              0.115    11.597    <hidden>
                         clock uncertainty           -0.035    11.562    <hidden>
    SLICE_X45Y21         FDCE (Setup_fdce_C_D)        0.031    11.593    u_pc/pc_reg[24]
  -------------------------------------------------------------------
                         required time                         11.593    <hidden>
                         arrival time                         -13.527    <hidden>
  -------------------------------------------------------------------
                         slack                                 -1.935    <hidden>





Pulse Width Checks
--------------------------------------------------------------------------------------
Clock Name:         sys_clk
Waveform(ns):       { 0.000 5.000 }
Period(ns):         10.000
Sources:            { clk }

Check Type        Corner  Lib Pin     Reference Pin  Required(ns)  Actual(ns)  Slack(ns)  Location      Pin
Min Period        n/a     FDCE/C      n/a            1.000         10.000      9.000      SLICE_X33Y32  muldiv_pending_reg/C
Low Pulse Width   Slow    RAMD32/CLK  n/a            1.250         5.000       3.750      SLICE_X38Y26  u_regfile/regs_reg_r1_0_31_0_5/RAMA/CLK
High Pulse Width  Slow    RAMD32/CLK  n/a            1.250         5.000       3.750      SLICE_X38Y26  u_regfile/regs_reg_r1_0_31_0_5/RAMA/CLK
