Copyright 1986-2022 Xilinx, Inc. All Rights Reserved. Copyright 2022-2026 Advanced Micro Devices, Inc. All Rights Reserved.
---------------------------------------------------------------------------------------------------------------------------------------------
| Tool Version : Vivado v.2026.1 (win64) Build 6511674 Tue Jun 16 11:02:23 MDT 2026
| Date         : Mon Sep 14 16:43:45 2026
| Host         : never-die-cold running 64-bit major release  (build 9200)
| Command      : report_timing_summary -file C:/Users/ASUS/FPGA-Alittle-Design/build/reports/timing_synth.rpt -delay_type max
| Design       : core_top
| Device       : 7z020-clg400
| Speed File   : -1  PRODUCTION 1.12 2019-11-22
| Design State : Synthesized
---------------------------------------------------------------------------------------------------------------------------------------------

Timing Summary Report

------------------------------------------------------------------------------------------------
| Timer Settings
| --------------
------------------------------------------------------------------------------------------------

  Enable Multi Corner Analysis               :  Yes
  Enable Pessimism Removal                   :  Yes
  Pessimism Removal Resolution               :  Nearest Common Node
  Enable Input Delay Default Clock           :  No
  Enable Preset / Clear Arcs                 :  No
  Disable Flight Delays                      :  No
  Ignore I/O Paths                           :  No
  Timing Early Launch at Borrowing Latches   :  No
  Borrow Time for Max Delay Exceptions       :  Yes
  Merge Timing Exceptions                    :  Yes
  Inter-SLR Compensation                     :  Conservative

  Corner  Analyze    Analyze    
  Name    Max Paths  Min Paths  
  ------  ---------  ---------  
  Slow    Yes        Yes        
  Fast    Yes        Yes        


------------------------------------------------------------------------------------------------
| Report Methodology
| ------------------
------------------------------------------------------------------------------------------------

No report available as report_methodology has not been run prior. Run report_methodology on the current design for the summary of methodology violations.



check_timing report

Table of Contents
-----------------
1. checking no_clock (0)
2. checking constant_clock (0)
3. checking pulse_width_clock (0)
4. checking unconstrained_internal_endpoints (0)
5. checking no_input_delay (65)
6. checking no_output_delay (101)
7. checking multiple_clock (0)
8. checking generated_clocks (0)
9. checking loops (0)
10. checking partial_input_delay (0)
11. checking partial_output_delay (0)
12. checking latch_loops (0)

1. checking no_clock (0)
------------------------
 There are 0 register/latch pins with no clock.


2. checking constant_clock (0)
------------------------------
 There are 0 register/latch pins with constant_clock.


3. checking pulse_width_clock (0)
---------------------------------
 There are 0 register/latch pins which need pulse_width check


4. checking unconstrained_internal_endpoints (0)
------------------------------------------------
 There are 0 pins that are not constrained for maximum delay.

 There are 0 pins that are not constrained for maximum delay due to constant clock.


5. checking no_input_delay (65)
-------------------------------
 There are 65 input ports with no input delay specified. (HIGH)

 There are 0 input ports with no input delay but user has a false path constraint.


6. checking no_output_delay (101)
---------------------------------
 There are 101 ports with no output delay specified. (HIGH)

 There are 0 ports with no output delay but user has a false path constraint

 There are 0 ports with no output delay but with a timing clock defined on it or propagating through it


7. checking multiple_clock (0)
------------------------------
 There are 0 register/latch pins with multiple clocks.


8. checking generated_clocks (0)
--------------------------------
 There are 0 generated clocks that are not connected to a clock source.


9. checking loops (0)
---------------------
 There are 0 combinational loops in the design.


10. checking partial_input_delay (0)
------------------------------------
 There are 0 input ports with partial input delay specified.


11. checking partial_output_delay (0)
-------------------------------------
 There are 0 ports with partial output delay specified.


12. checking latch_loops (0)
----------------------------
 There are 0 combinational latch loops in the design through latch input



------------------------------------------------------------------------------------------------
| Design Timing Summary
| ---------------------
------------------------------------------------------------------------------------------------

    WNS(ns)      TNS(ns)  TNS Failing Endpoints  TNS Total Endpoints     WPWS(ns)     TPWS(ns)  TPWS Failing Endpoints  TPWS Total Endpoints  
    -------      -------  ---------------------  -------------------     --------     --------  ----------------------  --------------------  
     -1.754     -101.649                    101                  661        3.750        0.000                       0                   153  


Timing constraints are not met.


------------------------------------------------------------------------------------------------
| Clock Summary
| -------------
------------------------------------------------------------------------------------------------

Clock    Waveform(ns)       Period(ns)      Frequency(MHz)
-----    ------------       ----------      --------------
sys_clk  {0.000 5.000}      10.000          100.000         


------------------------------------------------------------------------------------------------
| Intra Clock Table
| -----------------
------------------------------------------------------------------------------------------------

Clock             WNS(ns)      TNS(ns)  TNS Failing Endpoints  TNS Total Endpoints     WPWS(ns)     TPWS(ns)  TPWS Failing Endpoints  TPWS Total Endpoints  
-----             -------      -------  ---------------------  -------------------     --------     --------  ----------------------  --------------------  
sys_clk            -1.754     -101.649                    101                  661        3.750        0.000                       0                   153  


------------------------------------------------------------------------------------------------
| Inter Clock Table
| -----------------
------------------------------------------------------------------------------------------------

From Clock    To Clock          WNS(ns)      TNS(ns)  TNS Failing Endpoints  TNS Total Endpoints  
----------    --------          -------      -------  ---------------------  -------------------  


------------------------------------------------------------------------------------------------
| Other Path Groups Table
| -----------------------
------------------------------------------------------------------------------------------------

Path Group    From Clock    To Clock          WNS(ns)      TNS(ns)  TNS Failing Endpoints  TNS Total Endpoints  
----------    ----------    --------          -------      -------  ---------------------  -------------------  


------------------------------------------------------------------------------------------------
| Timing Details
| --------------
------------------------------------------------------------------------------------------------


---------------------------------------------------------------------------------------------------
From Clock:  sys_clk
  To Clock:  sys_clk

Setup :          101  Failing Endpoints,  Worst Slack       -1.754ns,  Total Violation     -101.649ns
Hold  :           NA  Failing Endpoints,  Worst Slack           NA  ,  Total Violation           NA
PW    :            0  Failing Endpoints,  Worst Slack        3.750ns,  Total Violation        0.000ns
---------------------------------------------------------------------------------------------------


Max Delay Paths
--------------------------------------------------------------------------------------
Slack (VIOLATED) :        -1.754ns  (required time - arrival time)
  Source:                 u_if_stage/flush_q_reg/C
                            (rising edge-triggered cell FDPE clocked by sys_clk  {rise@0.000ns fall@5.000ns period=10.000ns})
  Destination:            u_if_stage/flush_q_reg/D
                            (rising edge-triggered cell FDPE clocked by sys_clk  {rise@0.000ns fall@5.000ns period=10.000ns})
  Path Group:             sys_clk
  Path Type:              Setup (Max at Slow Process Corner)
  Requirement:            10.000ns  (sys_clk rise@10.000ns - sys_clk rise@0.000ns)
  Data Path Delay:        11.621ns  (logic 2.417ns (20.799%)  route 9.204ns (79.201%))
  Logic Levels:           13  (LUT2=1 LUT5=2 LUT6=7 MUXF7=1 MUXF8=1 RAMD32=1)
  Clock Path Skew:        -0.049ns (DCD - SCD + CPR)
    Destination Clock Delay (DCD):    0.924ns = ( 10.924 - 10.000 ) 
    Source Clock Delay      (SCD):    0.973ns
    Clock Pessimism Removal (CPR):    0.000ns
  Clock Uncertainty:      0.035ns  ((TSJ^2 + TIJ^2)^1/2 + DJ) / 2 + PE
    Total System Jitter     (TSJ):    0.071ns
    Total Input Jitter      (TIJ):    0.000ns
    Discrete Jitter          (DJ):    0.000ns
    Phase Error              (PE):    0.000ns

    Location             Delay type                Incr(ns)  Path(ns)    Netlist Resource(s)
  -------------------------------------------------------------------    -------------------
                         (clock sys_clk rise edge)    0.000     0.000 r  <hidden>
                                                      0.000     0.000 r  clk
                         net (fo=152, unset)          0.973     0.973    u_if_stage/clk
                         FDPE                                         r  u_if_stage/flush_q_reg/C
  -------------------------------------------------------------------    -------------------
                         FDPE (Prop_fdpe_C_Q)         0.362     1.335 f  u_if_stage/flush_q_reg/Q
                         net (fo=103, unplaced)       0.411     1.746    u_if_stage/flush_q
                         LUT2 (Prop_lut2_I1_O)        0.295     2.041 r  u_if_stage/regs_reg_r2_0_31_0_5_i_4/O
                         net (fo=36, unplaced)        1.185     3.226    u_regfile/regs_reg_r2_0_31_0_5/ADDRB1
                         RAMD32 (Prop_ramd32_RADR1_O)
                                                      0.152     3.378 r  u_regfile/regs_reg_r2_0_31_0_5/RAMB/O
                         net (fo=2, unplaced)         0.975     4.353    u_if_stage/rdata20[2]
                         LUT6 (Prop_lut6_I0_O)        0.124     4.477 r  u_if_stage/dmem_addr[2]_INST_0_i_7/O
                         net (fo=110, unplaced)       1.213     5.690    u_if_stage/alu_b[2]
                         LUT6 (Prop_lut6_I1_O)        0.124     5.814 f  u_if_stage/dmem_addr[21]_INST_0_i_13/O
                         net (fo=2, unplaced)         0.913     6.727    u_if_stage/dmem_addr[21]_INST_0_i_13_n_0
                         LUT5 (Prop_lut5_I0_O)        0.124     6.851 f  u_if_stage/dmem_addr[19]_INST_0_i_10/O
                         net (fo=2, unplaced)         0.913     7.764    u_if_stage/dmem_addr[19]_INST_0_i_10_n_0
                         LUT6 (Prop_lut6_I0_O)        0.124     7.888 f  u_if_stage/dmem_addr[18]_INST_0_i_5/O
                         net (fo=1, unplaced)         0.000     7.888    u_if_stage/dmem_addr[18]_INST_0_i_5_n_0
                         MUXF7 (Prop_muxf7_I0_O)      0.209     8.097 f  u_if_stage/dmem_addr[18]_INST_0_i_2/O
                         net (fo=2, unplaced)         0.000     8.097    u_if_stage/dmem_addr[18]_INST_0_i_2_n_0
                         MUXF8 (Prop_muxf8_I1_O)      0.088     8.185 f  u_if_stage/pc_reg[31]_i_31/O
                         net (fo=1, unplaced)         0.611     8.796    u_if_stage/pc_reg[31]_i_31_n_0
                         LUT5 (Prop_lut5_I0_O)        0.319     9.115 r  u_if_stage/pc[31]_i_26/O
                         net (fo=1, unplaced)         1.111    10.226    u_if_stage/pc[31]_i_26_n_0
                         LUT6 (Prop_lut6_I1_O)        0.124    10.350 f  u_if_stage/pc[31]_i_18/O
                         net (fo=1, unplaced)         0.902    11.252    u_if_stage/pc[31]_i_18_n_0
                         LUT6 (Prop_lut6_I0_O)        0.124    11.376 r  u_if_stage/pc[31]_i_11/O
                         net (fo=1, unplaced)         0.449    11.825    u_if_stage/alu_zero
                         LUT6 (Prop_lut6_I0_O)        0.124    11.949 r  u_if_stage/pc[31]_i_4/O
                         net (fo=33, unplaced)        0.521    12.470    u_if_stage/branch_taken
                         LUT6 (Prop_lut6_I0_O)        0.124    12.594 r  u_if_stage/flush_q_i_1/O
                         net (fo=1, unplaced)         0.000    12.594    u_if_stage/flush
                         FDPE                                         r  u_if_stage/flush_q_reg/D
  -------------------------------------------------------------------    -------------------

                         (clock sys_clk rise edge)   10.000    10.000 r  <hidden>
                                                      0.000    10.000 r  clk
                         net (fo=152, unset)          0.924    10.924    u_if_stage/clk
                         FDPE                                         r  u_if_stage/flush_q_reg/C
                         clock pessimism              0.000    10.924    <hidden>
                         clock uncertainty           -0.035    10.889    <hidden>
                         FDPE (Setup_fdpe_C_D)       -0.049    10.840    u_if_stage/flush_q_reg
  -------------------------------------------------------------------
                         required time                         10.840    <hidden>
                         arrival time                         -12.594    <hidden>
  -------------------------------------------------------------------
                         slack                                 -1.754    <hidden>





Pulse Width Checks
--------------------------------------------------------------------------------------
Clock Name:         sys_clk
Waveform(ns):       { 0.000 5.000 }
Period(ns):         10.000
Sources:            { clk }

Check Type        Corner  Lib Pin     Reference Pin  Required(ns)  Actual(ns)  Slack(ns)  Location  Pin
Min Period        n/a     FDPE/C      n/a            1.000         10.000      9.000                u_if_stage/flush_q_reg/C
Low Pulse Width   Slow    RAMD32/CLK  n/a            1.250         5.000       3.750                u_regfile/regs_reg_r1_0_31_0_5/RAMA/CLK
High Pulse Width  Slow    RAMD32/CLK  n/a            1.250         5.000       3.750                u_regfile/regs_reg_r1_0_31_0_5/RAMA/CLK



