Copyright 1986-2022 Xilinx, Inc. All Rights Reserved. Copyright 2022-2026 Advanced Micro Devices, Inc. All Rights Reserved.
-----------------------------------------------------------------------------------------------------------------------------------------------------------------
| Tool Version : Vivado v.2026.1 (win64) Build 6511674 Tue Jun 16 11:02:23 MDT 2026
| Date         : Tue Oct  6 23:08:19 2026
| Host         : Walter-Cooper running 64-bit major release  (build 9200)
| Command      : report_timing_summary -file D:/Desktop/contests/2026fpga/FPGA-Alittle-Design/build/reports/fmax/v1_bht2_11p52ns/timing_impl.rpt -delay_type max
| Design       : core_top
| Device       : 7z020-clg400
| Speed File   : -1  PRODUCTION 1.12 2019-11-22
| Design State : Routed
-----------------------------------------------------------------------------------------------------------------------------------------------------------------

Timing Summary Report

------------------------------------------------------------------------------------------------
| Timer Settings
| --------------
------------------------------------------------------------------------------------------------

  Enable Multi Corner Analysis               :  Yes
  Enable Pessimism Removal                   :  Yes
  Pessimism Removal Resolution               :  Nearest Common Node
  Enable Input Delay Default Clock           :  No
  Enable Preset / Clear Arcs                 :  No
  Disable Flight Delays                      :  No
  Ignore I/O Paths                           :  No
  Timing Early Launch at Borrowing Latches   :  No
  Borrow Time for Max Delay Exceptions       :  Yes
  Merge Timing Exceptions                    :  Yes
  Inter-SLR Compensation                     :  Conservative

  Corner  Analyze    Analyze    
  Name    Max Paths  Min Paths  
  ------  ---------  ---------  
  Slow    Yes        Yes        
  Fast    Yes        Yes        


------------------------------------------------------------------------------------------------
| Report Methodology
| ------------------
------------------------------------------------------------------------------------------------

No report available as report_methodology has not been run prior. Run report_methodology on the current design for the summary of methodology violations.



check_timing report

Table of Contents
-----------------
1. checking no_clock (0)
2. checking constant_clock (0)
3. checking pulse_width_clock (0)
4. checking unconstrained_internal_endpoints (0)
5. checking no_input_delay (65)
6. checking no_output_delay (101)
7. checking multiple_clock (0)
8. checking generated_clocks (0)
9. checking loops (0)
10. checking partial_input_delay (0)
11. checking partial_output_delay (0)
12. checking latch_loops (0)

1. checking no_clock (0)
------------------------
 There are 0 register/latch pins with no clock.


2. checking constant_clock (0)
------------------------------
 There are 0 register/latch pins with constant_clock.


3. checking pulse_width_clock (0)
---------------------------------
 There are 0 register/latch pins which need pulse_width check


4. checking unconstrained_internal_endpoints (0)
------------------------------------------------
 There are 0 pins that are not constrained for maximum delay.

 There are 0 pins that are not constrained for maximum delay due to constant clock.


5. checking no_input_delay (65)
-------------------------------
 There are 65 input ports with no input delay specified. (HIGH)

 There are 0 input ports with no input delay but user has a false path constraint.


6. checking no_output_delay (101)
---------------------------------
 There are 101 ports with no output delay specified. (HIGH)

 There are 0 ports with no output delay but user has a false path constraint

 There are 0 ports with no output delay but with a timing clock defined on it or propagating through it


7. checking multiple_clock (0)
------------------------------
 There are 0 register/latch pins with multiple clocks.


8. checking generated_clocks (0)
--------------------------------
 There are 0 generated clocks that are not connected to a clock source.


9. checking loops (0)
---------------------
 There are 0 combinational loops in the design.


10. checking partial_input_delay (0)
------------------------------------
 There are 0 input ports with partial input delay specified.


11. checking partial_output_delay (0)
-------------------------------------
 There are 0 ports with partial output delay specified.


12. checking latch_loops (0)
----------------------------
 There are 0 combinational latch loops in the design through latch input



------------------------------------------------------------------------------------------------
| Design Timing Summary
| ---------------------
------------------------------------------------------------------------------------------------

    WNS(ns)      TNS(ns)  TNS Failing Endpoints  TNS Total Endpoints     WPWS(ns)     TPWS(ns)  TPWS Failing Endpoints  TPWS Total Endpoints  
    -------      -------  ---------------------  -------------------     --------     --------  ----------------------  --------------------  
     -0.334       -2.038                     11                 1635        4.510        0.000                       0                   725  


Timing constraints are not met.


------------------------------------------------------------------------------------------------
| Clock Summary
| -------------
------------------------------------------------------------------------------------------------

Clock    Waveform(ns)       Period(ns)      Frequency(MHz)
-----    ------------       ----------      --------------
sys_clk  {0.000 5.760}      11.520          86.806          


------------------------------------------------------------------------------------------------
| Intra Clock Table
| -----------------
------------------------------------------------------------------------------------------------

Clock             WNS(ns)      TNS(ns)  TNS Failing Endpoints  TNS Total Endpoints     WPWS(ns)     TPWS(ns)  TPWS Failing Endpoints  TPWS Total Endpoints  
-----             -------      -------  ---------------------  -------------------     --------     --------  ----------------------  --------------------  
sys_clk            -0.334       -2.038                     11                 1635        4.510        0.000                       0                   725  


------------------------------------------------------------------------------------------------
| Inter Clock Table
| -----------------
------------------------------------------------------------------------------------------------

From Clock    To Clock          WNS(ns)      TNS(ns)  TNS Failing Endpoints  TNS Total Endpoints  
----------    --------          -------      -------  ---------------------  -------------------  


------------------------------------------------------------------------------------------------
| Other Path Groups Table
| -----------------------
------------------------------------------------------------------------------------------------

Path Group    From Clock    To Clock          WNS(ns)      TNS(ns)  TNS Failing Endpoints  TNS Total Endpoints  
----------    ----------    --------          -------      -------  ---------------------  -------------------  


------------------------------------------------------------------------------------------------
| Timing Details
| --------------
------------------------------------------------------------------------------------------------


---------------------------------------------------------------------------------------------------
From Clock:  sys_clk
  To Clock:  sys_clk

Setup :           11  Failing Endpoints,  Worst Slack       -0.334ns,  Total Violation       -2.038ns
Hold  :           NA  Failing Endpoints,  Worst Slack           NA  ,  Total Violation           NA
PW    :            0  Failing Endpoints,  Worst Slack        4.510ns,  Total Violation        0.000ns
---------------------------------------------------------------------------------------------------


Max Delay Paths
--------------------------------------------------------------------------------------
Slack (VIOLATED) :        -0.334ns  (required time - arrival time)
  Source:                 u_if_stage/instr_hold_reg[5]/C
                            (rising edge-triggered cell FDCE clocked by sys_clk  {rise@0.000ns fall@5.760ns period=11.520ns})
  Destination:            u_pc/pc_reg[27]/D
                            (rising edge-triggered cell FDCE clocked by sys_clk  {rise@0.000ns fall@5.760ns period=11.520ns})
  Path Group:             sys_clk
  Path Type:              Setup (Max at Slow Process Corner)
  Requirement:            11.520ns  (sys_clk rise@11.520ns - sys_clk rise@0.000ns)
  Data Path Delay:        11.860ns  (logic 3.965ns (33.433%)  route 7.895ns (66.567%))
  Logic Levels:           17  (CARRY4=8 LUT2=1 LUT3=1 LUT4=2 LUT5=2 LUT6=3)
  Clock Path Skew:        0.009ns (DCD - SCD + CPR)
    Destination Clock Delay (DCD):    1.561ns = ( 13.081 - 11.520 ) 
    Source Clock Delay      (SCD):    1.667ns
    Clock Pessimism Removal (CPR):    0.115ns
  Clock Uncertainty:      0.035ns  ((TSJ^2 + TIJ^2)^1/2 + DJ) / 2 + PE
    Total System Jitter     (TSJ):    0.071ns
    Total Input Jitter      (TIJ):    0.000ns
    Discrete Jitter          (DJ):    0.000ns
    Phase Error              (PE):    0.000ns

    Location             Delay type                Incr(ns)  Path(ns)    Netlist Resource(s)
  -------------------------------------------------------------------    -------------------
                         (clock sys_clk rise edge)    0.000     0.000 r  <hidden>
                                                      0.000     0.000 r  clk
                         net (fo=724, unset)          1.667     1.667    u_if_stage/clk
    SLICE_X48Y5          FDCE                                         r  u_if_stage/instr_hold_reg[5]/C
  -------------------------------------------------------------------    -------------------
    SLICE_X48Y5          FDCE (Prop_fdce_C_Q)         0.419     2.086 r  u_if_stage/instr_hold_reg[5]/Q
                         net (fo=8, routed)           1.020     3.106    u_if_stage/instr_hold[5]
    SLICE_X48Y9          LUT4 (Prop_lut4_I0_O)        0.299     3.405 r  u_if_stage/mem_mask_sel[0]_i_2/O
                         net (fo=15, routed)          1.452     4.857    u_if_stage/instr[5]
    SLICE_X49Y6          LUT6 (Prop_lut6_I1_O)        0.124     4.981 r  u_if_stage/y0_carry_i_9/O
                         net (fo=45, routed)          1.088     6.069    u_if_stage/y0_carry_i_9_n_0
    SLICE_X40Y5          LUT4 (Prop_lut4_I1_O)        0.124     6.193 r  u_if_stage/y0_carry_i_4/O
                         net (fo=20, routed)          1.129     7.322    u_if_stage/pc_id_r_reg[0]_0
    SLICE_X32Y7          LUT2 (Prop_lut2_I0_O)        0.124     7.446 r  u_if_stage/y0_carry_i_8/O
                         net (fo=1, routed)           0.000     7.446    u_id_ex/u_alu/mem_addr[0]_i_3[0]
    SLICE_X32Y7          CARRY4 (Prop_carry4_S[0]_O[2])
                                                      0.544     7.990 f  u_id_ex/u_alu/y0_carry/O[2]
                         net (fo=1, routed)           0.818     8.809    u_if_stage/data0[2]
    SLICE_X31Y4          LUT6 (Prop_lut6_I1_O)        0.301     9.110 f  u_if_stage/mem_addr[2]_i_15/O
                         net (fo=1, routed)           0.350     9.459    u_if_stage/mem_addr[2]_i_15_n_0
    SLICE_X30Y4          LUT5 (Prop_lut5_I3_O)        0.124     9.583 f  u_if_stage/mem_addr[2]_i_6/O
                         net (fo=1, routed)           0.661    10.244    u_if_stage/mem_addr[2]_i_6_n_0
    SLICE_X30Y5          LUT6 (Prop_lut6_I4_O)        0.124    10.368 f  u_if_stage/mem_addr[2]_i_1/O
                         net (fo=5, routed)           0.822    11.190    u_if_stage/ex_addr[2]
    SLICE_X30Y11         LUT3 (Prop_lut3_I2_O)        0.124    11.314 r  u_if_stage/imem_addr[2]_INST_0_i_1/O
                         net (fo=2, routed)           0.000    11.314    u_if_stage/pc[4]_i_8_n_0
    SLICE_X30Y11         CARRY4 (Prop_carry4_S[1]_CO[3])
                                                      0.533    11.847 r  u_if_stage/pc_reg[4]_i_3/CO[3]
                         net (fo=1, routed)           0.000    11.847    u_if_stage/pc_reg[4]_i_3_n_0
    SLICE_X30Y12         CARRY4 (Prop_carry4_CI_CO[3])
                                                      0.117    11.964 r  u_if_stage/pc_reg[8]_i_3/CO[3]
                         net (fo=1, routed)           0.000    11.964    u_if_stage/pc_reg[8]_i_3_n_0
    SLICE_X30Y13         CARRY4 (Prop_carry4_CI_CO[3])
                                                      0.117    12.081 r  u_if_stage/pc_reg[12]_i_3/CO[3]
                         net (fo=1, routed)           0.000    12.081    u_if_stage/pc_reg[12]_i_3_n_0
    SLICE_X30Y14         CARRY4 (Prop_carry4_CI_CO[3])
                                                      0.117    12.198 r  u_if_stage/pc_reg[16]_i_3/CO[3]
                         net (fo=1, routed)           0.000    12.198    u_if_stage/pc_reg[16]_i_3_n_0
    SLICE_X30Y15         CARRY4 (Prop_carry4_CI_CO[3])
                                                      0.117    12.315 r  u_if_stage/pc_reg[20]_i_3/CO[3]
                         net (fo=1, routed)           0.000    12.315    u_if_stage/pc_reg[20]_i_3_n_0
    SLICE_X30Y16         CARRY4 (Prop_carry4_CI_CO[3])
                                                      0.117    12.432 r  u_if_stage/pc_reg[24]_i_3/CO[3]
                         net (fo=1, routed)           0.000    12.432    u_if_stage/pc_reg[24]_i_3_n_0
    SLICE_X30Y17         CARRY4 (Prop_carry4_CI_O[2])
                                                      0.239    12.671 r  u_if_stage/pc_reg[28]_i_3/O[2]
                         net (fo=1, routed)           0.555    13.226    u_if_stage/pc_target0[27]
    SLICE_X28Y18         LUT5 (Prop_lut5_I2_O)        0.301    13.527 r  u_if_stage/pc[27]_i_1/O
                         net (fo=1, routed)           0.000    13.527    u_pc/pc_reg[31]_2[27]
    SLICE_X28Y18         FDCE                                         r  u_pc/pc_reg[27]/D
  -------------------------------------------------------------------    -------------------

                         (clock sys_clk rise edge)   11.520    11.520 r  <hidden>
                                                      0.000    11.520 r  clk
                         net (fo=724, unset)          1.561    13.081    u_pc/clk
    SLICE_X28Y18         FDCE                                         r  u_pc/pc_reg[27]/C
                         clock pessimism              0.115    13.196    <hidden>
                         clock uncertainty           -0.035    13.161    <hidden>
    SLICE_X28Y18         FDCE (Setup_fdce_C_D)        0.032    13.193    u_pc/pc_reg[27]
  -------------------------------------------------------------------
                         required time                         13.193    <hidden>
                         arrival time                         -13.527    <hidden>
  -------------------------------------------------------------------
                         slack                                 -0.334    <hidden>





Pulse Width Checks
--------------------------------------------------------------------------------------
Clock Name:         sys_clk
Waveform(ns):       { 0.000 5.760 }
Period(ns):         11.520
Sources:            { clk }

Check Type        Corner  Lib Pin     Reference Pin  Required(ns)  Actual(ns)  Slack(ns)  Location     Pin
Min Period        n/a     FDCE/C      n/a            1.000         11.520      10.520     SLICE_X48Y3  muldiv_pending_reg/C
Low Pulse Width   Slow    RAMD32/CLK  n/a            1.250         5.760       4.510      SLICE_X46Y6  u_regfile/regs_reg_r1_0_31_0_5/RAMA/CLK
High Pulse Width  Slow    RAMD32/CLK  n/a            1.250         5.760       4.510      SLICE_X46Y6  u_regfile/regs_reg_r1_0_31_0_5/RAMA/CLK



