Expected a switch but found .

****** Vivado Simulator v2026.1
  **** Copyright 1986-2022 Xilinx, Inc. All Rights Reserved.
  **** Copyright 2022-2026 Advanced Micro Devices, Inc. All Rights Reserved.

Usage: D:/Vivado_downloads/2026.1/Vivado/bin/unwrapped/win64.o/xsim.exe [options]
(Switches with double dash '--' can also be used with a single dash '-')
    --R                  : Run simulation till end i.e. do 'run all;quit'
    --autoloadwcfg       : Load already saved waveform configuration file
    --clear_child_on_exit : Clear child processes upon exiting simulation (only applicable to Linux).
    --cov_db_dir         : Directory where the Functional Coverage database will be saved. The functional coverage data will be present under <cov_db_dir_argvalue>/xsim.covdb/<cov_db_name_argvalue> directory. Default is ./ or inherits value set in xelab.
    --cov_db_name        : Database name under which Functional Coverage database will be saved. The functional coverage data will be present under <cov_db_dir_argvalue>/xsim.covdb/<cov_db_name_argvalue> directory. Default is snapshot name or inherits value set in xelab.
    --disable_circular_dependency_check : Disable runtime error for cyclic/circular dependency in constraint randomization.
    --disable_multi_driver_resolution_scheduling : Revert to original multi driver resolution flow during scheduling the processes
    --downgrade_error2info : Downgrade severity level of HDL messages from Error to Info.
    --downgrade_error2warning : Downgrade severity level of HDL messages from Error to Warning.
    --downgrade_fatal2info : Downgrade severity level of HDL messages from Fatal to Info.
    --downgrade_fatal2warning : Downgrade severity level of HDL messages from Fatal to Warning.
    --downgrade_severity : Downgrade severity level of HDL messages. Choices are:error2warning|error2info|fatal2warning|fatal2info
    --f                  : Take command line options from a file
    --file               : Take command line options from a file
    --g                  : Run with interactive GUI
    --gui                : Run with interactive GUI
    --h                  : Print help message and exit
    --help               : Print help message and exit
    --ieeewarnings       : Enable warnings from VHDL IEEE functions
    --ignore_assertions  : Ignore System Verilog Concurrent Assertions.
    --ignore_coverage    : Ignore System Verilog Functional Coverage.
    --ignore_feature     : Ignore effect of specific HDL feature or construct. Choices are: assertion
    --log                : Specify the log file name
    --maxdeltaid         : Specify the maximum delta number. Will report error if it exceeds maximum simulation loops at the same time
    --maxlogsize         : Set the maximum size a log file can reach in MB. The default setting is unlimited
    --nolog              : Suppress log file generation
    --onerror            : Specify behavior upon simulation run-time error: quit|stop
    --onfinish           : Specify behavior at end of simulation: quit|stop
    --protoinst          : Specify a .protoinst file for protocol analysis
    --runall             : Run simulation till end i.e. do 'run all;quit'
    --stats              : Display memory and cpu stats upon exiting
    --sv_seed            : seed for sv constraint random
    --t                  : Specify the TCL file for batch mode execution
    --tclbatch           : Specify the TCL file for batch mode execution
    --tempDir            : Specify the temporary directory name
    --testplusarg        : Specify plus args to be used by $test$plusargs and $value$plusargs system functions
    --tl                 : Enable printing of file name and line number of statements being executed.
    --tp                 : Enable printing of hierarchical names of process being executed.
    --version            : Print the simulator version and quit.
    --view               : Open a wave configuration file. This switch should be used together with -gui switch
    --wdb                : Specify the waveform database output file.
    --xsimdir            : Location of xsim.dir directory. Default location is "." i.e. current run directory.
