Copyright 1986-2022 Xilinx, Inc. All Rights Reserved. Copyright 2022-2026 Advanced Micro Devices, Inc. All Rights Reserved.
----------------------------------------------------------------------------------------------------------------------------------------------------------------------------------
| Tool Version : Vivado v.2026.1 (win64) Build 6511674 Tue Jun 16 11:02:23 MDT 2026
| Date         : Wed Oct  7 16:42:50 2026
| Host         : never-die-cold running 64-bit major release  (build 9200)
| Command      : report_timing -delay_type max -max_paths 10 -sort_by group -file E:/Projects/FPGA-Alittle-Design/build/reports/fmax/v1_nofwd_10ns_postopt/timing_worst_paths.rpt
| Design       : core_top
| Device       : 7z020-clg400
| Speed File   : -1  PRODUCTION 1.12 2019-11-22
| Design State : Routed
----------------------------------------------------------------------------------------------------------------------------------------------------------------------------------

Timing Report

Slack (MET) :             0.051ns  (required time - arrival time)
  Source:                 u_if_stage/stall_q_reg/C
                            (rising edge-triggered cell FDCE clocked by sys_clk  {rise@0.000ns fall@5.000ns period=10.000ns})
  Destination:            u_pc/pc_reg[14]/D
                            (rising edge-triggered cell FDCE clocked by sys_clk  {rise@0.000ns fall@5.000ns period=10.000ns})
  Path Group:             sys_clk
  Path Type:              Setup (Max at Slow Process Corner)
  Requirement:            10.000ns  (sys_clk rise@10.000ns - sys_clk rise@0.000ns)
  Data Path Delay:        9.891ns  (logic 2.749ns (27.794%)  route 7.142ns (72.206%))
  Logic Levels:           13  (CARRY4=4 LUT2=1 LUT3=1 LUT5=1 LUT6=6)
  Clock Path Skew:        -0.054ns (DCD - SCD + CPR)
    Destination Clock Delay (DCD):    1.486ns = ( 11.486 - 10.000 ) 
    Source Clock Delay      (SCD):    1.655ns
    Clock Pessimism Removal (CPR):    0.115ns
  Clock Uncertainty:      0.035ns  ((TSJ^2 + TIJ^2)^1/2 + DJ) / 2 + PE
    Total System Jitter     (TSJ):    0.071ns
    Total Input Jitter      (TIJ):    0.000ns
    Discrete Jitter          (DJ):    0.000ns
    Phase Error              (PE):    0.000ns

    Location             Delay type                Incr(ns)  Path(ns)    Netlist Resource(s)
  -------------------------------------------------------------------    -------------------
                         (clock sys_clk rise edge)    0.000     0.000 r  <hidden>
                                                      0.000     0.000 r  clk
                         net (fo=596, unset)          1.655     1.655    u_if_stage/clk
    SLICE_X37Y21         FDCE                                         r  u_if_stage/stall_q_reg/C
  -------------------------------------------------------------------    -------------------
    SLICE_X37Y21         FDCE (Prop_fdce_C_Q)         0.456     2.111 r  u_if_stage/stall_q_reg/Q
                         net (fo=134, routed)         1.047     3.158    u_if_stage/stall_q
    SLICE_X36Y18         LUT3 (Prop_lut3_I1_O)        0.124     3.282 r  u_if_stage/mem_reg_write_i_5/O
                         net (fo=20, routed)          1.316     4.597    u_if_stage/instr[5]
    SLICE_X34Y17         LUT6 (Prop_lut6_I1_O)        0.124     4.721 r  u_if_stage/imem_addr[3]_INST_0_i_24/O
                         net (fo=4, routed)           0.728     5.449    u_if_stage/imem_addr[3]_INST_0_i_24_n_0
    SLICE_X29Y19         LUT6 (Prop_lut6_I2_O)        0.124     5.573 r  u_if_stage/lt_carry_i_19/O
                         net (fo=3, routed)           0.457     6.030    u_if_stage/lt_carry_i_19_n_0
    SLICE_X29Y19         LUT6 (Prop_lut6_I1_O)        0.124     6.154 r  u_if_stage/lt_carry_i_15/O
                         net (fo=23, routed)          0.648     6.802    u_if_stage/lt_carry_i_15_n_0
    SLICE_X27Y22         LUT2 (Prop_lut2_I1_O)        0.124     6.926 r  u_if_stage/y0_carry_i_8/O
                         net (fo=1, routed)           0.000     6.926    u_id_ex/u_alu/mem_result[0]_i_5[0]
    SLICE_X27Y22         CARRY4 (Prop_carry4_S[0]_CO[3])
                                                      0.532     7.458 r  u_id_ex/u_alu/y0_carry/CO[3]
                         net (fo=1, routed)           0.000     7.458    u_id_ex/u_alu/y0_carry_n_0
    SLICE_X27Y23         CARRY4 (Prop_carry4_CI_CO[3])
                                                      0.114     7.572 r  u_id_ex/u_alu/y0_carry__0/CO[3]
                         net (fo=1, routed)           0.000     7.572    u_id_ex/u_alu/y0_carry__0_n_0
    SLICE_X27Y24         CARRY4 (Prop_carry4_CI_CO[3])
                                                      0.114     7.686 r  u_id_ex/u_alu/y0_carry__1/CO[3]
                         net (fo=1, routed)           0.009     7.695    u_id_ex/u_alu/y0_carry__1_n_0
    SLICE_X27Y25         CARRY4 (Prop_carry4_CI_O[2])
                                                      0.239     7.934 r  u_id_ex/u_alu/y0_carry__2/O[2]
                         net (fo=1, routed)           0.711     8.645    u_if_stage/data0[14]
    SLICE_X22Y24         LUT5 (Prop_lut5_I3_O)        0.302     8.947 r  u_if_stage/imem_addr[14]_INST_0_i_8/O
                         net (fo=1, routed)           0.680     9.627    u_if_stage/imem_addr[14]_INST_0_i_8_n_0
    SLICE_X22Y24         LUT6 (Prop_lut6_I4_O)        0.124     9.751 r  u_if_stage/imem_addr[14]_INST_0_i_4/O
                         net (fo=1, routed)           0.673    10.424    u_if_stage/imem_addr[14]_INST_0_i_4_n_0
    SLICE_X26Y22         LUT6 (Prop_lut6_I0_O)        0.124    10.548 r  u_if_stage/imem_addr[14]_INST_0_i_1/O
                         net (fo=4, routed)           0.873    11.422    u_if_stage/ex_addr[14]
    SLICE_X35Y18         LUT6 (Prop_lut6_I2_O)        0.124    11.546 r  u_if_stage/pc[14]_i_1/O
                         net (fo=1, routed)           0.000    11.546    u_pc/D[14]
    SLICE_X35Y18         FDCE                                         r  u_pc/pc_reg[14]/D
  -------------------------------------------------------------------    -------------------

                         (clock sys_clk rise edge)   10.000    10.000 r  <hidden>
                                                      0.000    10.000 r  clk
                         net (fo=596, unset)          1.486    11.486    u_pc/clk
    SLICE_X35Y18         FDCE                                         r  u_pc/pc_reg[14]/C
                         clock pessimism              0.115    11.601    <hidden>
                         clock uncertainty           -0.035    11.566    <hidden>
    SLICE_X35Y18         FDCE (Setup_fdce_C_D)        0.031    11.597    u_pc/pc_reg[14]
  -------------------------------------------------------------------
                         required time                         11.597    <hidden>
                         arrival time                         -11.546    <hidden>
  -------------------------------------------------------------------
                         slack                                  0.051    <hidden>

Slack (MET) :             0.131ns  (required time - arrival time)
  Source:                 u_if_stage/stall_q_reg/C
                            (rising edge-triggered cell FDCE clocked by sys_clk  {rise@0.000ns fall@5.000ns period=10.000ns})
  Destination:            u_pc/pc_reg[27]/D
                            (rising edge-triggered cell FDCE clocked by sys_clk  {rise@0.000ns fall@5.000ns period=10.000ns})
  Path Group:             sys_clk
  Path Type:              Setup (Max at Slow Process Corner)
  Requirement:            10.000ns  (sys_clk rise@10.000ns - sys_clk rise@0.000ns)
  Data Path Delay:        9.806ns  (logic 3.169ns (32.316%)  route 6.637ns (67.684%))
  Logic Levels:           16  (CARRY4=7 LUT2=1 LUT3=1 LUT5=1 LUT6=6)
  Clock Path Skew:        -0.056ns (DCD - SCD + CPR)
    Destination Clock Delay (DCD):    1.484ns = ( 11.484 - 10.000 ) 
    Source Clock Delay      (SCD):    1.655ns
    Clock Pessimism Removal (CPR):    0.115ns
  Clock Uncertainty:      0.035ns  ((TSJ^2 + TIJ^2)^1/2 + DJ) / 2 + PE
    Total System Jitter     (TSJ):    0.071ns
    Total Input Jitter      (TIJ):    0.000ns
    Discrete Jitter          (DJ):    0.000ns
    Phase Error              (PE):    0.000ns

    Location             Delay type                Incr(ns)  Path(ns)    Netlist Resource(s)
  -------------------------------------------------------------------    -------------------
                         (clock sys_clk rise edge)    0.000     0.000 r  <hidden>
                                                      0.000     0.000 r  clk
                         net (fo=596, unset)          1.655     1.655    u_if_stage/clk
    SLICE_X37Y21         FDCE                                         r  u_if_stage/stall_q_reg/C
  -------------------------------------------------------------------    -------------------
    SLICE_X37Y21         FDCE (Prop_fdce_C_Q)         0.456     2.111 r  u_if_stage/stall_q_reg/Q
                         net (fo=134, routed)         1.047     3.158    u_if_stage/stall_q
    SLICE_X36Y18         LUT3 (Prop_lut3_I1_O)        0.124     3.282 r  u_if_stage/mem_reg_write_i_5/O
                         net (fo=20, routed)          1.316     4.597    u_if_stage/instr[5]
    SLICE_X34Y17         LUT6 (Prop_lut6_I1_O)        0.124     4.721 r  u_if_stage/imem_addr[3]_INST_0_i_24/O
                         net (fo=4, routed)           0.728     5.449    u_if_stage/imem_addr[3]_INST_0_i_24_n_0
    SLICE_X29Y19         LUT6 (Prop_lut6_I2_O)        0.124     5.573 r  u_if_stage/lt_carry_i_19/O
                         net (fo=3, routed)           0.457     6.030    u_if_stage/lt_carry_i_19_n_0
    SLICE_X29Y19         LUT6 (Prop_lut6_I1_O)        0.124     6.154 r  u_if_stage/lt_carry_i_15/O
                         net (fo=23, routed)          0.648     6.802    u_if_stage/lt_carry_i_15_n_0
    SLICE_X27Y22         LUT2 (Prop_lut2_I1_O)        0.124     6.926 r  u_if_stage/y0_carry_i_8/O
                         net (fo=1, routed)           0.000     6.926    u_id_ex/u_alu/mem_result[0]_i_5[0]
    SLICE_X27Y22         CARRY4 (Prop_carry4_S[0]_CO[3])
                                                      0.532     7.458 r  u_id_ex/u_alu/y0_carry/CO[3]
                         net (fo=1, routed)           0.000     7.458    u_id_ex/u_alu/y0_carry_n_0
    SLICE_X27Y23         CARRY4 (Prop_carry4_CI_CO[3])
                                                      0.114     7.572 r  u_id_ex/u_alu/y0_carry__0/CO[3]
                         net (fo=1, routed)           0.000     7.572    u_id_ex/u_alu/y0_carry__0_n_0
    SLICE_X27Y24         CARRY4 (Prop_carry4_CI_CO[3])
                                                      0.114     7.686 r  u_id_ex/u_alu/y0_carry__1/CO[3]
                         net (fo=1, routed)           0.009     7.695    u_id_ex/u_alu/y0_carry__1_n_0
    SLICE_X27Y25         CARRY4 (Prop_carry4_CI_CO[3])
                                                      0.114     7.809 r  u_id_ex/u_alu/y0_carry__2/CO[3]
                         net (fo=1, routed)           0.000     7.809    u_id_ex/u_alu/y0_carry__2_n_0
    SLICE_X27Y26         CARRY4 (Prop_carry4_CI_CO[3])
                                                      0.114     7.923 r  u_id_ex/u_alu/y0_carry__3/CO[3]
                         net (fo=1, routed)           0.000     7.923    u_id_ex/u_alu/y0_carry__3_n_0
    SLICE_X27Y27         CARRY4 (Prop_carry4_CI_CO[3])
                                                      0.114     8.037 r  u_id_ex/u_alu/y0_carry__4/CO[3]
                         net (fo=1, routed)           0.000     8.037    u_id_ex/u_alu/y0_carry__4_n_0
    SLICE_X27Y28         CARRY4 (Prop_carry4_CI_O[3])
                                                      0.313     8.350 r  u_id_ex/u_alu/y0_carry__5/O[3]
                         net (fo=1, routed)           0.719     9.069    u_if_stage/data0[27]
    SLICE_X27Y31         LUT5 (Prop_lut5_I3_O)        0.306     9.375 r  u_if_stage/imem_addr[27]_INST_0_i_12/O
                         net (fo=1, routed)           0.422     9.796    u_if_stage/imem_addr[27]_INST_0_i_12_n_0
    SLICE_X28Y31         LUT6 (Prop_lut6_I4_O)        0.124     9.920 r  u_if_stage/imem_addr[27]_INST_0_i_3/O
                         net (fo=2, routed)           0.799    10.719    u_if_stage/imem_addr[27]_INST_0_i_3_n_0
    SLICE_X32Y29         LUT6 (Prop_lut6_I2_O)        0.124    10.843 r  u_if_stage/imem_addr[27]_INST_0_i_1/O
                         net (fo=2, routed)           0.494    11.337    u_if_stage/redirect_target[27]
    SLICE_X33Y29         LUT6 (Prop_lut6_I4_O)        0.124    11.461 r  u_if_stage/pc[27]_i_1/O
                         net (fo=1, routed)           0.000    11.461    u_pc/D[27]
    SLICE_X33Y29         FDCE                                         r  u_pc/pc_reg[27]/D
  -------------------------------------------------------------------    -------------------

                         (clock sys_clk rise edge)   10.000    10.000 r  <hidden>
                                                      0.000    10.000 r  clk
                         net (fo=596, unset)          1.484    11.484    u_pc/clk
    SLICE_X33Y29         FDCE                                         r  u_pc/pc_reg[27]/C
                         clock pessimism              0.115    11.599    <hidden>
                         clock uncertainty           -0.035    11.564    <hidden>
    SLICE_X33Y29         FDCE (Setup_fdce_C_D)        0.029    11.593    u_pc/pc_reg[27]
  -------------------------------------------------------------------
                         required time                         11.593    <hidden>
                         arrival time                         -11.461    <hidden>
  -------------------------------------------------------------------
                         slack                                  0.131    <hidden>

Slack (MET) :             0.151ns  (required time - arrival time)
  Source:                 u_if_stage/stall_q_reg/C
                            (rising edge-triggered cell FDCE clocked by sys_clk  {rise@0.000ns fall@5.000ns period=10.000ns})
  Destination:            u_if_stage/pc_id_r_reg[13]/D
                            (rising edge-triggered cell FDCE clocked by sys_clk  {rise@0.000ns fall@5.000ns period=10.000ns})
  Path Group:             sys_clk
  Path Type:              Setup (Max at Slow Process Corner)
  Requirement:            10.000ns  (sys_clk rise@10.000ns - sys_clk rise@0.000ns)
  Data Path Delay:        9.840ns  (logic 1.700ns (17.276%)  route 8.140ns (82.724%))
  Logic Levels:           8  (LUT3=1 LUT5=3 LUT6=4)
  Clock Path Skew:        -0.052ns (DCD - SCD + CPR)
    Destination Clock Delay (DCD):    1.488ns = ( 11.488 - 10.000 ) 
    Source Clock Delay      (SCD):    1.655ns
    Clock Pessimism Removal (CPR):    0.115ns
  Clock Uncertainty:      0.035ns  ((TSJ^2 + TIJ^2)^1/2 + DJ) / 2 + PE
    Total System Jitter     (TSJ):    0.071ns
    Total Input Jitter      (TIJ):    0.000ns
    Discrete Jitter          (DJ):    0.000ns
    Phase Error              (PE):    0.000ns

    Location             Delay type                Incr(ns)  Path(ns)    Netlist Resource(s)
  -------------------------------------------------------------------    -------------------
                         (clock sys_clk rise edge)    0.000     0.000 r  <hidden>
                                                      0.000     0.000 r  clk
                         net (fo=596, unset)          1.655     1.655    u_if_stage/clk
    SLICE_X37Y21         FDCE                                         r  u_if_stage/stall_q_reg/C
  -------------------------------------------------------------------    -------------------
    SLICE_X37Y21         FDCE (Prop_fdce_C_Q)         0.456     2.111 r  u_if_stage/stall_q_reg/Q
                         net (fo=134, routed)         1.047     3.158    u_if_stage/stall_q
    SLICE_X36Y18         LUT3 (Prop_lut3_I1_O)        0.124     3.282 f  u_if_stage/mem_reg_write_i_5/O
                         net (fo=20, routed)          0.893     4.175    u_if_stage/instr[5]
    SLICE_X36Y19         LUT5 (Prop_lut5_I1_O)        0.152     4.327 r  u_if_stage/y0_carry__6_i_8/O
                         net (fo=45, routed)          0.740     5.067    u_if_stage/u_id_ex/alu_b_sel[0]
    SLICE_X35Y20         LUT6 (Prop_lut6_I4_O)        0.348     5.415 r  u_if_stage/lt_carry_i_14/O
                         net (fo=126, routed)         1.855     7.270    u_if_stage/lt_carry_i_14_n_0
    SLICE_X26Y26         LUT5 (Prop_lut5_I0_O)        0.124     7.394 r  u_if_stage/imem_addr[18]_INST_0_i_16/O
                         net (fo=4, routed)           1.094     8.488    u_if_stage/imem_addr[18]_INST_0_i_16_n_0
    SLICE_X23Y25         LUT6 (Prop_lut6_I0_O)        0.124     8.612 r  u_if_stage/imem_addr[14]_INST_0_i_11/O
                         net (fo=2, routed)           0.796     9.409    u_if_stage/imem_addr[14]_INST_0_i_11_n_0
    SLICE_X23Y22         LUT5 (Prop_lut5_I3_O)        0.124     9.533 r  u_if_stage/imem_addr[13]_INST_0_i_6/O
                         net (fo=1, routed)           0.825    10.357    u_if_stage/imem_addr[13]_INST_0_i_6_n_0
    SLICE_X26Y21         LUT6 (Prop_lut6_I3_O)        0.124    10.481 r  u_if_stage/imem_addr[13]_INST_0_i_1/O
                         net (fo=4, routed)           0.890    11.371    u_if_stage/ex_addr[13]
    SLICE_X34Y17         LUT6 (Prop_lut6_I1_O)        0.124    11.495 r  u_if_stage/imem_addr[13]_INST_0/O
                         net (fo=1, routed)           0.000    11.495    u_if_stage/imem_addr[13]
    SLICE_X34Y17         FDCE                                         r  u_if_stage/pc_id_r_reg[13]/D
  -------------------------------------------------------------------    -------------------

                         (clock sys_clk rise edge)   10.000    10.000 r  <hidden>
                                                      0.000    10.000 r  clk
                         net (fo=596, unset)          1.488    11.488    u_if_stage/clk
    SLICE_X34Y17         FDCE                                         r  u_if_stage/pc_id_r_reg[13]/C
                         clock pessimism              0.115    11.603    <hidden>
                         clock uncertainty           -0.035    11.568    <hidden>
    SLICE_X34Y17         FDCE (Setup_fdce_C_D)        0.079    11.647    u_if_stage/pc_id_r_reg[13]
  -------------------------------------------------------------------
                         required time                         11.647    <hidden>
                         arrival time                         -11.495    <hidden>
  -------------------------------------------------------------------
                         slack                                  0.151    <hidden>

Slack (MET) :             0.160ns  (required time - arrival time)
  Source:                 u_if_stage/stall_q_reg/C
                            (rising edge-triggered cell FDCE clocked by sys_clk  {rise@0.000ns fall@5.000ns period=10.000ns})
  Destination:            u_mem_wb/mem_addr_reg[22]/D
                            (rising edge-triggered cell FDRE clocked by sys_clk  {rise@0.000ns fall@5.000ns period=10.000ns})
  Path Group:             sys_clk
  Path Type:              Setup (Max at Slow Process Corner)
  Requirement:            10.000ns  (sys_clk rise@10.000ns - sys_clk rise@0.000ns)
  Data Path Delay:        9.687ns  (logic 1.665ns (17.188%)  route 8.022ns (82.812%))
  Logic Levels:           8  (LUT2=1 LUT3=1 LUT4=1 LUT6=4 RAMD32=1)
  Clock Path Skew:        -0.056ns (DCD - SCD + CPR)
    Destination Clock Delay (DCD):    1.484ns = ( 11.484 - 10.000 ) 
    Source Clock Delay      (SCD):    1.655ns
    Clock Pessimism Removal (CPR):    0.115ns
  Clock Uncertainty:      0.035ns  ((TSJ^2 + TIJ^2)^1/2 + DJ) / 2 + PE
    Total System Jitter     (TSJ):    0.071ns
    Total Input Jitter      (TIJ):    0.000ns
    Discrete Jitter          (DJ):    0.000ns
    Phase Error              (PE):    0.000ns

    Location             Delay type                Incr(ns)  Path(ns)    Netlist Resource(s)
  -------------------------------------------------------------------    -------------------
                         (clock sys_clk rise edge)    0.000     0.000 r  <hidden>
                                                      0.000     0.000 r  clk
                         net (fo=596, unset)          1.655     1.655    u_if_stage/clk
    SLICE_X37Y21         FDCE                                         r  u_if_stage/stall_q_reg/C
  -------------------------------------------------------------------    -------------------
    SLICE_X37Y21         FDCE (Prop_fdce_C_Q)         0.456     2.111 r  u_if_stage/stall_q_reg/Q
                         net (fo=134, routed)         1.038     3.149    u_if_stage/stall_q
    SLICE_X37Y20         LUT3 (Prop_lut3_I1_O)        0.124     3.273 r  u_if_stage/regs_reg_r2_0_31_0_5_i_1/O
                         net (fo=32, routed)          0.838     4.111    u_regfile/regs_reg_r2_0_31_0_5/ADDRB4
    SLICE_X34Y20         RAMD32 (Prop_ramd32_RADR4_O)
                                                      0.117     4.228 f  u_regfile/regs_reg_r2_0_31_0_5/RAMB/O
                         net (fo=8, routed)           0.863     5.091    u_if_stage/rdata20[2]
    SLICE_X30Y20         LUT6 (Prop_lut6_I0_O)        0.348     5.439 f  u_if_stage/multiplier[2]_i_2/O
                         net (fo=2, routed)           0.432     5.871    u_if_stage/rs2_fwd[2]
    SLICE_X30Y20         LUT6 (Prop_lut6_I5_O)        0.124     5.995 f  u_if_stage/lt_carry_i_13/O
                         net (fo=134, routed)         1.154     7.149    u_if_stage/lt_carry_i_13_n_0
    SLICE_X21Y25         LUT2 (Prop_lut2_I1_O)        0.124     7.273 f  u_if_stage/imem_addr[31]_INST_0_i_46/O
                         net (fo=35, routed)          1.908     9.180    u_if_stage/imem_addr[31]_INST_0_i_46_n_0
    SLICE_X32Y30         LUT6 (Prop_lut6_I2_O)        0.124     9.304 r  u_if_stage/mem_addr[22]_i_4/O
                         net (fo=2, routed)           0.690     9.994    u_if_stage/mem_addr[22]_i_4_n_0
    SLICE_X32Y30         LUT4 (Prop_lut4_I2_O)        0.124    10.118 r  u_if_stage/mem_addr[22]_i_2/O
                         net (fo=1, routed)           0.495    10.613    u_if_stage/mem_addr[22]_i_2_n_0
    SLICE_X33Y30         LUT6 (Prop_lut6_I2_O)        0.124    10.737 r  u_if_stage/mem_addr[22]_i_1/O
                         net (fo=2, routed)           0.605    11.342    u_mem_wb/mem_addr_reg[31]_1[22]
    SLICE_X33Y30         FDRE                                         r  u_mem_wb/mem_addr_reg[22]/D
  -------------------------------------------------------------------    -------------------

                         (clock sys_clk rise edge)   10.000    10.000 r  <hidden>
                                                      0.000    10.000 r  clk
                         net (fo=596, unset)          1.484    11.484    u_mem_wb/clk
    SLICE_X33Y30         FDRE                                         r  u_mem_wb/mem_addr_reg[22]/C
                         clock pessimism              0.115    11.599    <hidden>
                         clock uncertainty           -0.035    11.564    <hidden>
    SLICE_X33Y30         FDRE (Setup_fdre_C_D)       -0.062    11.502    u_mem_wb/mem_addr_reg[22]
  -------------------------------------------------------------------
                         required time                         11.502    <hidden>
                         arrival time                         -11.342    <hidden>
  -------------------------------------------------------------------
                         slack                                  0.160    <hidden>

Slack (MET) :             0.170ns  (required time - arrival time)
  Source:                 u_if_stage/stall_q_reg/C
                            (rising edge-triggered cell FDCE clocked by sys_clk  {rise@0.000ns fall@5.000ns period=10.000ns})
  Destination:            u_pc/pc_reg[8]/D
                            (rising edge-triggered cell FDCE clocked by sys_clk  {rise@0.000ns fall@5.000ns period=10.000ns})
  Path Group:             sys_clk
  Path Type:              Setup (Max at Slow Process Corner)
  Requirement:            10.000ns  (sys_clk rise@10.000ns - sys_clk rise@0.000ns)
  Data Path Delay:        9.851ns  (logic 3.248ns (32.973%)  route 6.603ns (67.027%))
  Logic Levels:           11  (CARRY4=3 LUT2=1 LUT3=1 LUT4=1 LUT5=1 LUT6=3 RAMD32=1)
  Clock Path Skew:        0.024ns (DCD - SCD + CPR)
    Destination Clock Delay (DCD):    1.564ns = ( 11.564 - 10.000 ) 
    Source Clock Delay      (SCD):    1.655ns
    Clock Pessimism Removal (CPR):    0.115ns
  Clock Uncertainty:      0.035ns  ((TSJ^2 + TIJ^2)^1/2 + DJ) / 2 + PE
    Total System Jitter     (TSJ):    0.071ns
    Total Input Jitter      (TIJ):    0.000ns
    Discrete Jitter          (DJ):    0.000ns
    Phase Error              (PE):    0.000ns

    Location             Delay type                Incr(ns)  Path(ns)    Netlist Resource(s)
  -------------------------------------------------------------------    -------------------
                         (clock sys_clk rise edge)    0.000     0.000 r  <hidden>
                                                      0.000     0.000 r  clk
                         net (fo=596, unset)          1.655     1.655    u_if_stage/clk
    SLICE_X37Y21         FDCE                                         r  u_if_stage/stall_q_reg/C
  -------------------------------------------------------------------    -------------------
    SLICE_X37Y21         FDCE (Prop_fdce_C_Q)         0.456     2.111 r  u_if_stage/stall_q_reg/Q
                         net (fo=134, routed)         1.076     3.187    u_if_stage/stall_q
    SLICE_X37Y20         LUT3 (Prop_lut3_I1_O)        0.124     3.311 r  u_if_stage/regs_reg_r1_0_31_0_5_i_10/O
                         net (fo=36, routed)          1.201     4.512    u_regfile/regs_reg_r1_0_31_0_5/ADDRA2
    SLICE_X34Y19         RAMD32 (Prop_ramd32_RADR2_O)
                                                      0.148     4.660 r  u_regfile/regs_reg_r1_0_31_0_5/RAMA/O
                         net (fo=8, routed)           0.950     5.610    u_if_stage/rdata10[0]
    SLICE_X38Y21         LUT4 (Prop_lut4_I1_O)        0.354     5.964 r  u_if_stage/imem_addr[30]_INST_0_i_103/O
                         net (fo=1, routed)           0.639     6.603    u_regfile/imem_addr[30]_INST_0_i_58_0
    SLICE_X37Y23         LUT6 (Prop_lut6_I5_O)        0.328     6.931 r  u_regfile/imem_addr[30]_INST_0_i_82/O
                         net (fo=1, routed)           0.000     6.931    u_regfile/imem_addr[30]_INST_0_i_82_n_0
    SLICE_X37Y23         CARRY4 (Prop_carry4_S[0]_CO[3])
                                                      0.532     7.463 r  u_regfile/imem_addr[30]_INST_0_i_58/CO[3]
                         net (fo=1, routed)           0.000     7.463    u_regfile/imem_addr[30]_INST_0_i_58_n_0
    SLICE_X37Y24         CARRY4 (Prop_carry4_CI_CO[3])
                                                      0.114     7.577 r  u_regfile/imem_addr[30]_INST_0_i_39/CO[3]
                         net (fo=1, routed)           0.009     7.586    u_regfile/imem_addr[30]_INST_0_i_39_n_0
    SLICE_X37Y25         CARRY4 (Prop_carry4_CI_O[3])
                                                      0.313     7.899 r  u_regfile/imem_addr[30]_INST_0_i_24/O[3]
                         net (fo=1, routed)           0.584     8.483    u_regfile/imem_addr[30]_INST_0_i_24_n_4
    SLICE_X34Y26         LUT6 (Prop_lut6_I2_O)        0.306     8.789 r  u_regfile/imem_addr[30]_INST_0_i_12/O
                         net (fo=1, routed)           0.295     9.085    u_if_stage/pc_reg[30]
    SLICE_X35Y26         LUT5 (Prop_lut5_I3_O)        0.124     9.209 r  u_if_stage/imem_addr[30]_INST_0_i_3/O
                         net (fo=103, routed)         1.221    10.429    u_if_stage/branch_fetch_taken
    SLICE_X33Y16         LUT2 (Prop_lut2_I0_O)        0.117    10.546 r  u_if_stage/pc[8]_i_3/O
                         net (fo=1, routed)           0.627    11.174    u_if_stage/pc[8]_i_3_n_0
    SLICE_X31Y16         LUT6 (Prop_lut6_I5_O)        0.332    11.506 r  u_if_stage/pc[8]_i_1/O
                         net (fo=1, routed)           0.000    11.506    u_pc/D[8]
    SLICE_X31Y16         FDCE                                         r  u_pc/pc_reg[8]/D
  -------------------------------------------------------------------    -------------------

                         (clock sys_clk rise edge)   10.000    10.000 r  <hidden>
                                                      0.000    10.000 r  clk
                         net (fo=596, unset)          1.564    11.564    u_pc/clk
    SLICE_X31Y16         FDCE                                         r  u_pc/pc_reg[8]/C
                         clock pessimism              0.115    11.679    <hidden>
                         clock uncertainty           -0.035    11.644    <hidden>
    SLICE_X31Y16         FDCE (Setup_fdce_C_D)        0.032    11.676    u_pc/pc_reg[8]
  -------------------------------------------------------------------
                         required time                         11.676    <hidden>
                         arrival time                         -11.506    <hidden>
  -------------------------------------------------------------------
                         slack                                  0.170    <hidden>

Slack (MET) :             0.174ns  (required time - arrival time)
  Source:                 u_if_stage/stall_q_reg/C
                            (rising edge-triggered cell FDCE clocked by sys_clk  {rise@0.000ns fall@5.000ns period=10.000ns})
  Destination:            u_pc/pc_reg[13]/D
                            (rising edge-triggered cell FDCE clocked by sys_clk  {rise@0.000ns fall@5.000ns period=10.000ns})
  Path Group:             sys_clk
  Path Type:              Setup (Max at Slow Process Corner)
  Requirement:            10.000ns  (sys_clk rise@10.000ns - sys_clk rise@0.000ns)
  Data Path Delay:        9.820ns  (logic 3.264ns (33.239%)  route 6.556ns (66.761%))
  Logic Levels:           11  (CARRY4=3 LUT2=1 LUT3=1 LUT4=1 LUT5=1 LUT6=3 RAMD32=1)
  Clock Path Skew:        -0.052ns (DCD - SCD + CPR)
    Destination Clock Delay (DCD):    1.488ns = ( 11.488 - 10.000 ) 
    Source Clock Delay      (SCD):    1.655ns
    Clock Pessimism Removal (CPR):    0.115ns
  Clock Uncertainty:      0.035ns  ((TSJ^2 + TIJ^2)^1/2 + DJ) / 2 + PE
    Total System Jitter     (TSJ):    0.071ns
    Total Input Jitter      (TIJ):    0.000ns
    Discrete Jitter          (DJ):    0.000ns
    Phase Error              (PE):    0.000ns

    Location             Delay type                Incr(ns)  Path(ns)    Netlist Resource(s)
  -------------------------------------------------------------------    -------------------
                         (clock sys_clk rise edge)    0.000     0.000 r  <hidden>
                                                      0.000     0.000 r  clk
                         net (fo=596, unset)          1.655     1.655    u_if_stage/clk
    SLICE_X37Y21         FDCE                                         r  u_if_stage/stall_q_reg/C
  -------------------------------------------------------------------    -------------------
    SLICE_X37Y21         FDCE (Prop_fdce_C_Q)         0.456     2.111 r  u_if_stage/stall_q_reg/Q
                         net (fo=134, routed)         1.076     3.187    u_if_stage/stall_q
    SLICE_X37Y20         LUT3 (Prop_lut3_I1_O)        0.124     3.311 r  u_if_stage/regs_reg_r1_0_31_0_5_i_10/O
                         net (fo=36, routed)          1.201     4.512    u_regfile/regs_reg_r1_0_31_0_5/ADDRA2
    SLICE_X34Y19         RAMD32 (Prop_ramd32_RADR2_O)
                                                      0.148     4.660 r  u_regfile/regs_reg_r1_0_31_0_5/RAMA/O
                         net (fo=8, routed)           0.950     5.610    u_if_stage/rdata10[0]
    SLICE_X38Y21         LUT4 (Prop_lut4_I1_O)        0.354     5.964 r  u_if_stage/imem_addr[30]_INST_0_i_103/O
                         net (fo=1, routed)           0.639     6.603    u_regfile/imem_addr[30]_INST_0_i_58_0
    SLICE_X37Y23         LUT6 (Prop_lut6_I5_O)        0.328     6.931 r  u_regfile/imem_addr[30]_INST_0_i_82/O
                         net (fo=1, routed)           0.000     6.931    u_regfile/imem_addr[30]_INST_0_i_82_n_0
    SLICE_X37Y23         CARRY4 (Prop_carry4_S[0]_CO[3])
                                                      0.532     7.463 r  u_regfile/imem_addr[30]_INST_0_i_58/CO[3]
                         net (fo=1, routed)           0.000     7.463    u_regfile/imem_addr[30]_INST_0_i_58_n_0
    SLICE_X37Y24         CARRY4 (Prop_carry4_CI_CO[3])
                                                      0.114     7.577 r  u_regfile/imem_addr[30]_INST_0_i_39/CO[3]
                         net (fo=1, routed)           0.009     7.586    u_regfile/imem_addr[30]_INST_0_i_39_n_0
    SLICE_X37Y25         CARRY4 (Prop_carry4_CI_O[3])
                                                      0.313     7.899 r  u_regfile/imem_addr[30]_INST_0_i_24/O[3]
                         net (fo=1, routed)           0.584     8.483    u_regfile/imem_addr[30]_INST_0_i_24_n_4
    SLICE_X34Y26         LUT6 (Prop_lut6_I2_O)        0.306     8.789 r  u_regfile/imem_addr[30]_INST_0_i_12/O
                         net (fo=1, routed)           0.295     9.085    u_if_stage/pc_reg[30]
    SLICE_X35Y26         LUT5 (Prop_lut5_I3_O)        0.124     9.209 r  u_if_stage/imem_addr[30]_INST_0_i_3/O
                         net (fo=103, routed)         0.995    10.204    u_if_stage/branch_fetch_taken
    SLICE_X34Y17         LUT2 (Prop_lut2_I0_O)        0.117    10.321 r  u_if_stage/pc[13]_i_3/O
                         net (fo=1, routed)           0.806    11.127    u_if_stage/pc[13]_i_3_n_0
    SLICE_X32Y16         LUT6 (Prop_lut6_I5_O)        0.348    11.475 r  u_if_stage/pc[13]_i_1/O
                         net (fo=1, routed)           0.000    11.475    u_pc/D[13]
    SLICE_X32Y16         FDCE                                         r  u_pc/pc_reg[13]/D
  -------------------------------------------------------------------    -------------------

                         (clock sys_clk rise edge)   10.000    10.000 r  <hidden>
                                                      0.000    10.000 r  clk
                         net (fo=596, unset)          1.488    11.488    u_pc/clk
    SLICE_X32Y16         FDCE                                         r  u_pc/pc_reg[13]/C
                         clock pessimism              0.115    11.603    <hidden>
                         clock uncertainty           -0.035    11.568    <hidden>
    SLICE_X32Y16         FDCE (Setup_fdce_C_D)        0.081    11.649    u_pc/pc_reg[13]
  -------------------------------------------------------------------
                         required time                         11.649    <hidden>
                         arrival time                         -11.475    <hidden>
  -------------------------------------------------------------------
                         slack                                  0.174    <hidden>

Slack (MET) :             0.181ns  (required time - arrival time)
  Source:                 u_if_stage/stall_q_reg/C
                            (rising edge-triggered cell FDCE clocked by sys_clk  {rise@0.000ns fall@5.000ns period=10.000ns})
  Destination:            u_if_stage/pc_id_r_reg[14]/D
                            (rising edge-triggered cell FDCE clocked by sys_clk  {rise@0.000ns fall@5.000ns period=10.000ns})
  Path Group:             sys_clk
  Path Type:              Setup (Max at Slow Process Corner)
  Requirement:            10.000ns  (sys_clk rise@10.000ns - sys_clk rise@0.000ns)
  Data Path Delay:        9.757ns  (logic 2.749ns (28.174%)  route 7.008ns (71.826%))
  Logic Levels:           13  (CARRY4=4 LUT2=1 LUT3=1 LUT5=1 LUT6=6)
  Clock Path Skew:        -0.055ns (DCD - SCD + CPR)
    Destination Clock Delay (DCD):    1.485ns = ( 11.485 - 10.000 ) 
    Source Clock Delay      (SCD):    1.655ns
    Clock Pessimism Removal (CPR):    0.115ns
  Clock Uncertainty:      0.035ns  ((TSJ^2 + TIJ^2)^1/2 + DJ) / 2 + PE
    Total System Jitter     (TSJ):    0.071ns
    Total Input Jitter      (TIJ):    0.000ns
    Discrete Jitter          (DJ):    0.000ns
    Phase Error              (PE):    0.000ns

    Location             Delay type                Incr(ns)  Path(ns)    Netlist Resource(s)
  -------------------------------------------------------------------    -------------------
                         (clock sys_clk rise edge)    0.000     0.000 r  <hidden>
                                                      0.000     0.000 r  clk
                         net (fo=596, unset)          1.655     1.655    u_if_stage/clk
    SLICE_X37Y21         FDCE                                         r  u_if_stage/stall_q_reg/C
  -------------------------------------------------------------------    -------------------
    SLICE_X37Y21         FDCE (Prop_fdce_C_Q)         0.456     2.111 r  u_if_stage/stall_q_reg/Q
                         net (fo=134, routed)         1.047     3.158    u_if_stage/stall_q
    SLICE_X36Y18         LUT3 (Prop_lut3_I1_O)        0.124     3.282 r  u_if_stage/mem_reg_write_i_5/O
                         net (fo=20, routed)          1.316     4.597    u_if_stage/instr[5]
    SLICE_X34Y17         LUT6 (Prop_lut6_I1_O)        0.124     4.721 r  u_if_stage/imem_addr[3]_INST_0_i_24/O
                         net (fo=4, routed)           0.728     5.449    u_if_stage/imem_addr[3]_INST_0_i_24_n_0
    SLICE_X29Y19         LUT6 (Prop_lut6_I2_O)        0.124     5.573 r  u_if_stage/lt_carry_i_19/O
                         net (fo=3, routed)           0.457     6.030    u_if_stage/lt_carry_i_19_n_0
    SLICE_X29Y19         LUT6 (Prop_lut6_I1_O)        0.124     6.154 r  u_if_stage/lt_carry_i_15/O
                         net (fo=23, routed)          0.648     6.802    u_if_stage/lt_carry_i_15_n_0
    SLICE_X27Y22         LUT2 (Prop_lut2_I1_O)        0.124     6.926 r  u_if_stage/y0_carry_i_8/O
                         net (fo=1, routed)           0.000     6.926    u_id_ex/u_alu/mem_result[0]_i_5[0]
    SLICE_X27Y22         CARRY4 (Prop_carry4_S[0]_CO[3])
                                                      0.532     7.458 r  u_id_ex/u_alu/y0_carry/CO[3]
                         net (fo=1, routed)           0.000     7.458    u_id_ex/u_alu/y0_carry_n_0
    SLICE_X27Y23         CARRY4 (Prop_carry4_CI_CO[3])
                                                      0.114     7.572 r  u_id_ex/u_alu/y0_carry__0/CO[3]
                         net (fo=1, routed)           0.000     7.572    u_id_ex/u_alu/y0_carry__0_n_0
    SLICE_X27Y24         CARRY4 (Prop_carry4_CI_CO[3])
                                                      0.114     7.686 r  u_id_ex/u_alu/y0_carry__1/CO[3]
                         net (fo=1, routed)           0.009     7.695    u_id_ex/u_alu/y0_carry__1_n_0
    SLICE_X27Y25         CARRY4 (Prop_carry4_CI_O[2])
                                                      0.239     7.934 r  u_id_ex/u_alu/y0_carry__2/O[2]
                         net (fo=1, routed)           0.711     8.645    u_if_stage/data0[14]
    SLICE_X22Y24         LUT5 (Prop_lut5_I3_O)        0.302     8.947 r  u_if_stage/imem_addr[14]_INST_0_i_8/O
                         net (fo=1, routed)           0.680     9.627    u_if_stage/imem_addr[14]_INST_0_i_8_n_0
    SLICE_X22Y24         LUT6 (Prop_lut6_I4_O)        0.124     9.751 r  u_if_stage/imem_addr[14]_INST_0_i_4/O
                         net (fo=1, routed)           0.673    10.424    u_if_stage/imem_addr[14]_INST_0_i_4_n_0
    SLICE_X26Y22         LUT6 (Prop_lut6_I0_O)        0.124    10.548 r  u_if_stage/imem_addr[14]_INST_0_i_1/O
                         net (fo=4, routed)           0.740    11.288    u_if_stage/ex_addr[14]
    SLICE_X35Y20         LUT6 (Prop_lut6_I1_O)        0.124    11.412 r  u_if_stage/imem_addr[14]_INST_0/O
                         net (fo=1, routed)           0.000    11.412    u_if_stage/imem_addr[14]
    SLICE_X35Y20         FDCE                                         r  u_if_stage/pc_id_r_reg[14]/D
  -------------------------------------------------------------------    -------------------

                         (clock sys_clk rise edge)   10.000    10.000 r  <hidden>
                                                      0.000    10.000 r  clk
                         net (fo=596, unset)          1.485    11.485    u_if_stage/clk
    SLICE_X35Y20         FDCE                                         r  u_if_stage/pc_id_r_reg[14]/C
                         clock pessimism              0.115    11.600    <hidden>
                         clock uncertainty           -0.035    11.565    <hidden>
    SLICE_X35Y20         FDCE (Setup_fdce_C_D)        0.029    11.594    u_if_stage/pc_id_r_reg[14]
  -------------------------------------------------------------------
                         required time                         11.594    <hidden>
                         arrival time                         -11.412    <hidden>
  -------------------------------------------------------------------
                         slack                                  0.181    <hidden>

Slack (MET) :             0.182ns  (required time - arrival time)
  Source:                 u_if_stage/stall_q_reg/C
                            (rising edge-triggered cell FDCE clocked by sys_clk  {rise@0.000ns fall@5.000ns period=10.000ns})
  Destination:            u_if_stage/pc_id_r_reg[10]/D
                            (rising edge-triggered cell FDCE clocked by sys_clk  {rise@0.000ns fall@5.000ns period=10.000ns})
  Path Group:             sys_clk
  Path Type:              Setup (Max at Slow Process Corner)
  Requirement:            10.000ns  (sys_clk rise@10.000ns - sys_clk rise@0.000ns)
  Data Path Delay:        9.837ns  (logic 3.273ns (33.274%)  route 6.564ns (66.726%))
  Logic Levels:           11  (CARRY4=3 LUT2=1 LUT3=1 LUT4=1 LUT5=1 LUT6=3 RAMD32=1)
  Clock Path Skew:        0.025ns (DCD - SCD + CPR)
    Destination Clock Delay (DCD):    1.565ns = ( 11.565 - 10.000 ) 
    Source Clock Delay      (SCD):    1.655ns
    Clock Pessimism Removal (CPR):    0.115ns
  Clock Uncertainty:      0.035ns  ((TSJ^2 + TIJ^2)^1/2 + DJ) / 2 + PE
    Total System Jitter     (TSJ):    0.071ns
    Total Input Jitter      (TIJ):    0.000ns
    Discrete Jitter          (DJ):    0.000ns
    Phase Error              (PE):    0.000ns

    Location             Delay type                Incr(ns)  Path(ns)    Netlist Resource(s)
  -------------------------------------------------------------------    -------------------
                         (clock sys_clk rise edge)    0.000     0.000 r  <hidden>
                                                      0.000     0.000 r  clk
                         net (fo=596, unset)          1.655     1.655    u_if_stage/clk
    SLICE_X37Y21         FDCE                                         r  u_if_stage/stall_q_reg/C
  -------------------------------------------------------------------    -------------------
    SLICE_X37Y21         FDCE (Prop_fdce_C_Q)         0.456     2.111 r  u_if_stage/stall_q_reg/Q
                         net (fo=134, routed)         1.076     3.187    u_if_stage/stall_q
    SLICE_X37Y20         LUT3 (Prop_lut3_I1_O)        0.124     3.311 r  u_if_stage/regs_reg_r1_0_31_0_5_i_10/O
                         net (fo=36, routed)          1.201     4.512    u_regfile/regs_reg_r1_0_31_0_5/ADDRA2
    SLICE_X34Y19         RAMD32 (Prop_ramd32_RADR2_O)
                                                      0.148     4.660 r  u_regfile/regs_reg_r1_0_31_0_5/RAMA/O
                         net (fo=8, routed)           0.950     5.610    u_if_stage/rdata10[0]
    SLICE_X38Y21         LUT4 (Prop_lut4_I1_O)        0.354     5.964 r  u_if_stage/imem_addr[30]_INST_0_i_103/O
                         net (fo=1, routed)           0.639     6.603    u_regfile/imem_addr[30]_INST_0_i_58_0
    SLICE_X37Y23         LUT6 (Prop_lut6_I5_O)        0.328     6.931 r  u_regfile/imem_addr[30]_INST_0_i_82/O
                         net (fo=1, routed)           0.000     6.931    u_regfile/imem_addr[30]_INST_0_i_82_n_0
    SLICE_X37Y23         CARRY4 (Prop_carry4_S[0]_CO[3])
                                                      0.532     7.463 r  u_regfile/imem_addr[30]_INST_0_i_58/CO[3]
                         net (fo=1, routed)           0.000     7.463    u_regfile/imem_addr[30]_INST_0_i_58_n_0
    SLICE_X37Y24         CARRY4 (Prop_carry4_CI_CO[3])
                                                      0.114     7.577 r  u_regfile/imem_addr[30]_INST_0_i_39/CO[3]
                         net (fo=1, routed)           0.009     7.586    u_regfile/imem_addr[30]_INST_0_i_39_n_0
    SLICE_X37Y25         CARRY4 (Prop_carry4_CI_O[3])
                                                      0.313     7.899 r  u_regfile/imem_addr[30]_INST_0_i_24/O[3]
                         net (fo=1, routed)           0.584     8.483    u_regfile/imem_addr[30]_INST_0_i_24_n_4
    SLICE_X34Y26         LUT6 (Prop_lut6_I2_O)        0.306     8.789 r  u_regfile/imem_addr[30]_INST_0_i_12/O
                         net (fo=1, routed)           0.295     9.085    u_if_stage/pc_reg[30]
    SLICE_X35Y26         LUT5 (Prop_lut5_I3_O)        0.124     9.209 r  u_if_stage/imem_addr[30]_INST_0_i_3/O
                         net (fo=103, routed)         1.157    10.366    u_if_stage/branch_fetch_taken
    SLICE_X32Y15         LUT2 (Prop_lut2_I0_O)        0.119    10.485 r  u_if_stage/imem_addr[10]_INST_0_i_3/O
                         net (fo=1, routed)           0.652    11.137    u_if_stage/imem_addr[10]_INST_0_i_3_n_0
    SLICE_X31Y15         LUT6 (Prop_lut6_I5_O)        0.355    11.492 r  u_if_stage/imem_addr[10]_INST_0/O
                         net (fo=1, routed)           0.000    11.492    u_if_stage/imem_addr[10]
    SLICE_X31Y15         FDCE                                         r  u_if_stage/pc_id_r_reg[10]/D
  -------------------------------------------------------------------    -------------------

                         (clock sys_clk rise edge)   10.000    10.000 r  <hidden>
                                                      0.000    10.000 r  clk
                         net (fo=596, unset)          1.565    11.565    u_if_stage/clk
    SLICE_X31Y15         FDCE                                         r  u_if_stage/pc_id_r_reg[10]/C
                         clock pessimism              0.115    11.680    <hidden>
                         clock uncertainty           -0.035    11.645    <hidden>
    SLICE_X31Y15         FDCE (Setup_fdce_C_D)        0.029    11.674    u_if_stage/pc_id_r_reg[10]
  -------------------------------------------------------------------
                         required time                         11.674    <hidden>
                         arrival time                         -11.492    <hidden>
  -------------------------------------------------------------------
                         slack                                  0.182    <hidden>

Slack (MET) :             0.186ns  (required time - arrival time)
  Source:                 u_if_stage/stall_q_reg/C
                            (rising edge-triggered cell FDCE clocked by sys_clk  {rise@0.000ns fall@5.000ns period=10.000ns})
  Destination:            u_if_stage/pc_id_r_reg[15]/D
                            (rising edge-triggered cell FDCE clocked by sys_clk  {rise@0.000ns fall@5.000ns period=10.000ns})
  Path Group:             sys_clk
  Path Type:              Setup (Max at Slow Process Corner)
  Requirement:            10.000ns  (sys_clk rise@10.000ns - sys_clk rise@0.000ns)
  Data Path Delay:        9.761ns  (logic 3.047ns (31.217%)  route 6.714ns (68.783%))
  Logic Levels:           11  (CARRY4=3 LUT2=1 LUT3=1 LUT4=1 LUT5=1 LUT6=3 RAMD32=1)
  Clock Path Skew:        -0.050ns (DCD - SCD + CPR)
    Destination Clock Delay (DCD):    1.490ns = ( 11.490 - 10.000 ) 
    Source Clock Delay      (SCD):    1.655ns
    Clock Pessimism Removal (CPR):    0.115ns
  Clock Uncertainty:      0.035ns  ((TSJ^2 + TIJ^2)^1/2 + DJ) / 2 + PE
    Total System Jitter     (TSJ):    0.071ns
    Total Input Jitter      (TIJ):    0.000ns
    Discrete Jitter          (DJ):    0.000ns
    Phase Error              (PE):    0.000ns

    Location             Delay type                Incr(ns)  Path(ns)    Netlist Resource(s)
  -------------------------------------------------------------------    -------------------
                         (clock sys_clk rise edge)    0.000     0.000 r  <hidden>
                                                      0.000     0.000 r  clk
                         net (fo=596, unset)          1.655     1.655    u_if_stage/clk
    SLICE_X37Y21         FDCE                                         r  u_if_stage/stall_q_reg/C
  -------------------------------------------------------------------    -------------------
    SLICE_X37Y21         FDCE (Prop_fdce_C_Q)         0.456     2.111 r  u_if_stage/stall_q_reg/Q
                         net (fo=134, routed)         1.076     3.187    u_if_stage/stall_q
    SLICE_X37Y20         LUT3 (Prop_lut3_I1_O)        0.124     3.311 r  u_if_stage/regs_reg_r1_0_31_0_5_i_10/O
                         net (fo=36, routed)          1.201     4.512    u_regfile/regs_reg_r1_0_31_0_5/ADDRA2
    SLICE_X34Y19         RAMD32 (Prop_ramd32_RADR2_O)
                                                      0.148     4.660 r  u_regfile/regs_reg_r1_0_31_0_5/RAMA/O
                         net (fo=8, routed)           0.950     5.610    u_if_stage/rdata10[0]
    SLICE_X38Y21         LUT4 (Prop_lut4_I1_O)        0.354     5.964 r  u_if_stage/imem_addr[30]_INST_0_i_103/O
                         net (fo=1, routed)           0.639     6.603    u_regfile/imem_addr[30]_INST_0_i_58_0
    SLICE_X37Y23         LUT6 (Prop_lut6_I5_O)        0.328     6.931 r  u_regfile/imem_addr[30]_INST_0_i_82/O
                         net (fo=1, routed)           0.000     6.931    u_regfile/imem_addr[30]_INST_0_i_82_n_0
    SLICE_X37Y23         CARRY4 (Prop_carry4_S[0]_CO[3])
                                                      0.532     7.463 r  u_regfile/imem_addr[30]_INST_0_i_58/CO[3]
                         net (fo=1, routed)           0.000     7.463    u_regfile/imem_addr[30]_INST_0_i_58_n_0
    SLICE_X37Y24         CARRY4 (Prop_carry4_CI_CO[3])
                                                      0.114     7.577 r  u_regfile/imem_addr[30]_INST_0_i_39/CO[3]
                         net (fo=1, routed)           0.009     7.586    u_regfile/imem_addr[30]_INST_0_i_39_n_0
    SLICE_X37Y25         CARRY4 (Prop_carry4_CI_O[3])
                                                      0.313     7.899 r  u_regfile/imem_addr[30]_INST_0_i_24/O[3]
                         net (fo=1, routed)           0.584     8.483    u_regfile/imem_addr[30]_INST_0_i_24_n_4
    SLICE_X34Y26         LUT6 (Prop_lut6_I2_O)        0.306     8.789 r  u_regfile/imem_addr[30]_INST_0_i_12/O
                         net (fo=1, routed)           0.295     9.085    u_if_stage/pc_reg[30]
    SLICE_X35Y26         LUT5 (Prop_lut5_I3_O)        0.124     9.209 r  u_if_stage/imem_addr[30]_INST_0_i_3/O
                         net (fo=103, routed)         1.170    10.378    u_if_stage/branch_fetch_taken
    SLICE_X31Y15         LUT2 (Prop_lut2_I0_O)        0.124    10.502 r  u_if_stage/imem_addr[15]_INST_0_i_4/O
                         net (fo=1, routed)           0.789    11.292    u_if_stage/imem_addr[15]_INST_0_i_4_n_0
    SLICE_X35Y15         LUT6 (Prop_lut6_I5_O)        0.124    11.416 r  u_if_stage/imem_addr[15]_INST_0/O
                         net (fo=1, routed)           0.000    11.416    u_if_stage/imem_addr[15]
    SLICE_X35Y15         FDCE                                         r  u_if_stage/pc_id_r_reg[15]/D
  -------------------------------------------------------------------    -------------------

                         (clock sys_clk rise edge)   10.000    10.000 r  <hidden>
                                                      0.000    10.000 r  clk
                         net (fo=596, unset)          1.490    11.490    u_if_stage/clk
    SLICE_X35Y15         FDCE                                         r  u_if_stage/pc_id_r_reg[15]/C
                         clock pessimism              0.115    11.605    <hidden>
                         clock uncertainty           -0.035    11.570    <hidden>
    SLICE_X35Y15         FDCE (Setup_fdce_C_D)        0.032    11.602    u_if_stage/pc_id_r_reg[15]
  -------------------------------------------------------------------
                         required time                         11.602    <hidden>
                         arrival time                         -11.416    <hidden>
  -------------------------------------------------------------------
                         slack                                  0.186    <hidden>

Slack (MET) :             0.198ns  (required time - arrival time)
  Source:                 u_if_stage/stall_q_reg/C
                            (rising edge-triggered cell FDCE clocked by sys_clk  {rise@0.000ns fall@5.000ns period=10.000ns})
  Destination:            u_if_stage/pc_id_r_reg[27]/D
                            (rising edge-triggered cell FDCE clocked by sys_clk  {rise@0.000ns fall@5.000ns period=10.000ns})
  Path Group:             sys_clk
  Path Type:              Setup (Max at Slow Process Corner)
  Requirement:            10.000ns  (sys_clk rise@10.000ns - sys_clk rise@0.000ns)
  Data Path Delay:        9.790ns  (logic 3.169ns (32.370%)  route 6.621ns (67.630%))
  Logic Levels:           16  (CARRY4=7 LUT2=1 LUT3=1 LUT5=2 LUT6=5)
  Clock Path Skew:        -0.056ns (DCD - SCD + CPR)
    Destination Clock Delay (DCD):    1.484ns = ( 11.484 - 10.000 ) 
    Source Clock Delay      (SCD):    1.655ns
    Clock Pessimism Removal (CPR):    0.115ns
  Clock Uncertainty:      0.035ns  ((TSJ^2 + TIJ^2)^1/2 + DJ) / 2 + PE
    Total System Jitter     (TSJ):    0.071ns
    Total Input Jitter      (TIJ):    0.000ns
    Discrete Jitter          (DJ):    0.000ns
    Phase Error              (PE):    0.000ns

    Location             Delay type                Incr(ns)  Path(ns)    Netlist Resource(s)
  -------------------------------------------------------------------    -------------------
                         (clock sys_clk rise edge)    0.000     0.000 r  <hidden>
                                                      0.000     0.000 r  clk
                         net (fo=596, unset)          1.655     1.655    u_if_stage/clk
    SLICE_X37Y21         FDCE                                         r  u_if_stage/stall_q_reg/C
  -------------------------------------------------------------------    -------------------
    SLICE_X37Y21         FDCE (Prop_fdce_C_Q)         0.456     2.111 r  u_if_stage/stall_q_reg/Q
                         net (fo=134, routed)         1.047     3.158    u_if_stage/stall_q
    SLICE_X36Y18         LUT3 (Prop_lut3_I1_O)        0.124     3.282 r  u_if_stage/mem_reg_write_i_5/O
                         net (fo=20, routed)          1.316     4.597    u_if_stage/instr[5]
    SLICE_X34Y17         LUT6 (Prop_lut6_I1_O)        0.124     4.721 r  u_if_stage/imem_addr[3]_INST_0_i_24/O
                         net (fo=4, routed)           0.728     5.449    u_if_stage/imem_addr[3]_INST_0_i_24_n_0
    SLICE_X29Y19         LUT6 (Prop_lut6_I2_O)        0.124     5.573 r  u_if_stage/lt_carry_i_19/O
                         net (fo=3, routed)           0.457     6.030    u_if_stage/lt_carry_i_19_n_0
    SLICE_X29Y19         LUT6 (Prop_lut6_I1_O)        0.124     6.154 r  u_if_stage/lt_carry_i_15/O
                         net (fo=23, routed)          0.648     6.802    u_if_stage/lt_carry_i_15_n_0
    SLICE_X27Y22         LUT2 (Prop_lut2_I1_O)        0.124     6.926 r  u_if_stage/y0_carry_i_8/O
                         net (fo=1, routed)           0.000     6.926    u_id_ex/u_alu/mem_result[0]_i_5[0]
    SLICE_X27Y22         CARRY4 (Prop_carry4_S[0]_CO[3])
                                                      0.532     7.458 r  u_id_ex/u_alu/y0_carry/CO[3]
                         net (fo=1, routed)           0.000     7.458    u_id_ex/u_alu/y0_carry_n_0
    SLICE_X27Y23         CARRY4 (Prop_carry4_CI_CO[3])
                                                      0.114     7.572 r  u_id_ex/u_alu/y0_carry__0/CO[3]
                         net (fo=1, routed)           0.000     7.572    u_id_ex/u_alu/y0_carry__0_n_0
    SLICE_X27Y24         CARRY4 (Prop_carry4_CI_CO[3])
                                                      0.114     7.686 r  u_id_ex/u_alu/y0_carry__1/CO[3]
                         net (fo=1, routed)           0.009     7.695    u_id_ex/u_alu/y0_carry__1_n_0
    SLICE_X27Y25         CARRY4 (Prop_carry4_CI_CO[3])
                                                      0.114     7.809 r  u_id_ex/u_alu/y0_carry__2/CO[3]
                         net (fo=1, routed)           0.000     7.809    u_id_ex/u_alu/y0_carry__2_n_0
    SLICE_X27Y26         CARRY4 (Prop_carry4_CI_CO[3])
                                                      0.114     7.923 r  u_id_ex/u_alu/y0_carry__3/CO[3]
                         net (fo=1, routed)           0.000     7.923    u_id_ex/u_alu/y0_carry__3_n_0
    SLICE_X27Y27         CARRY4 (Prop_carry4_CI_CO[3])
                                                      0.114     8.037 r  u_id_ex/u_alu/y0_carry__4/CO[3]
                         net (fo=1, routed)           0.000     8.037    u_id_ex/u_alu/y0_carry__4_n_0
    SLICE_X27Y28         CARRY4 (Prop_carry4_CI_O[3])
                                                      0.313     8.350 r  u_id_ex/u_alu/y0_carry__5/O[3]
                         net (fo=1, routed)           0.719     9.069    u_if_stage/data0[27]
    SLICE_X27Y31         LUT5 (Prop_lut5_I3_O)        0.306     9.375 r  u_if_stage/imem_addr[27]_INST_0_i_12/O
                         net (fo=1, routed)           0.422     9.796    u_if_stage/imem_addr[27]_INST_0_i_12_n_0
    SLICE_X28Y31         LUT6 (Prop_lut6_I4_O)        0.124     9.920 r  u_if_stage/imem_addr[27]_INST_0_i_3/O
                         net (fo=2, routed)           0.799    10.719    u_if_stage/imem_addr[27]_INST_0_i_3_n_0
    SLICE_X32Y29         LUT6 (Prop_lut6_I2_O)        0.124    10.843 r  u_if_stage/imem_addr[27]_INST_0_i_1/O
                         net (fo=2, routed)           0.478    11.321    u_if_stage/redirect_target[27]
    SLICE_X32Y29         LUT5 (Prop_lut5_I1_O)        0.124    11.445 r  u_if_stage/imem_addr[27]_INST_0/O
                         net (fo=1, routed)           0.000    11.445    u_if_stage/imem_addr[27]
    SLICE_X32Y29         FDCE                                         r  u_if_stage/pc_id_r_reg[27]/D
  -------------------------------------------------------------------    -------------------

                         (clock sys_clk rise edge)   10.000    10.000 r  <hidden>
                                                      0.000    10.000 r  clk
                         net (fo=596, unset)          1.484    11.484    u_if_stage/clk
    SLICE_X32Y29         FDCE                                         r  u_if_stage/pc_id_r_reg[27]/C
                         clock pessimism              0.115    11.599    <hidden>
                         clock uncertainty           -0.035    11.564    <hidden>
    SLICE_X32Y29         FDCE (Setup_fdce_C_D)        0.079    11.643    u_if_stage/pc_id_r_reg[27]
  -------------------------------------------------------------------
                         required time                         11.643    <hidden>
                         arrival time                         -11.445    <hidden>
  -------------------------------------------------------------------
                         slack                                  0.198    <hidden>




