Copyright 1986-2022 Xilinx, Inc. All Rights Reserved. Copyright 2022-2026 Advanced Micro Devices, Inc. All Rights Reserved.
---------------------------------------------------------------------------------------------------------------------------------------------------------------------------------------
| Tool Version : Vivado v.2026.1 (win64) Build 6511674 Tue Jun 16 11:02:23 MDT 2026
| Date         : Mon Oct  5 23:17:51 2026
| Host         : Walter-Cooper running 64-bit major release  (build 9200)
| Command      : report_timing -delay_type max -max_paths 10 -sort_by group -file D:/Desktop/contests/2026fpga/FPGA-Alittle-Design/build/reports/fmax/v1_12p5ns/timing_worst_paths.rpt
| Design       : core_top
| Device       : 7z020-clg400
| Speed File   : -1  PRODUCTION 1.12 2019-11-22
| Design State : Routed
---------------------------------------------------------------------------------------------------------------------------------------------------------------------------------------

Timing Report

Slack (MET) :             0.312ns  (required time - arrival time)
  Source:                 u_if_stage/instr_hold_reg[3]/C
                            (rising edge-triggered cell FDCE clocked by sys_clk  {rise@0.000ns fall@6.250ns period=12.500ns})
  Destination:            u_regfile/regs_reg_r2_0_31_12_17/RAMC_D1/I
                            (rising edge-triggered cell RAMD32 clocked by sys_clk  {rise@0.000ns fall@6.250ns period=12.500ns})
  Path Group:             sys_clk
  Path Type:              Setup (Max at Slow Process Corner)
  Requirement:            12.500ns  (sys_clk rise@12.500ns - sys_clk rise@0.000ns)
  Data Path Delay:        11.764ns  (logic 2.395ns (20.358%)  route 9.369ns (79.642%))
  Logic Levels:           12  (LUT4=2 LUT5=1 LUT6=8 MUXF7=1)
  Clock Path Skew:        -0.139ns (DCD - SCD + CPR)
    Destination Clock Delay (DCD):    1.493ns = ( 13.993 - 12.500 ) 
    Source Clock Delay      (SCD):    1.747ns
    Clock Pessimism Removal (CPR):    0.115ns
  Clock Uncertainty:      0.035ns  ((TSJ^2 + TIJ^2)^1/2 + DJ) / 2 + PE
    Total System Jitter     (TSJ):    0.071ns
    Total Input Jitter      (TIJ):    0.000ns
    Discrete Jitter          (DJ):    0.000ns
    Phase Error              (PE):    0.000ns

    Location             Delay type                Incr(ns)  Path(ns)    Netlist Resource(s)
  -------------------------------------------------------------------    -------------------
                         (clock sys_clk rise edge)    0.000     0.000 r  <hidden>
                                                      0.000     0.000 r  clk
                         net (fo=488, unset)          1.747     1.747    u_if_stage/clk
    SLICE_X30Y3          FDCE                                         r  u_if_stage/instr_hold_reg[3]/C
  -------------------------------------------------------------------    -------------------
    SLICE_X30Y3          FDCE (Prop_fdce_C_Q)         0.478     2.225 r  u_if_stage/instr_hold_reg[3]/Q
                         net (fo=5, routed)           0.905     3.130    u_if_stage/instr_hold[3]
    SLICE_X30Y5          LUT4 (Prop_lut4_I0_O)        0.295     3.425 r  u_if_stage/pc[0]_i_3/O
                         net (fo=11, routed)          1.242     4.667    u_if_stage/instr[3]
    SLICE_X32Y3          LUT6 (Prop_lut6_I5_O)        0.124     4.791 r  u_if_stage/dmem_addr[31]_INST_0_i_22/O
                         net (fo=32, routed)          1.033     5.824    u_if_stage/alu_b_sel[0]
    SLICE_X39Y2          LUT6 (Prop_lut6_I1_O)        0.124     5.948 r  u_if_stage/dmem_addr[3]_INST_0_i_12/O
                         net (fo=116, routed)         1.205     7.153    u_if_stage/alu_b[3]
    SLICE_X42Y2          LUT6 (Prop_lut6_I2_O)        0.124     7.277 r  u_if_stage/dmem_addr[6]_INST_0_i_12/O
                         net (fo=7, routed)           1.068     8.346    u_if_stage/dmem_addr[6]_INST_0_i_12_n_0
    SLICE_X35Y3          LUT6 (Prop_lut6_I0_O)        0.124     8.470 r  u_if_stage/dmem_addr[0]_INST_0_i_10/O
                         net (fo=2, routed)           0.568     9.037    u_if_stage/dmem_addr[0]_INST_0_i_10_n_0
    SLICE_X34Y6          LUT5 (Prop_lut5_I1_O)        0.124     9.161 r  u_if_stage/dmem_addr[0]_INST_0_i_4/O
                         net (fo=1, routed)           0.431     9.592    u_if_stage/dmem_addr[0]_INST_0_i_4_n_0
    SLICE_X34Y4          LUT6 (Prop_lut6_I1_O)        0.124     9.716 r  u_if_stage/dmem_addr[0]_INST_0_i_1/O
                         net (fo=1, routed)           0.000     9.716    u_if_stage/dmem_addr[0]_INST_0_i_1_n_0
    SLICE_X34Y4          MUXF7 (Prop_muxf7_I0_O)      0.209     9.925 r  u_if_stage/dmem_addr[0]_INST_0/O
                         net (fo=14, routed)          0.921    10.846    u_if_stage/dmem_addr[0]
    SLICE_X32Y9          LUT6 (Prop_lut6_I3_O)        0.297    11.143 r  u_if_stage/regs_reg_r1_0_31_6_11_i_14/O
                         net (fo=2, routed)           0.182    11.325    u_if_stage/regs_reg_r1_0_31_6_11_i_14_n_0
    SLICE_X32Y9          LUT4 (Prop_lut4_I3_O)        0.124    11.449 r  u_if_stage/regs_reg_r1_0_31_6_11_i_16/O
                         net (fo=9, routed)           0.368    11.817    u_if_stage/regs_reg_r1_0_31_6_11_i_16_n_0
    SLICE_X32Y10         LUT6 (Prop_lut6_I5_O)        0.124    11.941 r  u_if_stage/regs_reg_r1_0_31_12_17_i_13/O
                         net (fo=16, routed)          0.839    12.780    u_if_stage/regs_reg_r1_0_31_12_17_i_13_n_0
    SLICE_X43Y10         LUT6 (Prop_lut6_I1_O)        0.124    12.904 r  u_if_stage/regs_reg_r1_0_31_12_17_i_5/O
                         net (fo=2, routed)           0.607    13.511    u_regfile/regs_reg_r2_0_31_12_17/DIC1
    SLICE_X42Y10         RAMD32                                       r  u_regfile/regs_reg_r2_0_31_12_17/RAMC_D1/I
  -------------------------------------------------------------------    -------------------

                         (clock sys_clk rise edge)   12.500    12.500 r  <hidden>
                                                      0.000    12.500 r  clk
                         net (fo=488, unset)          1.493    13.993    u_regfile/regs_reg_r2_0_31_12_17/WCLK
    SLICE_X42Y10         RAMD32                                       r  u_regfile/regs_reg_r2_0_31_12_17/RAMC_D1/CLK
                         clock pessimism              0.115    14.108    <hidden>
                         clock uncertainty           -0.035    14.073    <hidden>
    SLICE_X42Y10         RAMD32 (Setup_ramd32_CLK_I)
                                                     -0.249    13.824    u_regfile/regs_reg_r2_0_31_12_17/RAMC_D1
  -------------------------------------------------------------------
                         required time                         13.824    <hidden>
                         arrival time                         -13.511    <hidden>
  -------------------------------------------------------------------
                         slack                                  0.312    <hidden>

Slack (MET) :             0.370ns  (required time - arrival time)
  Source:                 u_if_stage/instr_hold_reg[3]/C
                            (rising edge-triggered cell FDCE clocked by sys_clk  {rise@0.000ns fall@6.250ns period=12.500ns})
  Destination:            u_regfile/regs_reg_r1_0_31_18_23/RAMA_D1/I
                            (rising edge-triggered cell RAMD32 clocked by sys_clk  {rise@0.000ns fall@6.250ns period=12.500ns})
  Path Group:             sys_clk
  Path Type:              Setup (Max at Slow Process Corner)
  Requirement:            12.500ns  (sys_clk rise@12.500ns - sys_clk rise@0.000ns)
  Data Path Delay:        11.698ns  (logic 2.395ns (20.474%)  route 9.303ns (79.526%))
  Logic Levels:           12  (LUT4=2 LUT5=1 LUT6=8 MUXF7=1)
  Clock Path Skew:        -0.139ns (DCD - SCD + CPR)
    Destination Clock Delay (DCD):    1.493ns = ( 13.993 - 12.500 ) 
    Source Clock Delay      (SCD):    1.747ns
    Clock Pessimism Removal (CPR):    0.115ns
  Clock Uncertainty:      0.035ns  ((TSJ^2 + TIJ^2)^1/2 + DJ) / 2 + PE
    Total System Jitter     (TSJ):    0.071ns
    Total Input Jitter      (TIJ):    0.000ns
    Discrete Jitter          (DJ):    0.000ns
    Phase Error              (PE):    0.000ns

    Location             Delay type                Incr(ns)  Path(ns)    Netlist Resource(s)
  -------------------------------------------------------------------    -------------------
                         (clock sys_clk rise edge)    0.000     0.000 r  <hidden>
                                                      0.000     0.000 r  clk
                         net (fo=488, unset)          1.747     1.747    u_if_stage/clk
    SLICE_X30Y3          FDCE                                         r  u_if_stage/instr_hold_reg[3]/C
  -------------------------------------------------------------------    -------------------
    SLICE_X30Y3          FDCE (Prop_fdce_C_Q)         0.478     2.225 r  u_if_stage/instr_hold_reg[3]/Q
                         net (fo=5, routed)           0.905     3.130    u_if_stage/instr_hold[3]
    SLICE_X30Y5          LUT4 (Prop_lut4_I0_O)        0.295     3.425 r  u_if_stage/pc[0]_i_3/O
                         net (fo=11, routed)          1.242     4.667    u_if_stage/instr[3]
    SLICE_X32Y3          LUT6 (Prop_lut6_I5_O)        0.124     4.791 r  u_if_stage/dmem_addr[31]_INST_0_i_22/O
                         net (fo=32, routed)          1.033     5.824    u_if_stage/alu_b_sel[0]
    SLICE_X39Y2          LUT6 (Prop_lut6_I1_O)        0.124     5.948 r  u_if_stage/dmem_addr[3]_INST_0_i_12/O
                         net (fo=116, routed)         1.205     7.153    u_if_stage/alu_b[3]
    SLICE_X42Y2          LUT6 (Prop_lut6_I2_O)        0.124     7.277 r  u_if_stage/dmem_addr[6]_INST_0_i_12/O
                         net (fo=7, routed)           1.068     8.346    u_if_stage/dmem_addr[6]_INST_0_i_12_n_0
    SLICE_X35Y3          LUT6 (Prop_lut6_I0_O)        0.124     8.470 r  u_if_stage/dmem_addr[0]_INST_0_i_10/O
                         net (fo=2, routed)           0.568     9.037    u_if_stage/dmem_addr[0]_INST_0_i_10_n_0
    SLICE_X34Y6          LUT5 (Prop_lut5_I1_O)        0.124     9.161 r  u_if_stage/dmem_addr[0]_INST_0_i_4/O
                         net (fo=1, routed)           0.431     9.592    u_if_stage/dmem_addr[0]_INST_0_i_4_n_0
    SLICE_X34Y4          LUT6 (Prop_lut6_I1_O)        0.124     9.716 r  u_if_stage/dmem_addr[0]_INST_0_i_1/O
                         net (fo=1, routed)           0.000     9.716    u_if_stage/dmem_addr[0]_INST_0_i_1_n_0
    SLICE_X34Y4          MUXF7 (Prop_muxf7_I0_O)      0.209     9.925 r  u_if_stage/dmem_addr[0]_INST_0/O
                         net (fo=14, routed)          0.921    10.846    u_if_stage/dmem_addr[0]
    SLICE_X32Y9          LUT6 (Prop_lut6_I3_O)        0.297    11.143 r  u_if_stage/regs_reg_r1_0_31_6_11_i_14/O
                         net (fo=2, routed)           0.182    11.325    u_if_stage/regs_reg_r1_0_31_6_11_i_14_n_0
    SLICE_X32Y9          LUT4 (Prop_lut4_I3_O)        0.124    11.449 r  u_if_stage/regs_reg_r1_0_31_6_11_i_16/O
                         net (fo=9, routed)           0.368    11.817    u_if_stage/regs_reg_r1_0_31_6_11_i_16_n_0
    SLICE_X32Y10         LUT6 (Prop_lut6_I5_O)        0.124    11.941 r  u_if_stage/regs_reg_r1_0_31_12_17_i_13/O
                         net (fo=16, routed)          0.728    12.669    u_if_stage/regs_reg_r1_0_31_12_17_i_13_n_0
    SLICE_X39Y11         LUT6 (Prop_lut6_I1_O)        0.124    12.793 r  u_if_stage/regs_reg_r1_0_31_18_23_i_1/O
                         net (fo=2, routed)           0.652    13.445    u_regfile/regs_reg_r1_0_31_18_23/DIA1
    SLICE_X38Y9          RAMD32                                       r  u_regfile/regs_reg_r1_0_31_18_23/RAMA_D1/I
  -------------------------------------------------------------------    -------------------

                         (clock sys_clk rise edge)   12.500    12.500 r  <hidden>
                                                      0.000    12.500 r  clk
                         net (fo=488, unset)          1.493    13.993    u_regfile/regs_reg_r1_0_31_18_23/WCLK
    SLICE_X38Y9          RAMD32                                       r  u_regfile/regs_reg_r1_0_31_18_23/RAMA_D1/CLK
                         clock pessimism              0.115    14.108    <hidden>
                         clock uncertainty           -0.035    14.073    <hidden>
    SLICE_X38Y9          RAMD32 (Setup_ramd32_CLK_I)
                                                     -0.258    13.815    u_regfile/regs_reg_r1_0_31_18_23/RAMA_D1
  -------------------------------------------------------------------
                         required time                         13.815    <hidden>
                         arrival time                         -13.445    <hidden>
  -------------------------------------------------------------------
                         slack                                  0.370    <hidden>

Slack (MET) :             0.406ns  (required time - arrival time)
  Source:                 u_if_stage/stall_q_reg/C
                            (rising edge-triggered cell FDCE clocked by sys_clk  {rise@0.000ns fall@6.250ns period=12.500ns})
  Destination:            u_pc/pc_reg[2]/D
                            (rising edge-triggered cell FDCE clocked by sys_clk  {rise@0.000ns fall@6.250ns period=12.500ns})
  Path Group:             sys_clk
  Path Type:              Setup (Max at Slow Process Corner)
  Requirement:            12.500ns  (sys_clk rise@12.500ns - sys_clk rise@0.000ns)
  Data Path Delay:        12.114ns  (logic 3.982ns (32.872%)  route 8.132ns (67.128%))
  Logic Levels:           18  (CARRY4=6 LUT2=2 LUT3=1 LUT4=1 LUT6=6 MUXF7=1 RAMD32=1)
  Clock Path Skew:        -0.024ns (DCD - SCD + CPR)
    Destination Clock Delay (DCD):    1.496ns = ( 13.996 - 12.500 ) 
    Source Clock Delay      (SCD):    1.669ns
    Clock Pessimism Removal (CPR):    0.149ns
  Clock Uncertainty:      0.035ns  ((TSJ^2 + TIJ^2)^1/2 + DJ) / 2 + PE
    Total System Jitter     (TSJ):    0.071ns
    Total Input Jitter      (TIJ):    0.000ns
    Discrete Jitter          (DJ):    0.000ns
    Phase Error              (PE):    0.000ns

    Location             Delay type                Incr(ns)  Path(ns)    Netlist Resource(s)
  -------------------------------------------------------------------    -------------------
                         (clock sys_clk rise edge)    0.000     0.000 r  <hidden>
                                                      0.000     0.000 r  clk
                         net (fo=488, unset)          1.669     1.669    u_if_stage/clk
    SLICE_X36Y4          FDCE                                         r  u_if_stage/stall_q_reg/C
  -------------------------------------------------------------------    -------------------
    SLICE_X36Y4          FDCE (Prop_fdce_C_Q)         0.518     2.187 r  u_if_stage/stall_q_reg/Q
                         net (fo=66, routed)          0.970     3.157    u_if_stage/stall_q
    SLICE_X36Y3          LUT4 (Prop_lut4_I3_O)        0.124     3.281 r  u_if_stage/dmem_wdata[4]_INST_0_i_3/O
                         net (fo=43, routed)          0.959     4.240    u_regfile/regs_reg_r2_0_31_0_5/ADDRA0
    SLICE_X38Y3          RAMD32 (Prop_ramd32_RADR0_O)
                                                      0.150     4.390 r  u_regfile/regs_reg_r2_0_31_0_5/RAMA/O
                         net (fo=6, routed)           0.790     5.179    u_regfile/rdata20[0]
    SLICE_X33Y5          LUT2 (Prop_lut2_I0_O)        0.328     5.507 r  u_regfile/dmem_wdata[0]_INST_0/O
                         net (fo=2, routed)           0.565     6.072    u_if_stage/dmem_wdata[0]
    SLICE_X33Y3          LUT6 (Prop_lut6_I0_O)        0.124     6.196 r  u_if_stage/dmem_addr[0]_INST_0_i_7/O
                         net (fo=102, routed)         0.744     6.940    u_if_stage/alu_b[0]
    SLICE_X40Y3          LUT2 (Prop_lut2_I1_O)        0.124     7.064 r  u_if_stage/dmem_addr[0]_INST_0_i_31/O
                         net (fo=1, routed)           0.000     7.064    u_if_stage/dmem_addr[0]_INST_0_i_31_n_0
    SLICE_X40Y3          CARRY4 (Prop_carry4_S[0]_CO[3])
                                                      0.532     7.596 r  u_if_stage/dmem_addr[0]_INST_0_i_12/CO[3]
                         net (fo=1, routed)           0.000     7.596    u_if_stage/dmem_addr[0]_INST_0_i_12_n_0
    SLICE_X40Y4          CARRY4 (Prop_carry4_CI_CO[3])
                                                      0.114     7.710 r  u_if_stage/dmem_addr[7]_INST_0_i_13/CO[3]
                         net (fo=1, routed)           0.000     7.710    u_if_stage/dmem_addr[7]_INST_0_i_13_n_0
    SLICE_X40Y5          CARRY4 (Prop_carry4_CI_CO[3])
                                                      0.114     7.824 r  u_if_stage/dmem_addr[11]_INST_0_i_15/CO[3]
                         net (fo=1, routed)           0.000     7.824    u_if_stage/dmem_addr[11]_INST_0_i_15_n_0
    SLICE_X40Y6          CARRY4 (Prop_carry4_CI_CO[3])
                                                      0.114     7.938 r  u_if_stage/dmem_addr[15]_INST_0_i_24/CO[3]
                         net (fo=1, routed)           0.000     7.938    u_if_stage/dmem_addr[15]_INST_0_i_24_n_0
    SLICE_X40Y7          CARRY4 (Prop_carry4_CI_CO[3])
                                                      0.114     8.052 r  u_if_stage/dmem_addr[23]_INST_0_i_20/CO[3]
                         net (fo=1, routed)           0.000     8.052    u_if_stage/dmem_addr[23]_INST_0_i_20_n_0
    SLICE_X40Y8          CARRY4 (Prop_carry4_CI_O[3])
                                                      0.313     8.365 f  u_if_stage/dmem_addr[23]_INST_0_i_13/O[3]
                         net (fo=1, routed)           1.042     9.407    u_if_stage/u_alu/data0[23]
    SLICE_X48Y8          LUT3 (Prop_lut3_I0_O)        0.306     9.713 f  u_if_stage/dmem_addr[23]_INST_0_i_6/O
                         net (fo=1, routed)           0.443    10.156    u_if_stage/dmem_addr[23]_INST_0_i_6_n_0
    SLICE_X47Y7          LUT6 (Prop_lut6_I5_O)        0.124    10.280 f  u_if_stage/dmem_addr[23]_INST_0_i_1/O
                         net (fo=1, routed)           0.000    10.280    u_if_stage/dmem_addr[23]_INST_0_i_1_n_0
    SLICE_X47Y7          MUXF7 (Prop_muxf7_I0_O)      0.212    10.492 f  u_if_stage/dmem_addr[23]_INST_0/O
                         net (fo=3, routed)           0.771    11.264    u_if_stage/dmem_addr[17]
    SLICE_X45Y5          LUT6 (Prop_lut6_I5_O)        0.299    11.563 f  u_if_stage/pc[31]_i_20/O
                         net (fo=1, routed)           0.750    12.312    u_if_stage/pc[31]_i_20_n_0
    SLICE_X38Y5          LUT6 (Prop_lut6_I0_O)        0.124    12.436 r  u_if_stage/pc[31]_i_14/O
                         net (fo=1, routed)           0.303    12.739    u_if_stage/alu_zero
    SLICE_X38Y4          LUT6 (Prop_lut6_I0_O)        0.124    12.863 r  u_if_stage/pc[31]_i_6/O
                         net (fo=33, routed)          0.795    13.659    u_if_stage/branch_taken
    SLICE_X38Y0          LUT6 (Prop_lut6_I2_O)        0.124    13.783 r  u_if_stage/pc[2]_i_1/O
                         net (fo=1, routed)           0.000    13.783    u_pc/pc_reg[31]_1[2]
    SLICE_X38Y0          FDCE                                         r  u_pc/pc_reg[2]/D
  -------------------------------------------------------------------    -------------------

                         (clock sys_clk rise edge)   12.500    12.500 r  <hidden>
                                                      0.000    12.500 r  clk
                         net (fo=488, unset)          1.496    13.996    u_pc/clk
    SLICE_X38Y0          FDCE                                         r  u_pc/pc_reg[2]/C
                         clock pessimism              0.149    14.145    <hidden>
                         clock uncertainty           -0.035    14.110    <hidden>
    SLICE_X38Y0          FDCE (Setup_fdce_C_D)        0.079    14.189    u_pc/pc_reg[2]
  -------------------------------------------------------------------
                         required time                         14.189    <hidden>
                         arrival time                         -13.783    <hidden>
  -------------------------------------------------------------------
                         slack                                  0.406    <hidden>

Slack (MET) :             0.416ns  (required time - arrival time)
  Source:                 u_if_stage/stall_q_reg/C
                            (rising edge-triggered cell FDCE clocked by sys_clk  {rise@0.000ns fall@6.250ns period=12.500ns})
  Destination:            u_pc/pc_reg[13]/D
                            (rising edge-triggered cell FDCE clocked by sys_clk  {rise@0.000ns fall@6.250ns period=12.500ns})
  Path Group:             sys_clk
  Path Type:              Setup (Max at Slow Process Corner)
  Requirement:            12.500ns  (sys_clk rise@12.500ns - sys_clk rise@0.000ns)
  Data Path Delay:        12.104ns  (logic 3.982ns (32.899%)  route 8.122ns (67.101%))
  Logic Levels:           18  (CARRY4=6 LUT2=2 LUT3=1 LUT4=1 LUT6=6 MUXF7=1 RAMD32=1)
  Clock Path Skew:        -0.024ns (DCD - SCD + CPR)
    Destination Clock Delay (DCD):    1.496ns = ( 13.996 - 12.500 ) 
    Source Clock Delay      (SCD):    1.669ns
    Clock Pessimism Removal (CPR):    0.149ns
  Clock Uncertainty:      0.035ns  ((TSJ^2 + TIJ^2)^1/2 + DJ) / 2 + PE
    Total System Jitter     (TSJ):    0.071ns
    Total Input Jitter      (TIJ):    0.000ns
    Discrete Jitter          (DJ):    0.000ns
    Phase Error              (PE):    0.000ns

    Location             Delay type                Incr(ns)  Path(ns)    Netlist Resource(s)
  -------------------------------------------------------------------    -------------------
                         (clock sys_clk rise edge)    0.000     0.000 r  <hidden>
                                                      0.000     0.000 r  clk
                         net (fo=488, unset)          1.669     1.669    u_if_stage/clk
    SLICE_X36Y4          FDCE                                         r  u_if_stage/stall_q_reg/C
  -------------------------------------------------------------------    -------------------
    SLICE_X36Y4          FDCE (Prop_fdce_C_Q)         0.518     2.187 r  u_if_stage/stall_q_reg/Q
                         net (fo=66, routed)          0.970     3.157    u_if_stage/stall_q
    SLICE_X36Y3          LUT4 (Prop_lut4_I3_O)        0.124     3.281 r  u_if_stage/dmem_wdata[4]_INST_0_i_3/O
                         net (fo=43, routed)          0.959     4.240    u_regfile/regs_reg_r2_0_31_0_5/ADDRA0
    SLICE_X38Y3          RAMD32 (Prop_ramd32_RADR0_O)
                                                      0.150     4.390 r  u_regfile/regs_reg_r2_0_31_0_5/RAMA/O
                         net (fo=6, routed)           0.790     5.179    u_regfile/rdata20[0]
    SLICE_X33Y5          LUT2 (Prop_lut2_I0_O)        0.328     5.507 r  u_regfile/dmem_wdata[0]_INST_0/O
                         net (fo=2, routed)           0.565     6.072    u_if_stage/dmem_wdata[0]
    SLICE_X33Y3          LUT6 (Prop_lut6_I0_O)        0.124     6.196 r  u_if_stage/dmem_addr[0]_INST_0_i_7/O
                         net (fo=102, routed)         0.744     6.940    u_if_stage/alu_b[0]
    SLICE_X40Y3          LUT2 (Prop_lut2_I1_O)        0.124     7.064 r  u_if_stage/dmem_addr[0]_INST_0_i_31/O
                         net (fo=1, routed)           0.000     7.064    u_if_stage/dmem_addr[0]_INST_0_i_31_n_0
    SLICE_X40Y3          CARRY4 (Prop_carry4_S[0]_CO[3])
                                                      0.532     7.596 r  u_if_stage/dmem_addr[0]_INST_0_i_12/CO[3]
                         net (fo=1, routed)           0.000     7.596    u_if_stage/dmem_addr[0]_INST_0_i_12_n_0
    SLICE_X40Y4          CARRY4 (Prop_carry4_CI_CO[3])
                                                      0.114     7.710 r  u_if_stage/dmem_addr[7]_INST_0_i_13/CO[3]
                         net (fo=1, routed)           0.000     7.710    u_if_stage/dmem_addr[7]_INST_0_i_13_n_0
    SLICE_X40Y5          CARRY4 (Prop_carry4_CI_CO[3])
                                                      0.114     7.824 r  u_if_stage/dmem_addr[11]_INST_0_i_15/CO[3]
                         net (fo=1, routed)           0.000     7.824    u_if_stage/dmem_addr[11]_INST_0_i_15_n_0
    SLICE_X40Y6          CARRY4 (Prop_carry4_CI_CO[3])
                                                      0.114     7.938 r  u_if_stage/dmem_addr[15]_INST_0_i_24/CO[3]
                         net (fo=1, routed)           0.000     7.938    u_if_stage/dmem_addr[15]_INST_0_i_24_n_0
    SLICE_X40Y7          CARRY4 (Prop_carry4_CI_CO[3])
                                                      0.114     8.052 r  u_if_stage/dmem_addr[23]_INST_0_i_20/CO[3]
                         net (fo=1, routed)           0.000     8.052    u_if_stage/dmem_addr[23]_INST_0_i_20_n_0
    SLICE_X40Y8          CARRY4 (Prop_carry4_CI_O[3])
                                                      0.313     8.365 f  u_if_stage/dmem_addr[23]_INST_0_i_13/O[3]
                         net (fo=1, routed)           1.042     9.407    u_if_stage/u_alu/data0[23]
    SLICE_X48Y8          LUT3 (Prop_lut3_I0_O)        0.306     9.713 f  u_if_stage/dmem_addr[23]_INST_0_i_6/O
                         net (fo=1, routed)           0.443    10.156    u_if_stage/dmem_addr[23]_INST_0_i_6_n_0
    SLICE_X47Y7          LUT6 (Prop_lut6_I5_O)        0.124    10.280 f  u_if_stage/dmem_addr[23]_INST_0_i_1/O
                         net (fo=1, routed)           0.000    10.280    u_if_stage/dmem_addr[23]_INST_0_i_1_n_0
    SLICE_X47Y7          MUXF7 (Prop_muxf7_I0_O)      0.212    10.492 f  u_if_stage/dmem_addr[23]_INST_0/O
                         net (fo=3, routed)           0.771    11.264    u_if_stage/dmem_addr[17]
    SLICE_X45Y5          LUT6 (Prop_lut6_I5_O)        0.299    11.563 f  u_if_stage/pc[31]_i_20/O
                         net (fo=1, routed)           0.750    12.312    u_if_stage/pc[31]_i_20_n_0
    SLICE_X38Y5          LUT6 (Prop_lut6_I0_O)        0.124    12.436 r  u_if_stage/pc[31]_i_14/O
                         net (fo=1, routed)           0.303    12.739    u_if_stage/alu_zero
    SLICE_X38Y4          LUT6 (Prop_lut6_I0_O)        0.124    12.863 r  u_if_stage/pc[31]_i_6/O
                         net (fo=33, routed)          0.785    13.649    u_if_stage/branch_taken
    SLICE_X38Y0          LUT6 (Prop_lut6_I2_O)        0.124    13.773 r  u_if_stage/pc[13]_i_1/O
                         net (fo=1, routed)           0.000    13.773    u_pc/pc_reg[31]_1[13]
    SLICE_X38Y0          FDCE                                         r  u_pc/pc_reg[13]/D
  -------------------------------------------------------------------    -------------------

                         (clock sys_clk rise edge)   12.500    12.500 r  <hidden>
                                                      0.000    12.500 r  clk
                         net (fo=488, unset)          1.496    13.996    u_pc/clk
    SLICE_X38Y0          FDCE                                         r  u_pc/pc_reg[13]/C
                         clock pessimism              0.149    14.145    <hidden>
                         clock uncertainty           -0.035    14.110    <hidden>
    SLICE_X38Y0          FDCE (Setup_fdce_C_D)        0.079    14.189    u_pc/pc_reg[13]
  -------------------------------------------------------------------
                         required time                         14.189    <hidden>
                         arrival time                         -13.773    <hidden>
  -------------------------------------------------------------------
                         slack                                  0.416    <hidden>

Slack (MET) :             0.457ns  (required time - arrival time)
  Source:                 u_if_stage/instr_hold_reg[3]/C
                            (rising edge-triggered cell FDCE clocked by sys_clk  {rise@0.000ns fall@6.250ns period=12.500ns})
  Destination:            u_regfile/regs_reg_r1_0_31_18_23/RAMC/I
                            (rising edge-triggered cell RAMD32 clocked by sys_clk  {rise@0.000ns fall@6.250ns period=12.500ns})
  Path Group:             sys_clk
  Path Type:              Setup (Max at Slow Process Corner)
  Requirement:            12.500ns  (sys_clk rise@12.500ns - sys_clk rise@0.000ns)
  Data Path Delay:        11.694ns  (logic 2.395ns (20.481%)  route 9.299ns (79.519%))
  Logic Levels:           12  (LUT4=2 LUT5=1 LUT6=8 MUXF7=1)
  Clock Path Skew:        -0.139ns (DCD - SCD + CPR)
    Destination Clock Delay (DCD):    1.493ns = ( 13.993 - 12.500 ) 
    Source Clock Delay      (SCD):    1.747ns
    Clock Pessimism Removal (CPR):    0.115ns
  Clock Uncertainty:      0.035ns  ((TSJ^2 + TIJ^2)^1/2 + DJ) / 2 + PE
    Total System Jitter     (TSJ):    0.071ns
    Total Input Jitter      (TIJ):    0.000ns
    Discrete Jitter          (DJ):    0.000ns
    Phase Error              (PE):    0.000ns

    Location             Delay type                Incr(ns)  Path(ns)    Netlist Resource(s)
  -------------------------------------------------------------------    -------------------
                         (clock sys_clk rise edge)    0.000     0.000 r  <hidden>
                                                      0.000     0.000 r  clk
                         net (fo=488, unset)          1.747     1.747    u_if_stage/clk
    SLICE_X30Y3          FDCE                                         r  u_if_stage/instr_hold_reg[3]/C
  -------------------------------------------------------------------    -------------------
    SLICE_X30Y3          FDCE (Prop_fdce_C_Q)         0.478     2.225 r  u_if_stage/instr_hold_reg[3]/Q
                         net (fo=5, routed)           0.905     3.130    u_if_stage/instr_hold[3]
    SLICE_X30Y5          LUT4 (Prop_lut4_I0_O)        0.295     3.425 r  u_if_stage/pc[0]_i_3/O
                         net (fo=11, routed)          1.242     4.667    u_if_stage/instr[3]
    SLICE_X32Y3          LUT6 (Prop_lut6_I5_O)        0.124     4.791 r  u_if_stage/dmem_addr[31]_INST_0_i_22/O
                         net (fo=32, routed)          1.033     5.824    u_if_stage/alu_b_sel[0]
    SLICE_X39Y2          LUT6 (Prop_lut6_I1_O)        0.124     5.948 r  u_if_stage/dmem_addr[3]_INST_0_i_12/O
                         net (fo=116, routed)         1.205     7.153    u_if_stage/alu_b[3]
    SLICE_X42Y2          LUT6 (Prop_lut6_I2_O)        0.124     7.277 r  u_if_stage/dmem_addr[6]_INST_0_i_12/O
                         net (fo=7, routed)           1.068     8.346    u_if_stage/dmem_addr[6]_INST_0_i_12_n_0
    SLICE_X35Y3          LUT6 (Prop_lut6_I0_O)        0.124     8.470 r  u_if_stage/dmem_addr[0]_INST_0_i_10/O
                         net (fo=2, routed)           0.568     9.037    u_if_stage/dmem_addr[0]_INST_0_i_10_n_0
    SLICE_X34Y6          LUT5 (Prop_lut5_I1_O)        0.124     9.161 r  u_if_stage/dmem_addr[0]_INST_0_i_4/O
                         net (fo=1, routed)           0.431     9.592    u_if_stage/dmem_addr[0]_INST_0_i_4_n_0
    SLICE_X34Y4          LUT6 (Prop_lut6_I1_O)        0.124     9.716 r  u_if_stage/dmem_addr[0]_INST_0_i_1/O
                         net (fo=1, routed)           0.000     9.716    u_if_stage/dmem_addr[0]_INST_0_i_1_n_0
    SLICE_X34Y4          MUXF7 (Prop_muxf7_I0_O)      0.209     9.925 r  u_if_stage/dmem_addr[0]_INST_0/O
                         net (fo=14, routed)          0.921    10.846    u_if_stage/dmem_addr[0]
    SLICE_X32Y9          LUT6 (Prop_lut6_I3_O)        0.297    11.143 r  u_if_stage/regs_reg_r1_0_31_6_11_i_14/O
                         net (fo=2, routed)           0.182    11.325    u_if_stage/regs_reg_r1_0_31_6_11_i_14_n_0
    SLICE_X32Y9          LUT4 (Prop_lut4_I3_O)        0.124    11.449 r  u_if_stage/regs_reg_r1_0_31_6_11_i_16/O
                         net (fo=9, routed)           0.368    11.817    u_if_stage/regs_reg_r1_0_31_6_11_i_16_n_0
    SLICE_X32Y10         LUT6 (Prop_lut6_I5_O)        0.124    11.941 r  u_if_stage/regs_reg_r1_0_31_12_17_i_13/O
                         net (fo=16, routed)          0.740    12.681    u_if_stage/regs_reg_r1_0_31_12_17_i_13_n_0
    SLICE_X38Y11         LUT6 (Prop_lut6_I1_O)        0.124    12.805 r  u_if_stage/regs_reg_r1_0_31_18_23_i_6/O
                         net (fo=2, routed)           0.636    13.441    u_regfile/regs_reg_r1_0_31_18_23/DIC0
    SLICE_X38Y9          RAMD32                                       r  u_regfile/regs_reg_r1_0_31_18_23/RAMC/I
  -------------------------------------------------------------------    -------------------

                         (clock sys_clk rise edge)   12.500    12.500 r  <hidden>
                                                      0.000    12.500 r  clk
                         net (fo=488, unset)          1.493    13.993    u_regfile/regs_reg_r1_0_31_18_23/WCLK
    SLICE_X38Y9          RAMD32                                       r  u_regfile/regs_reg_r1_0_31_18_23/RAMC/CLK
                         clock pessimism              0.115    14.108    <hidden>
                         clock uncertainty           -0.035    14.073    <hidden>
    SLICE_X38Y9          RAMD32 (Setup_ramd32_CLK_I)
                                                     -0.175    13.898    u_regfile/regs_reg_r1_0_31_18_23/RAMC
  -------------------------------------------------------------------
                         required time                         13.898    <hidden>
                         arrival time                         -13.441    <hidden>
  -------------------------------------------------------------------
                         slack                                  0.457    <hidden>

Slack (MET) :             0.472ns  (required time - arrival time)
  Source:                 u_if_stage/stall_q_reg/C
                            (rising edge-triggered cell FDCE clocked by sys_clk  {rise@0.000ns fall@6.250ns period=12.500ns})
  Destination:            u_pc/pc_reg[17]/D
                            (rising edge-triggered cell FDCE clocked by sys_clk  {rise@0.000ns fall@6.250ns period=12.500ns})
  Path Group:             sys_clk
  Path Type:              Setup (Max at Slow Process Corner)
  Requirement:            12.500ns  (sys_clk rise@12.500ns - sys_clk rise@0.000ns)
  Data Path Delay:        12.048ns  (logic 3.982ns (33.051%)  route 8.066ns (66.949%))
  Logic Levels:           18  (CARRY4=6 LUT2=2 LUT3=1 LUT4=1 LUT6=6 MUXF7=1 RAMD32=1)
  Clock Path Skew:        -0.025ns (DCD - SCD + CPR)
    Destination Clock Delay (DCD):    1.495ns = ( 13.995 - 12.500 ) 
    Source Clock Delay      (SCD):    1.669ns
    Clock Pessimism Removal (CPR):    0.149ns
  Clock Uncertainty:      0.035ns  ((TSJ^2 + TIJ^2)^1/2 + DJ) / 2 + PE
    Total System Jitter     (TSJ):    0.071ns
    Total Input Jitter      (TIJ):    0.000ns
    Discrete Jitter          (DJ):    0.000ns
    Phase Error              (PE):    0.000ns

    Location             Delay type                Incr(ns)  Path(ns)    Netlist Resource(s)
  -------------------------------------------------------------------    -------------------
                         (clock sys_clk rise edge)    0.000     0.000 r  <hidden>
                                                      0.000     0.000 r  clk
                         net (fo=488, unset)          1.669     1.669    u_if_stage/clk
    SLICE_X36Y4          FDCE                                         r  u_if_stage/stall_q_reg/C
  -------------------------------------------------------------------    -------------------
    SLICE_X36Y4          FDCE (Prop_fdce_C_Q)         0.518     2.187 r  u_if_stage/stall_q_reg/Q
                         net (fo=66, routed)          0.970     3.157    u_if_stage/stall_q
    SLICE_X36Y3          LUT4 (Prop_lut4_I3_O)        0.124     3.281 r  u_if_stage/dmem_wdata[4]_INST_0_i_3/O
                         net (fo=43, routed)          0.959     4.240    u_regfile/regs_reg_r2_0_31_0_5/ADDRA0
    SLICE_X38Y3          RAMD32 (Prop_ramd32_RADR0_O)
                                                      0.150     4.390 r  u_regfile/regs_reg_r2_0_31_0_5/RAMA/O
                         net (fo=6, routed)           0.790     5.179    u_regfile/rdata20[0]
    SLICE_X33Y5          LUT2 (Prop_lut2_I0_O)        0.328     5.507 r  u_regfile/dmem_wdata[0]_INST_0/O
                         net (fo=2, routed)           0.565     6.072    u_if_stage/dmem_wdata[0]
    SLICE_X33Y3          LUT6 (Prop_lut6_I0_O)        0.124     6.196 r  u_if_stage/dmem_addr[0]_INST_0_i_7/O
                         net (fo=102, routed)         0.744     6.940    u_if_stage/alu_b[0]
    SLICE_X40Y3          LUT2 (Prop_lut2_I1_O)        0.124     7.064 r  u_if_stage/dmem_addr[0]_INST_0_i_31/O
                         net (fo=1, routed)           0.000     7.064    u_if_stage/dmem_addr[0]_INST_0_i_31_n_0
    SLICE_X40Y3          CARRY4 (Prop_carry4_S[0]_CO[3])
                                                      0.532     7.596 r  u_if_stage/dmem_addr[0]_INST_0_i_12/CO[3]
                         net (fo=1, routed)           0.000     7.596    u_if_stage/dmem_addr[0]_INST_0_i_12_n_0
    SLICE_X40Y4          CARRY4 (Prop_carry4_CI_CO[3])
                                                      0.114     7.710 r  u_if_stage/dmem_addr[7]_INST_0_i_13/CO[3]
                         net (fo=1, routed)           0.000     7.710    u_if_stage/dmem_addr[7]_INST_0_i_13_n_0
    SLICE_X40Y5          CARRY4 (Prop_carry4_CI_CO[3])
                                                      0.114     7.824 r  u_if_stage/dmem_addr[11]_INST_0_i_15/CO[3]
                         net (fo=1, routed)           0.000     7.824    u_if_stage/dmem_addr[11]_INST_0_i_15_n_0
    SLICE_X40Y6          CARRY4 (Prop_carry4_CI_CO[3])
                                                      0.114     7.938 r  u_if_stage/dmem_addr[15]_INST_0_i_24/CO[3]
                         net (fo=1, routed)           0.000     7.938    u_if_stage/dmem_addr[15]_INST_0_i_24_n_0
    SLICE_X40Y7          CARRY4 (Prop_carry4_CI_CO[3])
                                                      0.114     8.052 r  u_if_stage/dmem_addr[23]_INST_0_i_20/CO[3]
                         net (fo=1, routed)           0.000     8.052    u_if_stage/dmem_addr[23]_INST_0_i_20_n_0
    SLICE_X40Y8          CARRY4 (Prop_carry4_CI_O[3])
                                                      0.313     8.365 f  u_if_stage/dmem_addr[23]_INST_0_i_13/O[3]
                         net (fo=1, routed)           1.042     9.407    u_if_stage/u_alu/data0[23]
    SLICE_X48Y8          LUT3 (Prop_lut3_I0_O)        0.306     9.713 f  u_if_stage/dmem_addr[23]_INST_0_i_6/O
                         net (fo=1, routed)           0.443    10.156    u_if_stage/dmem_addr[23]_INST_0_i_6_n_0
    SLICE_X47Y7          LUT6 (Prop_lut6_I5_O)        0.124    10.280 f  u_if_stage/dmem_addr[23]_INST_0_i_1/O
                         net (fo=1, routed)           0.000    10.280    u_if_stage/dmem_addr[23]_INST_0_i_1_n_0
    SLICE_X47Y7          MUXF7 (Prop_muxf7_I0_O)      0.212    10.492 f  u_if_stage/dmem_addr[23]_INST_0/O
                         net (fo=3, routed)           0.771    11.264    u_if_stage/dmem_addr[17]
    SLICE_X45Y5          LUT6 (Prop_lut6_I5_O)        0.299    11.563 f  u_if_stage/pc[31]_i_20/O
                         net (fo=1, routed)           0.750    12.312    u_if_stage/pc[31]_i_20_n_0
    SLICE_X38Y5          LUT6 (Prop_lut6_I0_O)        0.124    12.436 r  u_if_stage/pc[31]_i_14/O
                         net (fo=1, routed)           0.303    12.739    u_if_stage/alu_zero
    SLICE_X38Y4          LUT6 (Prop_lut6_I0_O)        0.124    12.863 r  u_if_stage/pc[31]_i_6/O
                         net (fo=33, routed)          0.730    13.593    u_if_stage/branch_taken
    SLICE_X38Y6          LUT6 (Prop_lut6_I2_O)        0.124    13.717 r  u_if_stage/pc[17]_i_1/O
                         net (fo=1, routed)           0.000    13.717    u_pc/pc_reg[31]_1[17]
    SLICE_X38Y6          FDCE                                         r  u_pc/pc_reg[17]/D
  -------------------------------------------------------------------    -------------------

                         (clock sys_clk rise edge)   12.500    12.500 r  <hidden>
                                                      0.000    12.500 r  clk
                         net (fo=488, unset)          1.495    13.995    u_pc/clk
    SLICE_X38Y6          FDCE                                         r  u_pc/pc_reg[17]/C
                         clock pessimism              0.149    14.144    <hidden>
                         clock uncertainty           -0.035    14.109    <hidden>
    SLICE_X38Y6          FDCE (Setup_fdce_C_D)        0.081    14.190    u_pc/pc_reg[17]
  -------------------------------------------------------------------
                         required time                         14.190    <hidden>
                         arrival time                         -13.717    <hidden>
  -------------------------------------------------------------------
                         slack                                  0.472    <hidden>

Slack (MET) :             0.477ns  (required time - arrival time)
  Source:                 u_if_stage/stall_q_reg/C
                            (rising edge-triggered cell FDCE clocked by sys_clk  {rise@0.000ns fall@6.250ns period=12.500ns})
  Destination:            u_pc/pc_reg[8]/D
                            (rising edge-triggered cell FDCE clocked by sys_clk  {rise@0.000ns fall@6.250ns period=12.500ns})
  Path Group:             sys_clk
  Path Type:              Setup (Max at Slow Process Corner)
  Requirement:            12.500ns  (sys_clk rise@12.500ns - sys_clk rise@0.000ns)
  Data Path Delay:        11.959ns  (logic 3.982ns (33.296%)  route 7.977ns (66.704%))
  Logic Levels:           18  (CARRY4=6 LUT2=2 LUT3=1 LUT4=1 LUT6=6 MUXF7=1 RAMD32=1)
  Clock Path Skew:        -0.059ns (DCD - SCD + CPR)
    Destination Clock Delay (DCD):    1.495ns = ( 13.995 - 12.500 ) 
    Source Clock Delay      (SCD):    1.669ns
    Clock Pessimism Removal (CPR):    0.115ns
  Clock Uncertainty:      0.035ns  ((TSJ^2 + TIJ^2)^1/2 + DJ) / 2 + PE
    Total System Jitter     (TSJ):    0.071ns
    Total Input Jitter      (TIJ):    0.000ns
    Discrete Jitter          (DJ):    0.000ns
    Phase Error              (PE):    0.000ns

    Location             Delay type                Incr(ns)  Path(ns)    Netlist Resource(s)
  -------------------------------------------------------------------    -------------------
                         (clock sys_clk rise edge)    0.000     0.000 r  <hidden>
                                                      0.000     0.000 r  clk
                         net (fo=488, unset)          1.669     1.669    u_if_stage/clk
    SLICE_X36Y4          FDCE                                         r  u_if_stage/stall_q_reg/C
  -------------------------------------------------------------------    -------------------
    SLICE_X36Y4          FDCE (Prop_fdce_C_Q)         0.518     2.187 r  u_if_stage/stall_q_reg/Q
                         net (fo=66, routed)          0.970     3.157    u_if_stage/stall_q
    SLICE_X36Y3          LUT4 (Prop_lut4_I3_O)        0.124     3.281 r  u_if_stage/dmem_wdata[4]_INST_0_i_3/O
                         net (fo=43, routed)          0.959     4.240    u_regfile/regs_reg_r2_0_31_0_5/ADDRA0
    SLICE_X38Y3          RAMD32 (Prop_ramd32_RADR0_O)
                                                      0.150     4.390 r  u_regfile/regs_reg_r2_0_31_0_5/RAMA/O
                         net (fo=6, routed)           0.790     5.179    u_regfile/rdata20[0]
    SLICE_X33Y5          LUT2 (Prop_lut2_I0_O)        0.328     5.507 r  u_regfile/dmem_wdata[0]_INST_0/O
                         net (fo=2, routed)           0.565     6.072    u_if_stage/dmem_wdata[0]
    SLICE_X33Y3          LUT6 (Prop_lut6_I0_O)        0.124     6.196 r  u_if_stage/dmem_addr[0]_INST_0_i_7/O
                         net (fo=102, routed)         0.744     6.940    u_if_stage/alu_b[0]
    SLICE_X40Y3          LUT2 (Prop_lut2_I1_O)        0.124     7.064 r  u_if_stage/dmem_addr[0]_INST_0_i_31/O
                         net (fo=1, routed)           0.000     7.064    u_if_stage/dmem_addr[0]_INST_0_i_31_n_0
    SLICE_X40Y3          CARRY4 (Prop_carry4_S[0]_CO[3])
                                                      0.532     7.596 r  u_if_stage/dmem_addr[0]_INST_0_i_12/CO[3]
                         net (fo=1, routed)           0.000     7.596    u_if_stage/dmem_addr[0]_INST_0_i_12_n_0
    SLICE_X40Y4          CARRY4 (Prop_carry4_CI_CO[3])
                                                      0.114     7.710 r  u_if_stage/dmem_addr[7]_INST_0_i_13/CO[3]
                         net (fo=1, routed)           0.000     7.710    u_if_stage/dmem_addr[7]_INST_0_i_13_n_0
    SLICE_X40Y5          CARRY4 (Prop_carry4_CI_CO[3])
                                                      0.114     7.824 r  u_if_stage/dmem_addr[11]_INST_0_i_15/CO[3]
                         net (fo=1, routed)           0.000     7.824    u_if_stage/dmem_addr[11]_INST_0_i_15_n_0
    SLICE_X40Y6          CARRY4 (Prop_carry4_CI_CO[3])
                                                      0.114     7.938 r  u_if_stage/dmem_addr[15]_INST_0_i_24/CO[3]
                         net (fo=1, routed)           0.000     7.938    u_if_stage/dmem_addr[15]_INST_0_i_24_n_0
    SLICE_X40Y7          CARRY4 (Prop_carry4_CI_CO[3])
                                                      0.114     8.052 r  u_if_stage/dmem_addr[23]_INST_0_i_20/CO[3]
                         net (fo=1, routed)           0.000     8.052    u_if_stage/dmem_addr[23]_INST_0_i_20_n_0
    SLICE_X40Y8          CARRY4 (Prop_carry4_CI_O[3])
                                                      0.313     8.365 f  u_if_stage/dmem_addr[23]_INST_0_i_13/O[3]
                         net (fo=1, routed)           1.042     9.407    u_if_stage/u_alu/data0[23]
    SLICE_X48Y8          LUT3 (Prop_lut3_I0_O)        0.306     9.713 f  u_if_stage/dmem_addr[23]_INST_0_i_6/O
                         net (fo=1, routed)           0.443    10.156    u_if_stage/dmem_addr[23]_INST_0_i_6_n_0
    SLICE_X47Y7          LUT6 (Prop_lut6_I5_O)        0.124    10.280 f  u_if_stage/dmem_addr[23]_INST_0_i_1/O
                         net (fo=1, routed)           0.000    10.280    u_if_stage/dmem_addr[23]_INST_0_i_1_n_0
    SLICE_X47Y7          MUXF7 (Prop_muxf7_I0_O)      0.212    10.492 f  u_if_stage/dmem_addr[23]_INST_0/O
                         net (fo=3, routed)           0.771    11.264    u_if_stage/dmem_addr[17]
    SLICE_X45Y5          LUT6 (Prop_lut6_I5_O)        0.299    11.563 f  u_if_stage/pc[31]_i_20/O
                         net (fo=1, routed)           0.750    12.312    u_if_stage/pc[31]_i_20_n_0
    SLICE_X38Y5          LUT6 (Prop_lut6_I0_O)        0.124    12.436 r  u_if_stage/pc[31]_i_14/O
                         net (fo=1, routed)           0.303    12.739    u_if_stage/alu_zero
    SLICE_X38Y4          LUT6 (Prop_lut6_I0_O)        0.124    12.863 r  u_if_stage/pc[31]_i_6/O
                         net (fo=33, routed)          0.641    13.504    u_if_stage/branch_taken
    SLICE_X47Y0          LUT6 (Prop_lut6_I2_O)        0.124    13.628 r  u_if_stage/pc[8]_i_1/O
                         net (fo=1, routed)           0.000    13.628    u_pc/pc_reg[31]_1[8]
    SLICE_X47Y0          FDCE                                         r  u_pc/pc_reg[8]/D
  -------------------------------------------------------------------    -------------------

                         (clock sys_clk rise edge)   12.500    12.500 r  <hidden>
                                                      0.000    12.500 r  clk
                         net (fo=488, unset)          1.495    13.995    u_pc/clk
    SLICE_X47Y0          FDCE                                         r  u_pc/pc_reg[8]/C
                         clock pessimism              0.115    14.110    <hidden>
                         clock uncertainty           -0.035    14.075    <hidden>
    SLICE_X47Y0          FDCE (Setup_fdce_C_D)        0.031    14.106    u_pc/pc_reg[8]
  -------------------------------------------------------------------
                         required time                         14.106    <hidden>
                         arrival time                         -13.628    <hidden>
  -------------------------------------------------------------------
                         slack                                  0.477    <hidden>

Slack (MET) :             0.488ns  (required time - arrival time)
  Source:                 u_if_stage/stall_q_reg/C
                            (rising edge-triggered cell FDCE clocked by sys_clk  {rise@0.000ns fall@6.250ns period=12.500ns})
  Destination:            u_pc/pc_reg[20]/D
                            (rising edge-triggered cell FDCE clocked by sys_clk  {rise@0.000ns fall@6.250ns period=12.500ns})
  Path Group:             sys_clk
  Path Type:              Setup (Max at Slow Process Corner)
  Requirement:            12.500ns  (sys_clk rise@12.500ns - sys_clk rise@0.000ns)
  Data Path Delay:        11.995ns  (logic 3.982ns (33.198%)  route 8.013ns (66.802%))
  Logic Levels:           18  (CARRY4=6 LUT2=2 LUT3=1 LUT4=1 LUT6=6 MUXF7=1 RAMD32=1)
  Clock Path Skew:        -0.059ns (DCD - SCD + CPR)
    Destination Clock Delay (DCD):    1.495ns = ( 13.995 - 12.500 ) 
    Source Clock Delay      (SCD):    1.669ns
    Clock Pessimism Removal (CPR):    0.115ns
  Clock Uncertainty:      0.035ns  ((TSJ^2 + TIJ^2)^1/2 + DJ) / 2 + PE
    Total System Jitter     (TSJ):    0.071ns
    Total Input Jitter      (TIJ):    0.000ns
    Discrete Jitter          (DJ):    0.000ns
    Phase Error              (PE):    0.000ns

    Location             Delay type                Incr(ns)  Path(ns)    Netlist Resource(s)
  -------------------------------------------------------------------    -------------------
                         (clock sys_clk rise edge)    0.000     0.000 r  <hidden>
                                                      0.000     0.000 r  clk
                         net (fo=488, unset)          1.669     1.669    u_if_stage/clk
    SLICE_X36Y4          FDCE                                         r  u_if_stage/stall_q_reg/C
  -------------------------------------------------------------------    -------------------
    SLICE_X36Y4          FDCE (Prop_fdce_C_Q)         0.518     2.187 r  u_if_stage/stall_q_reg/Q
                         net (fo=66, routed)          0.970     3.157    u_if_stage/stall_q
    SLICE_X36Y3          LUT4 (Prop_lut4_I3_O)        0.124     3.281 r  u_if_stage/dmem_wdata[4]_INST_0_i_3/O
                         net (fo=43, routed)          0.959     4.240    u_regfile/regs_reg_r2_0_31_0_5/ADDRA0
    SLICE_X38Y3          RAMD32 (Prop_ramd32_RADR0_O)
                                                      0.150     4.390 r  u_regfile/regs_reg_r2_0_31_0_5/RAMA/O
                         net (fo=6, routed)           0.790     5.179    u_regfile/rdata20[0]
    SLICE_X33Y5          LUT2 (Prop_lut2_I0_O)        0.328     5.507 r  u_regfile/dmem_wdata[0]_INST_0/O
                         net (fo=2, routed)           0.565     6.072    u_if_stage/dmem_wdata[0]
    SLICE_X33Y3          LUT6 (Prop_lut6_I0_O)        0.124     6.196 r  u_if_stage/dmem_addr[0]_INST_0_i_7/O
                         net (fo=102, routed)         0.744     6.940    u_if_stage/alu_b[0]
    SLICE_X40Y3          LUT2 (Prop_lut2_I1_O)        0.124     7.064 r  u_if_stage/dmem_addr[0]_INST_0_i_31/O
                         net (fo=1, routed)           0.000     7.064    u_if_stage/dmem_addr[0]_INST_0_i_31_n_0
    SLICE_X40Y3          CARRY4 (Prop_carry4_S[0]_CO[3])
                                                      0.532     7.596 r  u_if_stage/dmem_addr[0]_INST_0_i_12/CO[3]
                         net (fo=1, routed)           0.000     7.596    u_if_stage/dmem_addr[0]_INST_0_i_12_n_0
    SLICE_X40Y4          CARRY4 (Prop_carry4_CI_CO[3])
                                                      0.114     7.710 r  u_if_stage/dmem_addr[7]_INST_0_i_13/CO[3]
                         net (fo=1, routed)           0.000     7.710    u_if_stage/dmem_addr[7]_INST_0_i_13_n_0
    SLICE_X40Y5          CARRY4 (Prop_carry4_CI_CO[3])
                                                      0.114     7.824 r  u_if_stage/dmem_addr[11]_INST_0_i_15/CO[3]
                         net (fo=1, routed)           0.000     7.824    u_if_stage/dmem_addr[11]_INST_0_i_15_n_0
    SLICE_X40Y6          CARRY4 (Prop_carry4_CI_CO[3])
                                                      0.114     7.938 r  u_if_stage/dmem_addr[15]_INST_0_i_24/CO[3]
                         net (fo=1, routed)           0.000     7.938    u_if_stage/dmem_addr[15]_INST_0_i_24_n_0
    SLICE_X40Y7          CARRY4 (Prop_carry4_CI_CO[3])
                                                      0.114     8.052 r  u_if_stage/dmem_addr[23]_INST_0_i_20/CO[3]
                         net (fo=1, routed)           0.000     8.052    u_if_stage/dmem_addr[23]_INST_0_i_20_n_0
    SLICE_X40Y8          CARRY4 (Prop_carry4_CI_O[3])
                                                      0.313     8.365 f  u_if_stage/dmem_addr[23]_INST_0_i_13/O[3]
                         net (fo=1, routed)           1.042     9.407    u_if_stage/u_alu/data0[23]
    SLICE_X48Y8          LUT3 (Prop_lut3_I0_O)        0.306     9.713 f  u_if_stage/dmem_addr[23]_INST_0_i_6/O
                         net (fo=1, routed)           0.443    10.156    u_if_stage/dmem_addr[23]_INST_0_i_6_n_0
    SLICE_X47Y7          LUT6 (Prop_lut6_I5_O)        0.124    10.280 f  u_if_stage/dmem_addr[23]_INST_0_i_1/O
                         net (fo=1, routed)           0.000    10.280    u_if_stage/dmem_addr[23]_INST_0_i_1_n_0
    SLICE_X47Y7          MUXF7 (Prop_muxf7_I0_O)      0.212    10.492 f  u_if_stage/dmem_addr[23]_INST_0/O
                         net (fo=3, routed)           0.771    11.264    u_if_stage/dmem_addr[17]
    SLICE_X45Y5          LUT6 (Prop_lut6_I5_O)        0.299    11.563 f  u_if_stage/pc[31]_i_20/O
                         net (fo=1, routed)           0.750    12.312    u_if_stage/pc[31]_i_20_n_0
    SLICE_X38Y5          LUT6 (Prop_lut6_I0_O)        0.124    12.436 r  u_if_stage/pc[31]_i_14/O
                         net (fo=1, routed)           0.303    12.739    u_if_stage/alu_zero
    SLICE_X38Y4          LUT6 (Prop_lut6_I0_O)        0.124    12.863 r  u_if_stage/pc[31]_i_6/O
                         net (fo=33, routed)          0.676    13.540    u_if_stage/branch_taken
    SLICE_X42Y4          LUT6 (Prop_lut6_I2_O)        0.124    13.664 r  u_if_stage/pc[20]_i_1/O
                         net (fo=1, routed)           0.000    13.664    u_pc/pc_reg[31]_1[20]
    SLICE_X42Y4          FDCE                                         r  u_pc/pc_reg[20]/D
  -------------------------------------------------------------------    -------------------

                         (clock sys_clk rise edge)   12.500    12.500 r  <hidden>
                                                      0.000    12.500 r  clk
                         net (fo=488, unset)          1.495    13.995    u_pc/clk
    SLICE_X42Y4          FDCE                                         r  u_pc/pc_reg[20]/C
                         clock pessimism              0.115    14.110    <hidden>
                         clock uncertainty           -0.035    14.075    <hidden>
    SLICE_X42Y4          FDCE (Setup_fdce_C_D)        0.077    14.152    u_pc/pc_reg[20]
  -------------------------------------------------------------------
                         required time                         14.152    <hidden>
                         arrival time                         -13.664    <hidden>
  -------------------------------------------------------------------
                         slack                                  0.488    <hidden>

Slack (MET) :             0.495ns  (required time - arrival time)
  Source:                 u_if_stage/stall_q_reg/C
                            (rising edge-triggered cell FDCE clocked by sys_clk  {rise@0.000ns fall@6.250ns period=12.500ns})
  Destination:            u_pc/pc_reg[26]/D
                            (rising edge-triggered cell FDCE clocked by sys_clk  {rise@0.000ns fall@6.250ns period=12.500ns})
  Path Group:             sys_clk
  Path Type:              Setup (Max at Slow Process Corner)
  Requirement:            12.500ns  (sys_clk rise@12.500ns - sys_clk rise@0.000ns)
  Data Path Delay:        11.992ns  (logic 3.982ns (33.206%)  route 8.010ns (66.794%))
  Logic Levels:           18  (CARRY4=6 LUT2=2 LUT3=1 LUT4=1 LUT6=6 MUXF7=1 RAMD32=1)
  Clock Path Skew:        -0.059ns (DCD - SCD + CPR)
    Destination Clock Delay (DCD):    1.495ns = ( 13.995 - 12.500 ) 
    Source Clock Delay      (SCD):    1.669ns
    Clock Pessimism Removal (CPR):    0.115ns
  Clock Uncertainty:      0.035ns  ((TSJ^2 + TIJ^2)^1/2 + DJ) / 2 + PE
    Total System Jitter     (TSJ):    0.071ns
    Total Input Jitter      (TIJ):    0.000ns
    Discrete Jitter          (DJ):    0.000ns
    Phase Error              (PE):    0.000ns

    Location             Delay type                Incr(ns)  Path(ns)    Netlist Resource(s)
  -------------------------------------------------------------------    -------------------
                         (clock sys_clk rise edge)    0.000     0.000 r  <hidden>
                                                      0.000     0.000 r  clk
                         net (fo=488, unset)          1.669     1.669    u_if_stage/clk
    SLICE_X36Y4          FDCE                                         r  u_if_stage/stall_q_reg/C
  -------------------------------------------------------------------    -------------------
    SLICE_X36Y4          FDCE (Prop_fdce_C_Q)         0.518     2.187 r  u_if_stage/stall_q_reg/Q
                         net (fo=66, routed)          0.970     3.157    u_if_stage/stall_q
    SLICE_X36Y3          LUT4 (Prop_lut4_I3_O)        0.124     3.281 r  u_if_stage/dmem_wdata[4]_INST_0_i_3/O
                         net (fo=43, routed)          0.959     4.240    u_regfile/regs_reg_r2_0_31_0_5/ADDRA0
    SLICE_X38Y3          RAMD32 (Prop_ramd32_RADR0_O)
                                                      0.150     4.390 r  u_regfile/regs_reg_r2_0_31_0_5/RAMA/O
                         net (fo=6, routed)           0.790     5.179    u_regfile/rdata20[0]
    SLICE_X33Y5          LUT2 (Prop_lut2_I0_O)        0.328     5.507 r  u_regfile/dmem_wdata[0]_INST_0/O
                         net (fo=2, routed)           0.565     6.072    u_if_stage/dmem_wdata[0]
    SLICE_X33Y3          LUT6 (Prop_lut6_I0_O)        0.124     6.196 r  u_if_stage/dmem_addr[0]_INST_0_i_7/O
                         net (fo=102, routed)         0.744     6.940    u_if_stage/alu_b[0]
    SLICE_X40Y3          LUT2 (Prop_lut2_I1_O)        0.124     7.064 r  u_if_stage/dmem_addr[0]_INST_0_i_31/O
                         net (fo=1, routed)           0.000     7.064    u_if_stage/dmem_addr[0]_INST_0_i_31_n_0
    SLICE_X40Y3          CARRY4 (Prop_carry4_S[0]_CO[3])
                                                      0.532     7.596 r  u_if_stage/dmem_addr[0]_INST_0_i_12/CO[3]
                         net (fo=1, routed)           0.000     7.596    u_if_stage/dmem_addr[0]_INST_0_i_12_n_0
    SLICE_X40Y4          CARRY4 (Prop_carry4_CI_CO[3])
                                                      0.114     7.710 r  u_if_stage/dmem_addr[7]_INST_0_i_13/CO[3]
                         net (fo=1, routed)           0.000     7.710    u_if_stage/dmem_addr[7]_INST_0_i_13_n_0
    SLICE_X40Y5          CARRY4 (Prop_carry4_CI_CO[3])
                                                      0.114     7.824 r  u_if_stage/dmem_addr[11]_INST_0_i_15/CO[3]
                         net (fo=1, routed)           0.000     7.824    u_if_stage/dmem_addr[11]_INST_0_i_15_n_0
    SLICE_X40Y6          CARRY4 (Prop_carry4_CI_CO[3])
                                                      0.114     7.938 r  u_if_stage/dmem_addr[15]_INST_0_i_24/CO[3]
                         net (fo=1, routed)           0.000     7.938    u_if_stage/dmem_addr[15]_INST_0_i_24_n_0
    SLICE_X40Y7          CARRY4 (Prop_carry4_CI_CO[3])
                                                      0.114     8.052 r  u_if_stage/dmem_addr[23]_INST_0_i_20/CO[3]
                         net (fo=1, routed)           0.000     8.052    u_if_stage/dmem_addr[23]_INST_0_i_20_n_0
    SLICE_X40Y8          CARRY4 (Prop_carry4_CI_O[3])
                                                      0.313     8.365 f  u_if_stage/dmem_addr[23]_INST_0_i_13/O[3]
                         net (fo=1, routed)           1.042     9.407    u_if_stage/u_alu/data0[23]
    SLICE_X48Y8          LUT3 (Prop_lut3_I0_O)        0.306     9.713 f  u_if_stage/dmem_addr[23]_INST_0_i_6/O
                         net (fo=1, routed)           0.443    10.156    u_if_stage/dmem_addr[23]_INST_0_i_6_n_0
    SLICE_X47Y7          LUT6 (Prop_lut6_I5_O)        0.124    10.280 f  u_if_stage/dmem_addr[23]_INST_0_i_1/O
                         net (fo=1, routed)           0.000    10.280    u_if_stage/dmem_addr[23]_INST_0_i_1_n_0
    SLICE_X47Y7          MUXF7 (Prop_muxf7_I0_O)      0.212    10.492 f  u_if_stage/dmem_addr[23]_INST_0/O
                         net (fo=3, routed)           0.771    11.264    u_if_stage/dmem_addr[17]
    SLICE_X45Y5          LUT6 (Prop_lut6_I5_O)        0.299    11.563 f  u_if_stage/pc[31]_i_20/O
                         net (fo=1, routed)           0.750    12.312    u_if_stage/pc[31]_i_20_n_0
    SLICE_X38Y5          LUT6 (Prop_lut6_I0_O)        0.124    12.436 r  u_if_stage/pc[31]_i_14/O
                         net (fo=1, routed)           0.303    12.739    u_if_stage/alu_zero
    SLICE_X38Y4          LUT6 (Prop_lut6_I0_O)        0.124    12.863 r  u_if_stage/pc[31]_i_6/O
                         net (fo=33, routed)          0.673    13.537    u_if_stage/branch_taken
    SLICE_X42Y4          LUT6 (Prop_lut6_I2_O)        0.124    13.661 r  u_if_stage/pc[26]_i_1/O
                         net (fo=1, routed)           0.000    13.661    u_pc/pc_reg[31]_1[26]
    SLICE_X42Y4          FDCE                                         r  u_pc/pc_reg[26]/D
  -------------------------------------------------------------------    -------------------

                         (clock sys_clk rise edge)   12.500    12.500 r  <hidden>
                                                      0.000    12.500 r  clk
                         net (fo=488, unset)          1.495    13.995    u_pc/clk
    SLICE_X42Y4          FDCE                                         r  u_pc/pc_reg[26]/C
                         clock pessimism              0.115    14.110    <hidden>
                         clock uncertainty           -0.035    14.075    <hidden>
    SLICE_X42Y4          FDCE (Setup_fdce_C_D)        0.081    14.156    u_pc/pc_reg[26]
  -------------------------------------------------------------------
                         required time                         14.156    <hidden>
                         arrival time                         -13.661    <hidden>
  -------------------------------------------------------------------
                         slack                                  0.495    <hidden>

Slack (MET) :             0.504ns  (required time - arrival time)
  Source:                 u_if_stage/stall_q_reg/C
                            (rising edge-triggered cell FDCE clocked by sys_clk  {rise@0.000ns fall@6.250ns period=12.500ns})
  Destination:            u_pc/pc_reg[18]/D
                            (rising edge-triggered cell FDCE clocked by sys_clk  {rise@0.000ns fall@6.250ns period=12.500ns})
  Path Group:             sys_clk
  Path Type:              Setup (Max at Slow Process Corner)
  Requirement:            12.500ns  (sys_clk rise@12.500ns - sys_clk rise@0.000ns)
  Data Path Delay:        11.935ns  (logic 3.982ns (33.365%)  route 7.953ns (66.635%))
  Logic Levels:           18  (CARRY4=6 LUT2=2 LUT3=1 LUT4=1 LUT6=6 MUXF7=1 RAMD32=1)
  Clock Path Skew:        -0.058ns (DCD - SCD + CPR)
    Destination Clock Delay (DCD):    1.496ns = ( 13.996 - 12.500 ) 
    Source Clock Delay      (SCD):    1.669ns
    Clock Pessimism Removal (CPR):    0.115ns
  Clock Uncertainty:      0.035ns  ((TSJ^2 + TIJ^2)^1/2 + DJ) / 2 + PE
    Total System Jitter     (TSJ):    0.071ns
    Total Input Jitter      (TIJ):    0.000ns
    Discrete Jitter          (DJ):    0.000ns
    Phase Error              (PE):    0.000ns

    Location             Delay type                Incr(ns)  Path(ns)    Netlist Resource(s)
  -------------------------------------------------------------------    -------------------
                         (clock sys_clk rise edge)    0.000     0.000 r  <hidden>
                                                      0.000     0.000 r  clk
                         net (fo=488, unset)          1.669     1.669    u_if_stage/clk
    SLICE_X36Y4          FDCE                                         r  u_if_stage/stall_q_reg/C
  -------------------------------------------------------------------    -------------------
    SLICE_X36Y4          FDCE (Prop_fdce_C_Q)         0.518     2.187 r  u_if_stage/stall_q_reg/Q
                         net (fo=66, routed)          0.970     3.157    u_if_stage/stall_q
    SLICE_X36Y3          LUT4 (Prop_lut4_I3_O)        0.124     3.281 r  u_if_stage/dmem_wdata[4]_INST_0_i_3/O
                         net (fo=43, routed)          0.959     4.240    u_regfile/regs_reg_r2_0_31_0_5/ADDRA0
    SLICE_X38Y3          RAMD32 (Prop_ramd32_RADR0_O)
                                                      0.150     4.390 r  u_regfile/regs_reg_r2_0_31_0_5/RAMA/O
                         net (fo=6, routed)           0.790     5.179    u_regfile/rdata20[0]
    SLICE_X33Y5          LUT2 (Prop_lut2_I0_O)        0.328     5.507 r  u_regfile/dmem_wdata[0]_INST_0/O
                         net (fo=2, routed)           0.565     6.072    u_if_stage/dmem_wdata[0]
    SLICE_X33Y3          LUT6 (Prop_lut6_I0_O)        0.124     6.196 r  u_if_stage/dmem_addr[0]_INST_0_i_7/O
                         net (fo=102, routed)         0.744     6.940    u_if_stage/alu_b[0]
    SLICE_X40Y3          LUT2 (Prop_lut2_I1_O)        0.124     7.064 r  u_if_stage/dmem_addr[0]_INST_0_i_31/O
                         net (fo=1, routed)           0.000     7.064    u_if_stage/dmem_addr[0]_INST_0_i_31_n_0
    SLICE_X40Y3          CARRY4 (Prop_carry4_S[0]_CO[3])
                                                      0.532     7.596 r  u_if_stage/dmem_addr[0]_INST_0_i_12/CO[3]
                         net (fo=1, routed)           0.000     7.596    u_if_stage/dmem_addr[0]_INST_0_i_12_n_0
    SLICE_X40Y4          CARRY4 (Prop_carry4_CI_CO[3])
                                                      0.114     7.710 r  u_if_stage/dmem_addr[7]_INST_0_i_13/CO[3]
                         net (fo=1, routed)           0.000     7.710    u_if_stage/dmem_addr[7]_INST_0_i_13_n_0
    SLICE_X40Y5          CARRY4 (Prop_carry4_CI_CO[3])
                                                      0.114     7.824 r  u_if_stage/dmem_addr[11]_INST_0_i_15/CO[3]
                         net (fo=1, routed)           0.000     7.824    u_if_stage/dmem_addr[11]_INST_0_i_15_n_0
    SLICE_X40Y6          CARRY4 (Prop_carry4_CI_CO[3])
                                                      0.114     7.938 r  u_if_stage/dmem_addr[15]_INST_0_i_24/CO[3]
                         net (fo=1, routed)           0.000     7.938    u_if_stage/dmem_addr[15]_INST_0_i_24_n_0
    SLICE_X40Y7          CARRY4 (Prop_carry4_CI_CO[3])
                                                      0.114     8.052 r  u_if_stage/dmem_addr[23]_INST_0_i_20/CO[3]
                         net (fo=1, routed)           0.000     8.052    u_if_stage/dmem_addr[23]_INST_0_i_20_n_0
    SLICE_X40Y8          CARRY4 (Prop_carry4_CI_O[3])
                                                      0.313     8.365 f  u_if_stage/dmem_addr[23]_INST_0_i_13/O[3]
                         net (fo=1, routed)           1.042     9.407    u_if_stage/u_alu/data0[23]
    SLICE_X48Y8          LUT3 (Prop_lut3_I0_O)        0.306     9.713 f  u_if_stage/dmem_addr[23]_INST_0_i_6/O
                         net (fo=1, routed)           0.443    10.156    u_if_stage/dmem_addr[23]_INST_0_i_6_n_0
    SLICE_X47Y7          LUT6 (Prop_lut6_I5_O)        0.124    10.280 f  u_if_stage/dmem_addr[23]_INST_0_i_1/O
                         net (fo=1, routed)           0.000    10.280    u_if_stage/dmem_addr[23]_INST_0_i_1_n_0
    SLICE_X47Y7          MUXF7 (Prop_muxf7_I0_O)      0.212    10.492 f  u_if_stage/dmem_addr[23]_INST_0/O
                         net (fo=3, routed)           0.771    11.264    u_if_stage/dmem_addr[17]
    SLICE_X45Y5          LUT6 (Prop_lut6_I5_O)        0.299    11.563 f  u_if_stage/pc[31]_i_20/O
                         net (fo=1, routed)           0.750    12.312    u_if_stage/pc[31]_i_20_n_0
    SLICE_X38Y5          LUT6 (Prop_lut6_I0_O)        0.124    12.436 r  u_if_stage/pc[31]_i_14/O
                         net (fo=1, routed)           0.303    12.739    u_if_stage/alu_zero
    SLICE_X38Y4          LUT6 (Prop_lut6_I0_O)        0.124    12.863 r  u_if_stage/pc[31]_i_6/O
                         net (fo=33, routed)          0.616    13.480    u_if_stage/branch_taken
    SLICE_X40Y2          LUT6 (Prop_lut6_I2_O)        0.124    13.604 r  u_if_stage/pc[18]_i_1/O
                         net (fo=1, routed)           0.000    13.604    u_pc/pc_reg[31]_1[18]
    SLICE_X40Y2          FDCE                                         r  u_pc/pc_reg[18]/D
  -------------------------------------------------------------------    -------------------

                         (clock sys_clk rise edge)   12.500    12.500 r  <hidden>
                                                      0.000    12.500 r  clk
                         net (fo=488, unset)          1.496    13.996    u_pc/clk
    SLICE_X40Y2          FDCE                                         r  u_pc/pc_reg[18]/C
                         clock pessimism              0.115    14.111    <hidden>
                         clock uncertainty           -0.035    14.076    <hidden>
    SLICE_X40Y2          FDCE (Setup_fdce_C_D)        0.032    14.108    u_pc/pc_reg[18]
  -------------------------------------------------------------------
                         required time                         14.108    <hidden>
                         arrival time                         -13.604    <hidden>
  -------------------------------------------------------------------
                         slack                                  0.504    <hidden>




