Copyright 1986-2022 Xilinx, Inc. All Rights Reserved. Copyright 2022-2026 Advanced Micro Devices, Inc. All Rights Reserved.
------------------------------------------------------------------------------------------------------------------------------------------------------------
| Tool Version : Vivado v.2026.1 (win64) Build 6511674 Tue Jun 16 11:02:23 MDT 2026
| Date         : Mon Oct  5 23:16:46 2026
| Host         : Walter-Cooper running 64-bit major release  (build 9200)
| Command      : report_timing_summary -file D:/Desktop/contests/2026fpga/FPGA-Alittle-Design/build/reports/fmax/v1_12p5ns/timing_synth.rpt -delay_type max
| Design       : core_top
| Device       : 7z020-clg400
| Speed File   : -1  PRODUCTION 1.12 2019-11-22
| Design State : Synthesized
------------------------------------------------------------------------------------------------------------------------------------------------------------

Timing Summary Report

------------------------------------------------------------------------------------------------
| Timer Settings
| --------------
------------------------------------------------------------------------------------------------

  Enable Multi Corner Analysis               :  Yes
  Enable Pessimism Removal                   :  Yes
  Pessimism Removal Resolution               :  Nearest Common Node
  Enable Input Delay Default Clock           :  No
  Enable Preset / Clear Arcs                 :  No
  Disable Flight Delays                      :  No
  Ignore I/O Paths                           :  No
  Timing Early Launch at Borrowing Latches   :  No
  Borrow Time for Max Delay Exceptions       :  Yes
  Merge Timing Exceptions                    :  Yes
  Inter-SLR Compensation                     :  Conservative

  Corner  Analyze    Analyze    
  Name    Max Paths  Min Paths  
  ------  ---------  ---------  
  Slow    Yes        Yes        
  Fast    Yes        Yes        


------------------------------------------------------------------------------------------------
| Report Methodology
| ------------------
------------------------------------------------------------------------------------------------

No report available as report_methodology has not been run prior. Run report_methodology on the current design for the summary of methodology violations.



check_timing report

Table of Contents
-----------------
1. checking no_clock (0)
2. checking constant_clock (0)
3. checking pulse_width_clock (0)
4. checking unconstrained_internal_endpoints (0)
5. checking no_input_delay (65)
6. checking no_output_delay (101)
7. checking multiple_clock (0)
8. checking generated_clocks (0)
9. checking loops (0)
10. checking partial_input_delay (0)
11. checking partial_output_delay (0)
12. checking latch_loops (0)

1. checking no_clock (0)
------------------------
 There are 0 register/latch pins with no clock.


2. checking constant_clock (0)
------------------------------
 There are 0 register/latch pins with constant_clock.


3. checking pulse_width_clock (0)
---------------------------------
 There are 0 register/latch pins which need pulse_width check


4. checking unconstrained_internal_endpoints (0)
------------------------------------------------
 There are 0 pins that are not constrained for maximum delay.

 There are 0 pins that are not constrained for maximum delay due to constant clock.


5. checking no_input_delay (65)
-------------------------------
 There are 65 input ports with no input delay specified. (HIGH)

 There are 0 input ports with no input delay but user has a false path constraint.


6. checking no_output_delay (101)
---------------------------------
 There are 101 ports with no output delay specified. (HIGH)

 There are 0 ports with no output delay but user has a false path constraint

 There are 0 ports with no output delay but with a timing clock defined on it or propagating through it


7. checking multiple_clock (0)
------------------------------
 There are 0 register/latch pins with multiple clocks.


8. checking generated_clocks (0)
--------------------------------
 There are 0 generated clocks that are not connected to a clock source.


9. checking loops (0)
---------------------
 There are 0 combinational loops in the design.


10. checking partial_input_delay (0)
------------------------------------
 There are 0 input ports with partial input delay specified.


11. checking partial_output_delay (0)
-------------------------------------
 There are 0 ports with partial output delay specified.


12. checking latch_loops (0)
----------------------------
 There are 0 combinational latch loops in the design through latch input



------------------------------------------------------------------------------------------------
| Design Timing Summary
| ---------------------
------------------------------------------------------------------------------------------------

    WNS(ns)      TNS(ns)  TNS Failing Endpoints  TNS Total Endpoints     WPWS(ns)     TPWS(ns)  TPWS Failing Endpoints  TPWS Total Endpoints  
    -------      -------  ---------------------  -------------------     --------     --------  ----------------------  --------------------  
     -0.344      -11.352                     33                 1394        5.000        0.000                       0                   489  


Timing constraints are not met.


------------------------------------------------------------------------------------------------
| Clock Summary
| -------------
------------------------------------------------------------------------------------------------

Clock    Waveform(ns)       Period(ns)      Frequency(MHz)
-----    ------------       ----------      --------------
sys_clk  {0.000 6.250}      12.500          80.000          


------------------------------------------------------------------------------------------------
| Intra Clock Table
| -----------------
------------------------------------------------------------------------------------------------

Clock             WNS(ns)      TNS(ns)  TNS Failing Endpoints  TNS Total Endpoints     WPWS(ns)     TPWS(ns)  TPWS Failing Endpoints  TPWS Total Endpoints  
-----             -------      -------  ---------------------  -------------------     --------     --------  ----------------------  --------------------  
sys_clk            -0.344      -11.352                     33                 1394        5.000        0.000                       0                   489  


------------------------------------------------------------------------------------------------
| Inter Clock Table
| -----------------
------------------------------------------------------------------------------------------------

From Clock    To Clock          WNS(ns)      TNS(ns)  TNS Failing Endpoints  TNS Total Endpoints  
----------    --------          -------      -------  ---------------------  -------------------  


------------------------------------------------------------------------------------------------
| Other Path Groups Table
| -----------------------
------------------------------------------------------------------------------------------------

Path Group    From Clock    To Clock          WNS(ns)      TNS(ns)  TNS Failing Endpoints  TNS Total Endpoints  
----------    ----------    --------          -------      -------  ---------------------  -------------------  


------------------------------------------------------------------------------------------------
| Timing Details
| --------------
------------------------------------------------------------------------------------------------


---------------------------------------------------------------------------------------------------
From Clock:  sys_clk
  To Clock:  sys_clk

Setup :           33  Failing Endpoints,  Worst Slack       -0.344ns,  Total Violation      -11.352ns
Hold  :           NA  Failing Endpoints,  Worst Slack           NA  ,  Total Violation           NA
PW    :            0  Failing Endpoints,  Worst Slack        5.000ns,  Total Violation        0.000ns
---------------------------------------------------------------------------------------------------


Max Delay Paths
--------------------------------------------------------------------------------------
Slack (VIOLATED) :        -0.344ns  (required time - arrival time)
  Source:                 u_if_stage/instr_hold_reg[21]/C
                            (rising edge-triggered cell FDCE clocked by sys_clk  {rise@0.000ns fall@6.250ns period=12.500ns})
  Destination:            u_if_stage/flush_q_reg/D
                            (rising edge-triggered cell FDPE clocked by sys_clk  {rise@0.000ns fall@6.250ns period=12.500ns})
  Path Group:             sys_clk
  Path Type:              Setup (Max at Slow Process Corner)
  Requirement:            12.500ns  (sys_clk rise@12.500ns - sys_clk rise@0.000ns)
  Data Path Delay:        12.711ns  (logic 2.541ns (19.991%)  route 10.170ns (80.009%))
  Logic Levels:           14  (LUT4=2 LUT5=2 LUT6=7 MUXF7=1 MUXF8=1 RAMD32=1)
  Clock Path Skew:        -0.049ns (DCD - SCD + CPR)
    Destination Clock Delay (DCD):    0.924ns = ( 13.424 - 12.500 ) 
    Source Clock Delay      (SCD):    0.973ns
    Clock Pessimism Removal (CPR):    0.000ns
  Clock Uncertainty:      0.035ns  ((TSJ^2 + TIJ^2)^1/2 + DJ) / 2 + PE
    Total System Jitter     (TSJ):    0.071ns
    Total Input Jitter      (TIJ):    0.000ns
    Discrete Jitter          (DJ):    0.000ns
    Phase Error              (PE):    0.000ns

    Location             Delay type                Incr(ns)  Path(ns)    Netlist Resource(s)
  -------------------------------------------------------------------    -------------------
                         (clock sys_clk rise edge)    0.000     0.000 r  <hidden>
                                                      0.000     0.000 r  clk
                         net (fo=488, unset)          0.973     0.973    u_if_stage/clk
                         FDCE                                         r  u_if_stage/instr_hold_reg[21]/C
  -------------------------------------------------------------------    -------------------
                         FDCE (Prop_fdce_C_Q)         0.362     1.335 r  u_if_stage/instr_hold_reg[21]/Q
                         net (fo=1, unplaced)         0.666     2.001    u_if_stage/instr_hold[21]
                         LUT4 (Prop_lut4_I0_O)        0.295     2.296 r  u_if_stage/dmem_wdata[4]_INST_0_i_2/O
                         net (fo=41, unplaced)        1.188     3.484    u_regfile/regs_reg_r2_0_31_0_5/ADDRB1
                         RAMD32 (Prop_ramd32_RADR1_O)
                                                      0.152     3.636 r  u_regfile/regs_reg_r2_0_31_0_5/RAMB/O
                         net (fo=6, unplaced)         0.996     4.632    u_regfile/rdata20[2]
                         LUT6 (Prop_lut6_I0_O)        0.124     4.756 r  u_regfile/dmem_wdata[2]_INST_0/O
                         net (fo=2, unplaced)         0.676     5.432    u_if_stage/dmem_wdata[2]
                         LUT6 (Prop_lut6_I0_O)        0.124     5.556 r  u_if_stage/dmem_addr[2]_INST_0_i_3/O
                         net (fo=110, unplaced)       1.213     6.769    u_if_stage/alu_b[2]
                         LUT6 (Prop_lut6_I1_O)        0.124     6.893 f  u_if_stage/dmem_addr[21]_INST_0_i_14/O
                         net (fo=2, unplaced)         0.913     7.806    u_if_stage/dmem_addr[21]_INST_0_i_14_n_0
                         LUT5 (Prop_lut5_I0_O)        0.124     7.930 f  u_if_stage/dmem_addr[19]_INST_0_i_22/O
                         net (fo=2, unplaced)         0.913     8.843    u_if_stage/dmem_addr[19]_INST_0_i_22_n_0
                         LUT6 (Prop_lut6_I0_O)        0.124     8.967 f  u_if_stage/dmem_addr[18]_INST_0_i_8/O
                         net (fo=1, unplaced)         0.000     8.967    u_if_stage/dmem_addr[18]_INST_0_i_8_n_0
                         MUXF7 (Prop_muxf7_I0_O)      0.209     9.176 f  u_if_stage/dmem_addr[18]_INST_0_i_5/O
                         net (fo=1, unplaced)         0.000     9.176    u_if_stage/dmem_addr[18]_INST_0_i_5_n_0
                         MUXF8 (Prop_muxf8_I1_O)      0.088     9.264 f  u_if_stage/dmem_addr[18]_INST_0_i_2/O
                         net (fo=2, unplaced)         0.622     9.886    u_if_stage/dmem_addr[18]_INST_0_i_2_n_0
                         LUT5 (Prop_lut5_I0_O)        0.319    10.205 r  u_if_stage/pc[31]_i_36/O
                         net (fo=1, unplaced)         1.111    11.316    u_if_stage/pc[31]_i_36_n_0
                         LUT6 (Prop_lut6_I1_O)        0.124    11.440 f  u_if_stage/pc[31]_i_20/O
                         net (fo=1, unplaced)         0.902    12.342    u_if_stage/pc[31]_i_20_n_0
                         LUT6 (Prop_lut6_I0_O)        0.124    12.466 r  u_if_stage/pc[31]_i_14/O
                         net (fo=1, unplaced)         0.449    12.915    u_if_stage/alu_zero
                         LUT6 (Prop_lut6_I0_O)        0.124    13.039 r  u_if_stage/pc[31]_i_6/O
                         net (fo=33, unplaced)        0.521    13.560    u_if_stage/branch_taken
                         LUT4 (Prop_lut4_I0_O)        0.124    13.684 r  u_if_stage/flush_q_i_1/O
                         net (fo=1, unplaced)         0.000    13.684    u_if_stage/flush
                         FDPE                                         r  u_if_stage/flush_q_reg/D
  -------------------------------------------------------------------    -------------------

                         (clock sys_clk rise edge)   12.500    12.500 r  <hidden>
                                                      0.000    12.500 r  clk
                         net (fo=488, unset)          0.924    13.424    u_if_stage/clk
                         FDPE                                         r  u_if_stage/flush_q_reg/C
                         clock pessimism              0.000    13.424    <hidden>
                         clock uncertainty           -0.035    13.389    <hidden>
                         FDPE (Setup_fdpe_C_D)       -0.049    13.340    u_if_stage/flush_q_reg
  -------------------------------------------------------------------
                         required time                         13.340    <hidden>
                         arrival time                         -13.684    <hidden>
  -------------------------------------------------------------------
                         slack                                 -0.344    <hidden>





Pulse Width Checks
--------------------------------------------------------------------------------------
Clock Name:         sys_clk
Waveform(ns):       { 0.000 6.250 }
Period(ns):         12.500
Sources:            { clk }

Check Type        Corner  Lib Pin     Reference Pin  Required(ns)  Actual(ns)  Slack(ns)  Location  Pin
Min Period        n/a     FDCE/C      n/a            1.000         12.500      11.500               muldiv_pending_reg/C
Low Pulse Width   Slow    RAMD32/CLK  n/a            1.250         6.250       5.000                u_regfile/regs_reg_r1_0_31_0_5/RAMA/CLK
High Pulse Width  Slow    RAMD32/CLK  n/a            1.250         6.250       5.000                u_regfile/regs_reg_r1_0_31_0_5/RAMA/CLK



