Copyright 1986-2022 Xilinx, Inc. All Rights Reserved. Copyright 2022-2026 Advanced Micro Devices, Inc. All Rights Reserved.
-----------------------------------------------------------------------------------------------------------------------------------------------------------
| Tool Version : Vivado v.2026.1 (win64) Build 6511674 Tue Jun 16 11:02:23 MDT 2026
| Date         : Mon Oct  5 23:17:51 2026
| Host         : Walter-Cooper running 64-bit major release  (build 9200)
| Command      : report_timing_summary -file D:/Desktop/contests/2026fpga/FPGA-Alittle-Design/build/reports/fmax/v1_12p5ns/timing_impl.rpt -delay_type max
| Design       : core_top
| Device       : 7z020-clg400
| Speed File   : -1  PRODUCTION 1.12 2019-11-22
| Design State : Routed
-----------------------------------------------------------------------------------------------------------------------------------------------------------

Timing Summary Report

------------------------------------------------------------------------------------------------
| Timer Settings
| --------------
------------------------------------------------------------------------------------------------

  Enable Multi Corner Analysis               :  Yes
  Enable Pessimism Removal                   :  Yes
  Pessimism Removal Resolution               :  Nearest Common Node
  Enable Input Delay Default Clock           :  No
  Enable Preset / Clear Arcs                 :  No
  Disable Flight Delays                      :  No
  Ignore I/O Paths                           :  No
  Timing Early Launch at Borrowing Latches   :  No
  Borrow Time for Max Delay Exceptions       :  Yes
  Merge Timing Exceptions                    :  Yes
  Inter-SLR Compensation                     :  Conservative

  Corner  Analyze    Analyze    
  Name    Max Paths  Min Paths  
  ------  ---------  ---------  
  Slow    Yes        Yes        
  Fast    Yes        Yes        


------------------------------------------------------------------------------------------------
| Report Methodology
| ------------------
------------------------------------------------------------------------------------------------

No report available as report_methodology has not been run prior. Run report_methodology on the current design for the summary of methodology violations.



check_timing report

Table of Contents
-----------------
1. checking no_clock (0)
2. checking constant_clock (0)
3. checking pulse_width_clock (0)
4. checking unconstrained_internal_endpoints (0)
5. checking no_input_delay (65)
6. checking no_output_delay (101)
7. checking multiple_clock (0)
8. checking generated_clocks (0)
9. checking loops (0)
10. checking partial_input_delay (0)
11. checking partial_output_delay (0)
12. checking latch_loops (0)

1. checking no_clock (0)
------------------------
 There are 0 register/latch pins with no clock.


2. checking constant_clock (0)
------------------------------
 There are 0 register/latch pins with constant_clock.


3. checking pulse_width_clock (0)
---------------------------------
 There are 0 register/latch pins which need pulse_width check


4. checking unconstrained_internal_endpoints (0)
------------------------------------------------
 There are 0 pins that are not constrained for maximum delay.

 There are 0 pins that are not constrained for maximum delay due to constant clock.


5. checking no_input_delay (65)
-------------------------------
 There are 65 input ports with no input delay specified. (HIGH)

 There are 0 input ports with no input delay but user has a false path constraint.


6. checking no_output_delay (101)
---------------------------------
 There are 101 ports with no output delay specified. (HIGH)

 There are 0 ports with no output delay but user has a false path constraint

 There are 0 ports with no output delay but with a timing clock defined on it or propagating through it


7. checking multiple_clock (0)
------------------------------
 There are 0 register/latch pins with multiple clocks.


8. checking generated_clocks (0)
--------------------------------
 There are 0 generated clocks that are not connected to a clock source.


9. checking loops (0)
---------------------
 There are 0 combinational loops in the design.


10. checking partial_input_delay (0)
------------------------------------
 There are 0 input ports with partial input delay specified.


11. checking partial_output_delay (0)
-------------------------------------
 There are 0 ports with partial output delay specified.


12. checking latch_loops (0)
----------------------------
 There are 0 combinational latch loops in the design through latch input



------------------------------------------------------------------------------------------------
| Design Timing Summary
| ---------------------
------------------------------------------------------------------------------------------------

    WNS(ns)      TNS(ns)  TNS Failing Endpoints  TNS Total Endpoints     WPWS(ns)     TPWS(ns)  TPWS Failing Endpoints  TPWS Total Endpoints  
    -------      -------  ---------------------  -------------------     --------     --------  ----------------------  --------------------  
      0.312        0.000                      0                 1394        5.000        0.000                       0                   489  


All user specified timing constraints are met.


------------------------------------------------------------------------------------------------
| Clock Summary
| -------------
------------------------------------------------------------------------------------------------

Clock    Waveform(ns)       Period(ns)      Frequency(MHz)
-----    ------------       ----------      --------------
sys_clk  {0.000 6.250}      12.500          80.000          


------------------------------------------------------------------------------------------------
| Intra Clock Table
| -----------------
------------------------------------------------------------------------------------------------

Clock             WNS(ns)      TNS(ns)  TNS Failing Endpoints  TNS Total Endpoints     WPWS(ns)     TPWS(ns)  TPWS Failing Endpoints  TPWS Total Endpoints  
-----             -------      -------  ---------------------  -------------------     --------     --------  ----------------------  --------------------  
sys_clk             0.312        0.000                      0                 1394        5.000        0.000                       0                   489  


------------------------------------------------------------------------------------------------
| Inter Clock Table
| -----------------
------------------------------------------------------------------------------------------------

From Clock    To Clock          WNS(ns)      TNS(ns)  TNS Failing Endpoints  TNS Total Endpoints  
----------    --------          -------      -------  ---------------------  -------------------  


------------------------------------------------------------------------------------------------
| Other Path Groups Table
| -----------------------
------------------------------------------------------------------------------------------------

Path Group    From Clock    To Clock          WNS(ns)      TNS(ns)  TNS Failing Endpoints  TNS Total Endpoints  
----------    ----------    --------          -------      -------  ---------------------  -------------------  


------------------------------------------------------------------------------------------------
| Timing Details
| --------------
------------------------------------------------------------------------------------------------


---------------------------------------------------------------------------------------------------
From Clock:  sys_clk
  To Clock:  sys_clk

Setup :            0  Failing Endpoints,  Worst Slack        0.312ns,  Total Violation        0.000ns
Hold  :           NA  Failing Endpoints,  Worst Slack           NA  ,  Total Violation           NA
PW    :            0  Failing Endpoints,  Worst Slack        5.000ns,  Total Violation        0.000ns
---------------------------------------------------------------------------------------------------


Max Delay Paths
--------------------------------------------------------------------------------------
Slack (MET) :             0.312ns  (required time - arrival time)
  Source:                 u_if_stage/instr_hold_reg[3]/C
                            (rising edge-triggered cell FDCE clocked by sys_clk  {rise@0.000ns fall@6.250ns period=12.500ns})
  Destination:            u_regfile/regs_reg_r2_0_31_12_17/RAMC_D1/I
                            (rising edge-triggered cell RAMD32 clocked by sys_clk  {rise@0.000ns fall@6.250ns period=12.500ns})
  Path Group:             sys_clk
  Path Type:              Setup (Max at Slow Process Corner)
  Requirement:            12.500ns  (sys_clk rise@12.500ns - sys_clk rise@0.000ns)
  Data Path Delay:        11.764ns  (logic 2.395ns (20.358%)  route 9.369ns (79.642%))
  Logic Levels:           12  (LUT4=2 LUT5=1 LUT6=8 MUXF7=1)
  Clock Path Skew:        -0.139ns (DCD - SCD + CPR)
    Destination Clock Delay (DCD):    1.493ns = ( 13.993 - 12.500 ) 
    Source Clock Delay      (SCD):    1.747ns
    Clock Pessimism Removal (CPR):    0.115ns
  Clock Uncertainty:      0.035ns  ((TSJ^2 + TIJ^2)^1/2 + DJ) / 2 + PE
    Total System Jitter     (TSJ):    0.071ns
    Total Input Jitter      (TIJ):    0.000ns
    Discrete Jitter          (DJ):    0.000ns
    Phase Error              (PE):    0.000ns

    Location             Delay type                Incr(ns)  Path(ns)    Netlist Resource(s)
  -------------------------------------------------------------------    -------------------
                         (clock sys_clk rise edge)    0.000     0.000 r  <hidden>
                                                      0.000     0.000 r  clk
                         net (fo=488, unset)          1.747     1.747    u_if_stage/clk
    SLICE_X30Y3          FDCE                                         r  u_if_stage/instr_hold_reg[3]/C
  -------------------------------------------------------------------    -------------------
    SLICE_X30Y3          FDCE (Prop_fdce_C_Q)         0.478     2.225 r  u_if_stage/instr_hold_reg[3]/Q
                         net (fo=5, routed)           0.905     3.130    u_if_stage/instr_hold[3]
    SLICE_X30Y5          LUT4 (Prop_lut4_I0_O)        0.295     3.425 r  u_if_stage/pc[0]_i_3/O
                         net (fo=11, routed)          1.242     4.667    u_if_stage/instr[3]
    SLICE_X32Y3          LUT6 (Prop_lut6_I5_O)        0.124     4.791 r  u_if_stage/dmem_addr[31]_INST_0_i_22/O
                         net (fo=32, routed)          1.033     5.824    u_if_stage/alu_b_sel[0]
    SLICE_X39Y2          LUT6 (Prop_lut6_I1_O)        0.124     5.948 r  u_if_stage/dmem_addr[3]_INST_0_i_12/O
                         net (fo=116, routed)         1.205     7.153    u_if_stage/alu_b[3]
    SLICE_X42Y2          LUT6 (Prop_lut6_I2_O)        0.124     7.277 r  u_if_stage/dmem_addr[6]_INST_0_i_12/O
                         net (fo=7, routed)           1.068     8.346    u_if_stage/dmem_addr[6]_INST_0_i_12_n_0
    SLICE_X35Y3          LUT6 (Prop_lut6_I0_O)        0.124     8.470 r  u_if_stage/dmem_addr[0]_INST_0_i_10/O
                         net (fo=2, routed)           0.568     9.037    u_if_stage/dmem_addr[0]_INST_0_i_10_n_0
    SLICE_X34Y6          LUT5 (Prop_lut5_I1_O)        0.124     9.161 r  u_if_stage/dmem_addr[0]_INST_0_i_4/O
                         net (fo=1, routed)           0.431     9.592    u_if_stage/dmem_addr[0]_INST_0_i_4_n_0
    SLICE_X34Y4          LUT6 (Prop_lut6_I1_O)        0.124     9.716 r  u_if_stage/dmem_addr[0]_INST_0_i_1/O
                         net (fo=1, routed)           0.000     9.716    u_if_stage/dmem_addr[0]_INST_0_i_1_n_0
    SLICE_X34Y4          MUXF7 (Prop_muxf7_I0_O)      0.209     9.925 r  u_if_stage/dmem_addr[0]_INST_0/O
                         net (fo=14, routed)          0.921    10.846    u_if_stage/dmem_addr[0]
    SLICE_X32Y9          LUT6 (Prop_lut6_I3_O)        0.297    11.143 r  u_if_stage/regs_reg_r1_0_31_6_11_i_14/O
                         net (fo=2, routed)           0.182    11.325    u_if_stage/regs_reg_r1_0_31_6_11_i_14_n_0
    SLICE_X32Y9          LUT4 (Prop_lut4_I3_O)        0.124    11.449 r  u_if_stage/regs_reg_r1_0_31_6_11_i_16/O
                         net (fo=9, routed)           0.368    11.817    u_if_stage/regs_reg_r1_0_31_6_11_i_16_n_0
    SLICE_X32Y10         LUT6 (Prop_lut6_I5_O)        0.124    11.941 r  u_if_stage/regs_reg_r1_0_31_12_17_i_13/O
                         net (fo=16, routed)          0.839    12.780    u_if_stage/regs_reg_r1_0_31_12_17_i_13_n_0
    SLICE_X43Y10         LUT6 (Prop_lut6_I1_O)        0.124    12.904 r  u_if_stage/regs_reg_r1_0_31_12_17_i_5/O
                         net (fo=2, routed)           0.607    13.511    u_regfile/regs_reg_r2_0_31_12_17/DIC1
    SLICE_X42Y10         RAMD32                                       r  u_regfile/regs_reg_r2_0_31_12_17/RAMC_D1/I
  -------------------------------------------------------------------    -------------------

                         (clock sys_clk rise edge)   12.500    12.500 r  <hidden>
                                                      0.000    12.500 r  clk
                         net (fo=488, unset)          1.493    13.993    u_regfile/regs_reg_r2_0_31_12_17/WCLK
    SLICE_X42Y10         RAMD32                                       r  u_regfile/regs_reg_r2_0_31_12_17/RAMC_D1/CLK
                         clock pessimism              0.115    14.108    <hidden>
                         clock uncertainty           -0.035    14.073    <hidden>
    SLICE_X42Y10         RAMD32 (Setup_ramd32_CLK_I)
                                                     -0.249    13.824    u_regfile/regs_reg_r2_0_31_12_17/RAMC_D1
  -------------------------------------------------------------------
                         required time                         13.824    <hidden>
                         arrival time                         -13.511    <hidden>
  -------------------------------------------------------------------
                         slack                                  0.312    <hidden>





Pulse Width Checks
--------------------------------------------------------------------------------------
Clock Name:         sys_clk
Waveform(ns):       { 0.000 6.250 }
Period(ns):         12.500
Sources:            { clk }

Check Type        Corner  Lib Pin     Reference Pin  Required(ns)  Actual(ns)  Slack(ns)  Location      Pin
Min Period        n/a     FDCE/C      n/a            1.000         12.500      11.500     SLICE_X28Y12  muldiv_pending_reg/C
Low Pulse Width   Slow    RAMD32/CLK  n/a            1.250         6.250       5.000      SLICE_X32Y4   u_regfile/regs_reg_r1_0_31_0_5/RAMA/CLK
High Pulse Width  Slow    RAMD32/CLK  n/a            1.250         6.250       5.000      SLICE_X32Y4   u_regfile/regs_reg_r1_0_31_0_5/RAMA/CLK



