Copyright 1986-2022 Xilinx, Inc. All Rights Reserved. Copyright 2022-2026 Advanced Micro Devices, Inc. All Rights Reserved.
---------------------------------------------------------------------------------------------------------------------------------------------------
| Tool Version : Vivado v.2026.1 (win64) Build 6511674 Tue Jun 16 11:02:23 MDT 2026
| Date         : Sat Oct  3 17:09:04 2026
| Host         : never-die-cold running 64-bit major release  (build 9200)
| Command      : report_timing_summary -file E:/Projects/FPGA-Alittle-Design/build/reports/fmax/pico_regular_5.1ns/timing_impl.rpt -delay_type max
| Design       : top_regular
| Device       : 7z020-clg400
| Speed File   : -1  PRODUCTION 1.12 2019-11-22
| Design State : Routed
---------------------------------------------------------------------------------------------------------------------------------------------------

Timing Summary Report

------------------------------------------------------------------------------------------------
| Timer Settings
| --------------
------------------------------------------------------------------------------------------------

  Enable Multi Corner Analysis               :  Yes
  Enable Pessimism Removal                   :  Yes
  Pessimism Removal Resolution               :  Nearest Common Node
  Enable Input Delay Default Clock           :  No
  Enable Preset / Clear Arcs                 :  No
  Disable Flight Delays                      :  No
  Ignore I/O Paths                           :  No
  Timing Early Launch at Borrowing Latches   :  No
  Borrow Time for Max Delay Exceptions       :  Yes
  Merge Timing Exceptions                    :  Yes
  Inter-SLR Compensation                     :  Conservative

  Corner  Analyze    Analyze    
  Name    Max Paths  Min Paths  
  ------  ---------  ---------  
  Slow    Yes        Yes        
  Fast    Yes        Yes        


------------------------------------------------------------------------------------------------
| Report Methodology
| ------------------
------------------------------------------------------------------------------------------------

No report available as report_methodology has not been run prior. Run report_methodology on the current design for the summary of methodology violations.



check_timing report

Table of Contents
-----------------
1. checking no_clock (0)
2. checking constant_clock (0)
3. checking pulse_width_clock (0)
4. checking unconstrained_internal_endpoints (0)
5. checking no_input_delay (34)
6. checking no_output_delay (137)
7. checking multiple_clock (0)
8. checking generated_clocks (0)
9. checking loops (0)
10. checking partial_input_delay (0)
11. checking partial_output_delay (0)
12. checking latch_loops (0)

1. checking no_clock (0)
------------------------
 There are 0 register/latch pins with no clock.


2. checking constant_clock (0)
------------------------------
 There are 0 register/latch pins with constant_clock.


3. checking pulse_width_clock (0)
---------------------------------
 There are 0 register/latch pins which need pulse_width check


4. checking unconstrained_internal_endpoints (0)
------------------------------------------------
 There are 0 pins that are not constrained for maximum delay.

 There are 0 pins that are not constrained for maximum delay due to constant clock.


5. checking no_input_delay (34)
-------------------------------
 There are 34 input ports with no input delay specified. (HIGH)

 There are 0 input ports with no input delay but user has a false path constraint.


6. checking no_output_delay (137)
---------------------------------
 There are 137 ports with no output delay specified. (HIGH)

 There are 0 ports with no output delay but user has a false path constraint

 There are 0 ports with no output delay but with a timing clock defined on it or propagating through it


7. checking multiple_clock (0)
------------------------------
 There are 0 register/latch pins with multiple clocks.


8. checking generated_clocks (0)
--------------------------------
 There are 0 generated clocks that are not connected to a clock source.


9. checking loops (0)
---------------------
 There are 0 combinational loops in the design.


10. checking partial_input_delay (0)
------------------------------------
 There are 0 input ports with partial input delay specified.


11. checking partial_output_delay (0)
-------------------------------------
 There are 0 ports with partial output delay specified.


12. checking latch_loops (0)
----------------------------
 There are 0 combinational latch loops in the design through latch input



------------------------------------------------------------------------------------------------
| Design Timing Summary
| ---------------------
------------------------------------------------------------------------------------------------

    WNS(ns)      TNS(ns)  TNS Failing Endpoints  TNS Total Endpoints     WPWS(ns)     TPWS(ns)  TPWS Failing Endpoints  TPWS Total Endpoints  
    -------      -------  ---------------------  -------------------     --------     --------  ----------------------  --------------------  
     -0.118       -1.679                     30                 1592        1.300        0.000                       0                   663  


Timing constraints are not met.


------------------------------------------------------------------------------------------------
| Clock Summary
| -------------
------------------------------------------------------------------------------------------------

Clock    Waveform(ns)         Period(ns)      Frequency(MHz)
-----    ------------         ----------      --------------
sys_clk  {0.000 2.550}        5.100           196.078         


------------------------------------------------------------------------------------------------
| Intra Clock Table
| -----------------
------------------------------------------------------------------------------------------------

Clock             WNS(ns)      TNS(ns)  TNS Failing Endpoints  TNS Total Endpoints     WPWS(ns)     TPWS(ns)  TPWS Failing Endpoints  TPWS Total Endpoints  
-----             -------      -------  ---------------------  -------------------     --------     --------  ----------------------  --------------------  
sys_clk            -0.118       -1.679                     30                 1592        1.300        0.000                       0                   663  


------------------------------------------------------------------------------------------------
| Inter Clock Table
| -----------------
------------------------------------------------------------------------------------------------

From Clock    To Clock          WNS(ns)      TNS(ns)  TNS Failing Endpoints  TNS Total Endpoints  
----------    --------          -------      -------  ---------------------  -------------------  


------------------------------------------------------------------------------------------------
| Other Path Groups Table
| -----------------------
------------------------------------------------------------------------------------------------

Path Group    From Clock    To Clock          WNS(ns)      TNS(ns)  TNS Failing Endpoints  TNS Total Endpoints  
----------    ----------    --------          -------      -------  ---------------------  -------------------  


------------------------------------------------------------------------------------------------
| Timing Details
| --------------
------------------------------------------------------------------------------------------------


---------------------------------------------------------------------------------------------------
From Clock:  sys_clk
  To Clock:  sys_clk

Setup :           30  Failing Endpoints,  Worst Slack       -0.118ns,  Total Violation       -1.679ns
Hold  :           NA  Failing Endpoints,  Worst Slack           NA  ,  Total Violation           NA
PW    :            0  Failing Endpoints,  Worst Slack        1.300ns,  Total Violation        0.000ns
---------------------------------------------------------------------------------------------------


Max Delay Paths
--------------------------------------------------------------------------------------
Slack (VIOLATED) :        -0.118ns  (required time - arrival time)
  Source:                 picorv32/instr_bge_reg/C
                            (rising edge-triggered cell FDRE clocked by sys_clk  {rise@0.000ns fall@2.550ns period=5.100ns})
  Destination:            picorv32/cpu_state_reg[2]/D
                            (rising edge-triggered cell FDRE clocked by sys_clk  {rise@0.000ns fall@2.550ns period=5.100ns})
  Path Group:             sys_clk
  Path Type:              Setup (Max at Slow Process Corner)
  Requirement:            5.100ns  (sys_clk rise@5.100ns - sys_clk rise@0.000ns)
  Data Path Delay:        4.857ns  (logic 1.648ns (33.927%)  route 3.209ns (66.073%))
  Logic Levels:           5  (LUT4=2 LUT5=1 LUT6=2)
  Clock Path Skew:        -0.356ns (DCD - SCD + CPR)
    Destination Clock Delay (DCD):    1.607ns = ( 6.707 - 5.100 ) 
    Source Clock Delay      (SCD):    1.977ns
    Clock Pessimism Removal (CPR):    0.014ns
  Clock Uncertainty:      0.035ns  ((TSJ^2 + TIJ^2)^1/2 + DJ) / 2 + PE
    Total System Jitter     (TSJ):    0.071ns
    Total Input Jitter      (TIJ):    0.000ns
    Discrete Jitter          (DJ):    0.000ns
    Phase Error              (PE):    0.000ns

    Location             Delay type                Incr(ns)  Path(ns)    Netlist Resource(s)
  -------------------------------------------------------------------    -------------------
                         (clock sys_clk rise edge)    0.000     0.000 r  <hidden>
                                                      0.000     0.000 r  clk
                         net (fo=662, unset)          1.977     1.977    picorv32/clk
    SLICE_X99Y100        FDRE                                         r  picorv32/instr_bge_reg/C
  -------------------------------------------------------------------    -------------------
    SLICE_X99Y100        FDRE (Prop_fdre_C_Q)         0.419     2.396 r  picorv32/instr_bge_reg/Q
                         net (fo=2, routed)           0.825     3.221    picorv32/instr_bge
    SLICE_X97Y100        LUT4 (Prop_lut4_I2_O)        0.329     3.550 r  picorv32/reg_op2[7]_i_12/O
                         net (fo=2, routed)           0.416     3.967    picorv32/reg_op2[7]_i_12_n_0
    SLICE_X95Y99         LUT5 (Prop_lut5_I4_O)        0.320     4.287 f  picorv32/reg_op2[7]_i_7/O
                         net (fo=1, routed)           0.629     4.915    picorv32/reg_op2[7]_i_7_n_0
    SLICE_X97Y99         LUT6 (Prop_lut6_I1_O)        0.332     5.247 f  picorv32/reg_op2[7]_i_4/O
                         net (fo=37, routed)          0.740     5.987    picorv32/reg_op2[7]_i_4_n_0
    SLICE_X99Y96         LUT4 (Prop_lut4_I3_O)        0.124     6.111 r  picorv32/reg_op2[4]_i_4/O
                         net (fo=7, routed)           0.599     6.710    picorv32/reg_op2[4]_i_4_n_0
    SLICE_X99Y95         LUT6 (Prop_lut6_I0_O)        0.124     6.834 r  picorv32/cpu_state[2]_i_1/O
                         net (fo=1, routed)           0.000     6.834    picorv32/cpu_state0_out[2]
    SLICE_X99Y95         FDRE                                         r  picorv32/cpu_state_reg[2]/D
  -------------------------------------------------------------------    -------------------

                         (clock sys_clk rise edge)    5.100     5.100 r  <hidden>
                                                      0.000     5.100 r  clk
                         net (fo=662, unset)          1.607     6.707    picorv32/clk
    SLICE_X99Y95         FDRE                                         r  picorv32/cpu_state_reg[2]/C
                         clock pessimism              0.014     6.721    <hidden>
                         clock uncertainty           -0.035     6.686    <hidden>
    SLICE_X99Y95         FDRE (Setup_fdre_C_D)        0.031     6.717    picorv32/cpu_state_reg[2]
  -------------------------------------------------------------------
                         required time                          6.717    <hidden>
                         arrival time                          -6.834    <hidden>
  -------------------------------------------------------------------
                         slack                                 -0.118    <hidden>





Pulse Width Checks
--------------------------------------------------------------------------------------
Clock Name:         sys_clk
Waveform(ns):       { 0.000 2.550 }
Period(ns):         5.100
Sources:            { clk }

Check Type        Corner  Lib Pin     Reference Pin  Required(ns)  Actual(ns)  Slack(ns)  Location       Pin
Min Period        n/a     FDRE/C      n/a            1.000         5.100       4.100      SLICE_X100Y92  picorv32/FSM_sequential_mem_state_reg[0]/C
Low Pulse Width   Slow    RAMD32/CLK  n/a            1.250         2.550       1.300      SLICE_X94Y93   picorv32/cpuregs_reg_r1_0_31_0_5/RAMA/CLK
High Pulse Width  Slow    RAMD32/CLK  n/a            1.250         2.550       1.300      SLICE_X94Y93   picorv32/cpuregs_reg_r1_0_31_0_5/RAMA/CLK



