Copyright 1986-2022 Xilinx, Inc. All Rights Reserved. Copyright 2022-2026 Advanced Micro Devices, Inc. All Rights Reserved.
---------------------------------------------------------------------------------------------------------------------------------------------------------
| Tool Version : Vivado v.2026.1 (win64) Build 6511674 Tue Jun 16 11:02:23 MDT 2026
| Date         : Tue Oct  6 14:09:27 2026
| Host         : Walter-Cooper running 64-bit major release  (build 9200)
| Command      : report_design_analysis -file D:/Desktop/contests/2026fpga/FPGA-Alittle-Design/build/reports/fmax/v1_t2_11p52ns/design_analysis_impl.rpt
| Design       : core_top
| Device       : xc7z020
| Design State : Routed
---------------------------------------------------------------------------------------------------------------------------------------------------------

Report Design Analysis

Table of Contents
-----------------
1. Setup Path Characteristics 1-1
2. Logic Level Distribution
3. Placer Final Level Congestion Reporting
4. Initial Estimated Router Congestion Reporting

1. Setup Path Characteristics 1-1
---------------------------------

+---------------------------+----------------------------------------------------------------------------------------------------------+
|      Characteristics      |                                                  Path #1                                                 |
+---------------------------+----------------------------------------------------------------------------------------------------------+
| Requirement               | 11.520                                                                                                   |
| Path Delay                | 11.151                                                                                                   |
| Logic Delay               | 2.097(19%)                                                                                               |
| Net Delay                 | 9.054(81%)                                                                                               |
| Clock Skew                | -0.177                                                                                                   |
| Slack                     | 0.187                                                                                                    |
| Clock Uncertainty         | 0.035                                                                                                    |
| Clock Relationship        | Safely Timed                                                                                             |
| Clock Delay Group         | Same Clock                                                                                               |
| Logic Levels              | 9                                                                                                        |
| Routes                    | 9                                                                                                        |
| Logical Path              | FDPE/C-(110)-LUT4-(40)-RAMD32-(4)-LUT6-(7)-LUT5-(80)-LUT4-(4)-LUT6-(2)-LUT4-(1)-LUT6-(3)-LUT5-(1)-FDCE/D |
| Start Point Clock         | sys_clk                                                                                                  |
| End Point Clock           | sys_clk                                                                                                  |
| DSP Block                 | None                                                                                                     |
| RAM Registers             | None-None                                                                                                |
| IO Crossings              | 0                                                                                                        |
| Config Crossings          | 0                                                                                                        |
| SLR Crossings             | 0                                                                                                        |
| PBlocks                   | 0                                                                                                        |
| High Fanout               | 110                                                                                                      |
| ASYNC REG                 | 0                                                                                                        |
| Dont Touch                | 0                                                                                                        |
| Mark Debug                | 0                                                                                                        |
| Start Point Pin Primitive | FDPE/C                                                                                                   |
| End Point Pin Primitive   | FDCE/D                                                                                                   |
| Start Point Pin           | flush_q_reg/C                                                                                            |
| End Point Pin             | pc_reg[13]/D                                                                                             |
+---------------------------+----------------------------------------------------------------------------------------------------------+
* Bounding box calculated as % of dimensions for the target device (308, 299)


2. Logic Level Distribution
---------------------------

+-----------------+-------------+----+-----+----+----+-----+-----+-----+----+-----+----+----+----+----+----+----+----+----+----+----+----+
| End Point Clock | Requirement |  0 |  2  |  3 |  4 |  5  |  6  |  7  |  8 |  9  | 10 | 11 | 12 | 13 | 14 | 15 | 16 | 17 | 18 | 19 | 20 |
+-----------------+-------------+----+-----+----+----+-----+-----+-----+----+-----+----+----+----+----+----+----+----+----+----+----+----+
| sys_clk         | 11.520ns    | 11 | 121 | 26 | 82 | 115 | 110 | 236 | 55 | 120 | 12 | 14 | 29 | 15 | 14 | 10 |  7 | 10 |  5 |  5 |  3 |
+-----------------+-------------+----+-----+----+----+-----+-----+-----+----+-----+----+----+----+----+----+----+----+----+----+----+----+
* Columns represent the logic levels per end point clock
** Distribution is for top worst 1000 paths


3. Placer Final Level Congestion Reporting
------------------------------------------

+-----------+------+-------+------------+--------+---------------+----------------+-----+--------+------+------+------+-----+-------+-----+------------+
| Direction | Type | Level | Congestion | Window | Combined LUTs | Avg LUT Inputs | LUT | LUTRAM | Flop | MUXF | RAMB | DSP | CARRY | SRL | Cell Names |
+-----------+------+-------+------------+--------+---------------+----------------+-----+--------+------+------+------+-----+-------+-----+------------+
* No congestion windows are found above level 5


4. Initial Estimated Router Congestion Reporting
------------------------------------------------

+-----------+------+-------+------------------+--------+---------------+----------------+-----+--------+------+------+------+-----+-------+-----+------------+
| Direction | Type | Level | Percentage Tiles | Window | Combined LUTs | Avg LUT Inputs | LUT | LUTRAM | Flop | MUXF | RAMB | DSP | CARRY | SRL | Cell Names |
+-----------+------+-------+------------------+--------+---------------+----------------+-----+--------+------+------+------+-----+-------+-----+------------+
* No initial estimated congestion windows are found above level 5


