Copyright 1986-2022 Xilinx, Inc. All Rights Reserved. Copyright 2022-2026 Advanced Micro Devices, Inc. All Rights Reserved.
---------------------------------------------------------------------------------------------------------------------------------------------------------------
| Tool Version : Vivado v.2026.1 (win64) Build 6511674 Tue Jun 16 11:02:23 MDT 2026
| Date         : Tue Oct  6 14:09:26 2026
| Host         : Walter-Cooper running 64-bit major release  (build 9200)
| Command      : report_timing_summary -file D:/Desktop/contests/2026fpga/FPGA-Alittle-Design/build/reports/fmax/v1_t2_11p52ns/timing_impl.rpt -delay_type max
| Design       : core_top
| Device       : 7z020-clg400
| Speed File   : -1  PRODUCTION 1.12 2019-11-22
| Design State : Routed
---------------------------------------------------------------------------------------------------------------------------------------------------------------

Timing Summary Report

------------------------------------------------------------------------------------------------
| Timer Settings
| --------------
------------------------------------------------------------------------------------------------

  Enable Multi Corner Analysis               :  Yes
  Enable Pessimism Removal                   :  Yes
  Pessimism Removal Resolution               :  Nearest Common Node
  Enable Input Delay Default Clock           :  No
  Enable Preset / Clear Arcs                 :  No
  Disable Flight Delays                      :  No
  Ignore I/O Paths                           :  No
  Timing Early Launch at Borrowing Latches   :  No
  Borrow Time for Max Delay Exceptions       :  Yes
  Merge Timing Exceptions                    :  Yes
  Inter-SLR Compensation                     :  Conservative

  Corner  Analyze    Analyze    
  Name    Max Paths  Min Paths  
  ------  ---------  ---------  
  Slow    Yes        Yes        
  Fast    Yes        Yes        


------------------------------------------------------------------------------------------------
| Report Methodology
| ------------------
------------------------------------------------------------------------------------------------

No report available as report_methodology has not been run prior. Run report_methodology on the current design for the summary of methodology violations.



check_timing report

Table of Contents
-----------------
1. checking no_clock (0)
2. checking constant_clock (0)
3. checking pulse_width_clock (0)
4. checking unconstrained_internal_endpoints (0)
5. checking no_input_delay (65)
6. checking no_output_delay (101)
7. checking multiple_clock (0)
8. checking generated_clocks (0)
9. checking loops (0)
10. checking partial_input_delay (0)
11. checking partial_output_delay (0)
12. checking latch_loops (0)

1. checking no_clock (0)
------------------------
 There are 0 register/latch pins with no clock.


2. checking constant_clock (0)
------------------------------
 There are 0 register/latch pins with constant_clock.


3. checking pulse_width_clock (0)
---------------------------------
 There are 0 register/latch pins which need pulse_width check


4. checking unconstrained_internal_endpoints (0)
------------------------------------------------
 There are 0 pins that are not constrained for maximum delay.

 There are 0 pins that are not constrained for maximum delay due to constant clock.


5. checking no_input_delay (65)
-------------------------------
 There are 65 input ports with no input delay specified. (HIGH)

 There are 0 input ports with no input delay but user has a false path constraint.


6. checking no_output_delay (101)
---------------------------------
 There are 101 ports with no output delay specified. (HIGH)

 There are 0 ports with no output delay but user has a false path constraint

 There are 0 ports with no output delay but with a timing clock defined on it or propagating through it


7. checking multiple_clock (0)
------------------------------
 There are 0 register/latch pins with multiple clocks.


8. checking generated_clocks (0)
--------------------------------
 There are 0 generated clocks that are not connected to a clock source.


9. checking loops (0)
---------------------
 There are 0 combinational loops in the design.


10. checking partial_input_delay (0)
------------------------------------
 There are 0 input ports with partial input delay specified.


11. checking partial_output_delay (0)
-------------------------------------
 There are 0 ports with partial output delay specified.


12. checking latch_loops (0)
----------------------------
 There are 0 combinational latch loops in the design through latch input



------------------------------------------------------------------------------------------------
| Design Timing Summary
| ---------------------
------------------------------------------------------------------------------------------------

    WNS(ns)      TNS(ns)  TNS Failing Endpoints  TNS Total Endpoints     WPWS(ns)     TPWS(ns)  TPWS Failing Endpoints  TPWS Total Endpoints  
    -------      -------  ---------------------  -------------------     --------     --------  ----------------------  --------------------  
      0.187        0.000                      0                 1502        4.510        0.000                       0                   597  


All user specified timing constraints are met.


------------------------------------------------------------------------------------------------
| Clock Summary
| -------------
------------------------------------------------------------------------------------------------

Clock    Waveform(ns)       Period(ns)      Frequency(MHz)
-----    ------------       ----------      --------------
sys_clk  {0.000 5.760}      11.520          86.806          


------------------------------------------------------------------------------------------------
| Intra Clock Table
| -----------------
------------------------------------------------------------------------------------------------

Clock             WNS(ns)      TNS(ns)  TNS Failing Endpoints  TNS Total Endpoints     WPWS(ns)     TPWS(ns)  TPWS Failing Endpoints  TPWS Total Endpoints  
-----             -------      -------  ---------------------  -------------------     --------     --------  ----------------------  --------------------  
sys_clk             0.187        0.000                      0                 1502        4.510        0.000                       0                   597  


------------------------------------------------------------------------------------------------
| Inter Clock Table
| -----------------
------------------------------------------------------------------------------------------------

From Clock    To Clock          WNS(ns)      TNS(ns)  TNS Failing Endpoints  TNS Total Endpoints  
----------    --------          -------      -------  ---------------------  -------------------  


------------------------------------------------------------------------------------------------
| Other Path Groups Table
| -----------------------
------------------------------------------------------------------------------------------------

Path Group    From Clock    To Clock          WNS(ns)      TNS(ns)  TNS Failing Endpoints  TNS Total Endpoints  
----------    ----------    --------          -------      -------  ---------------------  -------------------  


------------------------------------------------------------------------------------------------
| Timing Details
| --------------
------------------------------------------------------------------------------------------------


---------------------------------------------------------------------------------------------------
From Clock:  sys_clk
  To Clock:  sys_clk

Setup :            0  Failing Endpoints,  Worst Slack        0.187ns,  Total Violation        0.000ns
Hold  :           NA  Failing Endpoints,  Worst Slack           NA  ,  Total Violation           NA
PW    :            0  Failing Endpoints,  Worst Slack        4.510ns,  Total Violation        0.000ns
---------------------------------------------------------------------------------------------------


Max Delay Paths
--------------------------------------------------------------------------------------
Slack (MET) :             0.187ns  (required time - arrival time)
  Source:                 u_if_stage/flush_q_reg/C
                            (rising edge-triggered cell FDPE clocked by sys_clk  {rise@0.000ns fall@5.760ns period=11.520ns})
  Destination:            u_pc/pc_reg[13]/D
                            (rising edge-triggered cell FDCE clocked by sys_clk  {rise@0.000ns fall@5.760ns period=11.520ns})
  Path Group:             sys_clk
  Path Type:              Setup (Max at Slow Process Corner)
  Requirement:            11.520ns  (sys_clk rise@11.520ns - sys_clk rise@0.000ns)
  Data Path Delay:        11.151ns  (logic 2.097ns (18.805%)  route 9.054ns (81.195%))
  Logic Levels:           9  (LUT4=3 LUT5=2 LUT6=3 RAMD32=1)
  Clock Path Skew:        -0.177ns (DCD - SCD + CPR)
    Destination Clock Delay (DCD):    1.476ns = ( 12.996 - 11.520 ) 
    Source Clock Delay      (SCD):    1.666ns
    Clock Pessimism Removal (CPR):    0.013ns
  Clock Uncertainty:      0.035ns  ((TSJ^2 + TIJ^2)^1/2 + DJ) / 2 + PE
    Total System Jitter     (TSJ):    0.071ns
    Total Input Jitter      (TIJ):    0.000ns
    Discrete Jitter          (DJ):    0.000ns
    Phase Error              (PE):    0.000ns

    Location             Delay type                Incr(ns)  Path(ns)    Netlist Resource(s)
  -------------------------------------------------------------------    -------------------
                         (clock sys_clk rise edge)    0.000     0.000 r  <hidden>
                                                      0.000     0.000 r  clk
                         net (fo=596, unset)          1.666     1.666    u_if_stage/clk
    SLICE_X38Y9          FDPE                                         r  u_if_stage/flush_q_reg/C
  -------------------------------------------------------------------    -------------------
    SLICE_X38Y9          FDPE (Prop_fdpe_C_Q)         0.518     2.184 f  u_if_stage/flush_q_reg/Q
                         net (fo=110, routed)         0.882     3.066    u_if_stage/flush_q
    SLICE_X37Y10         LUT4 (Prop_lut4_I2_O)        0.124     3.190 r  u_if_stage/regs_reg_r2_0_31_0_5_i_5/O
                         net (fo=40, routed)          0.956     4.146    u_regfile/regs_reg_r2_0_31_0_5/ADDRB0
    SLICE_X34Y10         RAMD32 (Prop_ramd32_RADR0_O)
                                                      0.124     4.270 f  u_regfile/regs_reg_r2_0_31_0_5/RAMB_D1/O
                         net (fo=4, routed)           1.178     5.448    u_if_stage/rdata20[3]
    SLICE_X37Y11         LUT6 (Prop_lut6_I0_O)        0.124     5.572 f  u_if_stage/multiplier[3]_i_2/O
                         net (fo=7, routed)           0.997     6.569    u_if_stage/rs2_fwd[3]
    SLICE_X41Y11         LUT5 (Prop_lut5_I0_O)        0.154     6.723 f  u_if_stage/pc[23]_i_18/O
                         net (fo=80, routed)          1.646     8.369    u_if_stage/pc[23]_i_18_n_0
    SLICE_X53Y18         LUT4 (Prop_lut4_I0_O)        0.327     8.696 r  u_if_stage/mem_addr[18]_i_13/O
                         net (fo=4, routed)           0.988     9.685    u_if_stage/mem_addr[18]_i_13_n_0
    SLICE_X53Y16         LUT6 (Prop_lut6_I0_O)        0.124     9.809 r  u_if_stage/mem_addr[14]_i_8/O
                         net (fo=2, routed)           1.101    10.910    u_if_stage/mem_addr[14]_i_8_n_0
    SLICE_X51Y14         LUT4 (Prop_lut4_I0_O)        0.152    11.062 r  u_if_stage/mem_addr[13]_i_3/O
                         net (fo=1, routed)           0.642    11.704    u_if_stage/mem_addr[13]_i_3_n_0
    SLICE_X50Y14         LUT6 (Prop_lut6_I2_O)        0.326    12.030 r  u_if_stage/mem_addr[13]_i_1/O
                         net (fo=3, routed)           0.663    12.693    u_if_stage/mem_addr[31]_i_7_0[13]
    SLICE_X51Y15         LUT5 (Prop_lut5_I2_O)        0.124    12.817 r  u_if_stage/pc[13]_i_1/O
                         net (fo=1, routed)           0.000    12.817    u_pc/D[13]
    SLICE_X51Y15         FDCE                                         r  u_pc/pc_reg[13]/D
  -------------------------------------------------------------------    -------------------

                         (clock sys_clk rise edge)   11.520    11.520 r  <hidden>
                                                      0.000    11.520 r  clk
                         net (fo=596, unset)          1.476    12.996    u_pc/clk
    SLICE_X51Y15         FDCE                                         r  u_pc/pc_reg[13]/C
                         clock pessimism              0.013    13.009    <hidden>
                         clock uncertainty           -0.035    12.974    <hidden>
    SLICE_X51Y15         FDCE (Setup_fdce_C_D)        0.031    13.005    u_pc/pc_reg[13]
  -------------------------------------------------------------------
                         required time                         13.005    <hidden>
                         arrival time                         -12.817    <hidden>
  -------------------------------------------------------------------
                         slack                                  0.187    <hidden>





Pulse Width Checks
--------------------------------------------------------------------------------------
Clock Name:         sys_clk
Waveform(ns):       { 0.000 5.760 }
Period(ns):         11.520
Sources:            { clk }

Check Type        Corner  Lib Pin     Reference Pin  Required(ns)  Actual(ns)  Slack(ns)  Location      Pin
Min Period        n/a     FDCE/C      n/a            1.000         11.520      10.520     SLICE_X31Y9   muldiv_pending_reg/C
Low Pulse Width   Slow    RAMD32/CLK  n/a            1.250         5.760       4.510      SLICE_X34Y11  u_regfile/regs_reg_r1_0_31_0_5/RAMA/CLK
High Pulse Width  Slow    RAMD32/CLK  n/a            1.250         5.760       4.510      SLICE_X34Y11  u_regfile/regs_reg_r1_0_31_0_5/RAMA/CLK



