Copyright 1986-2022 Xilinx, Inc. All Rights Reserved. Copyright 2022-2026 Advanced Micro Devices, Inc. All Rights Reserved.
----------------------------------------------------------------------------------------------------------------------------------------------------------------
| Tool Version : Vivado v.2026.1 (win64) Build 6511674 Tue Jun 16 11:02:23 MDT 2026
| Date         : Tue Oct  6 14:08:33 2026
| Host         : Walter-Cooper running 64-bit major release  (build 9200)
| Command      : report_timing_summary -file D:/Desktop/contests/2026fpga/FPGA-Alittle-Design/build/reports/fmax/v1_t2_11p52ns/timing_synth.rpt -delay_type max
| Design       : core_top
| Device       : 7z020-clg400
| Speed File   : -1  PRODUCTION 1.12 2019-11-22
| Design State : Synthesized
----------------------------------------------------------------------------------------------------------------------------------------------------------------

Timing Summary Report

------------------------------------------------------------------------------------------------
| Timer Settings
| --------------
------------------------------------------------------------------------------------------------

  Enable Multi Corner Analysis               :  Yes
  Enable Pessimism Removal                   :  Yes
  Pessimism Removal Resolution               :  Nearest Common Node
  Enable Input Delay Default Clock           :  No
  Enable Preset / Clear Arcs                 :  No
  Disable Flight Delays                      :  No
  Ignore I/O Paths                           :  No
  Timing Early Launch at Borrowing Latches   :  No
  Borrow Time for Max Delay Exceptions       :  Yes
  Merge Timing Exceptions                    :  Yes
  Inter-SLR Compensation                     :  Conservative

  Corner  Analyze    Analyze    
  Name    Max Paths  Min Paths  
  ------  ---------  ---------  
  Slow    Yes        Yes        
  Fast    Yes        Yes        


------------------------------------------------------------------------------------------------
| Report Methodology
| ------------------
------------------------------------------------------------------------------------------------

No report available as report_methodology has not been run prior. Run report_methodology on the current design for the summary of methodology violations.



check_timing report

Table of Contents
-----------------
1. checking no_clock (0)
2. checking constant_clock (0)
3. checking pulse_width_clock (0)
4. checking unconstrained_internal_endpoints (0)
5. checking no_input_delay (65)
6. checking no_output_delay (101)
7. checking multiple_clock (0)
8. checking generated_clocks (0)
9. checking loops (0)
10. checking partial_input_delay (0)
11. checking partial_output_delay (0)
12. checking latch_loops (0)

1. checking no_clock (0)
------------------------
 There are 0 register/latch pins with no clock.


2. checking constant_clock (0)
------------------------------
 There are 0 register/latch pins with constant_clock.


3. checking pulse_width_clock (0)
---------------------------------
 There are 0 register/latch pins which need pulse_width check


4. checking unconstrained_internal_endpoints (0)
------------------------------------------------
 There are 0 pins that are not constrained for maximum delay.

 There are 0 pins that are not constrained for maximum delay due to constant clock.


5. checking no_input_delay (65)
-------------------------------
 There are 65 input ports with no input delay specified. (HIGH)

 There are 0 input ports with no input delay but user has a false path constraint.


6. checking no_output_delay (101)
---------------------------------
 There are 101 ports with no output delay specified. (HIGH)

 There are 0 ports with no output delay but user has a false path constraint

 There are 0 ports with no output delay but with a timing clock defined on it or propagating through it


7. checking multiple_clock (0)
------------------------------
 There are 0 register/latch pins with multiple clocks.


8. checking generated_clocks (0)
--------------------------------
 There are 0 generated clocks that are not connected to a clock source.


9. checking loops (0)
---------------------
 There are 0 combinational loops in the design.


10. checking partial_input_delay (0)
------------------------------------
 There are 0 input ports with partial input delay specified.


11. checking partial_output_delay (0)
-------------------------------------
 There are 0 ports with partial output delay specified.


12. checking latch_loops (0)
----------------------------
 There are 0 combinational latch loops in the design through latch input



------------------------------------------------------------------------------------------------
| Design Timing Summary
| ---------------------
------------------------------------------------------------------------------------------------

    WNS(ns)      TNS(ns)  TNS Failing Endpoints  TNS Total Endpoints     WPWS(ns)     TPWS(ns)  TPWS Failing Endpoints  TPWS Total Endpoints  
    -------      -------  ---------------------  -------------------     --------     --------  ----------------------  --------------------  
      1.599        0.000                      0                 1502        4.510        0.000                       0                   597  


All user specified timing constraints are met.


------------------------------------------------------------------------------------------------
| Clock Summary
| -------------
------------------------------------------------------------------------------------------------

Clock    Waveform(ns)       Period(ns)      Frequency(MHz)
-----    ------------       ----------      --------------
sys_clk  {0.000 5.760}      11.520          86.806          


------------------------------------------------------------------------------------------------
| Intra Clock Table
| -----------------
------------------------------------------------------------------------------------------------

Clock             WNS(ns)      TNS(ns)  TNS Failing Endpoints  TNS Total Endpoints     WPWS(ns)     TPWS(ns)  TPWS Failing Endpoints  TPWS Total Endpoints  
-----             -------      -------  ---------------------  -------------------     --------     --------  ----------------------  --------------------  
sys_clk             1.599        0.000                      0                 1502        4.510        0.000                       0                   597  


------------------------------------------------------------------------------------------------
| Inter Clock Table
| -----------------
------------------------------------------------------------------------------------------------

From Clock    To Clock          WNS(ns)      TNS(ns)  TNS Failing Endpoints  TNS Total Endpoints  
----------    --------          -------      -------  ---------------------  -------------------  


------------------------------------------------------------------------------------------------
| Other Path Groups Table
| -----------------------
------------------------------------------------------------------------------------------------

Path Group    From Clock    To Clock          WNS(ns)      TNS(ns)  TNS Failing Endpoints  TNS Total Endpoints  
----------    ----------    --------          -------      -------  ---------------------  -------------------  


------------------------------------------------------------------------------------------------
| Timing Details
| --------------
------------------------------------------------------------------------------------------------


---------------------------------------------------------------------------------------------------
From Clock:  sys_clk
  To Clock:  sys_clk

Setup :            0  Failing Endpoints,  Worst Slack        1.599ns,  Total Violation        0.000ns
Hold  :           NA  Failing Endpoints,  Worst Slack           NA  ,  Total Violation           NA
PW    :            0  Failing Endpoints,  Worst Slack        4.510ns,  Total Violation        0.000ns
---------------------------------------------------------------------------------------------------


Max Delay Paths
--------------------------------------------------------------------------------------
Slack (MET) :             1.599ns  (required time - arrival time)
  Source:                 u_if_stage/instr_hold_reg[2]/C
                            (rising edge-triggered cell FDCE clocked by sys_clk  {rise@0.000ns fall@5.760ns period=11.520ns})
  Destination:            u_mem_wb/mem_result_reg[9]/D
                            (rising edge-triggered cell FDRE clocked by sys_clk  {rise@0.000ns fall@5.760ns period=11.520ns})
  Path Group:             sys_clk
  Path Type:              Setup (Max at Slow Process Corner)
  Requirement:            11.520ns  (sys_clk rise@11.520ns - sys_clk rise@0.000ns)
  Data Path Delay:        9.788ns  (logic 1.671ns (17.072%)  route 8.117ns (82.928%))
  Logic Levels:           9  (LUT4=1 LUT5=4 LUT6=4)
  Clock Path Skew:        -0.049ns (DCD - SCD + CPR)
    Destination Clock Delay (DCD):    0.924ns = ( 12.444 - 11.520 ) 
    Source Clock Delay      (SCD):    0.973ns
    Clock Pessimism Removal (CPR):    0.000ns
  Clock Uncertainty:      0.035ns  ((TSJ^2 + TIJ^2)^1/2 + DJ) / 2 + PE
    Total System Jitter     (TSJ):    0.071ns
    Total Input Jitter      (TIJ):    0.000ns
    Discrete Jitter          (DJ):    0.000ns
    Phase Error              (PE):    0.000ns

    Location             Delay type                Incr(ns)  Path(ns)    Netlist Resource(s)
  -------------------------------------------------------------------    -------------------
                         (clock sys_clk rise edge)    0.000     0.000 r  <hidden>
                                                      0.000     0.000 r  clk
                         net (fo=596, unset)          0.973     0.973    u_if_stage/clk
                         FDCE                                         r  u_if_stage/instr_hold_reg[2]/C
  -------------------------------------------------------------------    -------------------
                         FDCE (Prop_fdce_C_Q)         0.362     1.335 r  u_if_stage/instr_hold_reg[2]/Q
                         net (fo=2, unplaced)         0.677     2.012    u_if_stage/instr_hold[2]
                         LUT4 (Prop_lut4_I0_O)        0.317     2.329 r  u_if_stage/mem_reg_write_i_6/O
                         net (fo=9, unplaced)         1.152     3.481    u_if_stage/instr[2]
                         LUT6 (Prop_lut6_I1_O)        0.124     3.605 r  u_if_stage/lt_carry_i_23/O
                         net (fo=10, unplaced)        0.945     4.550    u_if_stage/lt_carry_i_23_n_0
                         LUT5 (Prop_lut5_I2_O)        0.124     4.674 f  u_if_stage/lt_carry_i_22/O
                         net (fo=5, unplaced)         0.930     5.604    u_if_stage/lt_carry_i_22_n_0
                         LUT5 (Prop_lut5_I1_O)        0.124     5.728 f  u_if_stage/pc[23]_i_18/O
                         net (fo=80, unplaced)        1.205     6.933    u_if_stage/pc[23]_i_18_n_0
                         LUT6 (Prop_lut6_I1_O)        0.124     7.057 r  u_if_stage/mem_addr[15]_i_13/O
                         net (fo=4, unplaced)         0.926     7.983    u_if_stage/mem_addr[15]_i_13_n_0
                         LUT6 (Prop_lut6_I1_O)        0.124     8.107 r  u_if_stage/mem_addr[9]_i_9/O
                         net (fo=2, unplaced)         0.913     9.020    u_if_stage/mem_addr[9]_i_9_n_0
                         LUT5 (Prop_lut5_I1_O)        0.124     9.144 r  u_if_stage/mem_addr[9]_i_4/O
                         net (fo=1, unplaced)         0.902    10.046    u_if_stage/mem_addr[9]_i_4_n_0
                         LUT6 (Prop_lut6_I3_O)        0.124    10.170 r  u_if_stage/mem_addr[9]_i_1/O
                         net (fo=3, unplaced)         0.467    10.637    u_if_stage/mem_addr[31]_i_7_0[9]
                         LUT5 (Prop_lut5_I4_O)        0.124    10.761 r  u_if_stage/mem_result[9]_i_1/O
                         net (fo=1, unplaced)         0.000    10.761    u_mem_wb/mem_result_reg[31]_1[9]
                         FDRE                                         r  u_mem_wb/mem_result_reg[9]/D
  -------------------------------------------------------------------    -------------------

                         (clock sys_clk rise edge)   11.520    11.520 r  <hidden>
                                                      0.000    11.520 r  clk
                         net (fo=596, unset)          0.924    12.444    u_mem_wb/clk
                         FDRE                                         r  u_mem_wb/mem_result_reg[9]/C
                         clock pessimism              0.000    12.444    <hidden>
                         clock uncertainty           -0.035    12.409    <hidden>
                         FDRE (Setup_fdre_C_D)       -0.049    12.360    u_mem_wb/mem_result_reg[9]
  -------------------------------------------------------------------
                         required time                         12.360    <hidden>
                         arrival time                         -10.761    <hidden>
  -------------------------------------------------------------------
                         slack                                  1.599    <hidden>





Pulse Width Checks
--------------------------------------------------------------------------------------
Clock Name:         sys_clk
Waveform(ns):       { 0.000 5.760 }
Period(ns):         11.520
Sources:            { clk }

Check Type        Corner  Lib Pin     Reference Pin  Required(ns)  Actual(ns)  Slack(ns)  Location  Pin
Min Period        n/a     FDCE/C      n/a            1.000         11.520      10.520               muldiv_pending_reg/C
Low Pulse Width   Slow    RAMD32/CLK  n/a            1.250         5.760       4.510                u_regfile/regs_reg_r1_0_31_0_5/RAMA/CLK
High Pulse Width  Slow    RAMD32/CLK  n/a            1.250         5.760       4.510                u_regfile/regs_reg_r1_0_31_0_5/RAMA/CLK



