Copyright 1986-2022 Xilinx, Inc. All Rights Reserved. Copyright 2022-2026 Advanced Micro Devices, Inc. All Rights Reserved.
--------------------------------------------------------------------------------------------------------------------------------------------------------------
| Tool Version : Vivado v.2026.1 (win64) Build 6511674 Tue Jun 16 11:02:23 MDT 2026
| Date         : Tue Oct  6 22:25:16 2026
| Host         : Walter-Cooper running 64-bit major release  (build 9200)
| Command      : report_timing_summary -file D:/Desktop/contests/2026fpga/FPGA-Alittle-Design/build/reports/fmax/v1_bht1_10ns/timing_impl.rpt -delay_type max
| Design       : core_top
| Device       : 7z020-clg400
| Speed File   : -1  PRODUCTION 1.12 2019-11-22
| Design State : Routed
--------------------------------------------------------------------------------------------------------------------------------------------------------------

Timing Summary Report

------------------------------------------------------------------------------------------------
| Timer Settings
| --------------
------------------------------------------------------------------------------------------------

  Enable Multi Corner Analysis               :  Yes
  Enable Pessimism Removal                   :  Yes
  Pessimism Removal Resolution               :  Nearest Common Node
  Enable Input Delay Default Clock           :  No
  Enable Preset / Clear Arcs                 :  No
  Disable Flight Delays                      :  No
  Ignore I/O Paths                           :  No
  Timing Early Launch at Borrowing Latches   :  No
  Borrow Time for Max Delay Exceptions       :  Yes
  Merge Timing Exceptions                    :  Yes
  Inter-SLR Compensation                     :  Conservative

  Corner  Analyze    Analyze    
  Name    Max Paths  Min Paths  
  ------  ---------  ---------  
  Slow    Yes        Yes        
  Fast    Yes        Yes        


------------------------------------------------------------------------------------------------
| Report Methodology
| ------------------
------------------------------------------------------------------------------------------------

No report available as report_methodology has not been run prior. Run report_methodology on the current design for the summary of methodology violations.



check_timing report

Table of Contents
-----------------
1. checking no_clock (0)
2. checking constant_clock (0)
3. checking pulse_width_clock (0)
4. checking unconstrained_internal_endpoints (0)
5. checking no_input_delay (65)
6. checking no_output_delay (101)
7. checking multiple_clock (0)
8. checking generated_clocks (0)
9. checking loops (0)
10. checking partial_input_delay (0)
11. checking partial_output_delay (0)
12. checking latch_loops (0)

1. checking no_clock (0)
------------------------
 There are 0 register/latch pins with no clock.


2. checking constant_clock (0)
------------------------------
 There are 0 register/latch pins with constant_clock.


3. checking pulse_width_clock (0)
---------------------------------
 There are 0 register/latch pins which need pulse_width check


4. checking unconstrained_internal_endpoints (0)
------------------------------------------------
 There are 0 pins that are not constrained for maximum delay.

 There are 0 pins that are not constrained for maximum delay due to constant clock.


5. checking no_input_delay (65)
-------------------------------
 There are 65 input ports with no input delay specified. (HIGH)

 There are 0 input ports with no input delay but user has a false path constraint.


6. checking no_output_delay (101)
---------------------------------
 There are 101 ports with no output delay specified. (HIGH)

 There are 0 ports with no output delay but user has a false path constraint

 There are 0 ports with no output delay but with a timing clock defined on it or propagating through it


7. checking multiple_clock (0)
------------------------------
 There are 0 register/latch pins with multiple clocks.


8. checking generated_clocks (0)
--------------------------------
 There are 0 generated clocks that are not connected to a clock source.


9. checking loops (0)
---------------------
 There are 0 combinational loops in the design.


10. checking partial_input_delay (0)
------------------------------------
 There are 0 input ports with partial input delay specified.


11. checking partial_output_delay (0)
-------------------------------------
 There are 0 ports with partial output delay specified.


12. checking latch_loops (0)
----------------------------
 There are 0 combinational latch loops in the design through latch input



------------------------------------------------------------------------------------------------
| Design Timing Summary
| ---------------------
------------------------------------------------------------------------------------------------

    WNS(ns)      TNS(ns)  TNS Failing Endpoints  TNS Total Endpoints     WPWS(ns)     TPWS(ns)  TPWS Failing Endpoints  TPWS Total Endpoints  
    -------      -------  ---------------------  -------------------     --------     --------  ----------------------  --------------------  
     -1.928      -59.619                     88                 1571        3.750        0.000                       0                   661  


Timing constraints are not met.


------------------------------------------------------------------------------------------------
| Clock Summary
| -------------
------------------------------------------------------------------------------------------------

Clock    Waveform(ns)       Period(ns)      Frequency(MHz)
-----    ------------       ----------      --------------
sys_clk  {0.000 5.000}      10.000          100.000         


------------------------------------------------------------------------------------------------
| Intra Clock Table
| -----------------
------------------------------------------------------------------------------------------------

Clock             WNS(ns)      TNS(ns)  TNS Failing Endpoints  TNS Total Endpoints     WPWS(ns)     TPWS(ns)  TPWS Failing Endpoints  TPWS Total Endpoints  
-----             -------      -------  ---------------------  -------------------     --------     --------  ----------------------  --------------------  
sys_clk            -1.928      -59.619                     88                 1571        3.750        0.000                       0                   661  


------------------------------------------------------------------------------------------------
| Inter Clock Table
| -----------------
------------------------------------------------------------------------------------------------

From Clock    To Clock          WNS(ns)      TNS(ns)  TNS Failing Endpoints  TNS Total Endpoints  
----------    --------          -------      -------  ---------------------  -------------------  


------------------------------------------------------------------------------------------------
| Other Path Groups Table
| -----------------------
------------------------------------------------------------------------------------------------

Path Group    From Clock    To Clock          WNS(ns)      TNS(ns)  TNS Failing Endpoints  TNS Total Endpoints  
----------    ----------    --------          -------      -------  ---------------------  -------------------  


------------------------------------------------------------------------------------------------
| Timing Details
| --------------
------------------------------------------------------------------------------------------------


---------------------------------------------------------------------------------------------------
From Clock:  sys_clk
  To Clock:  sys_clk

Setup :           88  Failing Endpoints,  Worst Slack       -1.928ns,  Total Violation      -59.619ns
Hold  :           NA  Failing Endpoints,  Worst Slack           NA  ,  Total Violation           NA
PW    :            0  Failing Endpoints,  Worst Slack        3.750ns,  Total Violation        0.000ns
---------------------------------------------------------------------------------------------------


Max Delay Paths
--------------------------------------------------------------------------------------
Slack (VIOLATED) :        -1.928ns  (required time - arrival time)
  Source:                 u_if_stage/flush_q_reg/C
                            (rising edge-triggered cell FDPE clocked by sys_clk  {rise@0.000ns fall@5.000ns period=10.000ns})
  Destination:            u_pc/pc_reg[31]/D
                            (rising edge-triggered cell FDPE clocked by sys_clk  {rise@0.000ns fall@5.000ns period=10.000ns})
  Path Group:             sys_clk
  Path Type:              Setup (Max at Slow Process Corner)
  Requirement:            10.000ns  (sys_clk rise@10.000ns - sys_clk rise@0.000ns)
  Data Path Delay:        11.925ns  (logic 4.525ns (37.947%)  route 7.400ns (62.053%))
  Logic Levels:           20  (CARRY4=9 LUT2=1 LUT3=2 LUT4=1 LUT5=2 LUT6=4 RAMD32=1)
  Clock Path Skew:        -0.043ns (DCD - SCD + CPR)
    Destination Clock Delay (DCD):    1.556ns = ( 11.556 - 10.000 ) 
    Source Clock Delay      (SCD):    1.714ns
    Clock Pessimism Removal (CPR):    0.115ns
  Clock Uncertainty:      0.035ns  ((TSJ^2 + TIJ^2)^1/2 + DJ) / 2 + PE
    Total System Jitter     (TSJ):    0.071ns
    Total Input Jitter      (TIJ):    0.000ns
    Discrete Jitter          (DJ):    0.000ns
    Phase Error              (PE):    0.000ns

    Location             Delay type                Incr(ns)  Path(ns)    Netlist Resource(s)
  -------------------------------------------------------------------    -------------------
                         (clock sys_clk rise edge)    0.000     0.000 r  <hidden>
                                                      0.000     0.000 r  clk
                         net (fo=660, unset)          1.714     1.714    u_if_stage/clk
    SLICE_X64Y26         FDPE                                         r  u_if_stage/flush_q_reg/C
  -------------------------------------------------------------------    -------------------
    SLICE_X64Y26         FDPE (Prop_fdpe_C_Q)         0.456     2.170 f  u_if_stage/flush_q_reg/Q
                         net (fo=112, routed)         0.827     2.997    u_if_stage/flush_q
    SLICE_X68Y25         LUT4 (Prop_lut4_I2_O)        0.124     3.121 r  u_if_stage/regs_reg_r2_0_31_0_5_i_3/O
                         net (fo=44, routed)          0.929     4.050    u_regfile/regs_reg_r2_0_31_0_5/ADDRB2
    SLICE_X66Y27         RAMD32 (Prop_ramd32_RADR2_O)
                                                      0.150     4.200 r  u_regfile/regs_reg_r2_0_31_0_5/RAMB/O
                         net (fo=2, routed)           0.889     5.089    u_regfile/rdata20[2]
    SLICE_X69Y25         LUT6 (Prop_lut6_I0_O)        0.348     5.437 r  u_regfile/mem_store_data[2]_i_2/O
                         net (fo=2, routed)           0.669     6.106    u_if_stage/rdata2[2]
    SLICE_X68Y25         LUT6 (Prop_lut6_I0_O)        0.124     6.230 r  u_if_stage/multiplier[2]_i_2/O
                         net (fo=9, routed)           0.333     6.563    u_if_stage/rs2_fwd[2]
    SLICE_X71Y25         LUT3 (Prop_lut3_I2_O)        0.124     6.687 r  u_if_stage/lt_carry_i_13/O
                         net (fo=86, routed)          0.897     7.584    u_if_stage/lt_carry_i_13_n_0
    SLICE_X73Y29         LUT2 (Prop_lut2_I1_O)        0.124     7.708 r  u_if_stage/y0_carry_i_6/O
                         net (fo=1, routed)           0.000     7.708    u_id_ex/u_alu/mem_addr[0]_i_3[2]
    SLICE_X73Y29         CARRY4 (Prop_carry4_S[2]_CO[3])
                                                      0.398     8.106 r  u_id_ex/u_alu/y0_carry/CO[3]
                         net (fo=1, routed)           0.000     8.106    u_id_ex/u_alu/y0_carry_n_0
    SLICE_X73Y30         CARRY4 (Prop_carry4_CI_CO[3])
                                                      0.114     8.220 r  u_id_ex/u_alu/y0_carry__0/CO[3]
                         net (fo=1, routed)           0.000     8.220    u_id_ex/u_alu/y0_carry__0_n_0
    SLICE_X73Y31         CARRY4 (Prop_carry4_CI_CO[3])
                                                      0.114     8.334 r  u_id_ex/u_alu/y0_carry__1/CO[3]
                         net (fo=1, routed)           0.000     8.334    u_id_ex/u_alu/y0_carry__1_n_0
    SLICE_X73Y32         CARRY4 (Prop_carry4_CI_CO[3])
                                                      0.114     8.448 r  u_id_ex/u_alu/y0_carry__2/CO[3]
                         net (fo=1, routed)           0.000     8.448    u_id_ex/u_alu/y0_carry__2_n_0
    SLICE_X73Y33         CARRY4 (Prop_carry4_CI_CO[3])
                                                      0.114     8.562 r  u_id_ex/u_alu/y0_carry__3/CO[3]
                         net (fo=1, routed)           0.000     8.562    u_id_ex/u_alu/y0_carry__3_n_0
    SLICE_X73Y34         CARRY4 (Prop_carry4_CI_O[1])
                                                      0.334     8.896 r  u_id_ex/u_alu/y0_carry__4/O[1]
                         net (fo=1, routed)           0.303     9.200    u_if_stage/data0[21]
    SLICE_X72Y35         LUT5 (Prop_lut5_I3_O)        0.303     9.503 r  u_if_stage/mem_addr[21]_i_6/O
                         net (fo=1, routed)           0.781    10.284    u_if_stage/mem_addr[21]_i_6_n_0
    SLICE_X78Y35         LUT6 (Prop_lut6_I4_O)        0.124    10.408 r  u_if_stage/mem_addr[21]_i_2/O
                         net (fo=1, routed)           0.440    10.847    u_if_stage/mem_addr[21]_i_2_n_0
    SLICE_X80Y35         LUT6 (Prop_lut6_I0_O)        0.124    10.971 r  u_if_stage/mem_addr[21]_i_1/O
                         net (fo=5, routed)           0.657    11.628    u_if_stage/ex_addr[21]
    SLICE_X75Y36         LUT3 (Prop_lut3_I2_O)        0.124    11.752 r  u_if_stage/pc[24]_i_9/O
                         net (fo=1, routed)           0.000    11.752    u_if_stage/pc[24]_i_9_n_0
    SLICE_X75Y36         CARRY4 (Prop_carry4_S[0]_CO[3])
                                                      0.532    12.284 r  u_if_stage/pc_reg[24]_i_3/CO[3]
                         net (fo=1, routed)           0.000    12.284    u_if_stage/pc_reg[24]_i_3_n_0
    SLICE_X75Y37         CARRY4 (Prop_carry4_CI_CO[3])
                                                      0.114    12.398 r  u_if_stage/pc_reg[28]_i_3/CO[3]
                         net (fo=1, routed)           0.000    12.398    u_if_stage/pc_reg[28]_i_3_n_0
    SLICE_X75Y38         CARRY4 (Prop_carry4_CI_O[2])
                                                      0.239    12.637 r  u_if_stage/pc_reg[31]_i_5/O[2]
                         net (fo=1, routed)           0.674    13.312    u_if_stage/pc_target0[31]
    SLICE_X75Y38         LUT5 (Prop_lut5_I2_O)        0.327    13.639 r  u_if_stage/pc[31]_i_2/O
                         net (fo=1, routed)           0.000    13.639    u_pc/pc_reg[31]_2[31]
    SLICE_X75Y38         FDPE                                         r  u_pc/pc_reg[31]/D
  -------------------------------------------------------------------    -------------------

                         (clock sys_clk rise edge)   10.000    10.000 r  <hidden>
                                                      0.000    10.000 r  clk
                         net (fo=660, unset)          1.556    11.556    u_pc/clk
    SLICE_X75Y38         FDPE                                         r  u_pc/pc_reg[31]/C
                         clock pessimism              0.115    11.671    <hidden>
                         clock uncertainty           -0.035    11.636    <hidden>
    SLICE_X75Y38         FDPE (Setup_fdpe_C_D)        0.075    11.711    u_pc/pc_reg[31]
  -------------------------------------------------------------------
                         required time                         11.711    <hidden>
                         arrival time                         -13.639    <hidden>
  -------------------------------------------------------------------
                         slack                                 -1.928    <hidden>





Pulse Width Checks
--------------------------------------------------------------------------------------
Clock Name:         sys_clk
Waveform(ns):       { 0.000 5.000 }
Period(ns):         10.000
Sources:            { clk }

Check Type        Corner  Lib Pin     Reference Pin  Required(ns)  Actual(ns)  Slack(ns)  Location      Pin
Min Period        n/a     FDCE/C      n/a            1.000         10.000      9.000      SLICE_X49Y32  muldiv_pending_reg/C
Low Pulse Width   Slow    RAMD32/CLK  n/a            1.250         5.000       3.750      SLICE_X66Y26  u_regfile/regs_reg_r1_0_31_0_5/RAMA/CLK
High Pulse Width  Slow    RAMD32/CLK  n/a            1.250         5.000       3.750      SLICE_X66Y26  u_regfile/regs_reg_r1_0_31_0_5/RAMA/CLK



