Copyright 1986-2022 Xilinx, Inc. All Rights Reserved. Copyright 2022-2026 Advanced Micro Devices, Inc. All Rights Reserved.
------------------------------------------------------------------------------------------------------------------------------------------------------------------------------------------------
| Tool Version : Vivado v.2026.1 (win64) Build 6511674 Tue Jun 16 11:02:23 MDT 2026
| Date         : Sun Sep 27 00:24:45 2026
| Host         : Walter-Cooper running 64-bit major release  (build 9200)
| Command      : report_timing_summary -delay_type min_max -report_unconstrained -check_timing_verbose -file D:/Desktop/contests/2026fpga/FPGA-Alittle-Design/build/reports/soc_timing_impl.rpt
| Design       : pynq_z2_top
| Device       : 7z020-clg400
| Speed File   : -1  PRODUCTION 1.12 2019-11-22
| Design State : Physopt postRoute
------------------------------------------------------------------------------------------------------------------------------------------------------------------------------------------------

Timing Summary Report

------------------------------------------------------------------------------------------------
| Timer Settings
| --------------
------------------------------------------------------------------------------------------------

  Enable Multi Corner Analysis               :  Yes
  Enable Pessimism Removal                   :  Yes
  Pessimism Removal Resolution               :  Nearest Common Node
  Enable Input Delay Default Clock           :  No
  Enable Preset / Clear Arcs                 :  No
  Disable Flight Delays                      :  No
  Ignore I/O Paths                           :  No
  Timing Early Launch at Borrowing Latches   :  No
  Borrow Time for Max Delay Exceptions       :  Yes
  Merge Timing Exceptions                    :  Yes
  Inter-SLR Compensation                     :  Conservative

  Corner  Analyze    Analyze    
  Name    Max Paths  Min Paths  
  ------  ---------  ---------  
  Slow    Yes        Yes        
  Fast    Yes        Yes        


------------------------------------------------------------------------------------------------
| Report Methodology
| ------------------
------------------------------------------------------------------------------------------------

No report available as report_methodology has not been run prior. Run report_methodology on the current design for the summary of methodology violations.



check_timing report

Table of Contents
-----------------
1. checking no_clock (0)
2. checking constant_clock (0)
3. checking pulse_width_clock (0)
4. checking unconstrained_internal_endpoints (0)
5. checking no_input_delay (1)
6. checking no_output_delay (4)
7. checking multiple_clock (0)
8. checking generated_clocks (0)
9. checking loops (0)
10. checking partial_input_delay (0)
11. checking partial_output_delay (0)
12. checking latch_loops (0)

1. checking no_clock (0)
------------------------
 There are 0 register/latch pins with no clock.


2. checking constant_clock (0)
------------------------------
 There are 0 register/latch pins with constant_clock.


3. checking pulse_width_clock (0)
---------------------------------
 There are 0 register/latch pins which need pulse_width check


4. checking unconstrained_internal_endpoints (0)
------------------------------------------------
 There are 0 pins that are not constrained for maximum delay.

 There are 0 pins that are not constrained for maximum delay due to constant clock.


5. checking no_input_delay (1)
------------------------------
 There are 0 input ports with no input delay specified.

 There is 1 input port with no input delay but user has a false path constraint. (MEDIUM)

btn0


6. checking no_output_delay (4)
-------------------------------
 There are 0 ports with no output delay specified.

 There are 4 ports with no output delay but user has a false path constraint (MEDIUM)

led[0]
led[1]
led[2]
led[3]

 There are 0 ports with no output delay but with a timing clock defined on it or propagating through it


7. checking multiple_clock (0)
------------------------------
 There are 0 register/latch pins with multiple clocks.


8. checking generated_clocks (0)
--------------------------------
 There are 0 generated clocks that are not connected to a clock source.


9. checking loops (0)
---------------------
 There are 0 combinational loops in the design.


10. checking partial_input_delay (0)
------------------------------------
 There are 0 input ports with partial input delay specified.


11. checking partial_output_delay (0)
-------------------------------------
 There are 0 ports with partial output delay specified.


12. checking latch_loops (0)
----------------------------
 There are 0 combinational latch loops in the design through latch input



------------------------------------------------------------------------------------------------
| Design Timing Summary
| ---------------------
------------------------------------------------------------------------------------------------

    WNS(ns)      TNS(ns)  TNS Failing Endpoints  TNS Total Endpoints      WHS(ns)      THS(ns)  THS Failing Endpoints  THS Total Endpoints     WPWS(ns)     TPWS(ns)  TPWS Failing Endpoints  TPWS Total Endpoints  
    -------      -------  ---------------------  -------------------      -------      -------  ---------------------  -------------------     --------     --------  ----------------------  --------------------  
      0.142        0.000                      0                42881        0.071        0.000                      0                42881        2.000        0.000                       0                  4606  


All user specified timing constraints are met.


------------------------------------------------------------------------------------------------
| Clock Summary
| -------------
------------------------------------------------------------------------------------------------

Clock               Waveform(ns)         Period(ns)      Frequency(MHz)
-----               ------------         ----------      --------------
sys_clk_125         {0.000 4.000}        8.000           125.000         
  clk_feedback_raw  {0.000 4.000}        8.000           125.000         
  core_clk_40       {0.000 12.500}       25.000          40.000          


------------------------------------------------------------------------------------------------
| Intra Clock Table
| -----------------
------------------------------------------------------------------------------------------------

Clock                   WNS(ns)      TNS(ns)  TNS Failing Endpoints  TNS Total Endpoints      WHS(ns)      THS(ns)  THS Failing Endpoints  THS Total Endpoints     WPWS(ns)     TPWS(ns)  TPWS Failing Endpoints  TPWS Total Endpoints  
-----                   -------      -------  ---------------------  -------------------      -------      -------  ---------------------  -------------------     --------     --------  ----------------------  --------------------  
sys_clk_125                                                                                                                                                           2.000        0.000                       0                     1  
  clk_feedback_raw                                                                                                                                                    5.845        0.000                       0                     3  
  core_clk_40             0.142        0.000                      0                42476        0.071        0.000                      0                42476       11.250        0.000                       0                  4602  


------------------------------------------------------------------------------------------------
| Inter Clock Table
| -----------------
------------------------------------------------------------------------------------------------

From Clock    To Clock          WNS(ns)      TNS(ns)  TNS Failing Endpoints  TNS Total Endpoints      WHS(ns)      THS(ns)  THS Failing Endpoints  THS Total Endpoints  
----------    --------          -------      -------  ---------------------  -------------------      -------      -------  ---------------------  -------------------  


------------------------------------------------------------------------------------------------
| Other Path Groups Table
| -----------------------
------------------------------------------------------------------------------------------------

Path Group         From Clock         To Clock               WNS(ns)      TNS(ns)  TNS Failing Endpoints  TNS Total Endpoints      WHS(ns)      THS(ns)  THS Failing Endpoints  THS Total Endpoints  
----------         ----------         --------               -------      -------  ---------------------  -------------------      -------      -------  ---------------------  -------------------  
**async_default**  core_clk_40        core_clk_40             13.851        0.000                      0                  405        1.524        0.000                      0                  405  


------------------------------------------------------------------------------------------------
| User Ignored Path Table
| -----------------------
------------------------------------------------------------------------------------------------

Path Group    From Clock    To Clock    
----------    ----------    --------    
(none)        core_clk_40                 
(none)                      core_clk_40   


------------------------------------------------------------------------------------------------
| Unconstrained Path Table
| ------------------------
------------------------------------------------------------------------------------------------

Path Group    From Clock    To Clock    
----------    ----------    --------    
(none)                      core_clk_40   


------------------------------------------------------------------------------------------------
| Timing Details
| --------------
------------------------------------------------------------------------------------------------


---------------------------------------------------------------------------------------------------
From Clock:  sys_clk_125
  To Clock:  sys_clk_125

Setup :           NA  Failing Endpoints,  Worst Slack           NA  ,  Total Violation           NA
Hold  :           NA  Failing Endpoints,  Worst Slack           NA  ,  Total Violation           NA
PW    :            0  Failing Endpoints,  Worst Slack        2.000ns,  Total Violation        0.000ns
---------------------------------------------------------------------------------------------------


Pulse Width Checks
--------------------------------------------------------------------------------------
Clock Name:         sys_clk_125
Waveform(ns):       { 0.000 4.000 }
Period(ns):         8.000
Sources:            { clk }

Check Type        Corner  Lib Pin            Reference Pin  Required(ns)  Actual(ns)  Slack(ns)  Location         Pin
Min Period        n/a     MMCME2_ADV/CLKIN1  n/a            1.249         8.000       6.751      MMCME2_ADV_X1Y2  u_mmcm/CLKIN1
Max Period        n/a     MMCME2_ADV/CLKIN1  n/a            100.000       8.000       92.000     MMCME2_ADV_X1Y2  u_mmcm/CLKIN1
Low Pulse Width   Slow    MMCME2_ADV/CLKIN1  n/a            2.000         4.000       2.000      MMCME2_ADV_X1Y2  u_mmcm/CLKIN1
High Pulse Width  Slow    MMCME2_ADV/CLKIN1  n/a            2.000         4.000       2.000      MMCME2_ADV_X1Y2  u_mmcm/CLKIN1



---------------------------------------------------------------------------------------------------
From Clock:  clk_feedback_raw
  To Clock:  clk_feedback_raw

Setup :           NA  Failing Endpoints,  Worst Slack           NA  ,  Total Violation           NA
Hold  :           NA  Failing Endpoints,  Worst Slack           NA  ,  Total Violation           NA
PW    :            0  Failing Endpoints,  Worst Slack        5.845ns,  Total Violation        0.000ns
---------------------------------------------------------------------------------------------------


Pulse Width Checks
--------------------------------------------------------------------------------------
Clock Name:         clk_feedback_raw
Waveform(ns):       { 0.000 4.000 }
Period(ns):         8.000
Sources:            { u_mmcm/CLKFBOUT }

Check Type  Corner  Lib Pin             Reference Pin  Required(ns)  Actual(ns)  Slack(ns)  Location         Pin
Min Period  n/a     BUFG/I              n/a            2.155         8.000       5.845      BUFGCTRL_X0Y17   u_feedback_bufg/I
Max Period  n/a     MMCME2_ADV/CLKFBIN  n/a            100.000       8.000       92.000     MMCME2_ADV_X1Y2  u_mmcm/CLKFBIN



---------------------------------------------------------------------------------------------------
From Clock:  core_clk_40
  To Clock:  core_clk_40

Setup :            0  Failing Endpoints,  Worst Slack        0.142ns,  Total Violation        0.000ns
Hold  :            0  Failing Endpoints,  Worst Slack        0.071ns,  Total Violation        0.000ns
PW    :            0  Failing Endpoints,  Worst Slack       11.250ns,  Total Violation        0.000ns
---------------------------------------------------------------------------------------------------


Max Delay Paths
--------------------------------------------------------------------------------------
Slack (MET) :             0.142ns  (required time - arrival time)
  Source:                 u_soc/u_imem/rdata_reg_5/CLKARDCLK
                            (rising edge-triggered cell RAMB36E1 clocked by core_clk_40  {rise@0.000ns fall@12.500ns period=25.000ns})
  Destination:            u_soc/u_core/u_regfile/regs_reg_r1_0_31_12_17/RAMB_D1/I
                            (rising edge-triggered cell RAMD32 clocked by core_clk_40  {rise@0.000ns fall@12.500ns period=25.000ns})
  Path Group:             core_clk_40
  Path Type:              Setup (Max at Slow Process Corner)
  Requirement:            25.000ns  (core_clk_40 rise@25.000ns - core_clk_40 rise@0.000ns)
  Data Path Delay:        24.286ns  (logic 6.211ns (25.574%)  route 18.075ns (74.426%))
  Logic Levels:           19  (LUT3=3 LUT4=1 LUT5=1 LUT6=9 MUXF7=2 MUXF8=1 RAMD32=1 RAMS64E=1)
  Clock Path Skew:        -0.262ns (DCD - SCD + CPR)
    Destination Clock Delay (DCD):    -1.673ns = ( 23.327 - 25.000 ) 
    Source Clock Delay      (SCD):    -0.945ns
    Clock Pessimism Removal (CPR):    0.466ns
  Clock Uncertainty:      0.082ns  ((TSJ^2 + DJ^2)^1/2) / 2 + PE
    Total System Jitter     (TSJ):    0.071ns
    Discrete Jitter          (DJ):    0.147ns
    Phase Error              (PE):    0.000ns

    Location             Delay type                Incr(ns)  Path(ns)    Netlist Resource(s)
  -------------------------------------------------------------------    -------------------
                         (clock core_clk_40 rise edge)
                                                      0.000     0.000 r  <hidden>
    H16                                               0.000     0.000 r  clk
                         net (fo=0)                   0.000     0.000    clk
    H16                  IBUF (Prop_ibuf_I_O)         1.451     1.451 r  clk_IBUF_inst/O
                         net (fo=1, routed)           1.285     2.736    clk_IBUF
    MMCME2_ADV_X1Y2      MMCME2_ADV (Prop_mmcme2_adv_CLKIN1_CLKOUT0)
                                                     -7.759    -5.023 r  u_mmcm/CLKOUT0
                         net (fo=1, routed)           2.206    -2.817    clk_40_raw
    BUFGCTRL_X0Y16       BUFG (Prop_bufg_I_O)         0.101    -2.716 r  u_core_clk_bufg/O
                         net (fo=4600, routed)        1.771    -0.945    u_soc/u_imem/clk_40
    RAMB36_X3Y9          RAMB36E1                                     r  u_soc/u_imem/rdata_reg_5/CLKARDCLK
  -------------------------------------------------------------------    -------------------
    RAMB36_X3Y9          RAMB36E1 (Prop_ramb36e1_CLKARDCLK_DOADO[0])
                                                      2.454     1.509 r  u_soc/u_imem/rdata_reg_5/DOADO[0]
                         net (fo=2, routed)           1.014     2.523    u_soc/u_core/u_if_stage/pc[31]_i_17_0[20]
    SLICE_X55Y46         LUT4 (Prop_lut4_I1_O)        0.124     2.647 r  u_soc/u_core/u_if_stage/regs_reg_r2_0_31_0_5_i_5/O
                         net (fo=40, routed)          1.277     3.924    u_soc/u_core/u_regfile/regs_reg_r2_0_31_0_5/ADDRC0
    SLICE_X50Y49         RAMD32 (Prop_ramd32_RADR0_O)
                                                      0.153     4.077 r  u_soc/u_core/u_regfile/regs_reg_r2_0_31_0_5/RAMC/O
                         net (fo=3, routed)           1.041     5.118    u_soc/u_core/u_regfile/rdata20[4]
    SLICE_X49Y53         LUT6 (Prop_lut6_I0_O)        0.331     5.449 r  u_soc/u_core/u_regfile/mem_reg_0_255_4_4_i_1/O
                         net (fo=133, routed)         0.859     6.307    u_soc/u_core/u_if_stage/divisor_r_reg[4]
    SLICE_X48Y53         LUT6 (Prop_lut6_I0_O)        0.124     6.431 r  u_soc/u_core/u_if_stage/mem_reg_0_255_0_0_i_73/O
                         net (fo=138, routed)         1.285     7.716    u_soc/u_core/u_if_stage/alu_b[4]
    SLICE_X48Y57         LUT3 (Prop_lut3_I1_O)        0.152     7.868 r  u_soc/u_core/u_if_stage/mem_reg_0_255_0_0_i_183/O
                         net (fo=1, routed)           0.472     8.341    u_soc/u_core/u_if_stage/mem_reg_0_255_0_0_i_183_n_0
    SLICE_X48Y58         LUT6 (Prop_lut6_I3_O)        0.326     8.667 r  u_soc/u_core/u_if_stage/mem_reg_0_255_0_0_i_174/O
                         net (fo=2, routed)           0.875     9.542    u_soc/u_core/u_if_stage/mem_reg_0_255_0_0_i_174_n_0
    SLICE_X48Y58         LUT3 (Prop_lut3_I2_O)        0.152     9.694 r  u_soc/u_core/u_if_stage/mem_reg_0_255_0_0_i_139/O
                         net (fo=2, routed)           0.782    10.476    u_soc/u_core/u_if_stage/mem_reg_0_255_0_0_i_139_n_0
    SLICE_X45Y61         LUT6 (Prop_lut6_I0_O)        0.326    10.802 r  u_soc/u_core/u_if_stage/mem_reg_0_255_0_0_i_82/O
                         net (fo=1, routed)           0.300    11.102    u_soc/u_core/u_if_stage/mem_reg_0_255_0_0_i_82_n_0
    SLICE_X44Y62         LUT6 (Prop_lut6_I5_O)        0.124    11.226 r  u_soc/u_core/u_if_stage/mem_reg_0_255_0_0_i_33/O
                         net (fo=29, routed)          1.855    13.081    u_soc/u_core/u_if_stage/mem_reg_0_255_0_0_i_33_n_0
    SLICE_X39Y93         LUT5 (Prop_lut5_I2_O)        0.124    13.205 r  u_soc/u_core/u_if_stage/mem_reg_0_255_31_31_i_8/O
                         net (fo=128, routed)         2.007    15.212    u_soc/u_dmem/mem_reg_2304_2559_31_31/A1
    SLICE_X26Y119        RAMS64E (Prop_rams64e_ADR1_O)
                                                      0.317    15.529 r  u_soc/u_dmem/mem_reg_2304_2559_31_31/RAMS64E_A/O
                         net (fo=1, routed)           0.000    15.529    u_soc/u_dmem/mem_reg_2304_2559_31_31/OA
    SLICE_X26Y119        MUXF7 (Prop_muxf7_I1_O)      0.214    15.743 r  u_soc/u_dmem/mem_reg_2304_2559_31_31/F7.A/O
                         net (fo=1, routed)           0.000    15.743    u_soc/u_dmem/mem_reg_2304_2559_31_31/O1
    SLICE_X26Y119        MUXF8 (Prop_muxf8_I1_O)      0.088    15.831 r  u_soc/u_dmem/mem_reg_2304_2559_31_31/F8/O
                         net (fo=1, routed)           1.245    17.076    u_soc/u_dmem/mem_reg_2304_2559_31_31_n_0
    SLICE_X31Y101        LUT6 (Prop_lut6_I3_O)        0.319    17.395 r  u_soc/u_dmem/regs_reg_r1_0_31_30_31_i_13__0/O
                         net (fo=1, routed)           0.000    17.395    u_soc/u_dmem/regs_reg_r1_0_31_30_31_i_13__0_n_0
    SLICE_X31Y101        MUXF7 (Prop_muxf7_I0_O)      0.212    17.607 r  u_soc/u_dmem/regs_reg_r1_0_31_30_31_i_7__0/O
                         net (fo=1, routed)           1.080    18.687    u_soc/u_dmem/regs_reg_r1_0_31_30_31_i_7__0_n_0
    SLICE_X39Y95         LUT6 (Prop_lut6_I3_O)        0.299    18.986 r  u_soc/u_dmem/regs_reg_r1_0_31_30_31_i_3__0/O
                         net (fo=3, routed)           1.798    20.784    u_soc/u_dmem/regs_reg_r1_0_31_30_31_i_8__0_0[30]
    SLICE_X48Y57         LUT3 (Prop_lut3_I0_O)        0.124    20.908 r  u_soc/u_dmem/regs_reg_r1_0_31_12_17_i_33/O
                         net (fo=2, routed)           0.980    21.887    u_soc/u_core/u_if_stage/regs_reg_r1_0_31_12_17_i_3_0
    SLICE_X55Y55         LUT6 (Prop_lut6_I2_O)        0.124    22.011 r  u_soc/u_core/u_if_stage/regs_reg_r1_0_31_12_17_i_16/O
                         net (fo=1, routed)           0.645    22.656    u_soc/u_core/u_if_stage/regs_reg_r1_0_31_12_17_i_16_n_0
    SLICE_X51Y54         LUT6 (Prop_lut6_I1_O)        0.124    22.780 r  u_soc/u_core/u_if_stage/regs_reg_r1_0_31_12_17_i_3/O
                         net (fo=2, routed)           0.561    23.341    u_soc/u_core/u_regfile/regs_reg_r1_0_31_12_17/DIB1
    SLICE_X46Y49         RAMD32                                       r  u_soc/u_core/u_regfile/regs_reg_r1_0_31_12_17/RAMB_D1/I
  -------------------------------------------------------------------    -------------------

                         (clock core_clk_40 rise edge)
                                                     25.000    25.000 r  <hidden>
    H16                                               0.000    25.000 r  clk
                         net (fo=0)                   0.000    25.000    clk
    H16                  IBUF (Prop_ibuf_I_O)         1.380    26.380 r  clk_IBUF_inst/O
                         net (fo=1, routed)           1.162    27.542    clk_IBUF
    MMCME2_ADV_X1Y2      MMCME2_ADV (Prop_mmcme2_adv_CLKIN1_CLKOUT0)
                                                     -7.814    19.728 r  u_mmcm/CLKOUT0
                         net (fo=1, routed)           2.012    21.740    clk_40_raw
    BUFGCTRL_X0Y16       BUFG (Prop_bufg_I_O)         0.091    21.831 r  u_core_clk_bufg/O
                         net (fo=4600, routed)        1.495    23.327    u_soc/u_core/u_regfile/regs_reg_r1_0_31_12_17/WCLK
    SLICE_X46Y49         RAMD32                                       r  u_soc/u_core/u_regfile/regs_reg_r1_0_31_12_17/RAMB_D1/CLK
                         clock pessimism              0.466    23.793    <hidden>
                         clock uncertainty           -0.082    23.711    <hidden>
    SLICE_X46Y49         RAMD32 (Setup_ramd32_CLK_I)
                                                     -0.228    23.483    u_soc/u_core/u_regfile/regs_reg_r1_0_31_12_17/RAMB_D1
  -------------------------------------------------------------------
                         required time                         23.483    <hidden>
                         arrival time                         -23.341    <hidden>
  -------------------------------------------------------------------
                         slack                                  0.142    <hidden>





Min Delay Paths
--------------------------------------------------------------------------------------
Slack (MET) :             0.071ns  (arrival time - required time)
  Source:                 u_soc/u_core/u_pc/pc_reg[16]/C
                            (rising edge-triggered cell FDCE clocked by core_clk_40  {rise@0.000ns fall@12.500ns period=25.000ns})
  Destination:            u_soc/u_core/u_if_stage/pc_id_r_reg[16]/D
                            (rising edge-triggered cell FDCE clocked by core_clk_40  {rise@0.000ns fall@12.500ns period=25.000ns})
  Path Group:             core_clk_40
  Path Type:              Hold (Min at Fast Process Corner)
  Requirement:            0.000ns  (core_clk_40 rise@0.000ns - core_clk_40 rise@0.000ns)
  Data Path Delay:        0.388ns  (logic 0.141ns (36.363%)  route 0.247ns (63.637%))
  Logic Levels:           0  
  Clock Path Skew:        0.259ns (DCD - SCD - CPR)
    Destination Clock Delay (DCD):    -0.914ns
    Source Clock Delay      (SCD):    -0.670ns
    Clock Pessimism Removal (CPR):    -0.504ns

    Location             Delay type                Incr(ns)  Path(ns)    Netlist Resource(s)
  -------------------------------------------------------------------    -------------------
                         (clock core_clk_40 rise edge)
                                                      0.000     0.000 r  <hidden>
    H16                                               0.000     0.000 r  clk
                         net (fo=0)                   0.000     0.000    clk
    H16                  IBUF (Prop_ibuf_I_O)         0.219     0.219 r  clk_IBUF_inst/O
                         net (fo=1, routed)           0.440     0.659    clk_IBUF
    MMCME2_ADV_X1Y2      MMCME2_ADV (Prop_mmcme2_adv_CLKIN1_CLKOUT0)
                                                     -2.613    -1.954 r  u_mmcm/CLKOUT0
                         net (fo=1, routed)           0.696    -1.257    clk_40_raw
    BUFGCTRL_X0Y16       BUFG (Prop_bufg_I_O)         0.026    -1.231 r  u_core_clk_bufg/O
                         net (fo=4600, routed)        0.562    -0.670    u_soc/u_core/u_pc/clk_40
    SLICE_X49Y47         FDCE                                         r  u_soc/u_core/u_pc/pc_reg[16]/C
  -------------------------------------------------------------------    -------------------
    SLICE_X49Y47         FDCE (Prop_fdce_C_Q)         0.141    -0.529 r  u_soc/u_core/u_pc/pc_reg[16]/Q
                         net (fo=2, routed)           0.247    -0.282    u_soc/u_core/u_if_stage/pc_id_r_reg[31]_0[16]
    SLICE_X51Y48         FDCE                                         r  u_soc/u_core/u_if_stage/pc_id_r_reg[16]/D
  -------------------------------------------------------------------    -------------------

                         (clock core_clk_40 rise edge)
                                                      0.000     0.000 r  <hidden>
    H16                                               0.000     0.000 r  clk
                         net (fo=0)                   0.000     0.000    clk
    H16                  IBUF (Prop_ibuf_I_O)         0.406     0.406 r  clk_IBUF_inst/O
                         net (fo=1, routed)           0.480     0.886    clk_IBUF
    MMCME2_ADV_X1Y2      MMCME2_ADV (Prop_mmcme2_adv_CLKIN1_CLKOUT0)
                                                     -3.407    -2.521 r  u_mmcm/CLKOUT0
                         net (fo=1, routed)           0.752    -1.769    clk_40_raw
    BUFGCTRL_X0Y16       BUFG (Prop_bufg_I_O)         0.029    -1.740 r  u_core_clk_bufg/O
                         net (fo=4600, routed)        0.826    -0.914    u_soc/u_core/u_if_stage/clk_40
    SLICE_X51Y48         FDCE                                         r  u_soc/u_core/u_if_stage/pc_id_r_reg[16]/C
                         clock pessimism              0.504    -0.410    <hidden>
    SLICE_X51Y48         FDCE (Hold_fdce_C_D)         0.057    -0.353    u_soc/u_core/u_if_stage/pc_id_r_reg[16]
  -------------------------------------------------------------------
                         required time                          0.353    <hidden>
                         arrival time                          -0.282    <hidden>
  -------------------------------------------------------------------
                         slack                                  0.071    <hidden>





Pulse Width Checks
--------------------------------------------------------------------------------------
Clock Name:         core_clk_40
Waveform(ns):       { 0.000 12.500 }
Period(ns):         25.000
Sources:            { u_mmcm/CLKOUT0 }

Check Type        Corner  Lib Pin             Reference Pin  Required(ns)  Actual(ns)  Slack(ns)  Location         Pin
Min Period        n/a     RAMB36E1/CLKARDCLK  n/a            2.576         25.000      22.424     RAMB36_X2Y8      u_soc/u_imem/rdata_reg_0/CLKARDCLK
Max Period        n/a     MMCME2_ADV/CLKOUT0  n/a            213.360       25.000      188.360    MMCME2_ADV_X1Y2  u_mmcm/CLKOUT0
Low Pulse Width   Slow    RAMD32/CLK          n/a            1.250         12.500      11.250     SLICE_X50Y44     u_soc/u_core/u_regfile/regs_reg_r1_0_31_0_5/RAMA/CLK
High Pulse Width  Slow    RAMD32/CLK          n/a            1.250         12.500      11.250     SLICE_X50Y44     u_soc/u_core/u_regfile/regs_reg_r1_0_31_0_5/RAMA/CLK



---------------------------------------------------------------------------------------------------
Path Group:  **async_default**
From Clock:  core_clk_40
  To Clock:  core_clk_40

Setup :            0  Failing Endpoints,  Worst Slack       13.851ns,  Total Violation        0.000ns
Hold  :            0  Failing Endpoints,  Worst Slack        1.524ns,  Total Violation        0.000ns
---------------------------------------------------------------------------------------------------


Max Delay Paths
--------------------------------------------------------------------------------------
Slack (MET) :             13.851ns  (required time - arrival time)
  Source:                 reset_pipe_reg[1]/C
                            (rising edge-triggered cell FDPE clocked by core_clk_40  {rise@0.000ns fall@12.500ns period=25.000ns})
  Destination:            u_soc/u_core/u_if_stage/instr_hold_reg[0]/PRE
                            (recovery check against rising-edge clock core_clk_40  {rise@0.000ns fall@12.500ns period=25.000ns})
  Path Group:             **async_default**
  Path Type:              Recovery (Max at Slow Process Corner)
  Requirement:            25.000ns  (core_clk_40 rise@25.000ns - core_clk_40 rise@0.000ns)
  Data Path Delay:        9.972ns  (logic 0.419ns (4.202%)  route 9.553ns (95.798%))
  Logic Levels:           0  
  Clock Path Skew:        -0.562ns (DCD - SCD + CPR)
    Destination Clock Delay (DCD):    -1.674ns = ( 23.326 - 25.000 ) 
    Source Clock Delay      (SCD):    -0.660ns
    Clock Pessimism Removal (CPR):    0.452ns
  Clock Uncertainty:      0.082ns  ((TSJ^2 + DJ^2)^1/2) / 2 + PE
    Total System Jitter     (TSJ):    0.071ns
    Discrete Jitter          (DJ):    0.147ns
    Phase Error              (PE):    0.000ns

    Location             Delay type                Incr(ns)  Path(ns)    Netlist Resource(s)
  -------------------------------------------------------------------    -------------------
                         (clock core_clk_40 rise edge)
                                                      0.000     0.000 r  <hidden>
    H16                                               0.000     0.000 r  clk
                         net (fo=0)                   0.000     0.000    clk
    H16                  IBUF (Prop_ibuf_I_O)         1.451     1.451 r  clk_IBUF_inst/O
                         net (fo=1, routed)           1.285     2.736    clk_IBUF
    MMCME2_ADV_X1Y2      MMCME2_ADV (Prop_mmcme2_adv_CLKIN1_CLKOUT0)
                                                     -7.759    -5.023 r  u_mmcm/CLKOUT0
                         net (fo=1, routed)           2.206    -2.817    clk_40_raw
    BUFGCTRL_X0Y16       BUFG (Prop_bufg_I_O)         0.101    -2.716 r  u_core_clk_bufg/O
                         net (fo=4600, routed)        2.056    -0.660    clk_40
    SLICE_X110Y107       FDPE                                         r  reset_pipe_reg[1]/C
  -------------------------------------------------------------------    -------------------
    SLICE_X110Y107       FDPE (Prop_fdpe_C_Q)         0.419    -0.241 f  reset_pipe_reg[1]/Q
                         net (fo=413, routed)         9.553     9.312    u_soc/u_core/u_if_stage/out[0]
    SLICE_X33Y42         FDPE                                         f  u_soc/u_core/u_if_stage/instr_hold_reg[0]/PRE
  -------------------------------------------------------------------    -------------------

                         (clock core_clk_40 rise edge)
                                                     25.000    25.000 r  <hidden>
    H16                                               0.000    25.000 r  clk
                         net (fo=0)                   0.000    25.000    clk
    H16                  IBUF (Prop_ibuf_I_O)         1.380    26.380 r  clk_IBUF_inst/O
                         net (fo=1, routed)           1.162    27.542    clk_IBUF
    MMCME2_ADV_X1Y2      MMCME2_ADV (Prop_mmcme2_adv_CLKIN1_CLKOUT0)
                                                     -7.814    19.728 r  u_mmcm/CLKOUT0
                         net (fo=1, routed)           2.012    21.740    clk_40_raw
    BUFGCTRL_X0Y16       BUFG (Prop_bufg_I_O)         0.091    21.831 r  u_core_clk_bufg/O
                         net (fo=4600, routed)        1.494    23.326    u_soc/u_core/u_if_stage/clk_40
    SLICE_X33Y42         FDPE                                         r  u_soc/u_core/u_if_stage/instr_hold_reg[0]/C
                         clock pessimism              0.452    23.778    <hidden>
                         clock uncertainty           -0.082    23.696    <hidden>
    SLICE_X33Y42         FDPE (Recov_fdpe_C_PRE)     -0.534    23.162    u_soc/u_core/u_if_stage/instr_hold_reg[0]
  -------------------------------------------------------------------
                         required time                         23.162    <hidden>
                         arrival time                          -9.312    <hidden>
  -------------------------------------------------------------------
                         slack                                 13.851    <hidden>





Min Delay Paths
--------------------------------------------------------------------------------------
Slack (MET) :             1.524ns  (arrival time - required time)
  Source:                 reset_pipe_reg[1]/C
                            (rising edge-triggered cell FDPE clocked by core_clk_40  {rise@0.000ns fall@12.500ns period=25.000ns})
  Destination:            u_soc/u_core/u_muldiv/result_reg[30]/CLR
                            (removal check against rising-edge clock core_clk_40  {rise@0.000ns fall@12.500ns period=25.000ns})
  Path Group:             **async_default**
  Path Type:              Removal (Min at Fast Process Corner)
  Requirement:            0.000ns  (core_clk_40 rise@0.000ns - core_clk_40 rise@0.000ns)
  Data Path Delay:        1.494ns  (logic 0.128ns (8.566%)  route 1.366ns (91.434%))
  Logic Levels:           0  
  Clock Path Skew:        0.116ns (DCD - SCD - CPR)
    Destination Clock Delay (DCD):    -0.902ns
    Source Clock Delay      (SCD):    -0.514ns
    Clock Pessimism Removal (CPR):    -0.504ns

    Location             Delay type                Incr(ns)  Path(ns)    Netlist Resource(s)
  -------------------------------------------------------------------    -------------------
                         (clock core_clk_40 rise edge)
                                                      0.000     0.000 r  <hidden>
    H16                                               0.000     0.000 r  clk
                         net (fo=0)                   0.000     0.000    clk
    H16                  IBUF (Prop_ibuf_I_O)         0.219     0.219 r  clk_IBUF_inst/O
                         net (fo=1, routed)           0.440     0.659    clk_IBUF
    MMCME2_ADV_X1Y2      MMCME2_ADV (Prop_mmcme2_adv_CLKIN1_CLKOUT0)
                                                     -2.613    -1.954 r  u_mmcm/CLKOUT0
                         net (fo=1, routed)           0.696    -1.257    clk_40_raw
    BUFGCTRL_X0Y16       BUFG (Prop_bufg_I_O)         0.026    -1.231 r  u_core_clk_bufg/O
                         net (fo=4600, routed)        0.717    -0.514    clk_40
    SLICE_X110Y107       FDPE                                         r  reset_pipe_reg[1]/C
  -------------------------------------------------------------------    -------------------
    SLICE_X110Y107       FDPE (Prop_fdpe_C_Q)         0.128    -0.386 f  reset_pipe_reg[1]/Q
                         net (fo=413, routed)         1.366     0.980    u_soc/u_core/u_muldiv/out[0]
    SLICE_X61Y69         FDCE                                         f  u_soc/u_core/u_muldiv/result_reg[30]/CLR
  -------------------------------------------------------------------    -------------------

                         (clock core_clk_40 rise edge)
                                                      0.000     0.000 r  <hidden>
    H16                                               0.000     0.000 r  clk
                         net (fo=0)                   0.000     0.000    clk
    H16                  IBUF (Prop_ibuf_I_O)         0.406     0.406 r  clk_IBUF_inst/O
                         net (fo=1, routed)           0.480     0.886    clk_IBUF
    MMCME2_ADV_X1Y2      MMCME2_ADV (Prop_mmcme2_adv_CLKIN1_CLKOUT0)
                                                     -3.407    -2.521 r  u_mmcm/CLKOUT0
                         net (fo=1, routed)           0.752    -1.769    clk_40_raw
    BUFGCTRL_X0Y16       BUFG (Prop_bufg_I_O)         0.029    -1.740 r  u_core_clk_bufg/O
                         net (fo=4600, routed)        0.838    -0.902    u_soc/u_core/u_muldiv/clk_40
    SLICE_X61Y69         FDCE                                         r  u_soc/u_core/u_muldiv/result_reg[30]/C
                         clock pessimism              0.504    -0.398    <hidden>
    SLICE_X61Y69         FDCE (Remov_fdce_C_CLR)     -0.146    -0.544    u_soc/u_core/u_muldiv/result_reg[30]
  -------------------------------------------------------------------
                         required time                          0.544    <hidden>
                         arrival time                           0.980    <hidden>
  -------------------------------------------------------------------
                         slack                                  1.524    <hidden>





--------------------------------------------------------------------------------------
Path Group:  (none)
From Clock:  core_clk_40
  To Clock:  

Max Delay             4 Endpoints
Min Delay             4 Endpoints
--------------------------------------------------------------------------------------


Max Delay Paths
--------------------------------------------------------------------------------------
Slack:                    inf
  Source:                 u_soc/led_q_reg[2]/C
                            (rising edge-triggered cell FDCE clocked by core_clk_40  {rise@0.000ns fall@12.500ns period=25.000ns})
  Destination:            led[2]
                            (output port)
  Path Group:             (none)
  Path Type:              Max at Slow Process Corner
  Data Path Delay:        8.269ns  (logic 4.028ns (48.715%)  route 4.241ns (51.285%))
  Logic Levels:           1  (OBUF=1)
  Clock Uncertainty:      0.175ns  ((TSJ^2 + DJ^2)^1/2) / 2 + PE
    Total System Jitter     (TSJ):    0.050ns
    Discrete Jitter          (DJ):    0.147ns
    Phase Error              (PE):    0.097ns
  Timing Exception:       False Path

    Location             Delay type                Incr(ns)  Path(ns)    Netlist Resource(s)
  -------------------------------------------------------------------    -------------------
                         (clock core_clk_40 rise edge)
                                                      0.000     0.000 r  <hidden>
    H16                                               0.000     0.000 r  clk
                         net (fo=0)                   0.000     0.000    clk
    H16                  IBUF (Prop_ibuf_I_O)         1.451     1.451 r  clk_IBUF_inst/O
                         net (fo=1, routed)           1.285     2.736    clk_IBUF
    MMCME2_ADV_X1Y2      MMCME2_ADV (Prop_mmcme2_adv_CLKIN1_CLKOUT0)
                                                     -7.759    -5.023 r  u_mmcm/CLKOUT0
                         net (fo=1, routed)           2.206    -2.817    clk_40_raw
    BUFGCTRL_X0Y16       BUFG (Prop_bufg_I_O)         0.101    -2.716 r  u_core_clk_bufg/O
                         net (fo=4600, routed)        1.692    -1.024    u_soc/clk_40
    SLICE_X57Y74         FDCE                                         r  u_soc/led_q_reg[2]/C
  -------------------------------------------------------------------    -------------------
    SLICE_X57Y74         FDCE (Prop_fdce_C_Q)         0.456    -0.568 r  u_soc/led_q_reg[2]/Q
                         net (fo=1, routed)           4.241     3.673    led_OBUF[2]
    N16                  OBUF (Prop_obuf_I_O)         3.572     7.245 r  led_OBUF[2]_inst/O
                         net (fo=0)                   0.000     7.245    led[2]
    N16                                                               r  led[2]
  -------------------------------------------------------------------    -------------------





Min Delay Paths
--------------------------------------------------------------------------------------
Slack:                    inf
  Source:                 u_soc/led_q_reg[0]/C
                            (rising edge-triggered cell FDCE clocked by core_clk_40  {rise@0.000ns fall@12.500ns period=25.000ns})
  Destination:            led[0]
                            (output port)
  Path Group:             (none)
  Path Type:              Min at Fast Process Corner
  Data Path Delay:        2.702ns  (logic 1.372ns (50.769%)  route 1.330ns (49.231%))
  Logic Levels:           1  (OBUF=1)
  Clock Uncertainty:      0.175ns  ((TSJ^2 + DJ^2)^1/2) / 2 + PE
    Total System Jitter     (TSJ):    0.050ns
    Discrete Jitter          (DJ):    0.147ns
    Phase Error              (PE):    0.097ns
  Timing Exception:       False Path

    Location             Delay type                Incr(ns)  Path(ns)    Netlist Resource(s)
  -------------------------------------------------------------------    -------------------
                         (clock core_clk_40 rise edge)
                                                      0.000     0.000 r  <hidden>
    H16                                               0.000     0.000 r  clk
                         net (fo=0)                   0.000     0.000    clk
    H16                  IBUF (Prop_ibuf_I_O)         0.219     0.219 r  clk_IBUF_inst/O
                         net (fo=1, routed)           0.440     0.659    clk_IBUF
    MMCME2_ADV_X1Y2      MMCME2_ADV (Prop_mmcme2_adv_CLKIN1_CLKOUT0)
                                                     -2.613    -1.954 r  u_mmcm/CLKOUT0
                         net (fo=1, routed)           0.696    -1.257    clk_40_raw
    BUFGCTRL_X0Y16       BUFG (Prop_bufg_I_O)         0.026    -1.231 r  u_core_clk_bufg/O
                         net (fo=4600, routed)        0.569    -0.662    u_soc/clk_40
    SLICE_X57Y69         FDCE                                         r  u_soc/led_q_reg[0]/C
  -------------------------------------------------------------------    -------------------
    SLICE_X57Y69         FDCE (Prop_fdce_C_Q)         0.141    -0.521 r  u_soc/led_q_reg[0]/Q
                         net (fo=1, routed)           1.330     0.809    led_OBUF[0]
    R14                  OBUF (Prop_obuf_I_O)         1.231     2.039 r  led_OBUF[0]_inst/O
                         net (fo=0)                   0.000     2.039    led[0]
    R14                                                               r  led[0]
  -------------------------------------------------------------------    -------------------





--------------------------------------------------------------------------------------
Path Group:  (none)
From Clock:  
  To Clock:  core_clk_40

Max Delay             2 Endpoints
Min Delay             2 Endpoints
--------------------------------------------------------------------------------------


Max Delay Paths
--------------------------------------------------------------------------------------
Slack:                    inf
  Source:                 btn0
                            (input port)
  Destination:            reset_pipe_reg[0]/PRE
                            (recovery check against rising-edge clock core_clk_40  {rise@0.000ns fall@12.500ns period=25.000ns})
  Path Group:             (none)
  Path Type:              Recovery (Max at Slow Process Corner)
  Data Path Delay:        4.431ns  (logic 1.587ns (35.824%)  route 2.844ns (64.176%))
  Logic Levels:           2  (IBUF=1 LUT2=1)
  Clock Path Skew:        -1.310ns (DCD - SCD + CPR)
    Destination Clock Delay (DCD):    -1.310ns
    Source Clock Delay      (SCD):    0.000ns
    Clock Pessimism Removal (CPR):    0.000ns
  Clock Uncertainty:      0.175ns  ((TSJ^2 + DJ^2)^1/2) / 2 + PE
    Total System Jitter     (TSJ):    0.050ns
    Discrete Jitter          (DJ):    0.147ns
    Phase Error              (PE):    0.097ns
  Timing Exception:       False Path

    Location             Delay type                Incr(ns)  Path(ns)    Netlist Resource(s)
  -------------------------------------------------------------------    -------------------
    D19                                               0.000     0.000 f  btn0
                         net (fo=0)                   0.000     0.000    btn0
    D19                  IBUF (Prop_ibuf_I_O)         1.463     1.463 f  btn0_IBUF_inst/O
                         net (fo=2, routed)           2.319     3.782    btn0_IBUF
    SLICE_X113Y107       LUT2 (Prop_lut2_I0_O)        0.124     3.906 f  reset_pipe[1]_i_1/O
                         net (fo=2, routed)           0.525     4.431    reset_async
    SLICE_X110Y107       FDPE                                         f  reset_pipe_reg[0]/PRE
  -------------------------------------------------------------------    -------------------

                         (clock core_clk_40 rise edge)
                                                      0.000     0.000 r  <hidden>
    H16                                               0.000     0.000 r  clk
                         net (fo=0)                   0.000     0.000    clk
    H16                  IBUF (Prop_ibuf_I_O)         1.380     1.380 r  clk_IBUF_inst/O
                         net (fo=1, routed)           1.162     2.542    clk_IBUF
    MMCME2_ADV_X1Y2      MMCME2_ADV (Prop_mmcme2_adv_CLKIN1_CLKOUT0)
                                                     -7.814    -5.272 r  u_mmcm/CLKOUT0
                         net (fo=1, routed)           2.012    -3.260    clk_40_raw
    BUFGCTRL_X0Y16       BUFG (Prop_bufg_I_O)         0.091    -3.169 r  u_core_clk_bufg/O
                         net (fo=4600, routed)        1.859    -1.310    clk_40
    SLICE_X110Y107       FDPE                                         r  reset_pipe_reg[0]/C





Min Delay Paths
--------------------------------------------------------------------------------------
Slack:                    inf
  Source:                 btn0
                            (input port)
  Destination:            reset_pipe_reg[0]/PRE
                            (removal check against rising-edge clock core_clk_40  {rise@0.000ns fall@12.500ns period=25.000ns})
  Path Group:             (none)
  Path Type:              Removal (Min at Fast Process Corner)
  Data Path Delay:        1.394ns  (logic 0.276ns (19.826%)  route 1.118ns (80.174%))
  Logic Levels:           2  (IBUF=1 LUT2=1)
  Clock Path Skew:        -0.747ns (DCD - SCD - CPR)
    Destination Clock Delay (DCD):    -0.747ns
    Source Clock Delay      (SCD):    0.000ns
    Clock Pessimism Removal (CPR):    -0.000ns
  Timing Exception:       False Path

    Location             Delay type                Incr(ns)  Path(ns)    Netlist Resource(s)
  -------------------------------------------------------------------    -------------------
    D19                                               0.000     0.000 f  btn0
                         net (fo=0)                   0.000     0.000    btn0
    D19                  IBUF (Prop_ibuf_I_O)         0.231     0.231 f  btn0_IBUF_inst/O
                         net (fo=2, routed)           0.950     1.181    btn0_IBUF
    SLICE_X113Y107       LUT2 (Prop_lut2_I0_O)        0.045     1.226 f  reset_pipe[1]_i_1/O
                         net (fo=2, routed)           0.168     1.394    reset_async
    SLICE_X110Y107       FDPE                                         f  reset_pipe_reg[0]/PRE
  -------------------------------------------------------------------    -------------------

                         (clock core_clk_40 rise edge)
                                                      0.000     0.000 r  <hidden>
    H16                                               0.000     0.000 r  clk
                         net (fo=0)                   0.000     0.000    clk
    H16                  IBUF (Prop_ibuf_I_O)         0.406     0.406 r  clk_IBUF_inst/O
                         net (fo=1, routed)           0.480     0.886    clk_IBUF
    MMCME2_ADV_X1Y2      MMCME2_ADV (Prop_mmcme2_adv_CLKIN1_CLKOUT0)
                                                     -3.407    -2.521 r  u_mmcm/CLKOUT0
                         net (fo=1, routed)           0.752    -1.769    clk_40_raw
    BUFGCTRL_X0Y16       BUFG (Prop_bufg_I_O)         0.029    -1.740 r  u_core_clk_bufg/O
                         net (fo=4600, routed)        0.993    -0.747    clk_40
    SLICE_X110Y107       FDPE                                         r  reset_pipe_reg[0]/C





--------------------------------------------------------------------------------------
Path Group:  (none)
From Clock:  
  To Clock:  core_clk_40

Max Delay             2 Endpoints
Min Delay             2 Endpoints
--------------------------------------------------------------------------------------


Max Delay Paths
--------------------------------------------------------------------------------------
Slack:                    inf
  Source:                 u_mmcm/LOCKED
                            (internal pin)
  Destination:            reset_pipe_reg[0]/PRE
                            (recovery check against rising-edge clock core_clk_40  {rise@0.000ns fall@12.500ns period=25.000ns})
  Path Group:             (none)
  Path Type:              Recovery (Max at Slow Process Corner)
  Data Path Delay:        1.702ns  (logic 0.124ns (7.287%)  route 1.578ns (92.713%))
  Logic Levels:           1  (LUT2=1)
  Clock Uncertainty:      0.175ns  ((TSJ^2 + DJ^2)^1/2) / 2 + PE
    Total System Jitter     (TSJ):    0.050ns
    Discrete Jitter          (DJ):    0.147ns
    Phase Error              (PE):    0.097ns

    Location             Delay type                Incr(ns)  Path(ns)    Netlist Resource(s)
  -------------------------------------------------------------------    -------------------
    MMCME2_ADV_X1Y2      MMCME2_ADV                   0.000     0.000 r  u_mmcm/LOCKED
                         net (fo=1, routed)           1.053     1.053    mmcm_locked
    SLICE_X113Y107       LUT2 (Prop_lut2_I1_O)        0.124     1.177 f  reset_pipe[1]_i_1/O
                         net (fo=2, routed)           0.525     1.702    reset_async
    SLICE_X110Y107       FDPE                                         f  reset_pipe_reg[0]/PRE
  -------------------------------------------------------------------    -------------------

                         (clock core_clk_40 rise edge)
                                                      0.000     0.000 r  <hidden>
    H16                                               0.000     0.000 r  clk
                         net (fo=0)                   0.000     0.000    clk
    H16                  IBUF (Prop_ibuf_I_O)         1.380     1.380 r  clk_IBUF_inst/O
                         net (fo=1, routed)           1.162     2.542    clk_IBUF
    MMCME2_ADV_X1Y2      MMCME2_ADV (Prop_mmcme2_adv_CLKIN1_CLKOUT0)
                                                     -7.814    -5.272 r  u_mmcm/CLKOUT0
                         net (fo=1, routed)           2.012    -3.260    clk_40_raw
    BUFGCTRL_X0Y16       BUFG (Prop_bufg_I_O)         0.091    -3.169 r  u_core_clk_bufg/O
                         net (fo=4600, routed)        1.859    -1.310    clk_40
    SLICE_X110Y107       FDPE                                         r  reset_pipe_reg[0]/C





Min Delay Paths
--------------------------------------------------------------------------------------
Slack:                    inf
  Source:                 u_mmcm/LOCKED
                            (internal pin)
  Destination:            reset_pipe_reg[0]/PRE
                            (removal check against rising-edge clock core_clk_40  {rise@0.000ns fall@12.500ns period=25.000ns})
  Path Group:             (none)
  Path Type:              Removal (Min at Fast Process Corner)
  Data Path Delay:        0.628ns  (logic 0.045ns (7.169%)  route 0.583ns (92.831%))
  Logic Levels:           1  (LUT2=1)
  Clock Uncertainty:      0.175ns  ((TSJ^2 + DJ^2)^1/2) / 2 + PE
    Total System Jitter     (TSJ):    0.050ns
    Discrete Jitter          (DJ):    0.147ns
    Phase Error              (PE):    0.097ns

    Location             Delay type                Incr(ns)  Path(ns)    Netlist Resource(s)
  -------------------------------------------------------------------    -------------------
    MMCME2_ADV_X1Y2      MMCME2_ADV                   0.000     0.000 r  u_mmcm/LOCKED
                         net (fo=1, routed)           0.415     0.415    mmcm_locked
    SLICE_X113Y107       LUT2 (Prop_lut2_I1_O)        0.045     0.460 f  reset_pipe[1]_i_1/O
                         net (fo=2, routed)           0.168     0.628    reset_async
    SLICE_X110Y107       FDPE                                         f  reset_pipe_reg[0]/PRE
  -------------------------------------------------------------------    -------------------

                         (clock core_clk_40 rise edge)
                                                      0.000     0.000 r  <hidden>
    H16                                               0.000     0.000 r  clk
                         net (fo=0)                   0.000     0.000    clk
    H16                  IBUF (Prop_ibuf_I_O)         0.406     0.406 r  clk_IBUF_inst/O
                         net (fo=1, routed)           0.480     0.886    clk_IBUF
    MMCME2_ADV_X1Y2      MMCME2_ADV (Prop_mmcme2_adv_CLKIN1_CLKOUT0)
                                                     -3.407    -2.521 r  u_mmcm/CLKOUT0
                         net (fo=1, routed)           0.752    -1.769    clk_40_raw
    BUFGCTRL_X0Y16       BUFG (Prop_bufg_I_O)         0.029    -1.740 r  u_core_clk_bufg/O
                         net (fo=4600, routed)        0.993    -0.747    clk_40
    SLICE_X110Y107       FDPE                                         r  reset_pipe_reg[0]/C





