Copyright 1986-2022 Xilinx, Inc. All Rights Reserved. Copyright 2022-2026 Advanced Micro Devices, Inc. All Rights Reserved.
---------------------------------------------------------------------------------------------------------------------------------------------
| Tool Version : Vivado v.2026.1 (win64) Build 6511674 Tue Jun 16 11:02:23 MDT 2026
| Date         : Sun Sep 27 00:24:47 2026
| Host         : Walter-Cooper running 64-bit major release  (build 9200)
| Command      : report_drc -file D:/Desktop/contests/2026fpga/FPGA-Alittle-Design/build/reports/soc_drc_impl.rpt
| Design       : pynq_z2_top
| Device       : xc7z020clg400-1
| Speed File   : -1
| Design State : Fully Routed
---------------------------------------------------------------------------------------------------------------------------------------------

Report DRC

Table of Contents
-----------------
1. REPORT SUMMARY
2. REPORT DETAILS

1. REPORT SUMMARY
-----------------
            Netlist: pynq_z2_top
          Floorplan: design_1
      Design limits: <entire design considered>
           Ruledeck: default
             Max checks: <unlimited>
             Checks found: 22
+-----------+----------+----------------------------+--------+
| Rule      | Severity | Description                | Checks |
+-----------+----------+----------------------------+--------+
| CHECK-3   | Warning  | Report rule limit reached  | 1      |
| REQP-1839 | Warning  | RAMB36 async control check | 20     |
| ZPS7-1    | Warning  | PS7 block required         | 1      |
+-----------+----------+----------------------------+--------+

2. REPORT DETAILS
-----------------
CHECK-3#1 Warning
Report rule limit reached  
REQP-1839 rule limit reached: 20 violations have been found.
Related violations: <none>

REQP-1839#1 Warning
RAMB36 async control check  
The RAMB36E1 u_soc/u_imem/rdata_reg_0 has an input control pin u_soc/u_imem/rdata_reg_0/ADDRARDADDR[10] (net: u_soc/u_imem/pc[8]) which is driven by a register (u_soc/u_core/u_pc/pc_reg[10]) that has an active asychronous set or reset. This may cause corruption of the memory contents and/or read values when the set/reset is asserted and is not analyzed by the default static timing analysis. It is suggested to eliminate the use of a set/reset to registers driving this RAMB pin or else use a synchronous reset in which the assertion of the reset is timed by default.
Related violations: <none>

REQP-1839#2 Warning
RAMB36 async control check  
The RAMB36E1 u_soc/u_imem/rdata_reg_0 has an input control pin u_soc/u_imem/rdata_reg_0/ADDRARDADDR[11] (net: u_soc/u_imem/pc[9]) which is driven by a register (u_soc/u_core/u_pc/pc_reg[11]) that has an active asychronous set or reset. This may cause corruption of the memory contents and/or read values when the set/reset is asserted and is not analyzed by the default static timing analysis. It is suggested to eliminate the use of a set/reset to registers driving this RAMB pin or else use a synchronous reset in which the assertion of the reset is timed by default.
Related violations: <none>

REQP-1839#3 Warning
RAMB36 async control check  
The RAMB36E1 u_soc/u_imem/rdata_reg_0 has an input control pin u_soc/u_imem/rdata_reg_0/ADDRARDADDR[12] (net: u_soc/u_imem/pc[10]) which is driven by a register (u_soc/u_core/u_pc/pc_reg[12]) that has an active asychronous set or reset. This may cause corruption of the memory contents and/or read values when the set/reset is asserted and is not analyzed by the default static timing analysis. It is suggested to eliminate the use of a set/reset to registers driving this RAMB pin or else use a synchronous reset in which the assertion of the reset is timed by default.
Related violations: <none>

REQP-1839#4 Warning
RAMB36 async control check  
The RAMB36E1 u_soc/u_imem/rdata_reg_0 has an input control pin u_soc/u_imem/rdata_reg_0/ADDRARDADDR[13] (net: u_soc/u_imem/pc[11]) which is driven by a register (u_soc/u_core/u_pc/pc_reg[13]) that has an active asychronous set or reset. This may cause corruption of the memory contents and/or read values when the set/reset is asserted and is not analyzed by the default static timing analysis. It is suggested to eliminate the use of a set/reset to registers driving this RAMB pin or else use a synchronous reset in which the assertion of the reset is timed by default.
Related violations: <none>

REQP-1839#5 Warning
RAMB36 async control check  
The RAMB36E1 u_soc/u_imem/rdata_reg_0 has an input control pin u_soc/u_imem/rdata_reg_0/ADDRARDADDR[14] (net: u_soc/u_imem/pc[12]) which is driven by a register (u_soc/u_core/u_pc/pc_reg[14]) that has an active asychronous set or reset. This may cause corruption of the memory contents and/or read values when the set/reset is asserted and is not analyzed by the default static timing analysis. It is suggested to eliminate the use of a set/reset to registers driving this RAMB pin or else use a synchronous reset in which the assertion of the reset is timed by default.
Related violations: <none>

REQP-1839#6 Warning
RAMB36 async control check  
The RAMB36E1 u_soc/u_imem/rdata_reg_0 has an input control pin u_soc/u_imem/rdata_reg_0/ADDRARDADDR[2] (net: u_soc/u_imem/pc[0]) which is driven by a register (u_soc/u_core/u_pc/pc_reg[2]) that has an active asychronous set or reset. This may cause corruption of the memory contents and/or read values when the set/reset is asserted and is not analyzed by the default static timing analysis. It is suggested to eliminate the use of a set/reset to registers driving this RAMB pin or else use a synchronous reset in which the assertion of the reset is timed by default.
Related violations: <none>

REQP-1839#7 Warning
RAMB36 async control check  
The RAMB36E1 u_soc/u_imem/rdata_reg_0 has an input control pin u_soc/u_imem/rdata_reg_0/ADDRARDADDR[3] (net: u_soc/u_imem/pc[1]) which is driven by a register (u_soc/u_core/u_pc/pc_reg[3]) that has an active asychronous set or reset. This may cause corruption of the memory contents and/or read values when the set/reset is asserted and is not analyzed by the default static timing analysis. It is suggested to eliminate the use of a set/reset to registers driving this RAMB pin or else use a synchronous reset in which the assertion of the reset is timed by default.
Related violations: <none>

REQP-1839#8 Warning
RAMB36 async control check  
The RAMB36E1 u_soc/u_imem/rdata_reg_0 has an input control pin u_soc/u_imem/rdata_reg_0/ADDRARDADDR[4] (net: u_soc/u_imem/pc[2]) which is driven by a register (u_soc/u_core/u_pc/pc_reg[4]) that has an active asychronous set or reset. This may cause corruption of the memory contents and/or read values when the set/reset is asserted and is not analyzed by the default static timing analysis. It is suggested to eliminate the use of a set/reset to registers driving this RAMB pin or else use a synchronous reset in which the assertion of the reset is timed by default.
Related violations: <none>

REQP-1839#9 Warning
RAMB36 async control check  
The RAMB36E1 u_soc/u_imem/rdata_reg_0 has an input control pin u_soc/u_imem/rdata_reg_0/ADDRARDADDR[5] (net: u_soc/u_imem/pc[3]) which is driven by a register (u_soc/u_core/u_pc/pc_reg[5]) that has an active asychronous set or reset. This may cause corruption of the memory contents and/or read values when the set/reset is asserted and is not analyzed by the default static timing analysis. It is suggested to eliminate the use of a set/reset to registers driving this RAMB pin or else use a synchronous reset in which the assertion of the reset is timed by default.
Related violations: <none>

REQP-1839#10 Warning
RAMB36 async control check  
The RAMB36E1 u_soc/u_imem/rdata_reg_0 has an input control pin u_soc/u_imem/rdata_reg_0/ADDRARDADDR[6] (net: u_soc/u_imem/pc[4]) which is driven by a register (u_soc/u_core/u_pc/pc_reg[6]) that has an active asychronous set or reset. This may cause corruption of the memory contents and/or read values when the set/reset is asserted and is not analyzed by the default static timing analysis. It is suggested to eliminate the use of a set/reset to registers driving this RAMB pin or else use a synchronous reset in which the assertion of the reset is timed by default.
Related violations: <none>

REQP-1839#11 Warning
RAMB36 async control check  
The RAMB36E1 u_soc/u_imem/rdata_reg_0 has an input control pin u_soc/u_imem/rdata_reg_0/ADDRARDADDR[7] (net: u_soc/u_imem/pc[5]) which is driven by a register (u_soc/u_core/u_pc/pc_reg[7]) that has an active asychronous set or reset. This may cause corruption of the memory contents and/or read values when the set/reset is asserted and is not analyzed by the default static timing analysis. It is suggested to eliminate the use of a set/reset to registers driving this RAMB pin or else use a synchronous reset in which the assertion of the reset is timed by default.
Related violations: <none>

REQP-1839#12 Warning
RAMB36 async control check  
The RAMB36E1 u_soc/u_imem/rdata_reg_0 has an input control pin u_soc/u_imem/rdata_reg_0/ADDRARDADDR[8] (net: u_soc/u_imem/pc[6]) which is driven by a register (u_soc/u_core/u_pc/pc_reg[8]) that has an active asychronous set or reset. This may cause corruption of the memory contents and/or read values when the set/reset is asserted and is not analyzed by the default static timing analysis. It is suggested to eliminate the use of a set/reset to registers driving this RAMB pin or else use a synchronous reset in which the assertion of the reset is timed by default.
Related violations: <none>

REQP-1839#13 Warning
RAMB36 async control check  
The RAMB36E1 u_soc/u_imem/rdata_reg_0 has an input control pin u_soc/u_imem/rdata_reg_0/ADDRARDADDR[9] (net: u_soc/u_imem/pc[7]) which is driven by a register (u_soc/u_core/u_pc/pc_reg[9]) that has an active asychronous set or reset. This may cause corruption of the memory contents and/or read values when the set/reset is asserted and is not analyzed by the default static timing analysis. It is suggested to eliminate the use of a set/reset to registers driving this RAMB pin or else use a synchronous reset in which the assertion of the reset is timed by default.
Related violations: <none>

REQP-1839#14 Warning
RAMB36 async control check  
The RAMB36E1 u_soc/u_imem/rdata_reg_0 has an input control pin u_soc/u_imem/rdata_reg_0/ENARDEN (net: u_soc/u_imem/rdata_reg_0_ENARDEN_cooolgate_en_sig_2) which is driven by a register (reset_pipe_reg[1]) that has an active asychronous set or reset. This may cause corruption of the memory contents and/or read values when the set/reset is asserted and is not analyzed by the default static timing analysis. It is suggested to eliminate the use of a set/reset to registers driving this RAMB pin or else use a synchronous reset in which the assertion of the reset is timed by default.
Related violations: <none>

REQP-1839#15 Warning
RAMB36 async control check  
The RAMB36E1 u_soc/u_imem/rdata_reg_1 has an input control pin u_soc/u_imem/rdata_reg_1/ADDRARDADDR[10] (net: u_soc/u_imem/pc[8]) which is driven by a register (u_soc/u_core/u_pc/pc_reg[10]) that has an active asychronous set or reset. This may cause corruption of the memory contents and/or read values when the set/reset is asserted and is not analyzed by the default static timing analysis. It is suggested to eliminate the use of a set/reset to registers driving this RAMB pin or else use a synchronous reset in which the assertion of the reset is timed by default.
Related violations: <none>

REQP-1839#16 Warning
RAMB36 async control check  
The RAMB36E1 u_soc/u_imem/rdata_reg_1 has an input control pin u_soc/u_imem/rdata_reg_1/ADDRARDADDR[11] (net: u_soc/u_imem/pc[9]) which is driven by a register (u_soc/u_core/u_pc/pc_reg[11]) that has an active asychronous set or reset. This may cause corruption of the memory contents and/or read values when the set/reset is asserted and is not analyzed by the default static timing analysis. It is suggested to eliminate the use of a set/reset to registers driving this RAMB pin or else use a synchronous reset in which the assertion of the reset is timed by default.
Related violations: <none>

REQP-1839#17 Warning
RAMB36 async control check  
The RAMB36E1 u_soc/u_imem/rdata_reg_1 has an input control pin u_soc/u_imem/rdata_reg_1/ADDRARDADDR[12] (net: u_soc/u_imem/pc[10]) which is driven by a register (u_soc/u_core/u_pc/pc_reg[12]) that has an active asychronous set or reset. This may cause corruption of the memory contents and/or read values when the set/reset is asserted and is not analyzed by the default static timing analysis. It is suggested to eliminate the use of a set/reset to registers driving this RAMB pin or else use a synchronous reset in which the assertion of the reset is timed by default.
Related violations: <none>

REQP-1839#18 Warning
RAMB36 async control check  
The RAMB36E1 u_soc/u_imem/rdata_reg_1 has an input control pin u_soc/u_imem/rdata_reg_1/ADDRARDADDR[13] (net: u_soc/u_imem/pc[11]) which is driven by a register (u_soc/u_core/u_pc/pc_reg[13]) that has an active asychronous set or reset. This may cause corruption of the memory contents and/or read values when the set/reset is asserted and is not analyzed by the default static timing analysis. It is suggested to eliminate the use of a set/reset to registers driving this RAMB pin or else use a synchronous reset in which the assertion of the reset is timed by default.
Related violations: <none>

REQP-1839#19 Warning
RAMB36 async control check  
The RAMB36E1 u_soc/u_imem/rdata_reg_1 has an input control pin u_soc/u_imem/rdata_reg_1/ADDRARDADDR[14] (net: u_soc/u_imem/pc[12]) which is driven by a register (u_soc/u_core/u_pc/pc_reg[14]) that has an active asychronous set or reset. This may cause corruption of the memory contents and/or read values when the set/reset is asserted and is not analyzed by the default static timing analysis. It is suggested to eliminate the use of a set/reset to registers driving this RAMB pin or else use a synchronous reset in which the assertion of the reset is timed by default.
Related violations: <none>

REQP-1839#20 Warning
RAMB36 async control check  
The RAMB36E1 u_soc/u_imem/rdata_reg_1 has an input control pin u_soc/u_imem/rdata_reg_1/ADDRARDADDR[9] (net: u_soc/u_imem/pc[7]) which is driven by a register (u_soc/u_core/u_pc/pc_reg[9]) that has an active asychronous set or reset. This may cause corruption of the memory contents and/or read values when the set/reset is asserted and is not analyzed by the default static timing analysis. It is suggested to eliminate the use of a set/reset to registers driving this RAMB pin or else use a synchronous reset in which the assertion of the reset is timed by default.
Related violations: <none>

ZPS7-1#1 Warning
PS7 block required  
The PS7 cell must be used in this Zynq design in order to enable correct default configuration.
Related violations: <none>


