Copyright 1986-2022 Xilinx, Inc. All Rights Reserved. Copyright 2022-2026 Advanced Micro Devices, Inc. All Rights Reserved.
------------------------------------------------------------------------------------------------------------------------------------------------
| Tool Version : Vivado v.2026.1 (win64) Build 6511674 Tue Jun 16 11:02:23 MDT 2026
| Date         : Wed Oct  7 17:51:37 2026
| Host         : never-die-cold running 64-bit major release  (build 9200)
| Command      : report_drc -file E:/Projects/FPGA-Alittle-Design/data/logs/2026-10-07-module1-closure/ooc-complete/v1_fwd_10ns_postopt/drc.rpt
| Design       : core_top
| Device       : xc7z020clg400-1
| Speed File   : -1
| Design State : Fully Routed
------------------------------------------------------------------------------------------------------------------------------------------------

Report DRC

Table of Contents
-----------------
1. REPORT SUMMARY
2. REPORT DETAILS

1. REPORT SUMMARY
-----------------
            Netlist: netlist
          Floorplan: checkpoint_post_route
      Design limits: <entire design considered>
           Ruledeck: default
             Max checks: <unlimited>
             Checks found: 2
+-----------+----------+--------------------+--------+
| Rule      | Severity | Description        | Checks |
+-----------+----------+--------------------+--------+
| RTSTAT-10 | Warning  | No routable loads  | 1      |
| ZPS7-1    | Warning  | PS7 block required | 1      |
+-----------+----------+--------------------+--------+

2. REPORT DETAILS
-----------------
RTSTAT-10#1 Warning
No routable loads  
59 net(s) have no routable loads. The problem bus(es) and/or net(s) are u_mem_wb/dmem_be[3:0], u_mem_wb/dmem_wdata[10], u_mem_wb/dmem_wdata[11],
u_mem_wb/dmem_wdata[12], u_mem_wb/dmem_wdata[13], u_mem_wb/dmem_wdata[14],
u_mem_wb/dmem_wdata[15], u_mem_wb/dmem_wdata[16], u_mem_wb/dmem_wdata[17],
u_mem_wb/dmem_wdata[18], u_mem_wb/dmem_wdata[19], u_mem_wb/dmem_wdata[20],
u_mem_wb/dmem_wdata[21], u_mem_wb/dmem_wdata[22], u_mem_wb/dmem_wdata[23]
 (the first 15 of 56 listed).
Related violations: <none>

ZPS7-1#1 Warning
PS7 block required  
The PS7 cell must be used in this Zynq design in order to enable correct default configuration.
Related violations: <none>


