== tb_imem ==
../src/riscv/alu.v:3: warning: timescale for alu inherited from another file.
riscv/tb_imem.v:1: ...: The inherited timescale is here.
../src/riscv/core_top.v:3: warning: timescale for core_top inherited from another file.
riscv/tb_imem.v:1: ...: The inherited timescale is here.
../src/riscv/decode.v:3: warning: timescale for decode inherited from another file.
riscv/tb_imem.v:1: ...: The inherited timescale is here.
../src/riscv/dmem.v:3: warning: timescale for dmem inherited from another file.
riscv/tb_imem.v:1: ...: The inherited timescale is here.
../src/riscv/forwarding.v:2: warning: timescale for forwarding inherited from another file.
riscv/tb_imem.v:1: ...: The inherited timescale is here.
../src/riscv/hazard.v:2: warning: timescale for hazard inherited from another file.
riscv/tb_imem.v:1: ...: The inherited timescale is here.
../src/riscv/id_ex_stage.v:2: warning: timescale for id_ex_stage inherited from another file.
riscv/tb_imem.v:1: ...: The inherited timescale is here.
../src/riscv/if_stage.v:4: warning: timescale for if_stage inherited from another file.
riscv/tb_imem.v:1: ...: The inherited timescale is here.
../src/riscv/imem.v:3: warning: timescale for imem inherited from another file.
riscv/tb_imem.v:1: ...: The inherited timescale is here.
../src/riscv/mem_wb_stage.v:2: warning: timescale for mem_wb_stage inherited from another file.
riscv/tb_imem.v:1: ...: The inherited timescale is here.
../src/riscv/muldiv.v:3: warning: timescale for muldiv inherited from another file.
riscv/tb_imem.v:1: ...: The inherited timescale is here.
../src/riscv/pc.v:3: warning: timescale for pc inherited from another file.
riscv/tb_imem.v:1: ...: The inherited timescale is here.
../src/riscv/pynq_z2_top.v:3: warning: timescale for pynq_z2_top inherited from another file.
riscv/tb_imem.v:1: ...: The inherited timescale is here.
../src/riscv/regfile.v:3: warning: timescale for regfile inherited from another file.
riscv/tb_imem.v:1: ...: The inherited timescale is here.
../src/riscv/soc_top.v:3: warning: timescale for soc_top inherited from another file.
riscv/tb_imem.v:1: ...: The inherited timescale is here.
WARNING: ../src/riscv/imem.v:19: $readmemh(../src/riscv_fw/hello.hex): Not enough words in the file for the requested range [0:8191].
PASS: imem preload, synchronous read and addr[14:2] indexing
riscv/tb_imem.v:44: $finish called at 26000 (1ps)
== tb_dmem ==
../src/riscv/alu.v:3: warning: timescale for alu inherited from another file.
riscv/tb_dmem.v:1: ...: The inherited timescale is here.
../src/riscv/core_top.v:3: warning: timescale for core_top inherited from another file.
riscv/tb_dmem.v:1: ...: The inherited timescale is here.
../src/riscv/decode.v:3: warning: timescale for decode inherited from another file.
riscv/tb_dmem.v:1: ...: The inherited timescale is here.
../src/riscv/dmem.v:3: warning: timescale for dmem inherited from another file.
riscv/tb_dmem.v:1: ...: The inherited timescale is here.
../src/riscv/forwarding.v:2: warning: timescale for forwarding inherited from another file.
riscv/tb_dmem.v:1: ...: The inherited timescale is here.
../src/riscv/hazard.v:2: warning: timescale for hazard inherited from another file.
riscv/tb_dmem.v:1: ...: The inherited timescale is here.
../src/riscv/id_ex_stage.v:2: warning: timescale for id_ex_stage inherited from another file.
riscv/tb_dmem.v:1: ...: The inherited timescale is here.
../src/riscv/if_stage.v:4: warning: timescale for if_stage inherited from another file.
riscv/tb_dmem.v:1: ...: The inherited timescale is here.
../src/riscv/imem.v:3: warning: timescale for imem inherited from another file.
riscv/tb_dmem.v:1: ...: The inherited timescale is here.
../src/riscv/mem_wb_stage.v:2: warning: timescale for mem_wb_stage inherited from another file.
riscv/tb_dmem.v:1: ...: The inherited timescale is here.
../src/riscv/muldiv.v:3: warning: timescale for muldiv inherited from another file.
riscv/tb_dmem.v:1: ...: The inherited timescale is here.
../src/riscv/pc.v:3: warning: timescale for pc inherited from another file.
riscv/tb_dmem.v:1: ...: The inherited timescale is here.
../src/riscv/pynq_z2_top.v:3: warning: timescale for pynq_z2_top inherited from another file.
riscv/tb_dmem.v:1: ...: The inherited timescale is here.
../src/riscv/regfile.v:3: warning: timescale for regfile inherited from another file.
riscv/tb_dmem.v:1: ...: The inherited timescale is here.
../src/riscv/soc_top.v:3: warning: timescale for soc_top inherited from another file.
riscv/tb_dmem.v:1: ...: The inherited timescale is here.
PASS: dmem async read, byte writes and addr[14:2] indexing
riscv/tb_dmem.v:53: $finish called at 37000 (1ps)
== tb_core_smoke ==
../src/riscv/alu.v:3: warning: timescale for alu inherited from another file.
riscv/tb_core_smoke.v:1: ...: The inherited timescale is here.
../src/riscv/core_top.v:3: warning: timescale for core_top inherited from another file.
riscv/tb_core_smoke.v:1: ...: The inherited timescale is here.
../src/riscv/decode.v:3: warning: timescale for decode inherited from another file.
riscv/tb_core_smoke.v:1: ...: The inherited timescale is here.
../src/riscv/dmem.v:3: warning: timescale for dmem inherited from another file.
riscv/tb_core_smoke.v:1: ...: The inherited timescale is here.
../src/riscv/forwarding.v:2: warning: timescale for forwarding inherited from another file.
riscv/tb_core_smoke.v:1: ...: The inherited timescale is here.
../src/riscv/hazard.v:2: warning: timescale for hazard inherited from another file.
riscv/tb_core_smoke.v:1: ...: The inherited timescale is here.
../src/riscv/id_ex_stage.v:2: warning: timescale for id_ex_stage inherited from another file.
riscv/tb_core_smoke.v:1: ...: The inherited timescale is here.
../src/riscv/if_stage.v:4: warning: timescale for if_stage inherited from another file.
riscv/tb_core_smoke.v:1: ...: The inherited timescale is here.
../src/riscv/imem.v:3: warning: timescale for imem inherited from another file.
riscv/tb_core_smoke.v:1: ...: The inherited timescale is here.
../src/riscv/mem_wb_stage.v:2: warning: timescale for mem_wb_stage inherited from another file.
riscv/tb_core_smoke.v:1: ...: The inherited timescale is here.
../src/riscv/muldiv.v:3: warning: timescale for muldiv inherited from another file.
riscv/tb_core_smoke.v:1: ...: The inherited timescale is here.
../src/riscv/pc.v:3: warning: timescale for pc inherited from another file.
riscv/tb_core_smoke.v:1: ...: The inherited timescale is here.
../src/riscv/pynq_z2_top.v:3: warning: timescale for pynq_z2_top inherited from another file.
riscv/tb_core_smoke.v:1: ...: The inherited timescale is here.
../src/riscv/regfile.v:3: warning: timescale for regfile inherited from another file.
riscv/tb_core_smoke.v:1: ...: The inherited timescale is here.
../src/riscv/soc_top.v:3: warning: timescale for soc_top inherited from another file.
riscv/tb_core_smoke.v:1: ...: The inherited timescale is here.
WARNING: riscv/tb_core_smoke.v:38: $readmemh(../src/riscv_fw/hello_v0.hex): Not enough words in the file for the requested range [0:8191].
VCD info: dumpfile tb_core_smoke.vcd opened for output.
PASS: tohost = 13 (0x0000000d), tohost_exit = 0
riscv/tb_core_smoke.v:92: $finish called at 40075000 (1ps)
== tb_core_test ==
../src/riscv/alu.v:3: warning: timescale for alu inherited from another file.
riscv/tb_core_test.v:1: ...: The inherited timescale is here.
../src/riscv/core_top.v:3: warning: timescale for core_top inherited from another file.
riscv/tb_core_test.v:1: ...: The inherited timescale is here.
../src/riscv/decode.v:3: warning: timescale for decode inherited from another file.
riscv/tb_core_test.v:1: ...: The inherited timescale is here.
../src/riscv/dmem.v:3: warning: timescale for dmem inherited from another file.
riscv/tb_core_test.v:1: ...: The inherited timescale is here.
../src/riscv/forwarding.v:2: warning: timescale for forwarding inherited from another file.
riscv/tb_core_test.v:1: ...: The inherited timescale is here.
../src/riscv/hazard.v:2: warning: timescale for hazard inherited from another file.
riscv/tb_core_test.v:1: ...: The inherited timescale is here.
../src/riscv/id_ex_stage.v:2: warning: timescale for id_ex_stage inherited from another file.
riscv/tb_core_test.v:1: ...: The inherited timescale is here.
../src/riscv/if_stage.v:4: warning: timescale for if_stage inherited from another file.
riscv/tb_core_test.v:1: ...: The inherited timescale is here.
../src/riscv/imem.v:3: warning: timescale for imem inherited from another file.
riscv/tb_core_test.v:1: ...: The inherited timescale is here.
../src/riscv/mem_wb_stage.v:2: warning: timescale for mem_wb_stage inherited from another file.
riscv/tb_core_test.v:1: ...: The inherited timescale is here.
../src/riscv/muldiv.v:3: warning: timescale for muldiv inherited from another file.
riscv/tb_core_test.v:1: ...: The inherited timescale is here.
../src/riscv/pc.v:3: warning: timescale for pc inherited from another file.
riscv/tb_core_test.v:1: ...: The inherited timescale is here.
../src/riscv/pynq_z2_top.v:3: warning: timescale for pynq_z2_top inherited from another file.
riscv/tb_core_test.v:1: ...: The inherited timescale is here.
../src/riscv/regfile.v:3: warning: timescale for regfile inherited from another file.
riscv/tb_core_test.v:1: ...: The inherited timescale is here.
../src/riscv/soc_top.v:3: warning: timescale for soc_top inherited from another file.
riscv/tb_core_test.v:1: ...: The inherited timescale is here.
WARNING: riscv/tb_core_test.v:36: $readmemh(../src/riscv_fw/hello_test.hex): Not enough words in the file for the requested range [0:8191].
VCD info: dumpfile tb_core_test.vcd opened for output.
PASS: all RV32I tests passed (tohost_exit = 0)
riscv/tb_core_test.v:86: $finish called at 100075000 (1ps)
== tb_core_fwd ==
../src/riscv/alu.v:3: warning: timescale for alu inherited from another file.
riscv/tb_core_fwd.v:1: ...: The inherited timescale is here.
../src/riscv/core_top.v:3: warning: timescale for core_top inherited from another file.
riscv/tb_core_fwd.v:1: ...: The inherited timescale is here.
../src/riscv/decode.v:3: warning: timescale for decode inherited from another file.
riscv/tb_core_fwd.v:1: ...: The inherited timescale is here.
../src/riscv/dmem.v:3: warning: timescale for dmem inherited from another file.
riscv/tb_core_fwd.v:1: ...: The inherited timescale is here.
../src/riscv/forwarding.v:2: warning: timescale for forwarding inherited from another file.
riscv/tb_core_fwd.v:1: ...: The inherited timescale is here.
../src/riscv/hazard.v:2: warning: timescale for hazard inherited from another file.
riscv/tb_core_fwd.v:1: ...: The inherited timescale is here.
../src/riscv/id_ex_stage.v:2: warning: timescale for id_ex_stage inherited from another file.
riscv/tb_core_fwd.v:1: ...: The inherited timescale is here.
../src/riscv/if_stage.v:4: warning: timescale for if_stage inherited from another file.
riscv/tb_core_fwd.v:1: ...: The inherited timescale is here.
../src/riscv/imem.v:3: warning: timescale for imem inherited from another file.
riscv/tb_core_fwd.v:1: ...: The inherited timescale is here.
../src/riscv/mem_wb_stage.v:2: warning: timescale for mem_wb_stage inherited from another file.
riscv/tb_core_fwd.v:1: ...: The inherited timescale is here.
../src/riscv/muldiv.v:3: warning: timescale for muldiv inherited from another file.
riscv/tb_core_fwd.v:1: ...: The inherited timescale is here.
../src/riscv/pc.v:3: warning: timescale for pc inherited from another file.
riscv/tb_core_fwd.v:1: ...: The inherited timescale is here.
../src/riscv/pynq_z2_top.v:3: warning: timescale for pynq_z2_top inherited from another file.
riscv/tb_core_fwd.v:1: ...: The inherited timescale is here.
../src/riscv/regfile.v:3: warning: timescale for regfile inherited from another file.
riscv/tb_core_fwd.v:1: ...: The inherited timescale is here.
../src/riscv/soc_top.v:3: warning: timescale for soc_top inherited from another file.
riscv/tb_core_fwd.v:1: ...: The inherited timescale is here.
WARNING: riscv/tb_core_fwd.v:47: $readmemh(riscv/fwd/fwd_test.hex): Not enough words in the file for the requested range [0:8191].
VCD info: dumpfile tb_core_fwd.vcd opened for output.
== fwd phase A (R-type RAW) : cycles=28 bubbles=0 (expect 0)
== fwd phase B (lw->op)     : cycles=22 bubbles=0 (expect 0)
== fwd phase C (taken)      : cycles=26 bubbles=5 (expect 5)
== fwd phase D (not-taken)  : cycles=12 bubbles=0 (expect 0)
PASS: fwd_test 结果全对；气泡 A/B/C/D = 0/0/5/0，总周期 122，总气泡 8
riscv/tb_core_fwd.v:196: $finish called at 1295000 (1ps)
== tb_decode ==
../src/riscv/alu.v:3: warning: timescale for alu inherited from another file.
riscv/tb_decode.v:1: ...: The inherited timescale is here.
../src/riscv/core_top.v:3: warning: timescale for core_top inherited from another file.
riscv/tb_decode.v:1: ...: The inherited timescale is here.
../src/riscv/decode.v:3: warning: timescale for decode inherited from another file.
riscv/tb_decode.v:1: ...: The inherited timescale is here.
../src/riscv/dmem.v:3: warning: timescale for dmem inherited from another file.
riscv/tb_decode.v:1: ...: The inherited timescale is here.
../src/riscv/forwarding.v:2: warning: timescale for forwarding inherited from another file.
riscv/tb_decode.v:1: ...: The inherited timescale is here.
../src/riscv/hazard.v:2: warning: timescale for hazard inherited from another file.
riscv/tb_decode.v:1: ...: The inherited timescale is here.
../src/riscv/id_ex_stage.v:2: warning: timescale for id_ex_stage inherited from another file.
riscv/tb_decode.v:1: ...: The inherited timescale is here.
../src/riscv/if_stage.v:4: warning: timescale for if_stage inherited from another file.
riscv/tb_decode.v:1: ...: The inherited timescale is here.
../src/riscv/imem.v:3: warning: timescale for imem inherited from another file.
riscv/tb_decode.v:1: ...: The inherited timescale is here.
../src/riscv/mem_wb_stage.v:2: warning: timescale for mem_wb_stage inherited from another file.
riscv/tb_decode.v:1: ...: The inherited timescale is here.
../src/riscv/muldiv.v:3: warning: timescale for muldiv inherited from another file.
riscv/tb_decode.v:1: ...: The inherited timescale is here.
../src/riscv/pc.v:3: warning: timescale for pc inherited from another file.
riscv/tb_decode.v:1: ...: The inherited timescale is here.
../src/riscv/pynq_z2_top.v:3: warning: timescale for pynq_z2_top inherited from another file.
riscv/tb_decode.v:1: ...: The inherited timescale is here.
../src/riscv/regfile.v:3: warning: timescale for regfile inherited from another file.
riscv/tb_decode.v:1: ...: The inherited timescale is here.
../src/riscv/soc_top.v:3: warning: timescale for soc_top inherited from another file.
riscv/tb_decode.v:1: ...: The inherited timescale is here.
PASS: decode source-use flags (11 cases)
riscv/tb_decode.v:47: $finish called at 11000 (1ps)
== tb_forwarding ==
../src/riscv/alu.v:3: warning: timescale for alu inherited from another file.
riscv/tb_forwarding.v:1: ...: The inherited timescale is here.
../src/riscv/core_top.v:3: warning: timescale for core_top inherited from another file.
riscv/tb_forwarding.v:1: ...: The inherited timescale is here.
../src/riscv/decode.v:3: warning: timescale for decode inherited from another file.
riscv/tb_forwarding.v:1: ...: The inherited timescale is here.
../src/riscv/dmem.v:3: warning: timescale for dmem inherited from another file.
riscv/tb_forwarding.v:1: ...: The inherited timescale is here.
../src/riscv/forwarding.v:2: warning: timescale for forwarding inherited from another file.
riscv/tb_forwarding.v:1: ...: The inherited timescale is here.
../src/riscv/hazard.v:2: warning: timescale for hazard inherited from another file.
riscv/tb_forwarding.v:1: ...: The inherited timescale is here.
../src/riscv/id_ex_stage.v:2: warning: timescale for id_ex_stage inherited from another file.
riscv/tb_forwarding.v:1: ...: The inherited timescale is here.
../src/riscv/if_stage.v:4: warning: timescale for if_stage inherited from another file.
riscv/tb_forwarding.v:1: ...: The inherited timescale is here.
../src/riscv/imem.v:3: warning: timescale for imem inherited from another file.
riscv/tb_forwarding.v:1: ...: The inherited timescale is here.
../src/riscv/mem_wb_stage.v:2: warning: timescale for mem_wb_stage inherited from another file.
riscv/tb_forwarding.v:1: ...: The inherited timescale is here.
../src/riscv/muldiv.v:3: warning: timescale for muldiv inherited from another file.
riscv/tb_forwarding.v:1: ...: The inherited timescale is here.
../src/riscv/pc.v:3: warning: timescale for pc inherited from another file.
riscv/tb_forwarding.v:1: ...: The inherited timescale is here.
../src/riscv/pynq_z2_top.v:3: warning: timescale for pynq_z2_top inherited from another file.
riscv/tb_forwarding.v:1: ...: The inherited timescale is here.
../src/riscv/regfile.v:3: warning: timescale for regfile inherited from another file.
riscv/tb_forwarding.v:1: ...: The inherited timescale is here.
../src/riscv/soc_top.v:3: warning: timescale for soc_top inherited from another file.
riscv/tb_forwarding.v:1: ...: The inherited timescale is here.
PASS: forwarding unit checks (25 cases)
riscv/tb_forwarding.v:152: $finish called at 22000 (1ps)
== tb_hazard ==
../src/riscv/alu.v:3: warning: timescale for alu inherited from another file.
riscv/tb_hazard.v:1: ...: The inherited timescale is here.
../src/riscv/core_top.v:3: warning: timescale for core_top inherited from another file.
riscv/tb_hazard.v:1: ...: The inherited timescale is here.
../src/riscv/decode.v:3: warning: timescale for decode inherited from another file.
riscv/tb_hazard.v:1: ...: The inherited timescale is here.
../src/riscv/dmem.v:3: warning: timescale for dmem inherited from another file.
riscv/tb_hazard.v:1: ...: The inherited timescale is here.
../src/riscv/forwarding.v:2: warning: timescale for forwarding inherited from another file.
riscv/tb_hazard.v:1: ...: The inherited timescale is here.
../src/riscv/hazard.v:2: warning: timescale for hazard inherited from another file.
riscv/tb_hazard.v:1: ...: The inherited timescale is here.
../src/riscv/id_ex_stage.v:2: warning: timescale for id_ex_stage inherited from another file.
riscv/tb_hazard.v:1: ...: The inherited timescale is here.
../src/riscv/if_stage.v:4: warning: timescale for if_stage inherited from another file.
riscv/tb_hazard.v:1: ...: The inherited timescale is here.
../src/riscv/imem.v:3: warning: timescale for imem inherited from another file.
riscv/tb_hazard.v:1: ...: The inherited timescale is here.
../src/riscv/mem_wb_stage.v:2: warning: timescale for mem_wb_stage inherited from another file.
riscv/tb_hazard.v:1: ...: The inherited timescale is here.
../src/riscv/muldiv.v:3: warning: timescale for muldiv inherited from another file.
riscv/tb_hazard.v:1: ...: The inherited timescale is here.
../src/riscv/pc.v:3: warning: timescale for pc inherited from another file.
riscv/tb_hazard.v:1: ...: The inherited timescale is here.
../src/riscv/pynq_z2_top.v:3: warning: timescale for pynq_z2_top inherited from another file.
riscv/tb_hazard.v:1: ...: The inherited timescale is here.
../src/riscv/regfile.v:3: warning: timescale for regfile inherited from another file.
riscv/tb_hazard.v:1: ...: The inherited timescale is here.
../src/riscv/soc_top.v:3: warning: timescale for soc_top inherited from another file.
riscv/tb_hazard.v:1: ...: The inherited timescale is here.
PASS: hazard unit checks (16020 cases)
riscv/tb_hazard.v:144: $finish called at 16020000 (1ps)
== tb_mem_wb_stage ==
../src/riscv/alu.v:3: warning: timescale for alu inherited from another file.
riscv/tb_mem_wb_stage.v:1: ...: The inherited timescale is here.
../src/riscv/core_top.v:3: warning: timescale for core_top inherited from another file.
riscv/tb_mem_wb_stage.v:1: ...: The inherited timescale is here.
../src/riscv/decode.v:3: warning: timescale for decode inherited from another file.
riscv/tb_mem_wb_stage.v:1: ...: The inherited timescale is here.
../src/riscv/dmem.v:3: warning: timescale for dmem inherited from another file.
riscv/tb_mem_wb_stage.v:1: ...: The inherited timescale is here.
../src/riscv/forwarding.v:2: warning: timescale for forwarding inherited from another file.
riscv/tb_mem_wb_stage.v:1: ...: The inherited timescale is here.
../src/riscv/hazard.v:2: warning: timescale for hazard inherited from another file.
riscv/tb_mem_wb_stage.v:1: ...: The inherited timescale is here.
../src/riscv/id_ex_stage.v:2: warning: timescale for id_ex_stage inherited from another file.
riscv/tb_mem_wb_stage.v:1: ...: The inherited timescale is here.
../src/riscv/if_stage.v:4: warning: timescale for if_stage inherited from another file.
riscv/tb_mem_wb_stage.v:1: ...: The inherited timescale is here.
../src/riscv/imem.v:3: warning: timescale for imem inherited from another file.
riscv/tb_mem_wb_stage.v:1: ...: The inherited timescale is here.
../src/riscv/mem_wb_stage.v:2: warning: timescale for mem_wb_stage inherited from another file.
riscv/tb_mem_wb_stage.v:1: ...: The inherited timescale is here.
../src/riscv/muldiv.v:3: warning: timescale for muldiv inherited from another file.
riscv/tb_mem_wb_stage.v:1: ...: The inherited timescale is here.
../src/riscv/pc.v:3: warning: timescale for pc inherited from another file.
riscv/tb_mem_wb_stage.v:1: ...: The inherited timescale is here.
../src/riscv/pynq_z2_top.v:3: warning: timescale for pynq_z2_top inherited from another file.
riscv/tb_mem_wb_stage.v:1: ...: The inherited timescale is here.
../src/riscv/regfile.v:3: warning: timescale for regfile inherited from another file.
riscv/tb_mem_wb_stage.v:1: ...: The inherited timescale is here.
../src/riscv/soc_top.v:3: warning: timescale for soc_top inherited from another file.
riscv/tb_mem_wb_stage.v:1: ...: The inherited timescale is here.
PASS: MEM+WB capture, bubble overwrite and reset (3 captures)
riscv/tb_mem_wb_stage.v:50: $finish called at 32000 (1ps)
== tb_id_ex_stage ==
../src/riscv/alu.v:3: warning: timescale for alu inherited from another file.
riscv/tb_id_ex_stage.v:1: ...: The inherited timescale is here.
../src/riscv/core_top.v:3: warning: timescale for core_top inherited from another file.
riscv/tb_id_ex_stage.v:1: ...: The inherited timescale is here.
../src/riscv/decode.v:3: warning: timescale for decode inherited from another file.
riscv/tb_id_ex_stage.v:1: ...: The inherited timescale is here.
../src/riscv/dmem.v:3: warning: timescale for dmem inherited from another file.
riscv/tb_id_ex_stage.v:1: ...: The inherited timescale is here.
../src/riscv/forwarding.v:2: warning: timescale for forwarding inherited from another file.
riscv/tb_id_ex_stage.v:1: ...: The inherited timescale is here.
../src/riscv/hazard.v:2: warning: timescale for hazard inherited from another file.
riscv/tb_id_ex_stage.v:1: ...: The inherited timescale is here.
../src/riscv/id_ex_stage.v:2: warning: timescale for id_ex_stage inherited from another file.
riscv/tb_id_ex_stage.v:1: ...: The inherited timescale is here.
../src/riscv/if_stage.v:4: warning: timescale for if_stage inherited from another file.
riscv/tb_id_ex_stage.v:1: ...: The inherited timescale is here.
../src/riscv/imem.v:3: warning: timescale for imem inherited from another file.
riscv/tb_id_ex_stage.v:1: ...: The inherited timescale is here.
../src/riscv/mem_wb_stage.v:2: warning: timescale for mem_wb_stage inherited from another file.
riscv/tb_id_ex_stage.v:1: ...: The inherited timescale is here.
../src/riscv/muldiv.v:3: warning: timescale for muldiv inherited from another file.
riscv/tb_id_ex_stage.v:1: ...: The inherited timescale is here.
../src/riscv/pc.v:3: warning: timescale for pc inherited from another file.
riscv/tb_id_ex_stage.v:1: ...: The inherited timescale is here.
../src/riscv/pynq_z2_top.v:3: warning: timescale for pynq_z2_top inherited from another file.
riscv/tb_id_ex_stage.v:1: ...: The inherited timescale is here.
../src/riscv/regfile.v:3: warning: timescale for regfile inherited from another file.
riscv/tb_id_ex_stage.v:1: ...: The inherited timescale is here.
../src/riscv/soc_top.v:3: warning: timescale for soc_top inherited from another file.
riscv/tb_id_ex_stage.v:1: ...: The inherited timescale is here.
PASS: ID+EX decode, execute and redirect (6 cases)
riscv/tb_id_ex_stage.v:33: $finish called at 6000 (1ps)
== tb_muldiv ==
../src/riscv/alu.v:3: warning: timescale for alu inherited from another file.
riscv/tb_muldiv.v:1: ...: The inherited timescale is here.
../src/riscv/core_top.v:3: warning: timescale for core_top inherited from another file.
riscv/tb_muldiv.v:1: ...: The inherited timescale is here.
../src/riscv/decode.v:3: warning: timescale for decode inherited from another file.
riscv/tb_muldiv.v:1: ...: The inherited timescale is here.
../src/riscv/dmem.v:3: warning: timescale for dmem inherited from another file.
riscv/tb_muldiv.v:1: ...: The inherited timescale is here.
../src/riscv/forwarding.v:2: warning: timescale for forwarding inherited from another file.
riscv/tb_muldiv.v:1: ...: The inherited timescale is here.
../src/riscv/hazard.v:2: warning: timescale for hazard inherited from another file.
riscv/tb_muldiv.v:1: ...: The inherited timescale is here.
../src/riscv/id_ex_stage.v:2: warning: timescale for id_ex_stage inherited from another file.
riscv/tb_muldiv.v:1: ...: The inherited timescale is here.
../src/riscv/if_stage.v:4: warning: timescale for if_stage inherited from another file.
riscv/tb_muldiv.v:1: ...: The inherited timescale is here.
../src/riscv/imem.v:3: warning: timescale for imem inherited from another file.
riscv/tb_muldiv.v:1: ...: The inherited timescale is here.
../src/riscv/mem_wb_stage.v:2: warning: timescale for mem_wb_stage inherited from another file.
riscv/tb_muldiv.v:1: ...: The inherited timescale is here.
../src/riscv/muldiv.v:3: warning: timescale for muldiv inherited from another file.
riscv/tb_muldiv.v:1: ...: The inherited timescale is here.
../src/riscv/pc.v:3: warning: timescale for pc inherited from another file.
riscv/tb_muldiv.v:1: ...: The inherited timescale is here.
../src/riscv/pynq_z2_top.v:3: warning: timescale for pynq_z2_top inherited from another file.
riscv/tb_muldiv.v:1: ...: The inherited timescale is here.
../src/riscv/regfile.v:3: warning: timescale for regfile inherited from another file.
riscv/tb_muldiv.v:1: ...: The inherited timescale is here.
../src/riscv/soc_top.v:3: warning: timescale for soc_top inherited from another file.
riscv/tb_muldiv.v:1: ...: The inherited timescale is here.
VCD info: dumpfile tb_muldiv.vcd opened for output.
PASS: muldiv 8 operations, boundaries and handshake
riscv/tb_muldiv.v:83: $finish called at 4097000 (1ps)
== tb_core_muldiv ==
../src/riscv/alu.v:3: warning: timescale for alu inherited from another file.
riscv/tb_core_muldiv.v:1: ...: The inherited timescale is here.
../src/riscv/core_top.v:3: warning: timescale for core_top inherited from another file.
riscv/tb_core_muldiv.v:1: ...: The inherited timescale is here.
../src/riscv/decode.v:3: warning: timescale for decode inherited from another file.
riscv/tb_core_muldiv.v:1: ...: The inherited timescale is here.
../src/riscv/dmem.v:3: warning: timescale for dmem inherited from another file.
riscv/tb_core_muldiv.v:1: ...: The inherited timescale is here.
../src/riscv/forwarding.v:2: warning: timescale for forwarding inherited from another file.
riscv/tb_core_muldiv.v:1: ...: The inherited timescale is here.
../src/riscv/hazard.v:2: warning: timescale for hazard inherited from another file.
riscv/tb_core_muldiv.v:1: ...: The inherited timescale is here.
../src/riscv/id_ex_stage.v:2: warning: timescale for id_ex_stage inherited from another file.
riscv/tb_core_muldiv.v:1: ...: The inherited timescale is here.
../src/riscv/if_stage.v:4: warning: timescale for if_stage inherited from another file.
riscv/tb_core_muldiv.v:1: ...: The inherited timescale is here.
../src/riscv/imem.v:3: warning: timescale for imem inherited from another file.
riscv/tb_core_muldiv.v:1: ...: The inherited timescale is here.
../src/riscv/mem_wb_stage.v:2: warning: timescale for mem_wb_stage inherited from another file.
riscv/tb_core_muldiv.v:1: ...: The inherited timescale is here.
../src/riscv/muldiv.v:3: warning: timescale for muldiv inherited from another file.
riscv/tb_core_muldiv.v:1: ...: The inherited timescale is here.
../src/riscv/pc.v:3: warning: timescale for pc inherited from another file.
riscv/tb_core_muldiv.v:1: ...: The inherited timescale is here.
../src/riscv/pynq_z2_top.v:3: warning: timescale for pynq_z2_top inherited from another file.
riscv/tb_core_muldiv.v:1: ...: The inherited timescale is here.
../src/riscv/regfile.v:3: warning: timescale for regfile inherited from another file.
riscv/tb_core_muldiv.v:1: ...: The inherited timescale is here.
../src/riscv/soc_top.v:3: warning: timescale for soc_top inherited from another file.
riscv/tb_core_muldiv.v:1: ...: The inherited timescale is here.
WARNING: riscv/tb_core_muldiv.v:38: $readmemh(../src/riscv_fw/hello.hex): Not enough words in the file for the requested range [0:8191].
VCD info: dumpfile tb_core_muldiv.vcd opened for output.
PASS: RV32IM core tohost=142879 exit=0
riscv/tb_core_muldiv.v:48: $finish called at 50075000 (1ps)
== tb_core_coremark ==
../src/riscv/alu.v:3: warning: timescale for alu inherited from another file.
riscv/tb_core_coremark.v:1: ...: The inherited timescale is here.
../src/riscv/core_top.v:3: warning: timescale for core_top inherited from another file.
riscv/tb_core_coremark.v:1: ...: The inherited timescale is here.
../src/riscv/decode.v:3: warning: timescale for decode inherited from another file.
riscv/tb_core_coremark.v:1: ...: The inherited timescale is here.
../src/riscv/dmem.v:3: warning: timescale for dmem inherited from another file.
riscv/tb_core_coremark.v:1: ...: The inherited timescale is here.
../src/riscv/forwarding.v:2: warning: timescale for forwarding inherited from another file.
riscv/tb_core_coremark.v:1: ...: The inherited timescale is here.
../src/riscv/hazard.v:2: warning: timescale for hazard inherited from another file.
riscv/tb_core_coremark.v:1: ...: The inherited timescale is here.
../src/riscv/id_ex_stage.v:2: warning: timescale for id_ex_stage inherited from another file.
riscv/tb_core_coremark.v:1: ...: The inherited timescale is here.
../src/riscv/if_stage.v:4: warning: timescale for if_stage inherited from another file.
riscv/tb_core_coremark.v:1: ...: The inherited timescale is here.
../src/riscv/imem.v:3: warning: timescale for imem inherited from another file.
riscv/tb_core_coremark.v:1: ...: The inherited timescale is here.
../src/riscv/mem_wb_stage.v:2: warning: timescale for mem_wb_stage inherited from another file.
riscv/tb_core_coremark.v:1: ...: The inherited timescale is here.
../src/riscv/muldiv.v:3: warning: timescale for muldiv inherited from another file.
riscv/tb_core_coremark.v:1: ...: The inherited timescale is here.
../src/riscv/pc.v:3: warning: timescale for pc inherited from another file.
riscv/tb_core_coremark.v:1: ...: The inherited timescale is here.
../src/riscv/pynq_z2_top.v:3: warning: timescale for pynq_z2_top inherited from another file.
riscv/tb_core_coremark.v:1: ...: The inherited timescale is here.
../src/riscv/regfile.v:3: warning: timescale for regfile inherited from another file.
riscv/tb_core_coremark.v:1: ...: The inherited timescale is here.
../src/riscv/soc_top.v:3: warning: timescale for soc_top inherited from another file.
riscv/tb_core_coremark.v:1: ...: The inherited timescale is here.
WARNING: riscv/tb_core_coremark.v:113: $readmemh(../src/riscv_fw/coremark.hex): Not enough words in the file for the requested range [0:8191].
WARNING: riscv/tb_core_coremark.v:116: $readmemh(../src/riscv_fw/coremark.hex): Not enough words in the file for the requested range [0:8191].
... 进度 cycles=2000000 pc=0x800024fc tohost=0
... 进度 cycles=4000000 pc=0x80002548 tohost=0
... 进度 cycles=6000000 pc=0x80000f60 tohost=0
... 进度 cycles=8000000 pc=0x80000f70 tohost=0
... 进度 cycles=10000000 pc=0x80000f70 tohost=0
... 进度 cycles=12000000 pc=0x80000f74 tohost=0
... 进度 cycles=14000000 pc=0x80000f58 tohost=0
... 进度 cycles=16000000 pc=0x80000f4c tohost=0
... 进度 cycles=18000000 pc=0x800018bc tohost=0
... 进度 cycles=20000000 pc=0x800016dc tohost=0
== coremark hex=../src/riscv_fw/coremark.hex exit=0 tohost=34713 cycles=21275738 instrs=10106387 bubbles=1243809
== obs iter=32 seedcrc=0xe9f5 crclist=0xe714 crcmatrix=0x1fd7 crcstate=0x8e3a crcfinal=0x8799 t0=20298 t1=21274167 errors=1
PASS: coremark cycles=21275738 instrs=10106387 bubbles=1243809 cpi=2.105
riscv/tb_core_coremark.v:167: $finish called at 212757455000 (1ps)
== tb_bench_v0_1 ==
WARNING: riscv/tb_core_coremark.v:113: $readmemh(../src/riscv_fw/bench_v0_1.hex): Not enough words in the file for the requested range [0:8191].
WARNING: riscv/tb_core_coremark.v:116: $readmemh(../src/riscv_fw/bench_v0_1.hex): Not enough words in the file for the requested range [0:8191].
== coremark hex=../src/riscv_fw/bench_v0_1.hex exit=0 tohost=327535569 cycles=3446 instrs=1205 bubbles=129
PASS: coremark cycles=3446 instrs=1205 bubbles=129 cpi=2.859
riscv/tb_core_coremark.v:167: $finish called at 34535000 (1ps)
== tb_soc_top ==
../src/riscv/alu.v:3: warning: timescale for alu inherited from another file.
riscv/tb_soc_top.v:1: ...: The inherited timescale is here.
../src/riscv/core_top.v:3: warning: timescale for core_top inherited from another file.
riscv/tb_soc_top.v:1: ...: The inherited timescale is here.
../src/riscv/decode.v:3: warning: timescale for decode inherited from another file.
riscv/tb_soc_top.v:1: ...: The inherited timescale is here.
../src/riscv/dmem.v:3: warning: timescale for dmem inherited from another file.
riscv/tb_soc_top.v:1: ...: The inherited timescale is here.
../src/riscv/forwarding.v:2: warning: timescale for forwarding inherited from another file.
riscv/tb_soc_top.v:1: ...: The inherited timescale is here.
../src/riscv/hazard.v:2: warning: timescale for hazard inherited from another file.
riscv/tb_soc_top.v:1: ...: The inherited timescale is here.
../src/riscv/id_ex_stage.v:2: warning: timescale for id_ex_stage inherited from another file.
riscv/tb_soc_top.v:1: ...: The inherited timescale is here.
../src/riscv/if_stage.v:4: warning: timescale for if_stage inherited from another file.
riscv/tb_soc_top.v:1: ...: The inherited timescale is here.
../src/riscv/imem.v:3: warning: timescale for imem inherited from another file.
riscv/tb_soc_top.v:1: ...: The inherited timescale is here.
../src/riscv/mem_wb_stage.v:2: warning: timescale for mem_wb_stage inherited from another file.
riscv/tb_soc_top.v:1: ...: The inherited timescale is here.
../src/riscv/muldiv.v:3: warning: timescale for muldiv inherited from another file.
riscv/tb_soc_top.v:1: ...: The inherited timescale is here.
../src/riscv/pc.v:3: warning: timescale for pc inherited from another file.
riscv/tb_soc_top.v:1: ...: The inherited timescale is here.
../src/riscv/pynq_z2_top.v:3: warning: timescale for pynq_z2_top inherited from another file.
riscv/tb_soc_top.v:1: ...: The inherited timescale is here.
../src/riscv/regfile.v:3: warning: timescale for regfile inherited from another file.
riscv/tb_soc_top.v:1: ...: The inherited timescale is here.
../src/riscv/soc_top.v:3: warning: timescale for soc_top inherited from another file.
riscv/tb_soc_top.v:1: ...: The inherited timescale is here.
WARNING: ../src/riscv/imem.v:19: $readmemh(../src/riscv_fw/hello_v0.hex): Not enough words in the file for the requested range [0:8191].
WARNING: ../src/riscv/dmem.v:21: $readmemh(../src/riscv_fw/hello_v0.hex): Not enough words in the file for the requested range [0:8191].
VCD info: dumpfile tb_soc_top.vcd opened for output.
PASS: SoC first-run=13/1101, timer reset/increment/write-ignore, second-run=65/0001
riscv/tb_soc_top.v:87: $finish called at 80086000 (1ps)
== tb_soc_check ==
../src/riscv/alu.v:3: warning: timescale for alu inherited from another file.
riscv/tb_soc_check.v:1: ...: The inherited timescale is here.
../src/riscv/core_top.v:3: warning: timescale for core_top inherited from another file.
riscv/tb_soc_check.v:1: ...: The inherited timescale is here.
../src/riscv/decode.v:3: warning: timescale for decode inherited from another file.
riscv/tb_soc_check.v:1: ...: The inherited timescale is here.
../src/riscv/dmem.v:3: warning: timescale for dmem inherited from another file.
riscv/tb_soc_check.v:1: ...: The inherited timescale is here.
../src/riscv/forwarding.v:2: warning: timescale for forwarding inherited from another file.
riscv/tb_soc_check.v:1: ...: The inherited timescale is here.
../src/riscv/hazard.v:2: warning: timescale for hazard inherited from another file.
riscv/tb_soc_check.v:1: ...: The inherited timescale is here.
../src/riscv/id_ex_stage.v:2: warning: timescale for id_ex_stage inherited from another file.
riscv/tb_soc_check.v:1: ...: The inherited timescale is here.
../src/riscv/if_stage.v:4: warning: timescale for if_stage inherited from another file.
riscv/tb_soc_check.v:1: ...: The inherited timescale is here.
../src/riscv/imem.v:3: warning: timescale for imem inherited from another file.
riscv/tb_soc_check.v:1: ...: The inherited timescale is here.
../src/riscv/mem_wb_stage.v:2: warning: timescale for mem_wb_stage inherited from another file.
riscv/tb_soc_check.v:1: ...: The inherited timescale is here.
../src/riscv/muldiv.v:3: warning: timescale for muldiv inherited from another file.
riscv/tb_soc_check.v:1: ...: The inherited timescale is here.
../src/riscv/pc.v:3: warning: timescale for pc inherited from another file.
riscv/tb_soc_check.v:1: ...: The inherited timescale is here.
../src/riscv/pynq_z2_top.v:3: warning: timescale for pynq_z2_top inherited from another file.
riscv/tb_soc_check.v:1: ...: The inherited timescale is here.
../src/riscv/regfile.v:3: warning: timescale for regfile inherited from another file.
riscv/tb_soc_check.v:1: ...: The inherited timescale is here.
../src/riscv/soc_top.v:3: warning: timescale for soc_top inherited from another file.
riscv/tb_soc_check.v:1: ...: The inherited timescale is here.
WARNING: ../src/riscv/imem.v:19: $readmemh(../src/riscv_fw/soc_check.hex): Not enough words in the file for the requested range [0:8191].
WARNING: ../src/riscv/dmem.v:21: $readmemh(../src/riscv_fw/soc_check.hex): Not enough words in the file for the requested range [0:8191].
VCD info: dumpfile tb_soc_check.vcd opened for output.
PASS: soc_check preload/timer/read-write path tohost=534f4301 cycles=3000
riscv/tb_soc_check.v:50: $finish called at 30076000 (1ps)
PASS: injected
CASE: pass result=0 wanted=accept
# if true { error failed }
PASS: injected
CASE: tcl_echo result=0 wanted=accept
FAIL: injected
ERROR: simulation gate rejected build/vision/gate/fail_zero.log
CASE: fail_zero result=1 wanted=reject
PASS: injected
FAIL: injected
ERROR: simulation gate rejected build/vision/gate/mixed.log
CASE: mixed result=1 wanted=reject
FATAL: injected
ERROR: simulation gate rejected build/vision/gate/fatal.log
CASE: fatal result=1 wanted=reject
INFO: no verdict
ERROR: simulation gate rejected build/vision/gate/no_pass.log
CASE: no_pass result=1 wanted=reject
PASS: injected
ERROR: simulation gate rejected build/vision/gate/process_failed.log
CASE: process_failed result=1 wanted=reject
ERROR: missing testbench build/vision/gate/not-a-testbench.v
CASE: missing_tb result=1 wanted=reject
PASS: vision gate 8 cases (PASS/FAIL/fatal/exit/missing tb)
== tb_rgb2gray ==
vision/tb_rgb2gray.v:12: warning: Instantiating module rgb2gray with dangling input port 2 (in_vs) floating.
vision/tb_rgb2gray.v:12: warning: Instantiating module rgb2gray with dangling input port 3 (in_hs) floating.
PASS: rgb2gray 128 px, 0 errors
vision/tb_rgb2gray.v:44: $finish called at 1340000 (1ps)
== tb_line_buffer ==
PASS: line_buffer sync-read, read-before-write, addressing
vision/tb_line_buffer.v:60: $finish called at 360000 (1ps)
== tb_gaussian3x3 ==
PASS: gaussian3x3 128 px, 0 errors
vision/tb_gaussian3x3.v:55: $finish called at 2140000 (1ps)
== tb_scaler ==
../src/vision/scaler.v:105: warning: @* is sensitive to all 16 words in array 'slot_rd'.
../src/vision/scaler.v:106: warning: @* is sensitive to all 16 words in array 'slot_rd'.
../src/vision/scaler.v:118: warning: @* is sensitive to all 16 words in array 'slot_rd'.
../src/vision/scaler.v:119: warning: @* is sensitive to all 16 words in array 'slot_rd'.
PASS: scaler 16x8->32x16, 512 px, 0 errors
vision/tb_scaler.v:69: $finish called at 14740000 (1ps)
== tb_scaler_ds ==
../src/vision/scaler.v:105: warning: @* is sensitive to all 8 words in array 'slot_rd'.
../src/vision/scaler.v:106: warning: @* is sensitive to all 8 words in array 'slot_rd'.
../src/vision/scaler.v:118: warning: @* is sensitive to all 8 words in array 'slot_rd'.
../src/vision/scaler.v:119: warning: @* is sensitive to all 8 words in array 'slot_rd'.
PASS: scaler_ds 32x16->8x4 downscale, 32 px, 0 errors (slot reuse exercised)
vision/tb_scaler_ds.v:71: $finish called at 18980000 (1ps)
== tb_sobel ==
PASS: sobel 128 px, 0 errors
vision/tb_sobel.v:55: $finish called at 2140000 (1ps)
== tb_chain ==
PASS: chain rgb2gray->gaussian, gray 128 px + gauss 128 px, 0 errors
vision/tb_chain.v:76: $finish called at 2140000 (1ps)
== tb_fullchain ==
../src/vision/scaler.v:105: warning: @* is sensitive to all 16 words in array 'slot_rd'.
../src/vision/scaler.v:106: warning: @* is sensitive to all 16 words in array 'slot_rd'.
../src/vision/scaler.v:118: warning: @* is sensitive to all 16 words in array 'slot_rd'.
../src/vision/scaler.v:119: warning: @* is sensitive to all 16 words in array 'slot_rd'.
PASS: fullchain gray 128 + gauss 128 + scaler 512 px, 0 errors
vision/tb_fullchain.v:96: $finish called at 15740000 (1ps)
== tb_osd ==
PASS: osd 2 frames 256 px, 0 errors (param latch at vs verified)
vision/tb_osd.v:90: $finish called at 3500000 (1ps)
== tb_axi_regs ==
PASS: axi_regs rw/strb/reserved/oob/flat, 0 errors
vision/tb_axi_regs.v:119: $finish called at 460000 (1ps)
== tb_in_align ==
PASS: in_align 3 frames, 384 px passthrough, 24 hs/4 vs, spacing OK (vs/hs collision deferred)
vision/tb_in_align.v:137: $finish called at 5780000 (1ps)
== tb_cop_buf ==
PASS: cop_buf 3 frames ping-pong, 96 px replay = golden, ready-gate + concurrent write verified
vision/tb_cop_buf.v:89: $finish called at 5390000 (1ps)
== tb_top ==
../src/vision/scaler.v:105: warning: @* is sensitive to all 16 words in array 'slot_rd'.
../src/vision/scaler.v:106: warning: @* is sensitive to all 16 words in array 'slot_rd'.
../src/vision/scaler.v:118: warning: @* is sensitive to all 16 words in array 'slot_rd'.
../src/vision/scaler.v:119: warning: @* is sensitive to all 16 words in array 'slot_rd'.
PASS: vision_top v0.3 6 frames dual-path, display 768 px + cop 512 px, 0 errors (frame-latch verified)
PASS: A5 latency gray=1 gauss=25 gauss+sobel=50 cycles (window lag + pipelined arithmetic), scaler throughput-based
vision/tb_top.v:227: $finish called at 136940000 (1ps)
== tb_cop_buf_stress ==
PASS: cop_buf distinct frames, simultaneous start/commit, congestion, drain and reset
vision/tb_cop_buf_stress.v:73: $finish called at 10210000 (1ps)
== tb_axi_split ==
PASS: AXI AW-before-W/W-before-AW, response backpressure, captured payload
vision/tb_axi_split.v:45: $finish called at 300000 (1ps)
== tb_config_bridge ==
PASS: config CDC async clocks, atomic bundle, busy reject, frame apply, ack, reset
vision/tb_config_bridge.v:43: $finish called at 700000 (1ps)
== tb_top_async ==
../src/vision/scaler.v:105: warning: @* is sensitive to all 8 words in array 'slot_rd'.
../src/vision/scaler.v:106: warning: @* is sensitive to all 8 words in array 'slot_rd'.
../src/vision/scaler.v:118: warning: @* is sensitive to all 8 words in array 'slot_rd'.
../src/vision/scaler.v:119: warning: @* is sensitive to all 8 words in array 'slot_rd'.
PASS: top async config staging, busy SLVERR, atomic frame apply, status epoch
vision/tb_top_async.v:56: $finish called at 780000 (1ps)
== tb_top_color ==
../src/vision/scaler.v:105: warning: @* is sensitive to all 8 words in array 'slot_rd'.
../src/vision/scaler.v:106: warning: @* is sensitive to all 8 words in array 'slot_rd'.
../src/vision/scaler.v:118: warning: @* is sensitive to all 8 words in array 'slot_rd'.
../src/vision/scaler.v:119: warning: @* is sensitive to all 8 words in array 'slot_rd'.
PASS: RGB display 256 pixels exact, all analysis enables, stalled consumer, frame IDs
vision/tb_top_color.v:50: $finish called at 23590000 (1ps)
== tb_video_pipeline ==
../src/vision/scaler.v:105: warning: @* is sensitive to all 8 words in array 'slot_rd'.
../src/vision/scaler.v:106: warning: @* is sensitive to all 8 words in array 'slot_rd'.
../src/vision/scaler.v:118: warning: @* is sensitive to all 8 words in array 'slot_rd'.
../src/vision/scaler.v:119: warning: @* is sensitive to all 8 words in array 'slot_rd'.
PASS: raw HDMI parallel sync/color passthrough + normalized analysis, 2 snapshots with frame/config IDs
vision/tb_video_pipeline.v:52: $finish called at 10240000 (1ps)
== tb_video_real ==
../src/vision/scaler.v:105: warning: @* is sensitive to all 8 words in array 'slot_rd'.
../src/vision/scaler.v:106: warning: @* is sensitive to all 8 words in array 'slot_rd'.
../src/vision/scaler.v:118: warning: @* is sensitive to all 8 words in array 'slot_rd'.
../src/vision/scaler.v:119: warning: @* is sensitive to all 8 words in array 'slot_rd'.
PASS: 720p timing 2 consecutive frames, 1843200 RGB px + 100352 snapshot px, 448 rows, IDs exact, no drops
vision/tb_video_real.v:58: $finish called at 25350240000 (1ps)
== tb_vision_axi ==
../src/vision/scaler.v:105: warning: @* is sensitive to all 8 words in array 'slot_rd'.
../src/vision/scaler.v:106: warning: @* is sensitive to all 8 words in array 'slot_rd'.
../src/vision/scaler.v:118: warning: @* is sensitive to all 8 words in array 'slot_rd'.
../src/vision/scaler.v:119: warning: @* is sensitive to all 8 words in array 'slot_rd'.
PASS: AXI HDMI wrapper RBG/RGB/raw sync + lock-loss reset
vision/tb_vision_axi.v:36: $finish called at 510000 (1ps)
== tb_axi_lock_reset ==
../src/vision/scaler.v:105: warning: @* is sensitive to all 8 words in array 'slot_rd'.
../src/vision/scaler.v:106: warning: @* is sensitive to all 8 words in array 'slot_rd'.
../src/vision/scaler.v:118: warning: @* is sensitive to all 8 words in array 'slot_rd'.
../src/vision/scaler.v:119: warning: @* is sensitive to all 8 words in array 'slot_rd'.
INFO baseline write/read ok
INFO in-flight write completed across lock drop
PASS: AXI slave survives video lock drop with in-flight transactions
vision/tb_axi_lock_reset.v:121: $finish called at 364000 (1ps)
== tb_patterns ==
../src/vision/scaler.v:105: warning: @* is sensitive to all 8 words in array 'slot_rd'.
../src/vision/scaler.v:106: warning: @* is sensitive to all 8 words in array 'slot_rd'.
../src/vision/scaler.v:118: warning: @* is sensitive to all 8 words in array 'slot_rd'.
../src/vision/scaler.v:119: warning: @* is sensitive to all 8 words in array 'slot_rd'.
PASS: 3 synthetic nonconstant RGB scenes -> gaussian/scaler/cop_buf, 96 pixels + IDs exact
vision/tb_patterns.v:54: $finish called at 14550000 (1ps)
PASS: PS configuration staging/commit/ack/busy/timeout/epoch wrap mock protocol
PASS: localization empty/multiple/non-grid/noise/limit/border + per-target crop/resize/frame metadata
PASS: M2 HTTP mock config/status/location + frame/config/session/stale/error contract
