Copyright 1986-2022 Xilinx, Inc. All Rights Reserved. Copyright 2022-2026 Advanced Micro Devices, Inc. All Rights Reserved.
------------------------------------------------------------------------------------------------------------------------------------------------------
| Tool Version : Vivado v.2026.1 (win64) Build 6511674 Tue Jun 16 11:02:23 MDT 2026
| Date         : Mon Oct  5 23:22:48 2026
| Host         : Walter-Cooper running 64-bit major release  (build 9200)
| Command      : report_design_analysis -file D:/Desktop/contests/2026fpga/FPGA-Alittle-Design/build/reports/fmax/v1_12p15ns/design_analysis_impl.rpt
| Design       : core_top
| Device       : xc7z020
| Design State : Routed
------------------------------------------------------------------------------------------------------------------------------------------------------

Report Design Analysis

Table of Contents
-----------------
1. Setup Path Characteristics 1-1
2. Logic Level Distribution
3. Placer Final Level Congestion Reporting
4. Initial Estimated Router Congestion Reporting

1. Setup Path Characteristics 1-1
---------------------------------

+---------------------------+-------------------------------------------------------------------------------------------------------------------------------------------+
|      Characteristics      |                                                                  Path #1                                                                  |
+---------------------------+-------------------------------------------------------------------------------------------------------------------------------------------+
| Requirement               | 12.150                                                                                                                                    |
| Path Delay                | 12.122                                                                                                                                    |
| Logic Delay               | 2.916(25%)                                                                                                                                |
| Net Delay                 | 9.206(75%)                                                                                                                                |
| Clock Skew                | -0.176                                                                                                                                    |
| Slack                     | -0.152                                                                                                                                    |
| Clock Uncertainty         | 0.035                                                                                                                                     |
| Clock Relationship        | Safely Timed                                                                                                                              |
| Clock Delay Group         | Same Clock                                                                                                                                |
| Logic Levels              | 13                                                                                                                                        |
| Routes                    | 12                                                                                                                                        |
| Logical Path              | FDCE/C-(1)-LUT4-(41)-RAMD32-(6)-LUT6-(2)-LUT6-(110)-LUT5-(2)-LUT3-(2)-LUT6-(1)-LUT6-(1)-MUXF7-LUT6-(1)-LUT6-(1)-LUT6-(33)-LUT6-(1)-FDCE/D |
| Start Point Clock         | sys_clk                                                                                                                                   |
| End Point Clock           | sys_clk                                                                                                                                   |
| DSP Block                 | None                                                                                                                                      |
| RAM Registers             | None-None                                                                                                                                 |
| IO Crossings              | 0                                                                                                                                         |
| Config Crossings          | 0                                                                                                                                         |
| SLR Crossings             | 0                                                                                                                                         |
| PBlocks                   | 0                                                                                                                                         |
| High Fanout               | 110                                                                                                                                       |
| ASYNC REG                 | 0                                                                                                                                         |
| Dont Touch                | 0                                                                                                                                         |
| Mark Debug                | 0                                                                                                                                         |
| Start Point Pin Primitive | FDCE/C                                                                                                                                    |
| End Point Pin Primitive   | FDCE/D                                                                                                                                    |
| Start Point Pin           | instr_hold_reg[24]/C                                                                                                                      |
| End Point Pin             | pc_reg[6]/D                                                                                                                               |
+---------------------------+-------------------------------------------------------------------------------------------------------------------------------------------+
* Bounding box calculated as % of dimensions for the target device (308, 299)


2. Logic Level Distribution
---------------------------

+-----------------+-------------+-----+---+-----+-----+----+----+----+----+----+----+----+----+----+----+----+----+----+----+----+----+
| End Point Clock | Requirement |  1  | 3 |  5  |  6  |  7 |  8 |  9 | 10 | 11 | 12 | 13 | 14 | 15 | 16 | 17 | 18 | 19 | 20 | 21 | 22 |
+-----------------+-------------+-----+---+-----+-----+----+----+----+----+----+----+----+----+----+----+----+----+----+----+----+----+
| sys_clk         | 12.150ns    | 144 | 1 | 149 | 408 | 59 | 12 | 16 | 16 | 22 | 28 | 97 |  8 |  8 |  5 |  7 |  4 |  4 |  4 |  4 |  4 |
+-----------------+-------------+-----+---+-----+-----+----+----+----+----+----+----+----+----+----+----+----+----+----+----+----+----+
* Columns represent the logic levels per end point clock
** Distribution is for top worst 1000 paths


3. Placer Final Level Congestion Reporting
------------------------------------------

+-----------+------+-------+------------+--------+---------------+----------------+-----+--------+------+------+------+-----+-------+-----+------------+
| Direction | Type | Level | Congestion | Window | Combined LUTs | Avg LUT Inputs | LUT | LUTRAM | Flop | MUXF | RAMB | DSP | CARRY | SRL | Cell Names |
+-----------+------+-------+------------+--------+---------------+----------------+-----+--------+------+------+------+-----+-------+-----+------------+
* No congestion windows are found above level 5


4. Initial Estimated Router Congestion Reporting
------------------------------------------------

+-----------+------+-------+------------------+--------+---------------+----------------+-----+--------+------+------+------+-----+-------+-----+------------+
| Direction | Type | Level | Percentage Tiles | Window | Combined LUTs | Avg LUT Inputs | LUT | LUTRAM | Flop | MUXF | RAMB | DSP | CARRY | SRL | Cell Names |
+-----------+------+-------+------------------+--------+---------------+----------------+-----+--------+------+------+------+-----+-------+-----+------------+
* No initial estimated congestion windows are found above level 5


