Copyright 1986-2022 Xilinx, Inc. All Rights Reserved. Copyright 2022-2026 Advanced Micro Devices, Inc. All Rights Reserved.
----------------------------------------------------------------------------------------------------------------------------------------------------------------------------------------
| Tool Version : Vivado v.2026.1 (win64) Build 6511674 Tue Jun 16 11:02:23 MDT 2026
| Date         : Mon Oct  5 23:22:48 2026
| Host         : Walter-Cooper running 64-bit major release  (build 9200)
| Command      : report_timing -delay_type max -max_paths 10 -sort_by group -file D:/Desktop/contests/2026fpga/FPGA-Alittle-Design/build/reports/fmax/v1_12p15ns/timing_worst_paths.rpt
| Design       : core_top
| Device       : 7z020-clg400
| Speed File   : -1  PRODUCTION 1.12 2019-11-22
| Design State : Routed
----------------------------------------------------------------------------------------------------------------------------------------------------------------------------------------

Timing Report

Slack (VIOLATED) :        -0.152ns  (required time - arrival time)
  Source:                 u_if_stage/instr_hold_reg[24]/C
                            (rising edge-triggered cell FDCE clocked by sys_clk  {rise@0.000ns fall@6.075ns period=12.150ns})
  Destination:            u_pc/pc_reg[6]/D
                            (rising edge-triggered cell FDCE clocked by sys_clk  {rise@0.000ns fall@6.075ns period=12.150ns})
  Path Group:             sys_clk
  Path Type:              Setup (Max at Slow Process Corner)
  Requirement:            12.150ns  (sys_clk rise@12.150ns - sys_clk rise@0.000ns)
  Data Path Delay:        12.122ns  (logic 2.916ns (24.056%)  route 9.206ns (75.944%))
  Logic Levels:           13  (LUT3=1 LUT4=1 LUT5=1 LUT6=8 MUXF7=1 RAMD32=1)
  Clock Path Skew:        -0.176ns (DCD - SCD + CPR)
    Destination Clock Delay (DCD):    1.472ns = ( 13.622 - 12.150 ) 
    Source Clock Delay      (SCD):    1.661ns
    Clock Pessimism Removal (CPR):    0.013ns
  Clock Uncertainty:      0.035ns  ((TSJ^2 + TIJ^2)^1/2 + DJ) / 2 + PE
    Total System Jitter     (TSJ):    0.071ns
    Total Input Jitter      (TIJ):    0.000ns
    Discrete Jitter          (DJ):    0.000ns
    Phase Error              (PE):    0.000ns

    Location             Delay type                Incr(ns)  Path(ns)    Netlist Resource(s)
  -------------------------------------------------------------------    -------------------
                         (clock sys_clk rise edge)    0.000     0.000 r  <hidden>
                                                      0.000     0.000 r  clk
                         net (fo=488, unset)          1.661     1.661    u_if_stage/clk
    SLICE_X40Y15         FDCE                                         r  u_if_stage/instr_hold_reg[24]/C
  -------------------------------------------------------------------    -------------------
    SLICE_X40Y15         FDCE (Prop_fdce_C_Q)         0.419     2.080 r  u_if_stage/instr_hold_reg[24]/Q
                         net (fo=1, routed)           0.811     2.891    u_if_stage/instr_hold[24]
    SLICE_X44Y15         LUT4 (Prop_lut4_I0_O)        0.299     3.190 r  u_if_stage/dmem_wdata[4]_INST_0_i_4/O
                         net (fo=41, routed)          0.892     4.082    u_regfile/regs_reg_r2_0_31_0_5/ADDRB4
    SLICE_X42Y13         RAMD32 (Prop_ramd32_RADR4_O)
                                                      0.117     4.199 r  u_regfile/regs_reg_r2_0_31_0_5/RAMB/O
                         net (fo=6, routed)           0.828     5.028    u_regfile/rdata20[2]
    SLICE_X43Y12         LUT6 (Prop_lut6_I0_O)        0.348     5.376 r  u_regfile/dmem_wdata[2]_INST_0/O
                         net (fo=2, routed)           0.667     6.043    u_if_stage/dmem_wdata[2]
    SLICE_X40Y13         LUT6 (Prop_lut6_I0_O)        0.124     6.167 r  u_if_stage/dmem_addr[2]_INST_0_i_3/O
                         net (fo=110, routed)         1.365     7.532    u_if_stage/alu_b[2]
    SLICE_X48Y16         LUT5 (Prop_lut5_I1_O)        0.152     7.684 f  u_if_stage/dmem_addr[10]_INST_0_i_14/O
                         net (fo=2, routed)           0.902     8.586    u_if_stage/dmem_addr[10]_INST_0_i_14_n_0
    SLICE_X48Y19         LUT3 (Prop_lut3_I0_O)        0.326     8.912 f  u_if_stage/dmem_addr[10]_INST_0_i_11/O
                         net (fo=2, routed)           0.504     9.416    u_if_stage/dmem_addr[10]_INST_0_i_11_n_0
    SLICE_X49Y19         LUT6 (Prop_lut6_I3_O)        0.124     9.540 f  u_if_stage/dmem_addr[10]_INST_0_i_5/O
                         net (fo=1, routed)           0.582    10.121    u_if_stage/dmem_addr[10]_INST_0_i_5_n_0
    SLICE_X47Y19         LUT6 (Prop_lut6_I3_O)        0.124    10.245 f  u_if_stage/dmem_addr[10]_INST_0_i_1/O
                         net (fo=1, routed)           0.000    10.245    u_if_stage/dmem_addr[10]_INST_0_i_1_n_0
    SLICE_X47Y19         MUXF7 (Prop_muxf7_I0_O)      0.212    10.457 f  u_if_stage/dmem_addr[10]_INST_0/O
                         net (fo=3, routed)           0.995    11.453    u_if_stage/dmem_addr[10]_INST_0_i_2_0
    SLICE_X47Y18         LUT6 (Prop_lut6_I2_O)        0.299    11.752 r  u_if_stage/pc[31]_i_23/O
                         net (fo=1, routed)           0.789    12.541    u_if_stage/pc[31]_i_23_n_0
    SLICE_X45Y18         LUT6 (Prop_lut6_I3_O)        0.124    12.665 r  u_if_stage/pc[31]_i_14/O
                         net (fo=1, routed)           0.154    12.819    u_if_stage/alu_zero
    SLICE_X45Y18         LUT6 (Prop_lut6_I0_O)        0.124    12.943 r  u_if_stage/pc[31]_i_6/O
                         net (fo=33, routed)          0.716    13.659    u_if_stage/branch_taken
    SLICE_X53Y18         LUT6 (Prop_lut6_I2_O)        0.124    13.783 r  u_if_stage/pc[6]_i_1/O
                         net (fo=1, routed)           0.000    13.783    u_pc/pc_reg[31]_1[6]
    SLICE_X53Y18         FDCE                                         r  u_pc/pc_reg[6]/D
  -------------------------------------------------------------------    -------------------

                         (clock sys_clk rise edge)   12.150    12.150 r  <hidden>
                                                      0.000    12.150 r  clk
                         net (fo=488, unset)          1.472    13.622    u_pc/clk
    SLICE_X53Y18         FDCE                                         r  u_pc/pc_reg[6]/C
                         clock pessimism              0.013    13.635    <hidden>
                         clock uncertainty           -0.035    13.600    <hidden>
    SLICE_X53Y18         FDCE (Setup_fdce_C_D)        0.031    13.631    u_pc/pc_reg[6]
  -------------------------------------------------------------------
                         required time                         13.631    <hidden>
                         arrival time                         -13.783    <hidden>
  -------------------------------------------------------------------
                         slack                                 -0.152    <hidden>

Slack (VIOLATED) :        -0.130ns  (required time - arrival time)
  Source:                 u_if_stage/instr_hold_reg[24]/C
                            (rising edge-triggered cell FDCE clocked by sys_clk  {rise@0.000ns fall@6.075ns period=12.150ns})
  Destination:            u_pc/pc_reg[30]/D
                            (rising edge-triggered cell FDCE clocked by sys_clk  {rise@0.000ns fall@6.075ns period=12.150ns})
  Path Group:             sys_clk
  Path Type:              Setup (Max at Slow Process Corner)
  Requirement:            12.150ns  (sys_clk rise@12.150ns - sys_clk rise@0.000ns)
  Data Path Delay:        12.210ns  (logic 2.916ns (23.882%)  route 9.294ns (76.118%))
  Logic Levels:           13  (LUT3=1 LUT4=1 LUT5=1 LUT6=8 MUXF7=1 RAMD32=1)
  Clock Path Skew:        -0.064ns (DCD - SCD + CPR)
    Destination Clock Delay (DCD):    1.482ns = ( 13.632 - 12.150 ) 
    Source Clock Delay      (SCD):    1.661ns
    Clock Pessimism Removal (CPR):    0.115ns
  Clock Uncertainty:      0.035ns  ((TSJ^2 + TIJ^2)^1/2 + DJ) / 2 + PE
    Total System Jitter     (TSJ):    0.071ns
    Total Input Jitter      (TIJ):    0.000ns
    Discrete Jitter          (DJ):    0.000ns
    Phase Error              (PE):    0.000ns

    Location             Delay type                Incr(ns)  Path(ns)    Netlist Resource(s)
  -------------------------------------------------------------------    -------------------
                         (clock sys_clk rise edge)    0.000     0.000 r  <hidden>
                                                      0.000     0.000 r  clk
                         net (fo=488, unset)          1.661     1.661    u_if_stage/clk
    SLICE_X40Y15         FDCE                                         r  u_if_stage/instr_hold_reg[24]/C
  -------------------------------------------------------------------    -------------------
    SLICE_X40Y15         FDCE (Prop_fdce_C_Q)         0.419     2.080 r  u_if_stage/instr_hold_reg[24]/Q
                         net (fo=1, routed)           0.811     2.891    u_if_stage/instr_hold[24]
    SLICE_X44Y15         LUT4 (Prop_lut4_I0_O)        0.299     3.190 r  u_if_stage/dmem_wdata[4]_INST_0_i_4/O
                         net (fo=41, routed)          0.892     4.082    u_regfile/regs_reg_r2_0_31_0_5/ADDRB4
    SLICE_X42Y13         RAMD32 (Prop_ramd32_RADR4_O)
                                                      0.117     4.199 r  u_regfile/regs_reg_r2_0_31_0_5/RAMB/O
                         net (fo=6, routed)           0.828     5.028    u_regfile/rdata20[2]
    SLICE_X43Y12         LUT6 (Prop_lut6_I0_O)        0.348     5.376 r  u_regfile/dmem_wdata[2]_INST_0/O
                         net (fo=2, routed)           0.667     6.043    u_if_stage/dmem_wdata[2]
    SLICE_X40Y13         LUT6 (Prop_lut6_I0_O)        0.124     6.167 r  u_if_stage/dmem_addr[2]_INST_0_i_3/O
                         net (fo=110, routed)         1.365     7.532    u_if_stage/alu_b[2]
    SLICE_X48Y16         LUT5 (Prop_lut5_I1_O)        0.152     7.684 f  u_if_stage/dmem_addr[10]_INST_0_i_14/O
                         net (fo=2, routed)           0.902     8.586    u_if_stage/dmem_addr[10]_INST_0_i_14_n_0
    SLICE_X48Y19         LUT3 (Prop_lut3_I0_O)        0.326     8.912 f  u_if_stage/dmem_addr[10]_INST_0_i_11/O
                         net (fo=2, routed)           0.504     9.416    u_if_stage/dmem_addr[10]_INST_0_i_11_n_0
    SLICE_X49Y19         LUT6 (Prop_lut6_I3_O)        0.124     9.540 f  u_if_stage/dmem_addr[10]_INST_0_i_5/O
                         net (fo=1, routed)           0.582    10.121    u_if_stage/dmem_addr[10]_INST_0_i_5_n_0
    SLICE_X47Y19         LUT6 (Prop_lut6_I3_O)        0.124    10.245 f  u_if_stage/dmem_addr[10]_INST_0_i_1/O
                         net (fo=1, routed)           0.000    10.245    u_if_stage/dmem_addr[10]_INST_0_i_1_n_0
    SLICE_X47Y19         MUXF7 (Prop_muxf7_I0_O)      0.212    10.457 f  u_if_stage/dmem_addr[10]_INST_0/O
                         net (fo=3, routed)           0.995    11.453    u_if_stage/dmem_addr[10]_INST_0_i_2_0
    SLICE_X47Y18         LUT6 (Prop_lut6_I2_O)        0.299    11.752 r  u_if_stage/pc[31]_i_23/O
                         net (fo=1, routed)           0.789    12.541    u_if_stage/pc[31]_i_23_n_0
    SLICE_X45Y18         LUT6 (Prop_lut6_I3_O)        0.124    12.665 r  u_if_stage/pc[31]_i_14/O
                         net (fo=1, routed)           0.154    12.819    u_if_stage/alu_zero
    SLICE_X45Y18         LUT6 (Prop_lut6_I0_O)        0.124    12.943 r  u_if_stage/pc[31]_i_6/O
                         net (fo=33, routed)          0.804    13.747    u_if_stage/branch_taken
    SLICE_X45Y21         LUT6 (Prop_lut6_I2_O)        0.124    13.871 r  u_if_stage/pc[30]_i_1/O
                         net (fo=1, routed)           0.000    13.871    u_pc/pc_reg[31]_1[30]
    SLICE_X45Y21         FDCE                                         r  u_pc/pc_reg[30]/D
  -------------------------------------------------------------------    -------------------

                         (clock sys_clk rise edge)   12.150    12.150 r  <hidden>
                                                      0.000    12.150 r  clk
                         net (fo=488, unset)          1.482    13.632    u_pc/clk
    SLICE_X45Y21         FDCE                                         r  u_pc/pc_reg[30]/C
                         clock pessimism              0.115    13.747    <hidden>
                         clock uncertainty           -0.035    13.712    <hidden>
    SLICE_X45Y21         FDCE (Setup_fdce_C_D)        0.029    13.741    u_pc/pc_reg[30]
  -------------------------------------------------------------------
                         required time                         13.741    <hidden>
                         arrival time                         -13.871    <hidden>
  -------------------------------------------------------------------
                         slack                                 -0.130    <hidden>

Slack (VIOLATED) :        -0.125ns  (required time - arrival time)
  Source:                 u_if_stage/instr_hold_reg[24]/C
                            (rising edge-triggered cell FDCE clocked by sys_clk  {rise@0.000ns fall@6.075ns period=12.150ns})
  Destination:            u_pc/pc_reg[31]/D
                            (rising edge-triggered cell FDPE clocked by sys_clk  {rise@0.000ns fall@6.075ns period=12.150ns})
  Path Group:             sys_clk
  Path Type:              Setup (Max at Slow Process Corner)
  Requirement:            12.150ns  (sys_clk rise@12.150ns - sys_clk rise@0.000ns)
  Data Path Delay:        12.207ns  (logic 2.916ns (23.888%)  route 9.291ns (76.112%))
  Logic Levels:           13  (LUT3=1 LUT4=1 LUT5=1 LUT6=8 MUXF7=1 RAMD32=1)
  Clock Path Skew:        -0.064ns (DCD - SCD + CPR)
    Destination Clock Delay (DCD):    1.482ns = ( 13.632 - 12.150 ) 
    Source Clock Delay      (SCD):    1.661ns
    Clock Pessimism Removal (CPR):    0.115ns
  Clock Uncertainty:      0.035ns  ((TSJ^2 + TIJ^2)^1/2 + DJ) / 2 + PE
    Total System Jitter     (TSJ):    0.071ns
    Total Input Jitter      (TIJ):    0.000ns
    Discrete Jitter          (DJ):    0.000ns
    Phase Error              (PE):    0.000ns

    Location             Delay type                Incr(ns)  Path(ns)    Netlist Resource(s)
  -------------------------------------------------------------------    -------------------
                         (clock sys_clk rise edge)    0.000     0.000 r  <hidden>
                                                      0.000     0.000 r  clk
                         net (fo=488, unset)          1.661     1.661    u_if_stage/clk
    SLICE_X40Y15         FDCE                                         r  u_if_stage/instr_hold_reg[24]/C
  -------------------------------------------------------------------    -------------------
    SLICE_X40Y15         FDCE (Prop_fdce_C_Q)         0.419     2.080 r  u_if_stage/instr_hold_reg[24]/Q
                         net (fo=1, routed)           0.811     2.891    u_if_stage/instr_hold[24]
    SLICE_X44Y15         LUT4 (Prop_lut4_I0_O)        0.299     3.190 r  u_if_stage/dmem_wdata[4]_INST_0_i_4/O
                         net (fo=41, routed)          0.892     4.082    u_regfile/regs_reg_r2_0_31_0_5/ADDRB4
    SLICE_X42Y13         RAMD32 (Prop_ramd32_RADR4_O)
                                                      0.117     4.199 r  u_regfile/regs_reg_r2_0_31_0_5/RAMB/O
                         net (fo=6, routed)           0.828     5.028    u_regfile/rdata20[2]
    SLICE_X43Y12         LUT6 (Prop_lut6_I0_O)        0.348     5.376 r  u_regfile/dmem_wdata[2]_INST_0/O
                         net (fo=2, routed)           0.667     6.043    u_if_stage/dmem_wdata[2]
    SLICE_X40Y13         LUT6 (Prop_lut6_I0_O)        0.124     6.167 r  u_if_stage/dmem_addr[2]_INST_0_i_3/O
                         net (fo=110, routed)         1.365     7.532    u_if_stage/alu_b[2]
    SLICE_X48Y16         LUT5 (Prop_lut5_I1_O)        0.152     7.684 f  u_if_stage/dmem_addr[10]_INST_0_i_14/O
                         net (fo=2, routed)           0.902     8.586    u_if_stage/dmem_addr[10]_INST_0_i_14_n_0
    SLICE_X48Y19         LUT3 (Prop_lut3_I0_O)        0.326     8.912 f  u_if_stage/dmem_addr[10]_INST_0_i_11/O
                         net (fo=2, routed)           0.504     9.416    u_if_stage/dmem_addr[10]_INST_0_i_11_n_0
    SLICE_X49Y19         LUT6 (Prop_lut6_I3_O)        0.124     9.540 f  u_if_stage/dmem_addr[10]_INST_0_i_5/O
                         net (fo=1, routed)           0.582    10.121    u_if_stage/dmem_addr[10]_INST_0_i_5_n_0
    SLICE_X47Y19         LUT6 (Prop_lut6_I3_O)        0.124    10.245 f  u_if_stage/dmem_addr[10]_INST_0_i_1/O
                         net (fo=1, routed)           0.000    10.245    u_if_stage/dmem_addr[10]_INST_0_i_1_n_0
    SLICE_X47Y19         MUXF7 (Prop_muxf7_I0_O)      0.212    10.457 f  u_if_stage/dmem_addr[10]_INST_0/O
                         net (fo=3, routed)           0.995    11.453    u_if_stage/dmem_addr[10]_INST_0_i_2_0
    SLICE_X47Y18         LUT6 (Prop_lut6_I2_O)        0.299    11.752 r  u_if_stage/pc[31]_i_23/O
                         net (fo=1, routed)           0.789    12.541    u_if_stage/pc[31]_i_23_n_0
    SLICE_X45Y18         LUT6 (Prop_lut6_I3_O)        0.124    12.665 r  u_if_stage/pc[31]_i_14/O
                         net (fo=1, routed)           0.154    12.819    u_if_stage/alu_zero
    SLICE_X45Y18         LUT6 (Prop_lut6_I0_O)        0.124    12.943 r  u_if_stage/pc[31]_i_6/O
                         net (fo=33, routed)          0.801    13.744    u_if_stage/branch_taken
    SLICE_X45Y21         LUT6 (Prop_lut6_I2_O)        0.124    13.868 r  u_if_stage/pc[31]_i_2/O
                         net (fo=1, routed)           0.000    13.868    u_pc/pc_reg[31]_1[31]
    SLICE_X45Y21         FDPE                                         r  u_pc/pc_reg[31]/D
  -------------------------------------------------------------------    -------------------

                         (clock sys_clk rise edge)   12.150    12.150 r  <hidden>
                                                      0.000    12.150 r  clk
                         net (fo=488, unset)          1.482    13.632    u_pc/clk
    SLICE_X45Y21         FDPE                                         r  u_pc/pc_reg[31]/C
                         clock pessimism              0.115    13.747    <hidden>
                         clock uncertainty           -0.035    13.712    <hidden>
    SLICE_X45Y21         FDPE (Setup_fdpe_C_D)        0.031    13.743    u_pc/pc_reg[31]
  -------------------------------------------------------------------
                         required time                         13.743    <hidden>
                         arrival time                         -13.868    <hidden>
  -------------------------------------------------------------------
                         slack                                 -0.125    <hidden>

Slack (VIOLATED) :        -0.039ns  (required time - arrival time)
  Source:                 u_if_stage/instr_hold_reg[24]/C
                            (rising edge-triggered cell FDCE clocked by sys_clk  {rise@0.000ns fall@6.075ns period=12.150ns})
  Destination:            u_pc/pc_reg[18]/D
                            (rising edge-triggered cell FDCE clocked by sys_clk  {rise@0.000ns fall@6.075ns period=12.150ns})
  Path Group:             sys_clk
  Path Type:              Setup (Max at Slow Process Corner)
  Requirement:            12.150ns  (sys_clk rise@12.150ns - sys_clk rise@0.000ns)
  Data Path Delay:        12.122ns  (logic 2.916ns (24.055%)  route 9.206ns (75.945%))
  Logic Levels:           13  (LUT3=1 LUT4=1 LUT5=1 LUT6=8 MUXF7=1 RAMD32=1)
  Clock Path Skew:        -0.063ns (DCD - SCD + CPR)
    Destination Clock Delay (DCD):    1.483ns = ( 13.633 - 12.150 ) 
    Source Clock Delay      (SCD):    1.661ns
    Clock Pessimism Removal (CPR):    0.115ns
  Clock Uncertainty:      0.035ns  ((TSJ^2 + TIJ^2)^1/2 + DJ) / 2 + PE
    Total System Jitter     (TSJ):    0.071ns
    Total Input Jitter      (TIJ):    0.000ns
    Discrete Jitter          (DJ):    0.000ns
    Phase Error              (PE):    0.000ns

    Location             Delay type                Incr(ns)  Path(ns)    Netlist Resource(s)
  -------------------------------------------------------------------    -------------------
                         (clock sys_clk rise edge)    0.000     0.000 r  <hidden>
                                                      0.000     0.000 r  clk
                         net (fo=488, unset)          1.661     1.661    u_if_stage/clk
    SLICE_X40Y15         FDCE                                         r  u_if_stage/instr_hold_reg[24]/C
  -------------------------------------------------------------------    -------------------
    SLICE_X40Y15         FDCE (Prop_fdce_C_Q)         0.419     2.080 r  u_if_stage/instr_hold_reg[24]/Q
                         net (fo=1, routed)           0.811     2.891    u_if_stage/instr_hold[24]
    SLICE_X44Y15         LUT4 (Prop_lut4_I0_O)        0.299     3.190 r  u_if_stage/dmem_wdata[4]_INST_0_i_4/O
                         net (fo=41, routed)          0.892     4.082    u_regfile/regs_reg_r2_0_31_0_5/ADDRB4
    SLICE_X42Y13         RAMD32 (Prop_ramd32_RADR4_O)
                                                      0.117     4.199 r  u_regfile/regs_reg_r2_0_31_0_5/RAMB/O
                         net (fo=6, routed)           0.828     5.028    u_regfile/rdata20[2]
    SLICE_X43Y12         LUT6 (Prop_lut6_I0_O)        0.348     5.376 r  u_regfile/dmem_wdata[2]_INST_0/O
                         net (fo=2, routed)           0.667     6.043    u_if_stage/dmem_wdata[2]
    SLICE_X40Y13         LUT6 (Prop_lut6_I0_O)        0.124     6.167 r  u_if_stage/dmem_addr[2]_INST_0_i_3/O
                         net (fo=110, routed)         1.365     7.532    u_if_stage/alu_b[2]
    SLICE_X48Y16         LUT5 (Prop_lut5_I1_O)        0.152     7.684 f  u_if_stage/dmem_addr[10]_INST_0_i_14/O
                         net (fo=2, routed)           0.902     8.586    u_if_stage/dmem_addr[10]_INST_0_i_14_n_0
    SLICE_X48Y19         LUT3 (Prop_lut3_I0_O)        0.326     8.912 f  u_if_stage/dmem_addr[10]_INST_0_i_11/O
                         net (fo=2, routed)           0.504     9.416    u_if_stage/dmem_addr[10]_INST_0_i_11_n_0
    SLICE_X49Y19         LUT6 (Prop_lut6_I3_O)        0.124     9.540 f  u_if_stage/dmem_addr[10]_INST_0_i_5/O
                         net (fo=1, routed)           0.582    10.121    u_if_stage/dmem_addr[10]_INST_0_i_5_n_0
    SLICE_X47Y19         LUT6 (Prop_lut6_I3_O)        0.124    10.245 f  u_if_stage/dmem_addr[10]_INST_0_i_1/O
                         net (fo=1, routed)           0.000    10.245    u_if_stage/dmem_addr[10]_INST_0_i_1_n_0
    SLICE_X47Y19         MUXF7 (Prop_muxf7_I0_O)      0.212    10.457 f  u_if_stage/dmem_addr[10]_INST_0/O
                         net (fo=3, routed)           0.995    11.453    u_if_stage/dmem_addr[10]_INST_0_i_2_0
    SLICE_X47Y18         LUT6 (Prop_lut6_I2_O)        0.299    11.752 r  u_if_stage/pc[31]_i_23/O
                         net (fo=1, routed)           0.789    12.541    u_if_stage/pc[31]_i_23_n_0
    SLICE_X45Y18         LUT6 (Prop_lut6_I3_O)        0.124    12.665 r  u_if_stage/pc[31]_i_14/O
                         net (fo=1, routed)           0.154    12.819    u_if_stage/alu_zero
    SLICE_X45Y18         LUT6 (Prop_lut6_I0_O)        0.124    12.943 r  u_if_stage/pc[31]_i_6/O
                         net (fo=33, routed)          0.716    13.659    u_if_stage/branch_taken
    SLICE_X48Y18         LUT6 (Prop_lut6_I2_O)        0.124    13.783 r  u_if_stage/pc[18]_i_1/O
                         net (fo=1, routed)           0.000    13.783    u_pc/pc_reg[31]_1[18]
    SLICE_X48Y18         FDCE                                         r  u_pc/pc_reg[18]/D
  -------------------------------------------------------------------    -------------------

                         (clock sys_clk rise edge)   12.150    12.150 r  <hidden>
                                                      0.000    12.150 r  clk
                         net (fo=488, unset)          1.483    13.633    u_pc/clk
    SLICE_X48Y18         FDCE                                         r  u_pc/pc_reg[18]/C
                         clock pessimism              0.115    13.748    <hidden>
                         clock uncertainty           -0.035    13.713    <hidden>
    SLICE_X48Y18         FDCE (Setup_fdce_C_D)        0.031    13.744    u_pc/pc_reg[18]
  -------------------------------------------------------------------
                         required time                         13.744    <hidden>
                         arrival time                         -13.783    <hidden>
  -------------------------------------------------------------------
                         slack                                 -0.039    <hidden>

Slack (VIOLATED) :        -0.039ns  (required time - arrival time)
  Source:                 u_if_stage/instr_hold_reg[24]/C
                            (rising edge-triggered cell FDCE clocked by sys_clk  {rise@0.000ns fall@6.075ns period=12.150ns})
  Destination:            u_pc/pc_reg[10]/D
                            (rising edge-triggered cell FDCE clocked by sys_clk  {rise@0.000ns fall@6.075ns period=12.150ns})
  Path Group:             sys_clk
  Path Type:              Setup (Max at Slow Process Corner)
  Requirement:            12.150ns  (sys_clk rise@12.150ns - sys_clk rise@0.000ns)
  Data Path Delay:        12.122ns  (logic 2.916ns (24.055%)  route 9.206ns (75.945%))
  Logic Levels:           13  (LUT3=1 LUT4=1 LUT5=1 LUT6=8 MUXF7=1 RAMD32=1)
  Clock Path Skew:        -0.063ns (DCD - SCD + CPR)
    Destination Clock Delay (DCD):    1.483ns = ( 13.633 - 12.150 ) 
    Source Clock Delay      (SCD):    1.661ns
    Clock Pessimism Removal (CPR):    0.115ns
  Clock Uncertainty:      0.035ns  ((TSJ^2 + TIJ^2)^1/2 + DJ) / 2 + PE
    Total System Jitter     (TSJ):    0.071ns
    Total Input Jitter      (TIJ):    0.000ns
    Discrete Jitter          (DJ):    0.000ns
    Phase Error              (PE):    0.000ns

    Location             Delay type                Incr(ns)  Path(ns)    Netlist Resource(s)
  -------------------------------------------------------------------    -------------------
                         (clock sys_clk rise edge)    0.000     0.000 r  <hidden>
                                                      0.000     0.000 r  clk
                         net (fo=488, unset)          1.661     1.661    u_if_stage/clk
    SLICE_X40Y15         FDCE                                         r  u_if_stage/instr_hold_reg[24]/C
  -------------------------------------------------------------------    -------------------
    SLICE_X40Y15         FDCE (Prop_fdce_C_Q)         0.419     2.080 r  u_if_stage/instr_hold_reg[24]/Q
                         net (fo=1, routed)           0.811     2.891    u_if_stage/instr_hold[24]
    SLICE_X44Y15         LUT4 (Prop_lut4_I0_O)        0.299     3.190 r  u_if_stage/dmem_wdata[4]_INST_0_i_4/O
                         net (fo=41, routed)          0.892     4.082    u_regfile/regs_reg_r2_0_31_0_5/ADDRB4
    SLICE_X42Y13         RAMD32 (Prop_ramd32_RADR4_O)
                                                      0.117     4.199 r  u_regfile/regs_reg_r2_0_31_0_5/RAMB/O
                         net (fo=6, routed)           0.828     5.028    u_regfile/rdata20[2]
    SLICE_X43Y12         LUT6 (Prop_lut6_I0_O)        0.348     5.376 r  u_regfile/dmem_wdata[2]_INST_0/O
                         net (fo=2, routed)           0.667     6.043    u_if_stage/dmem_wdata[2]
    SLICE_X40Y13         LUT6 (Prop_lut6_I0_O)        0.124     6.167 r  u_if_stage/dmem_addr[2]_INST_0_i_3/O
                         net (fo=110, routed)         1.365     7.532    u_if_stage/alu_b[2]
    SLICE_X48Y16         LUT5 (Prop_lut5_I1_O)        0.152     7.684 f  u_if_stage/dmem_addr[10]_INST_0_i_14/O
                         net (fo=2, routed)           0.902     8.586    u_if_stage/dmem_addr[10]_INST_0_i_14_n_0
    SLICE_X48Y19         LUT3 (Prop_lut3_I0_O)        0.326     8.912 f  u_if_stage/dmem_addr[10]_INST_0_i_11/O
                         net (fo=2, routed)           0.504     9.416    u_if_stage/dmem_addr[10]_INST_0_i_11_n_0
    SLICE_X49Y19         LUT6 (Prop_lut6_I3_O)        0.124     9.540 f  u_if_stage/dmem_addr[10]_INST_0_i_5/O
                         net (fo=1, routed)           0.582    10.121    u_if_stage/dmem_addr[10]_INST_0_i_5_n_0
    SLICE_X47Y19         LUT6 (Prop_lut6_I3_O)        0.124    10.245 f  u_if_stage/dmem_addr[10]_INST_0_i_1/O
                         net (fo=1, routed)           0.000    10.245    u_if_stage/dmem_addr[10]_INST_0_i_1_n_0
    SLICE_X47Y19         MUXF7 (Prop_muxf7_I0_O)      0.212    10.457 f  u_if_stage/dmem_addr[10]_INST_0/O
                         net (fo=3, routed)           0.995    11.453    u_if_stage/dmem_addr[10]_INST_0_i_2_0
    SLICE_X47Y18         LUT6 (Prop_lut6_I2_O)        0.299    11.752 r  u_if_stage/pc[31]_i_23/O
                         net (fo=1, routed)           0.789    12.541    u_if_stage/pc[31]_i_23_n_0
    SLICE_X45Y18         LUT6 (Prop_lut6_I3_O)        0.124    12.665 r  u_if_stage/pc[31]_i_14/O
                         net (fo=1, routed)           0.154    12.819    u_if_stage/alu_zero
    SLICE_X45Y18         LUT6 (Prop_lut6_I0_O)        0.124    12.943 r  u_if_stage/pc[31]_i_6/O
                         net (fo=33, routed)          0.716    13.659    u_if_stage/branch_taken
    SLICE_X48Y18         LUT6 (Prop_lut6_I2_O)        0.124    13.783 r  u_if_stage/pc[10]_i_1/O
                         net (fo=1, routed)           0.000    13.783    u_pc/pc_reg[31]_1[10]
    SLICE_X48Y18         FDCE                                         r  u_pc/pc_reg[10]/D
  -------------------------------------------------------------------    -------------------

                         (clock sys_clk rise edge)   12.150    12.150 r  <hidden>
                                                      0.000    12.150 r  clk
                         net (fo=488, unset)          1.483    13.633    u_pc/clk
    SLICE_X48Y18         FDCE                                         r  u_pc/pc_reg[10]/C
                         clock pessimism              0.115    13.748    <hidden>
                         clock uncertainty           -0.035    13.713    <hidden>
    SLICE_X48Y18         FDCE (Setup_fdce_C_D)        0.031    13.744    u_pc/pc_reg[10]
  -------------------------------------------------------------------
                         required time                         13.744    <hidden>
                         arrival time                         -13.783    <hidden>
  -------------------------------------------------------------------
                         slack                                 -0.039    <hidden>

Slack (VIOLATED) :        -0.009ns  (required time - arrival time)
  Source:                 u_if_stage/instr_hold_reg[24]/C
                            (rising edge-triggered cell FDCE clocked by sys_clk  {rise@0.000ns fall@6.075ns period=12.150ns})
  Destination:            u_pc/pc_reg[4]/D
                            (rising edge-triggered cell FDCE clocked by sys_clk  {rise@0.000ns fall@6.075ns period=12.150ns})
  Path Group:             sys_clk
  Path Type:              Setup (Max at Slow Process Corner)
  Requirement:            12.150ns  (sys_clk rise@12.150ns - sys_clk rise@0.000ns)
  Data Path Delay:        12.092ns  (logic 2.916ns (24.114%)  route 9.176ns (75.886%))
  Logic Levels:           13  (LUT3=1 LUT4=1 LUT5=1 LUT6=8 MUXF7=1 RAMD32=1)
  Clock Path Skew:        -0.062ns (DCD - SCD + CPR)
    Destination Clock Delay (DCD):    1.484ns = ( 13.634 - 12.150 ) 
    Source Clock Delay      (SCD):    1.661ns
    Clock Pessimism Removal (CPR):    0.115ns
  Clock Uncertainty:      0.035ns  ((TSJ^2 + TIJ^2)^1/2 + DJ) / 2 + PE
    Total System Jitter     (TSJ):    0.071ns
    Total Input Jitter      (TIJ):    0.000ns
    Discrete Jitter          (DJ):    0.000ns
    Phase Error              (PE):    0.000ns

    Location             Delay type                Incr(ns)  Path(ns)    Netlist Resource(s)
  -------------------------------------------------------------------    -------------------
                         (clock sys_clk rise edge)    0.000     0.000 r  <hidden>
                                                      0.000     0.000 r  clk
                         net (fo=488, unset)          1.661     1.661    u_if_stage/clk
    SLICE_X40Y15         FDCE                                         r  u_if_stage/instr_hold_reg[24]/C
  -------------------------------------------------------------------    -------------------
    SLICE_X40Y15         FDCE (Prop_fdce_C_Q)         0.419     2.080 r  u_if_stage/instr_hold_reg[24]/Q
                         net (fo=1, routed)           0.811     2.891    u_if_stage/instr_hold[24]
    SLICE_X44Y15         LUT4 (Prop_lut4_I0_O)        0.299     3.190 r  u_if_stage/dmem_wdata[4]_INST_0_i_4/O
                         net (fo=41, routed)          0.892     4.082    u_regfile/regs_reg_r2_0_31_0_5/ADDRB4
    SLICE_X42Y13         RAMD32 (Prop_ramd32_RADR4_O)
                                                      0.117     4.199 r  u_regfile/regs_reg_r2_0_31_0_5/RAMB/O
                         net (fo=6, routed)           0.828     5.028    u_regfile/rdata20[2]
    SLICE_X43Y12         LUT6 (Prop_lut6_I0_O)        0.348     5.376 r  u_regfile/dmem_wdata[2]_INST_0/O
                         net (fo=2, routed)           0.667     6.043    u_if_stage/dmem_wdata[2]
    SLICE_X40Y13         LUT6 (Prop_lut6_I0_O)        0.124     6.167 r  u_if_stage/dmem_addr[2]_INST_0_i_3/O
                         net (fo=110, routed)         1.365     7.532    u_if_stage/alu_b[2]
    SLICE_X48Y16         LUT5 (Prop_lut5_I1_O)        0.152     7.684 f  u_if_stage/dmem_addr[10]_INST_0_i_14/O
                         net (fo=2, routed)           0.902     8.586    u_if_stage/dmem_addr[10]_INST_0_i_14_n_0
    SLICE_X48Y19         LUT3 (Prop_lut3_I0_O)        0.326     8.912 f  u_if_stage/dmem_addr[10]_INST_0_i_11/O
                         net (fo=2, routed)           0.504     9.416    u_if_stage/dmem_addr[10]_INST_0_i_11_n_0
    SLICE_X49Y19         LUT6 (Prop_lut6_I3_O)        0.124     9.540 f  u_if_stage/dmem_addr[10]_INST_0_i_5/O
                         net (fo=1, routed)           0.582    10.121    u_if_stage/dmem_addr[10]_INST_0_i_5_n_0
    SLICE_X47Y19         LUT6 (Prop_lut6_I3_O)        0.124    10.245 f  u_if_stage/dmem_addr[10]_INST_0_i_1/O
                         net (fo=1, routed)           0.000    10.245    u_if_stage/dmem_addr[10]_INST_0_i_1_n_0
    SLICE_X47Y19         MUXF7 (Prop_muxf7_I0_O)      0.212    10.457 f  u_if_stage/dmem_addr[10]_INST_0/O
                         net (fo=3, routed)           0.995    11.453    u_if_stage/dmem_addr[10]_INST_0_i_2_0
    SLICE_X47Y18         LUT6 (Prop_lut6_I2_O)        0.299    11.752 r  u_if_stage/pc[31]_i_23/O
                         net (fo=1, routed)           0.789    12.541    u_if_stage/pc[31]_i_23_n_0
    SLICE_X45Y18         LUT6 (Prop_lut6_I3_O)        0.124    12.665 r  u_if_stage/pc[31]_i_14/O
                         net (fo=1, routed)           0.154    12.819    u_if_stage/alu_zero
    SLICE_X45Y18         LUT6 (Prop_lut6_I0_O)        0.124    12.943 r  u_if_stage/pc[31]_i_6/O
                         net (fo=33, routed)          0.686    13.629    u_if_stage/branch_taken
    SLICE_X47Y18         LUT6 (Prop_lut6_I2_O)        0.124    13.753 r  u_if_stage/pc[4]_i_1/O
                         net (fo=1, routed)           0.000    13.753    u_pc/pc_reg[31]_1[4]
    SLICE_X47Y18         FDCE                                         r  u_pc/pc_reg[4]/D
  -------------------------------------------------------------------    -------------------

                         (clock sys_clk rise edge)   12.150    12.150 r  <hidden>
                                                      0.000    12.150 r  clk
                         net (fo=488, unset)          1.484    13.634    u_pc/clk
    SLICE_X47Y18         FDCE                                         r  u_pc/pc_reg[4]/C
                         clock pessimism              0.115    13.749    <hidden>
                         clock uncertainty           -0.035    13.714    <hidden>
    SLICE_X47Y18         FDCE (Setup_fdce_C_D)        0.031    13.745    u_pc/pc_reg[4]
  -------------------------------------------------------------------
                         required time                         13.745    <hidden>
                         arrival time                         -13.753    <hidden>
  -------------------------------------------------------------------
                         slack                                 -0.009    <hidden>

Slack (MET) :             0.001ns  (required time - arrival time)
  Source:                 u_if_stage/instr_hold_reg[24]/C
                            (rising edge-triggered cell FDCE clocked by sys_clk  {rise@0.000ns fall@6.075ns period=12.150ns})
  Destination:            u_if_stage/flush_q_reg/D
                            (rising edge-triggered cell FDPE clocked by sys_clk  {rise@0.000ns fall@6.075ns period=12.150ns})
  Path Group:             sys_clk
  Path Type:              Setup (Max at Slow Process Corner)
  Requirement:            12.150ns  (sys_clk rise@12.150ns - sys_clk rise@0.000ns)
  Data Path Delay:        12.087ns  (logic 2.916ns (24.125%)  route 9.171ns (75.875%))
  Logic Levels:           13  (LUT3=1 LUT4=2 LUT5=1 LUT6=7 MUXF7=1 RAMD32=1)
  Clock Path Skew:        -0.058ns (DCD - SCD + CPR)
    Destination Clock Delay (DCD):    1.488ns = ( 13.638 - 12.150 ) 
    Source Clock Delay      (SCD):    1.661ns
    Clock Pessimism Removal (CPR):    0.115ns
  Clock Uncertainty:      0.035ns  ((TSJ^2 + TIJ^2)^1/2 + DJ) / 2 + PE
    Total System Jitter     (TSJ):    0.071ns
    Total Input Jitter      (TIJ):    0.000ns
    Discrete Jitter          (DJ):    0.000ns
    Phase Error              (PE):    0.000ns

    Location             Delay type                Incr(ns)  Path(ns)    Netlist Resource(s)
  -------------------------------------------------------------------    -------------------
                         (clock sys_clk rise edge)    0.000     0.000 r  <hidden>
                                                      0.000     0.000 r  clk
                         net (fo=488, unset)          1.661     1.661    u_if_stage/clk
    SLICE_X40Y15         FDCE                                         r  u_if_stage/instr_hold_reg[24]/C
  -------------------------------------------------------------------    -------------------
    SLICE_X40Y15         FDCE (Prop_fdce_C_Q)         0.419     2.080 r  u_if_stage/instr_hold_reg[24]/Q
                         net (fo=1, routed)           0.811     2.891    u_if_stage/instr_hold[24]
    SLICE_X44Y15         LUT4 (Prop_lut4_I0_O)        0.299     3.190 r  u_if_stage/dmem_wdata[4]_INST_0_i_4/O
                         net (fo=41, routed)          0.892     4.082    u_regfile/regs_reg_r2_0_31_0_5/ADDRB4
    SLICE_X42Y13         RAMD32 (Prop_ramd32_RADR4_O)
                                                      0.117     4.199 r  u_regfile/regs_reg_r2_0_31_0_5/RAMB/O
                         net (fo=6, routed)           0.828     5.028    u_regfile/rdata20[2]
    SLICE_X43Y12         LUT6 (Prop_lut6_I0_O)        0.348     5.376 r  u_regfile/dmem_wdata[2]_INST_0/O
                         net (fo=2, routed)           0.667     6.043    u_if_stage/dmem_wdata[2]
    SLICE_X40Y13         LUT6 (Prop_lut6_I0_O)        0.124     6.167 r  u_if_stage/dmem_addr[2]_INST_0_i_3/O
                         net (fo=110, routed)         1.365     7.532    u_if_stage/alu_b[2]
    SLICE_X48Y16         LUT5 (Prop_lut5_I1_O)        0.152     7.684 f  u_if_stage/dmem_addr[10]_INST_0_i_14/O
                         net (fo=2, routed)           0.902     8.586    u_if_stage/dmem_addr[10]_INST_0_i_14_n_0
    SLICE_X48Y19         LUT3 (Prop_lut3_I0_O)        0.326     8.912 f  u_if_stage/dmem_addr[10]_INST_0_i_11/O
                         net (fo=2, routed)           0.504     9.416    u_if_stage/dmem_addr[10]_INST_0_i_11_n_0
    SLICE_X49Y19         LUT6 (Prop_lut6_I3_O)        0.124     9.540 f  u_if_stage/dmem_addr[10]_INST_0_i_5/O
                         net (fo=1, routed)           0.582    10.121    u_if_stage/dmem_addr[10]_INST_0_i_5_n_0
    SLICE_X47Y19         LUT6 (Prop_lut6_I3_O)        0.124    10.245 f  u_if_stage/dmem_addr[10]_INST_0_i_1/O
                         net (fo=1, routed)           0.000    10.245    u_if_stage/dmem_addr[10]_INST_0_i_1_n_0
    SLICE_X47Y19         MUXF7 (Prop_muxf7_I0_O)      0.212    10.457 f  u_if_stage/dmem_addr[10]_INST_0/O
                         net (fo=3, routed)           0.995    11.453    u_if_stage/dmem_addr[10]_INST_0_i_2_0
    SLICE_X47Y18         LUT6 (Prop_lut6_I2_O)        0.299    11.752 r  u_if_stage/pc[31]_i_23/O
                         net (fo=1, routed)           0.789    12.541    u_if_stage/pc[31]_i_23_n_0
    SLICE_X45Y18         LUT6 (Prop_lut6_I3_O)        0.124    12.665 r  u_if_stage/pc[31]_i_14/O
                         net (fo=1, routed)           0.154    12.819    u_if_stage/alu_zero
    SLICE_X45Y18         LUT6 (Prop_lut6_I0_O)        0.124    12.943 r  u_if_stage/pc[31]_i_6/O
                         net (fo=33, routed)          0.681    13.624    u_if_stage/branch_taken
    SLICE_X45Y15         LUT4 (Prop_lut4_I0_O)        0.124    13.748 r  u_if_stage/flush_q_i_1/O
                         net (fo=1, routed)           0.000    13.748    u_if_stage/flush
    SLICE_X45Y15         FDPE                                         r  u_if_stage/flush_q_reg/D
  -------------------------------------------------------------------    -------------------

                         (clock sys_clk rise edge)   12.150    12.150 r  <hidden>
                                                      0.000    12.150 r  clk
                         net (fo=488, unset)          1.488    13.638    u_if_stage/clk
    SLICE_X45Y15         FDPE                                         r  u_if_stage/flush_q_reg/C
                         clock pessimism              0.115    13.753    <hidden>
                         clock uncertainty           -0.035    13.718    <hidden>
    SLICE_X45Y15         FDPE (Setup_fdpe_C_D)        0.031    13.749    u_if_stage/flush_q_reg
  -------------------------------------------------------------------
                         required time                         13.749    <hidden>
                         arrival time                         -13.748    <hidden>
  -------------------------------------------------------------------
                         slack                                  0.001    <hidden>

Slack (MET) :             0.020ns  (required time - arrival time)
  Source:                 u_if_stage/instr_hold_reg[24]/C
                            (rising edge-triggered cell FDCE clocked by sys_clk  {rise@0.000ns fall@6.075ns period=12.150ns})
  Destination:            u_pc/pc_reg[17]/D
                            (rising edge-triggered cell FDCE clocked by sys_clk  {rise@0.000ns fall@6.075ns period=12.150ns})
  Path Group:             sys_clk
  Path Type:              Setup (Max at Slow Process Corner)
  Requirement:            12.150ns  (sys_clk rise@12.150ns - sys_clk rise@0.000ns)
  Data Path Delay:        12.061ns  (logic 2.916ns (24.177%)  route 9.145ns (75.823%))
  Logic Levels:           13  (LUT3=1 LUT4=1 LUT5=1 LUT6=8 MUXF7=1 RAMD32=1)
  Clock Path Skew:        -0.063ns (DCD - SCD + CPR)
    Destination Clock Delay (DCD):    1.483ns = ( 13.633 - 12.150 ) 
    Source Clock Delay      (SCD):    1.661ns
    Clock Pessimism Removal (CPR):    0.115ns
  Clock Uncertainty:      0.035ns  ((TSJ^2 + TIJ^2)^1/2 + DJ) / 2 + PE
    Total System Jitter     (TSJ):    0.071ns
    Total Input Jitter      (TIJ):    0.000ns
    Discrete Jitter          (DJ):    0.000ns
    Phase Error              (PE):    0.000ns

    Location             Delay type                Incr(ns)  Path(ns)    Netlist Resource(s)
  -------------------------------------------------------------------    -------------------
                         (clock sys_clk rise edge)    0.000     0.000 r  <hidden>
                                                      0.000     0.000 r  clk
                         net (fo=488, unset)          1.661     1.661    u_if_stage/clk
    SLICE_X40Y15         FDCE                                         r  u_if_stage/instr_hold_reg[24]/C
  -------------------------------------------------------------------    -------------------
    SLICE_X40Y15         FDCE (Prop_fdce_C_Q)         0.419     2.080 r  u_if_stage/instr_hold_reg[24]/Q
                         net (fo=1, routed)           0.811     2.891    u_if_stage/instr_hold[24]
    SLICE_X44Y15         LUT4 (Prop_lut4_I0_O)        0.299     3.190 r  u_if_stage/dmem_wdata[4]_INST_0_i_4/O
                         net (fo=41, routed)          0.892     4.082    u_regfile/regs_reg_r2_0_31_0_5/ADDRB4
    SLICE_X42Y13         RAMD32 (Prop_ramd32_RADR4_O)
                                                      0.117     4.199 r  u_regfile/regs_reg_r2_0_31_0_5/RAMB/O
                         net (fo=6, routed)           0.828     5.028    u_regfile/rdata20[2]
    SLICE_X43Y12         LUT6 (Prop_lut6_I0_O)        0.348     5.376 r  u_regfile/dmem_wdata[2]_INST_0/O
                         net (fo=2, routed)           0.667     6.043    u_if_stage/dmem_wdata[2]
    SLICE_X40Y13         LUT6 (Prop_lut6_I0_O)        0.124     6.167 r  u_if_stage/dmem_addr[2]_INST_0_i_3/O
                         net (fo=110, routed)         1.365     7.532    u_if_stage/alu_b[2]
    SLICE_X48Y16         LUT5 (Prop_lut5_I1_O)        0.152     7.684 f  u_if_stage/dmem_addr[10]_INST_0_i_14/O
                         net (fo=2, routed)           0.902     8.586    u_if_stage/dmem_addr[10]_INST_0_i_14_n_0
    SLICE_X48Y19         LUT3 (Prop_lut3_I0_O)        0.326     8.912 f  u_if_stage/dmem_addr[10]_INST_0_i_11/O
                         net (fo=2, routed)           0.504     9.416    u_if_stage/dmem_addr[10]_INST_0_i_11_n_0
    SLICE_X49Y19         LUT6 (Prop_lut6_I3_O)        0.124     9.540 f  u_if_stage/dmem_addr[10]_INST_0_i_5/O
                         net (fo=1, routed)           0.582    10.121    u_if_stage/dmem_addr[10]_INST_0_i_5_n_0
    SLICE_X47Y19         LUT6 (Prop_lut6_I3_O)        0.124    10.245 f  u_if_stage/dmem_addr[10]_INST_0_i_1/O
                         net (fo=1, routed)           0.000    10.245    u_if_stage/dmem_addr[10]_INST_0_i_1_n_0
    SLICE_X47Y19         MUXF7 (Prop_muxf7_I0_O)      0.212    10.457 f  u_if_stage/dmem_addr[10]_INST_0/O
                         net (fo=3, routed)           0.995    11.453    u_if_stage/dmem_addr[10]_INST_0_i_2_0
    SLICE_X47Y18         LUT6 (Prop_lut6_I2_O)        0.299    11.752 r  u_if_stage/pc[31]_i_23/O
                         net (fo=1, routed)           0.789    12.541    u_if_stage/pc[31]_i_23_n_0
    SLICE_X45Y18         LUT6 (Prop_lut6_I3_O)        0.124    12.665 r  u_if_stage/pc[31]_i_14/O
                         net (fo=1, routed)           0.154    12.819    u_if_stage/alu_zero
    SLICE_X45Y18         LUT6 (Prop_lut6_I0_O)        0.124    12.943 r  u_if_stage/pc[31]_i_6/O
                         net (fo=33, routed)          0.655    13.598    u_if_stage/branch_taken
    SLICE_X45Y20         LUT6 (Prop_lut6_I2_O)        0.124    13.722 r  u_if_stage/pc[17]_i_1/O
                         net (fo=1, routed)           0.000    13.722    u_pc/pc_reg[31]_1[17]
    SLICE_X45Y20         FDCE                                         r  u_pc/pc_reg[17]/D
  -------------------------------------------------------------------    -------------------

                         (clock sys_clk rise edge)   12.150    12.150 r  <hidden>
                                                      0.000    12.150 r  clk
                         net (fo=488, unset)          1.483    13.633    u_pc/clk
    SLICE_X45Y20         FDCE                                         r  u_pc/pc_reg[17]/C
                         clock pessimism              0.115    13.748    <hidden>
                         clock uncertainty           -0.035    13.713    <hidden>
    SLICE_X45Y20         FDCE (Setup_fdce_C_D)        0.029    13.742    u_pc/pc_reg[17]
  -------------------------------------------------------------------
                         required time                         13.742    <hidden>
                         arrival time                         -13.722    <hidden>
  -------------------------------------------------------------------
                         slack                                  0.020    <hidden>

Slack (MET) :             0.025ns  (required time - arrival time)
  Source:                 u_if_stage/instr_hold_reg[24]/C
                            (rising edge-triggered cell FDCE clocked by sys_clk  {rise@0.000ns fall@6.075ns period=12.150ns})
  Destination:            u_pc/pc_reg[24]/D
                            (rising edge-triggered cell FDCE clocked by sys_clk  {rise@0.000ns fall@6.075ns period=12.150ns})
  Path Group:             sys_clk
  Path Type:              Setup (Max at Slow Process Corner)
  Requirement:            12.150ns  (sys_clk rise@12.150ns - sys_clk rise@0.000ns)
  Data Path Delay:        12.058ns  (logic 2.916ns (24.183%)  route 9.142ns (75.817%))
  Logic Levels:           13  (LUT3=1 LUT4=1 LUT5=1 LUT6=8 MUXF7=1 RAMD32=1)
  Clock Path Skew:        -0.063ns (DCD - SCD + CPR)
    Destination Clock Delay (DCD):    1.483ns = ( 13.633 - 12.150 ) 
    Source Clock Delay      (SCD):    1.661ns
    Clock Pessimism Removal (CPR):    0.115ns
  Clock Uncertainty:      0.035ns  ((TSJ^2 + TIJ^2)^1/2 + DJ) / 2 + PE
    Total System Jitter     (TSJ):    0.071ns
    Total Input Jitter      (TIJ):    0.000ns
    Discrete Jitter          (DJ):    0.000ns
    Phase Error              (PE):    0.000ns

    Location             Delay type                Incr(ns)  Path(ns)    Netlist Resource(s)
  -------------------------------------------------------------------    -------------------
                         (clock sys_clk rise edge)    0.000     0.000 r  <hidden>
                                                      0.000     0.000 r  clk
                         net (fo=488, unset)          1.661     1.661    u_if_stage/clk
    SLICE_X40Y15         FDCE                                         r  u_if_stage/instr_hold_reg[24]/C
  -------------------------------------------------------------------    -------------------
    SLICE_X40Y15         FDCE (Prop_fdce_C_Q)         0.419     2.080 r  u_if_stage/instr_hold_reg[24]/Q
                         net (fo=1, routed)           0.811     2.891    u_if_stage/instr_hold[24]
    SLICE_X44Y15         LUT4 (Prop_lut4_I0_O)        0.299     3.190 r  u_if_stage/dmem_wdata[4]_INST_0_i_4/O
                         net (fo=41, routed)          0.892     4.082    u_regfile/regs_reg_r2_0_31_0_5/ADDRB4
    SLICE_X42Y13         RAMD32 (Prop_ramd32_RADR4_O)
                                                      0.117     4.199 r  u_regfile/regs_reg_r2_0_31_0_5/RAMB/O
                         net (fo=6, routed)           0.828     5.028    u_regfile/rdata20[2]
    SLICE_X43Y12         LUT6 (Prop_lut6_I0_O)        0.348     5.376 r  u_regfile/dmem_wdata[2]_INST_0/O
                         net (fo=2, routed)           0.667     6.043    u_if_stage/dmem_wdata[2]
    SLICE_X40Y13         LUT6 (Prop_lut6_I0_O)        0.124     6.167 r  u_if_stage/dmem_addr[2]_INST_0_i_3/O
                         net (fo=110, routed)         1.365     7.532    u_if_stage/alu_b[2]
    SLICE_X48Y16         LUT5 (Prop_lut5_I1_O)        0.152     7.684 f  u_if_stage/dmem_addr[10]_INST_0_i_14/O
                         net (fo=2, routed)           0.902     8.586    u_if_stage/dmem_addr[10]_INST_0_i_14_n_0
    SLICE_X48Y19         LUT3 (Prop_lut3_I0_O)        0.326     8.912 f  u_if_stage/dmem_addr[10]_INST_0_i_11/O
                         net (fo=2, routed)           0.504     9.416    u_if_stage/dmem_addr[10]_INST_0_i_11_n_0
    SLICE_X49Y19         LUT6 (Prop_lut6_I3_O)        0.124     9.540 f  u_if_stage/dmem_addr[10]_INST_0_i_5/O
                         net (fo=1, routed)           0.582    10.121    u_if_stage/dmem_addr[10]_INST_0_i_5_n_0
    SLICE_X47Y19         LUT6 (Prop_lut6_I3_O)        0.124    10.245 f  u_if_stage/dmem_addr[10]_INST_0_i_1/O
                         net (fo=1, routed)           0.000    10.245    u_if_stage/dmem_addr[10]_INST_0_i_1_n_0
    SLICE_X47Y19         MUXF7 (Prop_muxf7_I0_O)      0.212    10.457 f  u_if_stage/dmem_addr[10]_INST_0/O
                         net (fo=3, routed)           0.995    11.453    u_if_stage/dmem_addr[10]_INST_0_i_2_0
    SLICE_X47Y18         LUT6 (Prop_lut6_I2_O)        0.299    11.752 r  u_if_stage/pc[31]_i_23/O
                         net (fo=1, routed)           0.789    12.541    u_if_stage/pc[31]_i_23_n_0
    SLICE_X45Y18         LUT6 (Prop_lut6_I3_O)        0.124    12.665 r  u_if_stage/pc[31]_i_14/O
                         net (fo=1, routed)           0.154    12.819    u_if_stage/alu_zero
    SLICE_X45Y18         LUT6 (Prop_lut6_I0_O)        0.124    12.943 r  u_if_stage/pc[31]_i_6/O
                         net (fo=33, routed)          0.652    13.595    u_if_stage/branch_taken
    SLICE_X45Y20         LUT6 (Prop_lut6_I2_O)        0.124    13.719 r  u_if_stage/pc[24]_i_1/O
                         net (fo=1, routed)           0.000    13.719    u_pc/pc_reg[31]_1[24]
    SLICE_X45Y20         FDCE                                         r  u_pc/pc_reg[24]/D
  -------------------------------------------------------------------    -------------------

                         (clock sys_clk rise edge)   12.150    12.150 r  <hidden>
                                                      0.000    12.150 r  clk
                         net (fo=488, unset)          1.483    13.633    u_pc/clk
    SLICE_X45Y20         FDCE                                         r  u_pc/pc_reg[24]/C
                         clock pessimism              0.115    13.748    <hidden>
                         clock uncertainty           -0.035    13.713    <hidden>
    SLICE_X45Y20         FDCE (Setup_fdce_C_D)        0.031    13.744    u_pc/pc_reg[24]
  -------------------------------------------------------------------
                         required time                         13.744    <hidden>
                         arrival time                         -13.719    <hidden>
  -------------------------------------------------------------------
                         slack                                  0.025    <hidden>

Slack (MET) :             0.025ns  (required time - arrival time)
  Source:                 u_if_stage/instr_hold_reg[24]/C
                            (rising edge-triggered cell FDCE clocked by sys_clk  {rise@0.000ns fall@6.075ns period=12.150ns})
  Destination:            u_pc/pc_reg[27]/D
                            (rising edge-triggered cell FDCE clocked by sys_clk  {rise@0.000ns fall@6.075ns period=12.150ns})
  Path Group:             sys_clk
  Path Type:              Setup (Max at Slow Process Corner)
  Requirement:            12.150ns  (sys_clk rise@12.150ns - sys_clk rise@0.000ns)
  Data Path Delay:        12.058ns  (logic 2.916ns (24.184%)  route 9.142ns (75.816%))
  Logic Levels:           13  (LUT3=1 LUT4=1 LUT5=1 LUT6=8 MUXF7=1 RAMD32=1)
  Clock Path Skew:        -0.063ns (DCD - SCD + CPR)
    Destination Clock Delay (DCD):    1.483ns = ( 13.633 - 12.150 ) 
    Source Clock Delay      (SCD):    1.661ns
    Clock Pessimism Removal (CPR):    0.115ns
  Clock Uncertainty:      0.035ns  ((TSJ^2 + TIJ^2)^1/2 + DJ) / 2 + PE
    Total System Jitter     (TSJ):    0.071ns
    Total Input Jitter      (TIJ):    0.000ns
    Discrete Jitter          (DJ):    0.000ns
    Phase Error              (PE):    0.000ns

    Location             Delay type                Incr(ns)  Path(ns)    Netlist Resource(s)
  -------------------------------------------------------------------    -------------------
                         (clock sys_clk rise edge)    0.000     0.000 r  <hidden>
                                                      0.000     0.000 r  clk
                         net (fo=488, unset)          1.661     1.661    u_if_stage/clk
    SLICE_X40Y15         FDCE                                         r  u_if_stage/instr_hold_reg[24]/C
  -------------------------------------------------------------------    -------------------
    SLICE_X40Y15         FDCE (Prop_fdce_C_Q)         0.419     2.080 r  u_if_stage/instr_hold_reg[24]/Q
                         net (fo=1, routed)           0.811     2.891    u_if_stage/instr_hold[24]
    SLICE_X44Y15         LUT4 (Prop_lut4_I0_O)        0.299     3.190 r  u_if_stage/dmem_wdata[4]_INST_0_i_4/O
                         net (fo=41, routed)          0.892     4.082    u_regfile/regs_reg_r2_0_31_0_5/ADDRB4
    SLICE_X42Y13         RAMD32 (Prop_ramd32_RADR4_O)
                                                      0.117     4.199 r  u_regfile/regs_reg_r2_0_31_0_5/RAMB/O
                         net (fo=6, routed)           0.828     5.028    u_regfile/rdata20[2]
    SLICE_X43Y12         LUT6 (Prop_lut6_I0_O)        0.348     5.376 r  u_regfile/dmem_wdata[2]_INST_0/O
                         net (fo=2, routed)           0.667     6.043    u_if_stage/dmem_wdata[2]
    SLICE_X40Y13         LUT6 (Prop_lut6_I0_O)        0.124     6.167 r  u_if_stage/dmem_addr[2]_INST_0_i_3/O
                         net (fo=110, routed)         1.365     7.532    u_if_stage/alu_b[2]
    SLICE_X48Y16         LUT5 (Prop_lut5_I1_O)        0.152     7.684 f  u_if_stage/dmem_addr[10]_INST_0_i_14/O
                         net (fo=2, routed)           0.902     8.586    u_if_stage/dmem_addr[10]_INST_0_i_14_n_0
    SLICE_X48Y19         LUT3 (Prop_lut3_I0_O)        0.326     8.912 f  u_if_stage/dmem_addr[10]_INST_0_i_11/O
                         net (fo=2, routed)           0.504     9.416    u_if_stage/dmem_addr[10]_INST_0_i_11_n_0
    SLICE_X49Y19         LUT6 (Prop_lut6_I3_O)        0.124     9.540 f  u_if_stage/dmem_addr[10]_INST_0_i_5/O
                         net (fo=1, routed)           0.582    10.121    u_if_stage/dmem_addr[10]_INST_0_i_5_n_0
    SLICE_X47Y19         LUT6 (Prop_lut6_I3_O)        0.124    10.245 f  u_if_stage/dmem_addr[10]_INST_0_i_1/O
                         net (fo=1, routed)           0.000    10.245    u_if_stage/dmem_addr[10]_INST_0_i_1_n_0
    SLICE_X47Y19         MUXF7 (Prop_muxf7_I0_O)      0.212    10.457 f  u_if_stage/dmem_addr[10]_INST_0/O
                         net (fo=3, routed)           0.995    11.453    u_if_stage/dmem_addr[10]_INST_0_i_2_0
    SLICE_X47Y18         LUT6 (Prop_lut6_I2_O)        0.299    11.752 r  u_if_stage/pc[31]_i_23/O
                         net (fo=1, routed)           0.789    12.541    u_if_stage/pc[31]_i_23_n_0
    SLICE_X45Y18         LUT6 (Prop_lut6_I3_O)        0.124    12.665 r  u_if_stage/pc[31]_i_14/O
                         net (fo=1, routed)           0.154    12.819    u_if_stage/alu_zero
    SLICE_X45Y18         LUT6 (Prop_lut6_I0_O)        0.124    12.943 r  u_if_stage/pc[31]_i_6/O
                         net (fo=33, routed)          0.651    13.595    u_if_stage/branch_taken
    SLICE_X45Y20         LUT6 (Prop_lut6_I2_O)        0.124    13.719 r  u_if_stage/pc[27]_i_1/O
                         net (fo=1, routed)           0.000    13.719    u_pc/pc_reg[31]_1[27]
    SLICE_X45Y20         FDCE                                         r  u_pc/pc_reg[27]/D
  -------------------------------------------------------------------    -------------------

                         (clock sys_clk rise edge)   12.150    12.150 r  <hidden>
                                                      0.000    12.150 r  clk
                         net (fo=488, unset)          1.483    13.633    u_pc/clk
    SLICE_X45Y20         FDCE                                         r  u_pc/pc_reg[27]/C
                         clock pessimism              0.115    13.748    <hidden>
                         clock uncertainty           -0.035    13.713    <hidden>
    SLICE_X45Y20         FDCE (Setup_fdce_C_D)        0.031    13.744    u_pc/pc_reg[27]
  -------------------------------------------------------------------
                         required time                         13.744    <hidden>
                         arrival time                         -13.719    <hidden>
  -------------------------------------------------------------------
                         slack                                  0.025    <hidden>




