Copyright 1986-2022 Xilinx, Inc. All Rights Reserved. Copyright 2022-2026 Advanced Micro Devices, Inc. All Rights Reserved.
------------------------------------------------------------------------------------------------------------------------------------------------------------
| Tool Version : Vivado v.2026.1 (win64) Build 6511674 Tue Jun 16 11:02:23 MDT 2026
| Date         : Mon Oct  5 23:22:48 2026
| Host         : Walter-Cooper running 64-bit major release  (build 9200)
| Command      : report_timing_summary -file D:/Desktop/contests/2026fpga/FPGA-Alittle-Design/build/reports/fmax/v1_12p15ns/timing_impl.rpt -delay_type max
| Design       : core_top
| Device       : 7z020-clg400
| Speed File   : -1  PRODUCTION 1.12 2019-11-22
| Design State : Routed
------------------------------------------------------------------------------------------------------------------------------------------------------------

Timing Summary Report

------------------------------------------------------------------------------------------------
| Timer Settings
| --------------
------------------------------------------------------------------------------------------------

  Enable Multi Corner Analysis               :  Yes
  Enable Pessimism Removal                   :  Yes
  Pessimism Removal Resolution               :  Nearest Common Node
  Enable Input Delay Default Clock           :  No
  Enable Preset / Clear Arcs                 :  No
  Disable Flight Delays                      :  No
  Ignore I/O Paths                           :  No
  Timing Early Launch at Borrowing Latches   :  No
  Borrow Time for Max Delay Exceptions       :  Yes
  Merge Timing Exceptions                    :  Yes
  Inter-SLR Compensation                     :  Conservative

  Corner  Analyze    Analyze    
  Name    Max Paths  Min Paths  
  ------  ---------  ---------  
  Slow    Yes        Yes        
  Fast    Yes        Yes        


------------------------------------------------------------------------------------------------
| Report Methodology
| ------------------
------------------------------------------------------------------------------------------------

No report available as report_methodology has not been run prior. Run report_methodology on the current design for the summary of methodology violations.



check_timing report

Table of Contents
-----------------
1. checking no_clock (0)
2. checking constant_clock (0)
3. checking pulse_width_clock (0)
4. checking unconstrained_internal_endpoints (0)
5. checking no_input_delay (65)
6. checking no_output_delay (101)
7. checking multiple_clock (0)
8. checking generated_clocks (0)
9. checking loops (0)
10. checking partial_input_delay (0)
11. checking partial_output_delay (0)
12. checking latch_loops (0)

1. checking no_clock (0)
------------------------
 There are 0 register/latch pins with no clock.


2. checking constant_clock (0)
------------------------------
 There are 0 register/latch pins with constant_clock.


3. checking pulse_width_clock (0)
---------------------------------
 There are 0 register/latch pins which need pulse_width check


4. checking unconstrained_internal_endpoints (0)
------------------------------------------------
 There are 0 pins that are not constrained for maximum delay.

 There are 0 pins that are not constrained for maximum delay due to constant clock.


5. checking no_input_delay (65)
-------------------------------
 There are 65 input ports with no input delay specified. (HIGH)

 There are 0 input ports with no input delay but user has a false path constraint.


6. checking no_output_delay (101)
---------------------------------
 There are 101 ports with no output delay specified. (HIGH)

 There are 0 ports with no output delay but user has a false path constraint

 There are 0 ports with no output delay but with a timing clock defined on it or propagating through it


7. checking multiple_clock (0)
------------------------------
 There are 0 register/latch pins with multiple clocks.


8. checking generated_clocks (0)
--------------------------------
 There are 0 generated clocks that are not connected to a clock source.


9. checking loops (0)
---------------------
 There are 0 combinational loops in the design.


10. checking partial_input_delay (0)
------------------------------------
 There are 0 input ports with partial input delay specified.


11. checking partial_output_delay (0)
-------------------------------------
 There are 0 ports with partial output delay specified.


12. checking latch_loops (0)
----------------------------
 There are 0 combinational latch loops in the design through latch input



------------------------------------------------------------------------------------------------
| Design Timing Summary
| ---------------------
------------------------------------------------------------------------------------------------

    WNS(ns)      TNS(ns)  TNS Failing Endpoints  TNS Total Endpoints     WPWS(ns)     TPWS(ns)  TPWS Failing Endpoints  TPWS Total Endpoints  
    -------      -------  ---------------------  -------------------     --------     --------  ----------------------  --------------------  
     -0.152       -0.496                      6                 1394        4.825        0.000                       0                   489  


Timing constraints are not met.


------------------------------------------------------------------------------------------------
| Clock Summary
| -------------
------------------------------------------------------------------------------------------------

Clock    Waveform(ns)       Period(ns)      Frequency(MHz)
-----    ------------       ----------      --------------
sys_clk  {0.000 6.075}      12.150          82.305          


------------------------------------------------------------------------------------------------
| Intra Clock Table
| -----------------
------------------------------------------------------------------------------------------------

Clock             WNS(ns)      TNS(ns)  TNS Failing Endpoints  TNS Total Endpoints     WPWS(ns)     TPWS(ns)  TPWS Failing Endpoints  TPWS Total Endpoints  
-----             -------      -------  ---------------------  -------------------     --------     --------  ----------------------  --------------------  
sys_clk            -0.152       -0.496                      6                 1394        4.825        0.000                       0                   489  


------------------------------------------------------------------------------------------------
| Inter Clock Table
| -----------------
------------------------------------------------------------------------------------------------

From Clock    To Clock          WNS(ns)      TNS(ns)  TNS Failing Endpoints  TNS Total Endpoints  
----------    --------          -------      -------  ---------------------  -------------------  


------------------------------------------------------------------------------------------------
| Other Path Groups Table
| -----------------------
------------------------------------------------------------------------------------------------

Path Group    From Clock    To Clock          WNS(ns)      TNS(ns)  TNS Failing Endpoints  TNS Total Endpoints  
----------    ----------    --------          -------      -------  ---------------------  -------------------  


------------------------------------------------------------------------------------------------
| Timing Details
| --------------
------------------------------------------------------------------------------------------------


---------------------------------------------------------------------------------------------------
From Clock:  sys_clk
  To Clock:  sys_clk

Setup :            6  Failing Endpoints,  Worst Slack       -0.152ns,  Total Violation       -0.496ns
Hold  :           NA  Failing Endpoints,  Worst Slack           NA  ,  Total Violation           NA
PW    :            0  Failing Endpoints,  Worst Slack        4.825ns,  Total Violation        0.000ns
---------------------------------------------------------------------------------------------------


Max Delay Paths
--------------------------------------------------------------------------------------
Slack (VIOLATED) :        -0.152ns  (required time - arrival time)
  Source:                 u_if_stage/instr_hold_reg[24]/C
                            (rising edge-triggered cell FDCE clocked by sys_clk  {rise@0.000ns fall@6.075ns period=12.150ns})
  Destination:            u_pc/pc_reg[6]/D
                            (rising edge-triggered cell FDCE clocked by sys_clk  {rise@0.000ns fall@6.075ns period=12.150ns})
  Path Group:             sys_clk
  Path Type:              Setup (Max at Slow Process Corner)
  Requirement:            12.150ns  (sys_clk rise@12.150ns - sys_clk rise@0.000ns)
  Data Path Delay:        12.122ns  (logic 2.916ns (24.056%)  route 9.206ns (75.944%))
  Logic Levels:           13  (LUT3=1 LUT4=1 LUT5=1 LUT6=8 MUXF7=1 RAMD32=1)
  Clock Path Skew:        -0.176ns (DCD - SCD + CPR)
    Destination Clock Delay (DCD):    1.472ns = ( 13.622 - 12.150 ) 
    Source Clock Delay      (SCD):    1.661ns
    Clock Pessimism Removal (CPR):    0.013ns
  Clock Uncertainty:      0.035ns  ((TSJ^2 + TIJ^2)^1/2 + DJ) / 2 + PE
    Total System Jitter     (TSJ):    0.071ns
    Total Input Jitter      (TIJ):    0.000ns
    Discrete Jitter          (DJ):    0.000ns
    Phase Error              (PE):    0.000ns

    Location             Delay type                Incr(ns)  Path(ns)    Netlist Resource(s)
  -------------------------------------------------------------------    -------------------
                         (clock sys_clk rise edge)    0.000     0.000 r  <hidden>
                                                      0.000     0.000 r  clk
                         net (fo=488, unset)          1.661     1.661    u_if_stage/clk
    SLICE_X40Y15         FDCE                                         r  u_if_stage/instr_hold_reg[24]/C
  -------------------------------------------------------------------    -------------------
    SLICE_X40Y15         FDCE (Prop_fdce_C_Q)         0.419     2.080 r  u_if_stage/instr_hold_reg[24]/Q
                         net (fo=1, routed)           0.811     2.891    u_if_stage/instr_hold[24]
    SLICE_X44Y15         LUT4 (Prop_lut4_I0_O)        0.299     3.190 r  u_if_stage/dmem_wdata[4]_INST_0_i_4/O
                         net (fo=41, routed)          0.892     4.082    u_regfile/regs_reg_r2_0_31_0_5/ADDRB4
    SLICE_X42Y13         RAMD32 (Prop_ramd32_RADR4_O)
                                                      0.117     4.199 r  u_regfile/regs_reg_r2_0_31_0_5/RAMB/O
                         net (fo=6, routed)           0.828     5.028    u_regfile/rdata20[2]
    SLICE_X43Y12         LUT6 (Prop_lut6_I0_O)        0.348     5.376 r  u_regfile/dmem_wdata[2]_INST_0/O
                         net (fo=2, routed)           0.667     6.043    u_if_stage/dmem_wdata[2]
    SLICE_X40Y13         LUT6 (Prop_lut6_I0_O)        0.124     6.167 r  u_if_stage/dmem_addr[2]_INST_0_i_3/O
                         net (fo=110, routed)         1.365     7.532    u_if_stage/alu_b[2]
    SLICE_X48Y16         LUT5 (Prop_lut5_I1_O)        0.152     7.684 f  u_if_stage/dmem_addr[10]_INST_0_i_14/O
                         net (fo=2, routed)           0.902     8.586    u_if_stage/dmem_addr[10]_INST_0_i_14_n_0
    SLICE_X48Y19         LUT3 (Prop_lut3_I0_O)        0.326     8.912 f  u_if_stage/dmem_addr[10]_INST_0_i_11/O
                         net (fo=2, routed)           0.504     9.416    u_if_stage/dmem_addr[10]_INST_0_i_11_n_0
    SLICE_X49Y19         LUT6 (Prop_lut6_I3_O)        0.124     9.540 f  u_if_stage/dmem_addr[10]_INST_0_i_5/O
                         net (fo=1, routed)           0.582    10.121    u_if_stage/dmem_addr[10]_INST_0_i_5_n_0
    SLICE_X47Y19         LUT6 (Prop_lut6_I3_O)        0.124    10.245 f  u_if_stage/dmem_addr[10]_INST_0_i_1/O
                         net (fo=1, routed)           0.000    10.245    u_if_stage/dmem_addr[10]_INST_0_i_1_n_0
    SLICE_X47Y19         MUXF7 (Prop_muxf7_I0_O)      0.212    10.457 f  u_if_stage/dmem_addr[10]_INST_0/O
                         net (fo=3, routed)           0.995    11.453    u_if_stage/dmem_addr[10]_INST_0_i_2_0
    SLICE_X47Y18         LUT6 (Prop_lut6_I2_O)        0.299    11.752 r  u_if_stage/pc[31]_i_23/O
                         net (fo=1, routed)           0.789    12.541    u_if_stage/pc[31]_i_23_n_0
    SLICE_X45Y18         LUT6 (Prop_lut6_I3_O)        0.124    12.665 r  u_if_stage/pc[31]_i_14/O
                         net (fo=1, routed)           0.154    12.819    u_if_stage/alu_zero
    SLICE_X45Y18         LUT6 (Prop_lut6_I0_O)        0.124    12.943 r  u_if_stage/pc[31]_i_6/O
                         net (fo=33, routed)          0.716    13.659    u_if_stage/branch_taken
    SLICE_X53Y18         LUT6 (Prop_lut6_I2_O)        0.124    13.783 r  u_if_stage/pc[6]_i_1/O
                         net (fo=1, routed)           0.000    13.783    u_pc/pc_reg[31]_1[6]
    SLICE_X53Y18         FDCE                                         r  u_pc/pc_reg[6]/D
  -------------------------------------------------------------------    -------------------

                         (clock sys_clk rise edge)   12.150    12.150 r  <hidden>
                                                      0.000    12.150 r  clk
                         net (fo=488, unset)          1.472    13.622    u_pc/clk
    SLICE_X53Y18         FDCE                                         r  u_pc/pc_reg[6]/C
                         clock pessimism              0.013    13.635    <hidden>
                         clock uncertainty           -0.035    13.600    <hidden>
    SLICE_X53Y18         FDCE (Setup_fdce_C_D)        0.031    13.631    u_pc/pc_reg[6]
  -------------------------------------------------------------------
                         required time                         13.631    <hidden>
                         arrival time                         -13.783    <hidden>
  -------------------------------------------------------------------
                         slack                                 -0.152    <hidden>





Pulse Width Checks
--------------------------------------------------------------------------------------
Clock Name:         sys_clk
Waveform(ns):       { 0.000 6.075 }
Period(ns):         12.150
Sources:            { clk }

Check Type        Corner  Lib Pin     Reference Pin  Required(ns)  Actual(ns)  Slack(ns)  Location      Pin
Min Period        n/a     FDCE/C      n/a            1.000         12.150      11.150     SLICE_X39Y10  muldiv_pending_reg/C
Low Pulse Width   Slow    RAMD32/CLK  n/a            1.250         6.075       4.825      SLICE_X38Y13  u_regfile/regs_reg_r1_0_31_0_5/RAMA/CLK
High Pulse Width  Slow    RAMD32/CLK  n/a            1.250         6.075       4.825      SLICE_X38Y13  u_regfile/regs_reg_r1_0_31_0_5/RAMA/CLK



