== tb_rgb2gray ==
vision/tb_rgb2gray.v:12: warning: Instantiating module rgb2gray with dangling input port 2 (in_vs) floating.
vision/tb_rgb2gray.v:12: warning: Instantiating module rgb2gray with dangling input port 3 (in_hs) floating.
PASS: rgb2gray 128 px, 0 errors
vision/tb_rgb2gray.v:44: $finish called at 1340000 (1ps)
== tb_line_buffer ==
PASS: line_buffer sync-read, read-before-write, addressing
vision/tb_line_buffer.v:60: $finish called at 360000 (1ps)
== tb_gaussian3x3 ==
PASS: gaussian3x3 128 px, 0 errors
vision/tb_gaussian3x3.v:55: $finish called at 2140000 (1ps)
== tb_scaler ==
../src/vision/scaler.v:105: warning: @* is sensitive to all 16 words in array 'slot_rd'.
../src/vision/scaler.v:106: warning: @* is sensitive to all 16 words in array 'slot_rd'.
../src/vision/scaler.v:118: warning: @* is sensitive to all 16 words in array 'slot_rd'.
../src/vision/scaler.v:119: warning: @* is sensitive to all 16 words in array 'slot_rd'.
PASS: scaler 16x8->32x16, 512 px, 0 errors
vision/tb_scaler.v:69: $finish called at 14740000 (1ps)
== tb_scaler_ds ==
../src/vision/scaler.v:105: warning: @* is sensitive to all 8 words in array 'slot_rd'.
../src/vision/scaler.v:106: warning: @* is sensitive to all 8 words in array 'slot_rd'.
../src/vision/scaler.v:118: warning: @* is sensitive to all 8 words in array 'slot_rd'.
../src/vision/scaler.v:119: warning: @* is sensitive to all 8 words in array 'slot_rd'.
PASS: scaler_ds 32x16->8x4 downscale, 32 px, 0 errors (slot reuse exercised)
vision/tb_scaler_ds.v:71: $finish called at 18980000 (1ps)
== tb_sobel ==
PASS: sobel 128 px, 0 errors
vision/tb_sobel.v:55: $finish called at 2140000 (1ps)
== tb_chain ==
PASS: chain rgb2gray->gaussian, gray 128 px + gauss 128 px, 0 errors
vision/tb_chain.v:76: $finish called at 2140000 (1ps)
== tb_fullchain ==
../src/vision/scaler.v:105: warning: @* is sensitive to all 16 words in array 'slot_rd'.
../src/vision/scaler.v:106: warning: @* is sensitive to all 16 words in array 'slot_rd'.
../src/vision/scaler.v:118: warning: @* is sensitive to all 16 words in array 'slot_rd'.
../src/vision/scaler.v:119: warning: @* is sensitive to all 16 words in array 'slot_rd'.
PASS: fullchain gray 128 + gauss 128 + scaler 512 px, 0 errors
vision/tb_fullchain.v:96: $finish called at 15740000 (1ps)
== tb_osd ==
PASS: osd 2 frames 256 px, 0 errors (param latch at vs verified)
vision/tb_osd.v:90: $finish called at 3500000 (1ps)
== tb_axi_regs ==
PASS: axi_regs rw/strb/reserved/oob/flat, 0 errors
vision/tb_axi_regs.v:119: $finish called at 460000 (1ps)
== tb_in_align ==
PASS: in_align 3 frames, 384 px passthrough, 24 hs/4 vs, spacing OK (vs/hs collision deferred)
vision/tb_in_align.v:137: $finish called at 5780000 (1ps)
== tb_cop_buf ==
PASS: cop_buf 3 frames ping-pong, 96 px replay = golden, ready-gate + concurrent write verified
vision/tb_cop_buf.v:89: $finish called at 5390000 (1ps)
== tb_top ==
../src/vision/scaler.v:105: warning: @* is sensitive to all 16 words in array 'slot_rd'.
../src/vision/scaler.v:106: warning: @* is sensitive to all 16 words in array 'slot_rd'.
../src/vision/scaler.v:118: warning: @* is sensitive to all 16 words in array 'slot_rd'.
../src/vision/scaler.v:119: warning: @* is sensitive to all 16 words in array 'slot_rd'.
PASS: vision_top v0.3 6 frames dual-path, display 768 px + cop 512 px, 0 errors (frame-latch verified)
PASS: A5 latency gray=1 gauss=25 gauss+sobel=49 cycles (1-row window lag model match), scaler throughput-based
vision/tb_top.v:219: $finish called at 136480000 (1ps)
== tb_cop_buf_stress ==
PASS: cop_buf distinct frames, simultaneous start/commit, congestion, drain and reset
vision/tb_cop_buf_stress.v:59: $finish called at 8850000 (1ps)
