Copyright 1986-2022 Xilinx, Inc. All Rights Reserved. Copyright 2022-2026 Advanced Micro Devices, Inc. All Rights Reserved.
---------------------------------------------------------------------------------------------------------------------------------------------
| Tool Version : Vivado v.2026.1 (win64) Build 6511674 Tue Jun 16 11:02:23 MDT 2026
| Date         : Thu Oct  1 23:41:34 2026
| Host         : never-die-cold running 64-bit major release  (build 9200)
| Command      : report_timing_summary -file build/reports/vision_ooc/vision_top_real75_timing.rpt
| Design       : vision_top
| Device       : 7z020-clg400
| Speed File   : -1  PRODUCTION 1.12 2019-11-22
| Design State : Synthesized
---------------------------------------------------------------------------------------------------------------------------------------------

Timing Summary Report

------------------------------------------------------------------------------------------------
| Timer Settings
| --------------
------------------------------------------------------------------------------------------------

  Enable Multi Corner Analysis               :  Yes
  Enable Pessimism Removal                   :  Yes
  Pessimism Removal Resolution               :  Nearest Common Node
  Enable Input Delay Default Clock           :  No
  Enable Preset / Clear Arcs                 :  No
  Disable Flight Delays                      :  No
  Ignore I/O Paths                           :  No
  Timing Early Launch at Borrowing Latches   :  No
  Borrow Time for Max Delay Exceptions       :  Yes
  Merge Timing Exceptions                    :  Yes
  Inter-SLR Compensation                     :  Conservative

  Corner  Analyze    Analyze    
  Name    Max Paths  Min Paths  
  ------  ---------  ---------  
  Slow    Yes        Yes        
  Fast    Yes        Yes        


------------------------------------------------------------------------------------------------
| Report Methodology
| ------------------
------------------------------------------------------------------------------------------------

No report available as report_methodology has not been run prior. Run report_methodology on the current design for the summary of methodology violations.



check_timing report

Table of Contents
-----------------
1. checking no_clock (0)
2. checking constant_clock (0)
3. checking pulse_width_clock (0)
4. checking unconstrained_internal_endpoints (0)
5. checking no_input_delay (33)
6. checking no_output_delay (24)
7. checking multiple_clock (0)
8. checking generated_clocks (0)
9. checking loops (0)
10. checking partial_input_delay (0)
11. checking partial_output_delay (0)
12. checking latch_loops (0)

1. checking no_clock (0)
------------------------
 There are 0 register/latch pins with no clock.


2. checking constant_clock (0)
------------------------------
 There are 0 register/latch pins with constant_clock.


3. checking pulse_width_clock (0)
---------------------------------
 There are 0 register/latch pins which need pulse_width check


4. checking unconstrained_internal_endpoints (0)
------------------------------------------------
 There are 0 pins that are not constrained for maximum delay.

 There are 0 pins that are not constrained for maximum delay due to constant clock.


5. checking no_input_delay (33)
-------------------------------
 There are 33 input ports with no input delay specified. (HIGH)

 There are 0 input ports with no input delay but user has a false path constraint.


6. checking no_output_delay (24)
--------------------------------
 There are 24 ports with no output delay specified. (HIGH)

 There are 0 ports with no output delay but user has a false path constraint

 There are 0 ports with no output delay but with a timing clock defined on it or propagating through it


7. checking multiple_clock (0)
------------------------------
 There are 0 register/latch pins with multiple clocks.


8. checking generated_clocks (0)
--------------------------------
 There are 0 generated clocks that are not connected to a clock source.


9. checking loops (0)
---------------------
 There are 0 combinational loops in the design.


10. checking partial_input_delay (0)
------------------------------------
 There are 0 input ports with partial input delay specified.


11. checking partial_output_delay (0)
-------------------------------------
 There are 0 ports with partial output delay specified.


12. checking latch_loops (0)
----------------------------
 There are 0 combinational latch loops in the design through latch input



------------------------------------------------------------------------------------------------
| Design Timing Summary
| ---------------------
------------------------------------------------------------------------------------------------

    WNS(ns)      TNS(ns)  TNS Failing Endpoints  TNS Total Endpoints      WHS(ns)      THS(ns)  THS Failing Endpoints  THS Total Endpoints     WPWS(ns)     TPWS(ns)  TPWS Failing Endpoints  TPWS Total Endpoints  
    -------      -------  ---------------------  -------------------      -------      -------  ---------------------  -------------------     --------     --------  ----------------------  --------------------  
      2.934        0.000                      0                  741        0.262        0.000                      0                  741        4.500        0.000                       0                   301  


All user specified timing constraints are met.


------------------------------------------------------------------------------------------------
| Clock Summary
| -------------
------------------------------------------------------------------------------------------------

Clock       Waveform(ns)       Period(ns)      Frequency(MHz)
-----       ------------       ----------      --------------
pclk        {0.000 6.734}      13.468          74.250          
s_axi_aclk  {0.000 5.000}      10.000          100.000         


------------------------------------------------------------------------------------------------
| Intra Clock Table
| -----------------
------------------------------------------------------------------------------------------------

Clock             WNS(ns)      TNS(ns)  TNS Failing Endpoints  TNS Total Endpoints      WHS(ns)      THS(ns)  THS Failing Endpoints  THS Total Endpoints     WPWS(ns)     TPWS(ns)  TPWS Failing Endpoints  TPWS Total Endpoints  
-----             -------      -------  ---------------------  -------------------      -------      -------  ---------------------  -------------------     --------     --------  ----------------------  --------------------  
pclk                2.934        0.000                      0                  739        0.262        0.000                      0                  739        6.234        0.000                       0                   299  
s_axi_aclk          8.404        0.000                      0                    2        0.406        0.000                      0                    2        4.500        0.000                       0                     2  


------------------------------------------------------------------------------------------------
| Inter Clock Table
| -----------------
------------------------------------------------------------------------------------------------

From Clock    To Clock          WNS(ns)      TNS(ns)  TNS Failing Endpoints  TNS Total Endpoints      WHS(ns)      THS(ns)  THS Failing Endpoints  THS Total Endpoints  
----------    --------          -------      -------  ---------------------  -------------------      -------      -------  ---------------------  -------------------  


------------------------------------------------------------------------------------------------
| Other Path Groups Table
| -----------------------
------------------------------------------------------------------------------------------------

Path Group    From Clock    To Clock          WNS(ns)      TNS(ns)  TNS Failing Endpoints  TNS Total Endpoints      WHS(ns)      THS(ns)  THS Failing Endpoints  THS Total Endpoints  
----------    ----------    --------          -------      -------  ---------------------  -------------------      -------      -------  ---------------------  -------------------  


------------------------------------------------------------------------------------------------
| Timing Details
| --------------
------------------------------------------------------------------------------------------------


---------------------------------------------------------------------------------------------------
From Clock:  pclk
  To Clock:  pclk

Setup :            0  Failing Endpoints,  Worst Slack        2.934ns,  Total Violation        0.000ns
Hold  :            0  Failing Endpoints,  Worst Slack        0.262ns,  Total Violation        0.000ns
PW    :            0  Failing Endpoints,  Worst Slack        6.234ns,  Total Violation        0.000ns
---------------------------------------------------------------------------------------------------


Max Delay Paths
--------------------------------------------------------------------------------------
Slack (MET) :             2.934ns  (required time - arrival time)
  Source:                 u_scaler/gen_slot[4].lb/mem_reg/CLKBWRCLK
                            (rising edge-triggered cell RAMB18E1 clocked by pclk  {rise@0.000ns fall@6.734ns period=13.468ns})
  Destination:            u_scaler/bot8_r_reg[5]/D
                            (rising edge-triggered cell FDCE clocked by pclk  {rise@0.000ns fall@6.734ns period=13.468ns})
  Path Group:             pclk
  Path Type:              Setup (Max at Slow Process Corner)
  Requirement:            13.468ns  (pclk rise@13.468ns - pclk rise@0.000ns)
  Data Path Delay:        10.559ns  (logic 5.965ns (56.494%)  route 4.594ns (43.506%))
  Logic Levels:           11  (CARRY4=5 LUT2=1 LUT4=1 LUT6=3 MUXF7=1)
  Clock Path Skew:        -0.049ns (DCD - SCD + CPR)
    Destination Clock Delay (DCD):    0.924ns = ( 14.392 - 13.468 ) 
    Source Clock Delay      (SCD):    0.973ns
    Clock Pessimism Removal (CPR):    0.000ns
  Clock Uncertainty:      0.035ns  ((TSJ^2 + TIJ^2)^1/2 + DJ) / 2 + PE
    Total System Jitter     (TSJ):    0.071ns
    Total Input Jitter      (TIJ):    0.000ns
    Discrete Jitter          (DJ):    0.000ns
    Phase Error              (PE):    0.000ns

    Location             Delay type                Incr(ns)  Path(ns)    Netlist Resource(s)
  -------------------------------------------------------------------    -------------------
                         (clock pclk rise edge)       0.000     0.000 r  <hidden>
                                                      0.000     0.000 r  clk
                         net (fo=298, unset)          0.973     0.973    u_scaler/gen_slot[4].lb/clk
                         RAMB18E1                                     r  u_scaler/gen_slot[4].lb/mem_reg/CLKBWRCLK
  -------------------------------------------------------------------    -------------------
                         RAMB18E1 (Prop_ramb18e1_CLKBWRCLK_DOBDO[3])
                                                      2.454     3.427 r  u_scaler/gen_slot[4].lb/mem_reg/DOBDO[3]
                         net (fo=4, unplaced)         0.800     4.227    u_scaler/gen_slot[7].lb/p00r_reg[7]_0[3]
                         LUT6 (Prop_lut6_I5_O)        0.124     4.351 r  u_scaler/gen_slot[7].lb/bot8_r[7]_i_123/O
                         net (fo=1, unplaced)         0.000     4.351    u_scaler/gen_slot[3].lb/bot8_r[3]_i_117_2
                         MUXF7 (Prop_muxf7_I1_O)      0.247     4.598 r  u_scaler/gen_slot[3].lb/bot8_r_reg[7]_i_110/O
                         net (fo=16, unplaced)        0.959     5.557    u_scaler/gen_slot[3].lb/bot8_r_reg[7]_i_110_n_0
                         LUT6 (Prop_lut6_I1_O)        0.298     5.855 r  u_scaler/gen_slot[3].lb/bot8_r[3]_i_113/O
                         net (fo=1, unplaced)         0.473     6.328    u_scaler/gen_slot[3].lb/bot8_r[3]_i_113_n_0
                         CARRY4 (Prop_carry4_DI[3]_CO[3])
                                                      0.396     6.724 r  u_scaler/gen_slot[3].lb/bot8_r_reg[3]_i_83/CO[3]
                         net (fo=1, unplaced)         0.009     6.733    u_scaler/gen_slot[3].lb/bot8_r_reg[3]_i_83_n_0
                         CARRY4 (Prop_carry4_CI_O[1])
                                                      0.337     7.070 r  u_scaler/gen_slot[3].lb/bot8_r_reg[7]_i_78/O[1]
                         net (fo=3, unplaced)         0.629     7.699    u_scaler/gen_slot[3].lb/bot8_r_reg[7]_i_78_n_6
                         LUT4 (Prop_lut4_I3_O)        0.332     8.031 r  u_scaler/gen_slot[3].lb/bot8_r[3]_i_82/O
                         net (fo=3, unplaced)         0.467     8.498    u_scaler/gen_slot[3].lb/bot8_r[3]_i_82_n_0
                         LUT6 (Prop_lut6_I3_O)        0.124     8.622 r  u_scaler/gen_slot[3].lb/bot8_r[3]_i_45/O
                         net (fo=1, unplaced)         0.639     9.261    u_scaler/gen_slot[3].lb/bot8_r[3]_i_45_n_0
                         CARRY4 (Prop_carry4_DI[1]_O[3])
                                                      0.629     9.890 r  u_scaler/gen_slot[3].lb/bot8_r_reg[3]_i_22/O[3]
                         net (fo=1, unplaced)         0.618    10.508    u_scaler/gen_slot[3].lb/bot0[10]
                         LUT2 (Prop_lut2_I1_O)        0.307    10.815 r  u_scaler/gen_slot[3].lb/bot8_r[3]_i_5/O
                         net (fo=1, unplaced)         0.000    10.815    u_scaler/gen_slot[3].lb/bot8_r[3]_i_5_n_0
                         CARRY4 (Prop_carry4_S[2]_CO[3])
                                                      0.380    11.195 r  u_scaler/gen_slot[3].lb/bot8_r_reg[3]_i_1/CO[3]
                         net (fo=1, unplaced)         0.000    11.195    u_scaler/gen_slot[3].lb/bot8_r_reg[3]_i_1_n_0
                         CARRY4 (Prop_carry4_CI_O[1])
                                                      0.337    11.532 r  u_scaler/gen_slot[3].lb/bot8_r_reg[7]_i_2/O[1]
                         net (fo=1, unplaced)         0.000    11.532    u_scaler/bot[13]
                         FDCE                                         r  u_scaler/bot8_r_reg[5]/D
  -------------------------------------------------------------------    -------------------

                         (clock pclk rise edge)      13.468    13.468 r  <hidden>
                                                      0.000    13.468 r  clk
                         net (fo=298, unset)          0.924    14.392    u_scaler/clk
                         FDCE                                         r  u_scaler/bot8_r_reg[5]/C
                         clock pessimism              0.000    14.392    <hidden>
                         clock uncertainty           -0.035    14.357    <hidden>
                         FDCE (Setup_fdce_C_D)        0.109    14.466    u_scaler/bot8_r_reg[5]
  -------------------------------------------------------------------
                         required time                         14.466    <hidden>
                         arrival time                         -11.532    <hidden>
  -------------------------------------------------------------------
                         slack                                  2.934    <hidden>





Min Delay Paths
--------------------------------------------------------------------------------------
Slack (MET) :             0.262ns  (arrival time - required time)
  Source:                 u_scaler/w_row_reg[4]/C
                            (rising edge-triggered cell FDCE clocked by pclk  {rise@0.000ns fall@6.734ns period=13.468ns})
  Destination:            u_scaler/committed_reg[4]/D
                            (rising edge-triggered cell FDCE clocked by pclk  {rise@0.000ns fall@6.734ns period=13.468ns})
  Path Group:             pclk
  Path Type:              Hold (Min at Fast Process Corner)
  Requirement:            0.000ns  (pclk rise@0.000ns - pclk rise@0.000ns)
  Data Path Delay:        0.403ns  (logic 0.262ns (64.979%)  route 0.141ns (35.021%))
  Logic Levels:           1  (LUT6=1)
  Clock Path Skew:        0.022ns (DCD - SCD - CPR)
    Destination Clock Delay (DCD):    0.432ns
    Source Clock Delay      (SCD):    0.410ns
    Clock Pessimism Removal (CPR):    -0.000ns

    Location             Delay type                Incr(ns)  Path(ns)    Netlist Resource(s)
  -------------------------------------------------------------------    -------------------
                         (clock pclk rise edge)       0.000     0.000 r  <hidden>
                                                      0.000     0.000 r  clk
                         net (fo=298, unset)          0.410     0.410    u_scaler/clk
                         FDCE                                         r  u_scaler/w_row_reg[4]/C
  -------------------------------------------------------------------    -------------------
                         FDCE (Prop_fdce_C_Q)         0.164     0.574 r  u_scaler/w_row_reg[4]/Q
                         net (fo=4, unplaced)         0.141     0.715    u_scaler/w_row_reg_n_0_[4]
                         LUT6 (Prop_lut6_I5_O)        0.098     0.813 r  u_scaler/w_row[4]_i_1/O
                         net (fo=2, unplaced)         0.000     0.813    u_scaler/w_row[4]_i_1_n_0
                         FDCE                                         r  u_scaler/committed_reg[4]/D
  -------------------------------------------------------------------    -------------------

                         (clock pclk rise edge)       0.000     0.000 r  <hidden>
                                                      0.000     0.000 r  clk
                         net (fo=298, unset)          0.432     0.432    u_scaler/clk
                         FDCE                                         r  u_scaler/committed_reg[4]/C
                         clock pessimism              0.000     0.432    <hidden>
                         FDCE (Hold_fdce_C_D)         0.120     0.552    u_scaler/committed_reg[4]
  -------------------------------------------------------------------
                         required time                         -0.552    <hidden>
                         arrival time                           0.813    <hidden>
  -------------------------------------------------------------------
                         slack                                  0.262    <hidden>





Pulse Width Checks
--------------------------------------------------------------------------------------
Clock Name:         pclk
Waveform(ns):       { 0.000 6.734 }
Period(ns):         13.468
Sources:            { clk }

Check Type        Corner  Lib Pin             Reference Pin  Required(ns)  Actual(ns)  Slack(ns)  Location  Pin
Min Period        n/a     RAMB36E1/CLKARDCLK  n/a            3.363         13.468      10.105               u_copbuf/mem0_reg_0_0/CLKARDCLK
Low Pulse Width   Slow    FDRE/C              n/a            0.500         6.734       6.234                u_gray/out_de_reg/C
High Pulse Width  Slow    FDRE/C              n/a            0.500         6.734       6.234                u_gray/out_de_reg/C



---------------------------------------------------------------------------------------------------
From Clock:  s_axi_aclk
  To Clock:  s_axi_aclk

Setup :            0  Failing Endpoints,  Worst Slack        8.404ns,  Total Violation        0.000ns
Hold  :            0  Failing Endpoints,  Worst Slack        0.406ns,  Total Violation        0.000ns
PW    :            0  Failing Endpoints,  Worst Slack        4.500ns,  Total Violation        0.000ns
---------------------------------------------------------------------------------------------------


Max Delay Paths
--------------------------------------------------------------------------------------
Slack (MET) :             8.404ns  (required time - arrival time)
  Source:                 u_regs/rvalid_reg/C
                            (rising edge-triggered cell FDCE clocked by s_axi_aclk  {rise@0.000ns fall@5.000ns period=10.000ns})
  Destination:            u_regs/rvalid_reg/D
                            (rising edge-triggered cell FDCE clocked by s_axi_aclk  {rise@0.000ns fall@5.000ns period=10.000ns})
  Path Group:             s_axi_aclk
  Path Type:              Setup (Max at Slow Process Corner)
  Requirement:            10.000ns  (s_axi_aclk rise@10.000ns - s_axi_aclk rise@0.000ns)
  Data Path Delay:        1.589ns  (logic 0.837ns (52.675%)  route 0.752ns (47.325%))
  Logic Levels:           1  (LUT3=1)
  Clock Path Skew:        -0.049ns (DCD - SCD + CPR)
    Destination Clock Delay (DCD):    0.924ns = ( 10.924 - 10.000 ) 
    Source Clock Delay      (SCD):    0.973ns
    Clock Pessimism Removal (CPR):    0.000ns
  Clock Uncertainty:      0.035ns  ((TSJ^2 + TIJ^2)^1/2 + DJ) / 2 + PE
    Total System Jitter     (TSJ):    0.071ns
    Total Input Jitter      (TIJ):    0.000ns
    Discrete Jitter          (DJ):    0.000ns
    Phase Error              (PE):    0.000ns

    Location             Delay type                Incr(ns)  Path(ns)    Netlist Resource(s)
  -------------------------------------------------------------------    -------------------
                         (clock s_axi_aclk rise edge)
                                                      0.000     0.000 r  <hidden>
                                                      0.000     0.000 r  s_axi_aclk
                         net (fo=1, unset)            0.973     0.973    u_regs/s_axi_aclk
                         FDCE                                         r  u_regs/rvalid_reg/C
  -------------------------------------------------------------------    -------------------
                         FDCE (Prop_fdce_C_Q)         0.518     1.491 r  u_regs/rvalid_reg/Q
                         net (fo=2, unplaced)         0.752     2.243    u_regs/rvalid
                         LUT3 (Prop_lut3_I0_O)        0.319     2.562 r  u_regs/rvalid_i_1/O
                         net (fo=1, unplaced)         0.000     2.562    u_regs/rvalid_i_1_n_0
                         FDCE                                         r  u_regs/rvalid_reg/D
  -------------------------------------------------------------------    -------------------

                         (clock s_axi_aclk rise edge)
                                                     10.000    10.000 r  <hidden>
                                                      0.000    10.000 r  s_axi_aclk
                         net (fo=1, unset)            0.924    10.924    u_regs/s_axi_aclk
                         FDCE                                         r  u_regs/rvalid_reg/C
                         clock pessimism              0.000    10.924    <hidden>
                         clock uncertainty           -0.035    10.889    <hidden>
                         FDCE (Setup_fdce_C_D)        0.077    10.966    u_regs/rvalid_reg
  -------------------------------------------------------------------
                         required time                         10.966    <hidden>
                         arrival time                          -2.562    <hidden>
  -------------------------------------------------------------------
                         slack                                  8.404    <hidden>





Min Delay Paths
--------------------------------------------------------------------------------------
Slack (MET) :             0.406ns  (arrival time - required time)
  Source:                 u_regs/bvalid_reg/C
                            (rising edge-triggered cell FDCE clocked by s_axi_aclk  {rise@0.000ns fall@5.000ns period=10.000ns})
  Destination:            u_regs/bvalid_reg/D
                            (rising edge-triggered cell FDCE clocked by s_axi_aclk  {rise@0.000ns fall@5.000ns period=10.000ns})
  Path Group:             s_axi_aclk
  Path Type:              Hold (Min at Fast Process Corner)
  Requirement:            0.000ns  (s_axi_aclk rise@0.000ns - s_axi_aclk rise@0.000ns)
  Data Path Delay:        0.547ns  (logic 0.262ns (47.865%)  route 0.285ns (52.135%))
  Logic Levels:           1  (LUT4=1)
  Clock Path Skew:        0.022ns (DCD - SCD - CPR)
    Destination Clock Delay (DCD):    0.432ns
    Source Clock Delay      (SCD):    0.410ns
    Clock Pessimism Removal (CPR):    -0.000ns

    Location             Delay type                Incr(ns)  Path(ns)    Netlist Resource(s)
  -------------------------------------------------------------------    -------------------
                         (clock s_axi_aclk rise edge)
                                                      0.000     0.000 r  <hidden>
                                                      0.000     0.000 r  s_axi_aclk
                         net (fo=1, unset)            0.410     0.410    u_regs/s_axi_aclk
                         FDCE                                         r  u_regs/bvalid_reg/C
  -------------------------------------------------------------------    -------------------
                         FDCE (Prop_fdce_C_Q)         0.164     0.574 r  u_regs/bvalid_reg/Q
                         net (fo=2, unplaced)         0.285     0.860    u_regs/bvalid
                         LUT4 (Prop_lut4_I0_O)        0.098     0.958 r  u_regs/bvalid_i_1/O
                         net (fo=1, unplaced)         0.000     0.958    u_regs/bvalid_i_1_n_0
                         FDCE                                         r  u_regs/bvalid_reg/D
  -------------------------------------------------------------------    -------------------

                         (clock s_axi_aclk rise edge)
                                                      0.000     0.000 r  <hidden>
                                                      0.000     0.000 r  s_axi_aclk
                         net (fo=1, unset)            0.432     0.432    u_regs/s_axi_aclk
                         FDCE                                         r  u_regs/bvalid_reg/C
                         clock pessimism              0.000     0.432    <hidden>
                         FDCE (Hold_fdce_C_D)         0.120     0.552    u_regs/bvalid_reg
  -------------------------------------------------------------------
                         required time                         -0.552    <hidden>
                         arrival time                           0.958    <hidden>
  -------------------------------------------------------------------
                         slack                                  0.406    <hidden>





Pulse Width Checks
--------------------------------------------------------------------------------------
Clock Name:         s_axi_aclk
Waveform(ns):       { 0.000 5.000 }
Period(ns):         10.000
Sources:            { s_axi_aclk }

Check Type        Corner  Lib Pin  Reference Pin  Required(ns)  Actual(ns)  Slack(ns)  Location  Pin
Min Period        n/a     FDCE/C   n/a            1.000         10.000      9.000                u_regs/bvalid_reg/C
Low Pulse Width   Slow    FDCE/C   n/a            0.500         5.000       4.500                u_regs/bvalid_reg/C
High Pulse Width  Slow    FDCE/C   n/a            0.500         5.000       4.500                u_regs/bvalid_reg/C



