Copyright 1986-2022 Xilinx, Inc. All Rights Reserved. Copyright 2022-2026 Advanced Micro Devices, Inc. All Rights Reserved.
---------------------------------------------------------------------------------------------------------------------------------------------------------
| Tool Version : Vivado v.2026.1 (win64) Build 6511674 Tue Jun 16 11:02:23 MDT 2026
| Date         : Tue Oct  6 22:21:21 2026
| Host         : Walter-Cooper running 64-bit major release  (build 9200)
| Command      : report_design_analysis -file D:/Desktop/contests/2026fpga/FPGA-Alittle-Design/build/reports/fmax/v1_nofwd_10ns/design_analysis_impl.rpt
| Design       : core_top
| Device       : xc7z020
| Design State : Routed
---------------------------------------------------------------------------------------------------------------------------------------------------------

Report Design Analysis

Table of Contents
-----------------
1. Setup Path Characteristics 1-1
2. Logic Level Distribution
3. Placer Final Level Congestion Reporting
4. Initial Estimated Router Congestion Reporting

1. Setup Path Characteristics 1-1
---------------------------------

+---------------------------+----------------------------------------------------------------------------------------------------------+
|      Characteristics      |                                                  Path #1                                                 |
+---------------------------+----------------------------------------------------------------------------------------------------------+
| Requirement               | 10.000                                                                                                   |
| Path Delay                | 9.525                                                                                                    |
| Logic Delay               | 2.038(22%)                                                                                               |
| Net Delay                 | 7.487(78%)                                                                                               |
| Clock Skew                | -0.024                                                                                                   |
| Slack                     | 0.447                                                                                                    |
| Clock Uncertainty         | 0.035                                                                                                    |
| Clock Relationship        | Safely Timed                                                                                             |
| Clock Delay Group         | Same Clock                                                                                               |
| Logic Levels              | 9                                                                                                        |
| Routes                    | 9                                                                                                        |
| Logical Path              | FDCE/C-(69)-LUT4-(44)-RAMD32-(8)-LUT6-(2)-LUT6-(107)-LUT5-(5)-LUT6-(2)-LUT6-(1)-LUT6-(4)-LUT6-(1)-FDCE/D |
| Start Point Clock         | sys_clk                                                                                                  |
| End Point Clock           | sys_clk                                                                                                  |
| DSP Block                 | None                                                                                                     |
| RAM Registers             | None-None                                                                                                |
| IO Crossings              | 0                                                                                                        |
| Config Crossings          | 0                                                                                                        |
| SLR Crossings             | 0                                                                                                        |
| PBlocks                   | 0                                                                                                        |
| High Fanout               | 107                                                                                                      |
| ASYNC REG                 | 0                                                                                                        |
| Dont Touch                | 0                                                                                                        |
| Mark Debug                | 0                                                                                                        |
| Start Point Pin Primitive | FDCE/C                                                                                                   |
| End Point Pin Primitive   | FDCE/D                                                                                                   |
| Start Point Pin           | stall_q_reg/C                                                                                            |
| End Point Pin             | pc_reg[27]/D                                                                                             |
+---------------------------+----------------------------------------------------------------------------------------------------------+
* Bounding box calculated as % of dimensions for the target device (308, 299)


2. Logic Level Distribution
---------------------------

+-----------------+-------------+-----+-----+---+---+-----+-----+-----+----+----+----+----+----+----+----+----+----+----+----+----+----+----+
| End Point Clock | Requirement |  2  |  3  | 4 | 5 |  6  |  7  |  8  |  9 | 10 | 11 | 12 | 13 | 14 | 15 | 16 | 17 | 18 | 19 | 20 | 21 | 22 |
+-----------------+-------------+-----+-----+---+---+-----+-----+-----+----+----+----+----+----+----+----+----+----+----+----+----+----+----+
| sys_clk         | 10.000ns    | 102 | 101 | 6 | 9 | 209 | 255 | 142 | 36 | 44 | 14 | 16 | 15 |  8 |  8 |  8 |  7 |  4 |  4 |  4 |  4 |  4 |
+-----------------+-------------+-----+-----+---+---+-----+-----+-----+----+----+----+----+----+----+----+----+----+----+----+----+----+----+
* Columns represent the logic levels per end point clock
** Distribution is for top worst 1000 paths


3. Placer Final Level Congestion Reporting
------------------------------------------

+-----------+------+-------+------------+--------+---------------+----------------+-----+--------+------+------+------+-----+-------+-----+------------+
| Direction | Type | Level | Congestion | Window | Combined LUTs | Avg LUT Inputs | LUT | LUTRAM | Flop | MUXF | RAMB | DSP | CARRY | SRL | Cell Names |
+-----------+------+-------+------------+--------+---------------+----------------+-----+--------+------+------+------+-----+-------+-----+------------+
* No congestion windows are found above level 5


4. Initial Estimated Router Congestion Reporting
------------------------------------------------

+-----------+------+-------+------------------+--------+---------------+----------------+-----+--------+------+------+------+-----+-------+-----+------------+
| Direction | Type | Level | Percentage Tiles | Window | Combined LUTs | Avg LUT Inputs | LUT | LUTRAM | Flop | MUXF | RAMB | DSP | CARRY | SRL | Cell Names |
+-----------+------+-------+------------------+--------+---------------+----------------+-----+--------+------+------+------+-----+-------+-----+------------+
* No initial estimated congestion windows are found above level 5


