Copyright 1986-2022 Xilinx, Inc. All Rights Reserved. Copyright 2022-2026 Advanced Micro Devices, Inc. All Rights Reserved.
---------------------------------------------------------------------------------------------------------------------------------------------------------------
| Tool Version : Vivado v.2026.1 (win64) Build 6511674 Tue Jun 16 11:02:23 MDT 2026
| Date         : Tue Oct  6 22:21:21 2026
| Host         : Walter-Cooper running 64-bit major release  (build 9200)
| Command      : report_timing_summary -file D:/Desktop/contests/2026fpga/FPGA-Alittle-Design/build/reports/fmax/v1_nofwd_10ns/timing_impl.rpt -delay_type max
| Design       : core_top
| Device       : 7z020-clg400
| Speed File   : -1  PRODUCTION 1.12 2019-11-22
| Design State : Routed
---------------------------------------------------------------------------------------------------------------------------------------------------------------

Timing Summary Report

------------------------------------------------------------------------------------------------
| Timer Settings
| --------------
------------------------------------------------------------------------------------------------

  Enable Multi Corner Analysis               :  Yes
  Enable Pessimism Removal                   :  Yes
  Pessimism Removal Resolution               :  Nearest Common Node
  Enable Input Delay Default Clock           :  No
  Enable Preset / Clear Arcs                 :  No
  Disable Flight Delays                      :  No
  Ignore I/O Paths                           :  No
  Timing Early Launch at Borrowing Latches   :  No
  Borrow Time for Max Delay Exceptions       :  Yes
  Merge Timing Exceptions                    :  Yes
  Inter-SLR Compensation                     :  Conservative

  Corner  Analyze    Analyze    
  Name    Max Paths  Min Paths  
  ------  ---------  ---------  
  Slow    Yes        Yes        
  Fast    Yes        Yes        


------------------------------------------------------------------------------------------------
| Report Methodology
| ------------------
------------------------------------------------------------------------------------------------

No report available as report_methodology has not been run prior. Run report_methodology on the current design for the summary of methodology violations.



check_timing report

Table of Contents
-----------------
1. checking no_clock (0)
2. checking constant_clock (0)
3. checking pulse_width_clock (0)
4. checking unconstrained_internal_endpoints (0)
5. checking no_input_delay (65)
6. checking no_output_delay (101)
7. checking multiple_clock (0)
8. checking generated_clocks (0)
9. checking loops (0)
10. checking partial_input_delay (0)
11. checking partial_output_delay (0)
12. checking latch_loops (0)

1. checking no_clock (0)
------------------------
 There are 0 register/latch pins with no clock.


2. checking constant_clock (0)
------------------------------
 There are 0 register/latch pins with constant_clock.


3. checking pulse_width_clock (0)
---------------------------------
 There are 0 register/latch pins which need pulse_width check


4. checking unconstrained_internal_endpoints (0)
------------------------------------------------
 There are 0 pins that are not constrained for maximum delay.

 There are 0 pins that are not constrained for maximum delay due to constant clock.


5. checking no_input_delay (65)
-------------------------------
 There are 65 input ports with no input delay specified. (HIGH)

 There are 0 input ports with no input delay but user has a false path constraint.


6. checking no_output_delay (101)
---------------------------------
 There are 101 ports with no output delay specified. (HIGH)

 There are 0 ports with no output delay but user has a false path constraint

 There are 0 ports with no output delay but with a timing clock defined on it or propagating through it


7. checking multiple_clock (0)
------------------------------
 There are 0 register/latch pins with multiple clocks.


8. checking generated_clocks (0)
--------------------------------
 There are 0 generated clocks that are not connected to a clock source.


9. checking loops (0)
---------------------
 There are 0 combinational loops in the design.


10. checking partial_input_delay (0)
------------------------------------
 There are 0 input ports with partial input delay specified.


11. checking partial_output_delay (0)
-------------------------------------
 There are 0 ports with partial output delay specified.


12. checking latch_loops (0)
----------------------------
 There are 0 combinational latch loops in the design through latch input



------------------------------------------------------------------------------------------------
| Design Timing Summary
| ---------------------
------------------------------------------------------------------------------------------------

    WNS(ns)      TNS(ns)  TNS Failing Endpoints  TNS Total Endpoints     WPWS(ns)     TPWS(ns)  TPWS Failing Endpoints  TPWS Total Endpoints  
    -------      -------  ---------------------  -------------------     --------     --------  ----------------------  --------------------  
      0.447        0.000                      0                 1532        3.750        0.000                       0                   596  


All user specified timing constraints are met.


------------------------------------------------------------------------------------------------
| Clock Summary
| -------------
------------------------------------------------------------------------------------------------

Clock    Waveform(ns)       Period(ns)      Frequency(MHz)
-----    ------------       ----------      --------------
sys_clk  {0.000 5.000}      10.000          100.000         


------------------------------------------------------------------------------------------------
| Intra Clock Table
| -----------------
------------------------------------------------------------------------------------------------

Clock             WNS(ns)      TNS(ns)  TNS Failing Endpoints  TNS Total Endpoints     WPWS(ns)     TPWS(ns)  TPWS Failing Endpoints  TPWS Total Endpoints  
-----             -------      -------  ---------------------  -------------------     --------     --------  ----------------------  --------------------  
sys_clk             0.447        0.000                      0                 1532        3.750        0.000                       0                   596  


------------------------------------------------------------------------------------------------
| Inter Clock Table
| -----------------
------------------------------------------------------------------------------------------------

From Clock    To Clock          WNS(ns)      TNS(ns)  TNS Failing Endpoints  TNS Total Endpoints  
----------    --------          -------      -------  ---------------------  -------------------  


------------------------------------------------------------------------------------------------
| Other Path Groups Table
| -----------------------
------------------------------------------------------------------------------------------------

Path Group    From Clock    To Clock          WNS(ns)      TNS(ns)  TNS Failing Endpoints  TNS Total Endpoints  
----------    ----------    --------          -------      -------  ---------------------  -------------------  


------------------------------------------------------------------------------------------------
| Timing Details
| --------------
------------------------------------------------------------------------------------------------


---------------------------------------------------------------------------------------------------
From Clock:  sys_clk
  To Clock:  sys_clk

Setup :            0  Failing Endpoints,  Worst Slack        0.447ns,  Total Violation        0.000ns
Hold  :           NA  Failing Endpoints,  Worst Slack           NA  ,  Total Violation           NA
PW    :            0  Failing Endpoints,  Worst Slack        3.750ns,  Total Violation        0.000ns
---------------------------------------------------------------------------------------------------


Max Delay Paths
--------------------------------------------------------------------------------------
Slack (MET) :             0.447ns  (required time - arrival time)
  Source:                 u_if_stage/stall_q_reg/C
                            (rising edge-triggered cell FDCE clocked by sys_clk  {rise@0.000ns fall@5.000ns period=10.000ns})
  Destination:            u_pc/pc_reg[27]/D
                            (rising edge-triggered cell FDCE clocked by sys_clk  {rise@0.000ns fall@5.000ns period=10.000ns})
  Path Group:             sys_clk
  Path Type:              Setup (Max at Slow Process Corner)
  Requirement:            10.000ns  (sys_clk rise@10.000ns - sys_clk rise@0.000ns)
  Data Path Delay:        9.525ns  (logic 2.038ns (21.396%)  route 7.487ns (78.604%))
  Logic Levels:           9  (LUT4=1 LUT5=1 LUT6=6 RAMD32=1)
  Clock Path Skew:        -0.024ns (DCD - SCD + CPR)
    Destination Clock Delay (DCD):    1.543ns = ( 11.543 - 10.000 ) 
    Source Clock Delay      (SCD):    1.717ns
    Clock Pessimism Removal (CPR):    0.150ns
  Clock Uncertainty:      0.035ns  ((TSJ^2 + TIJ^2)^1/2 + DJ) / 2 + PE
    Total System Jitter     (TSJ):    0.071ns
    Total Input Jitter      (TIJ):    0.000ns
    Discrete Jitter          (DJ):    0.000ns
    Phase Error              (PE):    0.000ns

    Location             Delay type                Incr(ns)  Path(ns)    Netlist Resource(s)
  -------------------------------------------------------------------    -------------------
                         (clock sys_clk rise edge)    0.000     0.000 r  <hidden>
                                                      0.000     0.000 r  clk
                         net (fo=595, unset)          1.717     1.717    u_if_stage/clk
    SLICE_X57Y18         FDCE                                         r  u_if_stage/stall_q_reg/C
  -------------------------------------------------------------------    -------------------
    SLICE_X57Y18         FDCE (Prop_fdce_C_Q)         0.456     2.173 r  u_if_stage/stall_q_reg/Q
                         net (fo=69, routed)          0.876     3.049    u_if_stage/stall_q
    SLICE_X60Y21         LUT4 (Prop_lut4_I2_O)        0.124     3.173 r  u_if_stage/regs_reg_r2_0_31_0_5_i_5/O
                         net (fo=44, routed)          0.966     4.140    u_regfile/regs_reg_r2_0_31_0_5/ADDRC0
    SLICE_X62Y20         RAMD32 (Prop_ramd32_RADR0_O)
                                                      0.153     4.293 r  u_regfile/regs_reg_r2_0_31_0_5/RAMC/O
                         net (fo=8, routed)           0.445     4.738    u_if_stage/rdata20[4]
    SLICE_X62Y21         LUT6 (Prop_lut6_I0_O)        0.331     5.069 r  u_if_stage/multiplier[4]_i_2/O
                         net (fo=2, routed)           0.479     5.547    u_if_stage/rs2_fwd[4]
    SLICE_X68Y20         LUT6 (Prop_lut6_I5_O)        0.124     5.671 r  u_if_stage/lt_carry_i_11/O
                         net (fo=107, routed)         1.414     7.086    u_if_stage/lt_carry_i_11_n_0
    SLICE_X75Y20         LUT5 (Prop_lut5_I3_O)        0.152     7.238 r  u_if_stage/imem_addr[30]_INST_0_i_12/O
                         net (fo=5, routed)           0.886     8.124    u_if_stage/imem_addr[30]_INST_0_i_12_n_0
    SLICE_X75Y24         LUT6 (Prop_lut6_I0_O)        0.326     8.450 r  u_if_stage/imem_addr[28]_INST_0_i_20/O
                         net (fo=2, routed)           1.095     9.545    u_if_stage/imem_addr[28]_INST_0_i_20_n_0
    SLICE_X66Y26         LUT6 (Prop_lut6_I2_O)        0.124     9.669 r  u_if_stage/imem_addr[27]_INST_0_i_3/O
                         net (fo=1, routed)           0.607    10.276    u_if_stage/imem_addr[27]_INST_0_i_3_n_0
    SLICE_X66Y27         LUT6 (Prop_lut6_I0_O)        0.124    10.400 r  u_if_stage/imem_addr[27]_INST_0_i_1/O
                         net (fo=4, routed)           0.718    11.118    u_if_stage/ex_addr[27]
    SLICE_X57Y19         LUT6 (Prop_lut6_I3_O)        0.124    11.242 r  u_if_stage/pc[27]_i_1/O
                         net (fo=1, routed)           0.000    11.242    u_pc/D[26]
    SLICE_X57Y19         FDCE                                         r  u_pc/pc_reg[27]/D
  -------------------------------------------------------------------    -------------------

                         (clock sys_clk rise edge)   10.000    10.000 r  <hidden>
                                                      0.000    10.000 r  clk
                         net (fo=595, unset)          1.543    11.543    u_pc/clk
    SLICE_X57Y19         FDCE                                         r  u_pc/pc_reg[27]/C
                         clock pessimism              0.150    11.693    <hidden>
                         clock uncertainty           -0.035    11.658    <hidden>
    SLICE_X57Y19         FDCE (Setup_fdce_C_D)        0.031    11.689    u_pc/pc_reg[27]
  -------------------------------------------------------------------
                         required time                         11.689    <hidden>
                         arrival time                         -11.242    <hidden>
  -------------------------------------------------------------------
                         slack                                  0.447    <hidden>





Pulse Width Checks
--------------------------------------------------------------------------------------
Clock Name:         sys_clk
Waveform(ns):       { 0.000 5.000 }
Period(ns):         10.000
Sources:            { clk }

Check Type        Corner  Lib Pin     Reference Pin  Required(ns)  Actual(ns)  Slack(ns)  Location      Pin
Min Period        n/a     FDCE/C      n/a            1.000         10.000      9.000      SLICE_X48Y18  muldiv_pending_reg/C
Low Pulse Width   Slow    RAMD32/CLK  n/a            1.250         5.000       3.750      SLICE_X58Y18  u_regfile/regs_reg_r1_0_31_0_5/RAMA/CLK
High Pulse Width  Slow    RAMD32/CLK  n/a            1.250         5.000       3.750      SLICE_X58Y18  u_regfile/regs_reg_r1_0_31_0_5/RAMA/CLK



