846 INFO: PyInstaller: 6.16.0, contrib hooks: 2026.8
846 INFO: Python: 3.13.5
877 INFO: Platform: Windows-11-10.0.26200-SP0
877 INFO: Python environment: C:\Users\涛\AppData\Local\Programs\Python\Python313
878 INFO: wrote sim/build/vision-client\vision_preview.spec
883 INFO: Module search paths (PYTHONPATH):
['D:\\Desktop\\contests\\2026fpga\\FPGA-Alittle-Design',
 'D:\\Desktop\\contests\\2026fpga\\FPGA-Alittle-Design\\sim\\build\\vision-client-deps',
 'D:\\Desktop\\contests\\2026fpga\\FPGA-Alittle-Design',
 'C:\\Users\\涛\\AppData\\Local\\Programs\\Python\\Python313\\python313.zip',
 'C:\\Users\\涛\\AppData\\Local\\Programs\\Python\\Python313\\DLLs',
 'C:\\Users\\涛\\AppData\\Local\\Programs\\Python\\Python313\\Lib',
 'C:\\Users\\涛\\AppData\\Local\\Programs\\Python\\Python313',
 'C:\\Users\\涛\\AppData\\Roaming\\Python\\Python313\\site-packages',
 'C:\\Users\\涛\\AppData\\Local\\Programs\\Python\\Python313\\Lib\\site-packages',
 'D:\\Desktop\\contests\\2026fpga\\FPGA-Alittle-Design\\src\\vision_client',
 'D:\\Desktop\\contests\\2026fpga\\FPGA-Alittle-Design\\src\\pynq_host']
1141 INFO: checking Analysis
1147 INFO: Building because D:\Desktop\contests\2026fpga\FPGA-Alittle-Design\src\vision_client\preview.py changed
1147 INFO: Looking for Python shared library...
1147 INFO: Using Python shared library: C:\Users\涛\AppData\Local\Programs\Python\Python313\python313.dll
1147 INFO: Running Analysis Analysis-00.toc
1147 INFO: Target bytecode optimization level: 0
1147 INFO: Initializing module dependency graph...
1149 INFO: Initializing module graph hook caches...
1162 INFO: Analyzing modules for base_library.zip ...
1973 INFO: Processing standard module hook 'hook-heapq.py' from 'D:\\Desktop\\contests\\2026fpga\\FPGA-Alittle-Design\\sim\\build\\vision-client-deps\\PyInstaller\\hooks'
2060 INFO: Processing standard module hook 'hook-encodings.py' from 'D:\\Desktop\\contests\\2026fpga\\FPGA-Alittle-Design\\sim\\build\\vision-client-deps\\PyInstaller\\hooks'
4440 INFO: Processing standard module hook 'hook-pickle.py' from 'D:\\Desktop\\contests\\2026fpga\\FPGA-Alittle-Design\\sim\\build\\vision-client-deps\\PyInstaller\\hooks'
6793 INFO: Caching module dependency graph...
6833 INFO: Analyzing D:\Desktop\contests\2026fpga\FPGA-Alittle-Design\src\vision_client\preview.py
7338 INFO: Processing standard module hook 'hook-cv2.py' from 'D:\\Desktop\\contests\\2026fpga\\FPGA-Alittle-Design\\sim\\build\\vision-client-deps\\_pyinstaller_hooks_contrib\\stdhooks'
7790 INFO: Processing standard module hook 'hook-numpy.py' from 'D:\\Desktop\\contests\\2026fpga\\FPGA-Alittle-Design\\sim\\build\\vision-client-deps\\PyInstaller\\hooks'
8455 INFO: Processing standard module hook 'hook-platform.py' from 'D:\\Desktop\\contests\\2026fpga\\FPGA-Alittle-Design\\sim\\build\\vision-client-deps\\PyInstaller\\hooks'
8480 INFO: Processing standard module hook 'hook-_ctypes.py' from 'D:\\Desktop\\contests\\2026fpga\\FPGA-Alittle-Design\\sim\\build\\vision-client-deps\\PyInstaller\\hooks'
8811 INFO: Processing standard module hook 'hook-sysconfig.py' from 'D:\\Desktop\\contests\\2026fpga\\FPGA-Alittle-Design\\sim\\build\\vision-client-deps\\PyInstaller\\hooks'
10356 INFO: Processing standard module hook 'hook-difflib.py' from 'D:\\Desktop\\contests\\2026fpga\\FPGA-Alittle-Design\\sim\\build\\vision-client-deps\\PyInstaller\\hooks'
10733 INFO: Processing standard module hook 'hook-multiprocessing.util.py' from 'D:\\Desktop\\contests\\2026fpga\\FPGA-Alittle-Design\\sim\\build\\vision-client-deps\\PyInstaller\\hooks'
10953 INFO: Processing standard module hook 'hook-xml.py' from 'D:\\Desktop\\contests\\2026fpga\\FPGA-Alittle-Design\\sim\\build\\vision-client-deps\\PyInstaller\\hooks'
13395 INFO: Processing pre-safe-import-module hook 'hook-typing_extensions.py' from 'D:\\Desktop\\contests\\2026fpga\\FPGA-Alittle-Design\\sim\\build\\vision-client-deps\\PyInstaller\\hooks\\pre_safe_import_module'
13402 INFO: SetuptoolsInfo: initializing cached setuptools info...
16059 INFO: Processing module hooks (post-graph stage)...
16209 INFO: Performing binary vs. data reclassification (7 entries)
16216 INFO: Looking for ctypes DLLs
16252 INFO: Analyzing run-time hooks ...
16256 INFO: Including run-time hook 'pyi_rth_inspect.py' from 'D:\\Desktop\\contests\\2026fpga\\FPGA-Alittle-Design\\sim\\build\\vision-client-deps\\PyInstaller\\hooks\\rthooks'
16265 INFO: Including run-time hook 'pyi_rth_pkgutil.py' from 'D:\\Desktop\\contests\\2026fpga\\FPGA-Alittle-Design\\sim\\build\\vision-client-deps\\PyInstaller\\hooks\\rthooks'
16270 INFO: Including run-time hook 'pyi_rth_multiprocessing.py' from 'D:\\Desktop\\contests\\2026fpga\\FPGA-Alittle-Design\\sim\\build\\vision-client-deps\\PyInstaller\\hooks\\rthooks'
16286 INFO: Creating base_library.zip...
16311 INFO: Looking for dynamic libraries
17162 INFO: Extra DLL search directories (AddDllDirectory): ['D:\\Desktop\\contests\\2026fpga\\FPGA-Alittle-Design\\sim\\build\\vision-client-deps\\numpy.libs', 'D:\\Desktop\\contests\\2026fpga\\FPGA-Alittle-Design\\sim\\build\\vision-client-deps\\cv2\\../../x64/vc17/bin']
17162 INFO: Extra DLL search directories (PATH): ['D:\\Desktop\\contests\\2026fpga\\FPGA-Alittle-Design\\sim\\build\\vision-client-deps\\cv2\\../../x64/vc17/bin']
17841 INFO: Warnings written to D:\Desktop\contests\2026fpga\FPGA-Alittle-Design\sim\build\vision-client\build\vision_preview\warn-vision_preview.txt
17891 INFO: Graph cross-reference written to D:\Desktop\contests\2026fpga\FPGA-Alittle-Design\sim\build\vision-client\build\vision_preview\xref-vision_preview.html
17949 INFO: checking PYZ
17960 INFO: Building because D:\Desktop\contests\2026fpga\FPGA-Alittle-Design\src\pynq_host\vision_protocol.py changed
17960 INFO: Building PYZ (ZlibArchive) D:\Desktop\contests\2026fpga\FPGA-Alittle-Design\sim\build\vision-client\build\vision_preview\PYZ-00.pyz
18568 INFO: Building PYZ (ZlibArchive) D:\Desktop\contests\2026fpga\FPGA-Alittle-Design\sim\build\vision-client\build\vision_preview\PYZ-00.pyz completed successfully.
18599 INFO: checking PKG
18600 INFO: Building because D:\Desktop\contests\2026fpga\FPGA-Alittle-Design\sim\build\vision-client\build\vision_preview\PYZ-00.pyz changed
18600 INFO: Building PKG (CArchive) vision_preview.pkg
18632 INFO: Building PKG (CArchive) vision_preview.pkg completed successfully.
18634 INFO: Bootloader D:\Desktop\contests\2026fpga\FPGA-Alittle-Design\sim\build\vision-client-deps\PyInstaller\bootloader\Windows-64bit-intel\run.exe
18634 INFO: checking EXE
18636 INFO: Rebuilding EXE-00.toc because pkg is more recent
18636 INFO: Building EXE from EXE-00.toc
18638 INFO: Copying bootloader EXE to D:\Desktop\contests\2026fpga\FPGA-Alittle-Design\sim\build\vision-client\build\vision_preview\vision_preview.exe
18949 INFO: Copying icon to EXE
19116 INFO: Copying 0 resources to EXE
19117 INFO: Embedding manifest in EXE
19287 INFO: Appending PKG archive to EXE
19296 INFO: Fixing EXE headers
19371 INFO: Building EXE from EXE-00.toc completed successfully.
19373 INFO: checking COLLECT
19374 INFO: Removing dir D:\Desktop\contests\2026fpga\FPGA-Alittle-Design\sim\build\vision-client\dist\vision_preview
19504 INFO: Building COLLECT COLLECT-00.toc
19777 INFO: Building COLLECT COLLECT-00.toc completed successfully.
19780 INFO: Build complete! The results are available in: D:\Desktop\contests\2026fpga\FPGA-Alittle-Design\sim\build\vision-client\dist
PASS: preview mock renderer packaged runtime
PASS: packaged EXE HTTP mock preview + unreachable route rejects, no UVC/board access
PASS: Windows M2 preview EXE build + packaged renderer test
