113 INFO: PyInstaller: 6.16.0, contrib hooks: 2026.8
113 INFO: Python: 3.13.5
146 INFO: Platform: Windows-11-10.0.26200-SP0
146 INFO: Python environment: C:\Users\涛\AppData\Local\Programs\Python\Python313
147 INFO: wrote sim/build/vision-client\vision_preview.spec
149 INFO: Module search paths (PYTHONPATH):
['D:\\Desktop\\contests\\2026fpga\\FPGA-Alittle-Design\\sim\\build\\exe-wt',
 'D:\\Desktop\\contests\\2026fpga\\FPGA-Alittle-Design\\sim\\build\\exe-wt\\sim\\build\\vision-client-deps',
 'D:\\Desktop\\contests\\2026fpga\\FPGA-Alittle-Design\\sim\\build\\exe-wt',
 'C:\\Users\\涛\\AppData\\Local\\Programs\\Python\\Python313\\python313.zip',
 'C:\\Users\\涛\\AppData\\Local\\Programs\\Python\\Python313\\DLLs',
 'C:\\Users\\涛\\AppData\\Local\\Programs\\Python\\Python313\\Lib',
 'C:\\Users\\涛\\AppData\\Local\\Programs\\Python\\Python313',
 'C:\\Users\\涛\\AppData\\Roaming\\Python\\Python313\\site-packages',
 'C:\\Users\\涛\\AppData\\Local\\Programs\\Python\\Python313\\Lib\\site-packages',
 'D:\\Desktop\\contests\\2026fpga\\FPGA-Alittle-Design\\sim\\build\\exe-wt\\src\\vision_client',
 'D:\\Desktop\\contests\\2026fpga\\FPGA-Alittle-Design\\sim\\build\\exe-wt\\src\\pynq_host']
414 INFO: checking Analysis
419 INFO: Building because D:\Desktop\contests\2026fpga\FPGA-Alittle-Design\sim\build\exe-wt\src\vision_client\preview.py changed
419 INFO: Looking for Python shared library...
420 INFO: Using Python shared library: C:\Users\涛\AppData\Local\Programs\Python\Python313\python313.dll
420 INFO: Running Analysis Analysis-00.toc
420 INFO: Target bytecode optimization level: 0
420 INFO: Initializing module dependency graph...
420 INFO: Initializing module graph hook caches...
428 INFO: Analyzing modules for base_library.zip ...
1317 INFO: Processing standard module hook 'hook-encodings.py' from 'D:\\Desktop\\contests\\2026fpga\\FPGA-Alittle-Design\\sim\\build\\exe-wt\\sim\\build\\vision-client-deps\\PyInstaller\\hooks'
2422 INFO: Processing standard module hook 'hook-pickle.py' from 'D:\\Desktop\\contests\\2026fpga\\FPGA-Alittle-Design\\sim\\build\\exe-wt\\sim\\build\\vision-client-deps\\PyInstaller\\hooks'
3033 INFO: Processing standard module hook 'hook-heapq.py' from 'D:\\Desktop\\contests\\2026fpga\\FPGA-Alittle-Design\\sim\\build\\exe-wt\\sim\\build\\vision-client-deps\\PyInstaller\\hooks'
3282 INFO: Caching module dependency graph...
3302 INFO: Analyzing D:\Desktop\contests\2026fpga\FPGA-Alittle-Design\sim\build\exe-wt\src\vision_client\preview.py
3506 INFO: Processing standard module hook 'hook-cv2.py' from 'D:\\Desktop\\contests\\2026fpga\\FPGA-Alittle-Design\\sim\\build\\exe-wt\\sim\\build\\vision-client-deps\\_pyinstaller_hooks_contrib\\stdhooks'
3829 INFO: Processing standard module hook 'hook-numpy.py' from 'D:\\Desktop\\contests\\2026fpga\\FPGA-Alittle-Design\\sim\\build\\exe-wt\\sim\\build\\vision-client-deps\\PyInstaller\\hooks'
4040 INFO: Processing standard module hook 'hook-platform.py' from 'D:\\Desktop\\contests\\2026fpga\\FPGA-Alittle-Design\\sim\\build\\exe-wt\\sim\\build\\vision-client-deps\\PyInstaller\\hooks'
4054 INFO: Processing standard module hook 'hook-_ctypes.py' from 'D:\\Desktop\\contests\\2026fpga\\FPGA-Alittle-Design\\sim\\build\\exe-wt\\sim\\build\\vision-client-deps\\PyInstaller\\hooks'
4188 INFO: Processing standard module hook 'hook-sysconfig.py' from 'D:\\Desktop\\contests\\2026fpga\\FPGA-Alittle-Design\\sim\\build\\exe-wt\\sim\\build\\vision-client-deps\\PyInstaller\\hooks'
4634 INFO: Processing standard module hook 'hook-difflib.py' from 'D:\\Desktop\\contests\\2026fpga\\FPGA-Alittle-Design\\sim\\build\\exe-wt\\sim\\build\\vision-client-deps\\PyInstaller\\hooks'
4795 INFO: Processing standard module hook 'hook-multiprocessing.util.py' from 'D:\\Desktop\\contests\\2026fpga\\FPGA-Alittle-Design\\sim\\build\\exe-wt\\sim\\build\\vision-client-deps\\PyInstaller\\hooks'
4850 INFO: Processing standard module hook 'hook-xml.py' from 'D:\\Desktop\\contests\\2026fpga\\FPGA-Alittle-Design\\sim\\build\\exe-wt\\sim\\build\\vision-client-deps\\PyInstaller\\hooks'
5655 INFO: Processing pre-safe-import-module hook 'hook-typing_extensions.py' from 'D:\\Desktop\\contests\\2026fpga\\FPGA-Alittle-Design\\sim\\build\\exe-wt\\sim\\build\\vision-client-deps\\PyInstaller\\hooks\\pre_safe_import_module'
5655 INFO: SetuptoolsInfo: initializing cached setuptools info...
6552 INFO: Processing module hooks (post-graph stage)...
6611 INFO: Performing binary vs. data reclassification (7 entries)
6613 INFO: Looking for ctypes DLLs
6631 INFO: Analyzing run-time hooks ...
6632 INFO: Including run-time hook 'pyi_rth_inspect.py' from 'D:\\Desktop\\contests\\2026fpga\\FPGA-Alittle-Design\\sim\\build\\exe-wt\\sim\\build\\vision-client-deps\\PyInstaller\\hooks\\rthooks'
6634 INFO: Including run-time hook 'pyi_rth_pkgutil.py' from 'D:\\Desktop\\contests\\2026fpga\\FPGA-Alittle-Design\\sim\\build\\exe-wt\\sim\\build\\vision-client-deps\\PyInstaller\\hooks\\rthooks'
6636 INFO: Including run-time hook 'pyi_rth_multiprocessing.py' from 'D:\\Desktop\\contests\\2026fpga\\FPGA-Alittle-Design\\sim\\build\\exe-wt\\sim\\build\\vision-client-deps\\PyInstaller\\hooks\\rthooks'
6641 INFO: Creating base_library.zip...
6656 INFO: Looking for dynamic libraries
6926 INFO: Extra DLL search directories (AddDllDirectory): ['D:\\Desktop\\contests\\2026fpga\\FPGA-Alittle-Design\\sim\\build\\exe-wt\\sim\\build\\vision-client-deps\\numpy.libs', 'D:\\Desktop\\contests\\2026fpga\\FPGA-Alittle-Design\\sim\\build\\exe-wt\\sim\\build\\vision-client-deps\\cv2\\../../x64/vc17/bin']
6926 INFO: Extra DLL search directories (PATH): ['D:\\Desktop\\contests\\2026fpga\\FPGA-Alittle-Design\\sim\\build\\exe-wt\\sim\\build\\vision-client-deps\\cv2\\../../x64/vc17/bin']
7245 INFO: Warnings written to D:\Desktop\contests\2026fpga\FPGA-Alittle-Design\sim\build\exe-wt\sim\build\vision-client\build\vision_preview\warn-vision_preview.txt
7267 INFO: Graph cross-reference written to D:\Desktop\contests\2026fpga\FPGA-Alittle-Design\sim\build\exe-wt\sim\build\vision-client\build\vision_preview\xref-vision_preview.html
7281 INFO: checking PYZ
7283 INFO: Building because toc changed
7283 INFO: Building PYZ (ZlibArchive) D:\Desktop\contests\2026fpga\FPGA-Alittle-Design\sim\build\exe-wt\sim\build\vision-client\build\vision_preview\PYZ-00.pyz
7625 INFO: Building PYZ (ZlibArchive) D:\Desktop\contests\2026fpga\FPGA-Alittle-Design\sim\build\exe-wt\sim\build\vision-client\build\vision_preview\PYZ-00.pyz completed successfully.
7631 INFO: checking PKG
7631 INFO: Building because D:\Desktop\contests\2026fpga\FPGA-Alittle-Design\sim\build\exe-wt\sim\build\vision-client\build\vision_preview\PYZ-00.pyz changed
7631 INFO: Building PKG (CArchive) vision_preview.pkg
7647 INFO: Building PKG (CArchive) vision_preview.pkg completed successfully.
7648 INFO: Bootloader D:\Desktop\contests\2026fpga\FPGA-Alittle-Design\sim\build\exe-wt\sim\build\vision-client-deps\PyInstaller\bootloader\Windows-64bit-intel\run.exe
7648 INFO: checking EXE
7648 INFO: Rebuilding EXE-00.toc because pkg is more recent
7648 INFO: Building EXE from EXE-00.toc
7649 INFO: Copying bootloader EXE to D:\Desktop\contests\2026fpga\FPGA-Alittle-Design\sim\build\exe-wt\sim\build\vision-client\build\vision_preview\vision_preview.exe
7659 INFO: Copying icon to EXE
7665 INFO: Copying 0 resources to EXE
7665 INFO: Embedding manifest in EXE
7670 INFO: Appending PKG archive to EXE
7676 INFO: Fixing EXE headers
7717 INFO: Building EXE from EXE-00.toc completed successfully.
7719 INFO: checking COLLECT
7720 INFO: Removing dir D:\Desktop\contests\2026fpga\FPGA-Alittle-Design\sim\build\exe-wt\sim\build\vision-client\dist\vision_preview
7811 INFO: Building COLLECT COLLECT-00.toc
7981 INFO: Building COLLECT COLLECT-00.toc completed successfully.
7982 INFO: Build complete! The results are available in: D:\Desktop\contests\2026fpga\FPGA-Alittle-Design\sim\build\exe-wt\sim\build\vision-client\dist
PASS: preview mock renderer packaged runtime
PASS: packaged EXE HTTP mock preview + unreachable route rejects, no UVC/board access
PASS: Windows M2 preview EXE build + packaged renderer test
