INFO: [Common 17-3922] A valid Vivado Design Suite BASIC license has been detected. Your current license is active and will expire on 14-sep-2027.

****** Vivado v2026.1 (64-bit)
  **** SW Build 6511674 on Tue Jun 16 11:02:23 MDT 2026
  **** IP Build 6504888 on Tue Jun 09 09:05:25 MDT 2026
  **** SharedData Build 6501428 on Mon Jun 08 17:34:18 MDT 2026
  **** Start of session at: Wed Oct  7 16:51:01 2026
    ** Copyright 1986-2022 Xilinx, Inc. All Rights Reserved.
    ** Copyright 2022-2026 Advanced Micro Devices, Inc. All Rights Reserved.

source build/build_soc.tcl
# set script_dir [file normalize [file dirname [info script]]]
# set root       [file normalize [file join $script_dir ..]]
# set part       xc7z020clg400-1
# set top        pynq_z2_top
# set core_clk_mhz 40
# set core_profile fwd
# if {$argc >= 1} {set core_clk_mhz [lindex $argv 0]}
# if {$argc >= 2} {set core_profile [lindex $argv 1]}
# if {$argc > 2} {
#     error "Usage: build_soc.tcl ?40|125? ?nofwd|fwd|bht1|bht2?"
# }
# switch -- $core_clk_mhz {
#     40  {set core_clk_divide 25; set core_clk_period 25.000; set core_clk_name core_clk_40}
#     125 {set core_clk_divide 8;  set core_clk_period 8.000;  set core_clk_name core_clk_125}
#     default {error "Unsupported core clock: $core_clk_mhz MHz (choose 40 or 125)"}
# }
# switch -- $core_profile {
#     nofwd {set enable_forwarding 0; set bht_mode 0}
#     fwd   {set enable_forwarding 1; set bht_mode 0}
#     bht1  {set enable_forwarding 1; set bht_mode 1}
#     bht2  {set enable_forwarding 1; set bht_mode 2}
#     default {error "Unsupported core profile: $core_profile (choose nofwd, fwd, bht1 or bht2)"}
# }
# set profile soc_${core_clk_mhz}mhz
# if {$core_profile ne "fwd"} {append profile _${core_profile}}
# set run_dir     [file join $script_dir run $profile]
# set rep_dir     [file join $script_dir reports $profile]
# file mkdir $run_dir
# file mkdir $rep_dir
# cd $root
# proc require_clock {name expected_period} {
#     set clock [get_clocks -quiet $name]
#     if {[llength $clock] != 1} {error "Missing or duplicate clock: $name"}
#     set period [get_property PERIOD $clock]
#     if {abs($period - $expected_period) > 0.001} {
#         error "Clock $name period is $period ns, expected $expected_period ns"
#     }
# }
# read_verilog [glob [file join $root src riscv *.v]]
read_verilog: Time (s): cpu = 00:00:13 ; elapsed = 00:00:11 . Memory (MB): peak = 610.234 ; gain = 266.840
# read_xdc [file join $script_dir constraints pynq_z2_soc.xdc]
# set core_generics [list CORE_CLK_DIVIDE=$core_clk_divide \
#     ENABLE_FORWARDING=$enable_forwarding BHT_MODE=$bht_mode]
# synth_design -top $top -part $part -generic $core_generics
Command: synth_design -top pynq_z2_top -part xc7z020clg400-1 -generic {CORE_CLK_DIVIDE=25 ENABLE_FORWARDING=1 BHT_MODE=2}
Starting synth_design
Attempting to get a license for feature 'Vivado_Synthesis' and/or device 'xc7z020'
INFO: [Common 17-349] Got license for feature 'Vivado_Synthesis' and/or device 'xc7z020'
INFO: [Device 21-403] Loading part xc7z020clg400-1
INFO: [Designutils 20-5008] Incremental synthesis strategy default
INFO: [Synth 8-7079] Multithreading enabled for synth_design using a maximum of 2 processes.
INFO: [Synth 8-7078] Launching helper process for spawning children vivado processes
INFO: [Synth 8-7075] Helper process launched with PID 20548
---------------------------------------------------------------------------------
Starting RTL Elaboration : Time (s): cpu = 00:00:07 ; elapsed = 00:00:08 . Memory (MB): peak = 1416.430 ; gain = 578.508
---------------------------------------------------------------------------------
INFO: [Synth 8-6157] synthesizing module 'pynq_z2_top' [E:/Projects/FPGA-Alittle-Design/src/riscv/pynq_z2_top.v:3]
	Parameter CORE_CLK_DIVIDE bound to: 25 - type: integer 
	Parameter ENABLE_FORWARDING bound to: 1 - type: integer 
	Parameter BHT_MODE bound to: 2'b10 
INFO: [Synth 8-6157] synthesizing module 'MMCME2_BASE' [D:/Vivado_downloads/2026.1/Vivado/scripts/rt/data/unisim_comp.v:95844]
	Parameter BANDWIDTH bound to: OPTIMIZED - type: string 
	Parameter CLKFBOUT_MULT_F bound to: 8.000000e+00 - type: double 
	Parameter CLKIN1_PERIOD bound to: 8.000000e+00 - type: double 
	Parameter CLKOUT0_DIVIDE_F bound to: 2.500000e+01 - type: double 
	Parameter DIVCLK_DIVIDE bound to: 1 - type: integer 
	Parameter STARTUP_WAIT bound to: FALSE - type: string 
INFO: [Synth 8-6155] done synthesizing module 'MMCME2_BASE' (0#1) [D:/Vivado_downloads/2026.1/Vivado/scripts/rt/data/unisim_comp.v:95844]
WARNING: [Synth 8-7071] port 'CLKFBOUTB' of module 'MMCME2_BASE' is unconnected for instance 'u_mmcm' [E:/Projects/FPGA-Alittle-Design/src/riscv/pynq_z2_top.v:29]
WARNING: [Synth 8-7071] port 'CLKOUT0B' of module 'MMCME2_BASE' is unconnected for instance 'u_mmcm' [E:/Projects/FPGA-Alittle-Design/src/riscv/pynq_z2_top.v:29]
WARNING: [Synth 8-7071] port 'CLKOUT1' of module 'MMCME2_BASE' is unconnected for instance 'u_mmcm' [E:/Projects/FPGA-Alittle-Design/src/riscv/pynq_z2_top.v:29]
WARNING: [Synth 8-7071] port 'CLKOUT1B' of module 'MMCME2_BASE' is unconnected for instance 'u_mmcm' [E:/Projects/FPGA-Alittle-Design/src/riscv/pynq_z2_top.v:29]
WARNING: [Synth 8-7071] port 'CLKOUT2' of module 'MMCME2_BASE' is unconnected for instance 'u_mmcm' [E:/Projects/FPGA-Alittle-Design/src/riscv/pynq_z2_top.v:29]
WARNING: [Synth 8-7071] port 'CLKOUT2B' of module 'MMCME2_BASE' is unconnected for instance 'u_mmcm' [E:/Projects/FPGA-Alittle-Design/src/riscv/pynq_z2_top.v:29]
WARNING: [Synth 8-7071] port 'CLKOUT3' of module 'MMCME2_BASE' is unconnected for instance 'u_mmcm' [E:/Projects/FPGA-Alittle-Design/src/riscv/pynq_z2_top.v:29]
WARNING: [Synth 8-7071] port 'CLKOUT3B' of module 'MMCME2_BASE' is unconnected for instance 'u_mmcm' [E:/Projects/FPGA-Alittle-Design/src/riscv/pynq_z2_top.v:29]
WARNING: [Synth 8-7071] port 'CLKOUT4' of module 'MMCME2_BASE' is unconnected for instance 'u_mmcm' [E:/Projects/FPGA-Alittle-Design/src/riscv/pynq_z2_top.v:29]
WARNING: [Synth 8-7071] port 'CLKOUT5' of module 'MMCME2_BASE' is unconnected for instance 'u_mmcm' [E:/Projects/FPGA-Alittle-Design/src/riscv/pynq_z2_top.v:29]
WARNING: [Synth 8-7071] port 'CLKOUT6' of module 'MMCME2_BASE' is unconnected for instance 'u_mmcm' [E:/Projects/FPGA-Alittle-Design/src/riscv/pynq_z2_top.v:29]
WARNING: [Synth 8-7023] instance 'u_mmcm' of module 'MMCME2_BASE' has 18 connections declared, but only 7 given [E:/Projects/FPGA-Alittle-Design/src/riscv/pynq_z2_top.v:29]
INFO: [Synth 8-6157] synthesizing module 'BUFG' [D:/Vivado_downloads/2026.1/Vivado/scripts/rt/data/unisim_comp.v:2678]
INFO: [Synth 8-6155] done synthesizing module 'BUFG' (0#1) [D:/Vivado_downloads/2026.1/Vivado/scripts/rt/data/unisim_comp.v:2678]
INFO: [Synth 8-6157] synthesizing module 'soc_top' [E:/Projects/FPGA-Alittle-Design/src/riscv/soc_top.v:3]
	Parameter IMEM_INIT_FILE bound to: src/riscv_fw/hello_v0.hex - type: string 
	Parameter DMEM_INIT_FILE bound to: src/riscv_fw/hello_v0.hex - type: string 
	Parameter ENABLE_FORWARDING bound to: 1 - type: integer 
	Parameter BHT_MODE bound to: 2'b10 
INFO: [Synth 8-6157] synthesizing module 'core_top' [E:/Projects/FPGA-Alittle-Design/src/riscv/core_top.v:3]
	Parameter ENABLE_FORWARDING bound to: 1 - type: integer 
	Parameter BHT_MODE bound to: 2'b10 
INFO: [Synth 8-6157] synthesizing module 'pc' [E:/Projects/FPGA-Alittle-Design/src/riscv/pc.v:3]
INFO: [Synth 8-6155] done synthesizing module 'pc' (0#1) [E:/Projects/FPGA-Alittle-Design/src/riscv/pc.v:3]
INFO: [Synth 8-6157] synthesizing module 'if_stage' [E:/Projects/FPGA-Alittle-Design/src/riscv/if_stage.v:4]
INFO: [Synth 8-6155] done synthesizing module 'if_stage' (0#1) [E:/Projects/FPGA-Alittle-Design/src/riscv/if_stage.v:4]
INFO: [Synth 8-6157] synthesizing module 'regfile' [E:/Projects/FPGA-Alittle-Design/src/riscv/regfile.v:3]
INFO: [Synth 8-6155] done synthesizing module 'regfile' (0#1) [E:/Projects/FPGA-Alittle-Design/src/riscv/regfile.v:3]
INFO: [Synth 8-6157] synthesizing module 'muldiv' [E:/Projects/FPGA-Alittle-Design/src/riscv/muldiv.v:3]
INFO: [Synth 8-6155] done synthesizing module 'muldiv' (0#1) [E:/Projects/FPGA-Alittle-Design/src/riscv/muldiv.v:3]
INFO: [Synth 8-6157] synthesizing module 'forwarding' [E:/Projects/FPGA-Alittle-Design/src/riscv/forwarding.v:2]
INFO: [Synth 8-6155] done synthesizing module 'forwarding' (0#1) [E:/Projects/FPGA-Alittle-Design/src/riscv/forwarding.v:2]
INFO: [Synth 8-6157] synthesizing module 'hazard' [E:/Projects/FPGA-Alittle-Design/src/riscv/hazard.v:2]
INFO: [Synth 8-6155] done synthesizing module 'hazard' (0#1) [E:/Projects/FPGA-Alittle-Design/src/riscv/hazard.v:2]
INFO: [Synth 8-6157] synthesizing module 'id_ex_stage' [E:/Projects/FPGA-Alittle-Design/src/riscv/id_ex_stage.v:2]
INFO: [Synth 8-6157] synthesizing module 'decode' [E:/Projects/FPGA-Alittle-Design/src/riscv/decode.v:3]
INFO: [Synth 8-226] default block is never used [E:/Projects/FPGA-Alittle-Design/src/riscv/decode.v:157]
INFO: [Synth 8-226] default block is never used [E:/Projects/FPGA-Alittle-Design/src/riscv/decode.v:180]
INFO: [Synth 8-6155] done synthesizing module 'decode' (0#1) [E:/Projects/FPGA-Alittle-Design/src/riscv/decode.v:3]
INFO: [Synth 8-6157] synthesizing module 'alu' [E:/Projects/FPGA-Alittle-Design/src/riscv/alu.v:3]
INFO: [Synth 8-6155] done synthesizing module 'alu' (0#1) [E:/Projects/FPGA-Alittle-Design/src/riscv/alu.v:3]
INFO: [Synth 8-6155] done synthesizing module 'id_ex_stage' (0#1) [E:/Projects/FPGA-Alittle-Design/src/riscv/id_ex_stage.v:2]
INFO: [Synth 8-6157] synthesizing module 'branch_predict' [E:/Projects/FPGA-Alittle-Design/src/riscv/branch_predict.v:1]
	Parameter BHT_MODE bound to: 2'b10 
INFO: [Synth 8-6155] done synthesizing module 'branch_predict' (0#1) [E:/Projects/FPGA-Alittle-Design/src/riscv/branch_predict.v:1]
INFO: [Synth 8-6157] synthesizing module 'mem_wb_stage' [E:/Projects/FPGA-Alittle-Design/src/riscv/mem_wb_stage.v:2]
INFO: [Synth 8-6155] done synthesizing module 'mem_wb_stage' (0#1) [E:/Projects/FPGA-Alittle-Design/src/riscv/mem_wb_stage.v:2]
INFO: [Synth 8-6155] done synthesizing module 'core_top' (0#1) [E:/Projects/FPGA-Alittle-Design/src/riscv/core_top.v:3]
INFO: [Synth 8-6157] synthesizing module 'imem' [E:/Projects/FPGA-Alittle-Design/src/riscv/imem.v:3]
	Parameter INIT_FILE bound to: src/riscv_fw/hello_v0.hex - type: string 
INFO: [Synth 8-3876] $readmem data file 'src/riscv_fw/hello_v0.hex' is read successfully [E:/Projects/FPGA-Alittle-Design/src/riscv/imem.v:19]
INFO: [Synth 8-6155] done synthesizing module 'imem' (0#1) [E:/Projects/FPGA-Alittle-Design/src/riscv/imem.v:3]
INFO: [Synth 8-6157] synthesizing module 'dmem' [E:/Projects/FPGA-Alittle-Design/src/riscv/dmem.v:3]
	Parameter INIT_FILE bound to: src/riscv_fw/hello_v0.hex - type: string 
INFO: [Synth 8-3876] $readmem data file 'src/riscv_fw/hello_v0.hex' is read successfully [E:/Projects/FPGA-Alittle-Design/src/riscv/dmem.v:21]
INFO: [Synth 8-6155] done synthesizing module 'dmem' (0#1) [E:/Projects/FPGA-Alittle-Design/src/riscv/dmem.v:3]
INFO: [Synth 8-6155] done synthesizing module 'soc_top' (0#1) [E:/Projects/FPGA-Alittle-Design/src/riscv/soc_top.v:3]
INFO: [Synth 8-6155] done synthesizing module 'pynq_z2_top' (0#1) [E:/Projects/FPGA-Alittle-Design/src/riscv/pynq_z2_top.v:3]
WARNING: [Synth 8-6014] Unused sequential element a_r_reg was removed.  [E:/Projects/FPGA-Alittle-Design/src/riscv/muldiv.v:58]
WARNING: [Synth 8-6014] Unused sequential element b_r_reg was removed.  [E:/Projects/FPGA-Alittle-Design/src/riscv/muldiv.v:59]
WARNING: [Synth 8-7137] Register mem_instr_reg in module mem_wb_stage has both Set and reset with same priority. This may cause simulation mismatches. Consider rewriting code  [E:/Projects/FPGA-Alittle-Design/src/riscv/mem_wb_stage.v:23]
WARNING: [Synth 8-7137] Register mem_pc_reg in module mem_wb_stage has both Set and reset with same priority. This may cause simulation mismatches. Consider rewriting code  [E:/Projects/FPGA-Alittle-Design/src/riscv/mem_wb_stage.v:24]
WARNING: [Synth 8-7137] Register mem_rd_reg in module mem_wb_stage has both Set and reset with same priority. This may cause simulation mismatches. Consider rewriting code  [E:/Projects/FPGA-Alittle-Design/src/riscv/mem_wb_stage.v:25]
WARNING: [Synth 8-7137] Register mem_result_reg in module mem_wb_stage has both Set and reset with same priority. This may cause simulation mismatches. Consider rewriting code  [E:/Projects/FPGA-Alittle-Design/src/riscv/mem_wb_stage.v:26]
WARNING: [Synth 8-7137] Register mem_addr_reg in module mem_wb_stage has both Set and reset with same priority. This may cause simulation mismatches. Consider rewriting code  [E:/Projects/FPGA-Alittle-Design/src/riscv/mem_wb_stage.v:27]
WARNING: [Synth 8-7137] Register mem_store_data_reg in module mem_wb_stage has both Set and reset with same priority. This may cause simulation mismatches. Consider rewriting code  [E:/Projects/FPGA-Alittle-Design/src/riscv/mem_wb_stage.v:28]
WARNING: [Synth 8-7137] Register mem_reg_write_reg in module mem_wb_stage has both Set and reset with same priority. This may cause simulation mismatches. Consider rewriting code  [E:/Projects/FPGA-Alittle-Design/src/riscv/mem_wb_stage.v:29]
WARNING: [Synth 8-7137] Register mem_mem_read_reg in module mem_wb_stage has both Set and reset with same priority. This may cause simulation mismatches. Consider rewriting code  [E:/Projects/FPGA-Alittle-Design/src/riscv/mem_wb_stage.v:30]
WARNING: [Synth 8-7137] Register mem_mem_write_reg in module mem_wb_stage has both Set and reset with same priority. This may cause simulation mismatches. Consider rewriting code  [E:/Projects/FPGA-Alittle-Design/src/riscv/mem_wb_stage.v:31]
WARNING: [Synth 8-7137] Register mem_wb_sel_reg in module mem_wb_stage has both Set and reset with same priority. This may cause simulation mismatches. Consider rewriting code  [E:/Projects/FPGA-Alittle-Design/src/riscv/mem_wb_stage.v:32]
WARNING: [Synth 8-7137] Register mem_mask_sel_reg in module mem_wb_stage has both Set and reset with same priority. This may cause simulation mismatches. Consider rewriting code  [E:/Projects/FPGA-Alittle-Design/src/riscv/mem_wb_stage.v:33]
WARNING: [Synth 8-7137] Register mem_sign_ext_reg in module mem_wb_stage has both Set and reset with same priority. This may cause simulation mismatches. Consider rewriting code  [E:/Projects/FPGA-Alittle-Design/src/riscv/mem_wb_stage.v:34]
WARNING: [Synth 8-7129] Port addr[31] in module dmem is either unconnected or has no load
WARNING: [Synth 8-7129] Port addr[30] in module dmem is either unconnected or has no load
WARNING: [Synth 8-7129] Port addr[29] in module dmem is either unconnected or has no load
WARNING: [Synth 8-7129] Port addr[28] in module dmem is either unconnected or has no load
WARNING: [Synth 8-7129] Port addr[27] in module dmem is either unconnected or has no load
WARNING: [Synth 8-7129] Port addr[26] in module dmem is either unconnected or has no load
WARNING: [Synth 8-7129] Port addr[25] in module dmem is either unconnected or has no load
WARNING: [Synth 8-7129] Port addr[24] in module dmem is either unconnected or has no load
WARNING: [Synth 8-7129] Port addr[23] in module dmem is either unconnected or has no load
WARNING: [Synth 8-7129] Port addr[22] in module dmem is either unconnected or has no load
WARNING: [Synth 8-7129] Port addr[21] in module dmem is either unconnected or has no load
WARNING: [Synth 8-7129] Port addr[20] in module dmem is either unconnected or has no load
WARNING: [Synth 8-7129] Port addr[19] in module dmem is either unconnected or has no load
WARNING: [Synth 8-7129] Port addr[18] in module dmem is either unconnected or has no load
WARNING: [Synth 8-7129] Port addr[17] in module dmem is either unconnected or has no load
WARNING: [Synth 8-7129] Port addr[16] in module dmem is either unconnected or has no load
WARNING: [Synth 8-7129] Port addr[15] in module dmem is either unconnected or has no load
WARNING: [Synth 8-7129] Port addr[1] in module dmem is either unconnected or has no load
WARNING: [Synth 8-7129] Port addr[0] in module dmem is either unconnected or has no load
WARNING: [Synth 8-7129] Port addr[31] in module imem is either unconnected or has no load
WARNING: [Synth 8-7129] Port addr[30] in module imem is either unconnected or has no load
WARNING: [Synth 8-7129] Port addr[29] in module imem is either unconnected or has no load
WARNING: [Synth 8-7129] Port addr[28] in module imem is either unconnected or has no load
WARNING: [Synth 8-7129] Port addr[27] in module imem is either unconnected or has no load
WARNING: [Synth 8-7129] Port addr[26] in module imem is either unconnected or has no load
WARNING: [Synth 8-7129] Port addr[25] in module imem is either unconnected or has no load
WARNING: [Synth 8-7129] Port addr[24] in module imem is either unconnected or has no load
WARNING: [Synth 8-7129] Port addr[23] in module imem is either unconnected or has no load
WARNING: [Synth 8-7129] Port addr[22] in module imem is either unconnected or has no load
WARNING: [Synth 8-7129] Port addr[21] in module imem is either unconnected or has no load
WARNING: [Synth 8-7129] Port addr[20] in module imem is either unconnected or has no load
WARNING: [Synth 8-7129] Port addr[19] in module imem is either unconnected or has no load
WARNING: [Synth 8-7129] Port addr[18] in module imem is either unconnected or has no load
WARNING: [Synth 8-7129] Port addr[17] in module imem is either unconnected or has no load
WARNING: [Synth 8-7129] Port addr[16] in module imem is either unconnected or has no load
WARNING: [Synth 8-7129] Port addr[15] in module imem is either unconnected or has no load
WARNING: [Synth 8-7129] Port addr[1] in module imem is either unconnected or has no load
WARNING: [Synth 8-7129] Port addr[0] in module imem is either unconnected or has no load
WARNING: [Synth 8-7129] Port lookup_pc[31] in module branch_predict is either unconnected or has no load
WARNING: [Synth 8-7129] Port lookup_pc[30] in module branch_predict is either unconnected or has no load
WARNING: [Synth 8-7129] Port lookup_pc[29] in module branch_predict is either unconnected or has no load
WARNING: [Synth 8-7129] Port lookup_pc[28] in module branch_predict is either unconnected or has no load
WARNING: [Synth 8-7129] Port lookup_pc[27] in module branch_predict is either unconnected or has no load
WARNING: [Synth 8-7129] Port lookup_pc[26] in module branch_predict is either unconnected or has no load
WARNING: [Synth 8-7129] Port lookup_pc[25] in module branch_predict is either unconnected or has no load
WARNING: [Synth 8-7129] Port lookup_pc[24] in module branch_predict is either unconnected or has no load
WARNING: [Synth 8-7129] Port lookup_pc[23] in module branch_predict is either unconnected or has no load
WARNING: [Synth 8-7129] Port lookup_pc[22] in module branch_predict is either unconnected or has no load
WARNING: [Synth 8-7129] Port lookup_pc[21] in module branch_predict is either unconnected or has no load
WARNING: [Synth 8-7129] Port lookup_pc[20] in module branch_predict is either unconnected or has no load
WARNING: [Synth 8-7129] Port lookup_pc[19] in module branch_predict is either unconnected or has no load
WARNING: [Synth 8-7129] Port lookup_pc[18] in module branch_predict is either unconnected or has no load
WARNING: [Synth 8-7129] Port lookup_pc[17] in module branch_predict is either unconnected or has no load
WARNING: [Synth 8-7129] Port lookup_pc[16] in module branch_predict is either unconnected or has no load
WARNING: [Synth 8-7129] Port lookup_pc[15] in module branch_predict is either unconnected or has no load
WARNING: [Synth 8-7129] Port lookup_pc[14] in module branch_predict is either unconnected or has no load
WARNING: [Synth 8-7129] Port lookup_pc[13] in module branch_predict is either unconnected or has no load
WARNING: [Synth 8-7129] Port lookup_pc[12] in module branch_predict is either unconnected or has no load
WARNING: [Synth 8-7129] Port lookup_pc[11] in module branch_predict is either unconnected or has no load
WARNING: [Synth 8-7129] Port lookup_pc[10] in module branch_predict is either unconnected or has no load
WARNING: [Synth 8-7129] Port lookup_pc[9] in module branch_predict is either unconnected or has no load
WARNING: [Synth 8-7129] Port lookup_pc[8] in module branch_predict is either unconnected or has no load
WARNING: [Synth 8-7129] Port lookup_pc[1] in module branch_predict is either unconnected or has no load
WARNING: [Synth 8-7129] Port lookup_pc[0] in module branch_predict is either unconnected or has no load
WARNING: [Synth 8-7129] Port update_pc[31] in module branch_predict is either unconnected or has no load
WARNING: [Synth 8-7129] Port update_pc[30] in module branch_predict is either unconnected or has no load
WARNING: [Synth 8-7129] Port update_pc[29] in module branch_predict is either unconnected or has no load
WARNING: [Synth 8-7129] Port update_pc[28] in module branch_predict is either unconnected or has no load
WARNING: [Synth 8-7129] Port update_pc[27] in module branch_predict is either unconnected or has no load
WARNING: [Synth 8-7129] Port update_pc[26] in module branch_predict is either unconnected or has no load
WARNING: [Synth 8-7129] Port update_pc[25] in module branch_predict is either unconnected or has no load
WARNING: [Synth 8-7129] Port update_pc[24] in module branch_predict is either unconnected or has no load
WARNING: [Synth 8-7129] Port update_pc[23] in module branch_predict is either unconnected or has no load
WARNING: [Synth 8-7129] Port update_pc[22] in module branch_predict is either unconnected or has no load
WARNING: [Synth 8-7129] Port update_pc[21] in module branch_predict is either unconnected or has no load
WARNING: [Synth 8-7129] Port update_pc[20] in module branch_predict is either unconnected or has no load
WARNING: [Synth 8-7129] Port update_pc[19] in module branch_predict is either unconnected or has no load
WARNING: [Synth 8-7129] Port update_pc[18] in module branch_predict is either unconnected or has no load
WARNING: [Synth 8-7129] Port update_pc[17] in module branch_predict is either unconnected or has no load
WARNING: [Synth 8-7129] Port update_pc[16] in module branch_predict is either unconnected or has no load
WARNING: [Synth 8-7129] Port update_pc[15] in module branch_predict is either unconnected or has no load
WARNING: [Synth 8-7129] Port update_pc[14] in module branch_predict is either unconnected or has no load
WARNING: [Synth 8-7129] Port update_pc[13] in module branch_predict is either unconnected or has no load
WARNING: [Synth 8-7129] Port update_pc[12] in module branch_predict is either unconnected or has no load
WARNING: [Synth 8-7129] Port update_pc[11] in module branch_predict is either unconnected or has no load
WARNING: [Synth 8-7129] Port update_pc[10] in module branch_predict is either unconnected or has no load
WARNING: [Synth 8-7129] Port update_pc[9] in module branch_predict is either unconnected or has no load
WARNING: [Synth 8-7129] Port update_pc[8] in module branch_predict is either unconnected or has no load
WARNING: [Synth 8-7129] Port update_pc[1] in module branch_predict is either unconnected or has no load
WARNING: [Synth 8-7129] Port update_pc[0] in module branch_predict is either unconnected or has no load
WARNING: [Synth 8-7129] Port in_valid in module id_ex_stage is either unconnected or has no load
---------------------------------------------------------------------------------
Finished RTL Elaboration : Time (s): cpu = 00:00:10 ; elapsed = 00:00:11 . Memory (MB): peak = 1568.891 ; gain = 730.969
---------------------------------------------------------------------------------
---------------------------------------------------------------------------------
Start Handling Custom Attributes
---------------------------------------------------------------------------------
---------------------------------------------------------------------------------
Finished Handling Custom Attributes : Time (s): cpu = 00:00:10 ; elapsed = 00:00:11 . Memory (MB): peak = 1568.891 ; gain = 730.969
---------------------------------------------------------------------------------
---------------------------------------------------------------------------------
Finished RTL Optimization Phase 1 : Time (s): cpu = 00:00:10 ; elapsed = 00:00:11 . Memory (MB): peak = 1568.891 ; gain = 730.969
---------------------------------------------------------------------------------
Netlist sorting complete. Time (s): cpu = 00:00:00 ; elapsed = 00:00:00.017 . Memory (MB): peak = 1568.891 ; gain = 0.000
INFO: [Netlist 29-17] Analyzing 1 Unisim elements for replacement
INFO: [Netlist 29-28] Unisim Transformation completed in 0 CPU seconds
INFO: [Project 1-570] Preparing netlist for logic optimization

Processing XDC Constraints
Initializing timing engine
Parsing XDC File [E:/Projects/FPGA-Alittle-Design/build/constraints/pynq_z2_soc.xdc]
CRITICAL WARNING: [Designutils 20-1307] Command 'if' is not supported in the xdc constraint file. [E:/Projects/FPGA-Alittle-Design/build/constraints/pynq_z2_soc.xdc:10]
CRITICAL WARNING: [Designutils 20-1307] Command 'if' is not supported in the xdc constraint file. [E:/Projects/FPGA-Alittle-Design/build/constraints/pynq_z2_soc.xdc:11]
Finished Parsing XDC File [E:/Projects/FPGA-Alittle-Design/build/constraints/pynq_z2_soc.xdc]
INFO: [Project 1-236] Implementation specific constraints were found while reading constraint file [E:/Projects/FPGA-Alittle-Design/build/constraints/pynq_z2_soc.xdc]. These constraints will be ignored for synthesis but will be used in implementation. Impacted constraints are listed in the file [.Xil/pynq_z2_top_propImpl.xdc].
Resolution: To avoid this warning, move constraints listed in [.Xil/pynq_z2_top_propImpl.xdc] to another XDC file and exclude this new file from synthesis with the used_in_synthesis property (File Properties dialog in GUI) and re-run elaboration/synthesis.
WARNING: [Timing 38-3] User defined clock exists on pin u_mmcm/CLKOUT0 [See E:/Projects/FPGA-Alittle-Design/build/constraints/pynq_z2_soc.xdc:12] and will prevent any subsequent automatic derivation of generated clocks on that pin. If the user defined clock specifies '-add', any existing auto-derived clocks on that pin are retained.
INFO: [Timing 38-2] Deriving generated clocks
Completed Processing XDC Constraints

Netlist sorting complete. Time (s): cpu = 00:00:00 ; elapsed = 00:00:00.001 . Memory (MB): peak = 1620.539 ; gain = 0.000
INFO: [Project 1-111] Unisim Transformation Summary:
  A total of 1 instances were transformed.
  MMCME2_BASE => MMCME2_ADV: 1 instance 

Constraint Validation Runtime : Time (s): cpu = 00:00:01 ; elapsed = 00:00:00.025 . Memory (MB): peak = 1621.387 ; gain = 0.000
---------------------------------------------------------------------------------
Finished Constraint Validation : Time (s): cpu = 00:00:21 ; elapsed = 00:00:23 . Memory (MB): peak = 1621.387 ; gain = 783.465
---------------------------------------------------------------------------------
---------------------------------------------------------------------------------
Start Loading Part and Timing Information
---------------------------------------------------------------------------------
Loading part: xc7z020clg400-1
---------------------------------------------------------------------------------
Finished Loading Part and Timing Information : Time (s): cpu = 00:00:21 ; elapsed = 00:00:23 . Memory (MB): peak = 1621.387 ; gain = 783.465
---------------------------------------------------------------------------------
---------------------------------------------------------------------------------
Start Applying 'set_property' XDC Constraints
---------------------------------------------------------------------------------
---------------------------------------------------------------------------------
Finished applying 'set_property' XDC Constraints : Time (s): cpu = 00:00:21 ; elapsed = 00:00:23 . Memory (MB): peak = 1621.387 ; gain = 783.465
---------------------------------------------------------------------------------
---------------------------------------------------------------------------------
Finished RTL Optimization Phase 2 : Time (s): cpu = 00:00:22 ; elapsed = 00:00:24 . Memory (MB): peak = 1621.387 ; gain = 783.465
---------------------------------------------------------------------------------
---------------------------------------------------------------------------------
Start RTL Component Statistics 
---------------------------------------------------------------------------------
Detailed RTL Component Info : 
+---Adders : 
	   2 Input   64 Bit       Adders := 3     
	   3 Input   33 Bit       Adders := 1     
	   2 Input   32 Bit       Adders := 10    
	   3 Input   32 Bit       Adders := 2     
	   2 Input    5 Bit       Adders := 1     
	   2 Input    2 Bit       Adders := 1     
+---XORs : 
	   2 Input     32 Bit         XORs := 1     
	   2 Input      1 Bit         XORs := 2     
+---Registers : 
	               64 Bit    Registers := 2     
	               33 Bit    Registers := 1     
	               32 Bit    Registers := 13    
	                5 Bit    Registers := 2     
	                4 Bit    Registers := 1     
	                3 Bit    Registers := 1     
	                2 Bit    Registers := 67    
	                1 Bit    Registers := 14    
+---RAMs : 
	             256K Bit	(8192 X 32 bit)          RAMs := 1     
	             1024 Bit	(32 X 32 bit)          RAMs := 1     
+---ROMs : 
	                    ROMs := 1     
+---Muxes : 
	   2 Input   64 Bit        Muxes := 5     
	   2 Input   34 Bit        Muxes := 10    
	   2 Input   33 Bit        Muxes := 2     
	   2 Input   32 Bit        Muxes := 41    
	   4 Input   32 Bit        Muxes := 1     
	   3 Input   32 Bit        Muxes := 1     
	   2 Input   16 Bit        Muxes := 1     
	   4 Input    8 Bit        Muxes := 1     
	   2 Input    8 Bit        Muxes := 2     
	   2 Input    5 Bit        Muxes := 1     
	   8 Input    4 Bit        Muxes := 2     
	   2 Input    4 Bit        Muxes := 1     
	   4 Input    4 Bit        Muxes := 1     
	   2 Input    3 Bit        Muxes := 2     
	   7 Input    3 Bit        Muxes := 1     
	   5 Input    2 Bit        Muxes := 1     
	   2 Input    2 Bit        Muxes := 3     
	   2 Input    1 Bit        Muxes := 137   
	   5 Input    1 Bit        Muxes := 1     
---------------------------------------------------------------------------------
Finished RTL Component Statistics 
---------------------------------------------------------------------------------
---------------------------------------------------------------------------------
Start Part Resource Summary
---------------------------------------------------------------------------------
Part Resources:
DSPs: 220 (col length:60)
BRAMs: 280 (col length: RAMB18 60 RAMB36 30)
---------------------------------------------------------------------------------
Finished Part Resource Summary
---------------------------------------------------------------------------------
---------------------------------------------------------------------------------
Start Cross Boundary and Area Optimization
---------------------------------------------------------------------------------
WARNING: [Synth 8-7129] Port lookup_pc[31] in module branch_predict is either unconnected or has no load
WARNING: [Synth 8-7129] Port lookup_pc[30] in module branch_predict is either unconnected or has no load
WARNING: [Synth 8-7129] Port lookup_pc[29] in module branch_predict is either unconnected or has no load
WARNING: [Synth 8-7129] Port lookup_pc[28] in module branch_predict is either unconnected or has no load
WARNING: [Synth 8-7129] Port lookup_pc[27] in module branch_predict is either unconnected or has no load
WARNING: [Synth 8-7129] Port lookup_pc[26] in module branch_predict is either unconnected or has no load
WARNING: [Synth 8-7129] Port lookup_pc[25] in module branch_predict is either unconnected or has no load
WARNING: [Synth 8-7129] Port lookup_pc[24] in module branch_predict is either unconnected or has no load
WARNING: [Synth 8-7129] Port lookup_pc[23] in module branch_predict is either unconnected or has no load
INFO: [Common 17-14] Message 'Synth 8-7129' appears 100 times and further instances of the messages will be disabled. Use the Tcl command set_msg_config to change the current settings.
---------------------------------------------------------------------------------
Finished Cross Boundary and Area Optimization : Time (s): cpu = 00:00:40 ; elapsed = 00:00:43 . Memory (MB): peak = 1787.980 ; gain = 950.059
---------------------------------------------------------------------------------
---------------------------------------------------------------------------------
Start ROM, RAM, DSP, Shift Register and Retiming Reporting
---------------------------------------------------------------------------------

Distributed RAM: Preliminary Mapping Report (see note below)
+-------------------------+----------------------+----------------+----------------------+-------------------+
|Module Name              | RTL Object           | Inference      | Size (Depth x Width) | Primitives        | 
+-------------------------+----------------------+----------------+----------------------+-------------------+
|\u_soc/u_core /u_regfile | regs_reg             | Implied        | 32 x 32              | RAM32M x 12       | 
|pynq_z2_top              | u_soc/u_dmem/mem_reg | User Attribute | 8 K x 32             | RAM256X1S x 1024  | 
+-------------------------+----------------------+----------------+----------------------+-------------------+

Note: The table above is a preliminary report that shows the Distributed RAMs at the current stage of the synthesis flow. Some Distributed RAMs may be reimplemented as non Distributed RAM primitives later in the synthesis flow. Multiple instantiated RAMs are reported only once.
---------------------------------------------------------------------------------
Finished ROM, RAM, DSP, Shift Register and Retiming Reporting
---------------------------------------------------------------------------------
---------------------------------------------------------------------------------
Start Applying XDC Timing Constraints
---------------------------------------------------------------------------------
---------------------------------------------------------------------------------
Finished Applying XDC Timing Constraints : Time (s): cpu = 00:00:47 ; elapsed = 00:00:50 . Memory (MB): peak = 1819.410 ; gain = 981.488
---------------------------------------------------------------------------------
---------------------------------------------------------------------------------
Start Timing Optimization
---------------------------------------------------------------------------------
---------------------------------------------------------------------------------
Finished Timing Optimization : Time (s): cpu = 00:01:00 ; elapsed = 00:01:04 . Memory (MB): peak = 1996.391 ; gain = 1158.469
---------------------------------------------------------------------------------
---------------------------------------------------------------------------------
Start ROM, RAM, DSP, Shift Register and Retiming Reporting
---------------------------------------------------------------------------------

Distributed RAM: Final Mapping Report
+-------------------------+----------------------+----------------+----------------------+-------------------+
|Module Name              | RTL Object           | Inference      | Size (Depth x Width) | Primitives        | 
+-------------------------+----------------------+----------------+----------------------+-------------------+
|\u_soc/u_core /u_regfile | regs_reg             | Implied        | 32 x 32              | RAM32M x 12       | 
|pynq_z2_top              | u_soc/u_dmem/mem_reg | User Attribute | 8 K x 32             | RAM256X1S x 1024  | 
+-------------------------+----------------------+----------------+----------------------+-------------------+

---------------------------------------------------------------------------------
Finished ROM, RAM, DSP, Shift Register and Retiming Reporting
---------------------------------------------------------------------------------
---------------------------------------------------------------------------------
Start Technology Mapping
---------------------------------------------------------------------------------
INFO: [Synth 8-7052] The timing for the instance u_soc/u_imem/rdata_reg_0 (implemented as a Block RAM) might be sub-optimal as no optional output register could be merged into the ram block. Providing additional output register may help in improving timing.
INFO: [Synth 8-7052] The timing for the instance u_soc/u_imem/rdata_reg_1 (implemented as a Block RAM) might be sub-optimal as no optional output register could be merged into the ram block. Providing additional output register may help in improving timing.
INFO: [Synth 8-7052] The timing for the instance u_soc/u_imem/rdata_reg_2 (implemented as a Block RAM) might be sub-optimal as no optional output register could be merged into the ram block. Providing additional output register may help in improving timing.
INFO: [Synth 8-7052] The timing for the instance u_soc/u_imem/rdata_reg_3 (implemented as a Block RAM) might be sub-optimal as no optional output register could be merged into the ram block. Providing additional output register may help in improving timing.
INFO: [Synth 8-7052] The timing for the instance u_soc/u_imem/rdata_reg_4 (implemented as a Block RAM) might be sub-optimal as no optional output register could be merged into the ram block. Providing additional output register may help in improving timing.
INFO: [Synth 8-7052] The timing for the instance u_soc/u_imem/rdata_reg_5 (implemented as a Block RAM) might be sub-optimal as no optional output register could be merged into the ram block. Providing additional output register may help in improving timing.
INFO: [Synth 8-7052] The timing for the instance u_soc/u_imem/rdata_reg_6 (implemented as a Block RAM) might be sub-optimal as no optional output register could be merged into the ram block. Providing additional output register may help in improving timing.
INFO: [Synth 8-7052] The timing for the instance u_soc/u_imem/rdata_reg_7 (implemented as a Block RAM) might be sub-optimal as no optional output register could be merged into the ram block. Providing additional output register may help in improving timing.
---------------------------------------------------------------------------------
Finished Technology Mapping : Time (s): cpu = 00:01:03 ; elapsed = 00:01:06 . Memory (MB): peak = 2025.723 ; gain = 1187.801
---------------------------------------------------------------------------------
---------------------------------------------------------------------------------
Start IO Insertion
---------------------------------------------------------------------------------
---------------------------------------------------------------------------------
Start Flattening Before IO Insertion
---------------------------------------------------------------------------------
---------------------------------------------------------------------------------
Finished Flattening Before IO Insertion
---------------------------------------------------------------------------------
---------------------------------------------------------------------------------
Start Final Netlist Cleanup
---------------------------------------------------------------------------------
---------------------------------------------------------------------------------
Finished Final Netlist Cleanup
---------------------------------------------------------------------------------
---------------------------------------------------------------------------------
Finished IO Insertion : Time (s): cpu = 00:01:08 ; elapsed = 00:01:12 . Memory (MB): peak = 2153.277 ; gain = 1315.355
---------------------------------------------------------------------------------
---------------------------------------------------------------------------------
Start Renaming Generated Instances
---------------------------------------------------------------------------------
---------------------------------------------------------------------------------
Finished Renaming Generated Instances : Time (s): cpu = 00:01:08 ; elapsed = 00:01:12 . Memory (MB): peak = 2153.277 ; gain = 1315.355
---------------------------------------------------------------------------------
---------------------------------------------------------------------------------
Start Rebuilding User Hierarchy
---------------------------------------------------------------------------------
---------------------------------------------------------------------------------
Finished Rebuilding User Hierarchy : Time (s): cpu = 00:01:09 ; elapsed = 00:01:12 . Memory (MB): peak = 2153.277 ; gain = 1315.355
---------------------------------------------------------------------------------
---------------------------------------------------------------------------------
Start Renaming Generated Ports
---------------------------------------------------------------------------------
---------------------------------------------------------------------------------
Finished Renaming Generated Ports : Time (s): cpu = 00:01:09 ; elapsed = 00:01:13 . Memory (MB): peak = 2153.277 ; gain = 1315.355
---------------------------------------------------------------------------------
---------------------------------------------------------------------------------
Start Handling Custom Attributes
---------------------------------------------------------------------------------
---------------------------------------------------------------------------------
Finished Handling Custom Attributes : Time (s): cpu = 00:01:09 ; elapsed = 00:01:13 . Memory (MB): peak = 2156.273 ; gain = 1318.352
---------------------------------------------------------------------------------
---------------------------------------------------------------------------------
Start Renaming Generated Nets
---------------------------------------------------------------------------------
---------------------------------------------------------------------------------
Finished Renaming Generated Nets : Time (s): cpu = 00:01:09 ; elapsed = 00:01:13 . Memory (MB): peak = 2156.273 ; gain = 1318.352
---------------------------------------------------------------------------------
---------------------------------------------------------------------------------
Start Writing Synthesis Report
---------------------------------------------------------------------------------

Report BlackBoxes: 
+-+--------------+----------+
| |BlackBox name |Instances |
+-+--------------+----------+
+-+--------------+----------+

Report Cell Usage: 
+------+------------+------+
|      |Cell        |Count |
+------+------------+------+
|1     |BUFG        |     2|
|2     |CARRY4      |   201|
|3     |LUT1        |   168|
|4     |LUT2        |   255|
|5     |LUT3        |   162|
|6     |LUT4        |   503|
|7     |LUT5        |   441|
|8     |LUT6        |  1459|
|9     |MMCME2_BASE |     1|
|10    |MUXF7       |   138|
|11    |MUXF8       |    69|
|12    |RAM256X1S   |  1024|
|13    |RAM32M      |    10|
|14    |RAM32X1D    |     4|
|15    |RAMB36E1    |     8|
|23    |FDCE        |   560|
|24    |FDPE        |     8|
|25    |FDRE        |   291|
|26    |IBUF        |     2|
|27    |OBUF        |     4|
+------+------------+------+
---------------------------------------------------------------------------------
Finished Writing Synthesis Report : Time (s): cpu = 00:01:09 ; elapsed = 00:01:13 . Memory (MB): peak = 2156.273 ; gain = 1318.352
---------------------------------------------------------------------------------
Synthesis finished with 0 errors, 0 critical warnings and 53 warnings.
Synthesis Optimization Runtime : Time (s): cpu = 00:00:56 ; elapsed = 00:01:10 . Memory (MB): peak = 2156.273 ; gain = 1265.855
Synthesis Optimization Complete : Time (s): cpu = 00:01:09 ; elapsed = 00:01:13 . Memory (MB): peak = 2156.273 ; gain = 1318.352
INFO: [Project 1-571] Translating synthesized netlist
Netlist sorting complete. Time (s): cpu = 00:00:00 ; elapsed = 00:00:00.027 . Memory (MB): peak = 2161.402 ; gain = 0.000
INFO: [Netlist 29-17] Analyzing 1455 Unisim elements for replacement
INFO: [Netlist 29-28] Unisim Transformation completed in 1 CPU seconds
INFO: [Project 1-570] Preparing netlist for logic optimization
Parsing XDC File [E:/Projects/FPGA-Alittle-Design/build/constraints/pynq_z2_soc.xdc]
CRITICAL WARNING: [Designutils 20-1307] Command 'if' is not supported in the xdc constraint file. [E:/Projects/FPGA-Alittle-Design/build/constraints/pynq_z2_soc.xdc:10]
CRITICAL WARNING: [Designutils 20-1307] Command 'if' is not supported in the xdc constraint file. [E:/Projects/FPGA-Alittle-Design/build/constraints/pynq_z2_soc.xdc:11]
Finished Parsing XDC File [E:/Projects/FPGA-Alittle-Design/build/constraints/pynq_z2_soc.xdc]
INFO: [Opt 31-138] Pushed 0 inverter(s) to 0 load pin(s).
Netlist sorting complete. Time (s): cpu = 00:00:00 ; elapsed = 00:00:00.007 . Memory (MB): peak = 2169.086 ; gain = 0.000
INFO: [Project 1-111] Unisim Transformation Summary:
  A total of 1039 instances were transformed.
  MMCME2_BASE => MMCME2_ADV: 1 instance 
  RAM256X1S => RAM256X1S (MUXF7(x2), MUXF8, RAMS64E(x4)): 1024 instances
  RAM32M => RAM32M (RAMD32(x6), RAMS32(x2)): 10 instances
  RAM32X1D => RAM32X1D (RAMD32(x2)): 4 instances

Synth Design complete | Checksum: 77141b5c
INFO: [Common 17-83] Releasing license: Vivado_Synthesis
68 Infos, 127 Warnings, 4 Critical Warnings and 0 Errors encountered.
synth_design completed successfully
synth_design: Time (s): cpu = 00:01:19 ; elapsed = 00:01:26 . Memory (MB): peak = 2169.086 ; gain = 1558.852
# require_clock sys_clk_125 8.000
# require_clock $core_clk_name $core_clk_period
# write_checkpoint -force [file join $run_dir post_synth.dcp]
INFO: [Timing 38-480] Writing timing data to binary archive.
Wrote PlaceDB: Time (s): cpu = 00:00:00 ; elapsed = 00:00:00.001 . Memory (MB): peak = 2169.086 ; gain = 0.000
Wrote PulsedLatchDB: Time (s): cpu = 00:00:00 ; elapsed = 00:00:00 . Memory (MB): peak = 2169.086 ; gain = 0.000
Writing XDEF routing.
Write ShapeDB Complete: Time (s): cpu = 00:00:00 ; elapsed = 00:00:00.036 . Memory (MB): peak = 2169.086 ; gain = 0.000
Writing XDEF routing logical nets.
Writing XDEF routing special nets.
Wrote RouteStorage: Time (s): cpu = 00:00:00 ; elapsed = 00:00:00.036 . Memory (MB): peak = 2169.086 ; gain = 0.000
Wrote PlaceStorage: Time (s): cpu = 00:00:00 ; elapsed = 00:00:00 . Memory (MB): peak = 2169.086 ; gain = 0.000
Wrote Netlist Cache: Time (s): cpu = 00:00:00 ; elapsed = 00:00:00.001 . Memory (MB): peak = 2169.086 ; gain = 0.000
Wrote Device Cache: Time (s): cpu = 00:00:00 ; elapsed = 00:00:00.013 . Memory (MB): peak = 2169.086 ; gain = 0.000
Write Physdb Complete: Time (s): cpu = 00:00:00 ; elapsed = 00:00:00.067 . Memory (MB): peak = 2169.086 ; gain = 0.000
INFO: [Common 17-1381] The checkpoint 'E:/Projects/FPGA-Alittle-Design/build/run/soc_40mhz_bht2/post_synth.dcp' has been generated.
# report_utilization -file [file join $rep_dir soc_utilization_synth.rpt]
# report_clock_utilization -file [file join $rep_dir soc_clock_utilization_synth.rpt]
# opt_design
Command: opt_design
Attempting to get a license for feature 'Vivado_Implementation' and/or device 'xc7z020'
INFO: [Common 17-349] Got license for feature 'Vivado_Implementation' and/or device 'xc7z020'
Running DRC as a precondition to command opt_design

Starting DRC Task
INFO: [DRC 23-27] Running DRC with 2 threads
INFO: [Project 1-461] DRC finished with 0 Errors
INFO: [Project 1-462] Please refer to the DRC report (report_drc) for more information.

Time (s): cpu = 00:00:01 ; elapsed = 00:00:00.743 . Memory (MB): peak = 2169.086 ; gain = 0.000

Starting Cache Timing Information Task
Ending Cache Timing Information Task | Checksum: 16cd2e972

Time (s): cpu = 00:00:00 ; elapsed = 00:00:00.020 . Memory (MB): peak = 2169.086 ; gain = 0.000

Starting Logic Optimization Task

Phase 1 Initialization

Phase 1.1 Core Generation And Design Setup
Phase 1.1 Core Generation And Design Setup | Checksum: 16cd2e972

Time (s): cpu = 00:00:00 ; elapsed = 00:00:00.014 . Memory (MB): peak = 2215.395 ; gain = 0.000

Phase 1.2 Setup Constraints And Sort Netlist
Phase 1.2 Setup Constraints And Sort Netlist | Checksum: 16cd2e972

Time (s): cpu = 00:00:00 ; elapsed = 00:00:00.029 . Memory (MB): peak = 2215.395 ; gain = 0.000
Phase 1 Initialization | Checksum: 16cd2e972

Time (s): cpu = 00:00:00 ; elapsed = 00:00:00.034 . Memory (MB): peak = 2215.395 ; gain = 0.000

Phase 2 Timer Update And Timing Data Collection

Phase 2.1 Detect if minReqCache needed
Phase 2.1 Detect if minReqCache needed | Checksum: 16cd2e972

Time (s): cpu = 00:00:00 ; elapsed = 00:00:00.059 . Memory (MB): peak = 2215.410 ; gain = 0.016

Phase 2.2 Timer Update
Phase 2.2 Timer Update | Checksum: 16cd2e972

Time (s): cpu = 00:00:01 ; elapsed = 00:00:00.487 . Memory (MB): peak = 2215.410 ; gain = 0.016

Phase 2.3 Timing Data Collection
Phase 2.3 Timing Data Collection | Checksum: 16cd2e972

Time (s): cpu = 00:00:01 ; elapsed = 00:00:00.501 . Memory (MB): peak = 2215.410 ; gain = 0.016
Phase 2 Timer Update And Timing Data Collection | Checksum: 16cd2e972

Time (s): cpu = 00:00:01 ; elapsed = 00:00:00.506 . Memory (MB): peak = 2215.410 ; gain = 0.016

Phase 3 Retarget
INFO: [Opt 31-1851] Number of loadless carry chains removed were: 0
INFO: [Opt 31-1834] Total Chains To Be Transformed Were: 0 AND Number of Transformed insts Created are: 0
INFO: [Opt 31-1566] Pulled 64 inverters resulting in an inversion of 987 pins
INFO: [Opt 31-138] Pushed 0 inverter(s) to 0 load pin(s).
INFO: [Opt 31-49] Retargeted 0 cell(s).
Phase 3 Retarget | Checksum: 111ef5f11

Time (s): cpu = 00:00:01 ; elapsed = 00:00:00.704 . Memory (MB): peak = 2215.410 ; gain = 0.016
Retarget | Checksum: 111ef5f11
INFO: [Opt 31-389] Phase Retarget created 0 cells and removed 64 cells
INFO: [Opt 31-1021] In phase Retarget, 1 netlist objects are constrained preventing optimization. Please run opt_design with -debug_log to get more detail. 

Phase 4 Constant propagation
INFO: [Opt 31-138] Pushed 0 inverter(s) to 0 load pin(s).
Phase 4 Constant propagation | Checksum: 10e6374b8

Time (s): cpu = 00:00:01 ; elapsed = 00:00:00.772 . Memory (MB): peak = 2215.410 ; gain = 0.016
Constant propagation | Checksum: 10e6374b8
INFO: [Opt 31-389] Phase Constant propagation created 0 cells and removed 0 cells

Phase 5 Sweep
INFO: [Constraints 18-11670] Building netlist checker database with flags, 0x8
Done building netlist checker database: Time (s): cpu = 00:00:00 ; elapsed = 00:00:00.005 . Memory (MB): peak = 2215.410 ; gain = 0.000
Phase 5 Sweep | Checksum: c4e84318

Time (s): cpu = 00:00:01 ; elapsed = 00:00:00.870 . Memory (MB): peak = 2215.410 ; gain = 0.016
Sweep | Checksum: c4e84318
INFO: [Opt 31-389] Phase Sweep created 0 cells and removed 0 cells

Phase 6 BUFG optimization
Phase 6 BUFG optimization | Checksum: c4e84318

Time (s): cpu = 00:00:01 ; elapsed = 00:00:01 . Memory (MB): peak = 2215.410 ; gain = 0.016
BUFG optimization | Checksum: c4e84318
INFO: [Opt 31-662] Phase BUFG optimization created 0 cells of which 0 are BUFGs and removed 0 cells.

Phase 7 Shift Register Optimization
INFO: [Opt 31-1064] SRL Remap converted 0 SRLs to 0 registers and converted 0 registers of register chains to 0 SRLs
Phase 7 Shift Register Optimization | Checksum: c4e84318

Time (s): cpu = 00:00:01 ; elapsed = 00:00:01 . Memory (MB): peak = 2215.410 ; gain = 0.016
Shift Register Optimization | Checksum: c4e84318
INFO: [Opt 31-389] Phase Shift Register Optimization created 0 cells and removed 0 cells

Phase 8 Post Processing Netlist
Phase 8 Post Processing Netlist | Checksum: c4e84318

Time (s): cpu = 00:00:01 ; elapsed = 00:00:01 . Memory (MB): peak = 2215.410 ; gain = 0.016
Post Processing Netlist | Checksum: c4e84318
INFO: [Opt 31-389] Phase Post Processing Netlist created 0 cells and removed 0 cells

Phase 9 Finalization

Phase 9.1 Finalizing Design Cores and Updating Shapes
Phase 9.1 Finalizing Design Cores and Updating Shapes | Checksum: 1ded36814

Time (s): cpu = 00:00:02 ; elapsed = 00:00:01 . Memory (MB): peak = 2215.410 ; gain = 0.016

Phase 9.2 Verifying Netlist Connectivity

Starting Connectivity Check Task

Time (s): cpu = 00:00:00 ; elapsed = 00:00:00.032 . Memory (MB): peak = 2215.410 ; gain = 0.000
Phase 9.2 Verifying Netlist Connectivity | Checksum: 1ded36814

Time (s): cpu = 00:00:02 ; elapsed = 00:00:01 . Memory (MB): peak = 2215.410 ; gain = 0.016
Phase 9 Finalization | Checksum: 1ded36814

Time (s): cpu = 00:00:02 ; elapsed = 00:00:01 . Memory (MB): peak = 2215.410 ; gain = 0.016
Opt_design Change Summary
=========================


-------------------------------------------------------------------------------------------------------------------------
|  Phase                        |  #Cells created  |  #Cells Removed  |  #Constrained objects preventing optimizations  |
-------------------------------------------------------------------------------------------------------------------------
|  Retarget                     |               0  |              64  |                                              1  |
|  Constant propagation         |               0  |               0  |                                              0  |
|  Sweep                        |               0  |               0  |                                              0  |
|  BUFG optimization            |               0  |               0  |                                              0  |
|  Shift Register Optimization  |               0  |               0  |                                              0  |
|  Post Processing Netlist      |               0  |               0  |                                              0  |
-------------------------------------------------------------------------------------------------------------------------


Ending Logic Optimization Task | Checksum: 1ded36814

Time (s): cpu = 00:00:02 ; elapsed = 00:00:01 . Memory (MB): peak = 2215.410 ; gain = 0.016

Starting Power Optimization Task
INFO: [Pwropt 34-132] Skipping clock gating for clocks with a period < 2.00 ns.
INFO: [Pwropt 34-9] Applying IDT optimizations ...
INFO: [Pwropt 34-10] Applying ODC optimizations ...
INFO: [Timing 38-35] Done setting XDC timing constraints.
WARNING: [Timing 38-3] User defined clock exists on pin u_mmcm/CLKOUT0 [See E:/Projects/FPGA-Alittle-Design/build/constraints/pynq_z2_soc.xdc:12] and will prevent any subsequent automatic derivation of generated clocks on that pin. If the user defined clock specifies '-add', any existing auto-derived clocks on that pin are retained.
Running Vector-less Activity Propagation...

Finished Running Vector-less Activity Propagation


Starting PowerOpt Patch Enables Task
INFO: [Pwropt 34-162] WRITE_MODE attribute of 0 BRAM(s) out of a total of 8 has been updated to save power. Run report_power_opt to get a complete listing of the BRAMs updated.
INFO: [Pwropt 34-201] Structural ODC has moved 0 WE to EN ports
Number of BRAM Ports augmented: 0 newly gated: 0 Total Ports: 16
Ending PowerOpt Patch Enables Task | Checksum: 1ded36814

Time (s): cpu = 00:00:00 ; elapsed = 00:00:00.087 . Memory (MB): peak = 2220.938 ; gain = 0.000
Ending Power Optimization Task | Checksum: 1ded36814

Time (s): cpu = 00:00:06 ; elapsed = 00:00:04 . Memory (MB): peak = 2220.938 ; gain = 5.527

Starting Final Cleanup Task
Ending Final Cleanup Task | Checksum: 1ded36814

Time (s): cpu = 00:00:00 ; elapsed = 00:00:00.004 . Memory (MB): peak = 2220.938 ; gain = 0.000
Netlist sorting complete. Time (s): cpu = 00:00:00 ; elapsed = 00:00:00.007 . Memory (MB): peak = 2220.938 ; gain = 0.000
INFO: [Common 17-83] Releasing license: Vivado_Implementation
26 Infos, 1 Warnings, 0 Critical Warnings and 0 Errors encountered.
opt_design completed successfully
opt_design: Time (s): cpu = 00:00:14 ; elapsed = 00:00:12 . Memory (MB): peak = 2220.938 ; gain = 51.852
# place_design -directive Explore
Command: place_design -directive Explore
Attempting to get a license for feature 'Vivado_Implementation' and/or device 'xc7z020'
INFO: [Common 17-349] Got license for feature 'Vivado_Implementation' and/or device 'xc7z020'
INFO: [Common 17-83] Releasing license: Vivado_Implementation
INFO: [Timing 38-35] Done setting XDC timing constraints.
WARNING: [Timing 38-3] User defined clock exists on pin u_mmcm/CLKOUT0 [See E:/Projects/FPGA-Alittle-Design/build/constraints/pynq_z2_soc.xdc:12] and will prevent any subsequent automatic derivation of generated clocks on that pin. If the user defined clock specifies '-add', any existing auto-derived clocks on that pin are retained.
INFO: [Vivado_Tcl 4-2302] The placer was invoked with the 'Explore' directive.
Running DRC as a precondition to command place_design
INFO: [DRC 23-27] Running DRC with 2 threads
INFO: [Vivado_Tcl 4-198] DRC finished with 0 Errors, 21 Warnings
INFO: [Vivado_Tcl 4-199] Please refer to the DRC report (report_drc) for more information.
INFO: [Place 30-611] Multithreading enabled for place_design using a maximum of 2 CPUs

Starting Placer Task

Phase 1 Placer Initialization

Phase 1.1 Placer Initialization Netlist Sorting
Netlist sorting complete. Time (s): cpu = 00:00:00 ; elapsed = 00:00:00.008 . Memory (MB): peak = 2220.938 ; gain = 0.000
Phase 1.1 Placer Initialization Netlist Sorting | Checksum: 118f2f299

Time (s): cpu = 00:00:00 ; elapsed = 00:00:00.015 . Memory (MB): peak = 2220.938 ; gain = 0.000
Netlist sorting complete. Time (s): cpu = 00:00:00 ; elapsed = 00:00:00.007 . Memory (MB): peak = 2220.938 ; gain = 0.000

Phase 1.2 IO Placement/ Clock Placement/ Build Placer Device
Phase 1.2 IO Placement/ Clock Placement/ Build Placer Device | Checksum: 1090ad8eb

Time (s): cpu = 00:00:02 ; elapsed = 00:00:01 . Memory (MB): peak = 2220.938 ; gain = 0.000

Phase 1.3 Build Placer Netlist Model
Phase 1.3 Build Placer Netlist Model | Checksum: 200345453

Time (s): cpu = 00:00:08 ; elapsed = 00:00:06 . Memory (MB): peak = 2220.938 ; gain = 0.000

Phase 1.4 Constrain Clocks/Macros
Phase 1.4 Constrain Clocks/Macros | Checksum: 200345453

Time (s): cpu = 00:00:08 ; elapsed = 00:00:06 . Memory (MB): peak = 2220.938 ; gain = 0.000
Phase 1 Placer Initialization | Checksum: 200345453

Time (s): cpu = 00:00:08 ; elapsed = 00:00:06 . Memory (MB): peak = 2220.938 ; gain = 0.000

Phase 2 Global Placement

Phase 2.1 Floorplanning
Phase 2.1 Floorplanning | Checksum: 1438abf1b

Time (s): cpu = 00:00:11 ; elapsed = 00:00:08 . Memory (MB): peak = 2220.938 ; gain = 0.000

Phase 2.2 Update Timing before SLR Path Opt
Phase 2.2 Update Timing before SLR Path Opt | Checksum: 1ddcf3110

Time (s): cpu = 00:00:14 ; elapsed = 00:00:10 . Memory (MB): peak = 2220.938 ; gain = 0.000

Phase 2.3 Post-Processing in Floorplanning
Phase 2.3 Post-Processing in Floorplanning | Checksum: 1ddcf3110

Time (s): cpu = 00:00:14 ; elapsed = 00:00:10 . Memory (MB): peak = 2220.938 ; gain = 0.000

Phase 2.4 Global Place Phase1
Phase 2.4 Global Place Phase1 | Checksum: 233cab4b2

Time (s): cpu = 00:00:28 ; elapsed = 00:00:19 . Memory (MB): peak = 2220.938 ; gain = 0.000

Phase 2.5 Global Place Phase2

Phase 2.5.1 UpdateTiming Before Physical Synthesis
Phase 2.5.1 UpdateTiming Before Physical Synthesis | Checksum: 233cab4b2

Time (s): cpu = 00:00:34 ; elapsed = 00:00:22 . Memory (MB): peak = 2220.938 ; gain = 0.000

Phase 2.5.2 Physical Synthesis In Placer
INFO: [Physopt 32-1035] Found 0 LUTNM shape to break, 141 LUT instances to create LUTNM shape
INFO: [Physopt 32-1044] Break lutnm for timing: one critical 0, two critical 0, total 0, new lutff created 0
INFO: [Physopt 32-1138] End 1 Pass. Optimized 56 nets or LUTs. Breaked 0 LUT, combined 56 existing LUTs and moved 0 existing LUT
INFO: [Physopt 32-65] No nets found for high-fanout optimization.
INFO: [Physopt 32-232] Optimized 0 net. Created 0 new instance.
INFO: [Physopt 32-775] End 1 Pass. Optimized 0 net or cell. Created 0 new cell, deleted 0 existing cell and moved 0 existing cell
INFO: [Physopt 32-670] No setup violation found.  DSP Register Optimization was not performed.
INFO: [Physopt 32-670] No setup violation found.  Shift Register to Pipeline Optimization was not performed.
INFO: [Physopt 32-670] No setup violation found.  Shift Register Optimization was not performed.
INFO: [Physopt 32-670] No setup violation found.  BRAM Register Optimization was not performed.
INFO: [Physopt 32-670] No setup violation found.  URAM Register Optimization was not performed.
INFO: [Physopt 32-949] No candidate nets found for dynamic/static region interface net replication
INFO: [Physopt 32-775] End 1 Pass. Optimized 0 net or cell. Created 0 new cell, deleted 0 existing cell and moved 0 existing cell
Netlist sorting complete. Time (s): cpu = 00:00:00 ; elapsed = 00:00:00.010 . Memory (MB): peak = 2220.938 ; gain = 0.000

Summary of Physical Synthesis Optimizations
============================================


-----------------------------------------------------------------------------------------------------------------------------------------------------------
|  Optimization                                     |  Added Cells  |  Removed Cells  |  Optimized Cells/Nets  |  Dont Touch  |  Iterations  |  Elapsed   |
-----------------------------------------------------------------------------------------------------------------------------------------------------------
|  LUT Combining                                    |            0  |             56  |                    56  |           0  |           1  |  00:00:00  |
|  Retime                                           |            0  |              0  |                     0  |           0  |           1  |  00:00:00  |
|  Very High Fanout                                 |            0  |              0  |                     0  |           0  |           1  |  00:00:00  |
|  DSP Register                                     |            0  |              0  |                     0  |           0  |           0  |  00:00:00  |
|  Shift Register to Pipeline                       |            0  |              0  |                     0  |           0  |           0  |  00:00:00  |
|  Shift Register                                   |            0  |              0  |                     0  |           0  |           0  |  00:00:00  |
|  BRAM Register                                    |            0  |              0  |                     0  |           0  |           0  |  00:00:00  |
|  URAM Register                                    |            0  |              0  |                     0  |           0  |           0  |  00:00:00  |
|  Dynamic/Static Region Interface Net Replication  |            0  |              0  |                     0  |           0  |           1  |  00:00:00  |
|  Total                                            |            0  |             56  |                    56  |           0  |           4  |  00:00:00  |
-----------------------------------------------------------------------------------------------------------------------------------------------------------


Phase 2.5.2 Physical Synthesis In Placer | Checksum: 1d39975d2

Time (s): cpu = 00:00:39 ; elapsed = 00:00:25 . Memory (MB): peak = 2220.938 ; gain = 0.000
Phase 2.5 Global Place Phase2 | Checksum: 1f3c96144

Time (s): cpu = 00:00:39 ; elapsed = 00:00:26 . Memory (MB): peak = 2220.938 ; gain = 0.000
Phase 2 Global Placement | Checksum: 1f3c96144

Time (s): cpu = 00:00:39 ; elapsed = 00:00:26 . Memory (MB): peak = 2220.938 ; gain = 0.000

Phase 3 Detail Placement

Phase 3.1 Commit Multi Column Macros
Phase 3.1 Commit Multi Column Macros | Checksum: 1f32ffbe2

Time (s): cpu = 00:00:44 ; elapsed = 00:00:28 . Memory (MB): peak = 2220.938 ; gain = 0.000

Phase 3.2 Commit Most Macros & LUTRAMs
Phase 3.2 Commit Most Macros & LUTRAMs | Checksum: 15e225bf0

Time (s): cpu = 00:00:52 ; elapsed = 00:00:34 . Memory (MB): peak = 2220.938 ; gain = 0.000

Phase 3.3 Area Swap Optimization
Phase 3.3 Area Swap Optimization | Checksum: 16fd13dbc

Time (s): cpu = 00:00:53 ; elapsed = 00:00:34 . Memory (MB): peak = 2220.938 ; gain = 0.000

Phase 3.4 Pipeline Register Optimization
Phase 3.4 Pipeline Register Optimization | Checksum: 1c7c672fb

Time (s): cpu = 00:00:53 ; elapsed = 00:00:34 . Memory (MB): peak = 2220.938 ; gain = 0.000

Phase 3.5 Small Shape Detail Placement
Phase 3.5 Small Shape Detail Placement | Checksum: 1a5137e51

Time (s): cpu = 00:00:55 ; elapsed = 00:00:36 . Memory (MB): peak = 2220.938 ; gain = 0.000

Phase 3.6 Re-assign LUT pins
Phase 3.6 Re-assign LUT pins | Checksum: 146ac3101

Time (s): cpu = 00:00:55 ; elapsed = 00:00:37 . Memory (MB): peak = 2220.938 ; gain = 0.000

Phase 3.7 Pipeline Register Optimization
Phase 3.7 Pipeline Register Optimization | Checksum: eeb0fbc0

Time (s): cpu = 00:00:55 ; elapsed = 00:00:37 . Memory (MB): peak = 2220.938 ; gain = 0.000
Phase 3 Detail Placement | Checksum: eeb0fbc0

Time (s): cpu = 00:00:55 ; elapsed = 00:00:37 . Memory (MB): peak = 2220.938 ; gain = 0.000

Phase 4 Post Placement Optimization and Clean-Up

Phase 4.1 Post Commit Optimization
INFO: [Timing 38-35] Done setting XDC timing constraints.
WARNING: [Timing 38-3] User defined clock exists on pin u_mmcm/CLKOUT0 [See E:/Projects/FPGA-Alittle-Design/build/constraints/pynq_z2_soc.xdc:12] and will prevent any subsequent automatic derivation of generated clocks on that pin. If the user defined clock specifies '-add', any existing auto-derived clocks on that pin are retained.

Phase 4.1.1 Post Placement Optimization
Post Placement Optimization Initialization | Checksum: d3816d1e

Phase 4.1.1.1 BUFG Insertion

Starting Physical Synthesis Task

Phase 1 Physical Synthesis Initialization
INFO: [Physopt 32-721] Multithreading enabled for phys_opt_design using a maximum of 2 CPUs
INFO: [Physopt 32-619] Estimated Timing Summary | WNS=6.787 | TNS=0.000 |
Phase 1 Physical Synthesis Initialization | Checksum: 1337d46d1

Time (s): cpu = 00:00:01 ; elapsed = 00:00:00.420 . Memory (MB): peak = 2220.938 ; gain = 0.000
INFO: [Place 46-56] BUFG insertion identified 0 candidate nets. Inserted BUFG: 0, Replicated BUFG Driver: 0, Skipped due to Placement/Routing Conflicts: 0, Skipped due to Timing Degradation: 0, Skipped due to netlist editing failed: 0.
Ending Physical Synthesis Task | Checksum: 141cde2fe

Time (s): cpu = 00:00:01 ; elapsed = 00:00:00.668 . Memory (MB): peak = 2220.938 ; gain = 0.000
Phase 4.1.1.1 BUFG Insertion | Checksum: d3816d1e

Time (s): cpu = 00:01:02 ; elapsed = 00:00:41 . Memory (MB): peak = 2220.938 ; gain = 0.000

Phase 4.1.1.2 Post Placement Timing Optimization
INFO: [Place 30-746] Post Placement Timing Summary WNS=6.787. For the most accurate timing information please run report_timing.
Phase 4.1.1.2 Post Placement Timing Optimization | Checksum: be9dff51

Time (s): cpu = 00:01:02 ; elapsed = 00:00:41 . Memory (MB): peak = 2220.938 ; gain = 0.000

Time (s): cpu = 00:01:02 ; elapsed = 00:00:41 . Memory (MB): peak = 2220.938 ; gain = 0.000
Phase 4.1 Post Commit Optimization | Checksum: be9dff51

Time (s): cpu = 00:01:02 ; elapsed = 00:00:41 . Memory (MB): peak = 2220.938 ; gain = 0.000

Phase 4.2 Post Placement Cleanup
Phase 4.2 Post Placement Cleanup | Checksum: be9dff51

Time (s): cpu = 00:01:03 ; elapsed = 00:00:42 . Memory (MB): peak = 2220.938 ; gain = 0.000

Phase 4.3 Placer Reporting

Phase 4.3.1 Print Estimated Congestion
INFO: [Place 30-612] Post-Placement Estimated Congestion 
 ____________________________________________________
|           | Global Congestion | Short Congestion  |
| Direction | Region Size       | Region Size       |
|___________|___________________|___________________|
|      North|                1x1|                2x2|
|___________|___________________|___________________|
|      South|                1x1|                1x1|
|___________|___________________|___________________|
|       East|                1x1|                1x1|
|___________|___________________|___________________|
|       West|                1x1|                1x1|
|___________|___________________|___________________|

Phase 4.3.1 Print Estimated Congestion | Checksum: be9dff51

Time (s): cpu = 00:01:03 ; elapsed = 00:00:42 . Memory (MB): peak = 2220.938 ; gain = 0.000
Phase 4.3 Placer Reporting | Checksum: be9dff51

Time (s): cpu = 00:01:03 ; elapsed = 00:00:42 . Memory (MB): peak = 2220.938 ; gain = 0.000

Phase 4.4 Final Placement Cleanup
Netlist sorting complete. Time (s): cpu = 00:00:00 ; elapsed = 00:00:00.010 . Memory (MB): peak = 2220.938 ; gain = 0.000

Time (s): cpu = 00:01:03 ; elapsed = 00:00:42 . Memory (MB): peak = 2220.938 ; gain = 0.000
Phase 4 Post Placement Optimization and Clean-Up | Checksum: f4874ba3

Time (s): cpu = 00:01:03 ; elapsed = 00:00:42 . Memory (MB): peak = 2220.938 ; gain = 0.000
Ending Placer Task | Checksum: b1d6b9d5

Time (s): cpu = 00:01:03 ; elapsed = 00:00:42 . Memory (MB): peak = 2220.938 ; gain = 0.000
27 Infos, 2 Warnings, 0 Critical Warnings and 0 Errors encountered.
place_design completed successfully
place_design: Time (s): cpu = 00:01:05 ; elapsed = 00:00:44 . Memory (MB): peak = 2220.938 ; gain = 0.000
# phys_opt_design -directive Explore
Command: phys_opt_design -directive Explore
Attempting to get a license for feature 'Vivado_Implementation' and/or device 'xc7z020'
INFO: [Common 17-349] Got license for feature 'Vivado_Implementation' and/or device 'xc7z020'
INFO: [Vivado_Tcl 4-137] Directive used for phys_opt_design is: Explore

Starting Initial Update Timing Task

Time (s): cpu = 00:00:05 ; elapsed = 00:00:03 . Memory (MB): peak = 2220.938 ; gain = 0.000
INFO: [Vivado_Tcl 4-2279] Estimated Timing Summary | WNS= 6.787 | TNS= 0.000 | 
INFO: [Vivado_Tcl 4-383] Design worst setup slack (WNS) is greater than or equal to 0.000 ns. All physical synthesis setup optimizations will be skipped.
INFO: [Vivado_Tcl 4-232] No setup violation found. The netlist was not modified.
INFO: [Common 17-83] Releasing license: Vivado_Implementation
6 Infos, 0 Warnings, 0 Critical Warnings and 0 Errors encountered.
phys_opt_design completed successfully
# route_design -directive Explore
Command: route_design -directive Explore
Attempting to get a license for feature 'Vivado_Implementation' and/or device 'xc7z020'
INFO: [Common 17-349] Got license for feature 'Vivado_Implementation' and/or device 'xc7z020'


Starting Routing Task
INFO: [Route 35-270] Using Router directive 'Explore'.
INFO: [Route 35-254] Multithreading enabled for route_design using a maximum of 2 CPUs

Phase 1 Build RT Design
Checksum: PlaceDB: 4feb28d8 ConstDB: 0 ShapeSum: 4bf21e0d RouteDB: 15f972f0
Post Restoration Checksum: NetGraph: d91c1f4c | NumContArr: 5e42ee6d | Constraints: c2a8fa9d | Timing: c2a8fa9d
Phase 1 Build RT Design | Checksum: 2bcb102f3

Time (s): cpu = 00:00:37 ; elapsed = 00:00:31 . Memory (MB): peak = 2220.938 ; gain = 0.000

Phase 2 Router Initialization

Phase 2.1 Fix Topology Constraints
Phase 2.1 Fix Topology Constraints | Checksum: 2bcb102f3

Time (s): cpu = 00:00:37 ; elapsed = 00:00:31 . Memory (MB): peak = 2220.938 ; gain = 0.000

Phase 2.2 Pre Route Cleanup
Phase 2.2 Pre Route Cleanup | Checksum: 2bcb102f3

Time (s): cpu = 00:00:37 ; elapsed = 00:00:31 . Memory (MB): peak = 2220.938 ; gain = 0.000
 Number of Nodes with overlaps = 0

Phase 2.3 Update Timing
Phase 2.3 Update Timing | Checksum: 1fdf5a010

Time (s): cpu = 00:00:46 ; elapsed = 00:00:37 . Memory (MB): peak = 2220.938 ; gain = 0.000
INFO: [Route 35-416] Intermediate Timing Summary | WNS=7.161  | TNS=0.000  | WHS=-0.236 | THS=-627.616|


Phase 2.4 Soft Constraint Pins - Fast Budgeting
Phase 2.4 Soft Constraint Pins - Fast Budgeting | Checksum: 24d69e8e8

Time (s): cpu = 00:00:49 ; elapsed = 00:00:38 . Memory (MB): peak = 2220.938 ; gain = 0.000

Router Utilization Summary
  Global Vertical Routing Utilization    = 0 %
  Global Horizontal Routing Utilization  = 0 %
  Routable Net Status*
  *Does not include unroutable nets such as driverless and loadless.
  Run report_route_status for detailed report.
  Number of Failed Nets               = 4320
    (Failed Nets is the sum of unrouted and partially routed nets)
  Number of Unrouted Nets             = 4320
  Number of Partially Routed Nets     = 0
  Number of Node Overlaps             = 0

Phase 2 Router Initialization | Checksum: 1cfa58419

Time (s): cpu = 00:00:49 ; elapsed = 00:00:38 . Memory (MB): peak = 2220.938 ; gain = 0.000

Phase 3 Global Routing
Phase 3 Global Routing | Checksum: 1cfa58419

Time (s): cpu = 00:00:49 ; elapsed = 00:00:38 . Memory (MB): peak = 2220.938 ; gain = 0.000

Phase 4 Initial Routing

Phase 4.1 Initial Net Routing Pass
Phase 4.1 Initial Net Routing Pass | Checksum: 213ce2b62

Time (s): cpu = 00:00:57 ; elapsed = 00:00:43 . Memory (MB): peak = 2220.938 ; gain = 0.000
Phase 4 Initial Routing | Checksum: 213ce2b62

Time (s): cpu = 00:00:57 ; elapsed = 00:00:43 . Memory (MB): peak = 2220.938 ; gain = 0.000

Phase 5 Rip-up And Reroute

Phase 5.1 Global Iteration 0
 Number of Nodes with overlaps = 923
 Number of Nodes with overlaps = 135
 Number of Nodes with overlaps = 17
 Number of Nodes with overlaps = 5
 Number of Nodes with overlaps = 5
 Number of Nodes with overlaps = 1
 Number of Nodes with overlaps = 0
INFO: [Route 35-416] Intermediate Timing Summary | WNS=3.602  | TNS=0.000  | WHS=N/A    | THS=N/A    |

Phase 5.1 Global Iteration 0 | Checksum: 227093c46

Time (s): cpu = 00:01:10 ; elapsed = 00:00:53 . Memory (MB): peak = 2220.938 ; gain = 0.000
Phase 5 Rip-up And Reroute | Checksum: 227093c46

Time (s): cpu = 00:01:10 ; elapsed = 00:00:53 . Memory (MB): peak = 2220.938 ; gain = 0.000

Phase 6 Delay and Skew Optimization

Phase 6.1 Delay CleanUp

Phase 6.1.1 Update Timing
Phase 6.1.1 Update Timing | Checksum: 277c6dae3

Time (s): cpu = 00:01:12 ; elapsed = 00:00:54 . Memory (MB): peak = 2220.938 ; gain = 0.000
INFO: [Route 35-416] Intermediate Timing Summary | WNS=3.616  | TNS=0.000  | WHS=N/A    | THS=N/A    |

Phase 6.1 Delay CleanUp | Checksum: 277c6dae3

Time (s): cpu = 00:01:12 ; elapsed = 00:00:54 . Memory (MB): peak = 2220.938 ; gain = 0.000

Phase 6.2 Clock Skew Optimization
Phase 6.2 Clock Skew Optimization | Checksum: 277c6dae3

Time (s): cpu = 00:01:12 ; elapsed = 00:00:54 . Memory (MB): peak = 2220.938 ; gain = 0.000
Phase 6 Delay and Skew Optimization | Checksum: 277c6dae3

Time (s): cpu = 00:01:12 ; elapsed = 00:00:54 . Memory (MB): peak = 2220.938 ; gain = 0.000

Phase 7 Post Hold Fix

Phase 7.1 Hold Fix Iter
INFO: [Route 35-416] Intermediate Timing Summary | WNS=3.616  | TNS=0.000  | WHS=0.032  | THS=0.000  |

Phase 7.1 Hold Fix Iter | Checksum: 1d117b2c4

Time (s): cpu = 00:01:13 ; elapsed = 00:00:54 . Memory (MB): peak = 2220.938 ; gain = 0.000
Phase 7 Post Hold Fix | Checksum: 1d117b2c4

Time (s): cpu = 00:01:13 ; elapsed = 00:00:54 . Memory (MB): peak = 2220.938 ; gain = 0.000

Phase 8 Route finalize

Router Utilization Summary
  Global Vertical Routing Utilization    = 2.87253 %
  Global Horizontal Routing Utilization  = 3.25423 %
  Routable Net Status*
  *Does not include unroutable nets such as driverless and loadless.
  Run report_route_status for detailed report.
  Number of Failed Nets               = 0
    (Failed Nets is the sum of unrouted and partially routed nets)
  Number of Unrouted Nets             = 0
  Number of Partially Routed Nets     = 0
  Number of Node Overlaps             = 0

Phase 8 Route finalize | Checksum: 1d117b2c4

Time (s): cpu = 00:01:13 ; elapsed = 00:00:54 . Memory (MB): peak = 2220.938 ; gain = 0.000

Phase 9 Verifying routed nets

 Verification completed successfully
Phase 9 Verifying routed nets | Checksum: 1d117b2c4

Time (s): cpu = 00:01:13 ; elapsed = 00:00:55 . Memory (MB): peak = 2220.938 ; gain = 0.000

Phase 10 Depositing Routes
Phase 10 Depositing Routes | Checksum: 20fe981bc

Time (s): cpu = 00:01:14 ; elapsed = 00:00:55 . Memory (MB): peak = 2220.938 ; gain = 0.000

Phase 11 Post Process Routing
Phase 11 Post Process Routing | Checksum: 20fe981bc

Time (s): cpu = 00:01:15 ; elapsed = 00:00:56 . Memory (MB): peak = 2220.938 ; gain = 0.000

Phase 12 Post Router Timing
INFO: [Route 35-20] Post Routing Timing Summary | WNS=3.618  | TNS=0.000  | WHS=0.035  | THS=0.000  |

Phase 12 Post Router Timing | Checksum: 260677d51

Time (s): cpu = 00:01:24 ; elapsed = 00:01:01 . Memory (MB): peak = 2220.938 ; gain = 0.000
INFO: [Route 35-61] The design met the setup and hold requirement.
Total Elapsed time in route_design: 60.826 secs

Phase 13 Post-Route Event Processing
Phase 13 Post-Route Event Processing | Checksum: 15e94e718

Time (s): cpu = 00:01:24 ; elapsed = 00:01:01 . Memory (MB): peak = 2220.938 ; gain = 0.000
INFO: [Route 35-16] Router Completed Successfully
Ending Routing Task | Checksum: 15e94e718

Time (s): cpu = 00:01:24 ; elapsed = 00:01:01 . Memory (MB): peak = 2220.938 ; gain = 0.000

Routing Is Done.
INFO: [Common 17-83] Releasing license: Vivado_Implementation
11 Infos, 0 Warnings, 0 Critical Warnings and 0 Errors encountered.
route_design completed successfully
route_design: Time (s): cpu = 00:01:24 ; elapsed = 00:01:01 . Memory (MB): peak = 2220.938 ; gain = 0.000
# phys_opt_design -directive Explore
Command: phys_opt_design -directive Explore
Attempting to get a license for feature 'Vivado_Implementation' and/or device 'xc7z020'
INFO: [Common 17-349] Got license for feature 'Vivado_Implementation' and/or device 'xc7z020'
INFO: [Vivado_Tcl 4-241] Physical synthesis in post route mode 
INFO: [Vivado_Tcl 4-137] Directive used for phys_opt_design is: Explore

Starting Initial Update Timing Task

Time (s): cpu = 00:00:05 ; elapsed = 00:00:03 . Memory (MB): peak = 2220.938 ; gain = 0.000
INFO: [Vivado_Tcl 4-2279] Estimated Timing Summary | WNS= 3.618 | TNS= 0.000 | 
INFO: [Vivado_Tcl 4-383] Design worst setup slack (WNS) is greater than or equal to 0.000 ns. All physical synthesis setup optimizations will be skipped.
INFO: [Vivado_Tcl 4-232] No setup violation found. The netlist was not modified.
INFO: [Common 17-83] Releasing license: Vivado_Implementation
7 Infos, 0 Warnings, 0 Critical Warnings and 0 Errors encountered.
phys_opt_design completed successfully
# write_checkpoint -force [file join $run_dir post_route.dcp]
INFO: [Timing 38-480] Writing timing data to binary archive.
Wrote PlaceDB: Time (s): cpu = 00:00:00 ; elapsed = 00:00:00 . Memory (MB): peak = 2220.938 ; gain = 0.000
Wrote PulsedLatchDB: Time (s): cpu = 00:00:00 ; elapsed = 00:00:00 . Memory (MB): peak = 2220.938 ; gain = 0.000
Writing XDEF routing.
Writing XDEF routing logical nets.
Write ShapeDB Complete: Time (s): cpu = 00:00:00 ; elapsed = 00:00:00.043 . Memory (MB): peak = 2220.938 ; gain = 0.000
Writing XDEF routing special nets.
Wrote RouteStorage: Time (s): cpu = 00:00:01 ; elapsed = 00:00:00.131 . Memory (MB): peak = 2220.938 ; gain = 0.000
Wrote PlaceStorage: Time (s): cpu = 00:00:00 ; elapsed = 00:00:00.327 . Memory (MB): peak = 2220.938 ; gain = 0.000
Wrote Netlist Cache: Time (s): cpu = 00:00:00 ; elapsed = 00:00:00.014 . Memory (MB): peak = 2220.938 ; gain = 0.000
Wrote Device Cache: Time (s): cpu = 00:00:00 ; elapsed = 00:00:00.013 . Memory (MB): peak = 2220.938 ; gain = 0.000
Write Physdb Complete: Time (s): cpu = 00:00:01 ; elapsed = 00:00:00.510 . Memory (MB): peak = 2220.938 ; gain = 0.000
INFO: [Common 17-1381] The checkpoint 'E:/Projects/FPGA-Alittle-Design/build/run/soc_40mhz_bht2/post_route.dcp' has been generated.
# report_utilization -file [file join $rep_dir soc_utilization_impl.rpt]
# report_clock_utilization -file [file join $rep_dir soc_clock_utilization_impl.rpt]
# report_timing_summary -delay_type min_max -report_unconstrained \
#     -check_timing_verbose -file [file join $rep_dir soc_timing_impl.rpt]
INFO: [Timing 38-91] UpdateTimingParams: Speed grade: -1, Delay Type: min_max.
INFO: [Timing 38-191] Multithreading enabled for timing update using a maximum of 2 CPUs
# report_timing -delay_type max -max_paths 10 -sort_by group \
#     -file [file join $rep_dir soc_timing_worst_paths.rpt]
INFO: [Timing 38-91] UpdateTimingParams: Speed grade: -1, Delay Type: max.
INFO: [Timing 38-191] Multithreading enabled for timing update using a maximum of 2 CPUs
INFO: [Timing 38-78] ReportTimingParams: -max_paths 10 -nworst 1 -delay_type max -sort_by group.
# report_drc -file [file join $rep_dir soc_drc_impl.rpt]
Command: report_drc -file E:/Projects/FPGA-Alittle-Design/build/reports/soc_40mhz_bht2/soc_drc_impl.rpt
INFO: [IP_Flow 19-234] Refreshing IP repositories
INFO: [IP_Flow 19-1704] No user IP repositories specified
INFO: [IP_Flow 19-2313] Loaded Vivado IP repository 'D:/Vivado_downloads/2026.1/Vivado/data/ip'.
INFO: [DRC 23-27] Running DRC with 2 threads
INFO: [Vivado_Tcl 2-168] The results of DRC are in file E:/Projects/FPGA-Alittle-Design/build/reports/soc_40mhz_bht2/soc_drc_impl.rpt.
report_drc completed successfully
# set checks {no_clock constant_clock unconstrained_internal_endpoints generated_clocks}
# set check_result [check_timing -override_defaults $checks -verbose -return_string]
# set check_file [open [file join $rep_dir soc_check_timing.rpt] w]
# puts $check_file $check_result
# close $check_file
# foreach check $checks {
#     set pattern [format {checking %s \(0\)} $check]
#     if {![regexp $pattern $check_result]} {
#         error "Timing check failed: $check"
#     }
# }
# set worst_path [get_timing_paths -delay_type max -max_paths 1]
# if {[llength $worst_path] == 0} {error "No setup timing path found"}
# set wns [get_property SLACK [lindex $worst_path 0]]
# if {![string is double -strict $wns] || $wns < 0} {error "Setup timing failed: WNS=$wns ns"}
# set bad_drc [get_drc_violations -quiet \
#     -filter {SEVERITY == Error || SEVERITY == "Critical Warning"}]
# if {[llength $bad_drc] != 0} {error "DRC errors or critical warnings: $bad_drc"}
# set bitstream [file join $run_dir pynq_z2_${profile}.bit]
# write_bitstream -force $bitstream
Command: write_bitstream -force E:/Projects/FPGA-Alittle-Design/build/run/soc_40mhz_bht2/pynq_z2_soc_40mhz_bht2.bit
Attempting to get a license for feature 'Vivado_Implementation' and/or device 'xc7z020'
INFO: [Common 17-349] Got license for feature 'Vivado_Implementation' and/or device 'xc7z020'
Running DRC as a precondition to command write_bitstream
INFO: [IP_Flow 19-1839] IP Catalog is up to date.
INFO: [DRC 23-27] Running DRC with 2 threads
INFO: [Vivado 12-3199] DRC finished with 0 Errors
INFO: [Vivado 12-3200] Please refer to the DRC report (report_drc) for more information.
Integrating Hard IP ELF/MEM with the PDI.
INFO: [Designutils 20-2272] Running write_bitstream with 2 threads.
Initializing bitstream generation complete. Time (s): cpu = 00:00:01 ; elapsed = 00:00:01 . Memory (MB): peak = 2220.938 ; gain = 0.000
Loading data files...
Loading site data...
Loading route data...
Processing options...
Creating bitmap...
Creating bitstream...
Writing bitstream E:/Projects/FPGA-Alittle-Design/build/run/soc_40mhz_bht2/pynq_z2_soc_40mhz_bht2.bit...
Generate Bitstream complete. Time (s): cpu = 00:00:17 ; elapsed = 00:00:12 . Memory (MB): peak = 2336.938 ; gain = 116.000
INFO: [Vivado 12-1842] Bitgen Completed Successfully.
INFO: [Common 17-83] Releasing license: Vivado_Implementation
8 Infos, 0 Warnings, 0 Critical Warnings and 0 Errors encountered.
write_bitstream completed successfully
write_bitstream: Time (s): cpu = 00:00:21 ; elapsed = 00:00:25 . Memory (MB): peak = 2336.938 ; gain = 116.000
# if {![file isfile $bitstream] || [file size $bitstream] == 0} {
#     error "Bitstream missing or empty: $bitstream"
# }
# set version_file [open [file join $rep_dir soc_vivado_version.txt] w]
# puts $version_file [version -short]
# close $version_file
# puts "BUILD PASSED: $top @ $part, core clock $core_clk_mhz MHz, profile=$core_profile, WNS=$wns ns"
BUILD PASSED: pynq_z2_top @ xc7z020clg400-1, core clock 40 MHz, profile=bht2, WNS=3.618 ns
# puts "BITSTREAM: $bitstream"
BITSTREAM: E:/Projects/FPGA-Alittle-Design/build/run/soc_40mhz_bht2/pynq_z2_soc_40mhz_bht2.bit
INFO: [Common 17-206] Exiting Vivado at Wed Oct  7 16:55:33 2026...
EXIT:0
