INFO: [Common 17-3922] A valid Vivado Design Suite BASIC license has been detected. Your current license is active and will expire on 14-sep-2027.

****** Vivado v2026.1 (64-bit)
  **** SW Build 6511674 on Tue Jun 16 11:02:23 MDT 2026
  **** IP Build 6504888 on Tue Jun 09 09:05:25 MDT 2026
  **** SharedData Build 6501428 on Mon Jun 08 17:34:18 MDT 2026
  **** Start of session at: Wed Oct  7 16:39:22 2026
    ** Copyright 1986-2022 Xilinx, Inc. All Rights Reserved.
    ** Copyright 2022-2026 Advanced Micro Devices, Inc. All Rights Reserved.

source build/build_fmax.tcl
# set top    [lindex $argv 0]
# set label  [lindex $argv 1]
# set period [lindex $argv 2]
# set core_profile ""
# set src_start 3
# if {$argc >= 5 && [lindex $argv 3] eq "-core_profile"} {
#     set core_profile [lindex $argv 4]
#     set src_start 5
# }
# set srcs [lrange $argv $src_start end]
# if {[llength $srcs] == 0} {error "At least one RTL source or directory is required"}
# if {$core_profile ne ""} {
#     switch -- $core_profile {
#         nofwd {set enable_forwarding 0; set bht_mode 0}
#         fwd   {set enable_forwarding 1; set bht_mode 0}
#         bht1  {set enable_forwarding 1; set bht_mode 1}
#         bht2  {set enable_forwarding 1; set bht_mode 2}
#         default {error "Unsupported core profile: $core_profile"}
#     }
#     set core_generics [list ENABLE_FORWARDING=$enable_forwarding BHT_MODE=$bht_mode]
# }
# set part       xc7z020clg400-1
# set script_dir [file normalize [file dirname [info script]]]
# set run_dir [file join $script_dir run fmax $label]
# set rep_dir [file join $script_dir reports fmax $label]
# file mkdir $run_dir
# file mkdir $rep_dir
# set xdc_path [file join $run_dir clock.xdc]
# set fh [open $xdc_path w]
# puts $fh "create_clock -name sys_clk -period $period \[get_ports clk\]"
# puts $fh "set_property HD.CLK_SRC BUFGCTRL_X0Y0 \[get_ports clk\]"
# close $fh
# foreach s $srcs {
#     set p [file normalize $s]
#     if {[string match *.v $p]} {
#         read_verilog -sv $p
#     } else {
#         read_verilog -sv [glob [file join $p *.v]]
#     }
# }
read_verilog: Time (s): cpu = 00:00:12 ; elapsed = 00:00:12 . Memory (MB): peak = 612.926 ; gain = 268.793
# read_xdc $xdc_path
# if {$core_profile eq ""} {
#     synth_design -top $top -part $part -mode out_of_context
# } else {
#     synth_design -top $top -part $part -mode out_of_context -generic $core_generics
# }
Command: synth_design -top core_top -part xc7z020clg400-1 -mode out_of_context -generic {ENABLE_FORWARDING=0 BHT_MODE=0}
Starting synth_design
Attempting to get a license for feature 'Vivado_Synthesis' and/or device 'xc7z020'
INFO: [Common 17-349] Got license for feature 'Vivado_Synthesis' and/or device 'xc7z020'
INFO: [Device 21-403] Loading part xc7z020clg400-1
INFO: [Designutils 20-5008] Incremental synthesis strategy default
INFO: [Synth 8-7079] Multithreading enabled for synth_design using a maximum of 2 processes.
INFO: [Synth 8-7078] Launching helper process for spawning children vivado processes
INFO: [Synth 8-7075] Helper process launched with PID 41140
---------------------------------------------------------------------------------
Starting RTL Elaboration : Time (s): cpu = 00:00:07 ; elapsed = 00:00:07 . Memory (MB): peak = 1415.582 ; gain = 575.812
---------------------------------------------------------------------------------
INFO: [Synth 8-6157] synthesizing module 'core_top' [E:/Projects/FPGA-Alittle-Design/src/riscv/core_top.v:3]
	Parameter ENABLE_FORWARDING bound to: 0 - type: integer 
	Parameter BHT_MODE bound to: 2'b00 
INFO: [Synth 8-6157] synthesizing module 'pc' [E:/Projects/FPGA-Alittle-Design/src/riscv/pc.v:3]
INFO: [Synth 8-6155] done synthesizing module 'pc' (0#1) [E:/Projects/FPGA-Alittle-Design/src/riscv/pc.v:3]
INFO: [Synth 8-6157] synthesizing module 'if_stage' [E:/Projects/FPGA-Alittle-Design/src/riscv/if_stage.v:4]
INFO: [Synth 8-6155] done synthesizing module 'if_stage' (0#1) [E:/Projects/FPGA-Alittle-Design/src/riscv/if_stage.v:4]
INFO: [Synth 8-6157] synthesizing module 'regfile' [E:/Projects/FPGA-Alittle-Design/src/riscv/regfile.v:3]
INFO: [Synth 8-6155] done synthesizing module 'regfile' (0#1) [E:/Projects/FPGA-Alittle-Design/src/riscv/regfile.v:3]
INFO: [Synth 8-6157] synthesizing module 'muldiv' [E:/Projects/FPGA-Alittle-Design/src/riscv/muldiv.v:3]
INFO: [Synth 8-6155] done synthesizing module 'muldiv' (0#1) [E:/Projects/FPGA-Alittle-Design/src/riscv/muldiv.v:3]
INFO: [Synth 8-6157] synthesizing module 'forwarding' [E:/Projects/FPGA-Alittle-Design/src/riscv/forwarding.v:2]
INFO: [Synth 8-6155] done synthesizing module 'forwarding' (0#1) [E:/Projects/FPGA-Alittle-Design/src/riscv/forwarding.v:2]
INFO: [Synth 8-6157] synthesizing module 'hazard' [E:/Projects/FPGA-Alittle-Design/src/riscv/hazard.v:2]
INFO: [Synth 8-6155] done synthesizing module 'hazard' (0#1) [E:/Projects/FPGA-Alittle-Design/src/riscv/hazard.v:2]
INFO: [Synth 8-6157] synthesizing module 'id_ex_stage' [E:/Projects/FPGA-Alittle-Design/src/riscv/id_ex_stage.v:2]
INFO: [Synth 8-6157] synthesizing module 'decode' [E:/Projects/FPGA-Alittle-Design/src/riscv/decode.v:3]
INFO: [Synth 8-226] default block is never used [E:/Projects/FPGA-Alittle-Design/src/riscv/decode.v:157]
INFO: [Synth 8-226] default block is never used [E:/Projects/FPGA-Alittle-Design/src/riscv/decode.v:180]
INFO: [Synth 8-6155] done synthesizing module 'decode' (0#1) [E:/Projects/FPGA-Alittle-Design/src/riscv/decode.v:3]
INFO: [Synth 8-6157] synthesizing module 'alu' [E:/Projects/FPGA-Alittle-Design/src/riscv/alu.v:3]
INFO: [Synth 8-6155] done synthesizing module 'alu' (0#1) [E:/Projects/FPGA-Alittle-Design/src/riscv/alu.v:3]
INFO: [Synth 8-6155] done synthesizing module 'id_ex_stage' (0#1) [E:/Projects/FPGA-Alittle-Design/src/riscv/id_ex_stage.v:2]
INFO: [Synth 8-6157] synthesizing module 'branch_predict' [E:/Projects/FPGA-Alittle-Design/src/riscv/branch_predict.v:1]
	Parameter BHT_MODE bound to: 2'b00 
INFO: [Synth 8-6155] done synthesizing module 'branch_predict' (0#1) [E:/Projects/FPGA-Alittle-Design/src/riscv/branch_predict.v:1]
INFO: [Synth 8-6157] synthesizing module 'mem_wb_stage' [E:/Projects/FPGA-Alittle-Design/src/riscv/mem_wb_stage.v:2]
INFO: [Synth 8-6155] done synthesizing module 'mem_wb_stage' (0#1) [E:/Projects/FPGA-Alittle-Design/src/riscv/mem_wb_stage.v:2]
INFO: [Synth 8-6155] done synthesizing module 'core_top' (0#1) [E:/Projects/FPGA-Alittle-Design/src/riscv/core_top.v:3]
WARNING: [Synth 8-6014] Unused sequential element a_r_reg was removed.  [E:/Projects/FPGA-Alittle-Design/src/riscv/muldiv.v:58]
WARNING: [Synth 8-6014] Unused sequential element b_r_reg was removed.  [E:/Projects/FPGA-Alittle-Design/src/riscv/muldiv.v:59]
WARNING: [Synth 8-7137] Register mem_instr_reg in module mem_wb_stage has both Set and reset with same priority. This may cause simulation mismatches. Consider rewriting code  [E:/Projects/FPGA-Alittle-Design/src/riscv/mem_wb_stage.v:23]
WARNING: [Synth 8-7137] Register mem_pc_reg in module mem_wb_stage has both Set and reset with same priority. This may cause simulation mismatches. Consider rewriting code  [E:/Projects/FPGA-Alittle-Design/src/riscv/mem_wb_stage.v:24]
WARNING: [Synth 8-7137] Register mem_rd_reg in module mem_wb_stage has both Set and reset with same priority. This may cause simulation mismatches. Consider rewriting code  [E:/Projects/FPGA-Alittle-Design/src/riscv/mem_wb_stage.v:25]
WARNING: [Synth 8-7137] Register mem_result_reg in module mem_wb_stage has both Set and reset with same priority. This may cause simulation mismatches. Consider rewriting code  [E:/Projects/FPGA-Alittle-Design/src/riscv/mem_wb_stage.v:26]
WARNING: [Synth 8-7137] Register mem_addr_reg in module mem_wb_stage has both Set and reset with same priority. This may cause simulation mismatches. Consider rewriting code  [E:/Projects/FPGA-Alittle-Design/src/riscv/mem_wb_stage.v:27]
WARNING: [Synth 8-7137] Register mem_store_data_reg in module mem_wb_stage has both Set and reset with same priority. This may cause simulation mismatches. Consider rewriting code  [E:/Projects/FPGA-Alittle-Design/src/riscv/mem_wb_stage.v:28]
WARNING: [Synth 8-7137] Register mem_reg_write_reg in module mem_wb_stage has both Set and reset with same priority. This may cause simulation mismatches. Consider rewriting code  [E:/Projects/FPGA-Alittle-Design/src/riscv/mem_wb_stage.v:29]
WARNING: [Synth 8-7137] Register mem_mem_read_reg in module mem_wb_stage has both Set and reset with same priority. This may cause simulation mismatches. Consider rewriting code  [E:/Projects/FPGA-Alittle-Design/src/riscv/mem_wb_stage.v:30]
WARNING: [Synth 8-7137] Register mem_mem_write_reg in module mem_wb_stage has both Set and reset with same priority. This may cause simulation mismatches. Consider rewriting code  [E:/Projects/FPGA-Alittle-Design/src/riscv/mem_wb_stage.v:31]
WARNING: [Synth 8-7137] Register mem_wb_sel_reg in module mem_wb_stage has both Set and reset with same priority. This may cause simulation mismatches. Consider rewriting code  [E:/Projects/FPGA-Alittle-Design/src/riscv/mem_wb_stage.v:32]
WARNING: [Synth 8-7137] Register mem_mask_sel_reg in module mem_wb_stage has both Set and reset with same priority. This may cause simulation mismatches. Consider rewriting code  [E:/Projects/FPGA-Alittle-Design/src/riscv/mem_wb_stage.v:33]
WARNING: [Synth 8-7137] Register mem_sign_ext_reg in module mem_wb_stage has both Set and reset with same priority. This may cause simulation mismatches. Consider rewriting code  [E:/Projects/FPGA-Alittle-Design/src/riscv/mem_wb_stage.v:34]
WARNING: [Synth 8-7129] Port clk in module branch_predict is either unconnected or has no load
WARNING: [Synth 8-7129] Port rst_n in module branch_predict is either unconnected or has no load
WARNING: [Synth 8-7129] Port lookup_valid in module branch_predict is either unconnected or has no load
WARNING: [Synth 8-7129] Port lookup_pc[31] in module branch_predict is either unconnected or has no load
WARNING: [Synth 8-7129] Port lookup_pc[30] in module branch_predict is either unconnected or has no load
WARNING: [Synth 8-7129] Port lookup_pc[29] in module branch_predict is either unconnected or has no load
WARNING: [Synth 8-7129] Port lookup_pc[28] in module branch_predict is either unconnected or has no load
WARNING: [Synth 8-7129] Port lookup_pc[27] in module branch_predict is either unconnected or has no load
WARNING: [Synth 8-7129] Port lookup_pc[26] in module branch_predict is either unconnected or has no load
WARNING: [Synth 8-7129] Port lookup_pc[25] in module branch_predict is either unconnected or has no load
WARNING: [Synth 8-7129] Port lookup_pc[24] in module branch_predict is either unconnected or has no load
WARNING: [Synth 8-7129] Port lookup_pc[23] in module branch_predict is either unconnected or has no load
WARNING: [Synth 8-7129] Port lookup_pc[22] in module branch_predict is either unconnected or has no load
WARNING: [Synth 8-7129] Port lookup_pc[21] in module branch_predict is either unconnected or has no load
WARNING: [Synth 8-7129] Port lookup_pc[20] in module branch_predict is either unconnected or has no load
WARNING: [Synth 8-7129] Port lookup_pc[19] in module branch_predict is either unconnected or has no load
WARNING: [Synth 8-7129] Port lookup_pc[18] in module branch_predict is either unconnected or has no load
WARNING: [Synth 8-7129] Port lookup_pc[17] in module branch_predict is either unconnected or has no load
WARNING: [Synth 8-7129] Port lookup_pc[16] in module branch_predict is either unconnected or has no load
WARNING: [Synth 8-7129] Port lookup_pc[15] in module branch_predict is either unconnected or has no load
WARNING: [Synth 8-7129] Port lookup_pc[14] in module branch_predict is either unconnected or has no load
WARNING: [Synth 8-7129] Port lookup_pc[13] in module branch_predict is either unconnected or has no load
WARNING: [Synth 8-7129] Port lookup_pc[12] in module branch_predict is either unconnected or has no load
WARNING: [Synth 8-7129] Port lookup_pc[11] in module branch_predict is either unconnected or has no load
WARNING: [Synth 8-7129] Port lookup_pc[10] in module branch_predict is either unconnected or has no load
WARNING: [Synth 8-7129] Port lookup_pc[9] in module branch_predict is either unconnected or has no load
WARNING: [Synth 8-7129] Port lookup_pc[8] in module branch_predict is either unconnected or has no load
WARNING: [Synth 8-7129] Port lookup_pc[7] in module branch_predict is either unconnected or has no load
WARNING: [Synth 8-7129] Port lookup_pc[6] in module branch_predict is either unconnected or has no load
WARNING: [Synth 8-7129] Port lookup_pc[5] in module branch_predict is either unconnected or has no load
WARNING: [Synth 8-7129] Port lookup_pc[4] in module branch_predict is either unconnected or has no load
WARNING: [Synth 8-7129] Port lookup_pc[3] in module branch_predict is either unconnected or has no load
WARNING: [Synth 8-7129] Port lookup_pc[2] in module branch_predict is either unconnected or has no load
WARNING: [Synth 8-7129] Port lookup_pc[1] in module branch_predict is either unconnected or has no load
WARNING: [Synth 8-7129] Port lookup_pc[0] in module branch_predict is either unconnected or has no load
WARNING: [Synth 8-7129] Port update_valid in module branch_predict is either unconnected or has no load
WARNING: [Synth 8-7129] Port update_pc[31] in module branch_predict is either unconnected or has no load
WARNING: [Synth 8-7129] Port update_pc[30] in module branch_predict is either unconnected or has no load
WARNING: [Synth 8-7129] Port update_pc[29] in module branch_predict is either unconnected or has no load
WARNING: [Synth 8-7129] Port update_pc[28] in module branch_predict is either unconnected or has no load
WARNING: [Synth 8-7129] Port update_pc[27] in module branch_predict is either unconnected or has no load
WARNING: [Synth 8-7129] Port update_pc[26] in module branch_predict is either unconnected or has no load
WARNING: [Synth 8-7129] Port update_pc[25] in module branch_predict is either unconnected or has no load
WARNING: [Synth 8-7129] Port update_pc[24] in module branch_predict is either unconnected or has no load
WARNING: [Synth 8-7129] Port update_pc[23] in module branch_predict is either unconnected or has no load
WARNING: [Synth 8-7129] Port update_pc[22] in module branch_predict is either unconnected or has no load
WARNING: [Synth 8-7129] Port update_pc[21] in module branch_predict is either unconnected or has no load
WARNING: [Synth 8-7129] Port update_pc[20] in module branch_predict is either unconnected or has no load
WARNING: [Synth 8-7129] Port update_pc[19] in module branch_predict is either unconnected or has no load
WARNING: [Synth 8-7129] Port update_pc[18] in module branch_predict is either unconnected or has no load
WARNING: [Synth 8-7129] Port update_pc[17] in module branch_predict is either unconnected or has no load
WARNING: [Synth 8-7129] Port update_pc[16] in module branch_predict is either unconnected or has no load
WARNING: [Synth 8-7129] Port update_pc[15] in module branch_predict is either unconnected or has no load
WARNING: [Synth 8-7129] Port update_pc[14] in module branch_predict is either unconnected or has no load
WARNING: [Synth 8-7129] Port update_pc[13] in module branch_predict is either unconnected or has no load
WARNING: [Synth 8-7129] Port update_pc[12] in module branch_predict is either unconnected or has no load
WARNING: [Synth 8-7129] Port update_pc[11] in module branch_predict is either unconnected or has no load
WARNING: [Synth 8-7129] Port update_pc[10] in module branch_predict is either unconnected or has no load
WARNING: [Synth 8-7129] Port update_pc[9] in module branch_predict is either unconnected or has no load
WARNING: [Synth 8-7129] Port update_pc[8] in module branch_predict is either unconnected or has no load
WARNING: [Synth 8-7129] Port update_pc[7] in module branch_predict is either unconnected or has no load
WARNING: [Synth 8-7129] Port update_pc[6] in module branch_predict is either unconnected or has no load
WARNING: [Synth 8-7129] Port update_pc[5] in module branch_predict is either unconnected or has no load
WARNING: [Synth 8-7129] Port update_pc[4] in module branch_predict is either unconnected or has no load
WARNING: [Synth 8-7129] Port update_pc[3] in module branch_predict is either unconnected or has no load
WARNING: [Synth 8-7129] Port update_pc[2] in module branch_predict is either unconnected or has no load
WARNING: [Synth 8-7129] Port update_pc[1] in module branch_predict is either unconnected or has no load
WARNING: [Synth 8-7129] Port update_pc[0] in module branch_predict is either unconnected or has no load
WARNING: [Synth 8-7129] Port update_taken in module branch_predict is either unconnected or has no load
WARNING: [Synth 8-7129] Port in_valid in module id_ex_stage is either unconnected or has no load
---------------------------------------------------------------------------------
Finished RTL Elaboration : Time (s): cpu = 00:00:09 ; elapsed = 00:00:10 . Memory (MB): peak = 1542.738 ; gain = 702.969
---------------------------------------------------------------------------------
---------------------------------------------------------------------------------
Start Handling Custom Attributes
---------------------------------------------------------------------------------
---------------------------------------------------------------------------------
Finished Handling Custom Attributes : Time (s): cpu = 00:00:09 ; elapsed = 00:00:10 . Memory (MB): peak = 1542.738 ; gain = 702.969
---------------------------------------------------------------------------------
---------------------------------------------------------------------------------
Finished RTL Optimization Phase 1 : Time (s): cpu = 00:00:09 ; elapsed = 00:00:10 . Memory (MB): peak = 1542.738 ; gain = 702.969
---------------------------------------------------------------------------------
Netlist sorting complete. Time (s): cpu = 00:00:00 ; elapsed = 00:00:00.013 . Memory (MB): peak = 1542.738 ; gain = 0.000
INFO: [Project 1-570] Preparing netlist for logic optimization

Processing XDC Constraints
Initializing timing engine
Parsing XDC File [E:/Projects/FPGA-Alittle-Design/build/run/fmax/v1_nofwd_10ns_postopt/clock.xdc]
Finished Parsing XDC File [E:/Projects/FPGA-Alittle-Design/build/run/fmax/v1_nofwd_10ns_postopt/clock.xdc]
Completed Processing XDC Constraints

Netlist sorting complete. Time (s): cpu = 00:00:00 ; elapsed = 00:00:00.001 . Memory (MB): peak = 1595.914 ; gain = 0.000
INFO: [Project 1-111] Unisim Transformation Summary:
No Unisim elements were transformed.

Constraint Validation Runtime : Time (s): cpu = 00:00:00 ; elapsed = 00:00:00.016 . Memory (MB): peak = 1598.574 ; gain = 0.000
---------------------------------------------------------------------------------
Finished Constraint Validation : Time (s): cpu = 00:00:19 ; elapsed = 00:00:20 . Memory (MB): peak = 1598.574 ; gain = 758.805
---------------------------------------------------------------------------------
---------------------------------------------------------------------------------
Start Loading Part and Timing Information
---------------------------------------------------------------------------------
Loading part: xc7z020clg400-1
---------------------------------------------------------------------------------
Finished Loading Part and Timing Information : Time (s): cpu = 00:00:19 ; elapsed = 00:00:20 . Memory (MB): peak = 1598.574 ; gain = 758.805
---------------------------------------------------------------------------------
---------------------------------------------------------------------------------
Start Applying 'set_property' XDC Constraints
---------------------------------------------------------------------------------
---------------------------------------------------------------------------------
Finished applying 'set_property' XDC Constraints : Time (s): cpu = 00:00:19 ; elapsed = 00:00:20 . Memory (MB): peak = 1598.574 ; gain = 758.805
---------------------------------------------------------------------------------
---------------------------------------------------------------------------------
Finished RTL Optimization Phase 2 : Time (s): cpu = 00:00:20 ; elapsed = 00:00:21 . Memory (MB): peak = 1598.574 ; gain = 758.805
---------------------------------------------------------------------------------
---------------------------------------------------------------------------------
Start RTL Component Statistics 
---------------------------------------------------------------------------------
Detailed RTL Component Info : 
+---Adders : 
	   2 Input   64 Bit       Adders := 3     
	   3 Input   33 Bit       Adders := 1     
	   2 Input   32 Bit       Adders := 10    
	   3 Input   32 Bit       Adders := 2     
	   2 Input    5 Bit       Adders := 1     
+---XORs : 
	   2 Input     32 Bit         XORs := 1     
	   2 Input      1 Bit         XORs := 2     
+---Registers : 
	               64 Bit    Registers := 2     
	               33 Bit    Registers := 1     
	               32 Bit    Registers := 12    
	                5 Bit    Registers := 2     
	                3 Bit    Registers := 1     
	                2 Bit    Registers := 2     
	                1 Bit    Registers := 14    
+---RAMs : 
	             1024 Bit	(32 X 32 bit)          RAMs := 1     
+---Muxes : 
	   2 Input   64 Bit        Muxes := 5     
	   2 Input   34 Bit        Muxes := 10    
	   2 Input   33 Bit        Muxes := 2     
	   2 Input   32 Bit        Muxes := 28    
	   4 Input   32 Bit        Muxes := 1     
	   3 Input   32 Bit        Muxes := 1     
	   2 Input   16 Bit        Muxes := 1     
	   4 Input    8 Bit        Muxes := 1     
	   2 Input    5 Bit        Muxes := 1     
	   8 Input    4 Bit        Muxes := 2     
	   2 Input    4 Bit        Muxes := 1     
	   4 Input    4 Bit        Muxes := 1     
	   2 Input    3 Bit        Muxes := 2     
	   7 Input    3 Bit        Muxes := 1     
	   5 Input    2 Bit        Muxes := 1     
	   2 Input    2 Bit        Muxes := 2     
	   2 Input    1 Bit        Muxes := 9     
	   5 Input    1 Bit        Muxes := 1     
---------------------------------------------------------------------------------
Finished RTL Component Statistics 
---------------------------------------------------------------------------------
---------------------------------------------------------------------------------
Start Part Resource Summary
---------------------------------------------------------------------------------
Part Resources:
DSPs: 220 (col length:60)
BRAMs: 280 (col length: RAMB18 60 RAMB36 30)
---------------------------------------------------------------------------------
Finished Part Resource Summary
---------------------------------------------------------------------------------
---------------------------------------------------------------------------------
Start Cross Boundary and Area Optimization
---------------------------------------------------------------------------------
WARNING: [Synth 8-7129] Port in_valid in module id_ex_stage is either unconnected or has no load
---------------------------------------------------------------------------------
Finished Cross Boundary and Area Optimization : Time (s): cpu = 00:00:32 ; elapsed = 00:00:35 . Memory (MB): peak = 1738.895 ; gain = 899.125
---------------------------------------------------------------------------------
---------------------------------------------------------------------------------
Start ROM, RAM, DSP, Shift Register and Retiming Reporting
---------------------------------------------------------------------------------

Distributed RAM: Preliminary Mapping Report (see note below)
+------------+--------------------+-----------+----------------------+--------------+
|Module Name | RTL Object         | Inference | Size (Depth x Width) | Primitives   | 
+------------+--------------------+-----------+----------------------+--------------+
|core_top    | u_regfile/regs_reg | Implied   | 32 x 32              | RAM32M x 12  | 
+------------+--------------------+-----------+----------------------+--------------+

Note: The table above is a preliminary report that shows the Distributed RAMs at the current stage of the synthesis flow. Some Distributed RAMs may be reimplemented as non Distributed RAM primitives later in the synthesis flow. Multiple instantiated RAMs are reported only once.
---------------------------------------------------------------------------------
Finished ROM, RAM, DSP, Shift Register and Retiming Reporting
---------------------------------------------------------------------------------
---------------------------------------------------------------------------------
Start Applying XDC Timing Constraints
---------------------------------------------------------------------------------
---------------------------------------------------------------------------------
Finished Applying XDC Timing Constraints : Time (s): cpu = 00:00:38 ; elapsed = 00:00:41 . Memory (MB): peak = 1777.742 ; gain = 937.973
---------------------------------------------------------------------------------
---------------------------------------------------------------------------------
Start Timing Optimization
---------------------------------------------------------------------------------
---------------------------------------------------------------------------------
Finished Timing Optimization : Time (s): cpu = 00:00:41 ; elapsed = 00:00:44 . Memory (MB): peak = 1831.008 ; gain = 991.238
---------------------------------------------------------------------------------
---------------------------------------------------------------------------------
Start ROM, RAM, DSP, Shift Register and Retiming Reporting
---------------------------------------------------------------------------------

Distributed RAM: Final Mapping Report
+------------+--------------------+-----------+----------------------+--------------+
|Module Name | RTL Object         | Inference | Size (Depth x Width) | Primitives   | 
+------------+--------------------+-----------+----------------------+--------------+
|core_top    | u_regfile/regs_reg | Implied   | 32 x 32              | RAM32M x 12  | 
+------------+--------------------+-----------+----------------------+--------------+

---------------------------------------------------------------------------------
Finished ROM, RAM, DSP, Shift Register and Retiming Reporting
---------------------------------------------------------------------------------
---------------------------------------------------------------------------------
Start Technology Mapping
---------------------------------------------------------------------------------
---------------------------------------------------------------------------------
Finished Technology Mapping : Time (s): cpu = 00:00:43 ; elapsed = 00:00:45 . Memory (MB): peak = 1902.434 ; gain = 1062.664
---------------------------------------------------------------------------------
---------------------------------------------------------------------------------
Start IO Insertion
---------------------------------------------------------------------------------
---------------------------------------------------------------------------------
Start Flattening Before IO Insertion
---------------------------------------------------------------------------------
---------------------------------------------------------------------------------
Finished Flattening Before IO Insertion
---------------------------------------------------------------------------------
---------------------------------------------------------------------------------
Start Final Netlist Cleanup
---------------------------------------------------------------------------------
---------------------------------------------------------------------------------
Finished Final Netlist Cleanup
---------------------------------------------------------------------------------
---------------------------------------------------------------------------------
Finished IO Insertion : Time (s): cpu = 00:00:47 ; elapsed = 00:00:50 . Memory (MB): peak = 2072.301 ; gain = 1232.531
---------------------------------------------------------------------------------
---------------------------------------------------------------------------------
Start Renaming Generated Instances
---------------------------------------------------------------------------------
---------------------------------------------------------------------------------
Finished Renaming Generated Instances : Time (s): cpu = 00:00:47 ; elapsed = 00:00:50 . Memory (MB): peak = 2072.301 ; gain = 1232.531
---------------------------------------------------------------------------------
---------------------------------------------------------------------------------
Start Rebuilding User Hierarchy
---------------------------------------------------------------------------------
---------------------------------------------------------------------------------
Finished Rebuilding User Hierarchy : Time (s): cpu = 00:00:47 ; elapsed = 00:00:50 . Memory (MB): peak = 2072.301 ; gain = 1232.531
---------------------------------------------------------------------------------
---------------------------------------------------------------------------------
Start Renaming Generated Ports
---------------------------------------------------------------------------------
---------------------------------------------------------------------------------
Finished Renaming Generated Ports : Time (s): cpu = 00:00:47 ; elapsed = 00:00:50 . Memory (MB): peak = 2072.301 ; gain = 1232.531
---------------------------------------------------------------------------------
---------------------------------------------------------------------------------
Start Handling Custom Attributes
---------------------------------------------------------------------------------
---------------------------------------------------------------------------------
Finished Handling Custom Attributes : Time (s): cpu = 00:00:47 ; elapsed = 00:00:50 . Memory (MB): peak = 2072.301 ; gain = 1232.531
---------------------------------------------------------------------------------
---------------------------------------------------------------------------------
Start Renaming Generated Nets
---------------------------------------------------------------------------------
---------------------------------------------------------------------------------
Finished Renaming Generated Nets : Time (s): cpu = 00:00:47 ; elapsed = 00:00:50 . Memory (MB): peak = 2072.301 ; gain = 1232.531
---------------------------------------------------------------------------------
---------------------------------------------------------------------------------
Start Writing Synthesis Report
---------------------------------------------------------------------------------

Report BlackBoxes: 
+-+--------------+----------+
| |BlackBox name |Instances |
+-+--------------+----------+
+-+--------------+----------+

Report Cell Usage: 
+------+---------+------+
|      |Cell     |Count |
+------+---------+------+
|1     |CARRY4   |   177|
|2     |LUT1     |   102|
|3     |LUT2     |   351|
|4     |LUT3     |   136|
|5     |LUT4     |   368|
|6     |LUT5     |   391|
|7     |LUT6     |   832|
|8     |RAM32M   |    10|
|9     |RAM32X1D |     4|
|10    |FDCE     |   396|
|11    |FDPE     |     6|
|12    |FDRE     |   107|
+------+---------+------+
---------------------------------------------------------------------------------
Finished Writing Synthesis Report : Time (s): cpu = 00:00:47 ; elapsed = 00:00:50 . Memory (MB): peak = 2072.301 ; gain = 1232.531
---------------------------------------------------------------------------------
Synthesis finished with 0 errors, 0 critical warnings and 1 warnings.
Synthesis Optimization Runtime : Time (s): cpu = 00:00:37 ; elapsed = 00:00:48 . Memory (MB): peak = 2072.301 ; gain = 1176.695
Synthesis Optimization Complete : Time (s): cpu = 00:00:48 ; elapsed = 00:00:50 . Memory (MB): peak = 2072.301 ; gain = 1232.531
INFO: [Project 1-571] Translating synthesized netlist
Netlist sorting complete. Time (s): cpu = 00:00:00 ; elapsed = 00:00:00.018 . Memory (MB): peak = 2081.445 ; gain = 0.000
INFO: [Netlist 29-17] Analyzing 191 Unisim elements for replacement
INFO: [Netlist 29-28] Unisim Transformation completed in 0 CPU seconds
INFO: [Project 1-570] Preparing netlist for logic optimization
Parsing XDC File [E:/Projects/FPGA-Alittle-Design/build/run/fmax/v1_nofwd_10ns_postopt/clock.xdc]
INFO: [Vivado 12-4761] HD.CLK_SRC property is set on port clk. The net connecting to the port drives either clock PIN or hierarchical black box. Use the create_clock constraint to create a clock on this port prior to setting HD.CLK_SRC.  [E:/Projects/FPGA-Alittle-Design/build/run/fmax/v1_nofwd_10ns_postopt/clock.xdc:2]
Finished Parsing XDC File [E:/Projects/FPGA-Alittle-Design/build/run/fmax/v1_nofwd_10ns_postopt/clock.xdc]
INFO: [Opt 31-138] Pushed 0 inverter(s) to 0 load pin(s).
Netlist sorting complete. Time (s): cpu = 00:00:00 ; elapsed = 00:00:00.001 . Memory (MB): peak = 2085.121 ; gain = 0.000
INFO: [Project 1-111] Unisim Transformation Summary:
  A total of 14 instances were transformed.
  RAM32M => RAM32M (RAMD32(x6), RAMS32(x2)): 10 instances
  RAM32X1D => RAM32X1D (RAMD32(x2)): 4 instances

Synth Design complete | Checksum: 7d422d55
INFO: [Common 17-83] Releasing license: Vivado_Synthesis
42 Infos, 85 Warnings, 0 Critical Warnings and 0 Errors encountered.
synth_design completed successfully
synth_design: Time (s): cpu = 00:00:53 ; elapsed = 00:01:01 . Memory (MB): peak = 2085.133 ; gain = 1472.207
# write_checkpoint -force [file join $run_dir post_synth.dcp]
INFO: [Timing 38-35] Done setting XDC timing constraints.
INFO: [Timing 38-480] Writing timing data to binary archive.
Write ShapeDB Complete: Time (s): cpu = 00:00:00 ; elapsed = 00:00:00.016 . Memory (MB): peak = 2085.133 ; gain = 0.000
INFO: [Common 17-1381] The checkpoint 'E:/Projects/FPGA-Alittle-Design/build/run/fmax/v1_nofwd_10ns_postopt/post_synth.dcp' has been generated.
write_checkpoint: Time (s): cpu = 00:00:08 ; elapsed = 00:00:08 . Memory (MB): peak = 2085.133 ; gain = 0.000
# report_utilization    -file [file join $rep_dir utilization_synth.rpt]
# report_timing_summary -file [file join $rep_dir timing_synth.rpt] -delay_type max
INFO: [Timing 38-91] UpdateTimingParams: Speed grade: -1, Delay Type: max.
INFO: [Timing 38-191] Multithreading enabled for timing update using a maximum of 2 CPUs
# opt_design
Command: opt_design
Attempting to get a license for feature 'Vivado_Implementation' and/or device 'xc7z020'
INFO: [Common 17-349] Got license for feature 'Vivado_Implementation' and/or device 'xc7z020'
Running DRC as a precondition to command opt_design

Starting DRC Task
INFO: [DRC 23-27] Running DRC with 2 threads
WARNING: [DRC 23-814] Not all possible (connectivity based) DRCs may have been run because this design is seen as Out of Context.
INFO: [Project 1-461] DRC finished with 0 Errors
INFO: [Project 1-462] Please refer to the DRC report (report_drc) for more information.

Time (s): cpu = 00:00:01 ; elapsed = 00:00:00.750 . Memory (MB): peak = 2085.133 ; gain = 0.000

Starting Cache Timing Information Task
Ending Cache Timing Information Task | Checksum: e1a14649

Time (s): cpu = 00:00:00 ; elapsed = 00:00:00.011 . Memory (MB): peak = 2085.133 ; gain = 0.000

Starting Logic Optimization Task

Phase 1 Initialization

Phase 1.1 Core Generation And Design Setup
Phase 1.1 Core Generation And Design Setup | Checksum: e1a14649

Time (s): cpu = 00:00:00 ; elapsed = 00:00:00.007 . Memory (MB): peak = 2172.254 ; gain = 0.000

Phase 1.2 Setup Constraints And Sort Netlist
Phase 1.2 Setup Constraints And Sort Netlist | Checksum: e1a14649

Time (s): cpu = 00:00:00 ; elapsed = 00:00:00.011 . Memory (MB): peak = 2172.254 ; gain = 0.000
Phase 1 Initialization | Checksum: e1a14649

Time (s): cpu = 00:00:00 ; elapsed = 00:00:00.012 . Memory (MB): peak = 2172.254 ; gain = 0.000

Phase 2 Timer Update And Timing Data Collection

Phase 2.1 Detect if minReqCache needed
Phase 2.1 Detect if minReqCache needed | Checksum: e1a14649

Time (s): cpu = 00:00:00 ; elapsed = 00:00:00.027 . Memory (MB): peak = 2172.277 ; gain = 0.023

Phase 2.2 Timer Update
Phase 2.2 Timer Update | Checksum: e1a14649

Time (s): cpu = 00:00:00 ; elapsed = 00:00:00.035 . Memory (MB): peak = 2172.277 ; gain = 0.023
Phase 2 Timer Update And Timing Data Collection | Checksum: e1a14649

Time (s): cpu = 00:00:00 ; elapsed = 00:00:00.036 . Memory (MB): peak = 2172.277 ; gain = 0.023

Phase 3 Retarget
INFO: [Opt 31-1851] Number of loadless carry chains removed were: 0
INFO: [Opt 31-1834] Total Chains To Be Transformed Were: 0 AND Number of Transformed insts Created are: 0
INFO: [Opt 31-138] Pushed 0 inverter(s) to 0 load pin(s).
INFO: [Opt 31-49] Retargeted 0 cell(s).
Phase 3 Retarget | Checksum: e1a14649

Time (s): cpu = 00:00:00 ; elapsed = 00:00:00.093 . Memory (MB): peak = 2172.277 ; gain = 0.023
Retarget | Checksum: e1a14649
INFO: [Opt 31-389] Phase Retarget created 0 cells and removed 0 cells

Phase 4 Constant propagation
INFO: [Opt 31-138] Pushed 0 inverter(s) to 0 load pin(s).
Phase 4 Constant propagation | Checksum: fb5b402c

Time (s): cpu = 00:00:00 ; elapsed = 00:00:00.134 . Memory (MB): peak = 2172.277 ; gain = 0.023
Constant propagation | Checksum: fb5b402c
INFO: [Opt 31-389] Phase Constant propagation created 0 cells and removed 0 cells

Phase 5 Sweep
INFO: [Constraints 18-11670] Building netlist checker database with flags, 0x8
Done building netlist checker database: Time (s): cpu = 00:00:00 ; elapsed = 00:00:00.002 . Memory (MB): peak = 2172.277 ; gain = 0.000
Phase 5 Sweep | Checksum: b978cc34

Time (s): cpu = 00:00:00 ; elapsed = 00:00:00.172 . Memory (MB): peak = 2172.277 ; gain = 0.023
Sweep | Checksum: b978cc34
INFO: [Opt 31-389] Phase Sweep created 0 cells and removed 0 cells

Phase 6 BUFG optimization
Phase 6 BUFG optimization | Checksum: b978cc34

Time (s): cpu = 00:00:00 ; elapsed = 00:00:00.201 . Memory (MB): peak = 2172.277 ; gain = 0.023
BUFG optimization | Checksum: b978cc34
INFO: [Opt 31-662] Phase BUFG optimization created 0 cells of which 0 are BUFGs and removed 0 cells.

Phase 7 Shift Register Optimization
INFO: [Opt 31-1064] SRL Remap converted 0 SRLs to 0 registers and converted 0 registers of register chains to 0 SRLs
Phase 7 Shift Register Optimization | Checksum: b978cc34

Time (s): cpu = 00:00:00 ; elapsed = 00:00:00.209 . Memory (MB): peak = 2172.277 ; gain = 0.023
Shift Register Optimization | Checksum: b978cc34
INFO: [Opt 31-389] Phase Shift Register Optimization created 0 cells and removed 0 cells

Phase 8 Post Processing Netlist
Phase 8 Post Processing Netlist | Checksum: b978cc34

Time (s): cpu = 00:00:00 ; elapsed = 00:00:00.218 . Memory (MB): peak = 2172.277 ; gain = 0.023
Post Processing Netlist | Checksum: b978cc34
INFO: [Opt 31-389] Phase Post Processing Netlist created 0 cells and removed 0 cells

Phase 9 Finalization

Phase 9.1 Finalizing Design Cores and Updating Shapes
Phase 9.1 Finalizing Design Cores and Updating Shapes | Checksum: bf3acca1

Time (s): cpu = 00:00:00 ; elapsed = 00:00:00.314 . Memory (MB): peak = 2172.277 ; gain = 0.023

Phase 9.2 Verifying Netlist Connectivity

Starting Connectivity Check Task

Time (s): cpu = 00:00:00 ; elapsed = 00:00:00.034 . Memory (MB): peak = 2172.277 ; gain = 0.000
Phase 9.2 Verifying Netlist Connectivity | Checksum: bf3acca1

Time (s): cpu = 00:00:00 ; elapsed = 00:00:00.350 . Memory (MB): peak = 2172.277 ; gain = 0.023
Phase 9 Finalization | Checksum: bf3acca1

Time (s): cpu = 00:00:00 ; elapsed = 00:00:00.351 . Memory (MB): peak = 2172.277 ; gain = 0.023
Opt_design Change Summary
=========================


-------------------------------------------------------------------------------------------------------------------------
|  Phase                        |  #Cells created  |  #Cells Removed  |  #Constrained objects preventing optimizations  |
-------------------------------------------------------------------------------------------------------------------------
|  Retarget                     |               0  |               0  |                                              0  |
|  Constant propagation         |               0  |               0  |                                              0  |
|  Sweep                        |               0  |               0  |                                              0  |
|  BUFG optimization            |               0  |               0  |                                              0  |
|  Shift Register Optimization  |               0  |               0  |                                              0  |
|  Post Processing Netlist      |               0  |               0  |                                              0  |
-------------------------------------------------------------------------------------------------------------------------


Ending Logic Optimization Task | Checksum: bf3acca1

Time (s): cpu = 00:00:00 ; elapsed = 00:00:00.355 . Memory (MB): peak = 2172.277 ; gain = 0.023

Starting Power Optimization Task
INFO: [Pwropt 34-132] Skipping clock gating for clocks with a period < 2.00 ns.
Ending Power Optimization Task | Checksum: bf3acca1

Time (s): cpu = 00:00:00 ; elapsed = 00:00:00.035 . Memory (MB): peak = 2172.277 ; gain = 0.000

Starting Final Cleanup Task
Ending Final Cleanup Task | Checksum: bf3acca1

Time (s): cpu = 00:00:00 ; elapsed = 00:00:00.002 . Memory (MB): peak = 2172.277 ; gain = 0.000
Netlist sorting complete. Time (s): cpu = 00:00:00 ; elapsed = 00:00:00.002 . Memory (MB): peak = 2172.277 ; gain = 0.000
INFO: [Common 17-83] Releasing license: Vivado_Implementation
19 Infos, 1 Warnings, 0 Critical Warnings and 0 Errors encountered.
opt_design completed successfully
opt_design: Time (s): cpu = 00:00:06 ; elapsed = 00:00:07 . Memory (MB): peak = 2172.277 ; gain = 87.145
# place_design
Command: place_design
Attempting to get a license for feature 'Vivado_Implementation' and/or device 'xc7z020'
INFO: [Common 17-349] Got license for feature 'Vivado_Implementation' and/or device 'xc7z020'
INFO: [Common 17-83] Releasing license: Vivado_Implementation
INFO: [Timing 38-35] Done setting XDC timing constraints.
Running DRC as a precondition to command place_design
INFO: [DRC 23-27] Running DRC with 2 threads
WARNING: [DRC 23-814] Not all possible (connectivity based) DRCs may have been run because this design is seen as Out of Context.
INFO: [Vivado_Tcl 4-198] DRC finished with 0 Errors
INFO: [Vivado_Tcl 4-199] Please refer to the DRC report (report_drc) for more information.
INFO: [Place 30-611] Multithreading enabled for place_design using a maximum of 2 CPUs

Starting Placer Task

Phase 1 Placer Initialization

Phase 1.1 Placer Initialization Netlist Sorting
Netlist sorting complete. Time (s): cpu = 00:00:00 ; elapsed = 00:00:00.002 . Memory (MB): peak = 2172.277 ; gain = 0.000
Phase 1.1 Placer Initialization Netlist Sorting | Checksum: ac8b5019

Time (s): cpu = 00:00:00 ; elapsed = 00:00:00.012 . Memory (MB): peak = 2172.277 ; gain = 0.000
Netlist sorting complete. Time (s): cpu = 00:00:00 ; elapsed = 00:00:00.002 . Memory (MB): peak = 2172.277 ; gain = 0.000

Phase 1.2 IO Placement/ Clock Placement/ Build Placer Device
Phase 1.2 IO Placement/ Clock Placement/ Build Placer Device | Checksum: 6be196c4

Time (s): cpu = 00:00:00 ; elapsed = 00:00:00.319 . Memory (MB): peak = 2172.277 ; gain = 0.000

Phase 1.3 Build Placer Netlist Model
Phase 1.3 Build Placer Netlist Model | Checksum: 14584479b

Time (s): cpu = 00:00:02 ; elapsed = 00:00:01 . Memory (MB): peak = 2172.277 ; gain = 0.000

Phase 1.4 Constrain Clocks/Macros
Phase 1.4 Constrain Clocks/Macros | Checksum: 14584479b

Time (s): cpu = 00:00:02 ; elapsed = 00:00:01 . Memory (MB): peak = 2172.277 ; gain = 0.000
Phase 1 Placer Initialization | Checksum: 14584479b

Time (s): cpu = 00:00:02 ; elapsed = 00:00:01 . Memory (MB): peak = 2172.277 ; gain = 0.000

Phase 2 Global Placement

Phase 2.1 Floorplanning
Phase 2.1 Floorplanning | Checksum: b19e0eb1

Time (s): cpu = 00:00:03 ; elapsed = 00:00:02 . Memory (MB): peak = 2172.277 ; gain = 0.000

Phase 2.2 Update Timing before SLR Path Opt
Phase 2.2 Update Timing before SLR Path Opt | Checksum: 86857c23

Time (s): cpu = 00:00:04 ; elapsed = 00:00:03 . Memory (MB): peak = 2172.277 ; gain = 0.000

Phase 2.3 Post-Processing in Floorplanning
Phase 2.3 Post-Processing in Floorplanning | Checksum: 86857c23

Time (s): cpu = 00:00:04 ; elapsed = 00:00:03 . Memory (MB): peak = 2172.277 ; gain = 0.000

Phase 2.4 Global Place Phase1
Phase 2.4 Global Place Phase1 | Checksum: 89edbbf6

Time (s): cpu = 00:00:09 ; elapsed = 00:00:06 . Memory (MB): peak = 2172.277 ; gain = 0.000

Phase 2.5 Global Place Phase2

Phase 2.5.1 UpdateTiming Before Physical Synthesis
Phase 2.5.1 UpdateTiming Before Physical Synthesis | Checksum: 15252e679

Time (s): cpu = 00:00:09 ; elapsed = 00:00:06 . Memory (MB): peak = 2172.277 ; gain = 0.000

Phase 2.5.2 Physical Synthesis In Placer
INFO: [Physopt 32-1035] Found 47 LUTNM shape to break, 55 LUT instances to create LUTNM shape
INFO: [Physopt 32-1044] Break lutnm for timing: one critical 32, two critical 15, total 47, new lutff created 1
INFO: [Physopt 32-1138] End 1 Pass. Optimized 67 nets or LUTs. Breaked 47 LUTs, combined 20 existing LUTs and moved 0 existing LUT
INFO: [Physopt 32-65] No nets found for high-fanout optimization.
INFO: [Physopt 32-232] Optimized 0 net. Created 0 new instance.
INFO: [Physopt 32-775] End 1 Pass. Optimized 0 net or cell. Created 0 new cell, deleted 0 existing cell and moved 0 existing cell
INFO: [Physopt 32-456] No candidate cells for DSP register optimization found in the design.
INFO: [Physopt 32-775] End 2 Pass. Optimized 0 net or cell. Created 0 new cell, deleted 0 existing cell and moved 0 existing cell
INFO: [Physopt 32-1123] No candidate cells found for Shift Register to Pipeline optimization
INFO: [Physopt 32-775] End 2 Pass. Optimized 0 net or cell. Created 0 new cell, deleted 0 existing cell and moved 0 existing cell
INFO: [Physopt 32-1401] No candidate cells found for Shift Register optimization.
INFO: [Physopt 32-677] No candidate cells for Shift Register optimization found in the design
INFO: [Physopt 32-775] End 1 Pass. Optimized 0 net or cell. Created 0 new cell, deleted 0 existing cell and moved 0 existing cell
INFO: [Physopt 32-526] No candidate cells for BRAM register optimization found in the design
INFO: [Physopt 32-775] End 1 Pass. Optimized 0 net or cell. Created 0 new cell, deleted 0 existing cell and moved 0 existing cell
INFO: [Physopt 32-846] No candidate cells for URAM register optimization found in the design
INFO: [Physopt 32-775] End 1 Pass. Optimized 0 net or cell. Created 0 new cell, deleted 0 existing cell and moved 0 existing cell
INFO: [Physopt 32-846] No candidate cells for URAM register optimization found in the design
INFO: [Physopt 32-775] End 1 Pass. Optimized 0 net or cell. Created 0 new cell, deleted 0 existing cell and moved 0 existing cell
INFO: [Physopt 32-949] No candidate nets found for dynamic/static region interface net replication
INFO: [Physopt 32-775] End 1 Pass. Optimized 0 net or cell. Created 0 new cell, deleted 0 existing cell and moved 0 existing cell
Netlist sorting complete. Time (s): cpu = 00:00:00 ; elapsed = 00:00:00.001 . Memory (MB): peak = 2172.277 ; gain = 0.000

Summary of Physical Synthesis Optimizations
============================================


-----------------------------------------------------------------------------------------------------------------------------------------------------------
|  Optimization                                     |  Added Cells  |  Removed Cells  |  Optimized Cells/Nets  |  Dont Touch  |  Iterations  |  Elapsed   |
-----------------------------------------------------------------------------------------------------------------------------------------------------------
|  LUT Combining                                    |           47  |             20  |                    67  |           0  |           1  |  00:00:00  |
|  Retime                                           |            0  |              0  |                     0  |           0  |           1  |  00:00:00  |
|  Very High Fanout                                 |            0  |              0  |                     0  |           0  |           1  |  00:00:00  |
|  DSP Register                                     |            0  |              0  |                     0  |           0  |           1  |  00:00:00  |
|  Shift Register to Pipeline                       |            0  |              0  |                     0  |           0  |           1  |  00:00:00  |
|  Shift Register                                   |            0  |              0  |                     0  |           0  |           1  |  00:00:00  |
|  BRAM Register                                    |            0  |              0  |                     0  |           0  |           1  |  00:00:00  |
|  URAM Register                                    |            0  |              0  |                     0  |           0  |           1  |  00:00:00  |
|  Dynamic/Static Region Interface Net Replication  |            0  |              0  |                     0  |           0  |           1  |  00:00:00  |
|  Total                                            |           47  |             20  |                    67  |           0  |           9  |  00:00:00  |
-----------------------------------------------------------------------------------------------------------------------------------------------------------


Phase 2.5.2 Physical Synthesis In Placer | Checksum: 10abf7e80

Time (s): cpu = 00:00:10 ; elapsed = 00:00:07 . Memory (MB): peak = 2172.277 ; gain = 0.000
Phase 2.5 Global Place Phase2 | Checksum: cd479323

Time (s): cpu = 00:00:11 ; elapsed = 00:00:07 . Memory (MB): peak = 2172.277 ; gain = 0.000
Phase 2 Global Placement | Checksum: cd479323

Time (s): cpu = 00:00:11 ; elapsed = 00:00:07 . Memory (MB): peak = 2172.277 ; gain = 0.000

Phase 3 Detail Placement

Phase 3.1 Commit Multi Column Macros
Phase 3.1 Commit Multi Column Macros | Checksum: bc56a172

Time (s): cpu = 00:00:12 ; elapsed = 00:00:08 . Memory (MB): peak = 2172.277 ; gain = 0.000

Phase 3.2 Commit Most Macros & LUTRAMs
Phase 3.2 Commit Most Macros & LUTRAMs | Checksum: 19b875289

Time (s): cpu = 00:00:13 ; elapsed = 00:00:08 . Memory (MB): peak = 2172.277 ; gain = 0.000

Phase 3.3 Area Swap Optimization
Phase 3.3 Area Swap Optimization | Checksum: 1c1831058

Time (s): cpu = 00:00:13 ; elapsed = 00:00:08 . Memory (MB): peak = 2172.277 ; gain = 0.000

Phase 3.4 Pipeline Register Optimization
Phase 3.4 Pipeline Register Optimization | Checksum: 165067802

Time (s): cpu = 00:00:13 ; elapsed = 00:00:08 . Memory (MB): peak = 2172.277 ; gain = 0.000

Phase 3.5 Fast Optimization
Phase 3.5 Fast Optimization | Checksum: 16465c839

Time (s): cpu = 00:00:15 ; elapsed = 00:00:09 . Memory (MB): peak = 2172.277 ; gain = 0.000

Phase 3.6 Small Shape Detail Placement
Phase 3.6 Small Shape Detail Placement | Checksum: 1a22f5b5f

Time (s): cpu = 00:00:16 ; elapsed = 00:00:11 . Memory (MB): peak = 2172.277 ; gain = 0.000

Phase 3.7 Re-assign LUT pins
Phase 3.7 Re-assign LUT pins | Checksum: 199a0b67f

Time (s): cpu = 00:00:16 ; elapsed = 00:00:11 . Memory (MB): peak = 2172.277 ; gain = 0.000

Phase 3.8 Pipeline Register Optimization
Phase 3.8 Pipeline Register Optimization | Checksum: 2053c4ee1

Time (s): cpu = 00:00:16 ; elapsed = 00:00:11 . Memory (MB): peak = 2172.277 ; gain = 0.000
Phase 3 Detail Placement | Checksum: 2053c4ee1

Time (s): cpu = 00:00:16 ; elapsed = 00:00:11 . Memory (MB): peak = 2172.277 ; gain = 0.000

Phase 4 Post Placement Optimization and Clean-Up

Phase 4.1 Post Commit Optimization
INFO: [Timing 38-35] Done setting XDC timing constraints.

Phase 4.1.1 Post Placement Optimization
Post Placement Optimization Initialization | Checksum: 206ad5b55

Phase 4.1.1.1 BUFG Insertion

Starting Physical Synthesis Task

Phase 1 Physical Synthesis Initialization
INFO: [Physopt 32-721] Multithreading enabled for phys_opt_design using a maximum of 2 CPUs
INFO: [Physopt 32-619] Estimated Timing Summary | WNS=-0.228 | TNS=-1.410 |
Phase 1 Physical Synthesis Initialization | Checksum: 1433b835e

Time (s): cpu = 00:00:00 ; elapsed = 00:00:00.063 . Memory (MB): peak = 2172.277 ; gain = 0.000
INFO: [Place 46-56] BUFG insertion identified 0 candidate nets. Inserted BUFG: 0, Replicated BUFG Driver: 0, Skipped due to Placement/Routing Conflicts: 0, Skipped due to Timing Degradation: 0, Skipped due to netlist editing failed: 0.
Ending Physical Synthesis Task | Checksum: 179a3a38f

Time (s): cpu = 00:00:00 ; elapsed = 00:00:00.073 . Memory (MB): peak = 2172.277 ; gain = 0.000
Phase 4.1.1.1 BUFG Insertion | Checksum: 206ad5b55

Time (s): cpu = 00:00:18 ; elapsed = 00:00:12 . Memory (MB): peak = 2172.277 ; gain = 0.000

Phase 4.1.1.2 Post Placement Timing Optimization
INFO: [Place 30-746] Post Placement Timing Summary WNS=0.510. For the most accurate timing information please run report_timing.
Phase 4.1.1.2 Post Placement Timing Optimization | Checksum: 18539197c

Time (s): cpu = 00:00:26 ; elapsed = 00:00:21 . Memory (MB): peak = 2172.277 ; gain = 0.000

Time (s): cpu = 00:00:26 ; elapsed = 00:00:21 . Memory (MB): peak = 2172.277 ; gain = 0.000
Phase 4.1 Post Commit Optimization | Checksum: 18539197c

Time (s): cpu = 00:00:26 ; elapsed = 00:00:21 . Memory (MB): peak = 2172.277 ; gain = 0.000

Phase 4.2 Post Placement Cleanup
Phase 4.2 Post Placement Cleanup | Checksum: 18539197c

Time (s): cpu = 00:00:27 ; elapsed = 00:00:21 . Memory (MB): peak = 2172.277 ; gain = 0.000

Phase 4.3 Placer Reporting

Phase 4.3.1 Print Estimated Congestion
INFO: [Place 30-612] Post-Placement Estimated Congestion 
 ____________________________________________________
|           | Global Congestion | Short Congestion  |
| Direction | Region Size       | Region Size       |
|___________|___________________|___________________|
|      North|                1x1|                4x4|
|___________|___________________|___________________|
|      South|                1x1|                4x4|
|___________|___________________|___________________|
|       East|                1x1|                2x2|
|___________|___________________|___________________|
|       West|                1x1|                1x1|
|___________|___________________|___________________|

Phase 4.3.1 Print Estimated Congestion | Checksum: 18539197c

Time (s): cpu = 00:00:27 ; elapsed = 00:00:21 . Memory (MB): peak = 2172.277 ; gain = 0.000
Phase 4.3 Placer Reporting | Checksum: 18539197c

Time (s): cpu = 00:00:27 ; elapsed = 00:00:21 . Memory (MB): peak = 2172.277 ; gain = 0.000

Phase 4.4 Final Placement Cleanup
Netlist sorting complete. Time (s): cpu = 00:00:00 ; elapsed = 00:00:00.001 . Memory (MB): peak = 2172.277 ; gain = 0.000

Time (s): cpu = 00:00:27 ; elapsed = 00:00:21 . Memory (MB): peak = 2172.277 ; gain = 0.000
Phase 4 Post Placement Optimization and Clean-Up | Checksum: 1df8ae588

Time (s): cpu = 00:00:27 ; elapsed = 00:00:21 . Memory (MB): peak = 2172.277 ; gain = 0.000
Ending Placer Task | Checksum: 148be4332

Time (s): cpu = 00:00:27 ; elapsed = 00:00:21 . Memory (MB): peak = 2172.277 ; gain = 0.000
34 Infos, 1 Warnings, 0 Critical Warnings and 0 Errors encountered.
place_design completed successfully
place_design: Time (s): cpu = 00:00:29 ; elapsed = 00:00:22 . Memory (MB): peak = 2172.277 ; gain = 0.000
# route_design
Command: route_design
Attempting to get a license for feature 'Vivado_Implementation' and/or device 'xc7z020'
INFO: [Common 17-349] Got license for feature 'Vivado_Implementation' and/or device 'xc7z020'


Starting Routing Task
INFO: [Route 35-254] Multithreading enabled for route_design using a maximum of 2 CPUs

Phase 1 Build RT Design
Checksum: PlaceDB: 47a031ae ConstDB: 0 ShapeSum: eb249e94 RouteDB: 15f972f0
WARNING: [Route 35-198] Port "rst_n" does not have an associated HD.PARTPIN_LOCS, which will prevent the partial routing of the signal "rst_n". Without this partial route, timing analysis to/from this port will not be accurate, and no routing information for this port can be exported.
WARNING: [Route 35-198] Port "dmem_rdata[25]" does not have an associated HD.PARTPIN_LOCS, which will prevent the partial routing of the signal "dmem_rdata[25]". Without this partial route, timing analysis to/from this port will not be accurate, and no routing information for this port can be exported.
WARNING: [Route 35-198] Port "dmem_rdata[30]" does not have an associated HD.PARTPIN_LOCS, which will prevent the partial routing of the signal "dmem_rdata[30]". Without this partial route, timing analysis to/from this port will not be accurate, and no routing information for this port can be exported.
WARNING: [Route 35-198] Port "dmem_rdata[23]" does not have an associated HD.PARTPIN_LOCS, which will prevent the partial routing of the signal "dmem_rdata[23]". Without this partial route, timing analysis to/from this port will not be accurate, and no routing information for this port can be exported.
WARNING: [Route 35-198] Port "dmem_rdata[24]" does not have an associated HD.PARTPIN_LOCS, which will prevent the partial routing of the signal "dmem_rdata[24]". Without this partial route, timing analysis to/from this port will not be accurate, and no routing information for this port can be exported.
WARNING: [Route 35-198] Port "dmem_rdata[29]" does not have an associated HD.PARTPIN_LOCS, which will prevent the partial routing of the signal "dmem_rdata[29]". Without this partial route, timing analysis to/from this port will not be accurate, and no routing information for this port can be exported.
WARNING: [Route 35-198] Port "dmem_rdata[21]" does not have an associated HD.PARTPIN_LOCS, which will prevent the partial routing of the signal "dmem_rdata[21]". Without this partial route, timing analysis to/from this port will not be accurate, and no routing information for this port can be exported.
WARNING: [Route 35-198] Port "dmem_rdata[26]" does not have an associated HD.PARTPIN_LOCS, which will prevent the partial routing of the signal "dmem_rdata[26]". Without this partial route, timing analysis to/from this port will not be accurate, and no routing information for this port can be exported.
WARNING: [Route 35-198] Port "dmem_rdata[27]" does not have an associated HD.PARTPIN_LOCS, which will prevent the partial routing of the signal "dmem_rdata[27]". Without this partial route, timing analysis to/from this port will not be accurate, and no routing information for this port can be exported.
WARNING: [Route 35-198] Port "imem_rdata[31]" does not have an associated HD.PARTPIN_LOCS, which will prevent the partial routing of the signal "imem_rdata[31]". Without this partial route, timing analysis to/from this port will not be accurate, and no routing information for this port can be exported.
WARNING: [Route 35-198] Port "dmem_rdata[20]" does not have an associated HD.PARTPIN_LOCS, which will prevent the partial routing of the signal "dmem_rdata[20]". Without this partial route, timing analysis to/from this port will not be accurate, and no routing information for this port can be exported.
WARNING: [Route 35-198] Port "dmem_rdata[28]" does not have an associated HD.PARTPIN_LOCS, which will prevent the partial routing of the signal "dmem_rdata[28]". Without this partial route, timing analysis to/from this port will not be accurate, and no routing information for this port can be exported.
WARNING: [Route 35-198] Port "dmem_rdata[31]" does not have an associated HD.PARTPIN_LOCS, which will prevent the partial routing of the signal "dmem_rdata[31]". Without this partial route, timing analysis to/from this port will not be accurate, and no routing information for this port can be exported.
WARNING: [Route 35-198] Port "dmem_rdata[22]" does not have an associated HD.PARTPIN_LOCS, which will prevent the partial routing of the signal "dmem_rdata[22]". Without this partial route, timing analysis to/from this port will not be accurate, and no routing information for this port can be exported.
WARNING: [Route 35-198] Port "dmem_rdata[16]" does not have an associated HD.PARTPIN_LOCS, which will prevent the partial routing of the signal "dmem_rdata[16]". Without this partial route, timing analysis to/from this port will not be accurate, and no routing information for this port can be exported.
WARNING: [Route 35-198] Port "dmem_rdata[17]" does not have an associated HD.PARTPIN_LOCS, which will prevent the partial routing of the signal "dmem_rdata[17]". Without this partial route, timing analysis to/from this port will not be accurate, and no routing information for this port can be exported.
WARNING: [Route 35-198] Port "dmem_rdata[19]" does not have an associated HD.PARTPIN_LOCS, which will prevent the partial routing of the signal "dmem_rdata[19]". Without this partial route, timing analysis to/from this port will not be accurate, and no routing information for this port can be exported.
WARNING: [Route 35-198] Port "dmem_rdata[18]" does not have an associated HD.PARTPIN_LOCS, which will prevent the partial routing of the signal "dmem_rdata[18]". Without this partial route, timing analysis to/from this port will not be accurate, and no routing information for this port can be exported.
WARNING: [Route 35-198] Port "imem_rdata[29]" does not have an associated HD.PARTPIN_LOCS, which will prevent the partial routing of the signal "imem_rdata[29]". Without this partial route, timing analysis to/from this port will not be accurate, and no routing information for this port can be exported.
WARNING: [Route 35-198] Port "imem_rdata[28]" does not have an associated HD.PARTPIN_LOCS, which will prevent the partial routing of the signal "imem_rdata[28]". Without this partial route, timing analysis to/from this port will not be accurate, and no routing information for this port can be exported.
WARNING: [Route 35-198] Port "imem_rdata[30]" does not have an associated HD.PARTPIN_LOCS, which will prevent the partial routing of the signal "imem_rdata[30]". Without this partial route, timing analysis to/from this port will not be accurate, and no routing information for this port can be exported.
WARNING: [Route 35-198] Port "imem_rdata[24]" does not have an associated HD.PARTPIN_LOCS, which will prevent the partial routing of the signal "imem_rdata[24]". Without this partial route, timing analysis to/from this port will not be accurate, and no routing information for this port can be exported.
WARNING: [Route 35-198] Port "imem_rdata[25]" does not have an associated HD.PARTPIN_LOCS, which will prevent the partial routing of the signal "imem_rdata[25]". Without this partial route, timing analysis to/from this port will not be accurate, and no routing information for this port can be exported.
WARNING: [Route 35-198] Port "imem_rdata[26]" does not have an associated HD.PARTPIN_LOCS, which will prevent the partial routing of the signal "imem_rdata[26]". Without this partial route, timing analysis to/from this port will not be accurate, and no routing information for this port can be exported.
WARNING: [Route 35-198] Port "imem_rdata[27]" does not have an associated HD.PARTPIN_LOCS, which will prevent the partial routing of the signal "imem_rdata[27]". Without this partial route, timing analysis to/from this port will not be accurate, and no routing information for this port can be exported.
WARNING: [Route 35-198] Port "imem_rdata[20]" does not have an associated HD.PARTPIN_LOCS, which will prevent the partial routing of the signal "imem_rdata[20]". Without this partial route, timing analysis to/from this port will not be accurate, and no routing information for this port can be exported.
WARNING: [Route 35-198] Port "imem_rdata[21]" does not have an associated HD.PARTPIN_LOCS, which will prevent the partial routing of the signal "imem_rdata[21]". Without this partial route, timing analysis to/from this port will not be accurate, and no routing information for this port can be exported.
WARNING: [Route 35-198] Port "imem_rdata[23]" does not have an associated HD.PARTPIN_LOCS, which will prevent the partial routing of the signal "imem_rdata[23]". Without this partial route, timing analysis to/from this port will not be accurate, and no routing information for this port can be exported.
WARNING: [Route 35-198] Port "imem_rdata[18]" does not have an associated HD.PARTPIN_LOCS, which will prevent the partial routing of the signal "imem_rdata[18]". Without this partial route, timing analysis to/from this port will not be accurate, and no routing information for this port can be exported.
WARNING: [Route 35-198] Port "imem_rdata[7]" does not have an associated HD.PARTPIN_LOCS, which will prevent the partial routing of the signal "imem_rdata[7]". Without this partial route, timing analysis to/from this port will not be accurate, and no routing information for this port can be exported.
WARNING: [Route 35-198] Port "imem_rdata[16]" does not have an associated HD.PARTPIN_LOCS, which will prevent the partial routing of the signal "imem_rdata[16]". Without this partial route, timing analysis to/from this port will not be accurate, and no routing information for this port can be exported.
WARNING: [Route 35-198] Port "imem_rdata[19]" does not have an associated HD.PARTPIN_LOCS, which will prevent the partial routing of the signal "imem_rdata[19]". Without this partial route, timing analysis to/from this port will not be accurate, and no routing information for this port can be exported.
WARNING: [Route 35-198] Port "imem_rdata[15]" does not have an associated HD.PARTPIN_LOCS, which will prevent the partial routing of the signal "imem_rdata[15]". Without this partial route, timing analysis to/from this port will not be accurate, and no routing information for this port can be exported.
WARNING: [Route 35-198] Port "imem_rdata[13]" does not have an associated HD.PARTPIN_LOCS, which will prevent the partial routing of the signal "imem_rdata[13]". Without this partial route, timing analysis to/from this port will not be accurate, and no routing information for this port can be exported.
WARNING: [Route 35-198] Port "imem_rdata[11]" does not have an associated HD.PARTPIN_LOCS, which will prevent the partial routing of the signal "imem_rdata[11]". Without this partial route, timing analysis to/from this port will not be accurate, and no routing information for this port can be exported.
WARNING: [Route 35-198] Port "imem_rdata[22]" does not have an associated HD.PARTPIN_LOCS, which will prevent the partial routing of the signal "imem_rdata[22]". Without this partial route, timing analysis to/from this port will not be accurate, and no routing information for this port can be exported.
WARNING: [Route 35-198] Port "imem_rdata[17]" does not have an associated HD.PARTPIN_LOCS, which will prevent the partial routing of the signal "imem_rdata[17]". Without this partial route, timing analysis to/from this port will not be accurate, and no routing information for this port can be exported.
WARNING: [Route 35-198] Port "imem_rdata[8]" does not have an associated HD.PARTPIN_LOCS, which will prevent the partial routing of the signal "imem_rdata[8]". Without this partial route, timing analysis to/from this port will not be accurate, and no routing information for this port can be exported.
WARNING: [Route 35-198] Port "dmem_rdata[14]" does not have an associated HD.PARTPIN_LOCS, which will prevent the partial routing of the signal "dmem_rdata[14]". Without this partial route, timing analysis to/from this port will not be accurate, and no routing information for this port can be exported.
WARNING: [Route 35-198] Port "dmem_rdata[15]" does not have an associated HD.PARTPIN_LOCS, which will prevent the partial routing of the signal "dmem_rdata[15]". Without this partial route, timing analysis to/from this port will not be accurate, and no routing information for this port can be exported.
WARNING: [Route 35-198] Port "dmem_rdata[8]" does not have an associated HD.PARTPIN_LOCS, which will prevent the partial routing of the signal "dmem_rdata[8]". Without this partial route, timing analysis to/from this port will not be accurate, and no routing information for this port can be exported.
WARNING: [Route 35-198] Port "dmem_rdata[10]" does not have an associated HD.PARTPIN_LOCS, which will prevent the partial routing of the signal "dmem_rdata[10]". Without this partial route, timing analysis to/from this port will not be accurate, and no routing information for this port can be exported.
WARNING: [Route 35-198] Port "dmem_rdata[13]" does not have an associated HD.PARTPIN_LOCS, which will prevent the partial routing of the signal "dmem_rdata[13]". Without this partial route, timing analysis to/from this port will not be accurate, and no routing information for this port can be exported.
WARNING: [Route 35-198] Port "imem_rdata[9]" does not have an associated HD.PARTPIN_LOCS, which will prevent the partial routing of the signal "imem_rdata[9]". Without this partial route, timing analysis to/from this port will not be accurate, and no routing information for this port can be exported.
WARNING: [Route 35-198] Port "imem_rdata[10]" does not have an associated HD.PARTPIN_LOCS, which will prevent the partial routing of the signal "imem_rdata[10]". Without this partial route, timing analysis to/from this port will not be accurate, and no routing information for this port can be exported.
WARNING: [Route 35-198] Port "imem_rdata[6]" does not have an associated HD.PARTPIN_LOCS, which will prevent the partial routing of the signal "imem_rdata[6]". Without this partial route, timing analysis to/from this port will not be accurate, and no routing information for this port can be exported.
WARNING: [Route 35-198] Port "imem_rdata[4]" does not have an associated HD.PARTPIN_LOCS, which will prevent the partial routing of the signal "imem_rdata[4]". Without this partial route, timing analysis to/from this port will not be accurate, and no routing information for this port can be exported.
WARNING: [Route 35-198] Port "imem_rdata[2]" does not have an associated HD.PARTPIN_LOCS, which will prevent the partial routing of the signal "imem_rdata[2]". Without this partial route, timing analysis to/from this port will not be accurate, and no routing information for this port can be exported.
WARNING: [Route 35-198] Port "imem_rdata[3]" does not have an associated HD.PARTPIN_LOCS, which will prevent the partial routing of the signal "imem_rdata[3]". Without this partial route, timing analysis to/from this port will not be accurate, and no routing information for this port can be exported.
WARNING: [Route 35-198] Port "imem_rdata[12]" does not have an associated HD.PARTPIN_LOCS, which will prevent the partial routing of the signal "imem_rdata[12]". Without this partial route, timing analysis to/from this port will not be accurate, and no routing information for this port can be exported.
WARNING: [Route 35-198] Port "dmem_rdata[12]" does not have an associated HD.PARTPIN_LOCS, which will prevent the partial routing of the signal "dmem_rdata[12]". Without this partial route, timing analysis to/from this port will not be accurate, and no routing information for this port can be exported.
WARNING: [Route 35-198] Port "imem_rdata[0]" does not have an associated HD.PARTPIN_LOCS, which will prevent the partial routing of the signal "imem_rdata[0]". Without this partial route, timing analysis to/from this port will not be accurate, and no routing information for this port can be exported.
WARNING: [Route 35-198] Port "imem_rdata[1]" does not have an associated HD.PARTPIN_LOCS, which will prevent the partial routing of the signal "imem_rdata[1]". Without this partial route, timing analysis to/from this port will not be accurate, and no routing information for this port can be exported.
WARNING: [Route 35-198] Port "imem_rdata[5]" does not have an associated HD.PARTPIN_LOCS, which will prevent the partial routing of the signal "imem_rdata[5]". Without this partial route, timing analysis to/from this port will not be accurate, and no routing information for this port can be exported.
WARNING: [Route 35-198] Port "dmem_rdata[11]" does not have an associated HD.PARTPIN_LOCS, which will prevent the partial routing of the signal "dmem_rdata[11]". Without this partial route, timing analysis to/from this port will not be accurate, and no routing information for this port can be exported.
WARNING: [Route 35-198] Port "dmem_rdata[9]" does not have an associated HD.PARTPIN_LOCS, which will prevent the partial routing of the signal "dmem_rdata[9]". Without this partial route, timing analysis to/from this port will not be accurate, and no routing information for this port can be exported.
WARNING: [Route 35-198] Port "imem_rdata[14]" does not have an associated HD.PARTPIN_LOCS, which will prevent the partial routing of the signal "imem_rdata[14]". Without this partial route, timing analysis to/from this port will not be accurate, and no routing information for this port can be exported.
WARNING: [Route 35-198] Port "dmem_rdata[7]" does not have an associated HD.PARTPIN_LOCS, which will prevent the partial routing of the signal "dmem_rdata[7]". Without this partial route, timing analysis to/from this port will not be accurate, and no routing information for this port can be exported.
WARNING: [Route 35-198] Port "dmem_rdata[0]" does not have an associated HD.PARTPIN_LOCS, which will prevent the partial routing of the signal "dmem_rdata[0]". Without this partial route, timing analysis to/from this port will not be accurate, and no routing information for this port can be exported.
WARNING: [Route 35-198] Port "dmem_rdata[1]" does not have an associated HD.PARTPIN_LOCS, which will prevent the partial routing of the signal "dmem_rdata[1]". Without this partial route, timing analysis to/from this port will not be accurate, and no routing information for this port can be exported.
WARNING: [Route 35-198] Port "dmem_rdata[4]" does not have an associated HD.PARTPIN_LOCS, which will prevent the partial routing of the signal "dmem_rdata[4]". Without this partial route, timing analysis to/from this port will not be accurate, and no routing information for this port can be exported.
WARNING: [Route 35-198] Port "dmem_rdata[5]" does not have an associated HD.PARTPIN_LOCS, which will prevent the partial routing of the signal "dmem_rdata[5]". Without this partial route, timing analysis to/from this port will not be accurate, and no routing information for this port can be exported.
WARNING: [Route 35-198] Port "dmem_rdata[3]" does not have an associated HD.PARTPIN_LOCS, which will prevent the partial routing of the signal "dmem_rdata[3]". Without this partial route, timing analysis to/from this port will not be accurate, and no routing information for this port can be exported.
WARNING: [Route 35-198] Port "dmem_rdata[2]" does not have an associated HD.PARTPIN_LOCS, which will prevent the partial routing of the signal "dmem_rdata[2]". Without this partial route, timing analysis to/from this port will not be accurate, and no routing information for this port can be exported.
WARNING: [Route 35-198] Port "dmem_rdata[6]" does not have an associated HD.PARTPIN_LOCS, which will prevent the partial routing of the signal "dmem_rdata[6]". Without this partial route, timing analysis to/from this port will not be accurate, and no routing information for this port can be exported.
WARNING: [Constraints 18-8777] Unable to split tiles. All required files are not available.
Post Restoration Checksum: NetGraph: d80d83eb | NumContArr: 29b5c73c | Constraints: c2a8fa9d | Timing: c2a8fa9d
Phase 1 Build RT Design | Checksum: 287154061

Time (s): cpu = 00:00:32 ; elapsed = 00:00:30 . Memory (MB): peak = 2172.277 ; gain = 0.000

Phase 2 Router Initialization

Phase 2.1 Fix Topology Constraints
Phase 2.1 Fix Topology Constraints | Checksum: 287154061

Time (s): cpu = 00:00:32 ; elapsed = 00:00:30 . Memory (MB): peak = 2172.277 ; gain = 0.000

Phase 2.2 Pre Route Cleanup
Phase 2.2 Pre Route Cleanup | Checksum: 287154061

Time (s): cpu = 00:00:32 ; elapsed = 00:00:30 . Memory (MB): peak = 2172.277 ; gain = 0.000
 Number of Nodes with overlaps = 0

Phase 2.3 Update Timing
Phase 2.3 Update Timing | Checksum: 27c6d54f5

Time (s): cpu = 00:00:34 ; elapsed = 00:00:31 . Memory (MB): peak = 2172.277 ; gain = 0.000
INFO: [Route 35-416] Intermediate Timing Summary | WNS=0.610  | TNS=0.000  | WHS=-0.131 | THS=-20.729|


Phase 2.4 Soft Constraint Pins - Fast Budgeting
Phase 2.4 Soft Constraint Pins - Fast Budgeting | Checksum: 232d58195

Time (s): cpu = 00:00:34 ; elapsed = 00:00:31 . Memory (MB): peak = 2172.277 ; gain = 0.000

Router Utilization Summary
  Global Vertical Routing Utilization    = 0 %
  Global Horizontal Routing Utilization  = 0 %
  Routable Net Status*
  *Does not include unroutable nets such as driverless and loadless.
  Run report_route_status for detailed report.
  Number of Failed Nets               = 2376
    (Failed Nets is the sum of unrouted and partially routed nets)
  Number of Unrouted Nets             = 2376
  Number of Partially Routed Nets     = 0
  Number of Node Overlaps             = 0

Phase 2 Router Initialization | Checksum: 232d58195

Time (s): cpu = 00:00:34 ; elapsed = 00:00:31 . Memory (MB): peak = 2172.277 ; gain = 0.000

Phase 3 Global Routing
Phase 3 Global Routing | Checksum: 232d58195

Time (s): cpu = 00:00:34 ; elapsed = 00:00:31 . Memory (MB): peak = 2172.277 ; gain = 0.000

Phase 4 Initial Routing

Phase 4.1 Initial Net Routing Pass
Phase 4.1 Initial Net Routing Pass | Checksum: 1f42c08bc

Time (s): cpu = 00:00:36 ; elapsed = 00:00:32 . Memory (MB): peak = 2172.277 ; gain = 0.000
Phase 4 Initial Routing | Checksum: 1f42c08bc

Time (s): cpu = 00:00:36 ; elapsed = 00:00:32 . Memory (MB): peak = 2172.277 ; gain = 0.000

Phase 5 Rip-up And Reroute

Phase 5.1 Global Iteration 0
 Number of Nodes with overlaps = 1799
 Number of Nodes with overlaps = 752
 Number of Nodes with overlaps = 452
 Number of Nodes with overlaps = 284
 Number of Nodes with overlaps = 148
 Number of Nodes with overlaps = 70
 Number of Nodes with overlaps = 45
 Number of Nodes with overlaps = 32
 Number of Nodes with overlaps = 15
 Number of Nodes with overlaps = 11
 Number of Nodes with overlaps = 5
 Number of Nodes with overlaps = 3
 Number of Nodes with overlaps = 2
 Number of Nodes with overlaps = 2
 Number of Nodes with overlaps = 0
INFO: [Route 35-416] Intermediate Timing Summary | WNS=-0.683 | TNS=-10.362| WHS=N/A    | THS=N/A    |

Phase 5.1 Global Iteration 0 | Checksum: 26395bda2

Time (s): cpu = 00:01:02 ; elapsed = 00:00:49 . Memory (MB): peak = 2172.277 ; gain = 0.000

Phase 5.2 Global Iteration 1
 Number of Nodes with overlaps = 764
 Number of Nodes with overlaps = 450
 Number of Nodes with overlaps = 239
 Number of Nodes with overlaps = 127
 Number of Nodes with overlaps = 87
 Number of Nodes with overlaps = 58
 Number of Nodes with overlaps = 55
 Number of Nodes with overlaps = 24
 Number of Nodes with overlaps = 11
 Number of Nodes with overlaps = 8
 Number of Nodes with overlaps = 5
 Number of Nodes with overlaps = 2
 Number of Nodes with overlaps = 1
 Number of Nodes with overlaps = 0
INFO: [Route 35-416] Intermediate Timing Summary | WNS=-0.224 | TNS=-1.296 | WHS=N/A    | THS=N/A    |

Phase 5.2 Global Iteration 1 | Checksum: 376dd906b

Time (s): cpu = 00:01:23 ; elapsed = 00:01:02 . Memory (MB): peak = 2172.277 ; gain = 0.000

Phase 5.3 Global Iteration 2
 Number of Nodes with overlaps = 542
 Number of Nodes with overlaps = 366
 Number of Nodes with overlaps = 229
 Number of Nodes with overlaps = 137
 Number of Nodes with overlaps = 111
 Number of Nodes with overlaps = 45
 Number of Nodes with overlaps = 38
 Number of Nodes with overlaps = 24
 Number of Nodes with overlaps = 9
 Number of Nodes with overlaps = 2
 Number of Nodes with overlaps = 1
 Number of Nodes with overlaps = 0
INFO: [Route 35-416] Intermediate Timing Summary | WNS=-0.069 | TNS=-0.069 | WHS=N/A    | THS=N/A    |

Phase 5.3 Global Iteration 2 | Checksum: 2183b7622

Time (s): cpu = 00:01:42 ; elapsed = 00:01:15 . Memory (MB): peak = 2172.277 ; gain = 0.000

Phase 5.4 Global Iteration 3
 Number of Nodes with overlaps = 683
 Number of Nodes with overlaps = 455
 Number of Nodes with overlaps = 257
 Number of Nodes with overlaps = 181
 Number of Nodes with overlaps = 109
 Number of Nodes with overlaps = 67
 Number of Nodes with overlaps = 39
 Number of Nodes with overlaps = 33
Phase 5.4 Global Iteration 3 | Checksum: 2485110dc

Time (s): cpu = 00:02:03 ; elapsed = 00:01:28 . Memory (MB): peak = 2172.277 ; gain = 0.000
Phase 5 Rip-up And Reroute | Checksum: 2485110dc

Time (s): cpu = 00:02:03 ; elapsed = 00:01:28 . Memory (MB): peak = 2172.277 ; gain = 0.000

Phase 6 Delay and Skew Optimization

Phase 6.1 Delay CleanUp

Phase 6.1.1 Update Timing
Phase 6.1.1 Update Timing | Checksum: 1b374b881

Time (s): cpu = 00:02:03 ; elapsed = 00:01:28 . Memory (MB): peak = 2172.277 ; gain = 0.000
INFO: [Route 35-416] Intermediate Timing Summary | WNS=0.046  | TNS=0.000  | WHS=N/A    | THS=N/A    |

Phase 6.1 Delay CleanUp | Checksum: 1b374b881

Time (s): cpu = 00:02:03 ; elapsed = 00:01:28 . Memory (MB): peak = 2172.277 ; gain = 0.000

Phase 6.2 Clock Skew Optimization
Phase 6.2 Clock Skew Optimization | Checksum: 1b374b881

Time (s): cpu = 00:02:03 ; elapsed = 00:01:28 . Memory (MB): peak = 2172.277 ; gain = 0.000
Phase 6 Delay and Skew Optimization | Checksum: 1b374b881

Time (s): cpu = 00:02:03 ; elapsed = 00:01:28 . Memory (MB): peak = 2172.277 ; gain = 0.000

Phase 7 Post Hold Fix

Phase 7.1 Hold Fix Iter
INFO: [Route 35-416] Intermediate Timing Summary | WNS=0.046  | TNS=0.000  | WHS=0.081  | THS=0.000  |

Phase 7.1 Hold Fix Iter | Checksum: 18628ebb1

Time (s): cpu = 00:02:04 ; elapsed = 00:01:28 . Memory (MB): peak = 2172.277 ; gain = 0.000
Phase 7 Post Hold Fix | Checksum: 18628ebb1

Time (s): cpu = 00:02:04 ; elapsed = 00:01:28 . Memory (MB): peak = 2172.277 ; gain = 0.000

Phase 8 Route finalize

Router Utilization Summary
  Global Vertical Routing Utilization    = 0.88863 %
  Global Horizontal Routing Utilization  = 1.08207 %
  Routable Net Status*
  *Does not include unroutable nets such as driverless and loadless.
  Run report_route_status for detailed report.
  Number of Failed Nets               = 0
    (Failed Nets is the sum of unrouted and partially routed nets)
  Number of Unrouted Nets             = 0
  Number of Partially Routed Nets     = 0
  Number of Node Overlaps             = 0

Phase 8 Route finalize | Checksum: 18628ebb1

Time (s): cpu = 00:02:04 ; elapsed = 00:01:28 . Memory (MB): peak = 2172.277 ; gain = 0.000

Phase 9 Verifying routed nets

 Verification completed successfully
Phase 9 Verifying routed nets | Checksum: 18628ebb1

Time (s): cpu = 00:02:04 ; elapsed = 00:01:28 . Memory (MB): peak = 2172.277 ; gain = 0.000

Phase 10 Depositing Routes
Phase 10 Depositing Routes | Checksum: 204dfec10

Time (s): cpu = 00:02:04 ; elapsed = 00:01:29 . Memory (MB): peak = 2172.277 ; gain = 0.000

Phase 11 Post Process Routing
Phase 11 Post Process Routing | Checksum: 204dfec10

Time (s): cpu = 00:02:04 ; elapsed = 00:01:29 . Memory (MB): peak = 2172.277 ; gain = 0.000

Phase 12 Post Router Timing
INFO: [Route 35-57] Estimated Timing Summary | WNS=0.046  | TNS=0.000  | WHS=0.081  | THS=0.000  |

INFO: [Route 35-327] The final timing numbers are based on the router estimated timing analysis. For a complete and accurate timing signoff, please run report_timing_summary.
Phase 12 Post Router Timing | Checksum: 204dfec10

Time (s): cpu = 00:02:04 ; elapsed = 00:01:29 . Memory (MB): peak = 2172.277 ; gain = 0.000
Total Elapsed time in route_design: 88.591 secs

Phase 13 Post-Route Event Processing
Phase 13 Post-Route Event Processing | Checksum: 17a77a8e5

Time (s): cpu = 00:02:04 ; elapsed = 00:01:29 . Memory (MB): peak = 2172.277 ; gain = 0.000
INFO: [Route 35-16] Router Completed Successfully
Ending Routing Task | Checksum: 17a77a8e5

Time (s): cpu = 00:02:04 ; elapsed = 00:01:29 . Memory (MB): peak = 2172.277 ; gain = 0.000

Routing Is Done.
INFO: [Common 17-83] Releasing license: Vivado_Implementation
12 Infos, 66 Warnings, 0 Critical Warnings and 0 Errors encountered.
route_design completed successfully
route_design: Time (s): cpu = 00:02:04 ; elapsed = 00:01:29 . Memory (MB): peak = 2172.277 ; gain = 0.000
# write_checkpoint -force [file join $run_dir post_route.dcp]
INFO: [Timing 38-480] Writing timing data to binary archive.
Write ShapeDB Complete: Time (s): cpu = 00:00:00 ; elapsed = 00:00:00.008 . Memory (MB): peak = 2172.277 ; gain = 0.000
Wrote PlaceDB: Time (s): cpu = 00:00:00 ; elapsed = 00:00:00.002 . Memory (MB): peak = 2172.277 ; gain = 0.000
Wrote PulsedLatchDB: Time (s): cpu = 00:00:00 ; elapsed = 00:00:00.001 . Memory (MB): peak = 2172.277 ; gain = 0.000
Writing XDEF routing.
Writing XDEF routing logical nets.
Writing XDEF routing special nets.
Wrote RouteStorage: Time (s): cpu = 00:00:01 ; elapsed = 00:00:00.072 . Memory (MB): peak = 2172.277 ; gain = 0.000
Wrote PlaceStorage: Time (s): cpu = 00:00:00 ; elapsed = 00:00:00.108 . Memory (MB): peak = 2172.277 ; gain = 0.000
Wrote Netlist Cache: Time (s): cpu = 00:00:00 ; elapsed = 00:00:00.005 . Memory (MB): peak = 2172.277 ; gain = 0.000
Wrote Device Cache: Time (s): cpu = 00:00:00 ; elapsed = 00:00:00.008 . Memory (MB): peak = 2172.277 ; gain = 0.000
Write Physdb Complete: Time (s): cpu = 00:00:01 ; elapsed = 00:00:00.219 . Memory (MB): peak = 2172.277 ; gain = 0.000
INFO: [Common 17-1381] The checkpoint 'E:/Projects/FPGA-Alittle-Design/build/run/fmax/v1_nofwd_10ns_postopt/post_route.dcp' has been generated.
# report_utilization       -file [file join $rep_dir utilization_impl.rpt]
# report_timing_summary    -file [file join $rep_dir timing_impl.rpt] -delay_type max
INFO: [Timing 38-91] UpdateTimingParams: Speed grade: -1, Delay Type: max.
INFO: [Timing 38-191] Multithreading enabled for timing update using a maximum of 2 CPUs
# report_design_analysis   -file [file join $rep_dir design_analysis_impl.rpt]
# report_timing -delay_type max -max_paths 10 -sort_by group \
#     -file [file join $rep_dir timing_worst_paths.rpt]
INFO: [Timing 38-78] ReportTimingParams: -max_paths 10 -nworst 1 -delay_type max -sort_by group.
# set wns  [get_property SLACK [get_timing_paths -delay_type max -max_paths 1]]
# set fmax [expr {1000.0 / ($period - $wns)}]
# puts "============================================"
============================================
# puts "FMAX RUN DONE: $top @ $part period=${period}ns"
FMAX RUN DONE: core_top @ xc7z020clg400-1 period=10.000ns
# if {$core_profile ne ""} {puts "CORE PROFILE = $core_profile"}
CORE PROFILE = nofwd
# puts "WNS  = ${wns} ns"
WNS  = 0.051 ns
# puts "Fmax = [format %.1f $fmax] MHz"
Fmax = 100.5 MHz
# puts "reports -> $rep_dir"
reports -> E:/Projects/FPGA-Alittle-Design/build/reports/fmax/v1_nofwd_10ns_postopt
# puts "============================================"
============================================
INFO: [Common 17-206] Exiting Vivado at Wed Oct  7 16:42:50 2026...
EXIT:0
