== tb_imem ==
../src/riscv/alu.v:3: warning: timescale for alu inherited from another file.
riscv/tb_imem.v:1: ...: The inherited timescale is here.
../src/riscv/branch_predict.v:1: warning: timescale for branch_predict inherited from another file.
riscv/tb_imem.v:1: ...: The inherited timescale is here.
../src/riscv/core_top.v:3: warning: timescale for core_top inherited from another file.
riscv/tb_imem.v:1: ...: The inherited timescale is here.
../src/riscv/decode.v:3: warning: timescale for decode inherited from another file.
riscv/tb_imem.v:1: ...: The inherited timescale is here.
../src/riscv/dmem.v:3: warning: timescale for dmem inherited from another file.
riscv/tb_imem.v:1: ...: The inherited timescale is here.
../src/riscv/forwarding.v:2: warning: timescale for forwarding inherited from another file.
riscv/tb_imem.v:1: ...: The inherited timescale is here.
../src/riscv/hazard.v:2: warning: timescale for hazard inherited from another file.
riscv/tb_imem.v:1: ...: The inherited timescale is here.
../src/riscv/id_ex_stage.v:2: warning: timescale for id_ex_stage inherited from another file.
riscv/tb_imem.v:1: ...: The inherited timescale is here.
../src/riscv/if_stage.v:4: warning: timescale for if_stage inherited from another file.
riscv/tb_imem.v:1: ...: The inherited timescale is here.
../src/riscv/imem.v:3: warning: timescale for imem inherited from another file.
riscv/tb_imem.v:1: ...: The inherited timescale is here.
../src/riscv/mem_wb_stage.v:2: warning: timescale for mem_wb_stage inherited from another file.
riscv/tb_imem.v:1: ...: The inherited timescale is here.
../src/riscv/muldiv.v:3: warning: timescale for muldiv inherited from another file.
riscv/tb_imem.v:1: ...: The inherited timescale is here.
../src/riscv/pc.v:3: warning: timescale for pc inherited from another file.
riscv/tb_imem.v:1: ...: The inherited timescale is here.
../src/riscv/pynq_z2_top.v:3: warning: timescale for pynq_z2_top inherited from another file.
riscv/tb_imem.v:1: ...: The inherited timescale is here.
../src/riscv/regfile.v:3: warning: timescale for regfile inherited from another file.
riscv/tb_imem.v:1: ...: The inherited timescale is here.
../src/riscv/soc_top.v:3: warning: timescale for soc_top inherited from another file.
riscv/tb_imem.v:1: ...: The inherited timescale is here.
WARNING: ../src/riscv/imem.v:19: $readmemh(../src/riscv_fw/hello.hex): Not enough words in the file for the requested range [0:8191].
PASS: imem preload, synchronous read and addr[14:2] indexing
riscv/tb_imem.v:44: $finish called at 26000 (1ps)
== tb_dmem ==
../src/riscv/alu.v:3: warning: timescale for alu inherited from another file.
riscv/tb_dmem.v:1: ...: The inherited timescale is here.
../src/riscv/branch_predict.v:1: warning: timescale for branch_predict inherited from another file.
riscv/tb_dmem.v:1: ...: The inherited timescale is here.
../src/riscv/core_top.v:3: warning: timescale for core_top inherited from another file.
riscv/tb_dmem.v:1: ...: The inherited timescale is here.
../src/riscv/decode.v:3: warning: timescale for decode inherited from another file.
riscv/tb_dmem.v:1: ...: The inherited timescale is here.
../src/riscv/dmem.v:3: warning: timescale for dmem inherited from another file.
riscv/tb_dmem.v:1: ...: The inherited timescale is here.
../src/riscv/forwarding.v:2: warning: timescale for forwarding inherited from another file.
riscv/tb_dmem.v:1: ...: The inherited timescale is here.
../src/riscv/hazard.v:2: warning: timescale for hazard inherited from another file.
riscv/tb_dmem.v:1: ...: The inherited timescale is here.
../src/riscv/id_ex_stage.v:2: warning: timescale for id_ex_stage inherited from another file.
riscv/tb_dmem.v:1: ...: The inherited timescale is here.
../src/riscv/if_stage.v:4: warning: timescale for if_stage inherited from another file.
riscv/tb_dmem.v:1: ...: The inherited timescale is here.
../src/riscv/imem.v:3: warning: timescale for imem inherited from another file.
riscv/tb_dmem.v:1: ...: The inherited timescale is here.
../src/riscv/mem_wb_stage.v:2: warning: timescale for mem_wb_stage inherited from another file.
riscv/tb_dmem.v:1: ...: The inherited timescale is here.
../src/riscv/muldiv.v:3: warning: timescale for muldiv inherited from another file.
riscv/tb_dmem.v:1: ...: The inherited timescale is here.
../src/riscv/pc.v:3: warning: timescale for pc inherited from another file.
riscv/tb_dmem.v:1: ...: The inherited timescale is here.
../src/riscv/pynq_z2_top.v:3: warning: timescale for pynq_z2_top inherited from another file.
riscv/tb_dmem.v:1: ...: The inherited timescale is here.
../src/riscv/regfile.v:3: warning: timescale for regfile inherited from another file.
riscv/tb_dmem.v:1: ...: The inherited timescale is here.
../src/riscv/soc_top.v:3: warning: timescale for soc_top inherited from another file.
riscv/tb_dmem.v:1: ...: The inherited timescale is here.
PASS: dmem async read, byte writes and addr[14:2] indexing
riscv/tb_dmem.v:53: $finish called at 37000 (1ps)
== tb_pynq_z2_clock_config ==
../src/riscv/alu.v:3: warning: timescale for alu inherited from another file.
riscv/tb_pynq_z2_clock_config.v:1: ...: The inherited timescale is here.
../src/riscv/branch_predict.v:1: warning: timescale for branch_predict inherited from another file.
riscv/tb_pynq_z2_clock_config.v:1: ...: The inherited timescale is here.
../src/riscv/core_top.v:3: warning: timescale for core_top inherited from another file.
riscv/tb_pynq_z2_clock_config.v:1: ...: The inherited timescale is here.
../src/riscv/decode.v:3: warning: timescale for decode inherited from another file.
riscv/tb_pynq_z2_clock_config.v:1: ...: The inherited timescale is here.
../src/riscv/dmem.v:3: warning: timescale for dmem inherited from another file.
riscv/tb_pynq_z2_clock_config.v:1: ...: The inherited timescale is here.
../src/riscv/forwarding.v:2: warning: timescale for forwarding inherited from another file.
riscv/tb_pynq_z2_clock_config.v:1: ...: The inherited timescale is here.
../src/riscv/hazard.v:2: warning: timescale for hazard inherited from another file.
riscv/tb_pynq_z2_clock_config.v:1: ...: The inherited timescale is here.
../src/riscv/id_ex_stage.v:2: warning: timescale for id_ex_stage inherited from another file.
riscv/tb_pynq_z2_clock_config.v:1: ...: The inherited timescale is here.
../src/riscv/if_stage.v:4: warning: timescale for if_stage inherited from another file.
riscv/tb_pynq_z2_clock_config.v:1: ...: The inherited timescale is here.
../src/riscv/imem.v:3: warning: timescale for imem inherited from another file.
riscv/tb_pynq_z2_clock_config.v:1: ...: The inherited timescale is here.
../src/riscv/mem_wb_stage.v:2: warning: timescale for mem_wb_stage inherited from another file.
riscv/tb_pynq_z2_clock_config.v:1: ...: The inherited timescale is here.
../src/riscv/muldiv.v:3: warning: timescale for muldiv inherited from another file.
riscv/tb_pynq_z2_clock_config.v:1: ...: The inherited timescale is here.
../src/riscv/pc.v:3: warning: timescale for pc inherited from another file.
riscv/tb_pynq_z2_clock_config.v:1: ...: The inherited timescale is here.
../src/riscv/pynq_z2_top.v:3: warning: timescale for pynq_z2_top inherited from another file.
riscv/tb_pynq_z2_clock_config.v:1: ...: The inherited timescale is here.
../src/riscv/regfile.v:3: warning: timescale for regfile inherited from another file.
riscv/tb_pynq_z2_clock_config.v:1: ...: The inherited timescale is here.
../src/riscv/soc_top.v:3: warning: timescale for soc_top inherited from another file.
riscv/tb_pynq_z2_clock_config.v:1: ...: The inherited timescale is here.
WARNING: ../src/riscv/imem.v:19: $readmemh(../src/riscv_fw/hello_v0.hex): Not enough words in the file for the requested range [0:8191].
WARNING: ../src/riscv/dmem.v:21: $readmemh(../src/riscv_fw/hello_v0.hex): Not enough words in the file for the requested range [0:8191].
WARNING: ../src/riscv/imem.v:19: $readmemh(../src/riscv_fw/hello_v0.hex): Not enough words in the file for the requested range [0:8191].
WARNING: ../src/riscv/dmem.v:21: $readmemh(../src/riscv_fw/hello_v0.hex): Not enough words in the file for the requested range [0:8191].
PASS: board clocks and forwarding/BHT parameters reach core_top
riscv/tb_pynq_z2_clock_config.v:64: $finish called at 1000 (1ps)
== tb_core_smoke ==
../src/riscv/alu.v:3: warning: timescale for alu inherited from another file.
riscv/tb_core_smoke.v:1: ...: The inherited timescale is here.
../src/riscv/branch_predict.v:1: warning: timescale for branch_predict inherited from another file.
riscv/tb_core_smoke.v:1: ...: The inherited timescale is here.
../src/riscv/core_top.v:3: warning: timescale for core_top inherited from another file.
riscv/tb_core_smoke.v:1: ...: The inherited timescale is here.
../src/riscv/decode.v:3: warning: timescale for decode inherited from another file.
riscv/tb_core_smoke.v:1: ...: The inherited timescale is here.
../src/riscv/dmem.v:3: warning: timescale for dmem inherited from another file.
riscv/tb_core_smoke.v:1: ...: The inherited timescale is here.
../src/riscv/forwarding.v:2: warning: timescale for forwarding inherited from another file.
riscv/tb_core_smoke.v:1: ...: The inherited timescale is here.
../src/riscv/hazard.v:2: warning: timescale for hazard inherited from another file.
riscv/tb_core_smoke.v:1: ...: The inherited timescale is here.
../src/riscv/id_ex_stage.v:2: warning: timescale for id_ex_stage inherited from another file.
riscv/tb_core_smoke.v:1: ...: The inherited timescale is here.
../src/riscv/if_stage.v:4: warning: timescale for if_stage inherited from another file.
riscv/tb_core_smoke.v:1: ...: The inherited timescale is here.
../src/riscv/imem.v:3: warning: timescale for imem inherited from another file.
riscv/tb_core_smoke.v:1: ...: The inherited timescale is here.
../src/riscv/mem_wb_stage.v:2: warning: timescale for mem_wb_stage inherited from another file.
riscv/tb_core_smoke.v:1: ...: The inherited timescale is here.
../src/riscv/muldiv.v:3: warning: timescale for muldiv inherited from another file.
riscv/tb_core_smoke.v:1: ...: The inherited timescale is here.
../src/riscv/pc.v:3: warning: timescale for pc inherited from another file.
riscv/tb_core_smoke.v:1: ...: The inherited timescale is here.
../src/riscv/pynq_z2_top.v:3: warning: timescale for pynq_z2_top inherited from another file.
riscv/tb_core_smoke.v:1: ...: The inherited timescale is here.
../src/riscv/regfile.v:3: warning: timescale for regfile inherited from another file.
riscv/tb_core_smoke.v:1: ...: The inherited timescale is here.
../src/riscv/soc_top.v:3: warning: timescale for soc_top inherited from another file.
riscv/tb_core_smoke.v:1: ...: The inherited timescale is here.
WARNING: riscv/tb_core_smoke.v:38: $readmemh(../src/riscv_fw/hello_v0.hex): Not enough words in the file for the requested range [0:8191].
VCD info: dumpfile tb_core_smoke.vcd opened for output.
PASS: tohost = 13 (0x0000000d), tohost_exit = 0
riscv/tb_core_smoke.v:92: $finish called at 40075000 (1ps)
== tb_core_test ==
../src/riscv/alu.v:3: warning: timescale for alu inherited from another file.
riscv/tb_core_test.v:1: ...: The inherited timescale is here.
../src/riscv/branch_predict.v:1: warning: timescale for branch_predict inherited from another file.
riscv/tb_core_test.v:1: ...: The inherited timescale is here.
../src/riscv/core_top.v:3: warning: timescale for core_top inherited from another file.
riscv/tb_core_test.v:1: ...: The inherited timescale is here.
../src/riscv/decode.v:3: warning: timescale for decode inherited from another file.
riscv/tb_core_test.v:1: ...: The inherited timescale is here.
../src/riscv/dmem.v:3: warning: timescale for dmem inherited from another file.
riscv/tb_core_test.v:1: ...: The inherited timescale is here.
../src/riscv/forwarding.v:2: warning: timescale for forwarding inherited from another file.
riscv/tb_core_test.v:1: ...: The inherited timescale is here.
../src/riscv/hazard.v:2: warning: timescale for hazard inherited from another file.
riscv/tb_core_test.v:1: ...: The inherited timescale is here.
../src/riscv/id_ex_stage.v:2: warning: timescale for id_ex_stage inherited from another file.
riscv/tb_core_test.v:1: ...: The inherited timescale is here.
../src/riscv/if_stage.v:4: warning: timescale for if_stage inherited from another file.
riscv/tb_core_test.v:1: ...: The inherited timescale is here.
../src/riscv/imem.v:3: warning: timescale for imem inherited from another file.
riscv/tb_core_test.v:1: ...: The inherited timescale is here.
../src/riscv/mem_wb_stage.v:2: warning: timescale for mem_wb_stage inherited from another file.
riscv/tb_core_test.v:1: ...: The inherited timescale is here.
../src/riscv/muldiv.v:3: warning: timescale for muldiv inherited from another file.
riscv/tb_core_test.v:1: ...: The inherited timescale is here.
../src/riscv/pc.v:3: warning: timescale for pc inherited from another file.
riscv/tb_core_test.v:1: ...: The inherited timescale is here.
../src/riscv/pynq_z2_top.v:3: warning: timescale for pynq_z2_top inherited from another file.
riscv/tb_core_test.v:1: ...: The inherited timescale is here.
../src/riscv/regfile.v:3: warning: timescale for regfile inherited from another file.
riscv/tb_core_test.v:1: ...: The inherited timescale is here.
../src/riscv/soc_top.v:3: warning: timescale for soc_top inherited from another file.
riscv/tb_core_test.v:1: ...: The inherited timescale is here.
WARNING: riscv/tb_core_test.v:36: $readmemh(../src/riscv_fw/hello_test.hex): Not enough words in the file for the requested range [0:8191].
VCD info: dumpfile tb_core_test.vcd opened for output.
PASS: all RV32I tests passed (tohost_exit = 0)
riscv/tb_core_test.v:86: $finish called at 100075000 (1ps)
== tb_core_v1_mem ==
../src/riscv/alu.v:3: warning: timescale for alu inherited from another file.
riscv/tb_core_v1_mem.v:1: ...: The inherited timescale is here.
../src/riscv/branch_predict.v:1: warning: timescale for branch_predict inherited from another file.
riscv/tb_core_v1_mem.v:1: ...: The inherited timescale is here.
../src/riscv/core_top.v:3: warning: timescale for core_top inherited from another file.
riscv/tb_core_v1_mem.v:1: ...: The inherited timescale is here.
../src/riscv/decode.v:3: warning: timescale for decode inherited from another file.
riscv/tb_core_v1_mem.v:1: ...: The inherited timescale is here.
../src/riscv/dmem.v:3: warning: timescale for dmem inherited from another file.
riscv/tb_core_v1_mem.v:1: ...: The inherited timescale is here.
../src/riscv/forwarding.v:2: warning: timescale for forwarding inherited from another file.
riscv/tb_core_v1_mem.v:1: ...: The inherited timescale is here.
../src/riscv/hazard.v:2: warning: timescale for hazard inherited from another file.
riscv/tb_core_v1_mem.v:1: ...: The inherited timescale is here.
../src/riscv/id_ex_stage.v:2: warning: timescale for id_ex_stage inherited from another file.
riscv/tb_core_v1_mem.v:1: ...: The inherited timescale is here.
../src/riscv/if_stage.v:4: warning: timescale for if_stage inherited from another file.
riscv/tb_core_v1_mem.v:1: ...: The inherited timescale is here.
../src/riscv/imem.v:3: warning: timescale for imem inherited from another file.
riscv/tb_core_v1_mem.v:1: ...: The inherited timescale is here.
../src/riscv/mem_wb_stage.v:2: warning: timescale for mem_wb_stage inherited from another file.
riscv/tb_core_v1_mem.v:1: ...: The inherited timescale is here.
../src/riscv/muldiv.v:3: warning: timescale for muldiv inherited from another file.
riscv/tb_core_v1_mem.v:1: ...: The inherited timescale is here.
../src/riscv/pc.v:3: warning: timescale for pc inherited from another file.
riscv/tb_core_v1_mem.v:1: ...: The inherited timescale is here.
../src/riscv/pynq_z2_top.v:3: warning: timescale for pynq_z2_top inherited from another file.
riscv/tb_core_v1_mem.v:1: ...: The inherited timescale is here.
../src/riscv/regfile.v:3: warning: timescale for regfile inherited from another file.
riscv/tb_core_v1_mem.v:1: ...: The inherited timescale is here.
../src/riscv/soc_top.v:3: warning: timescale for soc_top inherited from another file.
riscv/tb_core_v1_mem.v:1: ...: The inherited timescale is here.
PASS: v1 byte/half/word memory path, writes=11
riscv/tb_core_v1_mem.v:79: $finish called at 1236000 (1ps)
== tb_core_fwd ==
../src/riscv/alu.v:3: warning: timescale for alu inherited from another file.
riscv/tb_core_fwd.v:1: ...: The inherited timescale is here.
../src/riscv/branch_predict.v:1: warning: timescale for branch_predict inherited from another file.
riscv/tb_core_fwd.v:1: ...: The inherited timescale is here.
../src/riscv/core_top.v:3: warning: timescale for core_top inherited from another file.
riscv/tb_core_fwd.v:1: ...: The inherited timescale is here.
../src/riscv/decode.v:3: warning: timescale for decode inherited from another file.
riscv/tb_core_fwd.v:1: ...: The inherited timescale is here.
../src/riscv/dmem.v:3: warning: timescale for dmem inherited from another file.
riscv/tb_core_fwd.v:1: ...: The inherited timescale is here.
../src/riscv/forwarding.v:2: warning: timescale for forwarding inherited from another file.
riscv/tb_core_fwd.v:1: ...: The inherited timescale is here.
../src/riscv/hazard.v:2: warning: timescale for hazard inherited from another file.
riscv/tb_core_fwd.v:1: ...: The inherited timescale is here.
../src/riscv/id_ex_stage.v:2: warning: timescale for id_ex_stage inherited from another file.
riscv/tb_core_fwd.v:1: ...: The inherited timescale is here.
../src/riscv/if_stage.v:4: warning: timescale for if_stage inherited from another file.
riscv/tb_core_fwd.v:1: ...: The inherited timescale is here.
../src/riscv/imem.v:3: warning: timescale for imem inherited from another file.
riscv/tb_core_fwd.v:1: ...: The inherited timescale is here.
../src/riscv/mem_wb_stage.v:2: warning: timescale for mem_wb_stage inherited from another file.
riscv/tb_core_fwd.v:1: ...: The inherited timescale is here.
../src/riscv/muldiv.v:3: warning: timescale for muldiv inherited from another file.
riscv/tb_core_fwd.v:1: ...: The inherited timescale is here.
../src/riscv/pc.v:3: warning: timescale for pc inherited from another file.
riscv/tb_core_fwd.v:1: ...: The inherited timescale is here.
../src/riscv/pynq_z2_top.v:3: warning: timescale for pynq_z2_top inherited from another file.
riscv/tb_core_fwd.v:1: ...: The inherited timescale is here.
../src/riscv/regfile.v:3: warning: timescale for regfile inherited from another file.
riscv/tb_core_fwd.v:1: ...: The inherited timescale is here.
../src/riscv/soc_top.v:3: warning: timescale for soc_top inherited from another file.
riscv/tb_core_fwd.v:1: ...: The inherited timescale is here.
WARNING: riscv/tb_core_fwd.v:48: $readmemh(riscv/fwd/fwd_test.hex): Not enough words in the file for the requested range [0:8191].
VCD info: dumpfile tb_core_fwd.vcd opened for output.
== fwd phase A (R-type RAW) : cycles=28 bubbles=0 (expect 0)
== fwd phase B (lw->op)     : cycles=26 bubbles=4 (expect 4)
== fwd phase C (taken)      : cycles=26 bubbles=5 (expect 5)
== fwd phase D (not-taken)  : cycles=12 bubbles=0 (expect 0)
PASS: fwd_test 结果全对；气泡 A/B/C/D = 0/4/5/0，总周期 128，总气泡 13
riscv/tb_core_fwd.v:197: $finish called at 1355000 (1ps)
== tb_decode ==
../src/riscv/alu.v:3: warning: timescale for alu inherited from another file.
riscv/tb_decode.v:1: ...: The inherited timescale is here.
../src/riscv/branch_predict.v:1: warning: timescale for branch_predict inherited from another file.
riscv/tb_decode.v:1: ...: The inherited timescale is here.
../src/riscv/core_top.v:3: warning: timescale for core_top inherited from another file.
riscv/tb_decode.v:1: ...: The inherited timescale is here.
../src/riscv/decode.v:3: warning: timescale for decode inherited from another file.
riscv/tb_decode.v:1: ...: The inherited timescale is here.
../src/riscv/dmem.v:3: warning: timescale for dmem inherited from another file.
riscv/tb_decode.v:1: ...: The inherited timescale is here.
../src/riscv/forwarding.v:2: warning: timescale for forwarding inherited from another file.
riscv/tb_decode.v:1: ...: The inherited timescale is here.
../src/riscv/hazard.v:2: warning: timescale for hazard inherited from another file.
riscv/tb_decode.v:1: ...: The inherited timescale is here.
../src/riscv/id_ex_stage.v:2: warning: timescale for id_ex_stage inherited from another file.
riscv/tb_decode.v:1: ...: The inherited timescale is here.
../src/riscv/if_stage.v:4: warning: timescale for if_stage inherited from another file.
riscv/tb_decode.v:1: ...: The inherited timescale is here.
../src/riscv/imem.v:3: warning: timescale for imem inherited from another file.
riscv/tb_decode.v:1: ...: The inherited timescale is here.
../src/riscv/mem_wb_stage.v:2: warning: timescale for mem_wb_stage inherited from another file.
riscv/tb_decode.v:1: ...: The inherited timescale is here.
../src/riscv/muldiv.v:3: warning: timescale for muldiv inherited from another file.
riscv/tb_decode.v:1: ...: The inherited timescale is here.
../src/riscv/pc.v:3: warning: timescale for pc inherited from another file.
riscv/tb_decode.v:1: ...: The inherited timescale is here.
../src/riscv/pynq_z2_top.v:3: warning: timescale for pynq_z2_top inherited from another file.
riscv/tb_decode.v:1: ...: The inherited timescale is here.
../src/riscv/regfile.v:3: warning: timescale for regfile inherited from another file.
riscv/tb_decode.v:1: ...: The inherited timescale is here.
../src/riscv/soc_top.v:3: warning: timescale for soc_top inherited from another file.
riscv/tb_decode.v:1: ...: The inherited timescale is here.
PASS: decode source-use flags (11 cases)
riscv/tb_decode.v:47: $finish called at 11000 (1ps)
== tb_forwarding ==
../src/riscv/alu.v:3: warning: timescale for alu inherited from another file.
riscv/tb_forwarding.v:1: ...: The inherited timescale is here.
../src/riscv/branch_predict.v:1: warning: timescale for branch_predict inherited from another file.
riscv/tb_forwarding.v:1: ...: The inherited timescale is here.
../src/riscv/core_top.v:3: warning: timescale for core_top inherited from another file.
riscv/tb_forwarding.v:1: ...: The inherited timescale is here.
../src/riscv/decode.v:3: warning: timescale for decode inherited from another file.
riscv/tb_forwarding.v:1: ...: The inherited timescale is here.
../src/riscv/dmem.v:3: warning: timescale for dmem inherited from another file.
riscv/tb_forwarding.v:1: ...: The inherited timescale is here.
../src/riscv/forwarding.v:2: warning: timescale for forwarding inherited from another file.
riscv/tb_forwarding.v:1: ...: The inherited timescale is here.
../src/riscv/hazard.v:2: warning: timescale for hazard inherited from another file.
riscv/tb_forwarding.v:1: ...: The inherited timescale is here.
../src/riscv/id_ex_stage.v:2: warning: timescale for id_ex_stage inherited from another file.
riscv/tb_forwarding.v:1: ...: The inherited timescale is here.
../src/riscv/if_stage.v:4: warning: timescale for if_stage inherited from another file.
riscv/tb_forwarding.v:1: ...: The inherited timescale is here.
../src/riscv/imem.v:3: warning: timescale for imem inherited from another file.
riscv/tb_forwarding.v:1: ...: The inherited timescale is here.
../src/riscv/mem_wb_stage.v:2: warning: timescale for mem_wb_stage inherited from another file.
riscv/tb_forwarding.v:1: ...: The inherited timescale is here.
../src/riscv/muldiv.v:3: warning: timescale for muldiv inherited from another file.
riscv/tb_forwarding.v:1: ...: The inherited timescale is here.
../src/riscv/pc.v:3: warning: timescale for pc inherited from another file.
riscv/tb_forwarding.v:1: ...: The inherited timescale is here.
../src/riscv/pynq_z2_top.v:3: warning: timescale for pynq_z2_top inherited from another file.
riscv/tb_forwarding.v:1: ...: The inherited timescale is here.
../src/riscv/regfile.v:3: warning: timescale for regfile inherited from another file.
riscv/tb_forwarding.v:1: ...: The inherited timescale is here.
../src/riscv/soc_top.v:3: warning: timescale for soc_top inherited from another file.
riscv/tb_forwarding.v:1: ...: The inherited timescale is here.
PASS: forwarding unit checks (25 cases)
riscv/tb_forwarding.v:152: $finish called at 22000 (1ps)
== tb_hazard ==
../src/riscv/alu.v:3: warning: timescale for alu inherited from another file.
riscv/tb_hazard.v:1: ...: The inherited timescale is here.
../src/riscv/branch_predict.v:1: warning: timescale for branch_predict inherited from another file.
riscv/tb_hazard.v:1: ...: The inherited timescale is here.
../src/riscv/core_top.v:3: warning: timescale for core_top inherited from another file.
riscv/tb_hazard.v:1: ...: The inherited timescale is here.
../src/riscv/decode.v:3: warning: timescale for decode inherited from another file.
riscv/tb_hazard.v:1: ...: The inherited timescale is here.
../src/riscv/dmem.v:3: warning: timescale for dmem inherited from another file.
riscv/tb_hazard.v:1: ...: The inherited timescale is here.
../src/riscv/forwarding.v:2: warning: timescale for forwarding inherited from another file.
riscv/tb_hazard.v:1: ...: The inherited timescale is here.
../src/riscv/hazard.v:2: warning: timescale for hazard inherited from another file.
riscv/tb_hazard.v:1: ...: The inherited timescale is here.
../src/riscv/id_ex_stage.v:2: warning: timescale for id_ex_stage inherited from another file.
riscv/tb_hazard.v:1: ...: The inherited timescale is here.
../src/riscv/if_stage.v:4: warning: timescale for if_stage inherited from another file.
riscv/tb_hazard.v:1: ...: The inherited timescale is here.
../src/riscv/imem.v:3: warning: timescale for imem inherited from another file.
riscv/tb_hazard.v:1: ...: The inherited timescale is here.
../src/riscv/mem_wb_stage.v:2: warning: timescale for mem_wb_stage inherited from another file.
riscv/tb_hazard.v:1: ...: The inherited timescale is here.
../src/riscv/muldiv.v:3: warning: timescale for muldiv inherited from another file.
riscv/tb_hazard.v:1: ...: The inherited timescale is here.
../src/riscv/pc.v:3: warning: timescale for pc inherited from another file.
riscv/tb_hazard.v:1: ...: The inherited timescale is here.
../src/riscv/pynq_z2_top.v:3: warning: timescale for pynq_z2_top inherited from another file.
riscv/tb_hazard.v:1: ...: The inherited timescale is here.
../src/riscv/regfile.v:3: warning: timescale for regfile inherited from another file.
riscv/tb_hazard.v:1: ...: The inherited timescale is here.
../src/riscv/soc_top.v:3: warning: timescale for soc_top inherited from another file.
riscv/tb_hazard.v:1: ...: The inherited timescale is here.
PASS: hazard unit checks (16020 cases)
riscv/tb_hazard.v:144: $finish called at 16020000 (1ps)
== tb_branch_predict ==
../src/riscv/alu.v:3: warning: timescale for alu inherited from another file.
riscv/tb_branch_predict.v:1: ...: The inherited timescale is here.
../src/riscv/branch_predict.v:1: warning: timescale for branch_predict inherited from another file.
riscv/tb_branch_predict.v:1: ...: The inherited timescale is here.
../src/riscv/core_top.v:3: warning: timescale for core_top inherited from another file.
riscv/tb_branch_predict.v:1: ...: The inherited timescale is here.
../src/riscv/decode.v:3: warning: timescale for decode inherited from another file.
riscv/tb_branch_predict.v:1: ...: The inherited timescale is here.
../src/riscv/dmem.v:3: warning: timescale for dmem inherited from another file.
riscv/tb_branch_predict.v:1: ...: The inherited timescale is here.
../src/riscv/forwarding.v:2: warning: timescale for forwarding inherited from another file.
riscv/tb_branch_predict.v:1: ...: The inherited timescale is here.
../src/riscv/hazard.v:2: warning: timescale for hazard inherited from another file.
riscv/tb_branch_predict.v:1: ...: The inherited timescale is here.
../src/riscv/id_ex_stage.v:2: warning: timescale for id_ex_stage inherited from another file.
riscv/tb_branch_predict.v:1: ...: The inherited timescale is here.
../src/riscv/if_stage.v:4: warning: timescale for if_stage inherited from another file.
riscv/tb_branch_predict.v:1: ...: The inherited timescale is here.
../src/riscv/imem.v:3: warning: timescale for imem inherited from another file.
riscv/tb_branch_predict.v:1: ...: The inherited timescale is here.
../src/riscv/mem_wb_stage.v:2: warning: timescale for mem_wb_stage inherited from another file.
riscv/tb_branch_predict.v:1: ...: The inherited timescale is here.
../src/riscv/muldiv.v:3: warning: timescale for muldiv inherited from another file.
riscv/tb_branch_predict.v:1: ...: The inherited timescale is here.
../src/riscv/pc.v:3: warning: timescale for pc inherited from another file.
riscv/tb_branch_predict.v:1: ...: The inherited timescale is here.
../src/riscv/pynq_z2_top.v:3: warning: timescale for pynq_z2_top inherited from another file.
riscv/tb_branch_predict.v:1: ...: The inherited timescale is here.
../src/riscv/regfile.v:3: warning: timescale for regfile inherited from another file.
riscv/tb_branch_predict.v:1: ...: The inherited timescale is here.
../src/riscv/soc_top.v:3: warning: timescale for soc_top inherited from another file.
riscv/tb_branch_predict.v:1: ...: The inherited timescale is here.
PASS: tb_branch_predict (21 checks)
riscv/tb_branch_predict.v:49: $finish called at 98000 (1ps)
== tb_core_pc_control ==
../src/riscv/alu.v:3: warning: timescale for alu inherited from another file.
riscv/tb_core_pc_control.v:1: ...: The inherited timescale is here.
../src/riscv/branch_predict.v:1: warning: timescale for branch_predict inherited from another file.
riscv/tb_core_pc_control.v:1: ...: The inherited timescale is here.
../src/riscv/core_top.v:3: warning: timescale for core_top inherited from another file.
riscv/tb_core_pc_control.v:1: ...: The inherited timescale is here.
../src/riscv/decode.v:3: warning: timescale for decode inherited from another file.
riscv/tb_core_pc_control.v:1: ...: The inherited timescale is here.
../src/riscv/dmem.v:3: warning: timescale for dmem inherited from another file.
riscv/tb_core_pc_control.v:1: ...: The inherited timescale is here.
../src/riscv/forwarding.v:2: warning: timescale for forwarding inherited from another file.
riscv/tb_core_pc_control.v:1: ...: The inherited timescale is here.
../src/riscv/hazard.v:2: warning: timescale for hazard inherited from another file.
riscv/tb_core_pc_control.v:1: ...: The inherited timescale is here.
../src/riscv/id_ex_stage.v:2: warning: timescale for id_ex_stage inherited from another file.
riscv/tb_core_pc_control.v:1: ...: The inherited timescale is here.
../src/riscv/if_stage.v:4: warning: timescale for if_stage inherited from another file.
riscv/tb_core_pc_control.v:1: ...: The inherited timescale is here.
../src/riscv/imem.v:3: warning: timescale for imem inherited from another file.
riscv/tb_core_pc_control.v:1: ...: The inherited timescale is here.
../src/riscv/mem_wb_stage.v:2: warning: timescale for mem_wb_stage inherited from another file.
riscv/tb_core_pc_control.v:1: ...: The inherited timescale is here.
../src/riscv/muldiv.v:3: warning: timescale for muldiv inherited from another file.
riscv/tb_core_pc_control.v:1: ...: The inherited timescale is here.
../src/riscv/pc.v:3: warning: timescale for pc inherited from another file.
riscv/tb_core_pc_control.v:1: ...: The inherited timescale is here.
../src/riscv/pynq_z2_top.v:3: warning: timescale for pynq_z2_top inherited from another file.
riscv/tb_core_pc_control.v:1: ...: The inherited timescale is here.
../src/riscv/regfile.v:3: warning: timescale for regfile inherited from another file.
riscv/tb_core_pc_control.v:1: ...: The inherited timescale is here.
../src/riscv/soc_top.v:3: warning: timescale for soc_top inherited from another file.
riscv/tb_core_pc_control.v:1: ...: The inherited timescale is here.
PASS: PC control matches pre-optimization truth table (768 cases)
riscv/tb_core_pc_control.v:62: $finish called at 768000 (1ps)
== tb_if_stage ==
../src/riscv/alu.v:3: warning: timescale for alu inherited from another file.
riscv/tb_if_stage.v:1: ...: The inherited timescale is here.
../src/riscv/branch_predict.v:1: warning: timescale for branch_predict inherited from another file.
riscv/tb_if_stage.v:1: ...: The inherited timescale is here.
../src/riscv/core_top.v:3: warning: timescale for core_top inherited from another file.
riscv/tb_if_stage.v:1: ...: The inherited timescale is here.
../src/riscv/decode.v:3: warning: timescale for decode inherited from another file.
riscv/tb_if_stage.v:1: ...: The inherited timescale is here.
../src/riscv/dmem.v:3: warning: timescale for dmem inherited from another file.
riscv/tb_if_stage.v:1: ...: The inherited timescale is here.
../src/riscv/forwarding.v:2: warning: timescale for forwarding inherited from another file.
riscv/tb_if_stage.v:1: ...: The inherited timescale is here.
../src/riscv/hazard.v:2: warning: timescale for hazard inherited from another file.
riscv/tb_if_stage.v:1: ...: The inherited timescale is here.
../src/riscv/id_ex_stage.v:2: warning: timescale for id_ex_stage inherited from another file.
riscv/tb_if_stage.v:1: ...: The inherited timescale is here.
../src/riscv/if_stage.v:4: warning: timescale for if_stage inherited from another file.
riscv/tb_if_stage.v:1: ...: The inherited timescale is here.
../src/riscv/imem.v:3: warning: timescale for imem inherited from another file.
riscv/tb_if_stage.v:1: ...: The inherited timescale is here.
../src/riscv/mem_wb_stage.v:2: warning: timescale for mem_wb_stage inherited from another file.
riscv/tb_if_stage.v:1: ...: The inherited timescale is here.
../src/riscv/muldiv.v:3: warning: timescale for muldiv inherited from another file.
riscv/tb_if_stage.v:1: ...: The inherited timescale is here.
../src/riscv/pc.v:3: warning: timescale for pc inherited from another file.
riscv/tb_if_stage.v:1: ...: The inherited timescale is here.
../src/riscv/pynq_z2_top.v:3: warning: timescale for pynq_z2_top inherited from another file.
riscv/tb_if_stage.v:1: ...: The inherited timescale is here.
../src/riscv/regfile.v:3: warning: timescale for regfile inherited from another file.
riscv/tb_if_stage.v:1: ...: The inherited timescale is here.
../src/riscv/soc_top.v:3: warning: timescale for soc_top inherited from another file.
riscv/tb_if_stage.v:1: ...: The inherited timescale is here.
PASS: IF valid-only flush, hold/release and reset (12 cases)
riscv/tb_if_stage.v:48: $finish called at 121000 (1ps)
== tb_core_bht_flow ==
../src/riscv/alu.v:3: warning: timescale for alu inherited from another file.
riscv/tb_core_bht_flow.v:1: ...: The inherited timescale is here.
../src/riscv/branch_predict.v:1: warning: timescale for branch_predict inherited from another file.
riscv/tb_core_bht_flow.v:1: ...: The inherited timescale is here.
../src/riscv/core_top.v:3: warning: timescale for core_top inherited from another file.
riscv/tb_core_bht_flow.v:1: ...: The inherited timescale is here.
../src/riscv/decode.v:3: warning: timescale for decode inherited from another file.
riscv/tb_core_bht_flow.v:1: ...: The inherited timescale is here.
../src/riscv/dmem.v:3: warning: timescale for dmem inherited from another file.
riscv/tb_core_bht_flow.v:1: ...: The inherited timescale is here.
../src/riscv/forwarding.v:2: warning: timescale for forwarding inherited from another file.
riscv/tb_core_bht_flow.v:1: ...: The inherited timescale is here.
../src/riscv/hazard.v:2: warning: timescale for hazard inherited from another file.
riscv/tb_core_bht_flow.v:1: ...: The inherited timescale is here.
../src/riscv/id_ex_stage.v:2: warning: timescale for id_ex_stage inherited from another file.
riscv/tb_core_bht_flow.v:1: ...: The inherited timescale is here.
../src/riscv/if_stage.v:4: warning: timescale for if_stage inherited from another file.
riscv/tb_core_bht_flow.v:1: ...: The inherited timescale is here.
../src/riscv/imem.v:3: warning: timescale for imem inherited from another file.
riscv/tb_core_bht_flow.v:1: ...: The inherited timescale is here.
../src/riscv/mem_wb_stage.v:2: warning: timescale for mem_wb_stage inherited from another file.
riscv/tb_core_bht_flow.v:1: ...: The inherited timescale is here.
../src/riscv/muldiv.v:3: warning: timescale for muldiv inherited from another file.
riscv/tb_core_bht_flow.v:1: ...: The inherited timescale is here.
../src/riscv/pc.v:3: warning: timescale for pc inherited from another file.
riscv/tb_core_bht_flow.v:1: ...: The inherited timescale is here.
../src/riscv/pynq_z2_top.v:3: warning: timescale for pynq_z2_top inherited from another file.
riscv/tb_core_bht_flow.v:1: ...: The inherited timescale is here.
../src/riscv/regfile.v:3: warning: timescale for regfile inherited from another file.
riscv/tb_core_bht_flow.v:1: ...: The inherited timescale is here.
../src/riscv/soc_top.v:3: warning: timescale for soc_top inherited from another file.
riscv/tb_core_bht_flow.v:1: ...: The inherited timescale is here.
PASS: BHT mode 2, wrong-path store/RF/muldiv suppressed
riscv/tb_core_bht_flow.v:95: $finish called at 746000 (1ps)
== tb_mem_wb_stage ==
../src/riscv/alu.v:3: warning: timescale for alu inherited from another file.
riscv/tb_mem_wb_stage.v:1: ...: The inherited timescale is here.
../src/riscv/branch_predict.v:1: warning: timescale for branch_predict inherited from another file.
riscv/tb_mem_wb_stage.v:1: ...: The inherited timescale is here.
../src/riscv/core_top.v:3: warning: timescale for core_top inherited from another file.
riscv/tb_mem_wb_stage.v:1: ...: The inherited timescale is here.
../src/riscv/decode.v:3: warning: timescale for decode inherited from another file.
riscv/tb_mem_wb_stage.v:1: ...: The inherited timescale is here.
../src/riscv/dmem.v:3: warning: timescale for dmem inherited from another file.
riscv/tb_mem_wb_stage.v:1: ...: The inherited timescale is here.
../src/riscv/forwarding.v:2: warning: timescale for forwarding inherited from another file.
riscv/tb_mem_wb_stage.v:1: ...: The inherited timescale is here.
../src/riscv/hazard.v:2: warning: timescale for hazard inherited from another file.
riscv/tb_mem_wb_stage.v:1: ...: The inherited timescale is here.
../src/riscv/id_ex_stage.v:2: warning: timescale for id_ex_stage inherited from another file.
riscv/tb_mem_wb_stage.v:1: ...: The inherited timescale is here.
../src/riscv/if_stage.v:4: warning: timescale for if_stage inherited from another file.
riscv/tb_mem_wb_stage.v:1: ...: The inherited timescale is here.
../src/riscv/imem.v:3: warning: timescale for imem inherited from another file.
riscv/tb_mem_wb_stage.v:1: ...: The inherited timescale is here.
../src/riscv/mem_wb_stage.v:2: warning: timescale for mem_wb_stage inherited from another file.
riscv/tb_mem_wb_stage.v:1: ...: The inherited timescale is here.
../src/riscv/muldiv.v:3: warning: timescale for muldiv inherited from another file.
riscv/tb_mem_wb_stage.v:1: ...: The inherited timescale is here.
../src/riscv/pc.v:3: warning: timescale for pc inherited from another file.
riscv/tb_mem_wb_stage.v:1: ...: The inherited timescale is here.
../src/riscv/pynq_z2_top.v:3: warning: timescale for pynq_z2_top inherited from another file.
riscv/tb_mem_wb_stage.v:1: ...: The inherited timescale is here.
../src/riscv/regfile.v:3: warning: timescale for regfile inherited from another file.
riscv/tb_mem_wb_stage.v:1: ...: The inherited timescale is here.
../src/riscv/soc_top.v:3: warning: timescale for soc_top inherited from another file.
riscv/tb_mem_wb_stage.v:1: ...: The inherited timescale is here.
PASS: MEM+WB capture, bubble overwrite and reset (3 captures)
riscv/tb_mem_wb_stage.v:50: $finish called at 32000 (1ps)
== tb_id_ex_stage ==
../src/riscv/alu.v:3: warning: timescale for alu inherited from another file.
riscv/tb_id_ex_stage.v:1: ...: The inherited timescale is here.
../src/riscv/branch_predict.v:1: warning: timescale for branch_predict inherited from another file.
riscv/tb_id_ex_stage.v:1: ...: The inherited timescale is here.
../src/riscv/core_top.v:3: warning: timescale for core_top inherited from another file.
riscv/tb_id_ex_stage.v:1: ...: The inherited timescale is here.
../src/riscv/decode.v:3: warning: timescale for decode inherited from another file.
riscv/tb_id_ex_stage.v:1: ...: The inherited timescale is here.
../src/riscv/dmem.v:3: warning: timescale for dmem inherited from another file.
riscv/tb_id_ex_stage.v:1: ...: The inherited timescale is here.
../src/riscv/forwarding.v:2: warning: timescale for forwarding inherited from another file.
riscv/tb_id_ex_stage.v:1: ...: The inherited timescale is here.
../src/riscv/hazard.v:2: warning: timescale for hazard inherited from another file.
riscv/tb_id_ex_stage.v:1: ...: The inherited timescale is here.
../src/riscv/id_ex_stage.v:2: warning: timescale for id_ex_stage inherited from another file.
riscv/tb_id_ex_stage.v:1: ...: The inherited timescale is here.
../src/riscv/if_stage.v:4: warning: timescale for if_stage inherited from another file.
riscv/tb_id_ex_stage.v:1: ...: The inherited timescale is here.
../src/riscv/imem.v:3: warning: timescale for imem inherited from another file.
riscv/tb_id_ex_stage.v:1: ...: The inherited timescale is here.
../src/riscv/mem_wb_stage.v:2: warning: timescale for mem_wb_stage inherited from another file.
riscv/tb_id_ex_stage.v:1: ...: The inherited timescale is here.
../src/riscv/muldiv.v:3: warning: timescale for muldiv inherited from another file.
riscv/tb_id_ex_stage.v:1: ...: The inherited timescale is here.
../src/riscv/pc.v:3: warning: timescale for pc inherited from another file.
riscv/tb_id_ex_stage.v:1: ...: The inherited timescale is here.
../src/riscv/pynq_z2_top.v:3: warning: timescale for pynq_z2_top inherited from another file.
riscv/tb_id_ex_stage.v:1: ...: The inherited timescale is here.
../src/riscv/regfile.v:3: warning: timescale for regfile inherited from another file.
riscv/tb_id_ex_stage.v:1: ...: The inherited timescale is here.
../src/riscv/soc_top.v:3: warning: timescale for soc_top inherited from another file.
riscv/tb_id_ex_stage.v:1: ...: The inherited timescale is here.
PASS: ID+EX decode, execute and redirect (12304 cases)
riscv/tb_id_ex_stage.v:84: $finish called at 12304000 (1ps)
== tb_muldiv ==
../src/riscv/alu.v:3: warning: timescale for alu inherited from another file.
riscv/tb_muldiv.v:1: ...: The inherited timescale is here.
../src/riscv/branch_predict.v:1: warning: timescale for branch_predict inherited from another file.
riscv/tb_muldiv.v:1: ...: The inherited timescale is here.
../src/riscv/core_top.v:3: warning: timescale for core_top inherited from another file.
riscv/tb_muldiv.v:1: ...: The inherited timescale is here.
../src/riscv/decode.v:3: warning: timescale for decode inherited from another file.
riscv/tb_muldiv.v:1: ...: The inherited timescale is here.
../src/riscv/dmem.v:3: warning: timescale for dmem inherited from another file.
riscv/tb_muldiv.v:1: ...: The inherited timescale is here.
../src/riscv/forwarding.v:2: warning: timescale for forwarding inherited from another file.
riscv/tb_muldiv.v:1: ...: The inherited timescale is here.
../src/riscv/hazard.v:2: warning: timescale for hazard inherited from another file.
riscv/tb_muldiv.v:1: ...: The inherited timescale is here.
../src/riscv/id_ex_stage.v:2: warning: timescale for id_ex_stage inherited from another file.
riscv/tb_muldiv.v:1: ...: The inherited timescale is here.
../src/riscv/if_stage.v:4: warning: timescale for if_stage inherited from another file.
riscv/tb_muldiv.v:1: ...: The inherited timescale is here.
../src/riscv/imem.v:3: warning: timescale for imem inherited from another file.
riscv/tb_muldiv.v:1: ...: The inherited timescale is here.
../src/riscv/mem_wb_stage.v:2: warning: timescale for mem_wb_stage inherited from another file.
riscv/tb_muldiv.v:1: ...: The inherited timescale is here.
../src/riscv/muldiv.v:3: warning: timescale for muldiv inherited from another file.
riscv/tb_muldiv.v:1: ...: The inherited timescale is here.
../src/riscv/pc.v:3: warning: timescale for pc inherited from another file.
riscv/tb_muldiv.v:1: ...: The inherited timescale is here.
../src/riscv/pynq_z2_top.v:3: warning: timescale for pynq_z2_top inherited from another file.
riscv/tb_muldiv.v:1: ...: The inherited timescale is here.
../src/riscv/regfile.v:3: warning: timescale for regfile inherited from another file.
riscv/tb_muldiv.v:1: ...: The inherited timescale is here.
../src/riscv/soc_top.v:3: warning: timescale for soc_top inherited from another file.
riscv/tb_muldiv.v:1: ...: The inherited timescale is here.
VCD info: dumpfile tb_muldiv.vcd opened for output.
PASS: radix-4 multiply, division, boundaries and handshake
riscv/tb_muldiv.v:97: $finish called at 5257000 (1ps)
== tb_core_muldiv ==
../src/riscv/alu.v:3: warning: timescale for alu inherited from another file.
riscv/tb_core_muldiv.v:1: ...: The inherited timescale is here.
../src/riscv/branch_predict.v:1: warning: timescale for branch_predict inherited from another file.
riscv/tb_core_muldiv.v:1: ...: The inherited timescale is here.
../src/riscv/core_top.v:3: warning: timescale for core_top inherited from another file.
riscv/tb_core_muldiv.v:1: ...: The inherited timescale is here.
../src/riscv/decode.v:3: warning: timescale for decode inherited from another file.
riscv/tb_core_muldiv.v:1: ...: The inherited timescale is here.
../src/riscv/dmem.v:3: warning: timescale for dmem inherited from another file.
riscv/tb_core_muldiv.v:1: ...: The inherited timescale is here.
../src/riscv/forwarding.v:2: warning: timescale for forwarding inherited from another file.
riscv/tb_core_muldiv.v:1: ...: The inherited timescale is here.
../src/riscv/hazard.v:2: warning: timescale for hazard inherited from another file.
riscv/tb_core_muldiv.v:1: ...: The inherited timescale is here.
../src/riscv/id_ex_stage.v:2: warning: timescale for id_ex_stage inherited from another file.
riscv/tb_core_muldiv.v:1: ...: The inherited timescale is here.
../src/riscv/if_stage.v:4: warning: timescale for if_stage inherited from another file.
riscv/tb_core_muldiv.v:1: ...: The inherited timescale is here.
../src/riscv/imem.v:3: warning: timescale for imem inherited from another file.
riscv/tb_core_muldiv.v:1: ...: The inherited timescale is here.
../src/riscv/mem_wb_stage.v:2: warning: timescale for mem_wb_stage inherited from another file.
riscv/tb_core_muldiv.v:1: ...: The inherited timescale is here.
../src/riscv/muldiv.v:3: warning: timescale for muldiv inherited from another file.
riscv/tb_core_muldiv.v:1: ...: The inherited timescale is here.
../src/riscv/pc.v:3: warning: timescale for pc inherited from another file.
riscv/tb_core_muldiv.v:1: ...: The inherited timescale is here.
../src/riscv/pynq_z2_top.v:3: warning: timescale for pynq_z2_top inherited from another file.
riscv/tb_core_muldiv.v:1: ...: The inherited timescale is here.
../src/riscv/regfile.v:3: warning: timescale for regfile inherited from another file.
riscv/tb_core_muldiv.v:1: ...: The inherited timescale is here.
../src/riscv/soc_top.v:3: warning: timescale for soc_top inherited from another file.
riscv/tb_core_muldiv.v:1: ...: The inherited timescale is here.
WARNING: riscv/tb_core_muldiv.v:38: $readmemh(../src/riscv_fw/hello.hex): Not enough words in the file for the requested range [0:8191].
VCD info: dumpfile tb_core_muldiv.vcd opened for output.
PASS: RV32IM core tohost=142879 exit=0
riscv/tb_core_muldiv.v:48: $finish called at 50075000 (1ps)
== tb_soc_top ==
../src/riscv/alu.v:3: warning: timescale for alu inherited from another file.
riscv/tb_soc_top.v:1: ...: The inherited timescale is here.
../src/riscv/branch_predict.v:1: warning: timescale for branch_predict inherited from another file.
riscv/tb_soc_top.v:1: ...: The inherited timescale is here.
../src/riscv/core_top.v:3: warning: timescale for core_top inherited from another file.
riscv/tb_soc_top.v:1: ...: The inherited timescale is here.
../src/riscv/decode.v:3: warning: timescale for decode inherited from another file.
riscv/tb_soc_top.v:1: ...: The inherited timescale is here.
../src/riscv/dmem.v:3: warning: timescale for dmem inherited from another file.
riscv/tb_soc_top.v:1: ...: The inherited timescale is here.
../src/riscv/forwarding.v:2: warning: timescale for forwarding inherited from another file.
riscv/tb_soc_top.v:1: ...: The inherited timescale is here.
../src/riscv/hazard.v:2: warning: timescale for hazard inherited from another file.
riscv/tb_soc_top.v:1: ...: The inherited timescale is here.
../src/riscv/id_ex_stage.v:2: warning: timescale for id_ex_stage inherited from another file.
riscv/tb_soc_top.v:1: ...: The inherited timescale is here.
../src/riscv/if_stage.v:4: warning: timescale for if_stage inherited from another file.
riscv/tb_soc_top.v:1: ...: The inherited timescale is here.
../src/riscv/imem.v:3: warning: timescale for imem inherited from another file.
riscv/tb_soc_top.v:1: ...: The inherited timescale is here.
../src/riscv/mem_wb_stage.v:2: warning: timescale for mem_wb_stage inherited from another file.
riscv/tb_soc_top.v:1: ...: The inherited timescale is here.
../src/riscv/muldiv.v:3: warning: timescale for muldiv inherited from another file.
riscv/tb_soc_top.v:1: ...: The inherited timescale is here.
../src/riscv/pc.v:3: warning: timescale for pc inherited from another file.
riscv/tb_soc_top.v:1: ...: The inherited timescale is here.
../src/riscv/pynq_z2_top.v:3: warning: timescale for pynq_z2_top inherited from another file.
riscv/tb_soc_top.v:1: ...: The inherited timescale is here.
../src/riscv/regfile.v:3: warning: timescale for regfile inherited from another file.
riscv/tb_soc_top.v:1: ...: The inherited timescale is here.
../src/riscv/soc_top.v:3: warning: timescale for soc_top inherited from another file.
riscv/tb_soc_top.v:1: ...: The inherited timescale is here.
WARNING: ../src/riscv/imem.v:19: $readmemh(../src/riscv_fw/hello_v0.hex): Not enough words in the file for the requested range [0:8191].
WARNING: ../src/riscv/dmem.v:21: $readmemh(../src/riscv_fw/hello_v0.hex): Not enough words in the file for the requested range [0:8191].
VCD info: dumpfile tb_soc_top.vcd opened for output.
PASS: SoC first-run=13/1101, timer reset/increment/write-ignore, second-run=65/0001
riscv/tb_soc_top.v:87: $finish called at 80086000 (1ps)
== tb_soc_check ==
../src/riscv/alu.v:3: warning: timescale for alu inherited from another file.
riscv/tb_soc_check.v:1: ...: The inherited timescale is here.
../src/riscv/branch_predict.v:1: warning: timescale for branch_predict inherited from another file.
riscv/tb_soc_check.v:1: ...: The inherited timescale is here.
../src/riscv/core_top.v:3: warning: timescale for core_top inherited from another file.
riscv/tb_soc_check.v:1: ...: The inherited timescale is here.
../src/riscv/decode.v:3: warning: timescale for decode inherited from another file.
riscv/tb_soc_check.v:1: ...: The inherited timescale is here.
../src/riscv/dmem.v:3: warning: timescale for dmem inherited from another file.
riscv/tb_soc_check.v:1: ...: The inherited timescale is here.
../src/riscv/forwarding.v:2: warning: timescale for forwarding inherited from another file.
riscv/tb_soc_check.v:1: ...: The inherited timescale is here.
../src/riscv/hazard.v:2: warning: timescale for hazard inherited from another file.
riscv/tb_soc_check.v:1: ...: The inherited timescale is here.
../src/riscv/id_ex_stage.v:2: warning: timescale for id_ex_stage inherited from another file.
riscv/tb_soc_check.v:1: ...: The inherited timescale is here.
../src/riscv/if_stage.v:4: warning: timescale for if_stage inherited from another file.
riscv/tb_soc_check.v:1: ...: The inherited timescale is here.
../src/riscv/imem.v:3: warning: timescale for imem inherited from another file.
riscv/tb_soc_check.v:1: ...: The inherited timescale is here.
../src/riscv/mem_wb_stage.v:2: warning: timescale for mem_wb_stage inherited from another file.
riscv/tb_soc_check.v:1: ...: The inherited timescale is here.
../src/riscv/muldiv.v:3: warning: timescale for muldiv inherited from another file.
riscv/tb_soc_check.v:1: ...: The inherited timescale is here.
../src/riscv/pc.v:3: warning: timescale for pc inherited from another file.
riscv/tb_soc_check.v:1: ...: The inherited timescale is here.
../src/riscv/pynq_z2_top.v:3: warning: timescale for pynq_z2_top inherited from another file.
riscv/tb_soc_check.v:1: ...: The inherited timescale is here.
../src/riscv/regfile.v:3: warning: timescale for regfile inherited from another file.
riscv/tb_soc_check.v:1: ...: The inherited timescale is here.
../src/riscv/soc_top.v:3: warning: timescale for soc_top inherited from another file.
riscv/tb_soc_check.v:1: ...: The inherited timescale is here.
WARNING: ../src/riscv/imem.v:19: $readmemh(../src/riscv_fw/soc_check.hex): Not enough words in the file for the requested range [0:8191].
WARNING: ../src/riscv/dmem.v:21: $readmemh(../src/riscv_fw/soc_check.hex): Not enough words in the file for the requested range [0:8191].
VCD info: dumpfile tb_soc_check.vcd opened for output.
PASS: soc_check preload/timer/read-write path tohost=534f4301 cycles=3000
riscv/tb_soc_check.v:50: $finish called at 30076000 (1ps)
== tb_core_coremark ==
../src/riscv/alu.v:3: warning: timescale for alu inherited from another file.
riscv/tb_core_coremark.v:1: ...: The inherited timescale is here.
../src/riscv/branch_predict.v:1: warning: timescale for branch_predict inherited from another file.
riscv/tb_core_coremark.v:1: ...: The inherited timescale is here.
../src/riscv/core_top.v:3: warning: timescale for core_top inherited from another file.
riscv/tb_core_coremark.v:1: ...: The inherited timescale is here.
../src/riscv/decode.v:3: warning: timescale for decode inherited from another file.
riscv/tb_core_coremark.v:1: ...: The inherited timescale is here.
../src/riscv/dmem.v:3: warning: timescale for dmem inherited from another file.
riscv/tb_core_coremark.v:1: ...: The inherited timescale is here.
../src/riscv/forwarding.v:2: warning: timescale for forwarding inherited from another file.
riscv/tb_core_coremark.v:1: ...: The inherited timescale is here.
../src/riscv/hazard.v:2: warning: timescale for hazard inherited from another file.
riscv/tb_core_coremark.v:1: ...: The inherited timescale is here.
../src/riscv/id_ex_stage.v:2: warning: timescale for id_ex_stage inherited from another file.
riscv/tb_core_coremark.v:1: ...: The inherited timescale is here.
../src/riscv/if_stage.v:4: warning: timescale for if_stage inherited from another file.
riscv/tb_core_coremark.v:1: ...: The inherited timescale is here.
../src/riscv/imem.v:3: warning: timescale for imem inherited from another file.
riscv/tb_core_coremark.v:1: ...: The inherited timescale is here.
../src/riscv/mem_wb_stage.v:2: warning: timescale for mem_wb_stage inherited from another file.
riscv/tb_core_coremark.v:1: ...: The inherited timescale is here.
../src/riscv/muldiv.v:3: warning: timescale for muldiv inherited from another file.
riscv/tb_core_coremark.v:1: ...: The inherited timescale is here.
../src/riscv/pc.v:3: warning: timescale for pc inherited from another file.
riscv/tb_core_coremark.v:1: ...: The inherited timescale is here.
../src/riscv/pynq_z2_top.v:3: warning: timescale for pynq_z2_top inherited from another file.
riscv/tb_core_coremark.v:1: ...: The inherited timescale is here.
../src/riscv/regfile.v:3: warning: timescale for regfile inherited from another file.
riscv/tb_core_coremark.v:1: ...: The inherited timescale is here.
../src/riscv/soc_top.v:3: warning: timescale for soc_top inherited from another file.
riscv/tb_core_coremark.v:1: ...: The inherited timescale is here.
WARNING: riscv/tb_core_coremark.v:160: $readmemh(../src/riscv_fw/coremark.hex): Not enough words in the file for the requested range [0:8191].
WARNING: riscv/tb_core_coremark.v:163: $readmemh(../src/riscv_fw/coremark.hex): Not enough words in the file for the requested range [0:8191].
... 进度 cycles=2000000 pc=0x80001788 tohost=0
... 进度 cycles=4000000 pc=0x800016c8 tohost=0
... 进度 cycles=6000000 pc=0x80000f78 tohost=0
... 进度 cycles=8000000 pc=0x80001788 tohost=0
... 进度 cycles=10000000 pc=0x80002174 tohost=0
... 进度 cycles=12000000 pc=0x800016cc tohost=0
... 进度 cycles=14000000 pc=0x8000248c tohost=0
... 进度 cycles=16000000 pc=0x80002514 tohost=0
... 进度 cycles=18000000 pc=0x80001664 tohost=0
== coremark mode=0 hex=../src/riscv_fw/coremark.hex exit=0 tohost=34713 cycles=19057438 retired=10106386 bubbles=8951052
CLASS: mode=0 mul=5113141 div=33 load_use=650771 raw_nofwd=1943297 control=1243809 other=1 classified=8951052
BHT: mode=0 lookup=0 hit=0 miss=0
== obs iter=32 seedcrc=0xe9f5 crclist=0xe714 crcmatrix=0x1fd7 crcstate=0x8e3a crcfinal=0x8799 t0=22350 t1=19055568 errors=1
PASS: coremark mode=0 cycles=19057438 retired=10106386 bubbles=8951052 cpi=1.886
riscv/tb_core_coremark.v:237: $finish called at 190574455000 (1ps)
== tb_core_coremark ==
../src/riscv/alu.v:3: warning: timescale for alu inherited from another file.
riscv/tb_core_coremark.v:1: ...: The inherited timescale is here.
../src/riscv/branch_predict.v:1: warning: timescale for branch_predict inherited from another file.
riscv/tb_core_coremark.v:1: ...: The inherited timescale is here.
../src/riscv/core_top.v:3: warning: timescale for core_top inherited from another file.
riscv/tb_core_coremark.v:1: ...: The inherited timescale is here.
../src/riscv/decode.v:3: warning: timescale for decode inherited from another file.
riscv/tb_core_coremark.v:1: ...: The inherited timescale is here.
../src/riscv/dmem.v:3: warning: timescale for dmem inherited from another file.
riscv/tb_core_coremark.v:1: ...: The inherited timescale is here.
../src/riscv/forwarding.v:2: warning: timescale for forwarding inherited from another file.
riscv/tb_core_coremark.v:1: ...: The inherited timescale is here.
../src/riscv/hazard.v:2: warning: timescale for hazard inherited from another file.
riscv/tb_core_coremark.v:1: ...: The inherited timescale is here.
../src/riscv/id_ex_stage.v:2: warning: timescale for id_ex_stage inherited from another file.
riscv/tb_core_coremark.v:1: ...: The inherited timescale is here.
../src/riscv/if_stage.v:4: warning: timescale for if_stage inherited from another file.
riscv/tb_core_coremark.v:1: ...: The inherited timescale is here.
../src/riscv/imem.v:3: warning: timescale for imem inherited from another file.
riscv/tb_core_coremark.v:1: ...: The inherited timescale is here.
../src/riscv/mem_wb_stage.v:2: warning: timescale for mem_wb_stage inherited from another file.
riscv/tb_core_coremark.v:1: ...: The inherited timescale is here.
../src/riscv/muldiv.v:3: warning: timescale for muldiv inherited from another file.
riscv/tb_core_coremark.v:1: ...: The inherited timescale is here.
../src/riscv/pc.v:3: warning: timescale for pc inherited from another file.
riscv/tb_core_coremark.v:1: ...: The inherited timescale is here.
../src/riscv/pynq_z2_top.v:3: warning: timescale for pynq_z2_top inherited from another file.
riscv/tb_core_coremark.v:1: ...: The inherited timescale is here.
../src/riscv/regfile.v:3: warning: timescale for regfile inherited from another file.
riscv/tb_core_coremark.v:1: ...: The inherited timescale is here.
../src/riscv/soc_top.v:3: warning: timescale for soc_top inherited from another file.
riscv/tb_core_coremark.v:1: ...: The inherited timescale is here.
WARNING: riscv/tb_core_coremark.v:160: $readmemh(../src/riscv_fw/coremark.hex): Not enough words in the file for the requested range [0:8191].
WARNING: riscv/tb_core_coremark.v:163: $readmemh(../src/riscv_fw/coremark.hex): Not enough words in the file for the requested range [0:8191].
... 进度 cycles=2000000 pc=0x8000179c tohost=0
... 进度 cycles=4000000 pc=0x80001790 tohost=0
... 进度 cycles=6000000 pc=0x80001788 tohost=0
... 进度 cycles=8000000 pc=0x80001028 tohost=0
... 进度 cycles=10000000 pc=0x800016d0 tohost=0
... 进度 cycles=12000000 pc=0x80001778 tohost=0
... 进度 cycles=14000000 pc=0x80001790 tohost=0
... 进度 cycles=16000000 pc=0x8000102c tohost=0
== coremark mode=1 hex=../src/riscv_fw/coremark.hex exit=0 tohost=34713 cycles=17114141 retired=10106386 bubbles=7007755
CLASS: mode=1 mul=5113141 div=33 load_use=650771 raw_nofwd=0 control=1243809 other=1 classified=7007755
BHT: mode=0 lookup=0 hit=0 miss=0
== obs iter=32 seedcrc=0xe9f5 crclist=0xe714 crcmatrix=0x1fd7 crcstate=0x8e3a crcfinal=0x8799 t0=18966 t1=17112625 errors=1
PASS: coremark mode=1 cycles=17114141 retired=10106386 bubbles=7007755 cpi=1.693
riscv/tb_core_coremark.v:237: $finish called at 171141495000 (1ps)
== tb_core_coremark ==
../src/riscv/alu.v:3: warning: timescale for alu inherited from another file.
riscv/tb_core_coremark.v:1: ...: The inherited timescale is here.
../src/riscv/branch_predict.v:1: warning: timescale for branch_predict inherited from another file.
riscv/tb_core_coremark.v:1: ...: The inherited timescale is here.
../src/riscv/core_top.v:3: warning: timescale for core_top inherited from another file.
riscv/tb_core_coremark.v:1: ...: The inherited timescale is here.
../src/riscv/decode.v:3: warning: timescale for decode inherited from another file.
riscv/tb_core_coremark.v:1: ...: The inherited timescale is here.
../src/riscv/dmem.v:3: warning: timescale for dmem inherited from another file.
riscv/tb_core_coremark.v:1: ...: The inherited timescale is here.
../src/riscv/forwarding.v:2: warning: timescale for forwarding inherited from another file.
riscv/tb_core_coremark.v:1: ...: The inherited timescale is here.
../src/riscv/hazard.v:2: warning: timescale for hazard inherited from another file.
riscv/tb_core_coremark.v:1: ...: The inherited timescale is here.
../src/riscv/id_ex_stage.v:2: warning: timescale for id_ex_stage inherited from another file.
riscv/tb_core_coremark.v:1: ...: The inherited timescale is here.
../src/riscv/if_stage.v:4: warning: timescale for if_stage inherited from another file.
riscv/tb_core_coremark.v:1: ...: The inherited timescale is here.
../src/riscv/imem.v:3: warning: timescale for imem inherited from another file.
riscv/tb_core_coremark.v:1: ...: The inherited timescale is here.
../src/riscv/mem_wb_stage.v:2: warning: timescale for mem_wb_stage inherited from another file.
riscv/tb_core_coremark.v:1: ...: The inherited timescale is here.
../src/riscv/muldiv.v:3: warning: timescale for muldiv inherited from another file.
riscv/tb_core_coremark.v:1: ...: The inherited timescale is here.
../src/riscv/pc.v:3: warning: timescale for pc inherited from another file.
riscv/tb_core_coremark.v:1: ...: The inherited timescale is here.
../src/riscv/pynq_z2_top.v:3: warning: timescale for pynq_z2_top inherited from another file.
riscv/tb_core_coremark.v:1: ...: The inherited timescale is here.
../src/riscv/regfile.v:3: warning: timescale for regfile inherited from another file.
riscv/tb_core_coremark.v:1: ...: The inherited timescale is here.
../src/riscv/soc_top.v:3: warning: timescale for soc_top inherited from another file.
riscv/tb_core_coremark.v:1: ...: The inherited timescale is here.
WARNING: riscv/tb_core_coremark.v:160: $readmemh(../src/riscv_fw/coremark.hex): Not enough words in the file for the requested range [0:8191].
WARNING: riscv/tb_core_coremark.v:163: $readmemh(../src/riscv_fw/coremark.hex): Not enough words in the file for the requested range [0:8191].
... 进度 cycles=2000000 pc=0x80001024 tohost=0
... 进度 cycles=4000000 pc=0x80001eac tohost=0
... 进度 cycles=6000000 pc=0x80001788 tohost=0
... 进度 cycles=8000000 pc=0x80001940 tohost=0
... 进度 cycles=10000000 pc=0x80002458 tohost=0
... 进度 cycles=12000000 pc=0x80001e90 tohost=0
... 进度 cycles=14000000 pc=0x80001778 tohost=0
... 进度 cycles=16000000 pc=0x80001b90 tohost=0
== coremark mode=1 hex=../src/riscv_fw/coremark.hex exit=0 tohost=34713 cycles=16335562 retired=10106386 bubbles=6229176
CLASS: mode=1 mul=5113141 div=33 load_use=650771 raw_nofwd=0 control=465230 other=1 classified=6229176
BHT: mode=1 lookup=1854101 hit=1587055 miss=267046
== obs iter=32 seedcrc=0xe9f5 crclist=0xe714 crcmatrix=0x1fd7 crcstate=0x8e3a crcfinal=0x8799 t0=18038 t1=16334077 errors=1
PASS: coremark mode=1 cycles=16335562 retired=10106386 bubbles=6229176 cpi=1.616
riscv/tb_core_coremark.v:237: $finish called at 163355695000 (1ps)
== tb_core_coremark ==
../src/riscv/alu.v:3: warning: timescale for alu inherited from another file.
riscv/tb_core_coremark.v:1: ...: The inherited timescale is here.
../src/riscv/branch_predict.v:1: warning: timescale for branch_predict inherited from another file.
riscv/tb_core_coremark.v:1: ...: The inherited timescale is here.
../src/riscv/core_top.v:3: warning: timescale for core_top inherited from another file.
riscv/tb_core_coremark.v:1: ...: The inherited timescale is here.
../src/riscv/decode.v:3: warning: timescale for decode inherited from another file.
riscv/tb_core_coremark.v:1: ...: The inherited timescale is here.
../src/riscv/dmem.v:3: warning: timescale for dmem inherited from another file.
riscv/tb_core_coremark.v:1: ...: The inherited timescale is here.
../src/riscv/forwarding.v:2: warning: timescale for forwarding inherited from another file.
riscv/tb_core_coremark.v:1: ...: The inherited timescale is here.
../src/riscv/hazard.v:2: warning: timescale for hazard inherited from another file.
riscv/tb_core_coremark.v:1: ...: The inherited timescale is here.
../src/riscv/id_ex_stage.v:2: warning: timescale for id_ex_stage inherited from another file.
riscv/tb_core_coremark.v:1: ...: The inherited timescale is here.
../src/riscv/if_stage.v:4: warning: timescale for if_stage inherited from another file.
riscv/tb_core_coremark.v:1: ...: The inherited timescale is here.
../src/riscv/imem.v:3: warning: timescale for imem inherited from another file.
riscv/tb_core_coremark.v:1: ...: The inherited timescale is here.
../src/riscv/mem_wb_stage.v:2: warning: timescale for mem_wb_stage inherited from another file.
riscv/tb_core_coremark.v:1: ...: The inherited timescale is here.
../src/riscv/muldiv.v:3: warning: timescale for muldiv inherited from another file.
riscv/tb_core_coremark.v:1: ...: The inherited timescale is here.
../src/riscv/pc.v:3: warning: timescale for pc inherited from another file.
riscv/tb_core_coremark.v:1: ...: The inherited timescale is here.
../src/riscv/pynq_z2_top.v:3: warning: timescale for pynq_z2_top inherited from another file.
riscv/tb_core_coremark.v:1: ...: The inherited timescale is here.
../src/riscv/regfile.v:3: warning: timescale for regfile inherited from another file.
riscv/tb_core_coremark.v:1: ...: The inherited timescale is here.
../src/riscv/soc_top.v:3: warning: timescale for soc_top inherited from another file.
riscv/tb_core_coremark.v:1: ...: The inherited timescale is here.
WARNING: riscv/tb_core_coremark.v:160: $readmemh(../src/riscv_fw/coremark.hex): Not enough words in the file for the requested range [0:8191].
WARNING: riscv/tb_core_coremark.v:163: $readmemh(../src/riscv_fw/coremark.hex): Not enough words in the file for the requested range [0:8191].
... 进度 cycles=2000000 pc=0x80000f78 tohost=0
... 进度 cycles=4000000 pc=0x80002538 tohost=0
... 进度 cycles=6000000 pc=0x80001f98 tohost=0
... 进度 cycles=8000000 pc=0x8000179c tohost=0
... 进度 cycles=10000000 pc=0x80001a5c tohost=0
... 进度 cycles=12000000 pc=0x80001878 tohost=0
... 进度 cycles=14000000 pc=0x80002178 tohost=0
... 进度 cycles=16000000 pc=0x80001ed0 tohost=0
== coremark mode=1 hex=../src/riscv_fw/coremark.hex exit=0 tohost=34713 cycles=16232079 retired=10106386 bubbles=6125693
CLASS: mode=1 mul=5113141 div=33 load_use=650771 raw_nofwd=0 control=361747 other=1 classified=6125693
BHT: mode=2 lookup=1854101 hit=1690538 miss=163563
== obs iter=32 seedcrc=0xe9f5 crclist=0xe714 crcmatrix=0x1fd7 crcstate=0x8e3a crcfinal=0x8799 t0=17897 t1=16230603 errors=1
PASS: coremark mode=1 cycles=16232079 retired=10106386 bubbles=6125693 cpi=1.606
riscv/tb_core_coremark.v:237: $finish called at 162320875000 (1ps)
== tb_core_v1_hazard ==
../src/riscv/alu.v:3: warning: timescale for alu inherited from another file.
riscv/tb_core_v1_hazard.v:1: ...: The inherited timescale is here.
../src/riscv/branch_predict.v:1: warning: timescale for branch_predict inherited from another file.
riscv/tb_core_v1_hazard.v:1: ...: The inherited timescale is here.
../src/riscv/core_top.v:3: warning: timescale for core_top inherited from another file.
riscv/tb_core_v1_hazard.v:1: ...: The inherited timescale is here.
../src/riscv/decode.v:3: warning: timescale for decode inherited from another file.
riscv/tb_core_v1_hazard.v:1: ...: The inherited timescale is here.
../src/riscv/dmem.v:3: warning: timescale for dmem inherited from another file.
riscv/tb_core_v1_hazard.v:1: ...: The inherited timescale is here.
../src/riscv/forwarding.v:2: warning: timescale for forwarding inherited from another file.
riscv/tb_core_v1_hazard.v:1: ...: The inherited timescale is here.
../src/riscv/hazard.v:2: warning: timescale for hazard inherited from another file.
riscv/tb_core_v1_hazard.v:1: ...: The inherited timescale is here.
../src/riscv/id_ex_stage.v:2: warning: timescale for id_ex_stage inherited from another file.
riscv/tb_core_v1_hazard.v:1: ...: The inherited timescale is here.
../src/riscv/if_stage.v:4: warning: timescale for if_stage inherited from another file.
riscv/tb_core_v1_hazard.v:1: ...: The inherited timescale is here.
../src/riscv/imem.v:3: warning: timescale for imem inherited from another file.
riscv/tb_core_v1_hazard.v:1: ...: The inherited timescale is here.
../src/riscv/mem_wb_stage.v:2: warning: timescale for mem_wb_stage inherited from another file.
riscv/tb_core_v1_hazard.v:1: ...: The inherited timescale is here.
../src/riscv/muldiv.v:3: warning: timescale for muldiv inherited from another file.
riscv/tb_core_v1_hazard.v:1: ...: The inherited timescale is here.
../src/riscv/pc.v:3: warning: timescale for pc inherited from another file.
riscv/tb_core_v1_hazard.v:1: ...: The inherited timescale is here.
../src/riscv/pynq_z2_top.v:3: warning: timescale for pynq_z2_top inherited from another file.
riscv/tb_core_v1_hazard.v:1: ...: The inherited timescale is here.
../src/riscv/regfile.v:3: warning: timescale for regfile inherited from another file.
riscv/tb_core_v1_hazard.v:1: ...: The inherited timescale is here.
../src/riscv/soc_top.v:3: warning: timescale for soc_top inherited from another file.
riscv/tb_core_v1_hazard.v:1: ...: The inherited timescale is here.
PASS: v1 hazard mode=1 cycles=13
riscv/tb_core_v1_hazard.v:101: $finish called at 166000 (1ps)
== tb_core_v1_hazard ==
../src/riscv/alu.v:3: warning: timescale for alu inherited from another file.
riscv/tb_core_v1_hazard.v:1: ...: The inherited timescale is here.
../src/riscv/branch_predict.v:1: warning: timescale for branch_predict inherited from another file.
riscv/tb_core_v1_hazard.v:1: ...: The inherited timescale is here.
../src/riscv/core_top.v:3: warning: timescale for core_top inherited from another file.
riscv/tb_core_v1_hazard.v:1: ...: The inherited timescale is here.
../src/riscv/decode.v:3: warning: timescale for decode inherited from another file.
riscv/tb_core_v1_hazard.v:1: ...: The inherited timescale is here.
../src/riscv/dmem.v:3: warning: timescale for dmem inherited from another file.
riscv/tb_core_v1_hazard.v:1: ...: The inherited timescale is here.
../src/riscv/forwarding.v:2: warning: timescale for forwarding inherited from another file.
riscv/tb_core_v1_hazard.v:1: ...: The inherited timescale is here.
../src/riscv/hazard.v:2: warning: timescale for hazard inherited from another file.
riscv/tb_core_v1_hazard.v:1: ...: The inherited timescale is here.
../src/riscv/id_ex_stage.v:2: warning: timescale for id_ex_stage inherited from another file.
riscv/tb_core_v1_hazard.v:1: ...: The inherited timescale is here.
../src/riscv/if_stage.v:4: warning: timescale for if_stage inherited from another file.
riscv/tb_core_v1_hazard.v:1: ...: The inherited timescale is here.
../src/riscv/imem.v:3: warning: timescale for imem inherited from another file.
riscv/tb_core_v1_hazard.v:1: ...: The inherited timescale is here.
../src/riscv/mem_wb_stage.v:2: warning: timescale for mem_wb_stage inherited from another file.
riscv/tb_core_v1_hazard.v:1: ...: The inherited timescale is here.
../src/riscv/muldiv.v:3: warning: timescale for muldiv inherited from another file.
riscv/tb_core_v1_hazard.v:1: ...: The inherited timescale is here.
../src/riscv/pc.v:3: warning: timescale for pc inherited from another file.
riscv/tb_core_v1_hazard.v:1: ...: The inherited timescale is here.
../src/riscv/pynq_z2_top.v:3: warning: timescale for pynq_z2_top inherited from another file.
riscv/tb_core_v1_hazard.v:1: ...: The inherited timescale is here.
../src/riscv/regfile.v:3: warning: timescale for regfile inherited from another file.
riscv/tb_core_v1_hazard.v:1: ...: The inherited timescale is here.
../src/riscv/soc_top.v:3: warning: timescale for soc_top inherited from another file.
riscv/tb_core_v1_hazard.v:1: ...: The inherited timescale is here.
PASS: v1 hazard mode=0 cycles=15
riscv/tb_core_v1_hazard.v:101: $finish called at 186000 (1ps)
== tb_core_v1_muldiv_flow ==
../src/riscv/alu.v:3: warning: timescale for alu inherited from another file.
riscv/tb_core_v1_muldiv_flow.v:1: ...: The inherited timescale is here.
../src/riscv/branch_predict.v:1: warning: timescale for branch_predict inherited from another file.
riscv/tb_core_v1_muldiv_flow.v:1: ...: The inherited timescale is here.
../src/riscv/core_top.v:3: warning: timescale for core_top inherited from another file.
riscv/tb_core_v1_muldiv_flow.v:1: ...: The inherited timescale is here.
../src/riscv/decode.v:3: warning: timescale for decode inherited from another file.
riscv/tb_core_v1_muldiv_flow.v:1: ...: The inherited timescale is here.
../src/riscv/dmem.v:3: warning: timescale for dmem inherited from another file.
riscv/tb_core_v1_muldiv_flow.v:1: ...: The inherited timescale is here.
../src/riscv/forwarding.v:2: warning: timescale for forwarding inherited from another file.
riscv/tb_core_v1_muldiv_flow.v:1: ...: The inherited timescale is here.
../src/riscv/hazard.v:2: warning: timescale for hazard inherited from another file.
riscv/tb_core_v1_muldiv_flow.v:1: ...: The inherited timescale is here.
../src/riscv/id_ex_stage.v:2: warning: timescale for id_ex_stage inherited from another file.
riscv/tb_core_v1_muldiv_flow.v:1: ...: The inherited timescale is here.
../src/riscv/if_stage.v:4: warning: timescale for if_stage inherited from another file.
riscv/tb_core_v1_muldiv_flow.v:1: ...: The inherited timescale is here.
../src/riscv/imem.v:3: warning: timescale for imem inherited from another file.
riscv/tb_core_v1_muldiv_flow.v:1: ...: The inherited timescale is here.
../src/riscv/mem_wb_stage.v:2: warning: timescale for mem_wb_stage inherited from another file.
riscv/tb_core_v1_muldiv_flow.v:1: ...: The inherited timescale is here.
../src/riscv/muldiv.v:3: warning: timescale for muldiv inherited from another file.
riscv/tb_core_v1_muldiv_flow.v:1: ...: The inherited timescale is here.
../src/riscv/pc.v:3: warning: timescale for pc inherited from another file.
riscv/tb_core_v1_muldiv_flow.v:1: ...: The inherited timescale is here.
../src/riscv/pynq_z2_top.v:3: warning: timescale for pynq_z2_top inherited from another file.
riscv/tb_core_v1_muldiv_flow.v:1: ...: The inherited timescale is here.
../src/riscv/regfile.v:3: warning: timescale for regfile inherited from another file.
riscv/tb_core_v1_muldiv_flow.v:1: ...: The inherited timescale is here.
../src/riscv/soc_top.v:3: warning: timescale for soc_top inherited from another file.
riscv/tb_core_v1_muldiv_flow.v:1: ...: The inherited timescale is here.
PASS: v1 muldiv mode=1 start=1 busy=16 done=1 x2/x3/x4=1/1/1 stalls=0/0/0
riscv/tb_core_v1_muldiv_flow.v:102: $finish called at 1036000 (1ps)
== tb_core_v1_muldiv_flow ==
../src/riscv/alu.v:3: warning: timescale for alu inherited from another file.
riscv/tb_core_v1_muldiv_flow.v:1: ...: The inherited timescale is here.
../src/riscv/branch_predict.v:1: warning: timescale for branch_predict inherited from another file.
riscv/tb_core_v1_muldiv_flow.v:1: ...: The inherited timescale is here.
../src/riscv/core_top.v:3: warning: timescale for core_top inherited from another file.
riscv/tb_core_v1_muldiv_flow.v:1: ...: The inherited timescale is here.
../src/riscv/decode.v:3: warning: timescale for decode inherited from another file.
riscv/tb_core_v1_muldiv_flow.v:1: ...: The inherited timescale is here.
../src/riscv/dmem.v:3: warning: timescale for dmem inherited from another file.
riscv/tb_core_v1_muldiv_flow.v:1: ...: The inherited timescale is here.
../src/riscv/forwarding.v:2: warning: timescale for forwarding inherited from another file.
riscv/tb_core_v1_muldiv_flow.v:1: ...: The inherited timescale is here.
../src/riscv/hazard.v:2: warning: timescale for hazard inherited from another file.
riscv/tb_core_v1_muldiv_flow.v:1: ...: The inherited timescale is here.
../src/riscv/id_ex_stage.v:2: warning: timescale for id_ex_stage inherited from another file.
riscv/tb_core_v1_muldiv_flow.v:1: ...: The inherited timescale is here.
../src/riscv/if_stage.v:4: warning: timescale for if_stage inherited from another file.
riscv/tb_core_v1_muldiv_flow.v:1: ...: The inherited timescale is here.
../src/riscv/imem.v:3: warning: timescale for imem inherited from another file.
riscv/tb_core_v1_muldiv_flow.v:1: ...: The inherited timescale is here.
../src/riscv/mem_wb_stage.v:2: warning: timescale for mem_wb_stage inherited from another file.
riscv/tb_core_v1_muldiv_flow.v:1: ...: The inherited timescale is here.
../src/riscv/muldiv.v:3: warning: timescale for muldiv inherited from another file.
riscv/tb_core_v1_muldiv_flow.v:1: ...: The inherited timescale is here.
../src/riscv/pc.v:3: warning: timescale for pc inherited from another file.
riscv/tb_core_v1_muldiv_flow.v:1: ...: The inherited timescale is here.
../src/riscv/pynq_z2_top.v:3: warning: timescale for pynq_z2_top inherited from another file.
riscv/tb_core_v1_muldiv_flow.v:1: ...: The inherited timescale is here.
../src/riscv/regfile.v:3: warning: timescale for regfile inherited from another file.
riscv/tb_core_v1_muldiv_flow.v:1: ...: The inherited timescale is here.
../src/riscv/soc_top.v:3: warning: timescale for soc_top inherited from another file.
riscv/tb_core_v1_muldiv_flow.v:1: ...: The inherited timescale is here.
PASS: v1 muldiv mode=0 start=1 busy=16 done=1 x2/x3/x4=1/1/1 stalls=2/1/1
riscv/tb_core_v1_muldiv_flow.v:102: $finish called at 1036000 (1ps)
== tb_core_bht_flow ==
../src/riscv/alu.v:3: warning: timescale for alu inherited from another file.
riscv/tb_core_bht_flow.v:1: ...: The inherited timescale is here.
../src/riscv/branch_predict.v:1: warning: timescale for branch_predict inherited from another file.
riscv/tb_core_bht_flow.v:1: ...: The inherited timescale is here.
../src/riscv/core_top.v:3: warning: timescale for core_top inherited from another file.
riscv/tb_core_bht_flow.v:1: ...: The inherited timescale is here.
../src/riscv/decode.v:3: warning: timescale for decode inherited from another file.
riscv/tb_core_bht_flow.v:1: ...: The inherited timescale is here.
../src/riscv/dmem.v:3: warning: timescale for dmem inherited from another file.
riscv/tb_core_bht_flow.v:1: ...: The inherited timescale is here.
../src/riscv/forwarding.v:2: warning: timescale for forwarding inherited from another file.
riscv/tb_core_bht_flow.v:1: ...: The inherited timescale is here.
../src/riscv/hazard.v:2: warning: timescale for hazard inherited from another file.
riscv/tb_core_bht_flow.v:1: ...: The inherited timescale is here.
../src/riscv/id_ex_stage.v:2: warning: timescale for id_ex_stage inherited from another file.
riscv/tb_core_bht_flow.v:1: ...: The inherited timescale is here.
../src/riscv/if_stage.v:4: warning: timescale for if_stage inherited from another file.
riscv/tb_core_bht_flow.v:1: ...: The inherited timescale is here.
../src/riscv/imem.v:3: warning: timescale for imem inherited from another file.
riscv/tb_core_bht_flow.v:1: ...: The inherited timescale is here.
../src/riscv/mem_wb_stage.v:2: warning: timescale for mem_wb_stage inherited from another file.
riscv/tb_core_bht_flow.v:1: ...: The inherited timescale is here.
../src/riscv/muldiv.v:3: warning: timescale for muldiv inherited from another file.
riscv/tb_core_bht_flow.v:1: ...: The inherited timescale is here.
../src/riscv/pc.v:3: warning: timescale for pc inherited from another file.
riscv/tb_core_bht_flow.v:1: ...: The inherited timescale is here.
../src/riscv/pynq_z2_top.v:3: warning: timescale for pynq_z2_top inherited from another file.
riscv/tb_core_bht_flow.v:1: ...: The inherited timescale is here.
../src/riscv/regfile.v:3: warning: timescale for regfile inherited from another file.
riscv/tb_core_bht_flow.v:1: ...: The inherited timescale is here.
../src/riscv/soc_top.v:3: warning: timescale for soc_top inherited from another file.
riscv/tb_core_bht_flow.v:1: ...: The inherited timescale is here.
PASS: BHT mode 0, wrong-path store/RF/muldiv suppressed
riscv/tb_core_bht_flow.v:95: $finish called at 766000 (1ps)
== tb_core_bht_flow ==
../src/riscv/alu.v:3: warning: timescale for alu inherited from another file.
riscv/tb_core_bht_flow.v:1: ...: The inherited timescale is here.
../src/riscv/branch_predict.v:1: warning: timescale for branch_predict inherited from another file.
riscv/tb_core_bht_flow.v:1: ...: The inherited timescale is here.
../src/riscv/core_top.v:3: warning: timescale for core_top inherited from another file.
riscv/tb_core_bht_flow.v:1: ...: The inherited timescale is here.
../src/riscv/decode.v:3: warning: timescale for decode inherited from another file.
riscv/tb_core_bht_flow.v:1: ...: The inherited timescale is here.
../src/riscv/dmem.v:3: warning: timescale for dmem inherited from another file.
riscv/tb_core_bht_flow.v:1: ...: The inherited timescale is here.
../src/riscv/forwarding.v:2: warning: timescale for forwarding inherited from another file.
riscv/tb_core_bht_flow.v:1: ...: The inherited timescale is here.
../src/riscv/hazard.v:2: warning: timescale for hazard inherited from another file.
riscv/tb_core_bht_flow.v:1: ...: The inherited timescale is here.
../src/riscv/id_ex_stage.v:2: warning: timescale for id_ex_stage inherited from another file.
riscv/tb_core_bht_flow.v:1: ...: The inherited timescale is here.
../src/riscv/if_stage.v:4: warning: timescale for if_stage inherited from another file.
riscv/tb_core_bht_flow.v:1: ...: The inherited timescale is here.
../src/riscv/imem.v:3: warning: timescale for imem inherited from another file.
riscv/tb_core_bht_flow.v:1: ...: The inherited timescale is here.
../src/riscv/mem_wb_stage.v:2: warning: timescale for mem_wb_stage inherited from another file.
riscv/tb_core_bht_flow.v:1: ...: The inherited timescale is here.
../src/riscv/muldiv.v:3: warning: timescale for muldiv inherited from another file.
riscv/tb_core_bht_flow.v:1: ...: The inherited timescale is here.
../src/riscv/pc.v:3: warning: timescale for pc inherited from another file.
riscv/tb_core_bht_flow.v:1: ...: The inherited timescale is here.
../src/riscv/pynq_z2_top.v:3: warning: timescale for pynq_z2_top inherited from another file.
riscv/tb_core_bht_flow.v:1: ...: The inherited timescale is here.
../src/riscv/regfile.v:3: warning: timescale for regfile inherited from another file.
riscv/tb_core_bht_flow.v:1: ...: The inherited timescale is here.
../src/riscv/soc_top.v:3: warning: timescale for soc_top inherited from another file.
riscv/tb_core_bht_flow.v:1: ...: The inherited timescale is here.
PASS: BHT mode 1, wrong-path store/RF/muldiv suppressed
riscv/tb_core_bht_flow.v:95: $finish called at 706000 (1ps)
PASS: injected
CASE: pass result=0 wanted=accept
# if true { error failed }
PASS: injected
CASE: tcl_echo result=0 wanted=accept
FAIL: injected
ERROR: simulation gate rejected build/vision/gate/fail_zero.log
CASE: fail_zero result=1 wanted=reject
PASS: injected
FAIL: injected
ERROR: simulation gate rejected build/vision/gate/mixed.log
CASE: mixed result=1 wanted=reject
FATAL: injected
ERROR: simulation gate rejected build/vision/gate/fatal.log
CASE: fatal result=1 wanted=reject
INFO: no verdict
ERROR: simulation gate rejected build/vision/gate/no_pass.log
CASE: no_pass result=1 wanted=reject
PASS: injected
ERROR: simulation gate rejected build/vision/gate/process_failed.log
CASE: process_failed result=1 wanted=reject
ERROR: missing testbench build/vision/gate/not-a-testbench.v
CASE: missing_tb result=1 wanted=reject
PASS: vision gate 8 cases (PASS/FAIL/fatal/exit/missing tb)
== tb_rgb2gray ==
vision/tb_rgb2gray.v:12: warning: Instantiating module rgb2gray with dangling input port 2 (in_vs) floating.
vision/tb_rgb2gray.v:12: warning: Instantiating module rgb2gray with dangling input port 3 (in_hs) floating.
PASS: rgb2gray 128 px, 0 errors
vision/tb_rgb2gray.v:44: $finish called at 1340000 (1ps)
== tb_line_buffer ==
PASS: line_buffer sync-read, read-before-write, addressing
vision/tb_line_buffer.v:60: $finish called at 360000 (1ps)
== tb_gaussian3x3 ==
PASS: gaussian3x3 128 px, 0 errors
vision/tb_gaussian3x3.v:55: $finish called at 2140000 (1ps)
== tb_scaler ==
../src/vision/scaler.v:105: warning: @* is sensitive to all 16 words in array 'slot_rd'.
../src/vision/scaler.v:106: warning: @* is sensitive to all 16 words in array 'slot_rd'.
../src/vision/scaler.v:118: warning: @* is sensitive to all 16 words in array 'slot_rd'.
../src/vision/scaler.v:119: warning: @* is sensitive to all 16 words in array 'slot_rd'.
PASS: scaler 16x8->32x16, 512 px, 0 errors
vision/tb_scaler.v:69: $finish called at 14740000 (1ps)
== tb_scaler_ds ==
../src/vision/scaler.v:105: warning: @* is sensitive to all 8 words in array 'slot_rd'.
../src/vision/scaler.v:106: warning: @* is sensitive to all 8 words in array 'slot_rd'.
../src/vision/scaler.v:118: warning: @* is sensitive to all 8 words in array 'slot_rd'.
../src/vision/scaler.v:119: warning: @* is sensitive to all 8 words in array 'slot_rd'.
PASS: scaler_ds 32x16->8x4 downscale, 32 px, 0 errors (slot reuse exercised)
vision/tb_scaler_ds.v:71: $finish called at 18980000 (1ps)
== tb_sobel ==
PASS: sobel 128 px, 0 errors
vision/tb_sobel.v:55: $finish called at 2140000 (1ps)
== tb_chain ==
PASS: chain rgb2gray->gaussian, gray 128 px + gauss 128 px, 0 errors
vision/tb_chain.v:76: $finish called at 2140000 (1ps)
== tb_fullchain ==
../src/vision/scaler.v:105: warning: @* is sensitive to all 16 words in array 'slot_rd'.
../src/vision/scaler.v:106: warning: @* is sensitive to all 16 words in array 'slot_rd'.
../src/vision/scaler.v:118: warning: @* is sensitive to all 16 words in array 'slot_rd'.
../src/vision/scaler.v:119: warning: @* is sensitive to all 16 words in array 'slot_rd'.
PASS: fullchain gray 128 + gauss 128 + scaler 512 px, 0 errors
vision/tb_fullchain.v:96: $finish called at 15740000 (1ps)
== tb_osd ==
PASS: osd 2 frames 256 px, 0 errors (param latch at vs verified)
vision/tb_osd.v:90: $finish called at 3500000 (1ps)
== tb_axi_regs ==
PASS: axi_regs rw/strb/reserved/oob/flat, 0 errors
vision/tb_axi_regs.v:119: $finish called at 460000 (1ps)
== tb_in_align ==
PASS: in_align 3 frames, 384 px passthrough, 24 hs/4 vs, spacing OK (vs/hs collision deferred)
vision/tb_in_align.v:137: $finish called at 5780000 (1ps)
== tb_cop_buf ==
PASS: cop_buf 3 frames ping-pong, 96 px replay = golden, ready-gate + concurrent write verified
vision/tb_cop_buf.v:89: $finish called at 5390000 (1ps)
== tb_top ==
../src/vision/scaler.v:105: warning: @* is sensitive to all 16 words in array 'slot_rd'.
../src/vision/scaler.v:106: warning: @* is sensitive to all 16 words in array 'slot_rd'.
../src/vision/scaler.v:118: warning: @* is sensitive to all 16 words in array 'slot_rd'.
../src/vision/scaler.v:119: warning: @* is sensitive to all 16 words in array 'slot_rd'.
PASS: vision_top v0.3 6 frames dual-path, display 768 px + cop 512 px, 0 errors (frame-latch verified)
PASS: A5 latency gray=1 gauss=25 gauss+sobel=50 cycles (window lag + pipelined arithmetic), scaler throughput-based
vision/tb_top.v:227: $finish called at 136940000 (1ps)
== tb_cop_buf_stress ==
PASS: cop_buf distinct frames, simultaneous start/commit, congestion, drain and reset
vision/tb_cop_buf_stress.v:73: $finish called at 10210000 (1ps)
== tb_axi_split ==
PASS: AXI AW-before-W/W-before-AW, response backpressure, captured payload
vision/tb_axi_split.v:45: $finish called at 300000 (1ps)
== tb_config_bridge ==
PASS: config CDC async clocks, atomic bundle, busy reject, frame apply, ack, reset
vision/tb_config_bridge.v:43: $finish called at 700000 (1ps)
== tb_top_async ==
../src/vision/scaler.v:105: warning: @* is sensitive to all 8 words in array 'slot_rd'.
../src/vision/scaler.v:106: warning: @* is sensitive to all 8 words in array 'slot_rd'.
../src/vision/scaler.v:118: warning: @* is sensitive to all 8 words in array 'slot_rd'.
../src/vision/scaler.v:119: warning: @* is sensitive to all 8 words in array 'slot_rd'.
PASS: top async config staging, busy SLVERR, atomic frame apply, status epoch
vision/tb_top_async.v:56: $finish called at 780000 (1ps)
== tb_top_color ==
../src/vision/scaler.v:105: warning: @* is sensitive to all 8 words in array 'slot_rd'.
../src/vision/scaler.v:106: warning: @* is sensitive to all 8 words in array 'slot_rd'.
../src/vision/scaler.v:118: warning: @* is sensitive to all 8 words in array 'slot_rd'.
../src/vision/scaler.v:119: warning: @* is sensitive to all 8 words in array 'slot_rd'.
PASS: RGB display 256 pixels exact, all analysis enables, stalled consumer, frame IDs
vision/tb_top_color.v:50: $finish called at 23590000 (1ps)
== tb_video_pipeline ==
../src/vision/scaler.v:105: warning: @* is sensitive to all 8 words in array 'slot_rd'.
../src/vision/scaler.v:106: warning: @* is sensitive to all 8 words in array 'slot_rd'.
../src/vision/scaler.v:118: warning: @* is sensitive to all 8 words in array 'slot_rd'.
../src/vision/scaler.v:119: warning: @* is sensitive to all 8 words in array 'slot_rd'.
PASS: raw HDMI parallel sync/color passthrough + normalized analysis, 2 snapshots with frame/config IDs
vision/tb_video_pipeline.v:52: $finish called at 10240000 (1ps)
== tb_video_real ==
../src/vision/scaler.v:105: warning: @* is sensitive to all 8 words in array 'slot_rd'.
../src/vision/scaler.v:106: warning: @* is sensitive to all 8 words in array 'slot_rd'.
../src/vision/scaler.v:118: warning: @* is sensitive to all 8 words in array 'slot_rd'.
../src/vision/scaler.v:119: warning: @* is sensitive to all 8 words in array 'slot_rd'.
PASS: 720p timing 2 consecutive frames, 1843200 RGB px + 100352 snapshot px, 448 rows, IDs exact, no drops
vision/tb_video_real.v:58: $finish called at 25350240000 (1ps)
== tb_vision_axi ==
../src/vision/scaler.v:105: warning: @* is sensitive to all 8 words in array 'slot_rd'.
../src/vision/scaler.v:106: warning: @* is sensitive to all 8 words in array 'slot_rd'.
../src/vision/scaler.v:118: warning: @* is sensitive to all 8 words in array 'slot_rd'.
../src/vision/scaler.v:119: warning: @* is sensitive to all 8 words in array 'slot_rd'.
PASS: AXI HDMI wrapper RBG/RGB/raw sync + lock-loss reset
vision/tb_vision_axi.v:36: $finish called at 510000 (1ps)
== tb_axi_lock_reset ==
../src/vision/scaler.v:105: warning: @* is sensitive to all 8 words in array 'slot_rd'.
../src/vision/scaler.v:106: warning: @* is sensitive to all 8 words in array 'slot_rd'.
../src/vision/scaler.v:118: warning: @* is sensitive to all 8 words in array 'slot_rd'.
../src/vision/scaler.v:119: warning: @* is sensitive to all 8 words in array 'slot_rd'.
INFO baseline write/read ok
INFO in-flight write completed across lock drop
INFO bready=0 pending write survived lock drop
PASS: AXI slave survives video lock drop with in-flight transactions
vision/tb_axi_lock_reset.v:144: $finish called at 490000 (1ps)
== tb_patterns ==
../src/vision/scaler.v:105: warning: @* is sensitive to all 8 words in array 'slot_rd'.
../src/vision/scaler.v:106: warning: @* is sensitive to all 8 words in array 'slot_rd'.
../src/vision/scaler.v:118: warning: @* is sensitive to all 8 words in array 'slot_rd'.
../src/vision/scaler.v:119: warning: @* is sensitive to all 8 words in array 'slot_rd'.
PASS: 3 synthetic nonconstant RGB scenes -> gaussian/scaler/cop_buf, 96 pixels + IDs exact
vision/tb_patterns.v:54: $finish called at 14550000 (1ps)
PASS: PS configuration staging/commit/ack/busy/timeout/epoch wrap mock protocol
PASS: localization empty/multiple/non-grid/noise/limit/border + per-target crop/resize/frame metadata
PASS: M2 HTTP mock check/config/status/location + check/config/session/stale/error contract
PASS: file localization exact boxes/crops, metadata, empty/recheck and invalid input
PASS: PGM/hex exact row order, hashes, target association and stale manifest isolation
PASS: ARM portable package E:\Projects\FPGA-Alittle-Design\sim\build\arm-localize-package-test.tar.gz
PASS: isolated portable package, missing/tampered file gate and retained benchmark samples
IVERILOG-ALL-EXIT:0
