INFO: [Common 17-3922] A valid Vivado Design Suite BASIC license has been detected. Your current license is active and will expire on 14-sep-2027.

****** Vivado v2026.1 (64-bit)
  **** SW Build 6511674 on Tue Jun 16 11:02:23 MDT 2026
  **** IP Build 6504888 on Tue Jun 09 09:05:25 MDT 2026
  **** SharedData Build 6501428 on Mon Jun 08 17:34:18 MDT 2026
  **** Start of session at: Wed Oct  7 16:57:22 2026
    ** Copyright 1986-2022 Xilinx, Inc. All Rights Reserved.
    ** Copyright 2022-2026 Advanced Micro Devices, Inc. All Rights Reserved.

source board/scripts/program_soc.tcl
# set script_dir [file normalize [file dirname [info script]]]
# set root [file normalize [file join $script_dir .. ..]]
# if {[llength $argv] > 1} {error "Usage: program_soc.tcl ?bitstream?"}
# if {[llength $argv] == 1} {
#     set bitstream [file normalize [lindex $argv 0]]
# } else {
#     set bitstream [file join $root build run soc pynq_z2_soc.bit]
# }
# if {![file isfile $bitstream] || [file size $bitstream] == 0} {
#     error "Bitstream missing or empty: $bitstream"
# }
# if {[catch {
#     open_hw_manager
#     connect_hw_server
#     open_hw_target
# 
#     set matches {}
#     foreach device [get_hw_devices] {
#         set part [get_property -quiet PART $device]
#         puts "FOUND: $device PART=$part"
#         if {[string match -nocase "xc7z020*" $part]} {
#             lappend matches $device
#         }
#     }
#     if {[llength $matches] != 1} {
#         error "Expected exactly one XC7Z020, found [llength $matches]"
#     }
# 
#     set device [lindex $matches 0]
#     current_hw_device $device
#     refresh_hw_device -update_hw_probes false $device
#     set_property PROGRAM.FILE $bitstream $device
#     puts "PROGRAMMING: $device"
#     program_hw_devices $device
#     puts "PROGRAM PASSED: $device <- $bitstream"
# } message options]} {
#     puts stderr "PROGRAM FAILED: $message"
#     if {[dict exists $options -errorinfo]} {
#         puts stderr [dict get $options -errorinfo]
#     }
#     catch {close_hw_manager}
#     exit 1
# }
open_hw_manager: Time (s): cpu = 00:00:12 ; elapsed = 00:00:10 . Memory (MB): peak = 615.105 ; gain = 271.867
INFO: [Labtools 27-2285] Connecting to hw_server url TCP:localhost:3121
INFO: [Labtools 27-2222] Launching hw_server...
INFO: [Labtools 27-2221] Launch Output:

****** Xilinx hw_server v2026.1
  **** Build date : May 29 2026 at 14:55:19
    ** Copyright 1986-2022 Xilinx, Inc. All Rights Reserved.


INFO: [Labtools 27-3415] Connecting to cs_server url TCP:localhost:0
INFO: [Labtools 27-3417] Launching cs_server...
INFO: [Labtools 27-2221] Launch Output:

****** Xilinx cs_server v2026.1
  **** Build Info : #60 | 2026-06-15 19:15 UTC | a9691a9
    ** Copyright 2017-2022 Xilinx, Inc. All Rights Reserved.
    ** Copyright 2022-2026 Advanced Micro Devices, Inc. All Rights Reserved.



connect_hw_server: Time (s): cpu = 00:00:00 ; elapsed = 00:00:11 . Memory (MB): peak = 621.312 ; gain = 6.207
INFO: [Labtoolstcl 44-466] Opening hw_target localhost:3121/xilinx_tcf/Xilinx/1234-tulA
FOUND: arm_dap_0 PART=arm_dap
FOUND: xc7z020_1 PART=xc7z020
INFO: [Labtools 27-2302] Device xc7z020 (JTAG device index = 1) is programmed with a design that has 1 ILA core(s).
PROGRAMMING: xc7z020_1
INFO: [Labtools 27-3164] End of startup status: HIGH
PROGRAM PASSED: xc7z020_1 <- E:/Projects/FPGA-Alittle-Design/build/run/soc_40mhz_bht2/pynq_z2_soc_40mhz_bht2.bit
# close_hw_manager
# exit 0
INFO: [Common 17-206] Exiting Vivado at Wed Oct  7 16:57:55 2026...
EXIT:0
