Copyright 1986-2022 Xilinx, Inc. All Rights Reserved. Copyright 2022-2026 Advanced Micro Devices, Inc. All Rights Reserved.
--------------------------------------------------------------------------------------------------------------------------------------------------------
| Tool Version : Vivado v.2026.1 (win64) Build 6511674 Tue Jun 16 11:02:23 MDT 2026
| Date         : Tue Oct  6 22:14:57 2026
| Host         : Walter-Cooper running 64-bit major release  (build 9200)
| Command      : report_design_analysis -file D:/Desktop/contests/2026fpga/FPGA-Alittle-Design/build/reports/fmax/v1_bht2_10ns/design_analysis_impl.rpt
| Design       : core_top
| Device       : xc7z020
| Design State : Routed
--------------------------------------------------------------------------------------------------------------------------------------------------------

Report Design Analysis

Table of Contents
-----------------
1. Setup Path Characteristics 1-1
2. Logic Level Distribution
3. Placer Final Level Congestion Reporting
4. Initial Estimated Router Congestion Reporting

1. Setup Path Characteristics 1-1
---------------------------------

+---------------------------+-------------------------------------------------------------------------------------------------------------------------------------------------------------------+
|      Characteristics      |                                                                              Path #1                                                                              |
+---------------------------+-------------------------------------------------------------------------------------------------------------------------------------------------------------------+
| Requirement               | 10.000                                                                                                                                                            |
| Path Delay                | 11.964                                                                                                                                                            |
| Logic Delay               | 3.381(29%)                                                                                                                                                        |
| Net Delay                 | 8.583(71%)                                                                                                                                                        |
| Clock Skew                | 0.012                                                                                                                                                             |
| Slack                     | -1.955                                                                                                                                                            |
| Clock Uncertainty         | 0.035                                                                                                                                                             |
| Clock Relationship        | Safely Timed                                                                                                                                                      |
| Clock Delay Group         | Same Clock                                                                                                                                                        |
| Logic Levels              | 17                                                                                                                                                                |
| Routes                    | 16                                                                                                                                                                |
| Logical Path              | FDPE/C-(112)-LUT6-(17)-LUT6-(87)-LUT6-(5)-LUT4-(20)-LUT6-(5)-LUT6-(2)-LUT4-(1)-LUT6-(5)-LUT3-(1)-CARRY4-CARRY4-CARRY4-CARRY4-CARRY4-CARRY4-CARRY4-LUT5-(1)-FDCE/D |
| Start Point Clock         | sys_clk                                                                                                                                                           |
| End Point Clock           | sys_clk                                                                                                                                                           |
| DSP Block                 | None                                                                                                                                                              |
| RAM Registers             | None-None                                                                                                                                                         |
| IO Crossings              | 0                                                                                                                                                                 |
| Config Crossings          | 0                                                                                                                                                                 |
| SLR Crossings             | 0                                                                                                                                                                 |
| PBlocks                   | 0                                                                                                                                                                 |
| High Fanout               | 112                                                                                                                                                               |
| ASYNC REG                 | 0                                                                                                                                                                 |
| Dont Touch                | 0                                                                                                                                                                 |
| Mark Debug                | 0                                                                                                                                                                 |
| Start Point Pin Primitive | FDPE/C                                                                                                                                                            |
| End Point Pin Primitive   | FDCE/D                                                                                                                                                            |
| Start Point Pin           | flush_q_reg/C                                                                                                                                                     |
| End Point Pin             | pc_reg[30]/D                                                                                                                                                      |
+---------------------------+-------------------------------------------------------------------------------------------------------------------------------------------------------------------+
* Bounding box calculated as % of dimensions for the target device (308, 299)


2. Logic Level Distribution
---------------------------

+-----------------+-------------+----+----+----+----+----+-----+----+-----+----+----+----+----+----+----+----+----+----+----+----+----+----+----+
| End Point Clock | Requirement |  3 |  4 |  5 |  6 |  7 |  8  |  9 |  10 | 11 | 12 | 13 | 14 | 15 | 16 | 17 | 18 | 19 | 20 | 21 | 22 | 23 | 24 |
+-----------------+-------------+----+----+----+----+----+-----+----+-----+----+----+----+----+----+----+----+----+----+----+----+----+----+----+
| sys_clk         | 10.000ns    | 20 | 60 | 34 | 10 | 47 | 459 | 35 | 173 | 23 | 22 | 18 | 10 | 13 |  9 | 12 | 12 |  8 |  8 |  8 |  8 |  7 |  4 |
+-----------------+-------------+----+----+----+----+----+-----+----+-----+----+----+----+----+----+----+----+----+----+----+----+----+----+----+
* Columns represent the logic levels per end point clock
** Distribution is for top worst 1000 paths


3. Placer Final Level Congestion Reporting
------------------------------------------

+-----------+------+-------+------------+--------+---------------+----------------+-----+--------+------+------+------+-----+-------+-----+------------+
| Direction | Type | Level | Congestion | Window | Combined LUTs | Avg LUT Inputs | LUT | LUTRAM | Flop | MUXF | RAMB | DSP | CARRY | SRL | Cell Names |
+-----------+------+-------+------------+--------+---------------+----------------+-----+--------+------+------+------+-----+-------+-----+------------+
* No congestion windows are found above level 5


4. Initial Estimated Router Congestion Reporting
------------------------------------------------

+-----------+------+-------+------------------+--------+---------------+----------------+-----+--------+------+------+------+-----+-------+-----+------------+
| Direction | Type | Level | Percentage Tiles | Window | Combined LUTs | Avg LUT Inputs | LUT | LUTRAM | Flop | MUXF | RAMB | DSP | CARRY | SRL | Cell Names |
+-----------+------+-------+------------------+--------+---------------+----------------+-----+--------+------+------+------+-----+-------+-----+------------+
* No initial estimated congestion windows are found above level 5


