Copyright 1986-2022 Xilinx, Inc. All Rights Reserved. Copyright 2022-2026 Advanced Micro Devices, Inc. All Rights Reserved.
---------------------------------------------------------------------------------------------------------------------------------------------------------------
| Tool Version : Vivado v.2026.1 (win64) Build 6511674 Tue Jun 16 11:02:23 MDT 2026
| Date         : Tue Oct  6 22:13:33 2026
| Host         : Walter-Cooper running 64-bit major release  (build 9200)
| Command      : report_timing_summary -file D:/Desktop/contests/2026fpga/FPGA-Alittle-Design/build/reports/fmax/v1_bht2_10ns/timing_synth.rpt -delay_type max
| Design       : core_top
| Device       : 7z020-clg400
| Speed File   : -1  PRODUCTION 1.12 2019-11-22
| Design State : Synthesized
---------------------------------------------------------------------------------------------------------------------------------------------------------------

Timing Summary Report

------------------------------------------------------------------------------------------------
| Timer Settings
| --------------
------------------------------------------------------------------------------------------------

  Enable Multi Corner Analysis               :  Yes
  Enable Pessimism Removal                   :  Yes
  Pessimism Removal Resolution               :  Nearest Common Node
  Enable Input Delay Default Clock           :  No
  Enable Preset / Clear Arcs                 :  No
  Disable Flight Delays                      :  No
  Ignore I/O Paths                           :  No
  Timing Early Launch at Borrowing Latches   :  No
  Borrow Time for Max Delay Exceptions       :  Yes
  Merge Timing Exceptions                    :  Yes
  Inter-SLR Compensation                     :  Conservative

  Corner  Analyze    Analyze    
  Name    Max Paths  Min Paths  
  ------  ---------  ---------  
  Slow    Yes        Yes        
  Fast    Yes        Yes        


------------------------------------------------------------------------------------------------
| Report Methodology
| ------------------
------------------------------------------------------------------------------------------------

No report available as report_methodology has not been run prior. Run report_methodology on the current design for the summary of methodology violations.



check_timing report

Table of Contents
-----------------
1. checking no_clock (0)
2. checking constant_clock (0)
3. checking pulse_width_clock (0)
4. checking unconstrained_internal_endpoints (0)
5. checking no_input_delay (65)
6. checking no_output_delay (101)
7. checking multiple_clock (0)
8. checking generated_clocks (0)
9. checking loops (0)
10. checking partial_input_delay (0)
11. checking partial_output_delay (0)
12. checking latch_loops (0)

1. checking no_clock (0)
------------------------
 There are 0 register/latch pins with no clock.


2. checking constant_clock (0)
------------------------------
 There are 0 register/latch pins with constant_clock.


3. checking pulse_width_clock (0)
---------------------------------
 There are 0 register/latch pins which need pulse_width check


4. checking unconstrained_internal_endpoints (0)
------------------------------------------------
 There are 0 pins that are not constrained for maximum delay.

 There are 0 pins that are not constrained for maximum delay due to constant clock.


5. checking no_input_delay (65)
-------------------------------
 There are 65 input ports with no input delay specified. (HIGH)

 There are 0 input ports with no input delay but user has a false path constraint.


6. checking no_output_delay (101)
---------------------------------
 There are 101 ports with no output delay specified. (HIGH)

 There are 0 ports with no output delay but user has a false path constraint

 There are 0 ports with no output delay but with a timing clock defined on it or propagating through it


7. checking multiple_clock (0)
------------------------------
 There are 0 register/latch pins with multiple clocks.


8. checking generated_clocks (0)
--------------------------------
 There are 0 generated clocks that are not connected to a clock source.


9. checking loops (0)
---------------------
 There are 0 combinational loops in the design.


10. checking partial_input_delay (0)
------------------------------------
 There are 0 input ports with partial input delay specified.


11. checking partial_output_delay (0)
-------------------------------------
 There are 0 ports with partial output delay specified.


12. checking latch_loops (0)
----------------------------
 There are 0 combinational latch loops in the design through latch input



------------------------------------------------------------------------------------------------
| Design Timing Summary
| ---------------------
------------------------------------------------------------------------------------------------

    WNS(ns)      TNS(ns)  TNS Failing Endpoints  TNS Total Endpoints     WPWS(ns)     TPWS(ns)  TPWS Failing Endpoints  TPWS Total Endpoints  
    -------      -------  ---------------------  -------------------     --------     --------  ----------------------  --------------------  
     -3.496     -159.039                    116                 1635        3.750        0.000                       0                   725  


Timing constraints are not met.


------------------------------------------------------------------------------------------------
| Clock Summary
| -------------
------------------------------------------------------------------------------------------------

Clock    Waveform(ns)       Period(ns)      Frequency(MHz)
-----    ------------       ----------      --------------
sys_clk  {0.000 5.000}      10.000          100.000         


------------------------------------------------------------------------------------------------
| Intra Clock Table
| -----------------
------------------------------------------------------------------------------------------------

Clock             WNS(ns)      TNS(ns)  TNS Failing Endpoints  TNS Total Endpoints     WPWS(ns)     TPWS(ns)  TPWS Failing Endpoints  TPWS Total Endpoints  
-----             -------      -------  ---------------------  -------------------     --------     --------  ----------------------  --------------------  
sys_clk            -3.496     -159.039                    116                 1635        3.750        0.000                       0                   725  


------------------------------------------------------------------------------------------------
| Inter Clock Table
| -----------------
------------------------------------------------------------------------------------------------

From Clock    To Clock          WNS(ns)      TNS(ns)  TNS Failing Endpoints  TNS Total Endpoints  
----------    --------          -------      -------  ---------------------  -------------------  


------------------------------------------------------------------------------------------------
| Other Path Groups Table
| -----------------------
------------------------------------------------------------------------------------------------

Path Group    From Clock    To Clock          WNS(ns)      TNS(ns)  TNS Failing Endpoints  TNS Total Endpoints  
----------    ----------    --------          -------      -------  ---------------------  -------------------  


------------------------------------------------------------------------------------------------
| Timing Details
| --------------
------------------------------------------------------------------------------------------------


---------------------------------------------------------------------------------------------------
From Clock:  sys_clk
  To Clock:  sys_clk

Setup :          116  Failing Endpoints,  Worst Slack       -3.496ns,  Total Violation     -159.039ns
Hold  :           NA  Failing Endpoints,  Worst Slack           NA  ,  Total Violation           NA
PW    :            0  Failing Endpoints,  Worst Slack        3.750ns,  Total Violation        0.000ns
---------------------------------------------------------------------------------------------------


Max Delay Paths
--------------------------------------------------------------------------------------
Slack (VIOLATED) :        -3.496ns  (required time - arrival time)
  Source:                 u_if_stage/instr_hold_reg[16]/C
                            (rising edge-triggered cell FDCE clocked by sys_clk  {rise@0.000ns fall@5.000ns period=10.000ns})
  Destination:            u_pc/pc_reg[28]/D
                            (rising edge-triggered cell FDCE clocked by sys_clk  {rise@0.000ns fall@5.000ns period=10.000ns})
  Path Group:             sys_clk
  Path Type:              Setup (Max at Slow Process Corner)
  Requirement:            10.000ns  (sys_clk rise@10.000ns - sys_clk rise@0.000ns)
  Data Path Delay:        13.363ns  (logic 3.645ns (27.277%)  route 9.718ns (72.723%))
  Logic Levels:           19  (CARRY4=7 LUT1=1 LUT3=1 LUT4=2 LUT5=2 LUT6=5 RAMD32=1)
  Clock Path Skew:        -0.049ns (DCD - SCD + CPR)
    Destination Clock Delay (DCD):    0.924ns = ( 10.924 - 10.000 ) 
    Source Clock Delay      (SCD):    0.973ns
    Clock Pessimism Removal (CPR):    0.000ns
  Clock Uncertainty:      0.035ns  ((TSJ^2 + TIJ^2)^1/2 + DJ) / 2 + PE
    Total System Jitter     (TSJ):    0.071ns
    Total Input Jitter      (TIJ):    0.000ns
    Discrete Jitter          (DJ):    0.000ns
    Phase Error              (PE):    0.000ns

    Location             Delay type                Incr(ns)  Path(ns)    Netlist Resource(s)
  -------------------------------------------------------------------    -------------------
                         (clock sys_clk rise edge)    0.000     0.000 r  <hidden>
                                                      0.000     0.000 r  clk
                         net (fo=724, unset)          0.973     0.973    u_if_stage/clk
                         FDCE                                         r  u_if_stage/instr_hold_reg[16]/C
  -------------------------------------------------------------------    -------------------
                         FDCE (Prop_fdce_C_Q)         0.362     1.335 r  u_if_stage/instr_hold_reg[16]/Q
                         net (fo=2, unplaced)         0.677     2.012    u_if_stage/instr_hold[16]
                         LUT4 (Prop_lut4_I0_O)        0.295     2.307 r  u_if_stage/regs_reg_r1_0_31_0_5_i_11/O
                         net (fo=71, unplaced)        1.202     3.509    u_regfile/regs_reg_r1_0_31_30_31/DPRA1
                         RAMD32 (Prop_ramd32_RADR1_O)
                                                      0.124     3.633 f  u_regfile/regs_reg_r1_0_31_30_31/DP/O
                         net (fo=2, unplaced)         0.975     4.608    u_regfile/rdata10[30]
                         LUT6 (Prop_lut6_I0_O)        0.124     4.732 f  u_regfile/multiplicand[30]_i_4/O
                         net (fo=2, unplaced)         1.122     5.854    u_if_stage/rdata1[30]
                         LUT6 (Prop_lut6_I0_O)        0.124     5.978 f  u_if_stage/multiplicand[30]_i_3/O
                         net (fo=6, unplaced)         0.481     6.459    u_if_stage/rs1_fwd[30]
                         LUT4 (Prop_lut4_I2_O)        0.124     6.583 f  u_if_stage/y0_carry__6_i_1/O
                         net (fo=28, unplaced)        1.179     7.762    u_if_stage/pc_id_r_reg[30]_0
                         LUT6 (Prop_lut6_I1_O)        0.124     7.886 f  u_if_stage/mem_addr[6]_i_11/O
                         net (fo=6, unplaced)         0.934     8.820    u_if_stage/mem_addr[6]_i_11_n_0
                         LUT6 (Prop_lut6_I2_O)        0.124     8.944 f  u_if_stage/mem_addr[2]_i_9/O
                         net (fo=4, unplaced)         0.473     9.417    u_if_stage/mem_addr[2]_i_9_n_0
                         LUT5 (Prop_lut5_I2_O)        0.116     9.533 f  u_if_stage/mem_addr[2]_i_3/O
                         net (fo=1, unplaced)         1.111    10.644    u_if_stage/mem_addr[2]_i_3_n_0
                         LUT6 (Prop_lut6_I1_O)        0.124    10.768 f  u_if_stage/mem_addr[2]_i_1/O
                         net (fo=5, unplaced)         0.477    11.245    u_if_stage/ex_addr[2]
                         LUT3 (Prop_lut3_I2_O)        0.124    11.369 f  u_if_stage/imem_addr[2]_INST_0_i_1/O
                         net (fo=2, unplaced)         0.460    11.829    u_if_stage/redirect_target[2]
                         LUT1 (Prop_lut1_I0_O)        0.124    11.953 r  u_if_stage/pc[4]_i_8/O
                         net (fo=1, unplaced)         0.000    11.953    u_if_stage/pc[4]_i_8_n_0
                         CARRY4 (Prop_carry4_S[1]_CO[3])
                                                      0.533    12.486 r  u_if_stage/pc_reg[4]_i_3/CO[3]
                         net (fo=1, unplaced)         0.009    12.495    u_if_stage/pc_reg[4]_i_3_n_0
                         CARRY4 (Prop_carry4_CI_CO[3])
                                                      0.117    12.612 r  u_if_stage/pc_reg[8]_i_3/CO[3]
                         net (fo=1, unplaced)         0.000    12.612    u_if_stage/pc_reg[8]_i_3_n_0
                         CARRY4 (Prop_carry4_CI_CO[3])
                                                      0.117    12.729 r  u_if_stage/pc_reg[12]_i_3/CO[3]
                         net (fo=1, unplaced)         0.000    12.729    u_if_stage/pc_reg[12]_i_3_n_0
                         CARRY4 (Prop_carry4_CI_CO[3])
                                                      0.117    12.846 r  u_if_stage/pc_reg[16]_i_3/CO[3]
                         net (fo=1, unplaced)         0.000    12.846    u_if_stage/pc_reg[16]_i_3_n_0
                         CARRY4 (Prop_carry4_CI_CO[3])
                                                      0.117    12.963 r  u_if_stage/pc_reg[20]_i_3/CO[3]
                         net (fo=1, unplaced)         0.000    12.963    u_if_stage/pc_reg[20]_i_3_n_0
                         CARRY4 (Prop_carry4_CI_CO[3])
                                                      0.117    13.080 r  u_if_stage/pc_reg[24]_i_3/CO[3]
                         net (fo=1, unplaced)         0.000    13.080    u_if_stage/pc_reg[24]_i_3_n_0
                         CARRY4 (Prop_carry4_CI_O[3])
                                                      0.331    13.411 r  u_if_stage/pc_reg[28]_i_3/O[3]
                         net (fo=1, unplaced)         0.618    14.029    u_if_stage/pc_target0[28]
                         LUT5 (Prop_lut5_I2_O)        0.307    14.336 r  u_if_stage/pc[28]_i_1/O
                         net (fo=1, unplaced)         0.000    14.336    u_pc/pc_reg[31]_2[28]
                         FDCE                                         r  u_pc/pc_reg[28]/D
  -------------------------------------------------------------------    -------------------

                         (clock sys_clk rise edge)   10.000    10.000 r  <hidden>
                                                      0.000    10.000 r  clk
                         net (fo=724, unset)          0.924    10.924    u_pc/clk
                         FDCE                                         r  u_pc/pc_reg[28]/C
                         clock pessimism              0.000    10.924    <hidden>
                         clock uncertainty           -0.035    10.889    <hidden>
                         FDCE (Setup_fdce_C_D)       -0.049    10.840    u_pc/pc_reg[28]
  -------------------------------------------------------------------
                         required time                         10.840    <hidden>
                         arrival time                         -14.336    <hidden>
  -------------------------------------------------------------------
                         slack                                 -3.496    <hidden>





Pulse Width Checks
--------------------------------------------------------------------------------------
Clock Name:         sys_clk
Waveform(ns):       { 0.000 5.000 }
Period(ns):         10.000
Sources:            { clk }

Check Type        Corner  Lib Pin     Reference Pin  Required(ns)  Actual(ns)  Slack(ns)  Location  Pin
Min Period        n/a     FDCE/C      n/a            1.000         10.000      9.000                muldiv_pending_reg/C
Low Pulse Width   Slow    RAMD32/CLK  n/a            1.250         5.000       3.750                u_regfile/regs_reg_r1_0_31_0_5/RAMA/CLK
High Pulse Width  Slow    RAMD32/CLK  n/a            1.250         5.000       3.750                u_regfile/regs_reg_r1_0_31_0_5/RAMA/CLK



