Copyright 1986-2022 Xilinx, Inc. All Rights Reserved. Copyright 2022-2026 Advanced Micro Devices, Inc. All Rights Reserved.
--------------------------------------------------------------------------------------------------------------------------------------------------------------
| Tool Version : Vivado v.2026.1 (win64) Build 6511674 Tue Jun 16 11:02:23 MDT 2026
| Date         : Tue Oct  6 22:14:57 2026
| Host         : Walter-Cooper running 64-bit major release  (build 9200)
| Command      : report_timing_summary -file D:/Desktop/contests/2026fpga/FPGA-Alittle-Design/build/reports/fmax/v1_bht2_10ns/timing_impl.rpt -delay_type max
| Design       : core_top
| Device       : 7z020-clg400
| Speed File   : -1  PRODUCTION 1.12 2019-11-22
| Design State : Routed
--------------------------------------------------------------------------------------------------------------------------------------------------------------

Timing Summary Report

------------------------------------------------------------------------------------------------
| Timer Settings
| --------------
------------------------------------------------------------------------------------------------

  Enable Multi Corner Analysis               :  Yes
  Enable Pessimism Removal                   :  Yes
  Pessimism Removal Resolution               :  Nearest Common Node
  Enable Input Delay Default Clock           :  No
  Enable Preset / Clear Arcs                 :  No
  Disable Flight Delays                      :  No
  Ignore I/O Paths                           :  No
  Timing Early Launch at Borrowing Latches   :  No
  Borrow Time for Max Delay Exceptions       :  Yes
  Merge Timing Exceptions                    :  Yes
  Inter-SLR Compensation                     :  Conservative

  Corner  Analyze    Analyze    
  Name    Max Paths  Min Paths  
  ------  ---------  ---------  
  Slow    Yes        Yes        
  Fast    Yes        Yes        


------------------------------------------------------------------------------------------------
| Report Methodology
| ------------------
------------------------------------------------------------------------------------------------

No report available as report_methodology has not been run prior. Run report_methodology on the current design for the summary of methodology violations.



check_timing report

Table of Contents
-----------------
1. checking no_clock (0)
2. checking constant_clock (0)
3. checking pulse_width_clock (0)
4. checking unconstrained_internal_endpoints (0)
5. checking no_input_delay (65)
6. checking no_output_delay (101)
7. checking multiple_clock (0)
8. checking generated_clocks (0)
9. checking loops (0)
10. checking partial_input_delay (0)
11. checking partial_output_delay (0)
12. checking latch_loops (0)

1. checking no_clock (0)
------------------------
 There are 0 register/latch pins with no clock.


2. checking constant_clock (0)
------------------------------
 There are 0 register/latch pins with constant_clock.


3. checking pulse_width_clock (0)
---------------------------------
 There are 0 register/latch pins which need pulse_width check


4. checking unconstrained_internal_endpoints (0)
------------------------------------------------
 There are 0 pins that are not constrained for maximum delay.

 There are 0 pins that are not constrained for maximum delay due to constant clock.


5. checking no_input_delay (65)
-------------------------------
 There are 65 input ports with no input delay specified. (HIGH)

 There are 0 input ports with no input delay but user has a false path constraint.


6. checking no_output_delay (101)
---------------------------------
 There are 101 ports with no output delay specified. (HIGH)

 There are 0 ports with no output delay but user has a false path constraint

 There are 0 ports with no output delay but with a timing clock defined on it or propagating through it


7. checking multiple_clock (0)
------------------------------
 There are 0 register/latch pins with multiple clocks.


8. checking generated_clocks (0)
--------------------------------
 There are 0 generated clocks that are not connected to a clock source.


9. checking loops (0)
---------------------
 There are 0 combinational loops in the design.


10. checking partial_input_delay (0)
------------------------------------
 There are 0 input ports with partial input delay specified.


11. checking partial_output_delay (0)
-------------------------------------
 There are 0 ports with partial output delay specified.


12. checking latch_loops (0)
----------------------------
 There are 0 combinational latch loops in the design through latch input



------------------------------------------------------------------------------------------------
| Design Timing Summary
| ---------------------
------------------------------------------------------------------------------------------------

    WNS(ns)      TNS(ns)  TNS Failing Endpoints  TNS Total Endpoints     WPWS(ns)     TPWS(ns)  TPWS Failing Endpoints  TPWS Total Endpoints  
    -------      -------  ---------------------  -------------------     --------     --------  ----------------------  --------------------  
     -1.955      -64.993                     87                 1635        3.750        0.000                       0                   725  


Timing constraints are not met.


------------------------------------------------------------------------------------------------
| Clock Summary
| -------------
------------------------------------------------------------------------------------------------

Clock    Waveform(ns)       Period(ns)      Frequency(MHz)
-----    ------------       ----------      --------------
sys_clk  {0.000 5.000}      10.000          100.000         


------------------------------------------------------------------------------------------------
| Intra Clock Table
| -----------------
------------------------------------------------------------------------------------------------

Clock             WNS(ns)      TNS(ns)  TNS Failing Endpoints  TNS Total Endpoints     WPWS(ns)     TPWS(ns)  TPWS Failing Endpoints  TPWS Total Endpoints  
-----             -------      -------  ---------------------  -------------------     --------     --------  ----------------------  --------------------  
sys_clk            -1.955      -64.993                     87                 1635        3.750        0.000                       0                   725  


------------------------------------------------------------------------------------------------
| Inter Clock Table
| -----------------
------------------------------------------------------------------------------------------------

From Clock    To Clock          WNS(ns)      TNS(ns)  TNS Failing Endpoints  TNS Total Endpoints  
----------    --------          -------      -------  ---------------------  -------------------  


------------------------------------------------------------------------------------------------
| Other Path Groups Table
| -----------------------
------------------------------------------------------------------------------------------------

Path Group    From Clock    To Clock          WNS(ns)      TNS(ns)  TNS Failing Endpoints  TNS Total Endpoints  
----------    ----------    --------          -------      -------  ---------------------  -------------------  


------------------------------------------------------------------------------------------------
| Timing Details
| --------------
------------------------------------------------------------------------------------------------


---------------------------------------------------------------------------------------------------
From Clock:  sys_clk
  To Clock:  sys_clk

Setup :           87  Failing Endpoints,  Worst Slack       -1.955ns,  Total Violation      -64.993ns
Hold  :           NA  Failing Endpoints,  Worst Slack           NA  ,  Total Violation           NA
PW    :            0  Failing Endpoints,  Worst Slack        3.750ns,  Total Violation        0.000ns
---------------------------------------------------------------------------------------------------


Max Delay Paths
--------------------------------------------------------------------------------------
Slack (VIOLATED) :        -1.955ns  (required time - arrival time)
  Source:                 u_if_stage/flush_q_reg/C
                            (rising edge-triggered cell FDPE clocked by sys_clk  {rise@0.000ns fall@5.000ns period=10.000ns})
  Destination:            u_pc/pc_reg[30]/D
                            (rising edge-triggered cell FDCE clocked by sys_clk  {rise@0.000ns fall@5.000ns period=10.000ns})
  Path Group:             sys_clk
  Path Type:              Setup (Max at Slow Process Corner)
  Requirement:            10.000ns  (sys_clk rise@10.000ns - sys_clk rise@0.000ns)
  Data Path Delay:        11.964ns  (logic 3.381ns (28.261%)  route 8.583ns (71.739%))
  Logic Levels:           17  (CARRY4=7 LUT3=1 LUT4=2 LUT5=1 LUT6=6)
  Clock Path Skew:        0.012ns (DCD - SCD + CPR)
    Destination Clock Delay (DCD):    1.566ns = ( 11.566 - 10.000 ) 
    Source Clock Delay      (SCD):    1.669ns
    Clock Pessimism Removal (CPR):    0.115ns
  Clock Uncertainty:      0.035ns  ((TSJ^2 + TIJ^2)^1/2 + DJ) / 2 + PE
    Total System Jitter     (TSJ):    0.071ns
    Total Input Jitter      (TIJ):    0.000ns
    Discrete Jitter          (DJ):    0.000ns
    Phase Error              (PE):    0.000ns

    Location             Delay type                Incr(ns)  Path(ns)    Netlist Resource(s)
  -------------------------------------------------------------------    -------------------
                         (clock sys_clk rise edge)    0.000     0.000 r  <hidden>
                                                      0.000     0.000 r  clk
                         net (fo=724, unset)          1.669     1.669    u_if_stage/clk
    SLICE_X34Y3          FDPE                                         r  u_if_stage/flush_q_reg/C
  -------------------------------------------------------------------    -------------------
    SLICE_X34Y3          FDPE (Prop_fdpe_C_Q)         0.518     2.187 r  u_if_stage/flush_q_reg/Q
                         net (fo=112, routed)         1.317     3.504    u_if_stage/flush_q
    SLICE_X38Y4          LUT6 (Prop_lut6_I3_O)        0.124     3.628 f  u_if_stage/mem_reg_write_i_3/O
                         net (fo=17, routed)          0.887     4.515    u_if_stage/mem_reg_write_i_3_n_0
    SLICE_X37Y3          LUT6 (Prop_lut6_I2_O)        0.124     4.639 r  u_if_stage/multiplicand[0]_i_4/O
                         net (fo=87, routed)          1.419     6.059    u_if_stage/uses_rs1
    SLICE_X35Y11         LUT6 (Prop_lut6_I1_O)        0.124     6.183 r  u_if_stage/multiplicand[25]_i_2/O
                         net (fo=5, routed)           0.325     6.508    u_if_stage/rs1_fwd[25]
    SLICE_X33Y11         LUT4 (Prop_lut4_I2_O)        0.124     6.632 r  u_if_stage/i__carry__5_i_2/O
                         net (fo=20, routed)          1.485     8.117    u_if_stage/pc_id_r_reg[25]_0
    SLICE_X29Y4          LUT6 (Prop_lut6_I3_O)        0.124     8.241 r  u_if_stage/mem_addr[3]_i_10/O
                         net (fo=5, routed)           0.863     9.104    u_if_stage/mem_addr[3]_i_10_n_0
    SLICE_X29Y2          LUT6 (Prop_lut6_I5_O)        0.124     9.228 r  u_if_stage/mem_addr[7]_i_8/O
                         net (fo=2, routed)           0.733     9.961    u_if_stage/mem_addr[7]_i_8_n_0
    SLICE_X28Y1          LUT4 (Prop_lut4_I0_O)        0.124    10.085 r  u_if_stage/mem_addr[6]_i_3/O
                         net (fo=1, routed)           0.424    10.509    u_if_stage/mem_addr[6]_i_3_n_0
    SLICE_X26Y2          LUT6 (Prop_lut6_I2_O)        0.124    10.633 r  u_if_stage/mem_addr[6]_i_1/O
                         net (fo=5, routed)           0.698    11.331    u_if_stage/ex_addr[6]
    SLICE_X26Y6          LUT3 (Prop_lut3_I2_O)        0.124    11.455 r  u_if_stage/pc[8]_i_7/O
                         net (fo=1, routed)           0.000    11.455    u_if_stage/pc[8]_i_7_n_0
    SLICE_X26Y6          CARRY4 (Prop_carry4_S[1]_CO[3])
                                                      0.533    11.988 r  u_if_stage/pc_reg[8]_i_3/CO[3]
                         net (fo=1, routed)           0.000    11.988    u_if_stage/pc_reg[8]_i_3_n_0
    SLICE_X26Y7          CARRY4 (Prop_carry4_CI_CO[3])
                                                      0.117    12.105 r  u_if_stage/pc_reg[12]_i_3/CO[3]
                         net (fo=1, routed)           0.000    12.105    u_if_stage/pc_reg[12]_i_3_n_0
    SLICE_X26Y8          CARRY4 (Prop_carry4_CI_CO[3])
                                                      0.117    12.222 r  u_if_stage/pc_reg[16]_i_3/CO[3]
                         net (fo=1, routed)           0.000    12.222    u_if_stage/pc_reg[16]_i_3_n_0
    SLICE_X26Y9          CARRY4 (Prop_carry4_CI_CO[3])
                                                      0.117    12.339 r  u_if_stage/pc_reg[20]_i_3/CO[3]
                         net (fo=1, routed)           0.000    12.339    u_if_stage/pc_reg[20]_i_3_n_0
    SLICE_X26Y10         CARRY4 (Prop_carry4_CI_CO[3])
                                                      0.117    12.456 r  u_if_stage/pc_reg[24]_i_3/CO[3]
                         net (fo=1, routed)           0.000    12.456    u_if_stage/pc_reg[24]_i_3_n_0
    SLICE_X26Y11         CARRY4 (Prop_carry4_CI_CO[3])
                                                      0.117    12.573 r  u_if_stage/pc_reg[28]_i_3/CO[3]
                         net (fo=1, routed)           0.000    12.573    u_if_stage/pc_reg[28]_i_3_n_0
    SLICE_X26Y12         CARRY4 (Prop_carry4_CI_O[1])
                                                      0.323    12.896 r  u_if_stage/pc_reg[31]_i_5/O[1]
                         net (fo=1, routed)           0.430    13.327    u_if_stage/pc_target0[30]
    SLICE_X29Y13         LUT5 (Prop_lut5_I2_O)        0.306    13.633 r  u_if_stage/pc[30]_i_1/O
                         net (fo=1, routed)           0.000    13.633    u_pc/pc_reg[31]_2[30]
    SLICE_X29Y13         FDCE                                         r  u_pc/pc_reg[30]/D
  -------------------------------------------------------------------    -------------------

                         (clock sys_clk rise edge)   10.000    10.000 r  <hidden>
                                                      0.000    10.000 r  clk
                         net (fo=724, unset)          1.566    11.566    u_pc/clk
    SLICE_X29Y13         FDCE                                         r  u_pc/pc_reg[30]/C
                         clock pessimism              0.115    11.681    <hidden>
                         clock uncertainty           -0.035    11.646    <hidden>
    SLICE_X29Y13         FDCE (Setup_fdce_C_D)        0.032    11.678    u_pc/pc_reg[30]
  -------------------------------------------------------------------
                         required time                         11.678    <hidden>
                         arrival time                         -13.633    <hidden>
  -------------------------------------------------------------------
                         slack                                 -1.955    <hidden>





Pulse Width Checks
--------------------------------------------------------------------------------------
Clock Name:         sys_clk
Waveform(ns):       { 0.000 5.000 }
Period(ns):         10.000
Sources:            { clk }

Check Type        Corner  Lib Pin     Reference Pin  Required(ns)  Actual(ns)  Slack(ns)  Location     Pin
Min Period        n/a     FDCE/C      n/a            1.000         10.000      9.000      SLICE_X48Y7  muldiv_pending_reg/C
Low Pulse Width   Slow    RAMD32/CLK  n/a            1.250         5.000       3.750      SLICE_X34Y4  u_regfile/regs_reg_r1_0_31_0_5/RAMA/CLK
High Pulse Width  Slow    RAMD32/CLK  n/a            1.250         5.000       3.750      SLICE_X34Y4  u_regfile/regs_reg_r1_0_31_0_5/RAMA/CLK



