INFO: [Common 17-3922] A valid Vivado Design Suite BASIC license has been detected. Your current license is active and will expire on 14-sep-2027.

****** Vivado v2026.1 (64-bit)
  **** SW Build 6511674 on Tue Jun 16 11:02:23 MDT 2026
  **** IP Build 6504888 on Tue Jun 09 09:05:25 MDT 2026
  **** SharedData Build 6501428 on Mon Jun 08 17:34:18 MDT 2026
  **** Start of session at: Sat Oct  3 17:09:06 2026
    ** Copyright 1986-2022 Xilinx, Inc. All Rights Reserved.
    ** Copyright 2022-2026 Advanced Micro Devices, Inc. All Rights Reserved.

source build/build_fmax.tcl
# set top    [lindex $argv 0]
# set label  [lindex $argv 1]
# set period [lindex $argv 2]
# set srcs   [lrange $argv 3 end]
# set part       xc7z020clg400-1
# set script_dir [file normalize [file dirname [info script]]]
# set run_dir [file join $script_dir run fmax $label]
# set rep_dir [file join $script_dir reports fmax $label]
# file mkdir $run_dir
# file mkdir $rep_dir
# set xdc_path [file join $run_dir clock.xdc]
# set fh [open $xdc_path w]
# puts $fh "create_clock -name sys_clk -period $period \[get_ports clk\]"
# puts $fh "set_property HD.CLK_SRC BUFGCTRL_X0Y0 \[get_ports clk\]"
# close $fh
# foreach s $srcs {
#     set p [file normalize $s]
#     if {[string match *.v $p]} {
#         read_verilog -sv $p
#     } else {
#         read_verilog -sv [glob [file join $p *.v]]
#     }
# }
read_verilog: Time (s): cpu = 00:00:08 ; elapsed = 00:00:09 . Memory (MB): peak = 610.266 ; gain = 266.293
# read_xdc $xdc_path
# synth_design -top $top -part $part -mode out_of_context
Command: synth_design -top top_large -part xc7z020clg400-1 -mode out_of_context
Starting synth_design
Attempting to get a license for feature 'Vivado_Synthesis' and/or device 'xc7z020'
INFO: [Common 17-349] Got license for feature 'Vivado_Synthesis' and/or device 'xc7z020'
INFO: [Device 21-403] Loading part xc7z020clg400-1
INFO: [Designutils 20-5008] Incremental synthesis strategy default
INFO: [Synth 8-7079] Multithreading enabled for synth_design using a maximum of 2 processes.
INFO: [Synth 8-7078] Launching helper process for spawning children vivado processes
INFO: [Synth 8-7075] Helper process launched with PID 46660
---------------------------------------------------------------------------------
Starting RTL Elaboration : Time (s): cpu = 00:00:05 ; elapsed = 00:00:06 . Memory (MB): peak = 1416.418 ; gain = 578.438
---------------------------------------------------------------------------------
INFO: [Synth 8-6157] synthesizing module 'top_large' [E:/Projects/FPGA-Alittle-Design/sim/build/picorv32/scripts/vivado/synth_area_top.v:72]
INFO: [Synth 8-6157] synthesizing module 'picorv32' [E:/Projects/FPGA-Alittle-Design/sim/build/picorv32/picorv32.v:62]
	Parameter BARREL_SHIFTER bound to: 1'b1 
	Parameter COMPRESSED_ISA bound to: 1'b1 
	Parameter ENABLE_PCPI bound to: 1'b1 
	Parameter ENABLE_MUL bound to: 1'b1 
	Parameter ENABLE_IRQ bound to: 1'b1 
INFO: [Synth 8-6157] synthesizing module 'picorv32_pcpi_mul' [E:/Projects/FPGA-Alittle-Design/sim/build/picorv32/picorv32.v:2197]
INFO: [Synth 8-155] case statement is not full and has no default [E:/Projects/FPGA-Alittle-Design/sim/build/picorv32/picorv32.v:2228]
INFO: [Synth 8-6155] done synthesizing module 'picorv32_pcpi_mul' (0#1) [E:/Projects/FPGA-Alittle-Design/sim/build/picorv32/picorv32.v:2197]
INFO: [Synth 8-155] case statement is not full and has no default [E:/Projects/FPGA-Alittle-Design/sim/build/picorv32/picorv32.v:331]
INFO: [Synth 8-155] case statement is not full and has no default [E:/Projects/FPGA-Alittle-Design/sim/build/picorv32/picorv32.v:439]
INFO: [Synth 8-155] case statement is not full and has no default [E:/Projects/FPGA-Alittle-Design/sim/build/picorv32/picorv32.v:455]
INFO: [Synth 8-155] case statement is not full and has no default [E:/Projects/FPGA-Alittle-Design/sim/build/picorv32/picorv32.v:509]
INFO: [Synth 8-155] case statement is not full and has no default [E:/Projects/FPGA-Alittle-Design/sim/build/picorv32/picorv32.v:437]
INFO: [Synth 8-155] case statement is not full and has no default [E:/Projects/FPGA-Alittle-Design/sim/build/picorv32/picorv32.v:904]
INFO: [Synth 8-155] case statement is not full and has no default [E:/Projects/FPGA-Alittle-Design/sim/build/picorv32/picorv32.v:986]
INFO: [Synth 8-155] case statement is not full and has no default [E:/Projects/FPGA-Alittle-Design/sim/build/picorv32/picorv32.v:902]
INFO: [Synth 8-155] case statement is not full and has no default [E:/Projects/FPGA-Alittle-Design/sim/build/picorv32/picorv32.v:1314]
INFO: [Synth 8-155] case statement is not full and has no default [E:/Projects/FPGA-Alittle-Design/sim/build/picorv32/picorv32.v:1497]
INFO: [Synth 8-6155] done synthesizing module 'picorv32' (0#1) [E:/Projects/FPGA-Alittle-Design/sim/build/picorv32/picorv32.v:62]
WARNING: [Synth 8-7071] port 'trace_valid' of module 'picorv32' is unconnected for instance 'picorv32' [E:/Projects/FPGA-Alittle-Design/sim/build/picorv32/scripts/vivado/synth_area_top.v:112]
WARNING: [Synth 8-7071] port 'trace_data' of module 'picorv32' is unconnected for instance 'picorv32' [E:/Projects/FPGA-Alittle-Design/sim/build/picorv32/scripts/vivado/synth_area_top.v:112]
WARNING: [Synth 8-7023] instance 'picorv32' of module 'picorv32' has 27 connections declared, but only 25 given [E:/Projects/FPGA-Alittle-Design/sim/build/picorv32/scripts/vivado/synth_area_top.v:112]
INFO: [Synth 8-6155] done synthesizing module 'top_large' (0#1) [E:/Projects/FPGA-Alittle-Design/sim/build/picorv32/scripts/vivado/synth_area_top.v:72]
WARNING: [Synth 8-6014] Unused sequential element pcpi_ready_reg was removed.  [E:/Projects/FPGA-Alittle-Design/sim/build/picorv32/picorv32.v:2309]
WARNING: [Synth 8-6014] Unused sequential element next_insn_opcode_reg was removed.  [E:/Projects/FPGA-Alittle-Design/sim/build/picorv32/picorv32.v:433]
WARNING: [Synth 8-6014] Unused sequential element q_ascii_instr_reg was removed.  [E:/Projects/FPGA-Alittle-Design/sim/build/picorv32/picorv32.v:779]
WARNING: [Synth 8-6014] Unused sequential element q_insn_imm_reg was removed.  [E:/Projects/FPGA-Alittle-Design/sim/build/picorv32/picorv32.v:780]
WARNING: [Synth 8-6014] Unused sequential element q_insn_opcode_reg was removed.  [E:/Projects/FPGA-Alittle-Design/sim/build/picorv32/picorv32.v:781]
WARNING: [Synth 8-6014] Unused sequential element q_insn_rs1_reg was removed.  [E:/Projects/FPGA-Alittle-Design/sim/build/picorv32/picorv32.v:782]
WARNING: [Synth 8-6014] Unused sequential element q_insn_rs2_reg was removed.  [E:/Projects/FPGA-Alittle-Design/sim/build/picorv32/picorv32.v:783]
WARNING: [Synth 8-6014] Unused sequential element q_insn_rd_reg was removed.  [E:/Projects/FPGA-Alittle-Design/sim/build/picorv32/picorv32.v:784]
WARNING: [Synth 8-6014] Unused sequential element dbg_next_reg was removed.  [E:/Projects/FPGA-Alittle-Design/sim/build/picorv32/picorv32.v:785]
WARNING: [Synth 8-6014] Unused sequential element dbg_valid_insn_reg was removed.  [E:/Projects/FPGA-Alittle-Design/sim/build/picorv32/picorv32.v:788]
WARNING: [Synth 8-6014] Unused sequential element cached_ascii_instr_reg was removed.  [E:/Projects/FPGA-Alittle-Design/sim/build/picorv32/picorv32.v:793]
WARNING: [Synth 8-6014] Unused sequential element cached_insn_imm_reg was removed.  [E:/Projects/FPGA-Alittle-Design/sim/build/picorv32/picorv32.v:794]
WARNING: [Synth 8-6014] Unused sequential element cached_insn_opcode_reg was removed.  [E:/Projects/FPGA-Alittle-Design/sim/build/picorv32/picorv32.v:796]
WARNING: [Synth 8-6014] Unused sequential element cached_insn_rs1_reg was removed.  [E:/Projects/FPGA-Alittle-Design/sim/build/picorv32/picorv32.v:799]
WARNING: [Synth 8-6014] Unused sequential element cached_insn_rs2_reg was removed.  [E:/Projects/FPGA-Alittle-Design/sim/build/picorv32/picorv32.v:800]
WARNING: [Synth 8-6014] Unused sequential element cached_insn_rd_reg was removed.  [E:/Projects/FPGA-Alittle-Design/sim/build/picorv32/picorv32.v:801]
WARNING: [Synth 8-6014] Unused sequential element dbg_insn_addr_reg was removed.  [E:/Projects/FPGA-Alittle-Design/sim/build/picorv32/picorv32.v:805]
WARNING: [Synth 8-6014] Unused sequential element is_sll_srl_sra_reg was removed.  [E:/Projects/FPGA-Alittle-Design/sim/build/picorv32/picorv32.v:1110]
WARNING: [Synth 8-6014] Unused sequential element set_mem_do_rinst_reg was removed.  [E:/Projects/FPGA-Alittle-Design/sim/build/picorv32/picorv32.v:1406]
WARNING: [Synth 8-6014] Unused sequential element set_mem_do_rdata_reg was removed.  [E:/Projects/FPGA-Alittle-Design/sim/build/picorv32/picorv32.v:1407]
WARNING: [Synth 8-6014] Unused sequential element set_mem_do_wdata_reg was removed.  [E:/Projects/FPGA-Alittle-Design/sim/build/picorv32/picorv32.v:1408]
WARNING: [Synth 8-6014] Unused sequential element alu_out_0_q_reg was removed.  [E:/Projects/FPGA-Alittle-Design/sim/build/picorv32/picorv32.v:1410]
WARNING: [Synth 8-6014] Unused sequential element alu_wait_reg was removed.  [E:/Projects/FPGA-Alittle-Design/sim/build/picorv32/picorv32.v:1413]
WARNING: [Synth 8-6014] Unused sequential element alu_wait_2_reg was removed.  [E:/Projects/FPGA-Alittle-Design/sim/build/picorv32/picorv32.v:1414]
WARNING: [Synth 8-6014] Unused sequential element dbg_rs1val_reg was removed.  [E:/Projects/FPGA-Alittle-Design/sim/build/picorv32/picorv32.v:1417]
WARNING: [Synth 8-6014] Unused sequential element dbg_rs2val_reg was removed.  [E:/Projects/FPGA-Alittle-Design/sim/build/picorv32/picorv32.v:1418]
WARNING: [Synth 8-6014] Unused sequential element dbg_rs1val_valid_reg was removed.  [E:/Projects/FPGA-Alittle-Design/sim/build/picorv32/picorv32.v:1419]
WARNING: [Synth 8-6014] Unused sequential element dbg_rs2val_valid_reg was removed.  [E:/Projects/FPGA-Alittle-Design/sim/build/picorv32/picorv32.v:1420]
WARNING: [Synth 8-6014] Unused sequential element next_irq_pending_reg was removed.  [E:/Projects/FPGA-Alittle-Design/sim/build/picorv32/picorv32.v:1440]
WARNING: [Synth 8-6014] Unused sequential element decoder_trigger_q_reg was removed.  [E:/Projects/FPGA-Alittle-Design/sim/build/picorv32/picorv32.v:1447]
WARNING: [Synth 8-6014] Unused sequential element decoder_pseudo_trigger_q_reg was removed.  [E:/Projects/FPGA-Alittle-Design/sim/build/picorv32/picorv32.v:1449]
WARNING: [Synth 8-6014] Unused sequential element latched_trace_reg was removed.  [E:/Projects/FPGA-Alittle-Design/sim/build/picorv32/picorv32.v:1465]
WARNING: [Synth 8-6014] Unused sequential element current_pc_reg was removed.  [E:/Projects/FPGA-Alittle-Design/sim/build/picorv32/picorv32.v:1495]
WARNING: [Synth 8-7129] Port pcpi_insn[24] in module picorv32_pcpi_mul is either unconnected or has no load
WARNING: [Synth 8-7129] Port pcpi_insn[23] in module picorv32_pcpi_mul is either unconnected or has no load
WARNING: [Synth 8-7129] Port pcpi_insn[22] in module picorv32_pcpi_mul is either unconnected or has no load
WARNING: [Synth 8-7129] Port pcpi_insn[21] in module picorv32_pcpi_mul is either unconnected or has no load
WARNING: [Synth 8-7129] Port pcpi_insn[20] in module picorv32_pcpi_mul is either unconnected or has no load
WARNING: [Synth 8-7129] Port pcpi_insn[19] in module picorv32_pcpi_mul is either unconnected or has no load
WARNING: [Synth 8-7129] Port pcpi_insn[18] in module picorv32_pcpi_mul is either unconnected or has no load
WARNING: [Synth 8-7129] Port pcpi_insn[17] in module picorv32_pcpi_mul is either unconnected or has no load
WARNING: [Synth 8-7129] Port pcpi_insn[16] in module picorv32_pcpi_mul is either unconnected or has no load
WARNING: [Synth 8-7129] Port pcpi_insn[15] in module picorv32_pcpi_mul is either unconnected or has no load
WARNING: [Synth 8-7129] Port pcpi_insn[11] in module picorv32_pcpi_mul is either unconnected or has no load
WARNING: [Synth 8-7129] Port pcpi_insn[10] in module picorv32_pcpi_mul is either unconnected or has no load
WARNING: [Synth 8-7129] Port pcpi_insn[9] in module picorv32_pcpi_mul is either unconnected or has no load
WARNING: [Synth 8-7129] Port pcpi_insn[8] in module picorv32_pcpi_mul is either unconnected or has no load
WARNING: [Synth 8-7129] Port pcpi_insn[7] in module picorv32_pcpi_mul is either unconnected or has no load
---------------------------------------------------------------------------------
Finished RTL Elaboration : Time (s): cpu = 00:00:07 ; elapsed = 00:00:09 . Memory (MB): peak = 1558.641 ; gain = 720.660
---------------------------------------------------------------------------------
---------------------------------------------------------------------------------
Start Handling Custom Attributes
---------------------------------------------------------------------------------
---------------------------------------------------------------------------------
Finished Handling Custom Attributes : Time (s): cpu = 00:00:07 ; elapsed = 00:00:09 . Memory (MB): peak = 1558.641 ; gain = 720.660
---------------------------------------------------------------------------------
---------------------------------------------------------------------------------
Finished RTL Optimization Phase 1 : Time (s): cpu = 00:00:07 ; elapsed = 00:00:09 . Memory (MB): peak = 1558.641 ; gain = 720.660
---------------------------------------------------------------------------------
Netlist sorting complete. Time (s): cpu = 00:00:00 ; elapsed = 00:00:00.023 . Memory (MB): peak = 1558.641 ; gain = 0.000
INFO: [Project 1-570] Preparing netlist for logic optimization

Processing XDC Constraints
Initializing timing engine
Parsing XDC File [E:/Projects/FPGA-Alittle-Design/build/run/fmax/pico_large_7ns/clock.xdc]
Finished Parsing XDC File [E:/Projects/FPGA-Alittle-Design/build/run/fmax/pico_large_7ns/clock.xdc]
Completed Processing XDC Constraints

Netlist sorting complete. Time (s): cpu = 00:00:00 ; elapsed = 00:00:00.001 . Memory (MB): peak = 1598.164 ; gain = 0.000
INFO: [Project 1-111] Unisim Transformation Summary:
No Unisim elements were transformed.

Constraint Validation Runtime : Time (s): cpu = 00:00:00 ; elapsed = 00:00:00.042 . Memory (MB): peak = 1600.793 ; gain = 0.000
---------------------------------------------------------------------------------
Finished Constraint Validation : Time (s): cpu = 00:00:17 ; elapsed = 00:00:20 . Memory (MB): peak = 1600.793 ; gain = 762.812
---------------------------------------------------------------------------------
---------------------------------------------------------------------------------
Start Loading Part and Timing Information
---------------------------------------------------------------------------------
Loading part: xc7z020clg400-1
---------------------------------------------------------------------------------
Finished Loading Part and Timing Information : Time (s): cpu = 00:00:17 ; elapsed = 00:00:20 . Memory (MB): peak = 1600.793 ; gain = 762.812
---------------------------------------------------------------------------------
---------------------------------------------------------------------------------
Start Applying 'set_property' XDC Constraints
---------------------------------------------------------------------------------
---------------------------------------------------------------------------------
Finished applying 'set_property' XDC Constraints : Time (s): cpu = 00:00:17 ; elapsed = 00:00:20 . Memory (MB): peak = 1600.793 ; gain = 762.812
---------------------------------------------------------------------------------
INFO: [Synth 8-802] inferred FSM for state register 'mem_state_reg' in module 'picorv32'
---------------------------------------------------------------------------------------------------
                   State |                     New Encoding |                Previous Encoding 
---------------------------------------------------------------------------------------------------
                 iSTATE2 |                               00 |                               00
                 iSTATE0 |                               01 |                               10
                  iSTATE |                               10 |                               01
                 iSTATE1 |                               11 |                               11
---------------------------------------------------------------------------------------------------
INFO: [Synth 8-3354] encoded FSM with state register 'mem_state_reg' using encoding 'sequential' in module 'picorv32'
---------------------------------------------------------------------------------
Finished RTL Optimization Phase 2 : Time (s): cpu = 00:00:18 ; elapsed = 00:00:21 . Memory (MB): peak = 1600.793 ; gain = 762.812
---------------------------------------------------------------------------------
---------------------------------------------------------------------------------
Start RTL Component Statistics 
---------------------------------------------------------------------------------
Detailed RTL Component Info : 
+---Adders : 
	   2 Input   32 Bit       Adders := 5     
	   3 Input   32 Bit       Adders := 1     
	   2 Input   30 Bit       Adders := 1     
	   2 Input    7 Bit       Adders := 1     
	   3 Input    5 Bit       Adders := 16    
	   2 Input    5 Bit       Adders := 1     
	   2 Input    4 Bit       Adders := 1     
+---XORs : 
	   2 Input     32 Bit         XORs := 1     
+---Registers : 
	               64 Bit    Registers := 4     
	               36 Bit    Registers := 1     
	               32 Bit    Registers := 17    
	               16 Bit    Registers := 1     
	                8 Bit    Registers := 1     
	                7 Bit    Registers := 1     
	                6 Bit    Registers := 2     
	                5 Bit    Registers := 3     
	                4 Bit    Registers := 2     
	                2 Bit    Registers := 2     
	                1 Bit    Registers := 99    
+---RAMs : 
	               1K Bit	(36 X 32 bit)          RAMs := 1     
+---Muxes : 
	   2 Input   64 Bit        Muxes := 4     
	   2 Input   32 Bit        Muxes := 29    
	   5 Input   32 Bit        Muxes := 5     
	  11 Input   32 Bit        Muxes := 4     
	   3 Input   32 Bit        Muxes := 1     
	   6 Input   32 Bit        Muxes := 1     
	   4 Input   32 Bit        Muxes := 10    
	   8 Input   32 Bit        Muxes := 1     
	   2 Input   16 Bit        Muxes := 1     
	   4 Input    8 Bit        Muxes := 1     
	   3 Input    8 Bit        Muxes := 2     
	  11 Input    8 Bit        Muxes := 1     
	   2 Input    8 Bit        Muxes := 8     
	   4 Input    7 Bit        Muxes := 1     
	   3 Input    6 Bit        Muxes := 1     
	   5 Input    6 Bit        Muxes := 1     
	   2 Input    6 Bit        Muxes := 4     
	   2 Input    5 Bit        Muxes := 14    
	   4 Input    5 Bit        Muxes := 3     
	   8 Input    5 Bit        Muxes := 2     
	   5 Input    5 Bit        Muxes := 4     
	   4 Input    4 Bit        Muxes := 4     
	   2 Input    4 Bit        Muxes := 5     
	   5 Input    4 Bit        Muxes := 1     
	   2 Input    3 Bit        Muxes := 3     
	   5 Input    3 Bit        Muxes := 1     
	   2 Input    2 Bit        Muxes := 5     
	   4 Input    2 Bit        Muxes := 1     
	   2 Input    1 Bit        Muxes := 72    
	   4 Input    1 Bit        Muxes := 23    
	   8 Input    1 Bit        Muxes := 5     
	   5 Input    1 Bit        Muxes := 7     
	  11 Input    1 Bit        Muxes := 10    
	   3 Input    1 Bit        Muxes := 6     
	   7 Input    1 Bit        Muxes := 1     
---------------------------------------------------------------------------------
Finished RTL Component Statistics 
---------------------------------------------------------------------------------
---------------------------------------------------------------------------------
Start Part Resource Summary
---------------------------------------------------------------------------------
Part Resources:
DSPs: 220 (col length:60)
BRAMs: 280 (col length: RAMB18 60 RAMB36 30)
---------------------------------------------------------------------------------
Finished Part Resource Summary
---------------------------------------------------------------------------------
---------------------------------------------------------------------------------
Start Cross Boundary and Area Optimization
---------------------------------------------------------------------------------
---------------------------------------------------------------------------------
Finished Cross Boundary and Area Optimization : Time (s): cpu = 00:00:30 ; elapsed = 00:00:35 . Memory (MB): peak = 1773.438 ; gain = 935.457
---------------------------------------------------------------------------------
---------------------------------------------------------------------------------
Start ROM, RAM, DSP, Shift Register and Retiming Reporting
---------------------------------------------------------------------------------

Distributed RAM: Preliminary Mapping Report (see note below)
+------------+-------------+-----------+----------------------+--------------+
|Module Name | RTL Object  | Inference | Size (Depth x Width) | Primitives   | 
+------------+-------------+-----------+----------------------+--------------+
|picorv32    | cpuregs_reg | Implied   | 64 x 32              | RAM64M x 22  | 
+------------+-------------+-----------+----------------------+--------------+

Note: The table above is a preliminary report that shows the Distributed RAMs at the current stage of the synthesis flow. Some Distributed RAMs may be reimplemented as non Distributed RAM primitives later in the synthesis flow. Multiple instantiated RAMs are reported only once.
---------------------------------------------------------------------------------
Finished ROM, RAM, DSP, Shift Register and Retiming Reporting
---------------------------------------------------------------------------------
---------------------------------------------------------------------------------
Start Applying XDC Timing Constraints
---------------------------------------------------------------------------------
---------------------------------------------------------------------------------
Finished Applying XDC Timing Constraints : Time (s): cpu = 00:00:36 ; elapsed = 00:00:42 . Memory (MB): peak = 1793.258 ; gain = 955.277
---------------------------------------------------------------------------------
---------------------------------------------------------------------------------
Start Timing Optimization
---------------------------------------------------------------------------------
---------------------------------------------------------------------------------
Finished Timing Optimization : Time (s): cpu = 00:00:46 ; elapsed = 00:00:52 . Memory (MB): peak = 1944.645 ; gain = 1106.664
---------------------------------------------------------------------------------
---------------------------------------------------------------------------------
Start ROM, RAM, DSP, Shift Register and Retiming Reporting
---------------------------------------------------------------------------------

Distributed RAM: Final Mapping Report
+------------+-------------+-----------+----------------------+--------------+
|Module Name | RTL Object  | Inference | Size (Depth x Width) | Primitives   | 
+------------+-------------+-----------+----------------------+--------------+
|picorv32    | cpuregs_reg | Implied   | 64 x 32              | RAM64M x 22  | 
+------------+-------------+-----------+----------------------+--------------+

---------------------------------------------------------------------------------
Finished ROM, RAM, DSP, Shift Register and Retiming Reporting
---------------------------------------------------------------------------------
---------------------------------------------------------------------------------
Start Technology Mapping
---------------------------------------------------------------------------------
---------------------------------------------------------------------------------
Finished Technology Mapping : Time (s): cpu = 00:00:47 ; elapsed = 00:00:54 . Memory (MB): peak = 1962.750 ; gain = 1124.770
---------------------------------------------------------------------------------
---------------------------------------------------------------------------------
Start IO Insertion
---------------------------------------------------------------------------------
---------------------------------------------------------------------------------
Start Flattening Before IO Insertion
---------------------------------------------------------------------------------
---------------------------------------------------------------------------------
Finished Flattening Before IO Insertion
---------------------------------------------------------------------------------
---------------------------------------------------------------------------------
Start Final Netlist Cleanup
---------------------------------------------------------------------------------
---------------------------------------------------------------------------------
Finished Final Netlist Cleanup
---------------------------------------------------------------------------------
---------------------------------------------------------------------------------
Finished IO Insertion : Time (s): cpu = 00:00:51 ; elapsed = 00:00:59 . Memory (MB): peak = 2100.980 ; gain = 1263.000
---------------------------------------------------------------------------------
---------------------------------------------------------------------------------
Start Renaming Generated Instances
---------------------------------------------------------------------------------
---------------------------------------------------------------------------------
Finished Renaming Generated Instances : Time (s): cpu = 00:00:51 ; elapsed = 00:00:59 . Memory (MB): peak = 2100.980 ; gain = 1263.000
---------------------------------------------------------------------------------
---------------------------------------------------------------------------------
Start Rebuilding User Hierarchy
---------------------------------------------------------------------------------
---------------------------------------------------------------------------------
Finished Rebuilding User Hierarchy : Time (s): cpu = 00:00:51 ; elapsed = 00:00:59 . Memory (MB): peak = 2100.980 ; gain = 1263.000
---------------------------------------------------------------------------------
---------------------------------------------------------------------------------
Start Renaming Generated Ports
---------------------------------------------------------------------------------
---------------------------------------------------------------------------------
Finished Renaming Generated Ports : Time (s): cpu = 00:00:51 ; elapsed = 00:00:59 . Memory (MB): peak = 2100.980 ; gain = 1263.000
---------------------------------------------------------------------------------
---------------------------------------------------------------------------------
Start Handling Custom Attributes
---------------------------------------------------------------------------------
---------------------------------------------------------------------------------
Finished Handling Custom Attributes : Time (s): cpu = 00:00:52 ; elapsed = 00:00:59 . Memory (MB): peak = 2100.980 ; gain = 1263.000
---------------------------------------------------------------------------------
---------------------------------------------------------------------------------
Start Renaming Generated Nets
---------------------------------------------------------------------------------
---------------------------------------------------------------------------------
Finished Renaming Generated Nets : Time (s): cpu = 00:00:52 ; elapsed = 00:00:59 . Memory (MB): peak = 2100.980 ; gain = 1263.000
---------------------------------------------------------------------------------
---------------------------------------------------------------------------------
Start Writing Synthesis Report
---------------------------------------------------------------------------------

Report BlackBoxes: 
+-+--------------+----------+
| |BlackBox name |Instances |
+-+--------------+----------+
+-+--------------+----------+

Report Cell Usage: 
+------+-------+------+
|      |Cell   |Count |
+------+-------+------+
|1     |CARRY4 |    99|
|2     |LUT1   |    40|
|3     |LUT2   |   227|
|4     |LUT3   |   282|
|5     |LUT4   |   493|
|6     |LUT5   |   358|
|7     |LUT6   |   850|
|8     |RAM64M |    22|
|9     |FDRE   |   934|
|10    |FDSE   |    97|
+------+-------+------+
---------------------------------------------------------------------------------
Finished Writing Synthesis Report : Time (s): cpu = 00:00:52 ; elapsed = 00:00:59 . Memory (MB): peak = 2100.980 ; gain = 1263.000
---------------------------------------------------------------------------------
Synthesis finished with 0 errors, 0 critical warnings and 0 warnings.
Synthesis Optimization Runtime : Time (s): cpu = 00:00:43 ; elapsed = 00:00:57 . Memory (MB): peak = 2100.980 ; gain = 1220.848
Synthesis Optimization Complete : Time (s): cpu = 00:00:52 ; elapsed = 00:00:59 . Memory (MB): peak = 2100.980 ; gain = 1263.000
INFO: [Project 1-571] Translating synthesized netlist
Netlist sorting complete. Time (s): cpu = 00:00:00 ; elapsed = 00:00:00.020 . Memory (MB): peak = 2110.062 ; gain = 0.000
INFO: [Netlist 29-17] Analyzing 121 Unisim elements for replacement
INFO: [Netlist 29-28] Unisim Transformation completed in 0 CPU seconds
WARNING: [Netlist 29-101] Netlist 'top_large' is not ideal for floorplanning, since the cellview 'picorv32' contains a large number of primitives.  Please consider enabling hierarchy in synthesis if you want to do floorplanning.
INFO: [Project 1-570] Preparing netlist for logic optimization
Parsing XDC File [E:/Projects/FPGA-Alittle-Design/build/run/fmax/pico_large_7ns/clock.xdc]
INFO: [Vivado 12-4761] HD.CLK_SRC property is set on port clk. The net connecting to the port drives either clock PIN or hierarchical black box. Use the create_clock constraint to create a clock on this port prior to setting HD.CLK_SRC.  [E:/Projects/FPGA-Alittle-Design/build/run/fmax/pico_large_7ns/clock.xdc:2]
Finished Parsing XDC File [E:/Projects/FPGA-Alittle-Design/build/run/fmax/pico_large_7ns/clock.xdc]
INFO: [Opt 31-138] Pushed 0 inverter(s) to 0 load pin(s).
Netlist sorting complete. Time (s): cpu = 00:00:00 ; elapsed = 00:00:00.002 . Memory (MB): peak = 2113.770 ; gain = 0.000
INFO: [Project 1-111] Unisim Transformation Summary:
  A total of 22 instances were transformed.
  RAM64M => RAM64M (RAMD64E(x4)): 22 instances

Synth Design complete | Checksum: 60bbea6e
INFO: [Common 17-83] Releasing license: Vivado_Synthesis
35 Infos, 52 Warnings, 0 Critical Warnings and 0 Errors encountered.
synth_design completed successfully
synth_design: Time (s): cpu = 00:00:59 ; elapsed = 00:01:09 . Memory (MB): peak = 2113.770 ; gain = 1503.504
# write_checkpoint -force [file join $run_dir post_synth.dcp]
INFO: [Timing 38-35] Done setting XDC timing constraints.
INFO: [Timing 38-480] Writing timing data to binary archive.
Write ShapeDB Complete: Time (s): cpu = 00:00:00 ; elapsed = 00:00:00.007 . Memory (MB): peak = 2113.770 ; gain = 0.000
INFO: [Common 17-1381] The checkpoint 'E:/Projects/FPGA-Alittle-Design/build/run/fmax/pico_large_7ns/post_synth.dcp' has been generated.
write_checkpoint: Time (s): cpu = 00:00:05 ; elapsed = 00:00:06 . Memory (MB): peak = 2113.770 ; gain = 0.000
# report_utilization    -file [file join $rep_dir utilization_synth.rpt]
# report_timing_summary -file [file join $rep_dir timing_synth.rpt] -delay_type max
INFO: [Timing 38-91] UpdateTimingParams: Speed grade: -1, Delay Type: max.
INFO: [Timing 38-191] Multithreading enabled for timing update using a maximum of 2 CPUs
# opt_design
Command: opt_design
Attempting to get a license for feature 'Vivado_Implementation' and/or device 'xc7z020'
INFO: [Common 17-349] Got license for feature 'Vivado_Implementation' and/or device 'xc7z020'
Running DRC as a precondition to command opt_design

Starting DRC Task
INFO: [DRC 23-27] Running DRC with 2 threads
WARNING: [DRC 23-814] Not all possible (connectivity based) DRCs may have been run because this design is seen as Out of Context.
INFO: [Project 1-461] DRC finished with 0 Errors
INFO: [Project 1-462] Please refer to the DRC report (report_drc) for more information.

Time (s): cpu = 00:00:01 ; elapsed = 00:00:00.598 . Memory (MB): peak = 2113.770 ; gain = 0.000

Starting Cache Timing Information Task
Ending Cache Timing Information Task | Checksum: 13f88e72a

Time (s): cpu = 00:00:00 ; elapsed = 00:00:00.003 . Memory (MB): peak = 2113.770 ; gain = 0.000

Starting Logic Optimization Task

Phase 1 Initialization

Phase 1.1 Core Generation And Design Setup
Phase 1.1 Core Generation And Design Setup | Checksum: 13f88e72a

Time (s): cpu = 00:00:00 ; elapsed = 00:00:00.004 . Memory (MB): peak = 2186.652 ; gain = 0.000

Phase 1.2 Setup Constraints And Sort Netlist
Phase 1.2 Setup Constraints And Sort Netlist | Checksum: 13f88e72a

Time (s): cpu = 00:00:00 ; elapsed = 00:00:00.008 . Memory (MB): peak = 2186.652 ; gain = 0.000
Phase 1 Initialization | Checksum: 13f88e72a

Time (s): cpu = 00:00:00 ; elapsed = 00:00:00.008 . Memory (MB): peak = 2186.652 ; gain = 0.000

Phase 2 Timer Update And Timing Data Collection

Phase 2.1 Detect if minReqCache needed
Phase 2.1 Detect if minReqCache needed | Checksum: 13f88e72a

Time (s): cpu = 00:00:00 ; elapsed = 00:00:00.023 . Memory (MB): peak = 2186.652 ; gain = 0.000

Phase 2.2 Timer Update
Phase 2.2 Timer Update | Checksum: 13f88e72a

Time (s): cpu = 00:00:00 ; elapsed = 00:00:00.032 . Memory (MB): peak = 2186.652 ; gain = 0.000
Phase 2 Timer Update And Timing Data Collection | Checksum: 13f88e72a

Time (s): cpu = 00:00:00 ; elapsed = 00:00:00.033 . Memory (MB): peak = 2186.652 ; gain = 0.000

Phase 3 Retarget
INFO: [Opt 31-1851] Number of loadless carry chains removed were: 0
INFO: [Opt 31-1834] Total Chains To Be Transformed Were: 0 AND Number of Transformed insts Created are: 0
INFO: [Opt 31-1566] Pulled 5 inverters resulting in an inversion of 155 pins
INFO: [Opt 31-138] Pushed 0 inverter(s) to 0 load pin(s).
INFO: [Opt 31-49] Retargeted 0 cell(s).
Phase 3 Retarget | Checksum: 14165608b

Time (s): cpu = 00:00:00 ; elapsed = 00:00:00.116 . Memory (MB): peak = 2186.652 ; gain = 0.000
Retarget | Checksum: 14165608b
INFO: [Opt 31-389] Phase Retarget created 0 cells and removed 5 cells

Phase 4 Constant propagation
INFO: [Opt 31-138] Pushed 0 inverter(s) to 0 load pin(s).
Phase 4 Constant propagation | Checksum: 1483b1643

Time (s): cpu = 00:00:00 ; elapsed = 00:00:00.152 . Memory (MB): peak = 2186.652 ; gain = 0.000
Constant propagation | Checksum: 1483b1643
INFO: [Opt 31-389] Phase Constant propagation created 0 cells and removed 0 cells

Phase 5 Sweep
INFO: [Constraints 18-11670] Building netlist checker database with flags, 0x8
Done building netlist checker database: Time (s): cpu = 00:00:00 ; elapsed = 00:00:00.002 . Memory (MB): peak = 2186.652 ; gain = 0.000
Phase 5 Sweep | Checksum: 13a1d15bd

Time (s): cpu = 00:00:00 ; elapsed = 00:00:00.188 . Memory (MB): peak = 2186.652 ; gain = 0.000
Sweep | Checksum: 13a1d15bd
INFO: [Opt 31-389] Phase Sweep created 0 cells and removed 0 cells

Phase 6 BUFG optimization
Phase 6 BUFG optimization | Checksum: 13a1d15bd

Time (s): cpu = 00:00:00 ; elapsed = 00:00:00.213 . Memory (MB): peak = 2186.652 ; gain = 0.000
BUFG optimization | Checksum: 13a1d15bd
INFO: [Opt 31-662] Phase BUFG optimization created 0 cells of which 0 are BUFGs and removed 0 cells.

Phase 7 Shift Register Optimization
INFO: [Opt 31-1064] SRL Remap converted 0 SRLs to 0 registers and converted 0 registers of register chains to 0 SRLs
Phase 7 Shift Register Optimization | Checksum: 13a1d15bd

Time (s): cpu = 00:00:00 ; elapsed = 00:00:00.220 . Memory (MB): peak = 2186.652 ; gain = 0.000
Shift Register Optimization | Checksum: 13a1d15bd
INFO: [Opt 31-389] Phase Shift Register Optimization created 0 cells and removed 0 cells

Phase 8 Post Processing Netlist
Phase 8 Post Processing Netlist | Checksum: 13a1d15bd

Time (s): cpu = 00:00:00 ; elapsed = 00:00:00.232 . Memory (MB): peak = 2186.652 ; gain = 0.000
Post Processing Netlist | Checksum: 13a1d15bd
INFO: [Opt 31-389] Phase Post Processing Netlist created 0 cells and removed 0 cells

Phase 9 Finalization

Phase 9.1 Finalizing Design Cores and Updating Shapes
Phase 9.1 Finalizing Design Cores and Updating Shapes | Checksum: 116d3848e

Time (s): cpu = 00:00:00 ; elapsed = 00:00:00.277 . Memory (MB): peak = 2186.652 ; gain = 0.000

Phase 9.2 Verifying Netlist Connectivity

Starting Connectivity Check Task

Time (s): cpu = 00:00:00 ; elapsed = 00:00:00.025 . Memory (MB): peak = 2186.652 ; gain = 0.000
Phase 9.2 Verifying Netlist Connectivity | Checksum: 116d3848e

Time (s): cpu = 00:00:00 ; elapsed = 00:00:00.303 . Memory (MB): peak = 2186.652 ; gain = 0.000
Phase 9 Finalization | Checksum: 116d3848e

Time (s): cpu = 00:00:00 ; elapsed = 00:00:00.304 . Memory (MB): peak = 2186.652 ; gain = 0.000
Opt_design Change Summary
=========================


-------------------------------------------------------------------------------------------------------------------------
|  Phase                        |  #Cells created  |  #Cells Removed  |  #Constrained objects preventing optimizations  |
-------------------------------------------------------------------------------------------------------------------------
|  Retarget                     |               0  |               5  |                                              0  |
|  Constant propagation         |               0  |               0  |                                              0  |
|  Sweep                        |               0  |               0  |                                              0  |
|  BUFG optimization            |               0  |               0  |                                              0  |
|  Shift Register Optimization  |               0  |               0  |                                              0  |
|  Post Processing Netlist      |               0  |               0  |                                              0  |
-------------------------------------------------------------------------------------------------------------------------


Ending Logic Optimization Task | Checksum: 116d3848e

Time (s): cpu = 00:00:00 ; elapsed = 00:00:00.307 . Memory (MB): peak = 2186.652 ; gain = 0.000

Starting Power Optimization Task
INFO: [Pwropt 34-132] Skipping clock gating for clocks with a period < 2.00 ns.
Ending Power Optimization Task | Checksum: 116d3848e

Time (s): cpu = 00:00:00 ; elapsed = 00:00:00.020 . Memory (MB): peak = 2186.652 ; gain = 0.000

Starting Final Cleanup Task
Ending Final Cleanup Task | Checksum: 116d3848e

Time (s): cpu = 00:00:00 ; elapsed = 00:00:00.001 . Memory (MB): peak = 2186.652 ; gain = 0.000
Netlist sorting complete. Time (s): cpu = 00:00:00 ; elapsed = 00:00:00.002 . Memory (MB): peak = 2186.652 ; gain = 0.000
INFO: [Common 17-83] Releasing license: Vivado_Implementation
20 Infos, 1 Warnings, 0 Critical Warnings and 0 Errors encountered.
opt_design completed successfully
opt_design: Time (s): cpu = 00:00:05 ; elapsed = 00:00:06 . Memory (MB): peak = 2186.652 ; gain = 72.883
# place_design
Command: place_design
Attempting to get a license for feature 'Vivado_Implementation' and/or device 'xc7z020'
INFO: [Common 17-349] Got license for feature 'Vivado_Implementation' and/or device 'xc7z020'
INFO: [Common 17-83] Releasing license: Vivado_Implementation
INFO: [Timing 38-35] Done setting XDC timing constraints.
Running DRC as a precondition to command place_design
INFO: [DRC 23-27] Running DRC with 2 threads
WARNING: [DRC 23-814] Not all possible (connectivity based) DRCs may have been run because this design is seen as Out of Context.
INFO: [Vivado_Tcl 4-198] DRC finished with 0 Errors
INFO: [Vivado_Tcl 4-199] Please refer to the DRC report (report_drc) for more information.
INFO: [Place 30-611] Multithreading enabled for place_design using a maximum of 2 CPUs

Starting Placer Task

Phase 1 Placer Initialization

Phase 1.1 Placer Initialization Netlist Sorting
Netlist sorting complete. Time (s): cpu = 00:00:00 ; elapsed = 00:00:00.002 . Memory (MB): peak = 2186.652 ; gain = 0.000
Phase 1.1 Placer Initialization Netlist Sorting | Checksum: d82b310a

Time (s): cpu = 00:00:00 ; elapsed = 00:00:00.004 . Memory (MB): peak = 2186.652 ; gain = 0.000
Netlist sorting complete. Time (s): cpu = 00:00:00 ; elapsed = 00:00:00.001 . Memory (MB): peak = 2186.652 ; gain = 0.000

Phase 1.2 IO Placement/ Clock Placement/ Build Placer Device
Phase 1.2 IO Placement/ Clock Placement/ Build Placer Device | Checksum: 7bf09d1e

Time (s): cpu = 00:00:01 ; elapsed = 00:00:00.265 . Memory (MB): peak = 2186.652 ; gain = 0.000

Phase 1.3 Build Placer Netlist Model
Phase 1.3 Build Placer Netlist Model | Checksum: f4440a47

Time (s): cpu = 00:00:02 ; elapsed = 00:00:00.944 . Memory (MB): peak = 2186.652 ; gain = 0.000

Phase 1.4 Constrain Clocks/Macros
Phase 1.4 Constrain Clocks/Macros | Checksum: f4440a47

Time (s): cpu = 00:00:02 ; elapsed = 00:00:00.954 . Memory (MB): peak = 2186.652 ; gain = 0.000
Phase 1 Placer Initialization | Checksum: f4440a47

Time (s): cpu = 00:00:02 ; elapsed = 00:00:00.965 . Memory (MB): peak = 2186.652 ; gain = 0.000

Phase 2 Global Placement

Phase 2.1 Floorplanning
Phase 2.1 Floorplanning | Checksum: 141ebbd58

Time (s): cpu = 00:00:03 ; elapsed = 00:00:01 . Memory (MB): peak = 2186.652 ; gain = 0.000

Phase 2.2 Update Timing before SLR Path Opt
Phase 2.2 Update Timing before SLR Path Opt | Checksum: 15af9187c

Time (s): cpu = 00:00:03 ; elapsed = 00:00:02 . Memory (MB): peak = 2186.652 ; gain = 0.000

Phase 2.3 Post-Processing in Floorplanning
Phase 2.3 Post-Processing in Floorplanning | Checksum: 15af9187c

Time (s): cpu = 00:00:03 ; elapsed = 00:00:02 . Memory (MB): peak = 2186.652 ; gain = 0.000

Phase 2.4 Global Place Phase1
Phase 2.4 Global Place Phase1 | Checksum: cb473f81

Time (s): cpu = 00:00:09 ; elapsed = 00:00:05 . Memory (MB): peak = 2186.652 ; gain = 0.000

Phase 2.5 Global Place Phase2

Phase 2.5.1 UpdateTiming Before Physical Synthesis
Phase 2.5.1 UpdateTiming Before Physical Synthesis | Checksum: e90d2e8c

Time (s): cpu = 00:00:09 ; elapsed = 00:00:05 . Memory (MB): peak = 2186.652 ; gain = 0.000

Phase 2.5.2 Physical Synthesis In Placer
INFO: [Physopt 32-1035] Found 78 LUTNM shape to break, 17 LUT instances to create LUTNM shape
INFO: [Physopt 32-1044] Break lutnm for timing: one critical 42, two critical 36, total 78, new lutff created 4
INFO: [Physopt 32-1138] End 1 Pass. Optimized 85 nets or LUTs. Breaked 78 LUTs, combined 7 existing LUTs and moved 0 existing LUT
INFO: [Physopt 32-65] No nets found for high-fanout optimization.
INFO: [Physopt 32-232] Optimized 0 net. Created 0 new instance.
INFO: [Physopt 32-775] End 1 Pass. Optimized 0 net or cell. Created 0 new cell, deleted 0 existing cell and moved 0 existing cell
INFO: [Physopt 32-456] No candidate cells for DSP register optimization found in the design.
INFO: [Physopt 32-775] End 2 Pass. Optimized 0 net or cell. Created 0 new cell, deleted 0 existing cell and moved 0 existing cell
INFO: [Physopt 32-1123] No candidate cells found for Shift Register to Pipeline optimization
INFO: [Physopt 32-775] End 2 Pass. Optimized 0 net or cell. Created 0 new cell, deleted 0 existing cell and moved 0 existing cell
INFO: [Physopt 32-1401] No candidate cells found for Shift Register optimization.
INFO: [Physopt 32-677] No candidate cells for Shift Register optimization found in the design
INFO: [Physopt 32-775] End 1 Pass. Optimized 0 net or cell. Created 0 new cell, deleted 0 existing cell and moved 0 existing cell
INFO: [Physopt 32-526] No candidate cells for BRAM register optimization found in the design
INFO: [Physopt 32-775] End 1 Pass. Optimized 0 net or cell. Created 0 new cell, deleted 0 existing cell and moved 0 existing cell
INFO: [Physopt 32-846] No candidate cells for URAM register optimization found in the design
INFO: [Physopt 32-775] End 1 Pass. Optimized 0 net or cell. Created 0 new cell, deleted 0 existing cell and moved 0 existing cell
INFO: [Physopt 32-846] No candidate cells for URAM register optimization found in the design
INFO: [Physopt 32-775] End 1 Pass. Optimized 0 net or cell. Created 0 new cell, deleted 0 existing cell and moved 0 existing cell
INFO: [Physopt 32-949] No candidate nets found for dynamic/static region interface net replication
INFO: [Physopt 32-775] End 1 Pass. Optimized 0 net or cell. Created 0 new cell, deleted 0 existing cell and moved 0 existing cell
Netlist sorting complete. Time (s): cpu = 00:00:00 ; elapsed = 00:00:00.001 . Memory (MB): peak = 2186.652 ; gain = 0.000

Summary of Physical Synthesis Optimizations
============================================


-----------------------------------------------------------------------------------------------------------------------------------------------------------
|  Optimization                                     |  Added Cells  |  Removed Cells  |  Optimized Cells/Nets  |  Dont Touch  |  Iterations  |  Elapsed   |
-----------------------------------------------------------------------------------------------------------------------------------------------------------
|  LUT Combining                                    |           78  |              7  |                    85  |           0  |           1  |  00:00:00  |
|  Retime                                           |            0  |              0  |                     0  |           0  |           1  |  00:00:00  |
|  Very High Fanout                                 |            0  |              0  |                     0  |           0  |           1  |  00:00:00  |
|  DSP Register                                     |            0  |              0  |                     0  |           0  |           1  |  00:00:00  |
|  Shift Register to Pipeline                       |            0  |              0  |                     0  |           0  |           1  |  00:00:00  |
|  Shift Register                                   |            0  |              0  |                     0  |           0  |           1  |  00:00:00  |
|  BRAM Register                                    |            0  |              0  |                     0  |           0  |           1  |  00:00:00  |
|  URAM Register                                    |            0  |              0  |                     0  |           0  |           1  |  00:00:00  |
|  Dynamic/Static Region Interface Net Replication  |            0  |              0  |                     0  |           0  |           1  |  00:00:00  |
|  Total                                            |           78  |              7  |                    85  |           0  |           9  |  00:00:00  |
-----------------------------------------------------------------------------------------------------------------------------------------------------------


Phase 2.5.2 Physical Synthesis In Placer | Checksum: 162fd52d4

Time (s): cpu = 00:00:10 ; elapsed = 00:00:06 . Memory (MB): peak = 2186.652 ; gain = 0.000
Phase 2.5 Global Place Phase2 | Checksum: 20c9aed57

Time (s): cpu = 00:00:10 ; elapsed = 00:00:06 . Memory (MB): peak = 2186.652 ; gain = 0.000
Phase 2 Global Placement | Checksum: 20c9aed57

Time (s): cpu = 00:00:10 ; elapsed = 00:00:06 . Memory (MB): peak = 2186.652 ; gain = 0.000

Phase 3 Detail Placement

Phase 3.1 Commit Multi Column Macros
Phase 3.1 Commit Multi Column Macros | Checksum: 1a6d59336

Time (s): cpu = 00:00:10 ; elapsed = 00:00:06 . Memory (MB): peak = 2186.652 ; gain = 0.000

Phase 3.2 Commit Most Macros & LUTRAMs
Phase 3.2 Commit Most Macros & LUTRAMs | Checksum: 2b9445917

Time (s): cpu = 00:00:11 ; elapsed = 00:00:07 . Memory (MB): peak = 2186.652 ; gain = 0.000

Phase 3.3 Area Swap Optimization
Phase 3.3 Area Swap Optimization | Checksum: 1ef0b77c6

Time (s): cpu = 00:00:11 ; elapsed = 00:00:07 . Memory (MB): peak = 2186.652 ; gain = 0.000

Phase 3.4 Pipeline Register Optimization
Phase 3.4 Pipeline Register Optimization | Checksum: 2d2924a9d

Time (s): cpu = 00:00:11 ; elapsed = 00:00:07 . Memory (MB): peak = 2186.652 ; gain = 0.000

Phase 3.5 Fast Optimization
Phase 3.5 Fast Optimization | Checksum: 1f0368316

Time (s): cpu = 00:00:13 ; elapsed = 00:00:08 . Memory (MB): peak = 2186.652 ; gain = 0.000

Phase 3.6 Small Shape Detail Placement
Phase 3.6 Small Shape Detail Placement | Checksum: 145869740

Time (s): cpu = 00:00:14 ; elapsed = 00:00:09 . Memory (MB): peak = 2186.652 ; gain = 0.000

Phase 3.7 Re-assign LUT pins
Phase 3.7 Re-assign LUT pins | Checksum: 1ef66449d

Time (s): cpu = 00:00:14 ; elapsed = 00:00:10 . Memory (MB): peak = 2186.652 ; gain = 0.000

Phase 3.8 Pipeline Register Optimization
Phase 3.8 Pipeline Register Optimization | Checksum: 1c52d01c7

Time (s): cpu = 00:00:14 ; elapsed = 00:00:10 . Memory (MB): peak = 2186.652 ; gain = 0.000

Phase 3.9 Fast Optimization
Phase 3.9 Fast Optimization | Checksum: 17a259d0c

Time (s): cpu = 00:00:17 ; elapsed = 00:00:12 . Memory (MB): peak = 2186.652 ; gain = 0.000
Phase 3 Detail Placement | Checksum: 17a259d0c

Time (s): cpu = 00:00:17 ; elapsed = 00:00:12 . Memory (MB): peak = 2186.652 ; gain = 0.000

Phase 4 Post Placement Optimization and Clean-Up

Phase 4.1 Post Commit Optimization
INFO: [Timing 38-35] Done setting XDC timing constraints.

Phase 4.1.1 Post Placement Optimization
Post Placement Optimization Initialization | Checksum: 12a80f8ca

Phase 4.1.1.1 BUFG Insertion

Starting Physical Synthesis Task

Phase 1 Physical Synthesis Initialization
INFO: [Physopt 32-721] Multithreading enabled for phys_opt_design using a maximum of 2 CPUs
INFO: [Physopt 32-619] Estimated Timing Summary | WNS=-0.939 | TNS=-63.859 |
Phase 1 Physical Synthesis Initialization | Checksum: 141ec945e

Time (s): cpu = 00:00:00 ; elapsed = 00:00:00.049 . Memory (MB): peak = 2186.652 ; gain = 0.000
INFO: [Place 46-56] BUFG insertion identified 0 candidate nets. Inserted BUFG: 0, Replicated BUFG Driver: 0, Skipped due to Placement/Routing Conflicts: 0, Skipped due to Timing Degradation: 0, Skipped due to netlist editing failed: 0.
Ending Physical Synthesis Task | Checksum: 15375967e

Time (s): cpu = 00:00:00 ; elapsed = 00:00:00.059 . Memory (MB): peak = 2186.652 ; gain = 0.000
Phase 4.1.1.1 BUFG Insertion | Checksum: 12a80f8ca

Time (s): cpu = 00:00:18 ; elapsed = 00:00:13 . Memory (MB): peak = 2186.652 ; gain = 0.000

Phase 4.1.1.2 Post Placement Timing Optimization
INFO: [Place 30-746] Post Placement Timing Summary WNS=0.011. For the most accurate timing information please run report_timing.
Phase 4.1.1.2 Post Placement Timing Optimization | Checksum: 25bcfa127

Time (s): cpu = 00:00:41 ; elapsed = 00:00:38 . Memory (MB): peak = 2186.652 ; gain = 0.000

Time (s): cpu = 00:00:41 ; elapsed = 00:00:38 . Memory (MB): peak = 2186.652 ; gain = 0.000
Phase 4.1 Post Commit Optimization | Checksum: 25bcfa127

Time (s): cpu = 00:00:41 ; elapsed = 00:00:38 . Memory (MB): peak = 2186.652 ; gain = 0.000

Phase 4.2 Post Placement Cleanup
Phase 4.2 Post Placement Cleanup | Checksum: 25bcfa127

Time (s): cpu = 00:00:41 ; elapsed = 00:00:38 . Memory (MB): peak = 2186.652 ; gain = 0.000

Phase 4.3 Placer Reporting

Phase 4.3.1 Print Estimated Congestion
INFO: [Place 30-612] Post-Placement Estimated Congestion 
 ____________________________________________________
|           | Global Congestion | Short Congestion  |
| Direction | Region Size       | Region Size       |
|___________|___________________|___________________|
|      North|                1x1|                4x4|
|___________|___________________|___________________|
|      South|                1x1|                1x1|
|___________|___________________|___________________|
|       East|                1x1|                1x1|
|___________|___________________|___________________|
|       West|                1x1|                1x1|
|___________|___________________|___________________|

Phase 4.3.1 Print Estimated Congestion | Checksum: 25bcfa127

Time (s): cpu = 00:00:41 ; elapsed = 00:00:38 . Memory (MB): peak = 2186.652 ; gain = 0.000
Phase 4.3 Placer Reporting | Checksum: 25bcfa127

Time (s): cpu = 00:00:41 ; elapsed = 00:00:38 . Memory (MB): peak = 2186.652 ; gain = 0.000

Phase 4.4 Final Placement Cleanup
Netlist sorting complete. Time (s): cpu = 00:00:00 ; elapsed = 00:00:00.001 . Memory (MB): peak = 2186.652 ; gain = 0.000

Time (s): cpu = 00:00:41 ; elapsed = 00:00:38 . Memory (MB): peak = 2186.652 ; gain = 0.000
Phase 4 Post Placement Optimization and Clean-Up | Checksum: 23473cf35

Time (s): cpu = 00:00:41 ; elapsed = 00:00:38 . Memory (MB): peak = 2186.652 ; gain = 0.000
Ending Placer Task | Checksum: 1872fffe8

Time (s): cpu = 00:00:41 ; elapsed = 00:00:38 . Memory (MB): peak = 2186.652 ; gain = 0.000
34 Infos, 1 Warnings, 0 Critical Warnings and 0 Errors encountered.
place_design completed successfully
place_design: Time (s): cpu = 00:00:42 ; elapsed = 00:00:39 . Memory (MB): peak = 2186.652 ; gain = 0.000
# route_design
Command: route_design
Attempting to get a license for feature 'Vivado_Implementation' and/or device 'xc7z020'
INFO: [Common 17-349] Got license for feature 'Vivado_Implementation' and/or device 'xc7z020'


Starting Routing Task
INFO: [Route 35-254] Multithreading enabled for route_design using a maximum of 2 CPUs

Phase 1 Build RT Design
Checksum: PlaceDB: ab01d3e0 ConstDB: 0 ShapeSum: c634b918 RouteDB: 15f972f0
WARNING: [Route 35-198] Port "resetn" does not have an associated HD.PARTPIN_LOCS, which will prevent the partial routing of the signal "resetn". Without this partial route, timing analysis to/from this port will not be accurate, and no routing information for this port can be exported.
WARNING: [Route 35-198] Port "pcpi_rd[31]" does not have an associated HD.PARTPIN_LOCS, which will prevent the partial routing of the signal "pcpi_rd[31]". Without this partial route, timing analysis to/from this port will not be accurate, and no routing information for this port can be exported.
WARNING: [Route 35-198] Port "pcpi_rd[24]" does not have an associated HD.PARTPIN_LOCS, which will prevent the partial routing of the signal "pcpi_rd[24]". Without this partial route, timing analysis to/from this port will not be accurate, and no routing information for this port can be exported.
WARNING: [Route 35-198] Port "pcpi_rd[26]" does not have an associated HD.PARTPIN_LOCS, which will prevent the partial routing of the signal "pcpi_rd[26]". Without this partial route, timing analysis to/from this port will not be accurate, and no routing information for this port can be exported.
WARNING: [Route 35-198] Port "pcpi_ready" does not have an associated HD.PARTPIN_LOCS, which will prevent the partial routing of the signal "pcpi_ready". Without this partial route, timing analysis to/from this port will not be accurate, and no routing information for this port can be exported.
WARNING: [Route 35-198] Port "mem_rdata[26]" does not have an associated HD.PARTPIN_LOCS, which will prevent the partial routing of the signal "mem_rdata[26]". Without this partial route, timing analysis to/from this port will not be accurate, and no routing information for this port can be exported.
WARNING: [Route 35-198] Port "mem_rdata[31]" does not have an associated HD.PARTPIN_LOCS, which will prevent the partial routing of the signal "mem_rdata[31]". Without this partial route, timing analysis to/from this port will not be accurate, and no routing information for this port can be exported.
WARNING: [Route 35-198] Port "pcpi_rd[20]" does not have an associated HD.PARTPIN_LOCS, which will prevent the partial routing of the signal "pcpi_rd[20]". Without this partial route, timing analysis to/from this port will not be accurate, and no routing information for this port can be exported.
WARNING: [Route 35-198] Port "mem_rdata[18]" does not have an associated HD.PARTPIN_LOCS, which will prevent the partial routing of the signal "mem_rdata[18]". Without this partial route, timing analysis to/from this port will not be accurate, and no routing information for this port can be exported.
WARNING: [Route 35-198] Port "pcpi_rd[22]" does not have an associated HD.PARTPIN_LOCS, which will prevent the partial routing of the signal "pcpi_rd[22]". Without this partial route, timing analysis to/from this port will not be accurate, and no routing information for this port can be exported.
WARNING: [Route 35-198] Port "mem_rdata[20]" does not have an associated HD.PARTPIN_LOCS, which will prevent the partial routing of the signal "mem_rdata[20]". Without this partial route, timing analysis to/from this port will not be accurate, and no routing information for this port can be exported.
WARNING: [Route 35-198] Port "mem_rdata[30]" does not have an associated HD.PARTPIN_LOCS, which will prevent the partial routing of the signal "mem_rdata[30]". Without this partial route, timing analysis to/from this port will not be accurate, and no routing information for this port can be exported.
WARNING: [Route 35-198] Port "pcpi_rd[18]" does not have an associated HD.PARTPIN_LOCS, which will prevent the partial routing of the signal "pcpi_rd[18]". Without this partial route, timing analysis to/from this port will not be accurate, and no routing information for this port can be exported.
WARNING: [Route 35-198] Port "pcpi_rd[30]" does not have an associated HD.PARTPIN_LOCS, which will prevent the partial routing of the signal "pcpi_rd[30]". Without this partial route, timing analysis to/from this port will not be accurate, and no routing information for this port can be exported.
WARNING: [Route 35-198] Port "mem_rdata[22]" does not have an associated HD.PARTPIN_LOCS, which will prevent the partial routing of the signal "mem_rdata[22]". Without this partial route, timing analysis to/from this port will not be accurate, and no routing information for this port can be exported.
WARNING: [Route 35-198] Port "pcpi_rd[25]" does not have an associated HD.PARTPIN_LOCS, which will prevent the partial routing of the signal "pcpi_rd[25]". Without this partial route, timing analysis to/from this port will not be accurate, and no routing information for this port can be exported.
WARNING: [Route 35-198] Port "mem_rdata[25]" does not have an associated HD.PARTPIN_LOCS, which will prevent the partial routing of the signal "mem_rdata[25]". Without this partial route, timing analysis to/from this port will not be accurate, and no routing information for this port can be exported.
WARNING: [Route 35-198] Port "mem_rdata[27]" does not have an associated HD.PARTPIN_LOCS, which will prevent the partial routing of the signal "mem_rdata[27]". Without this partial route, timing analysis to/from this port will not be accurate, and no routing information for this port can be exported.
WARNING: [Route 35-198] Port "pcpi_rd[17]" does not have an associated HD.PARTPIN_LOCS, which will prevent the partial routing of the signal "pcpi_rd[17]". Without this partial route, timing analysis to/from this port will not be accurate, and no routing information for this port can be exported.
WARNING: [Route 35-198] Port "pcpi_rd[19]" does not have an associated HD.PARTPIN_LOCS, which will prevent the partial routing of the signal "pcpi_rd[19]". Without this partial route, timing analysis to/from this port will not be accurate, and no routing information for this port can be exported.
WARNING: [Route 35-198] Port "pcpi_rd[28]" does not have an associated HD.PARTPIN_LOCS, which will prevent the partial routing of the signal "pcpi_rd[28]". Without this partial route, timing analysis to/from this port will not be accurate, and no routing information for this port can be exported.
WARNING: [Route 35-198] Port "mem_rdata[28]" does not have an associated HD.PARTPIN_LOCS, which will prevent the partial routing of the signal "mem_rdata[28]". Without this partial route, timing analysis to/from this port will not be accurate, and no routing information for this port can be exported.
WARNING: [Route 35-198] Port "mem_rdata[29]" does not have an associated HD.PARTPIN_LOCS, which will prevent the partial routing of the signal "mem_rdata[29]". Without this partial route, timing analysis to/from this port will not be accurate, and no routing information for this port can be exported.
WARNING: [Route 35-198] Port "pcpi_rd[27]" does not have an associated HD.PARTPIN_LOCS, which will prevent the partial routing of the signal "pcpi_rd[27]". Without this partial route, timing analysis to/from this port will not be accurate, and no routing information for this port can be exported.
WARNING: [Route 35-198] Port "pcpi_rd[29]" does not have an associated HD.PARTPIN_LOCS, which will prevent the partial routing of the signal "pcpi_rd[29]". Without this partial route, timing analysis to/from this port will not be accurate, and no routing information for this port can be exported.
WARNING: [Route 35-198] Port "irq[24]" does not have an associated HD.PARTPIN_LOCS, which will prevent the partial routing of the signal "irq[24]". Without this partial route, timing analysis to/from this port will not be accurate, and no routing information for this port can be exported.
WARNING: [Route 35-198] Port "irq[25]" does not have an associated HD.PARTPIN_LOCS, which will prevent the partial routing of the signal "irq[25]". Without this partial route, timing analysis to/from this port will not be accurate, and no routing information for this port can be exported.
WARNING: [Route 35-198] Port "mem_rdata[17]" does not have an associated HD.PARTPIN_LOCS, which will prevent the partial routing of the signal "mem_rdata[17]". Without this partial route, timing analysis to/from this port will not be accurate, and no routing information for this port can be exported.
WARNING: [Route 35-198] Port "mem_rdata[24]" does not have an associated HD.PARTPIN_LOCS, which will prevent the partial routing of the signal "mem_rdata[24]". Without this partial route, timing analysis to/from this port will not be accurate, and no routing information for this port can be exported.
WARNING: [Route 35-198] Port "irq[17]" does not have an associated HD.PARTPIN_LOCS, which will prevent the partial routing of the signal "irq[17]". Without this partial route, timing analysis to/from this port will not be accurate, and no routing information for this port can be exported.
WARNING: [Route 35-198] Port "irq[26]" does not have an associated HD.PARTPIN_LOCS, which will prevent the partial routing of the signal "irq[26]". Without this partial route, timing analysis to/from this port will not be accurate, and no routing information for this port can be exported.
WARNING: [Route 35-198] Port "irq[27]" does not have an associated HD.PARTPIN_LOCS, which will prevent the partial routing of the signal "irq[27]". Without this partial route, timing analysis to/from this port will not be accurate, and no routing information for this port can be exported.
WARNING: [Route 35-198] Port "pcpi_rd[23]" does not have an associated HD.PARTPIN_LOCS, which will prevent the partial routing of the signal "pcpi_rd[23]". Without this partial route, timing analysis to/from this port will not be accurate, and no routing information for this port can be exported.
WARNING: [Route 35-198] Port "mem_rdata[21]" does not have an associated HD.PARTPIN_LOCS, which will prevent the partial routing of the signal "mem_rdata[21]". Without this partial route, timing analysis to/from this port will not be accurate, and no routing information for this port can be exported.
WARNING: [Route 35-198] Port "irq[20]" does not have an associated HD.PARTPIN_LOCS, which will prevent the partial routing of the signal "irq[20]". Without this partial route, timing analysis to/from this port will not be accurate, and no routing information for this port can be exported.
WARNING: [Route 35-198] Port "irq[31]" does not have an associated HD.PARTPIN_LOCS, which will prevent the partial routing of the signal "irq[31]". Without this partial route, timing analysis to/from this port will not be accurate, and no routing information for this port can be exported.
WARNING: [Route 35-198] Port "mem_rdata[23]" does not have an associated HD.PARTPIN_LOCS, which will prevent the partial routing of the signal "mem_rdata[23]". Without this partial route, timing analysis to/from this port will not be accurate, and no routing information for this port can be exported.
WARNING: [Route 35-198] Port "irq[30]" does not have an associated HD.PARTPIN_LOCS, which will prevent the partial routing of the signal "irq[30]". Without this partial route, timing analysis to/from this port will not be accurate, and no routing information for this port can be exported.
WARNING: [Route 35-198] Port "pcpi_rd[21]" does not have an associated HD.PARTPIN_LOCS, which will prevent the partial routing of the signal "pcpi_rd[21]". Without this partial route, timing analysis to/from this port will not be accurate, and no routing information for this port can be exported.
WARNING: [Route 35-198] Port "irq[19]" does not have an associated HD.PARTPIN_LOCS, which will prevent the partial routing of the signal "irq[19]". Without this partial route, timing analysis to/from this port will not be accurate, and no routing information for this port can be exported.
WARNING: [Route 35-198] Port "mem_rdata[19]" does not have an associated HD.PARTPIN_LOCS, which will prevent the partial routing of the signal "mem_rdata[19]". Without this partial route, timing analysis to/from this port will not be accurate, and no routing information for this port can be exported.
WARNING: [Route 35-198] Port "irq[16]" does not have an associated HD.PARTPIN_LOCS, which will prevent the partial routing of the signal "irq[16]". Without this partial route, timing analysis to/from this port will not be accurate, and no routing information for this port can be exported.
WARNING: [Route 35-198] Port "irq[18]" does not have an associated HD.PARTPIN_LOCS, which will prevent the partial routing of the signal "irq[18]". Without this partial route, timing analysis to/from this port will not be accurate, and no routing information for this port can be exported.
WARNING: [Route 35-198] Port "irq[23]" does not have an associated HD.PARTPIN_LOCS, which will prevent the partial routing of the signal "irq[23]". Without this partial route, timing analysis to/from this port will not be accurate, and no routing information for this port can be exported.
WARNING: [Route 35-198] Port "irq[28]" does not have an associated HD.PARTPIN_LOCS, which will prevent the partial routing of the signal "irq[28]". Without this partial route, timing analysis to/from this port will not be accurate, and no routing information for this port can be exported.
WARNING: [Route 35-198] Port "irq[4]" does not have an associated HD.PARTPIN_LOCS, which will prevent the partial routing of the signal "irq[4]". Without this partial route, timing analysis to/from this port will not be accurate, and no routing information for this port can be exported.
WARNING: [Route 35-198] Port "irq[21]" does not have an associated HD.PARTPIN_LOCS, which will prevent the partial routing of the signal "irq[21]". Without this partial route, timing analysis to/from this port will not be accurate, and no routing information for this port can be exported.
WARNING: [Route 35-198] Port "irq[6]" does not have an associated HD.PARTPIN_LOCS, which will prevent the partial routing of the signal "irq[6]". Without this partial route, timing analysis to/from this port will not be accurate, and no routing information for this port can be exported.
WARNING: [Route 35-198] Port "mem_rdata[14]" does not have an associated HD.PARTPIN_LOCS, which will prevent the partial routing of the signal "mem_rdata[14]". Without this partial route, timing analysis to/from this port will not be accurate, and no routing information for this port can be exported.
WARNING: [Route 35-198] Port "pcpi_rd[13]" does not have an associated HD.PARTPIN_LOCS, which will prevent the partial routing of the signal "pcpi_rd[13]". Without this partial route, timing analysis to/from this port will not be accurate, and no routing information for this port can be exported.
WARNING: [Route 35-198] Port "irq[11]" does not have an associated HD.PARTPIN_LOCS, which will prevent the partial routing of the signal "irq[11]". Without this partial route, timing analysis to/from this port will not be accurate, and no routing information for this port can be exported.
WARNING: [Route 35-198] Port "pcpi_rd[16]" does not have an associated HD.PARTPIN_LOCS, which will prevent the partial routing of the signal "pcpi_rd[16]". Without this partial route, timing analysis to/from this port will not be accurate, and no routing information for this port can be exported.
WARNING: [Route 35-198] Port "mem_rdata[16]" does not have an associated HD.PARTPIN_LOCS, which will prevent the partial routing of the signal "mem_rdata[16]". Without this partial route, timing analysis to/from this port will not be accurate, and no routing information for this port can be exported.
WARNING: [Route 35-198] Port "irq[9]" does not have an associated HD.PARTPIN_LOCS, which will prevent the partial routing of the signal "irq[9]". Without this partial route, timing analysis to/from this port will not be accurate, and no routing information for this port can be exported.
WARNING: [Route 35-198] Port "pcpi_rd[9]" does not have an associated HD.PARTPIN_LOCS, which will prevent the partial routing of the signal "pcpi_rd[9]". Without this partial route, timing analysis to/from this port will not be accurate, and no routing information for this port can be exported.
WARNING: [Route 35-198] Port "pcpi_rd[12]" does not have an associated HD.PARTPIN_LOCS, which will prevent the partial routing of the signal "pcpi_rd[12]". Without this partial route, timing analysis to/from this port will not be accurate, and no routing information for this port can be exported.
WARNING: [Route 35-198] Port "mem_rdata[13]" does not have an associated HD.PARTPIN_LOCS, which will prevent the partial routing of the signal "mem_rdata[13]". Without this partial route, timing analysis to/from this port will not be accurate, and no routing information for this port can be exported.
WARNING: [Route 35-198] Port "mem_rdata[10]" does not have an associated HD.PARTPIN_LOCS, which will prevent the partial routing of the signal "mem_rdata[10]". Without this partial route, timing analysis to/from this port will not be accurate, and no routing information for this port can be exported.
WARNING: [Route 35-198] Port "irq[22]" does not have an associated HD.PARTPIN_LOCS, which will prevent the partial routing of the signal "irq[22]". Without this partial route, timing analysis to/from this port will not be accurate, and no routing information for this port can be exported.
WARNING: [Route 35-198] Port "irq[1]" does not have an associated HD.PARTPIN_LOCS, which will prevent the partial routing of the signal "irq[1]". Without this partial route, timing analysis to/from this port will not be accurate, and no routing information for this port can be exported.
WARNING: [Route 35-198] Port "irq[8]" does not have an associated HD.PARTPIN_LOCS, which will prevent the partial routing of the signal "irq[8]". Without this partial route, timing analysis to/from this port will not be accurate, and no routing information for this port can be exported.
WARNING: [Route 35-198] Port "irq[10]" does not have an associated HD.PARTPIN_LOCS, which will prevent the partial routing of the signal "irq[10]". Without this partial route, timing analysis to/from this port will not be accurate, and no routing information for this port can be exported.
WARNING: [Route 35-198] Port "irq[29]" does not have an associated HD.PARTPIN_LOCS, which will prevent the partial routing of the signal "irq[29]". Without this partial route, timing analysis to/from this port will not be accurate, and no routing information for this port can be exported.
WARNING: [Route 35-198] Port "pcpi_rd[11]" does not have an associated HD.PARTPIN_LOCS, which will prevent the partial routing of the signal "pcpi_rd[11]". Without this partial route, timing analysis to/from this port will not be accurate, and no routing information for this port can be exported.
WARNING: [Route 35-198] Port "pcpi_rd[15]" does not have an associated HD.PARTPIN_LOCS, which will prevent the partial routing of the signal "pcpi_rd[15]". Without this partial route, timing analysis to/from this port will not be accurate, and no routing information for this port can be exported.
WARNING: [Route 35-198] Port "pcpi_rd[10]" does not have an associated HD.PARTPIN_LOCS, which will prevent the partial routing of the signal "pcpi_rd[10]". Without this partial route, timing analysis to/from this port will not be accurate, and no routing information for this port can be exported.
WARNING: [Route 35-198] Port "mem_rdata[9]" does not have an associated HD.PARTPIN_LOCS, which will prevent the partial routing of the signal "mem_rdata[9]". Without this partial route, timing analysis to/from this port will not be accurate, and no routing information for this port can be exported.
WARNING: [Route 35-198] Port "irq[12]" does not have an associated HD.PARTPIN_LOCS, which will prevent the partial routing of the signal "irq[12]". Without this partial route, timing analysis to/from this port will not be accurate, and no routing information for this port can be exported.
WARNING: [Route 35-198] Port "irq[13]" does not have an associated HD.PARTPIN_LOCS, which will prevent the partial routing of the signal "irq[13]". Without this partial route, timing analysis to/from this port will not be accurate, and no routing information for this port can be exported.
WARNING: [Route 35-198] Port "irq[14]" does not have an associated HD.PARTPIN_LOCS, which will prevent the partial routing of the signal "irq[14]". Without this partial route, timing analysis to/from this port will not be accurate, and no routing information for this port can be exported.
WARNING: [Route 35-198] Port "mem_rdata[12]" does not have an associated HD.PARTPIN_LOCS, which will prevent the partial routing of the signal "mem_rdata[12]". Without this partial route, timing analysis to/from this port will not be accurate, and no routing information for this port can be exported.
WARNING: [Route 35-198] Port "pcpi_rd[8]" does not have an associated HD.PARTPIN_LOCS, which will prevent the partial routing of the signal "pcpi_rd[8]". Without this partial route, timing analysis to/from this port will not be accurate, and no routing information for this port can be exported.
WARNING: [Route 35-198] Port "mem_rdata[11]" does not have an associated HD.PARTPIN_LOCS, which will prevent the partial routing of the signal "mem_rdata[11]". Without this partial route, timing analysis to/from this port will not be accurate, and no routing information for this port can be exported.
WARNING: [Route 35-198] Port "mem_rdata[8]" does not have an associated HD.PARTPIN_LOCS, which will prevent the partial routing of the signal "mem_rdata[8]". Without this partial route, timing analysis to/from this port will not be accurate, and no routing information for this port can be exported.
WARNING: [Route 35-198] Port "pcpi_rd[2]" does not have an associated HD.PARTPIN_LOCS, which will prevent the partial routing of the signal "pcpi_rd[2]". Without this partial route, timing analysis to/from this port will not be accurate, and no routing information for this port can be exported.
WARNING: [Route 35-198] Port "pcpi_rd[5]" does not have an associated HD.PARTPIN_LOCS, which will prevent the partial routing of the signal "pcpi_rd[5]". Without this partial route, timing analysis to/from this port will not be accurate, and no routing information for this port can be exported.
WARNING: [Route 35-198] Port "irq[3]" does not have an associated HD.PARTPIN_LOCS, which will prevent the partial routing of the signal "irq[3]". Without this partial route, timing analysis to/from this port will not be accurate, and no routing information for this port can be exported.
WARNING: [Route 35-198] Port "irq[5]" does not have an associated HD.PARTPIN_LOCS, which will prevent the partial routing of the signal "irq[5]". Without this partial route, timing analysis to/from this port will not be accurate, and no routing information for this port can be exported.
WARNING: [Route 35-198] Port "irq[15]" does not have an associated HD.PARTPIN_LOCS, which will prevent the partial routing of the signal "irq[15]". Without this partial route, timing analysis to/from this port will not be accurate, and no routing information for this port can be exported.
WARNING: [Route 35-198] Port "pcpi_rd[3]" does not have an associated HD.PARTPIN_LOCS, which will prevent the partial routing of the signal "pcpi_rd[3]". Without this partial route, timing analysis to/from this port will not be accurate, and no routing information for this port can be exported.
WARNING: [Route 35-198] Port "pcpi_rd[4]" does not have an associated HD.PARTPIN_LOCS, which will prevent the partial routing of the signal "pcpi_rd[4]". Without this partial route, timing analysis to/from this port will not be accurate, and no routing information for this port can be exported.
WARNING: [Route 35-198] Port "pcpi_rd[6]" does not have an associated HD.PARTPIN_LOCS, which will prevent the partial routing of the signal "pcpi_rd[6]". Without this partial route, timing analysis to/from this port will not be accurate, and no routing information for this port can be exported.
WARNING: [Route 35-198] Port "pcpi_rd[7]" does not have an associated HD.PARTPIN_LOCS, which will prevent the partial routing of the signal "pcpi_rd[7]". Without this partial route, timing analysis to/from this port will not be accurate, and no routing information for this port can be exported.
WARNING: [Route 35-198] Port "pcpi_rd[14]" does not have an associated HD.PARTPIN_LOCS, which will prevent the partial routing of the signal "pcpi_rd[14]". Without this partial route, timing analysis to/from this port will not be accurate, and no routing information for this port can be exported.
WARNING: [Route 35-198] Port "pcpi_rd[1]" does not have an associated HD.PARTPIN_LOCS, which will prevent the partial routing of the signal "pcpi_rd[1]". Without this partial route, timing analysis to/from this port will not be accurate, and no routing information for this port can be exported.
WARNING: [Route 35-198] Port "irq[7]" does not have an associated HD.PARTPIN_LOCS, which will prevent the partial routing of the signal "irq[7]". Without this partial route, timing analysis to/from this port will not be accurate, and no routing information for this port can be exported.
WARNING: [Route 35-198] Port "pcpi_rd[0]" does not have an associated HD.PARTPIN_LOCS, which will prevent the partial routing of the signal "pcpi_rd[0]". Without this partial route, timing analysis to/from this port will not be accurate, and no routing information for this port can be exported.
WARNING: [Route 35-198] Port "irq[0]" does not have an associated HD.PARTPIN_LOCS, which will prevent the partial routing of the signal "irq[0]". Without this partial route, timing analysis to/from this port will not be accurate, and no routing information for this port can be exported.
WARNING: [Route 35-198] Port "irq[2]" does not have an associated HD.PARTPIN_LOCS, which will prevent the partial routing of the signal "irq[2]". Without this partial route, timing analysis to/from this port will not be accurate, and no routing information for this port can be exported.
WARNING: [Route 35-198] Port "mem_rdata[4]" does not have an associated HD.PARTPIN_LOCS, which will prevent the partial routing of the signal "mem_rdata[4]". Without this partial route, timing analysis to/from this port will not be accurate, and no routing information for this port can be exported.
WARNING: [Route 35-198] Port "mem_rdata[6]" does not have an associated HD.PARTPIN_LOCS, which will prevent the partial routing of the signal "mem_rdata[6]". Without this partial route, timing analysis to/from this port will not be accurate, and no routing information for this port can be exported.
WARNING: [Route 35-198] Port "mem_rdata[3]" does not have an associated HD.PARTPIN_LOCS, which will prevent the partial routing of the signal "mem_rdata[3]". Without this partial route, timing analysis to/from this port will not be accurate, and no routing information for this port can be exported.
WARNING: [Route 35-198] Port "mem_rdata[5]" does not have an associated HD.PARTPIN_LOCS, which will prevent the partial routing of the signal "mem_rdata[5]". Without this partial route, timing analysis to/from this port will not be accurate, and no routing information for this port can be exported.
WARNING: [Route 35-198] Port "mem_rdata[2]" does not have an associated HD.PARTPIN_LOCS, which will prevent the partial routing of the signal "mem_rdata[2]". Without this partial route, timing analysis to/from this port will not be accurate, and no routing information for this port can be exported.
WARNING: [Route 35-198] Port "mem_rdata[1]" does not have an associated HD.PARTPIN_LOCS, which will prevent the partial routing of the signal "mem_rdata[1]". Without this partial route, timing analysis to/from this port will not be accurate, and no routing information for this port can be exported.
WARNING: [Route 35-198] Port "pcpi_wr" does not have an associated HD.PARTPIN_LOCS, which will prevent the partial routing of the signal "pcpi_wr". Without this partial route, timing analysis to/from this port will not be accurate, and no routing information for this port can be exported.
WARNING: [Route 35-198] Port "mem_ready" does not have an associated HD.PARTPIN_LOCS, which will prevent the partial routing of the signal "mem_ready". Without this partial route, timing analysis to/from this port will not be accurate, and no routing information for this port can be exported.
WARNING: [Route 35-198] Port "mem_rdata[15]" does not have an associated HD.PARTPIN_LOCS, which will prevent the partial routing of the signal "mem_rdata[15]". Without this partial route, timing analysis to/from this port will not be accurate, and no routing information for this port can be exported.
WARNING: [Route 35-198] Port "mem_rdata[0]" does not have an associated HD.PARTPIN_LOCS, which will prevent the partial routing of the signal "mem_rdata[0]". Without this partial route, timing analysis to/from this port will not be accurate, and no routing information for this port can be exported.
WARNING: [Route 35-198] Port "mem_rdata[7]" does not have an associated HD.PARTPIN_LOCS, which will prevent the partial routing of the signal "mem_rdata[7]". Without this partial route, timing analysis to/from this port will not be accurate, and no routing information for this port can be exported.
INFO: [Common 17-14] Message 'Route 35-198' appears 100 times and further instances of the messages will be disabled. Use the Tcl command set_msg_config to change the current settings.
WARNING: [Constraints 18-8777] Unable to split tiles. All required files are not available.
Post Restoration Checksum: NetGraph: 34a887ce | NumContArr: 5a8a8b55 | Constraints: c2a8fa9d | Timing: c2a8fa9d
Phase 1 Build RT Design | Checksum: 21485085d

Time (s): cpu = 00:00:25 ; elapsed = 00:00:24 . Memory (MB): peak = 2186.652 ; gain = 0.000

Phase 2 Router Initialization

Phase 2.1 Fix Topology Constraints
Phase 2.1 Fix Topology Constraints | Checksum: 21485085d

Time (s): cpu = 00:00:25 ; elapsed = 00:00:24 . Memory (MB): peak = 2186.652 ; gain = 0.000

Phase 2.2 Pre Route Cleanup
Phase 2.2 Pre Route Cleanup | Checksum: 21485085d

Time (s): cpu = 00:00:25 ; elapsed = 00:00:24 . Memory (MB): peak = 2186.652 ; gain = 0.000
 Number of Nodes with overlaps = 0

Phase 2.3 Update Timing
Phase 2.3 Update Timing | Checksum: 21d1b2687

Time (s): cpu = 00:00:26 ; elapsed = 00:00:25 . Memory (MB): peak = 2186.652 ; gain = 0.000
INFO: [Route 35-416] Intermediate Timing Summary | WNS=-0.003 | TNS=-0.003 | WHS=-0.141 | THS=-23.663|


Phase 2.4 Soft Constraint Pins - Fast Budgeting
Phase 2.4 Soft Constraint Pins - Fast Budgeting | Checksum: 231574bec

Time (s): cpu = 00:00:26 ; elapsed = 00:00:25 . Memory (MB): peak = 2186.652 ; gain = 0.000

Router Utilization Summary
  Global Vertical Routing Utilization    = 0 %
  Global Horizontal Routing Utilization  = 0 %
  Routable Net Status*
  *Does not include unroutable nets such as driverless and loadless.
  Run report_route_status for detailed report.
  Number of Failed Nets               = 2502
    (Failed Nets is the sum of unrouted and partially routed nets)
  Number of Unrouted Nets             = 2502
  Number of Partially Routed Nets     = 0
  Number of Node Overlaps             = 0

Phase 2 Router Initialization | Checksum: 267b2c537

Time (s): cpu = 00:00:26 ; elapsed = 00:00:25 . Memory (MB): peak = 2186.652 ; gain = 0.000

Phase 3 Global Routing
Phase 3 Global Routing | Checksum: 267b2c537

Time (s): cpu = 00:00:26 ; elapsed = 00:00:25 . Memory (MB): peak = 2186.652 ; gain = 0.000

Phase 4 Initial Routing

Phase 4.1 Initial Net Routing Pass
Phase 4.1 Initial Net Routing Pass | Checksum: 224b258a8

Time (s): cpu = 00:00:27 ; elapsed = 00:00:26 . Memory (MB): peak = 2186.652 ; gain = 0.000
Phase 4 Initial Routing | Checksum: 224b258a8

Time (s): cpu = 00:00:27 ; elapsed = 00:00:26 . Memory (MB): peak = 2186.652 ; gain = 0.000
INFO: [Route 35-580] Design has 1 pins with tight setup and hold constraints.

The top 5 pins with tight setup and hold constraints:

+====================+===================+==============================+
| Launch Setup Clock | Launch Hold Clock | Pin                          |
+====================+===================+==============================+
| sys_clk            | sys_clk           | picorv32/latched_store_reg/D |
+--------------------+-------------------+------------------------------+

File with complete list of pins: tight_setup_hold_pins.txt


Phase 5 Rip-up And Reroute

Phase 5.1 Global Iteration 0
 Number of Nodes with overlaps = 1110
 Number of Nodes with overlaps = 572
 Number of Nodes with overlaps = 325
 Number of Nodes with overlaps = 162
 Number of Nodes with overlaps = 91
 Number of Nodes with overlaps = 49
 Number of Nodes with overlaps = 18
 Number of Nodes with overlaps = 6
 Number of Nodes with overlaps = 9
 Number of Nodes with overlaps = 6
 Number of Nodes with overlaps = 1
 Number of Nodes with overlaps = 0
INFO: [Route 35-416] Intermediate Timing Summary | WNS=-0.563 | TNS=-4.686 | WHS=N/A    | THS=N/A    |

Phase 5.1 Global Iteration 0 | Checksum: 19421716f

Time (s): cpu = 00:00:38 ; elapsed = 00:00:34 . Memory (MB): peak = 2186.652 ; gain = 0.000

Phase 5.2 Global Iteration 1
 Number of Nodes with overlaps = 301
 Number of Nodes with overlaps = 146
 Number of Nodes with overlaps = 69
 Number of Nodes with overlaps = 45
 Number of Nodes with overlaps = 2
 Number of Nodes with overlaps = 4
 Number of Nodes with overlaps = 1
 Number of Nodes with overlaps = 0
INFO: [Route 35-416] Intermediate Timing Summary | WNS=-0.663 | TNS=-6.224 | WHS=N/A    | THS=N/A    |

Phase 5.2 Global Iteration 1 | Checksum: 20f8c816e

Time (s): cpu = 00:00:43 ; elapsed = 00:00:37 . Memory (MB): peak = 2186.652 ; gain = 0.000
Phase 5 Rip-up And Reroute | Checksum: 20f8c816e

Time (s): cpu = 00:00:43 ; elapsed = 00:00:37 . Memory (MB): peak = 2186.652 ; gain = 0.000

Phase 6 Delay and Skew Optimization

Phase 6.1 Delay CleanUp

Phase 6.1.1 Update Timing
Phase 6.1.1 Update Timing | Checksum: 1826a20e8

Time (s): cpu = 00:00:43 ; elapsed = 00:00:37 . Memory (MB): peak = 2186.652 ; gain = 0.000
INFO: [Route 35-416] Intermediate Timing Summary | WNS=-0.448 | TNS=-2.288 | WHS=N/A    | THS=N/A    |

 Number of Nodes with overlaps = 0
Phase 6.1 Delay CleanUp | Checksum: 273a51133

Time (s): cpu = 00:00:43 ; elapsed = 00:00:38 . Memory (MB): peak = 2186.652 ; gain = 0.000

Phase 6.2 Clock Skew Optimization
Phase 6.2 Clock Skew Optimization | Checksum: 273a51133

Time (s): cpu = 00:00:43 ; elapsed = 00:00:38 . Memory (MB): peak = 2186.652 ; gain = 0.000
Phase 6 Delay and Skew Optimization | Checksum: 273a51133

Time (s): cpu = 00:00:44 ; elapsed = 00:00:38 . Memory (MB): peak = 2186.652 ; gain = 0.000

Phase 7 Post Hold Fix

Phase 7.1 Hold Fix Iter
INFO: [Route 35-416] Intermediate Timing Summary | WNS=-0.448 | TNS=-2.061 | WHS=0.024  | THS=0.000  |

Phase 7.1 Hold Fix Iter | Checksum: 267a45d24

Time (s): cpu = 00:00:44 ; elapsed = 00:00:38 . Memory (MB): peak = 2186.652 ; gain = 0.000
Phase 7 Post Hold Fix | Checksum: 267a45d24

Time (s): cpu = 00:00:44 ; elapsed = 00:00:38 . Memory (MB): peak = 2186.652 ; gain = 0.000

Phase 8 Route finalize

Router Utilization Summary
  Global Vertical Routing Utilization    = 0.75044 %
  Global Horizontal Routing Utilization  = 0.97642 %
  Routable Net Status*
  *Does not include unroutable nets such as driverless and loadless.
  Run report_route_status for detailed report.
  Number of Failed Nets               = 0
    (Failed Nets is the sum of unrouted and partially routed nets)
  Number of Unrouted Nets             = 0
  Number of Partially Routed Nets     = 0
  Number of Node Overlaps             = 0


--GLOBAL Congestion:
Utilization threshold used for congestion level computation: 0.85
Congestion Report
North Dir 1x1 Area, Max Cong = 45.9459%, No Congested Regions.
South Dir 1x1 Area, Max Cong = 60.3604%, No Congested Regions.
East Dir 1x1 Area, Max Cong = 69.1176%, No Congested Regions.
West Dir 1x1 Area, Max Cong = 50%, No Congested Regions.

------------------------------
Reporting congestion hotspots
------------------------------
Direction: North
----------------
Congested clusters found at Level 0
Effective congestion level: 0 Aspect Ratio: 1 Sparse Ratio: 0
Direction: South
----------------
Congested clusters found at Level 0
Effective congestion level: 0 Aspect Ratio: 1 Sparse Ratio: 0
Direction: East
----------------
Congested clusters found at Level 0
Effective congestion level: 0 Aspect Ratio: 1 Sparse Ratio: 0
Direction: West
----------------
Congested clusters found at Level 0
Effective congestion level: 0 Aspect Ratio: 1 Sparse Ratio: 0

Phase 8 Route finalize | Checksum: 267a45d24

Time (s): cpu = 00:00:44 ; elapsed = 00:00:38 . Memory (MB): peak = 2186.652 ; gain = 0.000

Phase 9 Verifying routed nets

 Verification completed successfully
Phase 9 Verifying routed nets | Checksum: 267a45d24

Time (s): cpu = 00:00:44 ; elapsed = 00:00:38 . Memory (MB): peak = 2186.652 ; gain = 0.000

Phase 10 Depositing Routes
Phase 10 Depositing Routes | Checksum: 2407cc9ba

Time (s): cpu = 00:00:44 ; elapsed = 00:00:38 . Memory (MB): peak = 2186.652 ; gain = 0.000

Phase 11 Post Process Routing
Phase 11 Post Process Routing | Checksum: 2407cc9ba

Time (s): cpu = 00:00:44 ; elapsed = 00:00:38 . Memory (MB): peak = 2186.652 ; gain = 0.000

Phase 12 Post Router Timing
INFO: [Route 35-57] Estimated Timing Summary | WNS=-0.448 | TNS=-2.061 | WHS=0.024  | THS=0.000  |

WARNING: [Route 35-328] Router estimated timing not met.
Resolution: For a complete and accurate timing signoff, report_timing_summary must be run after route_design. Alternatively, route_design can be run with the -timing_summary option to enable a complete timing signoff at the end of route_design.
Phase 12 Post Router Timing | Checksum: 2407cc9ba

Time (s): cpu = 00:00:44 ; elapsed = 00:00:38 . Memory (MB): peak = 2186.652 ; gain = 0.000
Total Elapsed time in route_design: 38.241 secs

Phase 13 Post-Route Event Processing
Phase 13 Post-Route Event Processing | Checksum: 1addc424c

Time (s): cpu = 00:00:44 ; elapsed = 00:00:38 . Memory (MB): peak = 2186.652 ; gain = 0.000
INFO: [Route 35-16] Router Completed Successfully
Ending Routing Task | Checksum: 1addc424c

Time (s): cpu = 00:00:44 ; elapsed = 00:00:38 . Memory (MB): peak = 2186.652 ; gain = 0.000

Routing Is Done.
INFO: [Common 17-83] Releasing license: Vivado_Implementation
12 Infos, 102 Warnings, 0 Critical Warnings and 0 Errors encountered.
route_design completed successfully
route_design: Time (s): cpu = 00:00:44 ; elapsed = 00:00:38 . Memory (MB): peak = 2186.652 ; gain = 0.000
# write_checkpoint -force [file join $run_dir post_route.dcp]
INFO: [Timing 38-480] Writing timing data to binary archive.
Wrote PlaceDB: Time (s): cpu = 00:00:00 ; elapsed = 00:00:00 . Memory (MB): peak = 2186.652 ; gain = 0.000
Wrote PulsedLatchDB: Time (s): cpu = 00:00:00 ; elapsed = 00:00:00 . Memory (MB): peak = 2186.652 ; gain = 0.000
Write ShapeDB Complete: Time (s): cpu = 00:00:00 ; elapsed = 00:00:00.008 . Memory (MB): peak = 2186.652 ; gain = 0.000
Writing XDEF routing.
Writing XDEF routing logical nets.
Writing XDEF routing special nets.
Wrote RouteStorage: Time (s): cpu = 00:00:00 ; elapsed = 00:00:00.053 . Memory (MB): peak = 2186.652 ; gain = 0.000
Wrote PlaceStorage: Time (s): cpu = 00:00:00 ; elapsed = 00:00:00.074 . Memory (MB): peak = 2186.652 ; gain = 0.000
Wrote Netlist Cache: Time (s): cpu = 00:00:00 ; elapsed = 00:00:00.004 . Memory (MB): peak = 2186.652 ; gain = 0.000
Wrote Device Cache: Time (s): cpu = 00:00:00 ; elapsed = 00:00:00.008 . Memory (MB): peak = 2186.652 ; gain = 0.000
Write Physdb Complete: Time (s): cpu = 00:00:00 ; elapsed = 00:00:00.154 . Memory (MB): peak = 2186.652 ; gain = 0.000
INFO: [Common 17-1381] The checkpoint 'E:/Projects/FPGA-Alittle-Design/build/run/fmax/pico_large_7ns/post_route.dcp' has been generated.
# report_utilization       -file [file join $rep_dir utilization_impl.rpt]
# report_timing_summary    -file [file join $rep_dir timing_impl.rpt] -delay_type max
INFO: [Timing 38-91] UpdateTimingParams: Speed grade: -1, Delay Type: max.
INFO: [Timing 38-191] Multithreading enabled for timing update using a maximum of 2 CPUs
# report_design_analysis   -file [file join $rep_dir design_analysis_impl.rpt]
# report_timing -delay_type max -max_paths 10 -sort_by group \
#     -file [file join $rep_dir timing_worst_paths.rpt]
INFO: [Timing 38-78] ReportTimingParams: -max_paths 10 -nworst 1 -delay_type max -sort_by group.
# set wns  [get_property SLACK [get_timing_paths -delay_type max -max_paths 1]]
# set fmax [expr {1000.0 / ($period - $wns)}]
# puts "============================================"
============================================
# puts "FMAX RUN DONE: $top @ $part period=${period}ns"
FMAX RUN DONE: top_large @ xc7z020clg400-1 period=7.000ns
# puts "WNS  = ${wns} ns"
WNS  = -0.445 ns
# puts "Fmax = [format %.1f $fmax] MHz"
Fmax = 134.3 MHz
# puts "reports -> $rep_dir"
reports -> E:/Projects/FPGA-Alittle-Design/build/reports/fmax/pico_large_7ns
# puts "============================================"
============================================
INFO: [Common 17-206] Exiting Vivado at Sat Oct  3 17:12:03 2026...
