INFO: [Common 17-3922] A valid Vivado Design Suite BASIC license has been detected. Your current license is active and will expire on 14-sep-2027.

****** Vivado v2026.1 (64-bit)
  **** SW Build 6511674 on Tue Jun 16 11:02:23 MDT 2026
  **** IP Build 6504888 on Tue Jun 09 09:05:25 MDT 2026
  **** SharedData Build 6501428 on Mon Jun 08 17:34:18 MDT 2026
  **** Start of session at: Sat Oct  3 17:06:40 2026
    ** Copyright 1986-2022 Xilinx, Inc. All Rights Reserved.
    ** Copyright 2022-2026 Advanced Micro Devices, Inc. All Rights Reserved.

source build/build_fmax.tcl
# set top    [lindex $argv 0]
# set label  [lindex $argv 1]
# set period [lindex $argv 2]
# set srcs   [lrange $argv 3 end]
# set part       xc7z020clg400-1
# set script_dir [file normalize [file dirname [info script]]]
# set run_dir [file join $script_dir run fmax $label]
# set rep_dir [file join $script_dir reports fmax $label]
# file mkdir $run_dir
# file mkdir $rep_dir
# set xdc_path [file join $run_dir clock.xdc]
# set fh [open $xdc_path w]
# puts $fh "create_clock -name sys_clk -period $period \[get_ports clk\]"
# puts $fh "set_property HD.CLK_SRC BUFGCTRL_X0Y0 \[get_ports clk\]"
# close $fh
# foreach s $srcs {
#     set p [file normalize $s]
#     if {[string match *.v $p]} {
#         read_verilog -sv $p
#     } else {
#         read_verilog -sv [glob [file join $p *.v]]
#     }
# }
read_verilog: Time (s): cpu = 00:00:08 ; elapsed = 00:00:08 . Memory (MB): peak = 613.195 ; gain = 269.125
# read_xdc $xdc_path
# synth_design -top $top -part $part -mode out_of_context
Command: synth_design -top top_regular -part xc7z020clg400-1 -mode out_of_context
Starting synth_design
Attempting to get a license for feature 'Vivado_Synthesis' and/or device 'xc7z020'
INFO: [Common 17-349] Got license for feature 'Vivado_Synthesis' and/or device 'xc7z020'
INFO: [Device 21-403] Loading part xc7z020clg400-1
INFO: [Designutils 20-5008] Incremental synthesis strategy default
INFO: [Synth 8-7079] Multithreading enabled for synth_design using a maximum of 2 processes.
INFO: [Synth 8-7078] Launching helper process for spawning children vivado processes
INFO: [Synth 8-7075] Helper process launched with PID 33328
---------------------------------------------------------------------------------
Starting RTL Elaboration : Time (s): cpu = 00:00:05 ; elapsed = 00:00:07 . Memory (MB): peak = 1417.312 ; gain = 575.914
---------------------------------------------------------------------------------
INFO: [Synth 8-6157] synthesizing module 'top_regular' [E:/Projects/FPGA-Alittle-Design/sim/build/picorv32/scripts/vivado/synth_area_top.v:33]
INFO: [Synth 8-6157] synthesizing module 'picorv32' [E:/Projects/FPGA-Alittle-Design/sim/build/picorv32/picorv32.v:62]
WARNING: [Synth 8-151] case item 1'b0 is unreachable [E:/Projects/FPGA-Alittle-Design/sim/build/picorv32/picorv32.v:1268]
WARNING: [Synth 8-151] case item 1'b0 is unreachable [E:/Projects/FPGA-Alittle-Design/sim/build/picorv32/picorv32.v:1314]
INFO: [Synth 8-155] case statement is not full and has no default [E:/Projects/FPGA-Alittle-Design/sim/build/picorv32/picorv32.v:1314]
WARNING: [Synth 8-151] case item 1'b0 is unreachable [E:/Projects/FPGA-Alittle-Design/sim/build/picorv32/picorv32.v:1497]
INFO: [Synth 8-155] case statement is not full and has no default [E:/Projects/FPGA-Alittle-Design/sim/build/picorv32/picorv32.v:1497]
WARNING: [Synth 8-151] case item 1'b0 is unreachable [E:/Projects/FPGA-Alittle-Design/sim/build/picorv32/picorv32.v:1583]
WARNING: [Synth 8-151] case item 1'b0 is unreachable [E:/Projects/FPGA-Alittle-Design/sim/build/picorv32/picorv32.v:1583]
WARNING: [Synth 8-151] case item 1'b0 is unreachable [E:/Projects/FPGA-Alittle-Design/sim/build/picorv32/picorv32.v:1583]
WARNING: [Synth 8-151] case item 1'b0 is unreachable [E:/Projects/FPGA-Alittle-Design/sim/build/picorv32/picorv32.v:1583]
WARNING: [Synth 8-151] case item 1'b0 is unreachable [E:/Projects/FPGA-Alittle-Design/sim/build/picorv32/picorv32.v:1583]
INFO: [Synth 8-6155] done synthesizing module 'picorv32' (0#1) [E:/Projects/FPGA-Alittle-Design/sim/build/picorv32/picorv32.v:62]
WARNING: [Synth 8-7071] port 'pcpi_valid' of module 'picorv32' is unconnected for instance 'picorv32' [E:/Projects/FPGA-Alittle-Design/sim/build/picorv32/scripts/vivado/synth_area_top.v:53]
WARNING: [Synth 8-7071] port 'pcpi_insn' of module 'picorv32' is unconnected for instance 'picorv32' [E:/Projects/FPGA-Alittle-Design/sim/build/picorv32/scripts/vivado/synth_area_top.v:53]
WARNING: [Synth 8-7071] port 'pcpi_rs1' of module 'picorv32' is unconnected for instance 'picorv32' [E:/Projects/FPGA-Alittle-Design/sim/build/picorv32/scripts/vivado/synth_area_top.v:53]
WARNING: [Synth 8-7071] port 'pcpi_rs2' of module 'picorv32' is unconnected for instance 'picorv32' [E:/Projects/FPGA-Alittle-Design/sim/build/picorv32/scripts/vivado/synth_area_top.v:53]
WARNING: [Synth 8-7071] port 'pcpi_wr' of module 'picorv32' is unconnected for instance 'picorv32' [E:/Projects/FPGA-Alittle-Design/sim/build/picorv32/scripts/vivado/synth_area_top.v:53]
WARNING: [Synth 8-7071] port 'pcpi_rd' of module 'picorv32' is unconnected for instance 'picorv32' [E:/Projects/FPGA-Alittle-Design/sim/build/picorv32/scripts/vivado/synth_area_top.v:53]
WARNING: [Synth 8-7071] port 'pcpi_wait' of module 'picorv32' is unconnected for instance 'picorv32' [E:/Projects/FPGA-Alittle-Design/sim/build/picorv32/scripts/vivado/synth_area_top.v:53]
WARNING: [Synth 8-7071] port 'pcpi_ready' of module 'picorv32' is unconnected for instance 'picorv32' [E:/Projects/FPGA-Alittle-Design/sim/build/picorv32/scripts/vivado/synth_area_top.v:53]
WARNING: [Synth 8-7071] port 'irq' of module 'picorv32' is unconnected for instance 'picorv32' [E:/Projects/FPGA-Alittle-Design/sim/build/picorv32/scripts/vivado/synth_area_top.v:53]
WARNING: [Synth 8-7071] port 'eoi' of module 'picorv32' is unconnected for instance 'picorv32' [E:/Projects/FPGA-Alittle-Design/sim/build/picorv32/scripts/vivado/synth_area_top.v:53]
WARNING: [Synth 8-7071] port 'trace_valid' of module 'picorv32' is unconnected for instance 'picorv32' [E:/Projects/FPGA-Alittle-Design/sim/build/picorv32/scripts/vivado/synth_area_top.v:53]
WARNING: [Synth 8-7071] port 'trace_data' of module 'picorv32' is unconnected for instance 'picorv32' [E:/Projects/FPGA-Alittle-Design/sim/build/picorv32/scripts/vivado/synth_area_top.v:53]
WARNING: [Synth 8-7023] instance 'picorv32' of module 'picorv32' has 27 connections declared, but only 15 given [E:/Projects/FPGA-Alittle-Design/sim/build/picorv32/scripts/vivado/synth_area_top.v:53]
INFO: [Synth 8-6155] done synthesizing module 'top_regular' (0#1) [E:/Projects/FPGA-Alittle-Design/sim/build/picorv32/scripts/vivado/synth_area_top.v:33]
WARNING: [Synth 8-6014] Unused sequential element mem_la_firstword_reg_reg was removed.  [E:/Projects/FPGA-Alittle-Design/sim/build/picorv32/picorv32.v:392]
WARNING: [Synth 8-6014] Unused sequential element last_mem_valid_reg was removed.  [E:/Projects/FPGA-Alittle-Design/sim/build/picorv32/picorv32.v:393]
WARNING: [Synth 8-6014] Unused sequential element next_insn_opcode_reg was removed.  [E:/Projects/FPGA-Alittle-Design/sim/build/picorv32/picorv32.v:433]
WARNING: [Synth 8-6014] Unused sequential element mem_la_secondword_reg was removed.  [E:/Projects/FPGA-Alittle-Design/sim/build/picorv32/picorv32.v:571]
WARNING: [Synth 8-6014] Unused sequential element prefetched_high_word_reg was removed.  [E:/Projects/FPGA-Alittle-Design/sim/build/picorv32/picorv32.v:572]
WARNING: [Synth 8-6014] Unused sequential element q_ascii_instr_reg was removed.  [E:/Projects/FPGA-Alittle-Design/sim/build/picorv32/picorv32.v:779]
WARNING: [Synth 8-6014] Unused sequential element q_insn_imm_reg was removed.  [E:/Projects/FPGA-Alittle-Design/sim/build/picorv32/picorv32.v:780]
WARNING: [Synth 8-6014] Unused sequential element q_insn_opcode_reg was removed.  [E:/Projects/FPGA-Alittle-Design/sim/build/picorv32/picorv32.v:781]
WARNING: [Synth 8-6014] Unused sequential element q_insn_rs1_reg was removed.  [E:/Projects/FPGA-Alittle-Design/sim/build/picorv32/picorv32.v:782]
WARNING: [Synth 8-6014] Unused sequential element q_insn_rs2_reg was removed.  [E:/Projects/FPGA-Alittle-Design/sim/build/picorv32/picorv32.v:783]
WARNING: [Synth 8-6014] Unused sequential element q_insn_rd_reg was removed.  [E:/Projects/FPGA-Alittle-Design/sim/build/picorv32/picorv32.v:784]
WARNING: [Synth 8-6014] Unused sequential element dbg_next_reg was removed.  [E:/Projects/FPGA-Alittle-Design/sim/build/picorv32/picorv32.v:785]
WARNING: [Synth 8-6014] Unused sequential element dbg_valid_insn_reg was removed.  [E:/Projects/FPGA-Alittle-Design/sim/build/picorv32/picorv32.v:788]
WARNING: [Synth 8-6014] Unused sequential element cached_ascii_instr_reg was removed.  [E:/Projects/FPGA-Alittle-Design/sim/build/picorv32/picorv32.v:793]
WARNING: [Synth 8-6014] Unused sequential element cached_insn_imm_reg was removed.  [E:/Projects/FPGA-Alittle-Design/sim/build/picorv32/picorv32.v:794]
WARNING: [Synth 8-6014] Unused sequential element cached_insn_opcode_reg was removed.  [E:/Projects/FPGA-Alittle-Design/sim/build/picorv32/picorv32.v:796]
WARNING: [Synth 8-6014] Unused sequential element cached_insn_rs1_reg was removed.  [E:/Projects/FPGA-Alittle-Design/sim/build/picorv32/picorv32.v:799]
WARNING: [Synth 8-6014] Unused sequential element cached_insn_rs2_reg was removed.  [E:/Projects/FPGA-Alittle-Design/sim/build/picorv32/picorv32.v:800]
WARNING: [Synth 8-6014] Unused sequential element cached_insn_rd_reg was removed.  [E:/Projects/FPGA-Alittle-Design/sim/build/picorv32/picorv32.v:801]
WARNING: [Synth 8-6014] Unused sequential element dbg_insn_addr_reg was removed.  [E:/Projects/FPGA-Alittle-Design/sim/build/picorv32/picorv32.v:805]
WARNING: [Synth 8-6014] Unused sequential element clear_prefetched_high_word_q_reg was removed.  [E:/Projects/FPGA-Alittle-Design/sim/build/picorv32/picorv32.v:1293]
WARNING: [Synth 8-6014] Unused sequential element set_mem_do_rinst_reg was removed.  [E:/Projects/FPGA-Alittle-Design/sim/build/picorv32/picorv32.v:1406]
WARNING: [Synth 8-6014] Unused sequential element set_mem_do_rdata_reg was removed.  [E:/Projects/FPGA-Alittle-Design/sim/build/picorv32/picorv32.v:1407]
WARNING: [Synth 8-6014] Unused sequential element set_mem_do_wdata_reg was removed.  [E:/Projects/FPGA-Alittle-Design/sim/build/picorv32/picorv32.v:1408]
WARNING: [Synth 8-6014] Unused sequential element alu_out_0_q_reg was removed.  [E:/Projects/FPGA-Alittle-Design/sim/build/picorv32/picorv32.v:1410]
WARNING: [Synth 8-6014] Unused sequential element alu_wait_reg was removed.  [E:/Projects/FPGA-Alittle-Design/sim/build/picorv32/picorv32.v:1413]
WARNING: [Synth 8-6014] Unused sequential element alu_wait_2_reg was removed.  [E:/Projects/FPGA-Alittle-Design/sim/build/picorv32/picorv32.v:1414]
WARNING: [Synth 8-6014] Unused sequential element dbg_rs1val_reg was removed.  [E:/Projects/FPGA-Alittle-Design/sim/build/picorv32/picorv32.v:1417]
WARNING: [Synth 8-6014] Unused sequential element dbg_rs2val_reg was removed.  [E:/Projects/FPGA-Alittle-Design/sim/build/picorv32/picorv32.v:1418]
WARNING: [Synth 8-6014] Unused sequential element dbg_rs1val_valid_reg was removed.  [E:/Projects/FPGA-Alittle-Design/sim/build/picorv32/picorv32.v:1419]
WARNING: [Synth 8-6014] Unused sequential element dbg_rs2val_valid_reg was removed.  [E:/Projects/FPGA-Alittle-Design/sim/build/picorv32/picorv32.v:1420]
WARNING: [Synth 8-6014] Unused sequential element next_irq_pending_reg was removed.  [E:/Projects/FPGA-Alittle-Design/sim/build/picorv32/picorv32.v:1440]
WARNING: [Synth 8-6014] Unused sequential element decoder_trigger_q_reg was removed.  [E:/Projects/FPGA-Alittle-Design/sim/build/picorv32/picorv32.v:1447]
WARNING: [Synth 8-6014] Unused sequential element decoder_pseudo_trigger_q_reg was removed.  [E:/Projects/FPGA-Alittle-Design/sim/build/picorv32/picorv32.v:1449]
WARNING: [Synth 8-6014] Unused sequential element latched_trace_reg was removed.  [E:/Projects/FPGA-Alittle-Design/sim/build/picorv32/picorv32.v:1465]
WARNING: [Synth 8-6014] Unused sequential element irq_active_reg was removed.  [E:/Projects/FPGA-Alittle-Design/sim/build/picorv32/picorv32.v:1471]
WARNING: [Synth 8-6014] Unused sequential element irq_delay_reg was removed.  [E:/Projects/FPGA-Alittle-Design/sim/build/picorv32/picorv32.v:1472]
WARNING: [Synth 8-6014] Unused sequential element irq_mask_reg was removed.  [E:/Projects/FPGA-Alittle-Design/sim/build/picorv32/picorv32.v:1473]
WARNING: [Synth 8-6014] Unused sequential element irq_state_reg was removed.  [E:/Projects/FPGA-Alittle-Design/sim/build/picorv32/picorv32.v:1475]
WARNING: [Synth 8-6014] Unused sequential element timer_reg was removed.  [E:/Projects/FPGA-Alittle-Design/sim/build/picorv32/picorv32.v:1477]
WARNING: [Synth 8-6014] Unused sequential element current_pc_reg was removed.  [E:/Projects/FPGA-Alittle-Design/sim/build/picorv32/picorv32.v:1495]
WARNING: [Synth 8-6014] Unused sequential element irq_pending_reg was removed.  [E:/Projects/FPGA-Alittle-Design/sim/build/picorv32/picorv32.v:1963]
WARNING: [Synth 8-6014] Unused sequential element trace_valid_reg was removed.  [E:/Projects/FPGA-Alittle-Design/sim/build/picorv32/picorv32.v:1452]
WARNING: [Synth 8-6014] Unused sequential element instr_ecall_ebreak_reg was removed.  [E:/Projects/FPGA-Alittle-Design/sim/build/picorv32/picorv32.v:1086]
WARNING: [Synth 8-6014] Unused sequential element pcpi_timeout_reg was removed.  [E:/Projects/FPGA-Alittle-Design/sim/build/picorv32/picorv32.v:1470]
WARNING: [Synth 8-7129] Port pcpi_wr in module picorv32 is either unconnected or has no load
WARNING: [Synth 8-7129] Port pcpi_rd[31] in module picorv32 is either unconnected or has no load
WARNING: [Synth 8-7129] Port pcpi_rd[30] in module picorv32 is either unconnected or has no load
WARNING: [Synth 8-7129] Port pcpi_rd[29] in module picorv32 is either unconnected or has no load
WARNING: [Synth 8-7129] Port pcpi_rd[28] in module picorv32 is either unconnected or has no load
WARNING: [Synth 8-7129] Port pcpi_rd[27] in module picorv32 is either unconnected or has no load
WARNING: [Synth 8-7129] Port pcpi_rd[26] in module picorv32 is either unconnected or has no load
WARNING: [Synth 8-7129] Port pcpi_rd[25] in module picorv32 is either unconnected or has no load
WARNING: [Synth 8-7129] Port pcpi_rd[24] in module picorv32 is either unconnected or has no load
WARNING: [Synth 8-7129] Port pcpi_rd[23] in module picorv32 is either unconnected or has no load
WARNING: [Synth 8-7129] Port pcpi_rd[22] in module picorv32 is either unconnected or has no load
WARNING: [Synth 8-7129] Port pcpi_rd[21] in module picorv32 is either unconnected or has no load
WARNING: [Synth 8-7129] Port pcpi_rd[20] in module picorv32 is either unconnected or has no load
WARNING: [Synth 8-7129] Port pcpi_rd[19] in module picorv32 is either unconnected or has no load
WARNING: [Synth 8-7129] Port pcpi_rd[18] in module picorv32 is either unconnected or has no load
WARNING: [Synth 8-7129] Port pcpi_rd[17] in module picorv32 is either unconnected or has no load
WARNING: [Synth 8-7129] Port pcpi_rd[16] in module picorv32 is either unconnected or has no load
WARNING: [Synth 8-7129] Port pcpi_rd[15] in module picorv32 is either unconnected or has no load
WARNING: [Synth 8-7129] Port pcpi_rd[14] in module picorv32 is either unconnected or has no load
WARNING: [Synth 8-7129] Port pcpi_rd[13] in module picorv32 is either unconnected or has no load
WARNING: [Synth 8-7129] Port pcpi_rd[12] in module picorv32 is either unconnected or has no load
WARNING: [Synth 8-7129] Port pcpi_rd[11] in module picorv32 is either unconnected or has no load
WARNING: [Synth 8-7129] Port pcpi_rd[10] in module picorv32 is either unconnected or has no load
WARNING: [Synth 8-7129] Port pcpi_rd[9] in module picorv32 is either unconnected or has no load
WARNING: [Synth 8-7129] Port pcpi_rd[8] in module picorv32 is either unconnected or has no load
WARNING: [Synth 8-7129] Port pcpi_rd[7] in module picorv32 is either unconnected or has no load
WARNING: [Synth 8-7129] Port pcpi_rd[6] in module picorv32 is either unconnected or has no load
WARNING: [Synth 8-7129] Port pcpi_rd[5] in module picorv32 is either unconnected or has no load
WARNING: [Synth 8-7129] Port pcpi_rd[4] in module picorv32 is either unconnected or has no load
WARNING: [Synth 8-7129] Port pcpi_rd[3] in module picorv32 is either unconnected or has no load
WARNING: [Synth 8-7129] Port pcpi_rd[2] in module picorv32 is either unconnected or has no load
WARNING: [Synth 8-7129] Port pcpi_rd[1] in module picorv32 is either unconnected or has no load
WARNING: [Synth 8-7129] Port pcpi_rd[0] in module picorv32 is either unconnected or has no load
WARNING: [Synth 8-7129] Port pcpi_wait in module picorv32 is either unconnected or has no load
WARNING: [Synth 8-7129] Port pcpi_ready in module picorv32 is either unconnected or has no load
WARNING: [Synth 8-7129] Port irq[31] in module picorv32 is either unconnected or has no load
WARNING: [Synth 8-7129] Port irq[30] in module picorv32 is either unconnected or has no load
WARNING: [Synth 8-7129] Port irq[29] in module picorv32 is either unconnected or has no load
WARNING: [Synth 8-7129] Port irq[28] in module picorv32 is either unconnected or has no load
WARNING: [Synth 8-7129] Port irq[27] in module picorv32 is either unconnected or has no load
WARNING: [Synth 8-7129] Port irq[26] in module picorv32 is either unconnected or has no load
WARNING: [Synth 8-7129] Port irq[25] in module picorv32 is either unconnected or has no load
WARNING: [Synth 8-7129] Port irq[24] in module picorv32 is either unconnected or has no load
WARNING: [Synth 8-7129] Port irq[23] in module picorv32 is either unconnected or has no load
WARNING: [Synth 8-7129] Port irq[22] in module picorv32 is either unconnected or has no load
WARNING: [Synth 8-7129] Port irq[21] in module picorv32 is either unconnected or has no load
WARNING: [Synth 8-7129] Port irq[20] in module picorv32 is either unconnected or has no load
WARNING: [Synth 8-7129] Port irq[19] in module picorv32 is either unconnected or has no load
WARNING: [Synth 8-7129] Port irq[18] in module picorv32 is either unconnected or has no load
WARNING: [Synth 8-7129] Port irq[17] in module picorv32 is either unconnected or has no load
WARNING: [Synth 8-7129] Port irq[16] in module picorv32 is either unconnected or has no load
WARNING: [Synth 8-7129] Port irq[15] in module picorv32 is either unconnected or has no load
WARNING: [Synth 8-7129] Port irq[14] in module picorv32 is either unconnected or has no load
WARNING: [Synth 8-7129] Port irq[13] in module picorv32 is either unconnected or has no load
WARNING: [Synth 8-7129] Port irq[12] in module picorv32 is either unconnected or has no load
WARNING: [Synth 8-7129] Port irq[11] in module picorv32 is either unconnected or has no load
WARNING: [Synth 8-7129] Port irq[10] in module picorv32 is either unconnected or has no load
WARNING: [Synth 8-7129] Port irq[9] in module picorv32 is either unconnected or has no load
WARNING: [Synth 8-7129] Port irq[8] in module picorv32 is either unconnected or has no load
WARNING: [Synth 8-7129] Port irq[7] in module picorv32 is either unconnected or has no load
WARNING: [Synth 8-7129] Port irq[6] in module picorv32 is either unconnected or has no load
WARNING: [Synth 8-7129] Port irq[5] in module picorv32 is either unconnected or has no load
WARNING: [Synth 8-7129] Port irq[4] in module picorv32 is either unconnected or has no load
WARNING: [Synth 8-7129] Port irq[3] in module picorv32 is either unconnected or has no load
WARNING: [Synth 8-7129] Port irq[2] in module picorv32 is either unconnected or has no load
WARNING: [Synth 8-7129] Port irq[1] in module picorv32 is either unconnected or has no load
WARNING: [Synth 8-7129] Port irq[0] in module picorv32 is either unconnected or has no load
---------------------------------------------------------------------------------
Finished RTL Elaboration : Time (s): cpu = 00:00:07 ; elapsed = 00:00:09 . Memory (MB): peak = 1550.004 ; gain = 708.605
---------------------------------------------------------------------------------
---------------------------------------------------------------------------------
Start Handling Custom Attributes
---------------------------------------------------------------------------------
---------------------------------------------------------------------------------
Finished Handling Custom Attributes : Time (s): cpu = 00:00:07 ; elapsed = 00:00:09 . Memory (MB): peak = 1550.004 ; gain = 708.605
---------------------------------------------------------------------------------
---------------------------------------------------------------------------------
Finished RTL Optimization Phase 1 : Time (s): cpu = 00:00:07 ; elapsed = 00:00:09 . Memory (MB): peak = 1550.004 ; gain = 708.605
---------------------------------------------------------------------------------
Netlist sorting complete. Time (s): cpu = 00:00:00 ; elapsed = 00:00:00.011 . Memory (MB): peak = 1550.004 ; gain = 0.000
INFO: [Project 1-570] Preparing netlist for logic optimization

Processing XDC Constraints
Initializing timing engine
Parsing XDC File [E:/Projects/FPGA-Alittle-Design/build/run/fmax/pico_regular_5.1ns/clock.xdc]
Finished Parsing XDC File [E:/Projects/FPGA-Alittle-Design/build/run/fmax/pico_regular_5.1ns/clock.xdc]
Completed Processing XDC Constraints

Netlist sorting complete. Time (s): cpu = 00:00:00 ; elapsed = 00:00:00.001 . Memory (MB): peak = 1595.211 ; gain = 0.000
INFO: [Project 1-111] Unisim Transformation Summary:
No Unisim elements were transformed.

Constraint Validation Runtime : Time (s): cpu = 00:00:00 ; elapsed = 00:00:00.024 . Memory (MB): peak = 1597.949 ; gain = 0.000
---------------------------------------------------------------------------------
Finished Constraint Validation : Time (s): cpu = 00:00:17 ; elapsed = 00:00:20 . Memory (MB): peak = 1597.949 ; gain = 756.551
---------------------------------------------------------------------------------
---------------------------------------------------------------------------------
Start Loading Part and Timing Information
---------------------------------------------------------------------------------
Loading part: xc7z020clg400-1
---------------------------------------------------------------------------------
Finished Loading Part and Timing Information : Time (s): cpu = 00:00:17 ; elapsed = 00:00:20 . Memory (MB): peak = 1597.949 ; gain = 756.551
---------------------------------------------------------------------------------
---------------------------------------------------------------------------------
Start Applying 'set_property' XDC Constraints
---------------------------------------------------------------------------------
---------------------------------------------------------------------------------
Finished applying 'set_property' XDC Constraints : Time (s): cpu = 00:00:17 ; elapsed = 00:00:20 . Memory (MB): peak = 1597.949 ; gain = 756.551
---------------------------------------------------------------------------------
INFO: [Synth 8-802] inferred FSM for state register 'mem_state_reg' in module 'picorv32'
---------------------------------------------------------------------------------------------------
                   State |                     New Encoding |                Previous Encoding 
---------------------------------------------------------------------------------------------------
                 iSTATE2 |                               00 |                               00
                 iSTATE0 |                               01 |                               10
                  iSTATE |                               10 |                               01
                 iSTATE1 |                               11 |                               11
---------------------------------------------------------------------------------------------------
INFO: [Synth 8-3354] encoded FSM with state register 'mem_state_reg' using encoding 'sequential' in module 'picorv32'
---------------------------------------------------------------------------------
Finished RTL Optimization Phase 2 : Time (s): cpu = 00:00:18 ; elapsed = 00:00:21 . Memory (MB): peak = 1597.949 ; gain = 756.551
---------------------------------------------------------------------------------
---------------------------------------------------------------------------------
Start RTL Component Statistics 
---------------------------------------------------------------------------------
Detailed RTL Component Info : 
+---Adders : 
	   2 Input   32 Bit       Adders := 4     
	   3 Input   32 Bit       Adders := 1     
	   2 Input    5 Bit       Adders := 1     
+---XORs : 
	   2 Input     32 Bit         XORs := 1     
+---Registers : 
	               36 Bit    Registers := 1     
	               32 Bit    Registers := 13    
	                8 Bit    Registers := 1     
	                5 Bit    Registers := 6     
	                4 Bit    Registers := 1     
	                2 Bit    Registers := 1     
	                1 Bit    Registers := 76    
+---RAMs : 
	             1024 Bit	(32 X 32 bit)          RAMs := 1     
+---Muxes : 
	   2 Input   32 Bit        Muxes := 24    
	   6 Input   32 Bit        Muxes := 1     
	   5 Input   32 Bit        Muxes := 1     
	   4 Input   32 Bit        Muxes := 5     
	   3 Input   32 Bit        Muxes := 2     
	   2 Input   16 Bit        Muxes := 1     
	   4 Input    8 Bit        Muxes := 1     
	   7 Input    8 Bit        Muxes := 1     
	   2 Input    8 Bit        Muxes := 1     
	   5 Input    4 Bit        Muxes := 1     
	   2 Input    4 Bit        Muxes := 1     
	   4 Input    4 Bit        Muxes := 1     
	   3 Input    4 Bit        Muxes := 1     
	   2 Input    3 Bit        Muxes := 3     
	   4 Input    2 Bit        Muxes := 1     
	   2 Input    2 Bit        Muxes := 2     
	   2 Input    1 Bit        Muxes := 19    
	   7 Input    1 Bit        Muxes := 3     
	   3 Input    1 Bit        Muxes := 3     
	   4 Input    1 Bit        Muxes := 5     
---------------------------------------------------------------------------------
Finished RTL Component Statistics 
---------------------------------------------------------------------------------
---------------------------------------------------------------------------------
Start Part Resource Summary
---------------------------------------------------------------------------------
Part Resources:
DSPs: 220 (col length:60)
BRAMs: 280 (col length: RAMB18 60 RAMB36 30)
---------------------------------------------------------------------------------
Finished Part Resource Summary
---------------------------------------------------------------------------------
---------------------------------------------------------------------------------
Start Cross Boundary and Area Optimization
---------------------------------------------------------------------------------
WARNING: [Synth 8-7129] Port pcpi_wr in module picorv32 is either unconnected or has no load
WARNING: [Synth 8-7129] Port pcpi_rd[31] in module picorv32 is either unconnected or has no load
WARNING: [Synth 8-7129] Port pcpi_rd[30] in module picorv32 is either unconnected or has no load
WARNING: [Synth 8-7129] Port pcpi_rd[29] in module picorv32 is either unconnected or has no load
WARNING: [Synth 8-7129] Port pcpi_rd[28] in module picorv32 is either unconnected or has no load
WARNING: [Synth 8-7129] Port pcpi_rd[27] in module picorv32 is either unconnected or has no load
WARNING: [Synth 8-7129] Port pcpi_rd[26] in module picorv32 is either unconnected or has no load
WARNING: [Synth 8-7129] Port pcpi_rd[25] in module picorv32 is either unconnected or has no load
WARNING: [Synth 8-7129] Port pcpi_rd[24] in module picorv32 is either unconnected or has no load
WARNING: [Synth 8-7129] Port pcpi_rd[23] in module picorv32 is either unconnected or has no load
WARNING: [Synth 8-7129] Port pcpi_rd[22] in module picorv32 is either unconnected or has no load
WARNING: [Synth 8-7129] Port pcpi_rd[21] in module picorv32 is either unconnected or has no load
WARNING: [Synth 8-7129] Port pcpi_rd[20] in module picorv32 is either unconnected or has no load
WARNING: [Synth 8-7129] Port pcpi_rd[19] in module picorv32 is either unconnected or has no load
WARNING: [Synth 8-7129] Port pcpi_rd[18] in module picorv32 is either unconnected or has no load
WARNING: [Synth 8-7129] Port pcpi_rd[17] in module picorv32 is either unconnected or has no load
WARNING: [Synth 8-7129] Port pcpi_rd[16] in module picorv32 is either unconnected or has no load
WARNING: [Synth 8-7129] Port pcpi_rd[15] in module picorv32 is either unconnected or has no load
WARNING: [Synth 8-7129] Port pcpi_rd[14] in module picorv32 is either unconnected or has no load
WARNING: [Synth 8-7129] Port pcpi_rd[13] in module picorv32 is either unconnected or has no load
WARNING: [Synth 8-7129] Port pcpi_rd[12] in module picorv32 is either unconnected or has no load
WARNING: [Synth 8-7129] Port pcpi_rd[11] in module picorv32 is either unconnected or has no load
WARNING: [Synth 8-7129] Port pcpi_rd[10] in module picorv32 is either unconnected or has no load
WARNING: [Synth 8-7129] Port pcpi_rd[9] in module picorv32 is either unconnected or has no load
WARNING: [Synth 8-7129] Port pcpi_rd[8] in module picorv32 is either unconnected or has no load
WARNING: [Synth 8-7129] Port pcpi_rd[7] in module picorv32 is either unconnected or has no load
WARNING: [Synth 8-7129] Port pcpi_rd[6] in module picorv32 is either unconnected or has no load
WARNING: [Synth 8-7129] Port pcpi_rd[5] in module picorv32 is either unconnected or has no load
WARNING: [Synth 8-7129] Port pcpi_rd[4] in module picorv32 is either unconnected or has no load
WARNING: [Synth 8-7129] Port pcpi_rd[3] in module picorv32 is either unconnected or has no load
WARNING: [Synth 8-7129] Port pcpi_rd[2] in module picorv32 is either unconnected or has no load
WARNING: [Synth 8-7129] Port pcpi_rd[1] in module picorv32 is either unconnected or has no load
WARNING: [Synth 8-7129] Port pcpi_rd[0] in module picorv32 is either unconnected or has no load
INFO: [Common 17-14] Message 'Synth 8-7129' appears 100 times and further instances of the messages will be disabled. Use the Tcl command set_msg_config to change the current settings.
---------------------------------------------------------------------------------
Finished Cross Boundary and Area Optimization : Time (s): cpu = 00:00:25 ; elapsed = 00:00:29 . Memory (MB): peak = 1696.238 ; gain = 854.840
---------------------------------------------------------------------------------
---------------------------------------------------------------------------------
Start ROM, RAM, DSP, Shift Register and Retiming Reporting
---------------------------------------------------------------------------------

Distributed RAM: Preliminary Mapping Report (see note below)
+------------+-------------+-----------+----------------------+--------------+
|Module Name | RTL Object  | Inference | Size (Depth x Width) | Primitives   | 
+------------+-------------+-----------+----------------------+--------------+
|picorv32    | cpuregs_reg | Implied   | 32 x 32              | RAM32M x 12  | 
+------------+-------------+-----------+----------------------+--------------+

Note: The table above is a preliminary report that shows the Distributed RAMs at the current stage of the synthesis flow. Some Distributed RAMs may be reimplemented as non Distributed RAM primitives later in the synthesis flow. Multiple instantiated RAMs are reported only once.
---------------------------------------------------------------------------------
Finished ROM, RAM, DSP, Shift Register and Retiming Reporting
---------------------------------------------------------------------------------
---------------------------------------------------------------------------------
Start Applying XDC Timing Constraints
---------------------------------------------------------------------------------
---------------------------------------------------------------------------------
Finished Applying XDC Timing Constraints : Time (s): cpu = 00:00:31 ; elapsed = 00:00:36 . Memory (MB): peak = 1768.512 ; gain = 927.113
---------------------------------------------------------------------------------
---------------------------------------------------------------------------------
Start Timing Optimization
---------------------------------------------------------------------------------
---------------------------------------------------------------------------------
Finished Timing Optimization : Time (s): cpu = 00:00:34 ; elapsed = 00:00:40 . Memory (MB): peak = 1834.387 ; gain = 992.988
---------------------------------------------------------------------------------
---------------------------------------------------------------------------------
Start ROM, RAM, DSP, Shift Register and Retiming Reporting
---------------------------------------------------------------------------------

Distributed RAM: Final Mapping Report
+------------+-------------+-----------+----------------------+--------------+
|Module Name | RTL Object  | Inference | Size (Depth x Width) | Primitives   | 
+------------+-------------+-----------+----------------------+--------------+
|picorv32    | cpuregs_reg | Implied   | 32 x 32              | RAM32M x 12  | 
+------------+-------------+-----------+----------------------+--------------+

---------------------------------------------------------------------------------
Finished ROM, RAM, DSP, Shift Register and Retiming Reporting
---------------------------------------------------------------------------------
---------------------------------------------------------------------------------
Start Technology Mapping
---------------------------------------------------------------------------------
---------------------------------------------------------------------------------
Finished Technology Mapping : Time (s): cpu = 00:00:35 ; elapsed = 00:00:40 . Memory (MB): peak = 1852.488 ; gain = 1011.090
---------------------------------------------------------------------------------
---------------------------------------------------------------------------------
Start IO Insertion
---------------------------------------------------------------------------------
---------------------------------------------------------------------------------
Start Flattening Before IO Insertion
---------------------------------------------------------------------------------
---------------------------------------------------------------------------------
Finished Flattening Before IO Insertion
---------------------------------------------------------------------------------
---------------------------------------------------------------------------------
Start Final Netlist Cleanup
---------------------------------------------------------------------------------
---------------------------------------------------------------------------------
Finished Final Netlist Cleanup
---------------------------------------------------------------------------------
---------------------------------------------------------------------------------
Finished IO Insertion : Time (s): cpu = 00:00:39 ; elapsed = 00:00:46 . Memory (MB): peak = 2071.355 ; gain = 1229.957
---------------------------------------------------------------------------------
---------------------------------------------------------------------------------
Start Renaming Generated Instances
---------------------------------------------------------------------------------
---------------------------------------------------------------------------------
Finished Renaming Generated Instances : Time (s): cpu = 00:00:39 ; elapsed = 00:00:46 . Memory (MB): peak = 2071.355 ; gain = 1229.957
---------------------------------------------------------------------------------
---------------------------------------------------------------------------------
Start Rebuilding User Hierarchy
---------------------------------------------------------------------------------
---------------------------------------------------------------------------------
Finished Rebuilding User Hierarchy : Time (s): cpu = 00:00:40 ; elapsed = 00:00:46 . Memory (MB): peak = 2071.355 ; gain = 1229.957
---------------------------------------------------------------------------------
---------------------------------------------------------------------------------
Start Renaming Generated Ports
---------------------------------------------------------------------------------
---------------------------------------------------------------------------------
Finished Renaming Generated Ports : Time (s): cpu = 00:00:40 ; elapsed = 00:00:46 . Memory (MB): peak = 2071.355 ; gain = 1229.957
---------------------------------------------------------------------------------
---------------------------------------------------------------------------------
Start Handling Custom Attributes
---------------------------------------------------------------------------------
---------------------------------------------------------------------------------
Finished Handling Custom Attributes : Time (s): cpu = 00:00:40 ; elapsed = 00:00:46 . Memory (MB): peak = 2071.355 ; gain = 1229.957
---------------------------------------------------------------------------------
---------------------------------------------------------------------------------
Start Renaming Generated Nets
---------------------------------------------------------------------------------
---------------------------------------------------------------------------------
Finished Renaming Generated Nets : Time (s): cpu = 00:00:40 ; elapsed = 00:00:46 . Memory (MB): peak = 2071.355 ; gain = 1229.957
---------------------------------------------------------------------------------
---------------------------------------------------------------------------------
Start Writing Synthesis Report
---------------------------------------------------------------------------------

Report BlackBoxes: 
+-+--------------+----------+
| |BlackBox name |Instances |
+-+--------------+----------+
+-+--------------+----------+

Report Cell Usage: 
+------+---------+------+
|      |Cell     |Count |
+------+---------+------+
|1     |CARRY4   |    83|
|2     |LUT1     |     4|
|3     |LUT2     |    97|
|4     |LUT3     |    70|
|5     |LUT4     |   305|
|6     |LUT5     |   123|
|7     |LUT6     |   370|
|8     |RAM32M   |    10|
|9     |RAM32X1D |     4|
|10    |FDRE     |   554|
|11    |FDSE     |    21|
+------+---------+------+
---------------------------------------------------------------------------------
Finished Writing Synthesis Report : Time (s): cpu = 00:00:40 ; elapsed = 00:00:46 . Memory (MB): peak = 2071.355 ; gain = 1229.957
---------------------------------------------------------------------------------
Synthesis finished with 0 errors, 0 critical warnings and 67 warnings.
Synthesis Optimization Runtime : Time (s): cpu = 00:00:31 ; elapsed = 00:00:44 . Memory (MB): peak = 2071.355 ; gain = 1182.012
Synthesis Optimization Complete : Time (s): cpu = 00:00:40 ; elapsed = 00:00:46 . Memory (MB): peak = 2071.355 ; gain = 1229.957
INFO: [Project 1-571] Translating synthesized netlist
Netlist sorting complete. Time (s): cpu = 00:00:00 ; elapsed = 00:00:00.006 . Memory (MB): peak = 2080.500 ; gain = 0.000
INFO: [Netlist 29-17] Analyzing 97 Unisim elements for replacement
INFO: [Netlist 29-28] Unisim Transformation completed in 0 CPU seconds
WARNING: [Netlist 29-101] Netlist 'top_regular' is not ideal for floorplanning, since the cellview 'picorv32' contains a large number of primitives.  Please consider enabling hierarchy in synthesis if you want to do floorplanning.
INFO: [Project 1-570] Preparing netlist for logic optimization
Parsing XDC File [E:/Projects/FPGA-Alittle-Design/build/run/fmax/pico_regular_5.1ns/clock.xdc]
INFO: [Vivado 12-4761] HD.CLK_SRC property is set on port clk. The net connecting to the port drives either clock PIN or hierarchical black box. Use the create_clock constraint to create a clock on this port prior to setting HD.CLK_SRC.  [E:/Projects/FPGA-Alittle-Design/build/run/fmax/pico_regular_5.1ns/clock.xdc:2]
Finished Parsing XDC File [E:/Projects/FPGA-Alittle-Design/build/run/fmax/pico_regular_5.1ns/clock.xdc]
INFO: [Opt 31-138] Pushed 0 inverter(s) to 0 load pin(s).
Netlist sorting complete. Time (s): cpu = 00:00:00 ; elapsed = 00:00:00.001 . Memory (MB): peak = 2084.137 ; gain = 0.000
INFO: [Project 1-111] Unisim Transformation Summary:
  A total of 14 instances were transformed.
  RAM32M => RAM32M (RAMD32(x6), RAMS32(x2)): 10 instances
  RAM32X1D => RAM32X1D (RAMD32(x2)): 4 instances

Synth Design complete | Checksum: c4a39bee
INFO: [Common 17-83] Releasing license: Vivado_Synthesis
25 Infos, 167 Warnings, 0 Critical Warnings and 0 Errors encountered.
synth_design completed successfully
synth_design: Time (s): cpu = 00:00:45 ; elapsed = 00:00:56 . Memory (MB): peak = 2084.137 ; gain = 1470.941
# write_checkpoint -force [file join $run_dir post_synth.dcp]
INFO: [Timing 38-35] Done setting XDC timing constraints.
INFO: [Timing 38-480] Writing timing data to binary archive.
Write ShapeDB Complete: Time (s): cpu = 00:00:00 ; elapsed = 00:00:00.007 . Memory (MB): peak = 2084.137 ; gain = 0.000
INFO: [Common 17-1381] The checkpoint 'E:/Projects/FPGA-Alittle-Design/build/run/fmax/pico_regular_5.1ns/post_synth.dcp' has been generated.
write_checkpoint: Time (s): cpu = 00:00:07 ; elapsed = 00:00:07 . Memory (MB): peak = 2084.137 ; gain = 0.000
# report_utilization    -file [file join $rep_dir utilization_synth.rpt]
# report_timing_summary -file [file join $rep_dir timing_synth.rpt] -delay_type max
INFO: [Timing 38-91] UpdateTimingParams: Speed grade: -1, Delay Type: max.
INFO: [Timing 38-191] Multithreading enabled for timing update using a maximum of 2 CPUs
# opt_design
Command: opt_design
Attempting to get a license for feature 'Vivado_Implementation' and/or device 'xc7z020'
INFO: [Common 17-349] Got license for feature 'Vivado_Implementation' and/or device 'xc7z020'
Running DRC as a precondition to command opt_design

Starting DRC Task
INFO: [DRC 23-27] Running DRC with 2 threads
WARNING: [DRC 23-814] Not all possible (connectivity based) DRCs may have been run because this design is seen as Out of Context.
INFO: [Project 1-461] DRC finished with 0 Errors
INFO: [Project 1-462] Please refer to the DRC report (report_drc) for more information.

Time (s): cpu = 00:00:01 ; elapsed = 00:00:00.460 . Memory (MB): peak = 2084.137 ; gain = 0.000

Starting Cache Timing Information Task
Ending Cache Timing Information Task | Checksum: 19022c840

Time (s): cpu = 00:00:00 ; elapsed = 00:00:00.002 . Memory (MB): peak = 2084.137 ; gain = 0.000

Starting Logic Optimization Task

Phase 1 Initialization

Phase 1.1 Core Generation And Design Setup
Phase 1.1 Core Generation And Design Setup | Checksum: 19022c840

Time (s): cpu = 00:00:00 ; elapsed = 00:00:00.003 . Memory (MB): peak = 2165.973 ; gain = 0.000

Phase 1.2 Setup Constraints And Sort Netlist
Phase 1.2 Setup Constraints And Sort Netlist | Checksum: 19022c840

Time (s): cpu = 00:00:00 ; elapsed = 00:00:00.005 . Memory (MB): peak = 2165.973 ; gain = 0.000
Phase 1 Initialization | Checksum: 19022c840

Time (s): cpu = 00:00:00 ; elapsed = 00:00:00.005 . Memory (MB): peak = 2165.973 ; gain = 0.000

Phase 2 Timer Update And Timing Data Collection

Phase 2.1 Detect if minReqCache needed
Phase 2.1 Detect if minReqCache needed | Checksum: 19022c840

Time (s): cpu = 00:00:00 ; elapsed = 00:00:00.016 . Memory (MB): peak = 2165.992 ; gain = 0.020

Phase 2.2 Timer Update
Phase 2.2 Timer Update | Checksum: 19022c840

Time (s): cpu = 00:00:00 ; elapsed = 00:00:00.024 . Memory (MB): peak = 2165.992 ; gain = 0.020
Phase 2 Timer Update And Timing Data Collection | Checksum: 19022c840

Time (s): cpu = 00:00:00 ; elapsed = 00:00:00.024 . Memory (MB): peak = 2165.992 ; gain = 0.020

Phase 3 Retarget
INFO: [Opt 31-1851] Number of loadless carry chains removed were: 0
INFO: [Opt 31-1834] Total Chains To Be Transformed Were: 0 AND Number of Transformed insts Created are: 0
INFO: [Opt 31-138] Pushed 0 inverter(s) to 0 load pin(s).
INFO: [Opt 31-49] Retargeted 0 cell(s).
Phase 3 Retarget | Checksum: 19022c840

Time (s): cpu = 00:00:00 ; elapsed = 00:00:00.051 . Memory (MB): peak = 2165.992 ; gain = 0.020
Retarget | Checksum: 19022c840
INFO: [Opt 31-389] Phase Retarget created 0 cells and removed 0 cells

Phase 4 Constant propagation
INFO: [Opt 31-138] Pushed 0 inverter(s) to 0 load pin(s).
Phase 4 Constant propagation | Checksum: 1b3172a8f

Time (s): cpu = 00:00:00 ; elapsed = 00:00:00.071 . Memory (MB): peak = 2165.992 ; gain = 0.020
Constant propagation | Checksum: 1b3172a8f
INFO: [Opt 31-389] Phase Constant propagation created 0 cells and removed 0 cells

Phase 5 Sweep
INFO: [Constraints 18-11670] Building netlist checker database with flags, 0x8
Done building netlist checker database: Time (s): cpu = 00:00:00 ; elapsed = 00:00:00 . Memory (MB): peak = 2165.992 ; gain = 0.000
Phase 5 Sweep | Checksum: 1549068db

Time (s): cpu = 00:00:00 ; elapsed = 00:00:00.089 . Memory (MB): peak = 2165.992 ; gain = 0.020
Sweep | Checksum: 1549068db
INFO: [Opt 31-389] Phase Sweep created 0 cells and removed 0 cells

Phase 6 BUFG optimization
Phase 6 BUFG optimization | Checksum: 1549068db

Time (s): cpu = 00:00:00 ; elapsed = 00:00:00.108 . Memory (MB): peak = 2165.992 ; gain = 0.020
BUFG optimization | Checksum: 1549068db
INFO: [Opt 31-662] Phase BUFG optimization created 0 cells of which 0 are BUFGs and removed 0 cells.

Phase 7 Shift Register Optimization
INFO: [Opt 31-1064] SRL Remap converted 0 SRLs to 0 registers and converted 0 registers of register chains to 0 SRLs
Phase 7 Shift Register Optimization | Checksum: 1549068db

Time (s): cpu = 00:00:00 ; elapsed = 00:00:00.112 . Memory (MB): peak = 2165.992 ; gain = 0.020
Shift Register Optimization | Checksum: 1549068db
INFO: [Opt 31-389] Phase Shift Register Optimization created 0 cells and removed 0 cells

Phase 8 Post Processing Netlist
Phase 8 Post Processing Netlist | Checksum: 1549068db

Time (s): cpu = 00:00:00 ; elapsed = 00:00:00.121 . Memory (MB): peak = 2165.992 ; gain = 0.020
Post Processing Netlist | Checksum: 1549068db
INFO: [Opt 31-389] Phase Post Processing Netlist created 0 cells and removed 0 cells

Phase 9 Finalization

Phase 9.1 Finalizing Design Cores and Updating Shapes
Phase 9.1 Finalizing Design Cores and Updating Shapes | Checksum: e68522a0

Time (s): cpu = 00:00:00 ; elapsed = 00:00:00.172 . Memory (MB): peak = 2165.992 ; gain = 0.020

Phase 9.2 Verifying Netlist Connectivity

Starting Connectivity Check Task

Time (s): cpu = 00:00:00 ; elapsed = 00:00:00.019 . Memory (MB): peak = 2165.992 ; gain = 0.000
Phase 9.2 Verifying Netlist Connectivity | Checksum: e68522a0

Time (s): cpu = 00:00:00 ; elapsed = 00:00:00.192 . Memory (MB): peak = 2165.992 ; gain = 0.020
Phase 9 Finalization | Checksum: e68522a0

Time (s): cpu = 00:00:00 ; elapsed = 00:00:00.193 . Memory (MB): peak = 2165.992 ; gain = 0.020
Opt_design Change Summary
=========================


-------------------------------------------------------------------------------------------------------------------------
|  Phase                        |  #Cells created  |  #Cells Removed  |  #Constrained objects preventing optimizations  |
-------------------------------------------------------------------------------------------------------------------------
|  Retarget                     |               0  |               0  |                                              0  |
|  Constant propagation         |               0  |               0  |                                              0  |
|  Sweep                        |               0  |               0  |                                              0  |
|  BUFG optimization            |               0  |               0  |                                              0  |
|  Shift Register Optimization  |               0  |               0  |                                              0  |
|  Post Processing Netlist      |               0  |               0  |                                              0  |
-------------------------------------------------------------------------------------------------------------------------


Ending Logic Optimization Task | Checksum: e68522a0

Time (s): cpu = 00:00:00 ; elapsed = 00:00:00.195 . Memory (MB): peak = 2165.992 ; gain = 0.020

Starting Power Optimization Task
INFO: [Pwropt 34-132] Skipping clock gating for clocks with a period < 2.00 ns.
Ending Power Optimization Task | Checksum: e68522a0

Time (s): cpu = 00:00:00 ; elapsed = 00:00:00.009 . Memory (MB): peak = 2165.992 ; gain = 0.000

Starting Final Cleanup Task
Ending Final Cleanup Task | Checksum: e68522a0

Time (s): cpu = 00:00:00 ; elapsed = 00:00:00.001 . Memory (MB): peak = 2165.992 ; gain = 0.000
Netlist sorting complete. Time (s): cpu = 00:00:00 ; elapsed = 00:00:00.001 . Memory (MB): peak = 2165.992 ; gain = 0.000
INFO: [Common 17-83] Releasing license: Vivado_Implementation
19 Infos, 1 Warnings, 0 Critical Warnings and 0 Errors encountered.
opt_design completed successfully
opt_design: Time (s): cpu = 00:00:05 ; elapsed = 00:00:06 . Memory (MB): peak = 2165.992 ; gain = 81.855
# place_design
Command: place_design
Attempting to get a license for feature 'Vivado_Implementation' and/or device 'xc7z020'
INFO: [Common 17-349] Got license for feature 'Vivado_Implementation' and/or device 'xc7z020'
INFO: [Common 17-83] Releasing license: Vivado_Implementation
INFO: [Timing 38-35] Done setting XDC timing constraints.
Running DRC as a precondition to command place_design
INFO: [DRC 23-27] Running DRC with 2 threads
WARNING: [DRC 23-814] Not all possible (connectivity based) DRCs may have been run because this design is seen as Out of Context.
INFO: [Vivado_Tcl 4-198] DRC finished with 0 Errors
INFO: [Vivado_Tcl 4-199] Please refer to the DRC report (report_drc) for more information.
INFO: [Place 30-611] Multithreading enabled for place_design using a maximum of 2 CPUs

Starting Placer Task

Phase 1 Placer Initialization

Phase 1.1 Placer Initialization Netlist Sorting
Netlist sorting complete. Time (s): cpu = 00:00:00 ; elapsed = 00:00:00.001 . Memory (MB): peak = 2165.992 ; gain = 0.000
Phase 1.1 Placer Initialization Netlist Sorting | Checksum: 7d1e155d

Time (s): cpu = 00:00:00 ; elapsed = 00:00:00.002 . Memory (MB): peak = 2165.992 ; gain = 0.000
Netlist sorting complete. Time (s): cpu = 00:00:00 ; elapsed = 00:00:00.001 . Memory (MB): peak = 2165.992 ; gain = 0.000

Phase 1.2 IO Placement/ Clock Placement/ Build Placer Device
Phase 1.2 IO Placement/ Clock Placement/ Build Placer Device | Checksum: fc1df6bf

Time (s): cpu = 00:00:01 ; elapsed = 00:00:00.133 . Memory (MB): peak = 2165.992 ; gain = 0.000

Phase 1.3 Build Placer Netlist Model
Phase 1.3 Build Placer Netlist Model | Checksum: 1ddde24bb

Time (s): cpu = 00:00:01 ; elapsed = 00:00:00.505 . Memory (MB): peak = 2165.992 ; gain = 0.000

Phase 1.4 Constrain Clocks/Macros
Phase 1.4 Constrain Clocks/Macros | Checksum: 1ddde24bb

Time (s): cpu = 00:00:01 ; elapsed = 00:00:00.513 . Memory (MB): peak = 2165.992 ; gain = 0.000
Phase 1 Placer Initialization | Checksum: 1ddde24bb

Time (s): cpu = 00:00:01 ; elapsed = 00:00:00.522 . Memory (MB): peak = 2165.992 ; gain = 0.000

Phase 2 Global Placement

Phase 2.1 Floorplanning
Phase 2.1 Floorplanning | Checksum: 1a35af693

Time (s): cpu = 00:00:01 ; elapsed = 00:00:00.704 . Memory (MB): peak = 2165.992 ; gain = 0.000

Phase 2.2 Update Timing before SLR Path Opt
Phase 2.2 Update Timing before SLR Path Opt | Checksum: 110862166

Time (s): cpu = 00:00:01 ; elapsed = 00:00:00.879 . Memory (MB): peak = 2165.992 ; gain = 0.000

Phase 2.3 Post-Processing in Floorplanning
Phase 2.3 Post-Processing in Floorplanning | Checksum: 110862166

Time (s): cpu = 00:00:01 ; elapsed = 00:00:00.883 . Memory (MB): peak = 2165.992 ; gain = 0.000

Phase 2.4 Global Place Phase1
Phase 2.4 Global Place Phase1 | Checksum: 12c57d583

Time (s): cpu = 00:00:04 ; elapsed = 00:00:02 . Memory (MB): peak = 2165.992 ; gain = 0.000

Phase 2.5 Global Place Phase2

Phase 2.5.1 UpdateTiming Before Physical Synthesis
Phase 2.5.1 UpdateTiming Before Physical Synthesis | Checksum: 138558635

Time (s): cpu = 00:00:04 ; elapsed = 00:00:02 . Memory (MB): peak = 2165.992 ; gain = 0.000

Phase 2.5.2 Physical Synthesis In Placer
INFO: [Physopt 32-1035] Found 3 LUTNM shape to break, 44 LUT instances to create LUTNM shape
INFO: [Physopt 32-1044] Break lutnm for timing: one critical 2, two critical 1, total 3, new lutff created 0
INFO: [Physopt 32-1138] End 1 Pass. Optimized 15 nets or LUTs. Breaked 3 LUTs, combined 12 existing LUTs and moved 0 existing LUT
INFO: [Physopt 32-65] No nets found for high-fanout optimization.
INFO: [Physopt 32-232] Optimized 0 net. Created 0 new instance.
INFO: [Physopt 32-775] End 1 Pass. Optimized 0 net or cell. Created 0 new cell, deleted 0 existing cell and moved 0 existing cell
INFO: [Physopt 32-456] No candidate cells for DSP register optimization found in the design.
INFO: [Physopt 32-775] End 2 Pass. Optimized 0 net or cell. Created 0 new cell, deleted 0 existing cell and moved 0 existing cell
INFO: [Physopt 32-1123] No candidate cells found for Shift Register to Pipeline optimization
INFO: [Physopt 32-775] End 2 Pass. Optimized 0 net or cell. Created 0 new cell, deleted 0 existing cell and moved 0 existing cell
INFO: [Physopt 32-1401] No candidate cells found for Shift Register optimization.
INFO: [Physopt 32-677] No candidate cells for Shift Register optimization found in the design
INFO: [Physopt 32-775] End 1 Pass. Optimized 0 net or cell. Created 0 new cell, deleted 0 existing cell and moved 0 existing cell
INFO: [Physopt 32-526] No candidate cells for BRAM register optimization found in the design
INFO: [Physopt 32-775] End 1 Pass. Optimized 0 net or cell. Created 0 new cell, deleted 0 existing cell and moved 0 existing cell
INFO: [Physopt 32-846] No candidate cells for URAM register optimization found in the design
INFO: [Physopt 32-775] End 1 Pass. Optimized 0 net or cell. Created 0 new cell, deleted 0 existing cell and moved 0 existing cell
INFO: [Physopt 32-846] No candidate cells for URAM register optimization found in the design
INFO: [Physopt 32-775] End 1 Pass. Optimized 0 net or cell. Created 0 new cell, deleted 0 existing cell and moved 0 existing cell
INFO: [Physopt 32-949] No candidate nets found for dynamic/static region interface net replication
INFO: [Physopt 32-775] End 1 Pass. Optimized 0 net or cell. Created 0 new cell, deleted 0 existing cell and moved 0 existing cell
Netlist sorting complete. Time (s): cpu = 00:00:00 ; elapsed = 00:00:00 . Memory (MB): peak = 2165.992 ; gain = 0.000

Summary of Physical Synthesis Optimizations
============================================


-----------------------------------------------------------------------------------------------------------------------------------------------------------
|  Optimization                                     |  Added Cells  |  Removed Cells  |  Optimized Cells/Nets  |  Dont Touch  |  Iterations  |  Elapsed   |
-----------------------------------------------------------------------------------------------------------------------------------------------------------
|  LUT Combining                                    |            3  |             12  |                    15  |           0  |           1  |  00:00:00  |
|  Retime                                           |            0  |              0  |                     0  |           0  |           1  |  00:00:00  |
|  Very High Fanout                                 |            0  |              0  |                     0  |           0  |           1  |  00:00:00  |
|  DSP Register                                     |            0  |              0  |                     0  |           0  |           1  |  00:00:00  |
|  Shift Register to Pipeline                       |            0  |              0  |                     0  |           0  |           1  |  00:00:00  |
|  Shift Register                                   |            0  |              0  |                     0  |           0  |           1  |  00:00:00  |
|  BRAM Register                                    |            0  |              0  |                     0  |           0  |           1  |  00:00:00  |
|  URAM Register                                    |            0  |              0  |                     0  |           0  |           1  |  00:00:00  |
|  Dynamic/Static Region Interface Net Replication  |            0  |              0  |                     0  |           0  |           1  |  00:00:00  |
|  Total                                            |            3  |             12  |                    15  |           0  |           9  |  00:00:00  |
-----------------------------------------------------------------------------------------------------------------------------------------------------------


Phase 2.5.2 Physical Synthesis In Placer | Checksum: 1a2ad902d

Time (s): cpu = 00:00:04 ; elapsed = 00:00:03 . Memory (MB): peak = 2165.992 ; gain = 0.000
Phase 2.5 Global Place Phase2 | Checksum: 135abe641

Time (s): cpu = 00:00:04 ; elapsed = 00:00:03 . Memory (MB): peak = 2165.992 ; gain = 0.000
Phase 2 Global Placement | Checksum: 135abe641

Time (s): cpu = 00:00:04 ; elapsed = 00:00:03 . Memory (MB): peak = 2165.992 ; gain = 0.000

Phase 3 Detail Placement

Phase 3.1 Commit Multi Column Macros
Phase 3.1 Commit Multi Column Macros | Checksum: 1018123bb

Time (s): cpu = 00:00:04 ; elapsed = 00:00:03 . Memory (MB): peak = 2165.992 ; gain = 0.000

Phase 3.2 Commit Most Macros & LUTRAMs
Phase 3.2 Commit Most Macros & LUTRAMs | Checksum: da9eb990

Time (s): cpu = 00:00:05 ; elapsed = 00:00:03 . Memory (MB): peak = 2165.992 ; gain = 0.000

Phase 3.3 Area Swap Optimization
Phase 3.3 Area Swap Optimization | Checksum: 14f2ebcc1

Time (s): cpu = 00:00:05 ; elapsed = 00:00:03 . Memory (MB): peak = 2165.992 ; gain = 0.000

Phase 3.4 Pipeline Register Optimization
Phase 3.4 Pipeline Register Optimization | Checksum: 14e6f85e7

Time (s): cpu = 00:00:05 ; elapsed = 00:00:03 . Memory (MB): peak = 2165.992 ; gain = 0.000

Phase 3.5 Fast Optimization
Phase 3.5 Fast Optimization | Checksum: 14cecc814

Time (s): cpu = 00:00:06 ; elapsed = 00:00:04 . Memory (MB): peak = 2165.992 ; gain = 0.000

Phase 3.6 Small Shape Detail Placement
Phase 3.6 Small Shape Detail Placement | Checksum: 139788d28

Time (s): cpu = 00:00:07 ; elapsed = 00:00:05 . Memory (MB): peak = 2165.992 ; gain = 0.000

Phase 3.7 Re-assign LUT pins
Phase 3.7 Re-assign LUT pins | Checksum: a7cdf974

Time (s): cpu = 00:00:07 ; elapsed = 00:00:05 . Memory (MB): peak = 2165.992 ; gain = 0.000

Phase 3.8 Pipeline Register Optimization
Phase 3.8 Pipeline Register Optimization | Checksum: a90ed43a

Time (s): cpu = 00:00:07 ; elapsed = 00:00:05 . Memory (MB): peak = 2165.992 ; gain = 0.000

Phase 3.9 Fast Optimization
Phase 3.9 Fast Optimization | Checksum: 192cc61f6

Time (s): cpu = 00:00:08 ; elapsed = 00:00:07 . Memory (MB): peak = 2165.992 ; gain = 0.000
Phase 3 Detail Placement | Checksum: 192cc61f6

Time (s): cpu = 00:00:08 ; elapsed = 00:00:07 . Memory (MB): peak = 2165.992 ; gain = 0.000

Phase 4 Post Placement Optimization and Clean-Up

Phase 4.1 Post Commit Optimization
INFO: [Timing 38-35] Done setting XDC timing constraints.

Phase 4.1.1 Post Placement Optimization
Post Placement Optimization Initialization | Checksum: 1e5af9d1a

Phase 4.1.1.1 BUFG Insertion

Starting Physical Synthesis Task

Phase 1 Physical Synthesis Initialization
INFO: [Physopt 32-721] Multithreading enabled for phys_opt_design using a maximum of 2 CPUs
INFO: [Physopt 32-619] Estimated Timing Summary | WNS=-0.903 | TNS=-46.422 |
Phase 1 Physical Synthesis Initialization | Checksum: 1d515e79e

Time (s): cpu = 00:00:00 ; elapsed = 00:00:00.034 . Memory (MB): peak = 2165.992 ; gain = 0.000
INFO: [Place 46-56] BUFG insertion identified 0 candidate nets. Inserted BUFG: 0, Replicated BUFG Driver: 0, Skipped due to Placement/Routing Conflicts: 0, Skipped due to Timing Degradation: 0, Skipped due to netlist editing failed: 0.
Ending Physical Synthesis Task | Checksum: 1dc66c4d6

Time (s): cpu = 00:00:00 ; elapsed = 00:00:00.040 . Memory (MB): peak = 2165.992 ; gain = 0.000
Phase 4.1.1.1 BUFG Insertion | Checksum: 1e5af9d1a

Time (s): cpu = 00:00:09 ; elapsed = 00:00:07 . Memory (MB): peak = 2165.992 ; gain = 0.000

Phase 4.1.1.2 Post Placement Timing Optimization
INFO: [Place 30-746] Post Placement Timing Summary WNS=-0.219. For the most accurate timing information please run report_timing.
Phase 4.1.1.2 Post Placement Timing Optimization | Checksum: 260d1ca23

Time (s): cpu = 00:00:17 ; elapsed = 00:00:16 . Memory (MB): peak = 2165.992 ; gain = 0.000

Time (s): cpu = 00:00:17 ; elapsed = 00:00:16 . Memory (MB): peak = 2165.992 ; gain = 0.000
Phase 4.1 Post Commit Optimization | Checksum: 260d1ca23

Time (s): cpu = 00:00:17 ; elapsed = 00:00:16 . Memory (MB): peak = 2165.992 ; gain = 0.000

Phase 4.2 Post Placement Cleanup
Phase 4.2 Post Placement Cleanup | Checksum: 260d1ca23

Time (s): cpu = 00:00:17 ; elapsed = 00:00:16 . Memory (MB): peak = 2165.992 ; gain = 0.000

Phase 4.3 Placer Reporting

Phase 4.3.1 Print Estimated Congestion
INFO: [Place 30-612] Post-Placement Estimated Congestion 
 ____________________________________________________
|           | Global Congestion | Short Congestion  |
| Direction | Region Size       | Region Size       |
|___________|___________________|___________________|
|      North|                1x1|                2x2|
|___________|___________________|___________________|
|      South|                1x1|                1x1|
|___________|___________________|___________________|
|       East|                1x1|                1x1|
|___________|___________________|___________________|
|       West|                2x2|                2x2|
|___________|___________________|___________________|

Phase 4.3.1 Print Estimated Congestion | Checksum: 260d1ca23

Time (s): cpu = 00:00:17 ; elapsed = 00:00:16 . Memory (MB): peak = 2165.992 ; gain = 0.000
Phase 4.3 Placer Reporting | Checksum: 260d1ca23

Time (s): cpu = 00:00:17 ; elapsed = 00:00:16 . Memory (MB): peak = 2165.992 ; gain = 0.000

Phase 4.4 Final Placement Cleanup
Netlist sorting complete. Time (s): cpu = 00:00:00 ; elapsed = 00:00:00 . Memory (MB): peak = 2165.992 ; gain = 0.000

Time (s): cpu = 00:00:17 ; elapsed = 00:00:16 . Memory (MB): peak = 2165.992 ; gain = 0.000
Phase 4 Post Placement Optimization and Clean-Up | Checksum: 1e461681e

Time (s): cpu = 00:00:17 ; elapsed = 00:00:16 . Memory (MB): peak = 2165.992 ; gain = 0.000
Ending Placer Task | Checksum: 175d40b07

Time (s): cpu = 00:00:17 ; elapsed = 00:00:16 . Memory (MB): peak = 2165.992 ; gain = 0.000
34 Infos, 1 Warnings, 0 Critical Warnings and 0 Errors encountered.
place_design completed successfully
place_design: Time (s): cpu = 00:00:17 ; elapsed = 00:00:17 . Memory (MB): peak = 2165.992 ; gain = 0.000
# route_design
Command: route_design
Attempting to get a license for feature 'Vivado_Implementation' and/or device 'xc7z020'
INFO: [Common 17-349] Got license for feature 'Vivado_Implementation' and/or device 'xc7z020'


Starting Routing Task
INFO: [Route 35-254] Multithreading enabled for route_design using a maximum of 2 CPUs

Phase 1 Build RT Design
Checksum: PlaceDB: e34c0548 ConstDB: 0 ShapeSum: 7c8e92cf RouteDB: 15f972f0
WARNING: [Route 35-198] Port "mem_ready" does not have an associated HD.PARTPIN_LOCS, which will prevent the partial routing of the signal "mem_ready". Without this partial route, timing analysis to/from this port will not be accurate, and no routing information for this port can be exported.
WARNING: [Route 35-198] Port "mem_rdata[16]" does not have an associated HD.PARTPIN_LOCS, which will prevent the partial routing of the signal "mem_rdata[16]". Without this partial route, timing analysis to/from this port will not be accurate, and no routing information for this port can be exported.
WARNING: [Route 35-198] Port "mem_rdata[17]" does not have an associated HD.PARTPIN_LOCS, which will prevent the partial routing of the signal "mem_rdata[17]". Without this partial route, timing analysis to/from this port will not be accurate, and no routing information for this port can be exported.
WARNING: [Route 35-198] Port "mem_rdata[18]" does not have an associated HD.PARTPIN_LOCS, which will prevent the partial routing of the signal "mem_rdata[18]". Without this partial route, timing analysis to/from this port will not be accurate, and no routing information for this port can be exported.
WARNING: [Route 35-198] Port "mem_rdata[28]" does not have an associated HD.PARTPIN_LOCS, which will prevent the partial routing of the signal "mem_rdata[28]". Without this partial route, timing analysis to/from this port will not be accurate, and no routing information for this port can be exported.
WARNING: [Route 35-198] Port "mem_rdata[13]" does not have an associated HD.PARTPIN_LOCS, which will prevent the partial routing of the signal "mem_rdata[13]". Without this partial route, timing analysis to/from this port will not be accurate, and no routing information for this port can be exported.
WARNING: [Route 35-198] Port "mem_rdata[25]" does not have an associated HD.PARTPIN_LOCS, which will prevent the partial routing of the signal "mem_rdata[25]". Without this partial route, timing analysis to/from this port will not be accurate, and no routing information for this port can be exported.
WARNING: [Route 35-198] Port "mem_rdata[30]" does not have an associated HD.PARTPIN_LOCS, which will prevent the partial routing of the signal "mem_rdata[30]". Without this partial route, timing analysis to/from this port will not be accurate, and no routing information for this port can be exported.
WARNING: [Route 35-198] Port "mem_rdata[27]" does not have an associated HD.PARTPIN_LOCS, which will prevent the partial routing of the signal "mem_rdata[27]". Without this partial route, timing analysis to/from this port will not be accurate, and no routing information for this port can be exported.
WARNING: [Route 35-198] Port "mem_rdata[31]" does not have an associated HD.PARTPIN_LOCS, which will prevent the partial routing of the signal "mem_rdata[31]". Without this partial route, timing analysis to/from this port will not be accurate, and no routing information for this port can be exported.
WARNING: [Route 35-198] Port "resetn" does not have an associated HD.PARTPIN_LOCS, which will prevent the partial routing of the signal "resetn". Without this partial route, timing analysis to/from this port will not be accurate, and no routing information for this port can be exported.
WARNING: [Route 35-198] Port "mem_rdata[19]" does not have an associated HD.PARTPIN_LOCS, which will prevent the partial routing of the signal "mem_rdata[19]". Without this partial route, timing analysis to/from this port will not be accurate, and no routing information for this port can be exported.
WARNING: [Route 35-198] Port "mem_rdata[15]" does not have an associated HD.PARTPIN_LOCS, which will prevent the partial routing of the signal "mem_rdata[15]". Without this partial route, timing analysis to/from this port will not be accurate, and no routing information for this port can be exported.
WARNING: [Route 35-198] Port "mem_rdata[29]" does not have an associated HD.PARTPIN_LOCS, which will prevent the partial routing of the signal "mem_rdata[29]". Without this partial route, timing analysis to/from this port will not be accurate, and no routing information for this port can be exported.
WARNING: [Route 35-198] Port "mem_rdata[5]" does not have an associated HD.PARTPIN_LOCS, which will prevent the partial routing of the signal "mem_rdata[5]". Without this partial route, timing analysis to/from this port will not be accurate, and no routing information for this port can be exported.
WARNING: [Route 35-198] Port "mem_rdata[6]" does not have an associated HD.PARTPIN_LOCS, which will prevent the partial routing of the signal "mem_rdata[6]". Without this partial route, timing analysis to/from this port will not be accurate, and no routing information for this port can be exported.
WARNING: [Route 35-198] Port "mem_rdata[1]" does not have an associated HD.PARTPIN_LOCS, which will prevent the partial routing of the signal "mem_rdata[1]". Without this partial route, timing analysis to/from this port will not be accurate, and no routing information for this port can be exported.
WARNING: [Route 35-198] Port "mem_rdata[0]" does not have an associated HD.PARTPIN_LOCS, which will prevent the partial routing of the signal "mem_rdata[0]". Without this partial route, timing analysis to/from this port will not be accurate, and no routing information for this port can be exported.
WARNING: [Route 35-198] Port "mem_rdata[2]" does not have an associated HD.PARTPIN_LOCS, which will prevent the partial routing of the signal "mem_rdata[2]". Without this partial route, timing analysis to/from this port will not be accurate, and no routing information for this port can be exported.
WARNING: [Route 35-198] Port "mem_rdata[3]" does not have an associated HD.PARTPIN_LOCS, which will prevent the partial routing of the signal "mem_rdata[3]". Without this partial route, timing analysis to/from this port will not be accurate, and no routing information for this port can be exported.
WARNING: [Route 35-198] Port "mem_rdata[4]" does not have an associated HD.PARTPIN_LOCS, which will prevent the partial routing of the signal "mem_rdata[4]". Without this partial route, timing analysis to/from this port will not be accurate, and no routing information for this port can be exported.
WARNING: [Route 35-198] Port "mem_rdata[14]" does not have an associated HD.PARTPIN_LOCS, which will prevent the partial routing of the signal "mem_rdata[14]". Without this partial route, timing analysis to/from this port will not be accurate, and no routing information for this port can be exported.
WARNING: [Route 35-198] Port "mem_rdata[12]" does not have an associated HD.PARTPIN_LOCS, which will prevent the partial routing of the signal "mem_rdata[12]". Without this partial route, timing analysis to/from this port will not be accurate, and no routing information for this port can be exported.
WARNING: [Route 35-198] Port "mem_rdata[24]" does not have an associated HD.PARTPIN_LOCS, which will prevent the partial routing of the signal "mem_rdata[24]". Without this partial route, timing analysis to/from this port will not be accurate, and no routing information for this port can be exported.
WARNING: [Route 35-198] Port "mem_rdata[26]" does not have an associated HD.PARTPIN_LOCS, which will prevent the partial routing of the signal "mem_rdata[26]". Without this partial route, timing analysis to/from this port will not be accurate, and no routing information for this port can be exported.
WARNING: [Route 35-198] Port "mem_rdata[9]" does not have an associated HD.PARTPIN_LOCS, which will prevent the partial routing of the signal "mem_rdata[9]". Without this partial route, timing analysis to/from this port will not be accurate, and no routing information for this port can be exported.
WARNING: [Route 35-198] Port "mem_rdata[22]" does not have an associated HD.PARTPIN_LOCS, which will prevent the partial routing of the signal "mem_rdata[22]". Without this partial route, timing analysis to/from this port will not be accurate, and no routing information for this port can be exported.
WARNING: [Route 35-198] Port "mem_rdata[7]" does not have an associated HD.PARTPIN_LOCS, which will prevent the partial routing of the signal "mem_rdata[7]". Without this partial route, timing analysis to/from this port will not be accurate, and no routing information for this port can be exported.
WARNING: [Route 35-198] Port "mem_rdata[11]" does not have an associated HD.PARTPIN_LOCS, which will prevent the partial routing of the signal "mem_rdata[11]". Without this partial route, timing analysis to/from this port will not be accurate, and no routing information for this port can be exported.
WARNING: [Route 35-198] Port "mem_rdata[20]" does not have an associated HD.PARTPIN_LOCS, which will prevent the partial routing of the signal "mem_rdata[20]". Without this partial route, timing analysis to/from this port will not be accurate, and no routing information for this port can be exported.
WARNING: [Route 35-198] Port "mem_rdata[21]" does not have an associated HD.PARTPIN_LOCS, which will prevent the partial routing of the signal "mem_rdata[21]". Without this partial route, timing analysis to/from this port will not be accurate, and no routing information for this port can be exported.
WARNING: [Route 35-198] Port "mem_rdata[23]" does not have an associated HD.PARTPIN_LOCS, which will prevent the partial routing of the signal "mem_rdata[23]". Without this partial route, timing analysis to/from this port will not be accurate, and no routing information for this port can be exported.
WARNING: [Route 35-198] Port "mem_rdata[10]" does not have an associated HD.PARTPIN_LOCS, which will prevent the partial routing of the signal "mem_rdata[10]". Without this partial route, timing analysis to/from this port will not be accurate, and no routing information for this port can be exported.
WARNING: [Route 35-198] Port "mem_rdata[8]" does not have an associated HD.PARTPIN_LOCS, which will prevent the partial routing of the signal "mem_rdata[8]". Without this partial route, timing analysis to/from this port will not be accurate, and no routing information for this port can be exported.
WARNING: [Constraints 18-8777] Unable to split tiles. All required files are not available.
Post Restoration Checksum: NetGraph: aebd3a96 | NumContArr: f3d0d9a4 | Constraints: c2a8fa9d | Timing: c2a8fa9d
Phase 1 Build RT Design | Checksum: 327e00974

Time (s): cpu = 00:00:26 ; elapsed = 00:00:26 . Memory (MB): peak = 2165.992 ; gain = 0.000

Phase 2 Router Initialization

Phase 2.1 Fix Topology Constraints
Phase 2.1 Fix Topology Constraints | Checksum: 327e00974

Time (s): cpu = 00:00:26 ; elapsed = 00:00:26 . Memory (MB): peak = 2165.992 ; gain = 0.000

Phase 2.2 Pre Route Cleanup
Phase 2.2 Pre Route Cleanup | Checksum: 327e00974

Time (s): cpu = 00:00:26 ; elapsed = 00:00:26 . Memory (MB): peak = 2165.992 ; gain = 0.000
 Number of Nodes with overlaps = 0

Phase 2.3 Update Timing
Phase 2.3 Update Timing | Checksum: 1a810611e

Time (s): cpu = 00:00:27 ; elapsed = 00:00:27 . Memory (MB): peak = 2165.992 ; gain = 0.000
INFO: [Route 35-416] Intermediate Timing Summary | WNS=-0.087 | TNS=-0.302 | WHS=-0.178 | THS=-16.425|


Phase 2.4 Soft Constraint Pins - Fast Budgeting
Phase 2.4 Soft Constraint Pins - Fast Budgeting | Checksum: 16d2cf4bc

Time (s): cpu = 00:00:27 ; elapsed = 00:00:27 . Memory (MB): peak = 2165.992 ; gain = 0.000

Router Utilization Summary
  Global Vertical Routing Utilization    = 0 %
  Global Horizontal Routing Utilization  = 0 %
  Routable Net Status*
  *Does not include unroutable nets such as driverless and loadless.
  Run report_route_status for detailed report.
  Number of Failed Nets               = 1238
    (Failed Nets is the sum of unrouted and partially routed nets)
  Number of Unrouted Nets             = 1238
  Number of Partially Routed Nets     = 0
  Number of Node Overlaps             = 0

Phase 2 Router Initialization | Checksum: 1cec053c3

Time (s): cpu = 00:00:28 ; elapsed = 00:00:27 . Memory (MB): peak = 2165.992 ; gain = 0.000

Phase 3 Global Routing
Phase 3 Global Routing | Checksum: 1cec053c3

Time (s): cpu = 00:00:28 ; elapsed = 00:00:27 . Memory (MB): peak = 2165.992 ; gain = 0.000

Phase 4 Initial Routing

Phase 4.1 Initial Net Routing Pass
Phase 4.1 Initial Net Routing Pass | Checksum: 294575bf6

Time (s): cpu = 00:00:28 ; elapsed = 00:00:27 . Memory (MB): peak = 2165.992 ; gain = 0.000
Phase 4 Initial Routing | Checksum: 294575bf6

Time (s): cpu = 00:00:28 ; elapsed = 00:00:27 . Memory (MB): peak = 2165.992 ; gain = 0.000
INFO: [Route 35-580] Design has 25 pins with tight setup and hold constraints.

The top 5 pins with tight setup and hold constraints:

+====================+===================+=============================+
| Launch Setup Clock | Launch Hold Clock | Pin                         |
+====================+===================+=============================+
| sys_clk            | sys_clk           | picorv32/reg_op2_reg[15]/D  |
| sys_clk            | sys_clk           | picorv32/reg_op2_reg[0]/D   |
| sys_clk            | sys_clk           | picorv32/mem_do_rinst_reg/D |
| sys_clk            | sys_clk           | picorv32/reg_sh_reg[3]/D    |
| sys_clk            | sys_clk           | picorv32/reg_sh_reg[4]/D    |
+--------------------+-------------------+-----------------------------+

File with complete list of pins: tight_setup_hold_pins.txt


Phase 5 Rip-up And Reroute

Phase 5.1 Global Iteration 0
 Number of Nodes with overlaps = 543
 Number of Nodes with overlaps = 211
 Number of Nodes with overlaps = 131
 Number of Nodes with overlaps = 22
 Number of Nodes with overlaps = 15
 Number of Nodes with overlaps = 21
 Number of Nodes with overlaps = 9
 Number of Nodes with overlaps = 6
 Number of Nodes with overlaps = 7
 Number of Nodes with overlaps = 2
 Number of Nodes with overlaps = 2
 Number of Nodes with overlaps = 0
INFO: [Route 35-416] Intermediate Timing Summary | WNS=-0.666 | TNS=-31.212| WHS=N/A    | THS=N/A    |

Phase 5.1 Global Iteration 0 | Checksum: 245ec00b7

Time (s): cpu = 00:00:35 ; elapsed = 00:00:33 . Memory (MB): peak = 2165.992 ; gain = 0.000

Phase 5.2 Global Iteration 1
 Number of Nodes with overlaps = 118
 Number of Nodes with overlaps = 51
 Number of Nodes with overlaps = 31
 Number of Nodes with overlaps = 25
 Number of Nodes with overlaps = 23
 Number of Nodes with overlaps = 7
 Number of Nodes with overlaps = 4
 Number of Nodes with overlaps = 4
 Number of Nodes with overlaps = 1
 Number of Nodes with overlaps = 1
 Number of Nodes with overlaps = 1
 Number of Nodes with overlaps = 0
INFO: [Route 35-416] Intermediate Timing Summary | WNS=-0.287 | TNS=-8.613 | WHS=N/A    | THS=N/A    |

Phase 5.2 Global Iteration 1 | Checksum: 1c53b5dba

Time (s): cpu = 00:00:39 ; elapsed = 00:00:37 . Memory (MB): peak = 2165.992 ; gain = 0.000

Phase 5.3 Global Iteration 2
 Number of Nodes with overlaps = 101
 Number of Nodes with overlaps = 42
 Number of Nodes with overlaps = 36
 Number of Nodes with overlaps = 33
 Number of Nodes with overlaps = 24
 Number of Nodes with overlaps = 19
 Number of Nodes with overlaps = 18
 Number of Nodes with overlaps = 12
 Number of Nodes with overlaps = 7
 Number of Nodes with overlaps = 3
 Number of Nodes with overlaps = 4
 Number of Nodes with overlaps = 3
 Number of Nodes with overlaps = 3
 Number of Nodes with overlaps = 3
 Number of Nodes with overlaps = 1
 Number of Nodes with overlaps = 1
 Number of Nodes with overlaps = 0
INFO: [Route 35-416] Intermediate Timing Summary | WNS=-0.190 | TNS=-4.240 | WHS=N/A    | THS=N/A    |

Phase 5.3 Global Iteration 2 | Checksum: 149552bcd

Time (s): cpu = 00:00:43 ; elapsed = 00:00:41 . Memory (MB): peak = 2165.992 ; gain = 0.000

Phase 5.4 Global Iteration 3
 Number of Nodes with overlaps = 56
 Number of Nodes with overlaps = 54
 Number of Nodes with overlaps = 44
 Number of Nodes with overlaps = 17
 Number of Nodes with overlaps = 12
 Number of Nodes with overlaps = 9
 Number of Nodes with overlaps = 5
 Number of Nodes with overlaps = 2
 Number of Nodes with overlaps = 1
 Number of Nodes with overlaps = 0
INFO: [Route 35-416] Intermediate Timing Summary | WNS=-0.332 | TNS=-3.729 | WHS=N/A    | THS=N/A    |

Phase 5.4 Global Iteration 3 | Checksum: 2c055f1f0

Time (s): cpu = 00:00:47 ; elapsed = 00:00:44 . Memory (MB): peak = 2165.992 ; gain = 0.000
Phase 5 Rip-up And Reroute | Checksum: 2c055f1f0

Time (s): cpu = 00:00:47 ; elapsed = 00:00:44 . Memory (MB): peak = 2165.992 ; gain = 0.000

Phase 6 Delay and Skew Optimization

Phase 6.1 Delay CleanUp

Phase 6.1.1 Update Timing
Phase 6.1.1 Update Timing | Checksum: 2f5870224

Time (s): cpu = 00:00:47 ; elapsed = 00:00:44 . Memory (MB): peak = 2165.992 ; gain = 0.000
INFO: [Route 35-416] Intermediate Timing Summary | WNS=-0.176 | TNS=-3.459 | WHS=N/A    | THS=N/A    |

 Number of Nodes with overlaps = 0
Phase 6.1 Delay CleanUp | Checksum: 1d1fc01f5

Time (s): cpu = 00:00:47 ; elapsed = 00:00:44 . Memory (MB): peak = 2165.992 ; gain = 0.000

Phase 6.2 Clock Skew Optimization
Phase 6.2 Clock Skew Optimization | Checksum: 1d1fc01f5

Time (s): cpu = 00:00:47 ; elapsed = 00:00:44 . Memory (MB): peak = 2165.992 ; gain = 0.000
Phase 6 Delay and Skew Optimization | Checksum: 1d1fc01f5

Time (s): cpu = 00:00:47 ; elapsed = 00:00:44 . Memory (MB): peak = 2165.992 ; gain = 0.000

Phase 7 Post Hold Fix

Phase 7.1 Hold Fix Iter
INFO: [Route 35-416] Intermediate Timing Summary | WNS=-0.152 | TNS=-2.744 | WHS=0.063  | THS=0.000  |

Phase 7.1 Hold Fix Iter | Checksum: 15d6b801c

Time (s): cpu = 00:00:47 ; elapsed = 00:00:44 . Memory (MB): peak = 2165.992 ; gain = 0.000
Phase 7 Post Hold Fix | Checksum: 15d6b801c

Time (s): cpu = 00:00:47 ; elapsed = 00:00:44 . Memory (MB): peak = 2165.992 ; gain = 0.000

Phase 8 Route finalize

Router Utilization Summary
  Global Vertical Routing Utilization    = 0.389458 %
  Global Horizontal Routing Utilization  = 0.566092 %
  Routable Net Status*
  *Does not include unroutable nets such as driverless and loadless.
  Run report_route_status for detailed report.
  Number of Failed Nets               = 0
    (Failed Nets is the sum of unrouted and partially routed nets)
  Number of Unrouted Nets             = 0
  Number of Partially Routed Nets     = 0
  Number of Node Overlaps             = 0


--GLOBAL Congestion:
Utilization threshold used for congestion level computation: 0.85
Congestion Report
North Dir 1x1 Area, Max Cong = 52.2523%, No Congested Regions.
South Dir 1x1 Area, Max Cong = 44.1441%, No Congested Regions.
East Dir 1x1 Area, Max Cong = 44.1176%, No Congested Regions.
West Dir 1x1 Area, Max Cong = 77.9412%, No Congested Regions.

------------------------------
Reporting congestion hotspots
------------------------------
Direction: North
----------------
Congested clusters found at Level 0
Effective congestion level: 0 Aspect Ratio: 1 Sparse Ratio: 0
Direction: South
----------------
Congested clusters found at Level 0
Effective congestion level: 0 Aspect Ratio: 1 Sparse Ratio: 0
Direction: East
----------------
Congested clusters found at Level 0
Effective congestion level: 0 Aspect Ratio: 1 Sparse Ratio: 0
Direction: West
----------------
Congested clusters found at Level 0
Effective congestion level: 0 Aspect Ratio: 1 Sparse Ratio: 0

Phase 8 Route finalize | Checksum: 15d6b801c

Time (s): cpu = 00:00:47 ; elapsed = 00:00:44 . Memory (MB): peak = 2165.992 ; gain = 0.000

Phase 9 Verifying routed nets

 Verification completed successfully
Phase 9 Verifying routed nets | Checksum: 15d6b801c

Time (s): cpu = 00:00:47 ; elapsed = 00:00:44 . Memory (MB): peak = 2165.992 ; gain = 0.000

Phase 10 Depositing Routes
Phase 10 Depositing Routes | Checksum: 1a5d3fde3

Time (s): cpu = 00:00:47 ; elapsed = 00:00:44 . Memory (MB): peak = 2165.992 ; gain = 0.000

Phase 11 Post Process Routing
Phase 11 Post Process Routing | Checksum: 1a5d3fde3

Time (s): cpu = 00:00:47 ; elapsed = 00:00:44 . Memory (MB): peak = 2165.992 ; gain = 0.000

Phase 12 Post Router Timing
INFO: [Route 35-57] Estimated Timing Summary | WNS=-0.152 | TNS=-2.744 | WHS=0.063  | THS=0.000  |

WARNING: [Route 35-328] Router estimated timing not met.
Resolution: For a complete and accurate timing signoff, report_timing_summary must be run after route_design. Alternatively, route_design can be run with the -timing_summary option to enable a complete timing signoff at the end of route_design.
Phase 12 Post Router Timing | Checksum: 1a5d3fde3

Time (s): cpu = 00:00:47 ; elapsed = 00:00:44 . Memory (MB): peak = 2165.992 ; gain = 0.000
Total Elapsed time in route_design: 44.474 secs

Phase 13 Post-Route Event Processing
Phase 13 Post-Route Event Processing | Checksum: e88dd302

Time (s): cpu = 00:00:47 ; elapsed = 00:00:44 . Memory (MB): peak = 2165.992 ; gain = 0.000
INFO: [Route 35-16] Router Completed Successfully
Ending Routing Task | Checksum: e88dd302

Time (s): cpu = 00:00:47 ; elapsed = 00:00:44 . Memory (MB): peak = 2165.992 ; gain = 0.000

Routing Is Done.
INFO: [Common 17-83] Releasing license: Vivado_Implementation
13 Infos, 36 Warnings, 0 Critical Warnings and 0 Errors encountered.
route_design completed successfully
route_design: Time (s): cpu = 00:00:47 ; elapsed = 00:00:45 . Memory (MB): peak = 2165.992 ; gain = 0.000
# write_checkpoint -force [file join $run_dir post_route.dcp]
INFO: [Timing 38-480] Writing timing data to binary archive.
Wrote PlaceDB: Time (s): cpu = 00:00:00 ; elapsed = 00:00:00 . Memory (MB): peak = 2165.992 ; gain = 0.000
Wrote PulsedLatchDB: Time (s): cpu = 00:00:00 ; elapsed = 00:00:00 . Memory (MB): peak = 2165.992 ; gain = 0.000
Write ShapeDB Complete: Time (s): cpu = 00:00:00 ; elapsed = 00:00:00.006 . Memory (MB): peak = 2165.992 ; gain = 0.000
Writing XDEF routing.
Writing XDEF routing logical nets.
Writing XDEF routing special nets.
Wrote RouteStorage: Time (s): cpu = 00:00:00 ; elapsed = 00:00:00.035 . Memory (MB): peak = 2165.992 ; gain = 0.000
Wrote PlaceStorage: Time (s): cpu = 00:00:00 ; elapsed = 00:00:00.039 . Memory (MB): peak = 2165.992 ; gain = 0.000
Wrote Netlist Cache: Time (s): cpu = 00:00:00 ; elapsed = 00:00:00.002 . Memory (MB): peak = 2165.992 ; gain = 0.000
Wrote Device Cache: Time (s): cpu = 00:00:00 ; elapsed = 00:00:00.006 . Memory (MB): peak = 2165.992 ; gain = 0.000
Write Physdb Complete: Time (s): cpu = 00:00:00 ; elapsed = 00:00:00.097 . Memory (MB): peak = 2165.992 ; gain = 0.000
INFO: [Common 17-1381] The checkpoint 'E:/Projects/FPGA-Alittle-Design/build/run/fmax/pico_regular_5.1ns/post_route.dcp' has been generated.
# report_utilization       -file [file join $rep_dir utilization_impl.rpt]
# report_timing_summary    -file [file join $rep_dir timing_impl.rpt] -delay_type max
INFO: [Timing 38-91] UpdateTimingParams: Speed grade: -1, Delay Type: max.
INFO: [Timing 38-191] Multithreading enabled for timing update using a maximum of 2 CPUs
# report_design_analysis   -file [file join $rep_dir design_analysis_impl.rpt]
# report_timing -delay_type max -max_paths 10 -sort_by group \
#     -file [file join $rep_dir timing_worst_paths.rpt]
INFO: [Timing 38-78] ReportTimingParams: -max_paths 10 -nworst 1 -delay_type max -sort_by group.
# set wns  [get_property SLACK [get_timing_paths -delay_type max -max_paths 1]]
# set fmax [expr {1000.0 / ($period - $wns)}]
# puts "============================================"
============================================
# puts "FMAX RUN DONE: $top @ $part period=${period}ns"
FMAX RUN DONE: top_regular @ xc7z020clg400-1 period=5.100ns
# puts "WNS  = ${wns} ns"
WNS  = -0.118 ns
# puts "Fmax = [format %.1f $fmax] MHz"
Fmax = 191.6 MHz
# puts "reports -> $rep_dir"
reports -> E:/Projects/FPGA-Alittle-Design/build/reports/fmax/pico_regular_5.1ns
# puts "============================================"
============================================
INFO: [Common 17-206] Exiting Vivado at Sat Oct  3 17:09:05 2026...
