158 INFO: PyInstaller: 6.16.0, contrib hooks: 2026.8
159 INFO: Python: 3.13.5
191 INFO: Platform: Windows-11-10.0.26200-SP0
191 INFO: Python environment: C:\Users\涛\AppData\Local\Programs\Python\Python313
193 INFO: wrote sim/build/vision-client\vision_preview.spec
196 INFO: Module search paths (PYTHONPATH):
['D:\\Desktop\\contests\\2026fpga\\FPGA-Alittle-Design\\sim\\build\\exe-wt',
 'D:\\Desktop\\contests\\2026fpga\\FPGA-Alittle-Design\\sim\\build\\exe-wt\\sim\\build\\vision-client-deps',
 'D:\\Desktop\\contests\\2026fpga\\FPGA-Alittle-Design\\sim\\build\\exe-wt',
 'C:\\Users\\涛\\AppData\\Local\\Programs\\Python\\Python313\\python313.zip',
 'C:\\Users\\涛\\AppData\\Local\\Programs\\Python\\Python313\\DLLs',
 'C:\\Users\\涛\\AppData\\Local\\Programs\\Python\\Python313\\Lib',
 'C:\\Users\\涛\\AppData\\Local\\Programs\\Python\\Python313',
 'C:\\Users\\涛\\AppData\\Roaming\\Python\\Python313\\site-packages',
 'C:\\Users\\涛\\AppData\\Local\\Programs\\Python\\Python313\\Lib\\site-packages',
 'D:\\Desktop\\contests\\2026fpga\\FPGA-Alittle-Design\\sim\\build\\exe-wt\\src\\vision_client',
 'D:\\Desktop\\contests\\2026fpga\\FPGA-Alittle-Design\\sim\\build\\exe-wt\\src\\pynq_host']
449 INFO: Appending 'datas' from .spec
450 INFO: checking Analysis
457 INFO: Building because _input_datas changed
457 INFO: Looking for Python shared library...
457 INFO: Using Python shared library: C:\Users\涛\AppData\Local\Programs\Python\Python313\python313.dll
457 INFO: Running Analysis Analysis-00.toc
457 INFO: Target bytecode optimization level: 0
457 INFO: Initializing module dependency graph...
459 INFO: Initializing module graph hook caches...
479 INFO: Analyzing modules for base_library.zip ...
1117 INFO: Processing standard module hook 'hook-encodings.py' from 'D:\\Desktop\\contests\\2026fpga\\FPGA-Alittle-Design\\sim\\build\\exe-wt\\sim\\build\\vision-client-deps\\PyInstaller\\hooks'
2513 INFO: Processing standard module hook 'hook-pickle.py' from 'D:\\Desktop\\contests\\2026fpga\\FPGA-Alittle-Design\\sim\\build\\exe-wt\\sim\\build\\vision-client-deps\\PyInstaller\\hooks'
3171 INFO: Processing standard module hook 'hook-heapq.py' from 'D:\\Desktop\\contests\\2026fpga\\FPGA-Alittle-Design\\sim\\build\\exe-wt\\sim\\build\\vision-client-deps\\PyInstaller\\hooks'
3513 INFO: Caching module dependency graph...
3535 INFO: Analyzing D:\Desktop\contests\2026fpga\FPGA-Alittle-Design\sim\build\exe-wt\src\vision_client\preview.py
3771 INFO: Processing standard module hook 'hook-cv2.py' from 'D:\\Desktop\\contests\\2026fpga\\FPGA-Alittle-Design\\sim\\build\\exe-wt\\sim\\build\\vision-client-deps\\_pyinstaller_hooks_contrib\\stdhooks'
4109 INFO: Processing standard module hook 'hook-numpy.py' from 'D:\\Desktop\\contests\\2026fpga\\FPGA-Alittle-Design\\sim\\build\\exe-wt\\sim\\build\\vision-client-deps\\PyInstaller\\hooks'
4373 INFO: Processing standard module hook 'hook-platform.py' from 'D:\\Desktop\\contests\\2026fpga\\FPGA-Alittle-Design\\sim\\build\\exe-wt\\sim\\build\\vision-client-deps\\PyInstaller\\hooks'
4390 INFO: Processing standard module hook 'hook-_ctypes.py' from 'D:\\Desktop\\contests\\2026fpga\\FPGA-Alittle-Design\\sim\\build\\exe-wt\\sim\\build\\vision-client-deps\\PyInstaller\\hooks'
4535 INFO: Processing standard module hook 'hook-sysconfig.py' from 'D:\\Desktop\\contests\\2026fpga\\FPGA-Alittle-Design\\sim\\build\\exe-wt\\sim\\build\\vision-client-deps\\PyInstaller\\hooks'
5024 INFO: Processing standard module hook 'hook-difflib.py' from 'D:\\Desktop\\contests\\2026fpga\\FPGA-Alittle-Design\\sim\\build\\exe-wt\\sim\\build\\vision-client-deps\\PyInstaller\\hooks'
5203 INFO: Processing standard module hook 'hook-multiprocessing.util.py' from 'D:\\Desktop\\contests\\2026fpga\\FPGA-Alittle-Design\\sim\\build\\exe-wt\\sim\\build\\vision-client-deps\\PyInstaller\\hooks'
5264 INFO: Processing standard module hook 'hook-xml.py' from 'D:\\Desktop\\contests\\2026fpga\\FPGA-Alittle-Design\\sim\\build\\exe-wt\\sim\\build\\vision-client-deps\\PyInstaller\\hooks'
6186 INFO: Processing pre-safe-import-module hook 'hook-typing_extensions.py' from 'D:\\Desktop\\contests\\2026fpga\\FPGA-Alittle-Design\\sim\\build\\exe-wt\\sim\\build\\vision-client-deps\\PyInstaller\\hooks\\pre_safe_import_module'
6189 INFO: SetuptoolsInfo: initializing cached setuptools info...
7309 INFO: Processing standard module hook 'hook-PIL.py' from 'D:\\Desktop\\contests\\2026fpga\\FPGA-Alittle-Design\\sim\\build\\exe-wt\\sim\\build\\vision-client-deps\\PyInstaller\\hooks'
7382 INFO: Processing standard module hook 'hook-PIL.Image.py' from 'D:\\Desktop\\contests\\2026fpga\\FPGA-Alittle-Design\\sim\\build\\exe-wt\\sim\\build\\vision-client-deps\\PyInstaller\\hooks'
7658 INFO: Processing standard module hook 'hook-xml.etree.cElementTree.py' from 'D:\\Desktop\\contests\\2026fpga\\FPGA-Alittle-Design\\sim\\build\\exe-wt\\sim\\build\\vision-client-deps\\PyInstaller\\hooks'
7791 INFO: Processing standard module hook 'hook-PIL.ImageFilter.py' from 'D:\\Desktop\\contests\\2026fpga\\FPGA-Alittle-Design\\sim\\build\\exe-wt\\sim\\build\\vision-client-deps\\PyInstaller\\hooks'
8027 INFO: Processing module hooks (post-graph stage)...
8270 INFO: Processing standard module hook 'hook-PIL.SpiderImagePlugin.py' from 'D:\\Desktop\\contests\\2026fpga\\FPGA-Alittle-Design\\sim\\build\\exe-wt\\sim\\build\\vision-client-deps\\PyInstaller\\hooks'
8341 INFO: Performing binary vs. data reclassification (13 entries)
8350 INFO: Looking for ctypes DLLs
8370 INFO: Analyzing run-time hooks ...
8372 INFO: Including run-time hook 'pyi_rth_inspect.py' from 'D:\\Desktop\\contests\\2026fpga\\FPGA-Alittle-Design\\sim\\build\\exe-wt\\sim\\build\\vision-client-deps\\PyInstaller\\hooks\\rthooks'
8374 INFO: Including run-time hook 'pyi_rth_pkgutil.py' from 'D:\\Desktop\\contests\\2026fpga\\FPGA-Alittle-Design\\sim\\build\\exe-wt\\sim\\build\\vision-client-deps\\PyInstaller\\hooks\\rthooks'
8376 INFO: Including run-time hook 'pyi_rth_multiprocessing.py' from 'D:\\Desktop\\contests\\2026fpga\\FPGA-Alittle-Design\\sim\\build\\exe-wt\\sim\\build\\vision-client-deps\\PyInstaller\\hooks\\rthooks'
8384 INFO: Creating base_library.zip...
8398 INFO: Looking for dynamic libraries
8721 INFO: Extra DLL search directories (AddDllDirectory): ['D:\\Desktop\\contests\\2026fpga\\FPGA-Alittle-Design\\sim\\build\\exe-wt\\sim\\build\\vision-client-deps\\numpy.libs', 'D:\\Desktop\\contests\\2026fpga\\FPGA-Alittle-Design\\sim\\build\\exe-wt\\sim\\build\\vision-client-deps\\cv2\\../../x64/vc17/bin']
8721 INFO: Extra DLL search directories (PATH): ['D:\\Desktop\\contests\\2026fpga\\FPGA-Alittle-Design\\sim\\build\\exe-wt\\sim\\build\\vision-client-deps\\cv2\\../../x64/vc17/bin']
9170 INFO: Warnings written to D:\Desktop\contests\2026fpga\FPGA-Alittle-Design\sim\build\exe-wt\sim\build\vision-client\build\vision_preview\warn-vision_preview.txt
9196 INFO: Graph cross-reference written to D:\Desktop\contests\2026fpga\FPGA-Alittle-Design\sim\build\exe-wt\sim\build\vision-client\build\vision_preview\xref-vision_preview.html
9220 INFO: checking PYZ
9224 INFO: Building because D:\Desktop\contests\2026fpga\FPGA-Alittle-Design\sim\build\exe-wt\src\vision_client\hud_text.py changed
9224 INFO: Building PYZ (ZlibArchive) D:\Desktop\contests\2026fpga\FPGA-Alittle-Design\sim\build\exe-wt\sim\build\vision-client\build\vision_preview\PYZ-00.pyz
9633 INFO: Building PYZ (ZlibArchive) D:\Desktop\contests\2026fpga\FPGA-Alittle-Design\sim\build\exe-wt\sim\build\vision-client\build\vision_preview\PYZ-00.pyz completed successfully.
9650 INFO: checking PKG
9651 INFO: Building because D:\Desktop\contests\2026fpga\FPGA-Alittle-Design\sim\build\exe-wt\sim\build\vision-client\build\vision_preview\PYZ-00.pyz changed
9651 INFO: Building PKG (CArchive) vision_preview.pkg
9672 INFO: Building PKG (CArchive) vision_preview.pkg completed successfully.
9673 INFO: Bootloader D:\Desktop\contests\2026fpga\FPGA-Alittle-Design\sim\build\exe-wt\sim\build\vision-client-deps\PyInstaller\bootloader\Windows-64bit-intel\run.exe
9673 INFO: checking EXE
9675 INFO: Rebuilding EXE-00.toc because pkg is more recent
9675 INFO: Building EXE from EXE-00.toc
9676 INFO: Copying bootloader EXE to D:\Desktop\contests\2026fpga\FPGA-Alittle-Design\sim\build\exe-wt\sim\build\vision-client\build\vision_preview\vision_preview.exe
9685 INFO: Copying icon to EXE
9691 INFO: Copying 0 resources to EXE
9692 INFO: Embedding manifest in EXE
9698 INFO: Appending PKG archive to EXE
9705 INFO: Fixing EXE headers
9754 INFO: Building EXE from EXE-00.toc completed successfully.
9756 INFO: checking COLLECT
9758 INFO: Removing dir D:\Desktop\contests\2026fpga\FPGA-Alittle-Design\sim\build\exe-wt\sim\build\vision-client\dist\vision_preview
9853 INFO: Building COLLECT COLLECT-00.toc
10110 INFO: Building COLLECT COLLECT-00.toc completed successfully.
10112 INFO: Build complete! The results are available in: D:\Desktop\contests\2026fpga\FPGA-Alittle-Design\sim\build\exe-wt\sim\build\vision-client\dist
PASS: preview mock renderer packaged runtime
PASS: packaged EXE HTTP mock preview + unreachable route rejects, no UVC/board access
PASS: Windows M2 preview EXE build + packaged renderer test
