Copyright 1986-2022 Xilinx, Inc. All Rights Reserved. Copyright 2022-2026 Advanced Micro Devices, Inc. All Rights Reserved.
-------------------------------------------------------------------------------------------------------------------------------------------------------------
| Tool Version : Vivado v.2026.1 (win64) Build 6511674 Tue Jun 16 11:02:23 MDT 2026
| Date         : Tue Oct  6 22:18:02 2026
| Host         : Walter-Cooper running 64-bit major release  (build 9200)
| Command      : report_timing_summary -file D:/Desktop/contests/2026fpga/FPGA-Alittle-Design/build/reports/fmax/v1_fwd_10ns/timing_impl.rpt -delay_type max
| Design       : core_top
| Device       : 7z020-clg400
| Speed File   : -1  PRODUCTION 1.12 2019-11-22
| Design State : Routed
-------------------------------------------------------------------------------------------------------------------------------------------------------------

Timing Summary Report

------------------------------------------------------------------------------------------------
| Timer Settings
| --------------
------------------------------------------------------------------------------------------------

  Enable Multi Corner Analysis               :  Yes
  Enable Pessimism Removal                   :  Yes
  Pessimism Removal Resolution               :  Nearest Common Node
  Enable Input Delay Default Clock           :  No
  Enable Preset / Clear Arcs                 :  No
  Disable Flight Delays                      :  No
  Ignore I/O Paths                           :  No
  Timing Early Launch at Borrowing Latches   :  No
  Borrow Time for Max Delay Exceptions       :  Yes
  Merge Timing Exceptions                    :  Yes
  Inter-SLR Compensation                     :  Conservative

  Corner  Analyze    Analyze    
  Name    Max Paths  Min Paths  
  ------  ---------  ---------  
  Slow    Yes        Yes        
  Fast    Yes        Yes        


------------------------------------------------------------------------------------------------
| Report Methodology
| ------------------
------------------------------------------------------------------------------------------------

No report available as report_methodology has not been run prior. Run report_methodology on the current design for the summary of methodology violations.



check_timing report

Table of Contents
-----------------
1. checking no_clock (0)
2. checking constant_clock (0)
3. checking pulse_width_clock (0)
4. checking unconstrained_internal_endpoints (0)
5. checking no_input_delay (65)
6. checking no_output_delay (101)
7. checking multiple_clock (0)
8. checking generated_clocks (0)
9. checking loops (0)
10. checking partial_input_delay (0)
11. checking partial_output_delay (0)
12. checking latch_loops (0)

1. checking no_clock (0)
------------------------
 There are 0 register/latch pins with no clock.


2. checking constant_clock (0)
------------------------------
 There are 0 register/latch pins with constant_clock.


3. checking pulse_width_clock (0)
---------------------------------
 There are 0 register/latch pins which need pulse_width check


4. checking unconstrained_internal_endpoints (0)
------------------------------------------------
 There are 0 pins that are not constrained for maximum delay.

 There are 0 pins that are not constrained for maximum delay due to constant clock.


5. checking no_input_delay (65)
-------------------------------
 There are 65 input ports with no input delay specified. (HIGH)

 There are 0 input ports with no input delay but user has a false path constraint.


6. checking no_output_delay (101)
---------------------------------
 There are 101 ports with no output delay specified. (HIGH)

 There are 0 ports with no output delay but user has a false path constraint

 There are 0 ports with no output delay but with a timing clock defined on it or propagating through it


7. checking multiple_clock (0)
------------------------------
 There are 0 register/latch pins with multiple clocks.


8. checking generated_clocks (0)
--------------------------------
 There are 0 generated clocks that are not connected to a clock source.


9. checking loops (0)
---------------------
 There are 0 combinational loops in the design.


10. checking partial_input_delay (0)
------------------------------------
 There are 0 input ports with partial input delay specified.


11. checking partial_output_delay (0)
-------------------------------------
 There are 0 ports with partial output delay specified.


12. checking latch_loops (0)
----------------------------
 There are 0 combinational latch loops in the design through latch input



------------------------------------------------------------------------------------------------
| Design Timing Summary
| ---------------------
------------------------------------------------------------------------------------------------

    WNS(ns)      TNS(ns)  TNS Failing Endpoints  TNS Total Endpoints     WPWS(ns)     TPWS(ns)  TPWS Failing Endpoints  TPWS Total Endpoints  
    -------      -------  ---------------------  -------------------     --------     --------  ----------------------  --------------------  
     -0.383       -9.582                     57                 1500        3.750        0.000                       0                   596  


Timing constraints are not met.


------------------------------------------------------------------------------------------------
| Clock Summary
| -------------
------------------------------------------------------------------------------------------------

Clock    Waveform(ns)       Period(ns)      Frequency(MHz)
-----    ------------       ----------      --------------
sys_clk  {0.000 5.000}      10.000          100.000         


------------------------------------------------------------------------------------------------
| Intra Clock Table
| -----------------
------------------------------------------------------------------------------------------------

Clock             WNS(ns)      TNS(ns)  TNS Failing Endpoints  TNS Total Endpoints     WPWS(ns)     TPWS(ns)  TPWS Failing Endpoints  TPWS Total Endpoints  
-----             -------      -------  ---------------------  -------------------     --------     --------  ----------------------  --------------------  
sys_clk            -0.383       -9.582                     57                 1500        3.750        0.000                       0                   596  


------------------------------------------------------------------------------------------------
| Inter Clock Table
| -----------------
------------------------------------------------------------------------------------------------

From Clock    To Clock          WNS(ns)      TNS(ns)  TNS Failing Endpoints  TNS Total Endpoints  
----------    --------          -------      -------  ---------------------  -------------------  


------------------------------------------------------------------------------------------------
| Other Path Groups Table
| -----------------------
------------------------------------------------------------------------------------------------

Path Group    From Clock    To Clock          WNS(ns)      TNS(ns)  TNS Failing Endpoints  TNS Total Endpoints  
----------    ----------    --------          -------      -------  ---------------------  -------------------  


------------------------------------------------------------------------------------------------
| Timing Details
| --------------
------------------------------------------------------------------------------------------------


---------------------------------------------------------------------------------------------------
From Clock:  sys_clk
  To Clock:  sys_clk

Setup :           57  Failing Endpoints,  Worst Slack       -0.383ns,  Total Violation       -9.582ns
Hold  :           NA  Failing Endpoints,  Worst Slack           NA  ,  Total Violation           NA
PW    :            0  Failing Endpoints,  Worst Slack        3.750ns,  Total Violation        0.000ns
---------------------------------------------------------------------------------------------------


Max Delay Paths
--------------------------------------------------------------------------------------
Slack (VIOLATED) :        -0.383ns  (required time - arrival time)
  Source:                 u_if_stage/stall_q_reg/C
                            (rising edge-triggered cell FDCE clocked by sys_clk  {rise@0.000ns fall@5.000ns period=10.000ns})
  Destination:            u_pc/pc_reg[3]/D
                            (rising edge-triggered cell FDCE clocked by sys_clk  {rise@0.000ns fall@5.000ns period=10.000ns})
  Path Group:             sys_clk
  Path Type:              Setup (Max at Slow Process Corner)
  Requirement:            10.000ns  (sys_clk rise@10.000ns - sys_clk rise@0.000ns)
  Data Path Delay:        10.316ns  (logic 2.646ns (25.648%)  route 7.670ns (74.352%))
  Logic Levels:           13  (CARRY4=3 LUT2=1 LUT4=1 LUT5=4 LUT6=4)
  Clock Path Skew:        -0.062ns (DCD - SCD + CPR)
    Destination Clock Delay (DCD):    1.493ns = ( 11.493 - 10.000 ) 
    Source Clock Delay      (SCD):    1.670ns
    Clock Pessimism Removal (CPR):    0.115ns
  Clock Uncertainty:      0.035ns  ((TSJ^2 + TIJ^2)^1/2 + DJ) / 2 + PE
    Total System Jitter     (TSJ):    0.071ns
    Total Input Jitter      (TIJ):    0.000ns
    Discrete Jitter          (DJ):    0.000ns
    Phase Error              (PE):    0.000ns

    Location             Delay type                Incr(ns)  Path(ns)    Netlist Resource(s)
  -------------------------------------------------------------------    -------------------
                         (clock sys_clk rise edge)    0.000     0.000 r  <hidden>
                                                      0.000     0.000 r  clk
                         net (fo=595, unset)          1.670     1.670    u_if_stage/clk
    SLICE_X39Y2          FDCE                                         r  u_if_stage/stall_q_reg/C
  -------------------------------------------------------------------    -------------------
    SLICE_X39Y2          FDCE (Prop_fdce_C_Q)         0.456     2.126 r  u_if_stage/stall_q_reg/Q
                         net (fo=79, routed)          1.226     3.352    u_if_stage/stall_q
    SLICE_X40Y4          LUT5 (Prop_lut5_I1_O)        0.124     3.476 r  u_if_stage/mem_store_data[4]_i_11/O
                         net (fo=1, routed)           0.840     4.316    u_if_stage/mem_store_data[4]_i_11_n_0
    SLICE_X35Y3          LUT6 (Prop_lut6_I5_O)        0.124     4.440 r  u_if_stage/mem_store_data[4]_i_4/O
                         net (fo=11, routed)          0.498     4.939    u_if_stage/u_hazard/raw_rs20
    SLICE_X34Y4          LUT5 (Prop_lut5_I4_O)        0.124     5.063 r  u_if_stage/mem_store_data[7]_i_2/O
                         net (fo=44, routed)          0.787     5.850    u_if_stage/mem_store_data[7]_i_2_n_0
    SLICE_X34Y5          LUT4 (Prop_lut4_I1_O)        0.124     5.974 r  u_if_stage/mem_store_data[10]_i_1/O
                         net (fo=7, routed)           0.611     6.585    u_if_stage/rs2_fwd[10]
    SLICE_X39Y6          LUT5 (Prop_lut5_I0_O)        0.124     6.709 r  u_if_stage/imem_addr[0]_INST_0_i_111/O
                         net (fo=1, routed)           0.291     7.000    u_if_stage/imem_addr[0]_INST_0_i_111_n_0
    SLICE_X39Y8          LUT6 (Prop_lut6_I5_O)        0.124     7.124 r  u_if_stage/imem_addr[0]_INST_0_i_76/O
                         net (fo=2, routed)           0.581     7.705    u_if_stage/imem_addr[0]_INST_0_i_76_n_0
    SLICE_X38Y8          CARRY4 (Prop_carry4_DI[1]_CO[3])
                                                      0.520     8.225 r  u_if_stage/imem_addr[0]_INST_0_i_42/CO[3]
                         net (fo=1, routed)           0.000     8.225    u_if_stage/imem_addr[0]_INST_0_i_42_n_0
    SLICE_X38Y9          CARRY4 (Prop_carry4_CI_CO[3])
                                                      0.117     8.342 r  u_if_stage/imem_addr[0]_INST_0_i_18/CO[3]
                         net (fo=1, routed)           0.000     8.342    u_if_stage/imem_addr[0]_INST_0_i_18_n_0
    SLICE_X38Y10         CARRY4 (Prop_carry4_CI_CO[3])
                                                      0.117     8.459 r  u_if_stage/imem_addr[0]_INST_0_i_12/CO[3]
                         net (fo=1, routed)           0.894     9.353    u_if_stage/u_id_ex/data2
    SLICE_X41Y11         LUT6 (Prop_lut6_I5_O)        0.124     9.477 f  u_if_stage/imem_addr[0]_INST_0_i_4/O
                         net (fo=2, routed)           0.161     9.638    u_if_stage/branch_taken
    SLICE_X41Y11         LUT5 (Prop_lut5_I1_O)        0.124     9.762 f  u_if_stage/imem_addr[0]_INST_0_i_1/O
                         net (fo=96, routed)          1.157    10.919    u_pc/redirect
    SLICE_X46Y8          LUT2 (Prop_lut2_I1_O)        0.116    11.035 r  u_pc/pc[3]_i_2/O
                         net (fo=1, routed)           0.623    11.658    u_if_stage/pc_reg[3]
    SLICE_X47Y8          LUT6 (Prop_lut6_I0_O)        0.328    11.986 r  u_if_stage/pc[3]_i_1/O
                         net (fo=1, routed)           0.000    11.986    u_pc/D[2]
    SLICE_X47Y8          FDCE                                         r  u_pc/pc_reg[3]/D
  -------------------------------------------------------------------    -------------------

                         (clock sys_clk rise edge)   10.000    10.000 r  <hidden>
                                                      0.000    10.000 r  clk
                         net (fo=595, unset)          1.493    11.493    u_pc/clk
    SLICE_X47Y8          FDCE                                         r  u_pc/pc_reg[3]/C
                         clock pessimism              0.115    11.608    <hidden>
                         clock uncertainty           -0.035    11.573    <hidden>
    SLICE_X47Y8          FDCE (Setup_fdce_C_D)        0.031    11.604    u_pc/pc_reg[3]
  -------------------------------------------------------------------
                         required time                         11.604    <hidden>
                         arrival time                         -11.986    <hidden>
  -------------------------------------------------------------------
                         slack                                 -0.383    <hidden>





Pulse Width Checks
--------------------------------------------------------------------------------------
Clock Name:         sys_clk
Waveform(ns):       { 0.000 5.000 }
Period(ns):         10.000
Sources:            { clk }

Check Type        Corner  Lib Pin     Reference Pin  Required(ns)  Actual(ns)  Slack(ns)  Location      Pin
Min Period        n/a     FDCE/C      n/a            1.000         10.000      9.000      SLICE_X32Y16  muldiv_pending_reg/C
Low Pulse Width   Slow    RAMD32/CLK  n/a            1.250         5.000       3.750      SLICE_X36Y5   u_regfile/regs_reg_r1_0_31_0_5/RAMA/CLK
High Pulse Width  Slow    RAMD32/CLK  n/a            1.250         5.000       3.750      SLICE_X36Y5   u_regfile/regs_reg_r1_0_31_0_5/RAMA/CLK



