Copyright 1986-2022 Xilinx, Inc. All Rights Reserved. Copyright 2022-2026 Advanced Micro Devices, Inc. All Rights Reserved.
--------------------------------------------------------------------------------------------------------------------------------------------------------------
| Tool Version : Vivado v.2026.1 (win64) Build 6511674 Tue Jun 16 11:02:23 MDT 2026
| Date         : Tue Oct  6 22:16:13 2026
| Host         : Walter-Cooper running 64-bit major release  (build 9200)
| Command      : report_timing_summary -file D:/Desktop/contests/2026fpga/FPGA-Alittle-Design/build/reports/fmax/v1_fwd_10ns/timing_synth.rpt -delay_type max
| Design       : core_top
| Device       : 7z020-clg400
| Speed File   : -1  PRODUCTION 1.12 2019-11-22
| Design State : Synthesized
--------------------------------------------------------------------------------------------------------------------------------------------------------------

Timing Summary Report

------------------------------------------------------------------------------------------------
| Timer Settings
| --------------
------------------------------------------------------------------------------------------------

  Enable Multi Corner Analysis               :  Yes
  Enable Pessimism Removal                   :  Yes
  Pessimism Removal Resolution               :  Nearest Common Node
  Enable Input Delay Default Clock           :  No
  Enable Preset / Clear Arcs                 :  No
  Disable Flight Delays                      :  No
  Ignore I/O Paths                           :  No
  Timing Early Launch at Borrowing Latches   :  No
  Borrow Time for Max Delay Exceptions       :  Yes
  Merge Timing Exceptions                    :  Yes
  Inter-SLR Compensation                     :  Conservative

  Corner  Analyze    Analyze    
  Name    Max Paths  Min Paths  
  ------  ---------  ---------  
  Slow    Yes        Yes        
  Fast    Yes        Yes        


------------------------------------------------------------------------------------------------
| Report Methodology
| ------------------
------------------------------------------------------------------------------------------------

No report available as report_methodology has not been run prior. Run report_methodology on the current design for the summary of methodology violations.



check_timing report

Table of Contents
-----------------
1. checking no_clock (0)
2. checking constant_clock (0)
3. checking pulse_width_clock (0)
4. checking unconstrained_internal_endpoints (0)
5. checking no_input_delay (65)
6. checking no_output_delay (101)
7. checking multiple_clock (0)
8. checking generated_clocks (0)
9. checking loops (0)
10. checking partial_input_delay (0)
11. checking partial_output_delay (0)
12. checking latch_loops (0)

1. checking no_clock (0)
------------------------
 There are 0 register/latch pins with no clock.


2. checking constant_clock (0)
------------------------------
 There are 0 register/latch pins with constant_clock.


3. checking pulse_width_clock (0)
---------------------------------
 There are 0 register/latch pins which need pulse_width check


4. checking unconstrained_internal_endpoints (0)
------------------------------------------------
 There are 0 pins that are not constrained for maximum delay.

 There are 0 pins that are not constrained for maximum delay due to constant clock.


5. checking no_input_delay (65)
-------------------------------
 There are 65 input ports with no input delay specified. (HIGH)

 There are 0 input ports with no input delay but user has a false path constraint.


6. checking no_output_delay (101)
---------------------------------
 There are 101 ports with no output delay specified. (HIGH)

 There are 0 ports with no output delay but user has a false path constraint

 There are 0 ports with no output delay but with a timing clock defined on it or propagating through it


7. checking multiple_clock (0)
------------------------------
 There are 0 register/latch pins with multiple clocks.


8. checking generated_clocks (0)
--------------------------------
 There are 0 generated clocks that are not connected to a clock source.


9. checking loops (0)
---------------------
 There are 0 combinational loops in the design.


10. checking partial_input_delay (0)
------------------------------------
 There are 0 input ports with partial input delay specified.


11. checking partial_output_delay (0)
-------------------------------------
 There are 0 ports with partial output delay specified.


12. checking latch_loops (0)
----------------------------
 There are 0 combinational latch loops in the design through latch input



------------------------------------------------------------------------------------------------
| Design Timing Summary
| ---------------------
------------------------------------------------------------------------------------------------

    WNS(ns)      TNS(ns)  TNS Failing Endpoints  TNS Total Endpoints     WPWS(ns)     TPWS(ns)  TPWS Failing Endpoints  TPWS Total Endpoints  
    -------      -------  ---------------------  -------------------     --------     --------  ----------------------  --------------------  
     -0.419      -25.225                     63                 1500        3.750        0.000                       0                   596  


Timing constraints are not met.


------------------------------------------------------------------------------------------------
| Clock Summary
| -------------
------------------------------------------------------------------------------------------------

Clock    Waveform(ns)       Period(ns)      Frequency(MHz)
-----    ------------       ----------      --------------
sys_clk  {0.000 5.000}      10.000          100.000         


------------------------------------------------------------------------------------------------
| Intra Clock Table
| -----------------
------------------------------------------------------------------------------------------------

Clock             WNS(ns)      TNS(ns)  TNS Failing Endpoints  TNS Total Endpoints     WPWS(ns)     TPWS(ns)  TPWS Failing Endpoints  TPWS Total Endpoints  
-----             -------      -------  ---------------------  -------------------     --------     --------  ----------------------  --------------------  
sys_clk            -0.419      -25.225                     63                 1500        3.750        0.000                       0                   596  


------------------------------------------------------------------------------------------------
| Inter Clock Table
| -----------------
------------------------------------------------------------------------------------------------

From Clock    To Clock          WNS(ns)      TNS(ns)  TNS Failing Endpoints  TNS Total Endpoints  
----------    --------          -------      -------  ---------------------  -------------------  


------------------------------------------------------------------------------------------------
| Other Path Groups Table
| -----------------------
------------------------------------------------------------------------------------------------

Path Group    From Clock    To Clock          WNS(ns)      TNS(ns)  TNS Failing Endpoints  TNS Total Endpoints  
----------    ----------    --------          -------      -------  ---------------------  -------------------  


------------------------------------------------------------------------------------------------
| Timing Details
| --------------
------------------------------------------------------------------------------------------------


---------------------------------------------------------------------------------------------------
From Clock:  sys_clk
  To Clock:  sys_clk

Setup :           63  Failing Endpoints,  Worst Slack       -0.419ns,  Total Violation      -25.225ns
Hold  :           NA  Failing Endpoints,  Worst Slack           NA  ,  Total Violation           NA
PW    :            0  Failing Endpoints,  Worst Slack        3.750ns,  Total Violation        0.000ns
---------------------------------------------------------------------------------------------------


Max Delay Paths
--------------------------------------------------------------------------------------
Slack (VIOLATED) :        -0.419ns  (required time - arrival time)
  Source:                 u_if_stage/flush_q_reg/C
                            (rising edge-triggered cell FDPE clocked by sys_clk  {rise@0.000ns fall@5.000ns period=10.000ns})
  Destination:            u_if_stage/pc_id_r_reg[24]/D
                            (rising edge-triggered cell FDCE clocked by sys_clk  {rise@0.000ns fall@5.000ns period=10.000ns})
  Path Group:             sys_clk
  Path Type:              Setup (Max at Slow Process Corner)
  Requirement:            10.000ns  (sys_clk rise@10.000ns - sys_clk rise@0.000ns)
  Data Path Delay:        10.286ns  (logic 2.984ns (29.010%)  route 7.302ns (70.990%))
  Logic Levels:           13  (CARRY4=2 LUT3=1 LUT4=2 LUT5=4 LUT6=4)
  Clock Path Skew:        -0.049ns (DCD - SCD + CPR)
    Destination Clock Delay (DCD):    0.924ns = ( 10.924 - 10.000 ) 
    Source Clock Delay      (SCD):    0.973ns
    Clock Pessimism Removal (CPR):    0.000ns
  Clock Uncertainty:      0.035ns  ((TSJ^2 + TIJ^2)^1/2 + DJ) / 2 + PE
    Total System Jitter     (TSJ):    0.071ns
    Total Input Jitter      (TIJ):    0.000ns
    Discrete Jitter          (DJ):    0.000ns
    Phase Error              (PE):    0.000ns

    Location             Delay type                Incr(ns)  Path(ns)    Netlist Resource(s)
  -------------------------------------------------------------------    -------------------
                         (clock sys_clk rise edge)    0.000     0.000 r  <hidden>
                                                      0.000     0.000 r  clk
                         net (fo=595, unset)          0.973     0.973    u_if_stage/clk
                         FDPE                                         r  u_if_stage/flush_q_reg/C
  -------------------------------------------------------------------    -------------------
                         FDPE (Prop_fdpe_C_Q)         0.362     1.335 f  u_if_stage/flush_q_reg/Q
                         net (fo=111, unplaced)       0.768     2.103    u_if_stage/flush_q
                         LUT4 (Prop_lut4_I0_O)        0.317     2.420 f  u_if_stage/mem_reg_write_i_2/O
                         net (fo=17, unplaced)        1.167     3.587    u_if_stage/instr[4]
                         LUT5 (Prop_lut5_I0_O)        0.150     3.737 r  u_if_stage/mem_store_data[4]_i_2/O
                         net (fo=11, unplaced)        0.948     4.685    u_if_stage/uses_rs2
                         LUT5 (Prop_lut5_I1_O)        0.124     4.809 r  u_if_stage/mem_store_data[7]_i_2/O
                         net (fo=44, unplaced)        0.498     5.307    u_if_stage/mem_store_data[7]_i_2_n_0
                         LUT4 (Prop_lut4_I1_O)        0.124     5.431 r  u_if_stage/mem_store_data[16]_i_1/O
                         net (fo=7, unplaced)         0.484     5.915    u_if_stage/rs2_fwd[16]
                         LUT5 (Prop_lut5_I4_O)        0.116     6.031 r  u_if_stage/imem_addr[0]_INST_0_i_87/O
                         net (fo=3, unplaced)         0.467     6.498    u_if_stage/imem_addr[0]_INST_0_i_87_n_0
                         LUT6 (Prop_lut6_I5_O)        0.124     6.622 r  u_if_stage/imem_addr[0]_INST_0_i_64/O
                         net (fo=1, unplaced)         0.449     7.071    u_if_stage/imem_addr[0]_INST_0_i_64_n_0
                         LUT6 (Prop_lut6_I0_O)        0.124     7.195 r  u_if_stage/imem_addr[0]_INST_0_i_30/O
                         net (fo=1, unplaced)         0.000     7.195    u_if_stage/imem_addr[0]_INST_0_i_30_n_0
                         CARRY4 (Prop_carry4_S[1]_CO[3])
                                                      0.533     7.728 r  u_if_stage/imem_addr[0]_INST_0_i_13/CO[3]
                         net (fo=1, unplaced)         0.000     7.728    u_if_stage/imem_addr[0]_INST_0_i_13_n_0
                         CARRY4 (Prop_carry4_CI_O[3])
                                                      0.331     8.059 r  u_if_stage/imem_addr[0]_INST_0_i_10/O[3]
                         net (fo=1, unplaced)         0.600     8.659    u_if_stage/imem_addr[0]_INST_0_i_10_n_4
                         LUT6 (Prop_lut6_I3_O)        0.307     8.966 r  u_if_stage/imem_addr[0]_INST_0_i_4/O
                         net (fo=2, unplaced)         0.460     9.426    u_if_stage/branch_taken
                         LUT5 (Prop_lut5_I1_O)        0.124     9.550 r  u_if_stage/imem_addr[0]_INST_0_i_1/O
                         net (fo=96, unplaced)        0.548    10.098    u_if_stage/redirect
                         LUT3 (Prop_lut3_I1_O)        0.124    10.222 r  u_if_stage/imem_addr[24]_INST_0_i_2/O
                         net (fo=2, unplaced)         0.913    11.135    u_if_stage/imem_addr[24]_INST_0_i_2_n_0
                         LUT6 (Prop_lut6_I1_O)        0.124    11.259 r  u_if_stage/imem_addr[24]_INST_0/O
                         net (fo=1, unplaced)         0.000    11.259    u_if_stage/imem_addr[24]
                         FDCE                                         r  u_if_stage/pc_id_r_reg[24]/D
  -------------------------------------------------------------------    -------------------

                         (clock sys_clk rise edge)   10.000    10.000 r  <hidden>
                                                      0.000    10.000 r  clk
                         net (fo=595, unset)          0.924    10.924    u_if_stage/clk
                         FDCE                                         r  u_if_stage/pc_id_r_reg[24]/C
                         clock pessimism              0.000    10.924    <hidden>
                         clock uncertainty           -0.035    10.889    <hidden>
                         FDCE (Setup_fdce_C_D)       -0.049    10.840    u_if_stage/pc_id_r_reg[24]
  -------------------------------------------------------------------
                         required time                         10.840    <hidden>
                         arrival time                         -11.259    <hidden>
  -------------------------------------------------------------------
                         slack                                 -0.419    <hidden>





Pulse Width Checks
--------------------------------------------------------------------------------------
Clock Name:         sys_clk
Waveform(ns):       { 0.000 5.000 }
Period(ns):         10.000
Sources:            { clk }

Check Type        Corner  Lib Pin     Reference Pin  Required(ns)  Actual(ns)  Slack(ns)  Location  Pin
Min Period        n/a     FDCE/C      n/a            1.000         10.000      9.000                muldiv_pending_reg/C
Low Pulse Width   Slow    RAMD32/CLK  n/a            1.250         5.000       3.750                u_regfile/regs_reg_r1_0_31_0_5/RAMA/CLK
High Pulse Width  Slow    RAMD32/CLK  n/a            1.250         5.000       3.750                u_regfile/regs_reg_r1_0_31_0_5/RAMA/CLK



