Copyright 1986-2022 Xilinx, Inc. All Rights Reserved. Copyright 2022-2026 Advanced Micro Devices, Inc. All Rights Reserved.
-----------------------------------------------------------------------------------------------------------------------------------------------------
| Tool Version : Vivado v.2026.1 (win64) Build 6511674 Tue Jun 16 11:02:23 MDT 2026
| Date         : Wed Oct  7 16:47:50 2026
| Host         : never-die-cold running 64-bit major release  (build 9200)
| Command      : report_timing_summary -file E:/Projects/FPGA-Alittle-Design/build/reports/fmax/v1_bht1_10ns_postopt/timing_impl.rpt -delay_type max
| Design       : core_top
| Device       : 7z020-clg400
| Speed File   : -1  PRODUCTION 1.12 2019-11-22
| Design State : Routed
-----------------------------------------------------------------------------------------------------------------------------------------------------

Timing Summary Report

------------------------------------------------------------------------------------------------
| Timer Settings
| --------------
------------------------------------------------------------------------------------------------

  Enable Multi Corner Analysis               :  Yes
  Enable Pessimism Removal                   :  Yes
  Pessimism Removal Resolution               :  Nearest Common Node
  Enable Input Delay Default Clock           :  No
  Enable Preset / Clear Arcs                 :  No
  Disable Flight Delays                      :  No
  Ignore I/O Paths                           :  No
  Timing Early Launch at Borrowing Latches   :  No
  Borrow Time for Max Delay Exceptions       :  Yes
  Merge Timing Exceptions                    :  Yes
  Inter-SLR Compensation                     :  Conservative

  Corner  Analyze    Analyze    
  Name    Max Paths  Min Paths  
  ------  ---------  ---------  
  Slow    Yes        Yes        
  Fast    Yes        Yes        


------------------------------------------------------------------------------------------------
| Report Methodology
| ------------------
------------------------------------------------------------------------------------------------

No report available as report_methodology has not been run prior. Run report_methodology on the current design for the summary of methodology violations.



check_timing report

Table of Contents
-----------------
1. checking no_clock (0)
2. checking constant_clock (0)
3. checking pulse_width_clock (0)
4. checking unconstrained_internal_endpoints (0)
5. checking no_input_delay (65)
6. checking no_output_delay (101)
7. checking multiple_clock (0)
8. checking generated_clocks (0)
9. checking loops (0)
10. checking partial_input_delay (0)
11. checking partial_output_delay (0)
12. checking latch_loops (0)

1. checking no_clock (0)
------------------------
 There are 0 register/latch pins with no clock.


2. checking constant_clock (0)
------------------------------
 There are 0 register/latch pins with constant_clock.


3. checking pulse_width_clock (0)
---------------------------------
 There are 0 register/latch pins which need pulse_width check


4. checking unconstrained_internal_endpoints (0)
------------------------------------------------
 There are 0 pins that are not constrained for maximum delay.

 There are 0 pins that are not constrained for maximum delay due to constant clock.


5. checking no_input_delay (65)
-------------------------------
 There are 65 input ports with no input delay specified. (HIGH)

 There are 0 input ports with no input delay but user has a false path constraint.


6. checking no_output_delay (101)
---------------------------------
 There are 101 ports with no output delay specified. (HIGH)

 There are 0 ports with no output delay but user has a false path constraint

 There are 0 ports with no output delay but with a timing clock defined on it or propagating through it


7. checking multiple_clock (0)
------------------------------
 There are 0 register/latch pins with multiple clocks.


8. checking generated_clocks (0)
--------------------------------
 There are 0 generated clocks that are not connected to a clock source.


9. checking loops (0)
---------------------
 There are 0 combinational loops in the design.


10. checking partial_input_delay (0)
------------------------------------
 There are 0 input ports with partial input delay specified.


11. checking partial_output_delay (0)
-------------------------------------
 There are 0 ports with partial output delay specified.


12. checking latch_loops (0)
----------------------------
 There are 0 combinational latch loops in the design through latch input



------------------------------------------------------------------------------------------------
| Design Timing Summary
| ---------------------
------------------------------------------------------------------------------------------------

    WNS(ns)      TNS(ns)  TNS Failing Endpoints  TNS Total Endpoints     WPWS(ns)     TPWS(ns)  TPWS Failing Endpoints  TPWS Total Endpoints  
    -------      -------  ---------------------  -------------------     --------     --------  ----------------------  --------------------  
     -0.419      -12.201                     61                 1538        3.750        0.000                       0                   661  


Timing constraints are not met.


------------------------------------------------------------------------------------------------
| Clock Summary
| -------------
------------------------------------------------------------------------------------------------

Clock    Waveform(ns)       Period(ns)      Frequency(MHz)
-----    ------------       ----------      --------------
sys_clk  {0.000 5.000}      10.000          100.000         


------------------------------------------------------------------------------------------------
| Intra Clock Table
| -----------------
------------------------------------------------------------------------------------------------

Clock             WNS(ns)      TNS(ns)  TNS Failing Endpoints  TNS Total Endpoints     WPWS(ns)     TPWS(ns)  TPWS Failing Endpoints  TPWS Total Endpoints  
-----             -------      -------  ---------------------  -------------------     --------     --------  ----------------------  --------------------  
sys_clk            -0.419      -12.201                     61                 1538        3.750        0.000                       0                   661  


------------------------------------------------------------------------------------------------
| Inter Clock Table
| -----------------
------------------------------------------------------------------------------------------------

From Clock    To Clock          WNS(ns)      TNS(ns)  TNS Failing Endpoints  TNS Total Endpoints  
----------    --------          -------      -------  ---------------------  -------------------  


------------------------------------------------------------------------------------------------
| Other Path Groups Table
| -----------------------
------------------------------------------------------------------------------------------------

Path Group    From Clock    To Clock          WNS(ns)      TNS(ns)  TNS Failing Endpoints  TNS Total Endpoints  
----------    ----------    --------          -------      -------  ---------------------  -------------------  


------------------------------------------------------------------------------------------------
| Timing Details
| --------------
------------------------------------------------------------------------------------------------


---------------------------------------------------------------------------------------------------
From Clock:  sys_clk
  To Clock:  sys_clk

Setup :           61  Failing Endpoints,  Worst Slack       -0.419ns,  Total Violation      -12.201ns
Hold  :           NA  Failing Endpoints,  Worst Slack           NA  ,  Total Violation           NA
PW    :            0  Failing Endpoints,  Worst Slack        3.750ns,  Total Violation        0.000ns
---------------------------------------------------------------------------------------------------


Max Delay Paths
--------------------------------------------------------------------------------------
Slack (VIOLATED) :        -0.419ns  (required time - arrival time)
  Source:                 u_if_stage/stall_q_reg/C
                            (rising edge-triggered cell FDCE clocked by sys_clk  {rise@0.000ns fall@5.000ns period=10.000ns})
  Destination:            u_pc/pc_reg[22]/D
                            (rising edge-triggered cell FDCE clocked by sys_clk  {rise@0.000ns fall@5.000ns period=10.000ns})
  Path Group:             sys_clk
  Path Type:              Setup (Max at Slow Process Corner)
  Requirement:            10.000ns  (sys_clk rise@10.000ns - sys_clk rise@0.000ns)
  Data Path Delay:        10.431ns  (logic 3.219ns (30.859%)  route 7.212ns (69.140%))
  Logic Levels:           16  (CARRY4=6 LUT2=2 LUT3=2 LUT6=5 RAMD32=1)
  Clock Path Skew:        0.017ns (DCD - SCD + CPR)
    Destination Clock Delay (DCD):    1.567ns = ( 11.567 - 10.000 ) 
    Source Clock Delay      (SCD):    1.665ns
    Clock Pessimism Removal (CPR):    0.115ns
  Clock Uncertainty:      0.035ns  ((TSJ^2 + TIJ^2)^1/2 + DJ) / 2 + PE
    Total System Jitter     (TSJ):    0.071ns
    Total Input Jitter      (TIJ):    0.000ns
    Discrete Jitter          (DJ):    0.000ns
    Phase Error              (PE):    0.000ns

    Location             Delay type                Incr(ns)  Path(ns)    Netlist Resource(s)
  -------------------------------------------------------------------    -------------------
                         (clock sys_clk rise edge)    0.000     0.000 r  <hidden>
                                                      0.000     0.000 r  clk
                         net (fo=660, unset)          1.665     1.665    u_if_stage/clk
    SLICE_X45Y11         FDCE                                         r  u_if_stage/stall_q_reg/C
  -------------------------------------------------------------------    -------------------
    SLICE_X45Y11         FDCE (Prop_fdce_C_Q)         0.456     2.121 r  u_if_stage/stall_q_reg/Q
                         net (fo=156, routed)         0.624     2.745    u_if_stage/stall_q
    SLICE_X44Y9          LUT3 (Prop_lut3_I2_O)        0.124     2.869 r  u_if_stage/regs_reg_r2_0_31_0_5_i_4/O
                         net (fo=45, routed)          1.056     3.925    u_regfile/regs_reg_r2_0_31_0_5/ADDRB1
    SLICE_X42Y9          RAMD32 (Prop_ramd32_RADR1_O)
                                                      0.152     4.077 r  u_regfile/regs_reg_r2_0_31_0_5/RAMB/O
                         net (fo=2, routed)           0.325     4.402    u_regfile/rdata20[2]
    SLICE_X41Y10         LUT6 (Prop_lut6_I0_O)        0.348     4.750 r  u_regfile/mem_store_data[2]_i_2/O
                         net (fo=2, routed)           0.807     5.557    u_if_stage/rdata2[1]
    SLICE_X41Y9          LUT6 (Prop_lut6_I0_O)        0.124     5.681 r  u_if_stage/multiplier[2]_i_2/O
                         net (fo=9, routed)           0.802     6.483    u_if_stage/rs2_fwd[2]
    SLICE_X42Y6          LUT3 (Prop_lut3_I2_O)        0.124     6.607 r  u_if_stage/lt_carry_i_13/O
                         net (fo=86, routed)          0.769     7.375    u_if_stage/lt_carry_i_13_n_0
    SLICE_X37Y6          LUT2 (Prop_lut2_I1_O)        0.124     7.499 r  u_if_stage/y0_carry_i_6/O
                         net (fo=1, routed)           0.000     7.499    u_id_ex/u_alu/mem_result[0]_i_5[2]
    SLICE_X37Y6          CARRY4 (Prop_carry4_S[2]_CO[3])
                                                      0.398     7.897 r  u_id_ex/u_alu/y0_carry/CO[3]
                         net (fo=1, routed)           0.000     7.897    u_id_ex/u_alu/y0_carry_n_0
    SLICE_X37Y7          CARRY4 (Prop_carry4_CI_CO[3])
                                                      0.114     8.011 r  u_id_ex/u_alu/y0_carry__0/CO[3]
                         net (fo=1, routed)           0.000     8.011    u_id_ex/u_alu/y0_carry__0_n_0
    SLICE_X37Y8          CARRY4 (Prop_carry4_CI_CO[3])
                                                      0.114     8.125 r  u_id_ex/u_alu/y0_carry__1/CO[3]
                         net (fo=1, routed)           0.000     8.125    u_id_ex/u_alu/y0_carry__1_n_0
    SLICE_X37Y9          CARRY4 (Prop_carry4_CI_CO[3])
                                                      0.114     8.239 r  u_id_ex/u_alu/y0_carry__2/CO[3]
                         net (fo=1, routed)           0.000     8.239    u_id_ex/u_alu/y0_carry__2_n_0
    SLICE_X37Y10         CARRY4 (Prop_carry4_CI_CO[3])
                                                      0.114     8.353 r  u_id_ex/u_alu/y0_carry__3/CO[3]
                         net (fo=1, routed)           0.000     8.353    u_id_ex/u_alu/y0_carry__3_n_0
    SLICE_X37Y11         CARRY4 (Prop_carry4_CI_O[2])
                                                      0.239     8.592 r  u_id_ex/u_alu/y0_carry__4/O[2]
                         net (fo=1, routed)           0.928     9.521    u_if_stage/data0[22]
    SLICE_X26Y11         LUT2 (Prop_lut2_I1_O)        0.302     9.823 r  u_if_stage/imem_addr[22]_INST_0_i_12/O
                         net (fo=1, routed)           0.541    10.363    u_if_stage/imem_addr[22]_INST_0_i_12_n_0
    SLICE_X26Y11         LUT6 (Prop_lut6_I1_O)        0.124    10.487 r  u_if_stage/imem_addr[22]_INST_0_i_7/O
                         net (fo=3, routed)           0.643    11.130    u_if_stage/imem_addr[22]_INST_0_i_7_n_0
    SLICE_X27Y11         LUT6 (Prop_lut6_I2_O)        0.124    11.254 r  u_if_stage/pc[22]_i_4/O
                         net (fo=1, routed)           0.718    11.972    u_if_stage/pc[22]_i_4_n_0
    SLICE_X29Y12         LUT6 (Prop_lut6_I3_O)        0.124    12.096 r  u_if_stage/pc[22]_i_1/O
                         net (fo=1, routed)           0.000    12.096    u_pc/pc_reg[31]_2[22]
    SLICE_X29Y12         FDCE                                         r  u_pc/pc_reg[22]/D
  -------------------------------------------------------------------    -------------------

                         (clock sys_clk rise edge)   10.000    10.000 r  <hidden>
                                                      0.000    10.000 r  clk
                         net (fo=660, unset)          1.567    11.567    u_pc/clk
    SLICE_X29Y12         FDCE                                         r  u_pc/pc_reg[22]/C
                         clock pessimism              0.115    11.682    <hidden>
                         clock uncertainty           -0.035    11.647    <hidden>
    SLICE_X29Y12         FDCE (Setup_fdce_C_D)        0.031    11.678    u_pc/pc_reg[22]
  -------------------------------------------------------------------
                         required time                         11.678    <hidden>
                         arrival time                         -12.096    <hidden>
  -------------------------------------------------------------------
                         slack                                 -0.419    <hidden>





Pulse Width Checks
--------------------------------------------------------------------------------------
Clock Name:         sys_clk
Waveform(ns):       { 0.000 5.000 }
Period(ns):         10.000
Sources:            { clk }

Check Type        Corner  Lib Pin     Reference Pin  Required(ns)  Actual(ns)  Slack(ns)  Location     Pin
Min Period        n/a     FDCE/C      n/a            1.000         10.000      9.000      SLICE_X49Y6  muldiv_pending_reg/C
Low Pulse Width   Slow    RAMD32/CLK  n/a            1.250         5.000       3.750      SLICE_X46Y9  u_regfile/regs_reg_r1_0_31_0_5/RAMA/CLK
High Pulse Width  Slow    RAMD32/CLK  n/a            1.250         5.000       3.750      SLICE_X46Y9  u_regfile/regs_reg_r1_0_31_0_5/RAMA/CLK



